[11:17:24 WRN] Using an in-memory repository. Keys will not be persisted to storage.
[11:17:24 WRN] Neither user profile nor HKLM registry available. Using an ephemeral key repository. Protected data will be unavailable when application exits.
[11:17:24 WRN] No XML encryptor configured. Key {661e460a-96e9-4b25-92d2-eba3026bdf36} may be persisted to storage in unencrypted form.
[11:17:24 INF] Application started. Press Ctrl+C to shut down.
[11:17:24 INF] Hosting environment: Production
[11:17:24 INF] Content root path: D:\Systems\BiktalSystems\publish
[11:17:24 INF] HTTP GET /Finance responded 200 in 324.4429 ms
[11:17:24 INF] HTTP GET /lib/bootstrap/dist/js/bootstrap.bundle.min.js responded 200 in 23.6157 ms
[11:17:24 INF] HTTP GET /lib/bootstrap/dist/css/bootstrap.min.css responded 200 in 44.4724 ms
[11:17:24 INF] HTTP GET /css/site.css responded 200 in 25.9062 ms
[11:17:24 INF] HTTP GET /lib/jquery/dist/jquery.min.js responded 200 in 34.9243 ms
[11:17:24 INF] HTTP GET /Biktal.WebMVC.styles.css responded 200 in 35.2233 ms
[11:17:24 INF] HTTP GET /js/site.js responded 200 in 9.6317 ms
[11:19:49 ERR] An exception was thrown while deserializing the token.
Microsoft.AspNetCore.Antiforgery.AntiforgeryValidationException: The antiforgery token could not be decrypted.
 ---> System.Security.Cryptography.CryptographicException: The key {781d61a6-9ad4-4405-ae57-a584cfb2b366} was not found in the key ring. For more information go to https://aka.ms/aspnet/dataprotectionwarning
   at Microsoft.AspNetCore.DataProtection.KeyManagement.KeyRingBasedDataProtector.UnprotectCore(Byte[] protectedData, Boolean allowOperationsOnRevokedKeys, UnprotectStatus& status)
   at Microsoft.AspNetCore.DataProtection.KeyManagement.KeyRingBasedDataProtector.Unprotect(Byte[] protectedData)
   at Microsoft.AspNetCore.Antiforgery.DefaultAntiforgeryTokenSerializer.Deserialize(String serializedToken)
   --- End of inner exception stack trace ---
   at Microsoft.AspNetCore.Antiforgery.DefaultAntiforgeryTokenSerializer.Deserialize(String serializedToken)
   at Microsoft.AspNetCore.Antiforgery.DefaultAntiforgery.GetCookieTokenDoesNotThrow(HttpContext httpContext)
[11:19:49 INF] HTTP GET /Finance/Cashbox responded 200 in 522.7471 ms
[11:19:49 INF] HTTP GET /css/site.css responded 200 in 3.8412 ms
[11:19:49 INF] HTTP GET /js/site.js responded 200 in 20.6482 ms
[11:19:49 INF] HTTP GET /lib/jquery-validation/dist/jquery.validate.min.js responded 200 in 1.3489 ms
[11:19:49 INF] HTTP GET /lib/jquery-validation-unobtrusive/dist/jquery.validate.unobtrusive.min.js responded 200 in 1.0900 ms
[11:19:49 INF] HTTP GET /lib/bootstrap/dist/css/bootstrap.min.css responded 200 in 1.8375 ms
[11:19:49 INF] HTTP GET /Biktal.WebMVC.styles.css responded 200 in 17.4890 ms
[11:19:49 INF] HTTP GET /lib/jquery/dist/jquery.min.js responded 200 in 44.1762 ms
[11:19:49 INF] HTTP GET /lib/bootstrap/dist/js/bootstrap.bundle.min.js responded 200 in 161.6940 ms
[11:20:07 INF] HTTP POST /Finance/CloseCashboxSession responded 302 in 278.1068 ms
[11:20:07 INF] HTTP GET /Finance/Cashbox responded 200 in 29.7060 ms
[11:20:07 INF] HTTP GET /lib/bootstrap/dist/css/bootstrap.min.css responded 200 in 3.1187 ms
[11:20:07 INF] HTTP GET /Biktal.WebMVC.styles.css responded 200 in 1.0549 ms
[11:20:07 INF] HTTP GET /css/site.css responded 200 in 1.9912 ms
[11:20:07 INF] HTTP GET /lib/jquery/dist/jquery.min.js responded 304 in 1.7577 ms
[11:20:07 INF] HTTP GET /lib/bootstrap/dist/js/bootstrap.bundle.min.js responded 304 in 0.4347 ms
[11:20:07 INF] HTTP GET /js/site.js responded 304 in 0.4471 ms
[11:20:07 INF] HTTP GET /lib/jquery-validation-unobtrusive/dist/jquery.validate.unobtrusive.min.js responded 304 in 13.9347 ms
[11:20:07 INF] HTTP GET /lib/jquery-validation/dist/jquery.validate.min.js responded 304 in 24.6830 ms
[11:20:16 INF] HTTP POST /Finance/OpenCashboxSession responded 302 in 71.5125 ms
[11:20:16 INF] HTTP GET /Finance/Cashbox responded 200 in 95.0875 ms
[11:20:16 INF] HTTP GET /lib/bootstrap/dist/css/bootstrap.min.css responded 200 in 1.4112 ms
[11:20:16 INF] HTTP GET /css/site.css responded 200 in 1.2431 ms
[11:20:16 INF] HTTP GET /Biktal.WebMVC.styles.css responded 200 in 1.1240 ms
[11:20:16 INF] HTTP GET /lib/jquery/dist/jquery.min.js responded 304 in 0.3073 ms
[11:20:16 INF] HTTP GET /lib/jquery-validation/dist/jquery.validate.min.js responded 304 in 0.2579 ms
[11:20:16 INF] HTTP GET /lib/jquery-validation-unobtrusive/dist/jquery.validate.unobtrusive.min.js responded 304 in 0.2631 ms
[11:20:16 INF] HTTP GET /js/site.js responded 304 in 1.3053 ms
[11:20:16 INF] HTTP GET /lib/bootstrap/dist/js/bootstrap.bundle.min.js responded 304 in 1.1276 ms
[11:24:57 INF] HTTP GET /Insights responded 302 in 7.8569 ms
[11:24:58 INF] HTTP GET /Insights/Daily responded 200 in 265.8202 ms
[11:24:58 INF] HTTP GET /css/site.css responded 200 in 0.8827 ms
[11:24:58 INF] HTTP GET /Biktal.WebMVC.styles.css responded 200 in 0.8893 ms
[11:24:58 INF] HTTP GET /lib/jquery/dist/jquery.min.js responded 200 in 3.4562 ms
[11:24:58 INF] HTTP GET /lib/bootstrap/dist/css/bootstrap.min.css responded 200 in 6.6622 ms
[11:24:58 INF] HTTP GET /js/site.js responded 200 in 0.6496 ms
[11:24:58 INF] HTTP GET /lib/bootstrap/dist/js/bootstrap.bundle.min.js responded 200 in 0.6921 ms
[11:25:01 INF] HTTP GET /Insights/Monthly responded 200 in 49.6057 ms
[11:25:01 INF] HTTP GET /lib/bootstrap/dist/css/bootstrap.min.css responded 200 in 2.0670 ms
[11:25:01 INF] HTTP GET /Biktal.WebMVC.styles.css responded 200 in 1.2070 ms
[11:25:01 INF] HTTP GET /css/site.css responded 200 in 0.6068 ms
[11:25:01 INF] HTTP GET /lib/bootstrap/dist/js/bootstrap.bundle.min.js responded 304 in 0.1405 ms
[11:25:01 INF] HTTP GET /lib/jquery/dist/jquery.min.js responded 304 in 0.2202 ms
[11:25:01 INF] HTTP GET /js/site.js responded 304 in 0.0954 ms
[11:45:57 INF] Application is shutting down...
