[12:31:28 ERR] Failed executing DbCommand (6ms) [Parameters=[@p0='?' (DbType = Guid), @p1='?' (DbType = DateTime), @p2='?' (DbType = Guid), @p3='?', @p4='?' (DbType = DateTime), @p5='?' (DbType = Int32), @p6='?' (DbType = Int32), @p7='?', @p8='?', @p9='?' (DbType = Guid), @p10='?' (DbType = DateTime), @p11='?' (DbType = Guid), @p12='?', @p13='?' (DbType = DateTime), @p14='?' (DbType = Int32), @p15='?' (DbType = Int32), @p16='?', @p17='?'], CommandType='Text', CommandTimeout='30']
INSERT INTO "CrmSupportTickets" ("Id", "CreatedAtUtc", "CustomerId", "Description", "ModifiedAtUtc", "Priority", "Status", "Subject", "TicketNumber")
VALUES (@p0, @p1, @p2, @p3, @p4, @p5, @p6, @p7, @p8);
INSERT INTO "CrmSupportTickets" ("Id", "CreatedAtUtc", "CustomerId", "Description", "ModifiedAtUtc", "Priority", "Status", "Subject", "TicketNumber")
VALUES (@p9, @p10, @p11, @p12, @p13, @p14, @p15, @p16, @p17);
[12:31:28 ERR] An exception occurred in the database while saving changes for context type 'Biktal.Infrastructure.Persistence.ApplicationDbContext'.
Microsoft.EntityFrameworkCore.DbUpdateException: An error occurred while saving the entity changes. See the inner exception for details.
 ---> Npgsql.PostgresException (0x80004005): 23503: insert or update on table "CrmSupportTickets" violates foreign key constraint "FK_CrmSupportTickets_CrmCustomers_CustomerId"

DETAIL: Detail redacted as it may contain sensitive data. Specify 'Include Error Detail' in the connection string to include this information.
   at Npgsql.Internal.NpgsqlConnector.ReadMessageLong(Boolean async, DataRowLoadingMode dataRowLoadingMode, Boolean readingNotifications, Boolean isReadingPrependedMessage)
   at System.Runtime.CompilerServices.PoolingAsyncValueTaskMethodBuilder`1.StateMachineBox`1.System.Threading.Tasks.Sources.IValueTaskSource<TResult>.GetResult(Int16 token)
   at Npgsql.NpgsqlDataReader.NextResult(Boolean async, Boolean isConsuming, CancellationToken cancellationToken)
   at Npgsql.NpgsqlDataReader.NextResult(Boolean async, Boolean isConsuming, CancellationToken cancellationToken)
   at Npgsql.NpgsqlCommand.ExecuteReader(Boolean async, CommandBehavior behavior, CancellationToken cancellationToken)
   at Npgsql.NpgsqlCommand.ExecuteReader(Boolean async, CommandBehavior behavior, CancellationToken cancellationToken)
   at Npgsql.NpgsqlCommand.ExecuteDbDataReaderAsync(CommandBehavior behavior, CancellationToken cancellationToken)
   at Microsoft.EntityFrameworkCore.Storage.RelationalCommand.ExecuteReaderAsync(RelationalCommandParameterObject parameterObject, CancellationToken cancellationToken)
   at Microsoft.EntityFrameworkCore.Storage.RelationalCommand.ExecuteReaderAsync(RelationalCommandParameterObject parameterObject, CancellationToken cancellationToken)
   at Microsoft.EntityFrameworkCore.Update.ReaderModificationCommandBatch.ExecuteAsync(IRelationalConnection connection, CancellationToken cancellationToken)
  Exception data:
    Severity: ERROR
    SqlState: 23503
    MessageText: insert or update on table "CrmSupportTickets" violates foreign key constraint "FK_CrmSupportTickets_CrmCustomers_CustomerId"
    Detail: Detail redacted as it may contain sensitive data. Specify 'Include Error Detail' in the connection string to include this information.
    SchemaName: public
    TableName: CrmSupportTickets
    ConstraintName: FK_CrmSupportTickets_CrmCustomers_CustomerId
    File: ri_triggers.c
    Line: 2783
    Routine: ri_ReportViolation
   --- End of inner exception stack trace ---
   at Microsoft.EntityFrameworkCore.Update.ReaderModificationCommandBatch.ExecuteAsync(IRelationalConnection connection, CancellationToken cancellationToken)
   at Microsoft.EntityFrameworkCore.Update.Internal.BatchExecutor.ExecuteAsync(IEnumerable`1 commandBatches, IRelationalConnection connection, CancellationToken cancellationToken)
   at Microsoft.EntityFrameworkCore.Update.Internal.BatchExecutor.ExecuteAsync(IEnumerable`1 commandBatches, IRelationalConnection connection, CancellationToken cancellationToken)
   at Microsoft.EntityFrameworkCore.Update.Internal.BatchExecutor.ExecuteAsync(IEnumerable`1 commandBatches, IRelationalConnection connection, CancellationToken cancellationToken)
   at Microsoft.EntityFrameworkCore.Storage.RelationalDatabase.SaveChangesAsync(IList`1 entries, CancellationToken cancellationToken)
   at Microsoft.EntityFrameworkCore.ChangeTracking.Internal.StateManager.SaveChangesAsync(IList`1 entriesToSave, CancellationToken cancellationToken)
   at Microsoft.EntityFrameworkCore.ChangeTracking.Internal.StateManager.SaveChangesAsync(StateManager stateManager, Boolean acceptAllChangesOnSuccess, CancellationToken cancellationToken)
   at Npgsql.EntityFrameworkCore.PostgreSQL.Storage.Internal.NpgsqlExecutionStrategy.ExecuteAsync[TState,TResult](TState state, Func`4 operation, Func`4 verifySucceeded, CancellationToken cancellationToken)
   at Microsoft.EntityFrameworkCore.DbContext.SaveChangesAsync(Boolean acceptAllChangesOnSuccess, CancellationToken cancellationToken)
Microsoft.EntityFrameworkCore.DbUpdateException: An error occurred while saving the entity changes. See the inner exception for details.
 ---> Npgsql.PostgresException (0x80004005): 23503: insert or update on table "CrmSupportTickets" violates foreign key constraint "FK_CrmSupportTickets_CrmCustomers_CustomerId"

DETAIL: Detail redacted as it may contain sensitive data. Specify 'Include Error Detail' in the connection string to include this information.
   at Npgsql.Internal.NpgsqlConnector.ReadMessageLong(Boolean async, DataRowLoadingMode dataRowLoadingMode, Boolean readingNotifications, Boolean isReadingPrependedMessage)
   at System.Runtime.CompilerServices.PoolingAsyncValueTaskMethodBuilder`1.StateMachineBox`1.System.Threading.Tasks.Sources.IValueTaskSource<TResult>.GetResult(Int16 token)
   at Npgsql.NpgsqlDataReader.NextResult(Boolean async, Boolean isConsuming, CancellationToken cancellationToken)
   at Npgsql.NpgsqlDataReader.NextResult(Boolean async, Boolean isConsuming, CancellationToken cancellationToken)
   at Npgsql.NpgsqlCommand.ExecuteReader(Boolean async, CommandBehavior behavior, CancellationToken cancellationToken)
   at Npgsql.NpgsqlCommand.ExecuteReader(Boolean async, CommandBehavior behavior, CancellationToken cancellationToken)
   at Npgsql.NpgsqlCommand.ExecuteDbDataReaderAsync(CommandBehavior behavior, CancellationToken cancellationToken)
   at Microsoft.EntityFrameworkCore.Storage.RelationalCommand.ExecuteReaderAsync(RelationalCommandParameterObject parameterObject, CancellationToken cancellationToken)
   at Microsoft.EntityFrameworkCore.Storage.RelationalCommand.ExecuteReaderAsync(RelationalCommandParameterObject parameterObject, CancellationToken cancellationToken)
   at Microsoft.EntityFrameworkCore.Update.ReaderModificationCommandBatch.ExecuteAsync(IRelationalConnection connection, CancellationToken cancellationToken)
  Exception data:
    Severity: ERROR
    SqlState: 23503
    MessageText: insert or update on table "CrmSupportTickets" violates foreign key constraint "FK_CrmSupportTickets_CrmCustomers_CustomerId"
    Detail: Detail redacted as it may contain sensitive data. Specify 'Include Error Detail' in the connection string to include this information.
    SchemaName: public
    TableName: CrmSupportTickets
    ConstraintName: FK_CrmSupportTickets_CrmCustomers_CustomerId
    File: ri_triggers.c
    Line: 2783
    Routine: ri_ReportViolation
   --- End of inner exception stack trace ---
   at Microsoft.EntityFrameworkCore.Update.ReaderModificationCommandBatch.ExecuteAsync(IRelationalConnection connection, CancellationToken cancellationToken)
   at Microsoft.EntityFrameworkCore.Update.Internal.BatchExecutor.ExecuteAsync(IEnumerable`1 commandBatches, IRelationalConnection connection, CancellationToken cancellationToken)
   at Microsoft.EntityFrameworkCore.Update.Internal.BatchExecutor.ExecuteAsync(IEnumerable`1 commandBatches, IRelationalConnection connection, CancellationToken cancellationToken)
   at Microsoft.EntityFrameworkCore.Update.Internal.BatchExecutor.ExecuteAsync(IEnumerable`1 commandBatches, IRelationalConnection connection, CancellationToken cancellationToken)
   at Microsoft.EntityFrameworkCore.Storage.RelationalDatabase.SaveChangesAsync(IList`1 entries, CancellationToken cancellationToken)
   at Microsoft.EntityFrameworkCore.ChangeTracking.Internal.StateManager.SaveChangesAsync(IList`1 entriesToSave, CancellationToken cancellationToken)
   at Microsoft.EntityFrameworkCore.ChangeTracking.Internal.StateManager.SaveChangesAsync(StateManager stateManager, Boolean acceptAllChangesOnSuccess, CancellationToken cancellationToken)
   at Npgsql.EntityFrameworkCore.PostgreSQL.Storage.Internal.NpgsqlExecutionStrategy.ExecuteAsync[TState,TResult](TState state, Func`4 operation, Func`4 verifySucceeded, CancellationToken cancellationToken)
   at Microsoft.EntityFrameworkCore.DbContext.SaveChangesAsync(Boolean acceptAllChangesOnSuccess, CancellationToken cancellationToken)
[12:31:28 ERR] Database migration or seed failed. Check PostgreSQL is running and ConnectionStrings:DefaultConnection is correct.
Microsoft.EntityFrameworkCore.DbUpdateException: An error occurred while saving the entity changes. See the inner exception for details.
 ---> Npgsql.PostgresException (0x80004005): 23503: insert or update on table "CrmSupportTickets" violates foreign key constraint "FK_CrmSupportTickets_CrmCustomers_CustomerId"

DETAIL: Detail redacted as it may contain sensitive data. Specify 'Include Error Detail' in the connection string to include this information.
   at Npgsql.Internal.NpgsqlConnector.ReadMessageLong(Boolean async, DataRowLoadingMode dataRowLoadingMode, Boolean readingNotifications, Boolean isReadingPrependedMessage)
   at System.Runtime.CompilerServices.PoolingAsyncValueTaskMethodBuilder`1.StateMachineBox`1.System.Threading.Tasks.Sources.IValueTaskSource<TResult>.GetResult(Int16 token)
   at Npgsql.NpgsqlDataReader.NextResult(Boolean async, Boolean isConsuming, CancellationToken cancellationToken)
   at Npgsql.NpgsqlDataReader.NextResult(Boolean async, Boolean isConsuming, CancellationToken cancellationToken)
   at Npgsql.NpgsqlCommand.ExecuteReader(Boolean async, CommandBehavior behavior, CancellationToken cancellationToken)
   at Npgsql.NpgsqlCommand.ExecuteReader(Boolean async, CommandBehavior behavior, CancellationToken cancellationToken)
   at Npgsql.NpgsqlCommand.ExecuteDbDataReaderAsync(CommandBehavior behavior, CancellationToken cancellationToken)
   at Microsoft.EntityFrameworkCore.Storage.RelationalCommand.ExecuteReaderAsync(RelationalCommandParameterObject parameterObject, CancellationToken cancellationToken)
   at Microsoft.EntityFrameworkCore.Storage.RelationalCommand.ExecuteReaderAsync(RelationalCommandParameterObject parameterObject, CancellationToken cancellationToken)
   at Microsoft.EntityFrameworkCore.Update.ReaderModificationCommandBatch.ExecuteAsync(IRelationalConnection connection, CancellationToken cancellationToken)
  Exception data:
    Severity: ERROR
    SqlState: 23503
    MessageText: insert or update on table "CrmSupportTickets" violates foreign key constraint "FK_CrmSupportTickets_CrmCustomers_CustomerId"
    Detail: Detail redacted as it may contain sensitive data. Specify 'Include Error Detail' in the connection string to include this information.
    SchemaName: public
    TableName: CrmSupportTickets
    ConstraintName: FK_CrmSupportTickets_CrmCustomers_CustomerId
    File: ri_triggers.c
    Line: 2783
    Routine: ri_ReportViolation
   --- End of inner exception stack trace ---
   at Microsoft.EntityFrameworkCore.Update.ReaderModificationCommandBatch.ExecuteAsync(IRelationalConnection connection, CancellationToken cancellationToken)
   at Microsoft.EntityFrameworkCore.Update.Internal.BatchExecutor.ExecuteAsync(IEnumerable`1 commandBatches, IRelationalConnection connection, CancellationToken cancellationToken)
   at Microsoft.EntityFrameworkCore.Update.Internal.BatchExecutor.ExecuteAsync(IEnumerable`1 commandBatches, IRelationalConnection connection, CancellationToken cancellationToken)
   at Microsoft.EntityFrameworkCore.Update.Internal.BatchExecutor.ExecuteAsync(IEnumerable`1 commandBatches, IRelationalConnection connection, CancellationToken cancellationToken)
   at Microsoft.EntityFrameworkCore.Storage.RelationalDatabase.SaveChangesAsync(IList`1 entries, CancellationToken cancellationToken)
   at Microsoft.EntityFrameworkCore.ChangeTracking.Internal.StateManager.SaveChangesAsync(IList`1 entriesToSave, CancellationToken cancellationToken)
   at Microsoft.EntityFrameworkCore.ChangeTracking.Internal.StateManager.SaveChangesAsync(StateManager stateManager, Boolean acceptAllChangesOnSuccess, CancellationToken cancellationToken)
   at Npgsql.EntityFrameworkCore.PostgreSQL.Storage.Internal.NpgsqlExecutionStrategy.ExecuteAsync[TState,TResult](TState state, Func`4 operation, Func`4 verifySucceeded, CancellationToken cancellationToken)
   at Microsoft.EntityFrameworkCore.DbContext.SaveChangesAsync(Boolean acceptAllChangesOnSuccess, CancellationToken cancellationToken)
   at Microsoft.EntityFrameworkCore.DbContext.SaveChangesAsync(Boolean acceptAllChangesOnSuccess, CancellationToken cancellationToken)
   at Biktal.Infrastructure.Persistence.CrmDataSeeder.SeedIfEmptyAsync(ApplicationDbContext db, CancellationToken cancellationToken)
   at Program.<Main>$(String[] args) in d:\Systems\BiktalSystems\Program.cs:line 71
[12:31:28 WRN] Continuing without a successful migration/seed. Auth and data pages may fail until the database is available.
[12:31:29 WRN] Using an in-memory repository. Keys will not be persisted to storage.
[12:31:29 WRN] Neither user profile nor HKLM registry available. Using an ephemeral key repository. Protected data will be unavailable when application exits.
[12:31:29 WRN] No XML encryptor configured. Key {fa8ef993-61e9-461f-8011-b37904da82f0} may be persisted to storage in unencrypted form.
[12:31:29 INF] Application started. Press Ctrl+C to shut down.
[12:31:29 INF] Hosting environment: Production
[12:31:29 INF] Content root path: D:\Systems\BiktalSystems\publish
[12:31:29 INF] HTTP GET /Finance/OpenCashboxSession responded 405 in 73.5564 ms
[12:36:49 INF] HTTP GET /Finance/OpenCashboxSession responded 405 in 19.9124 ms
[12:36:52 INF] HTTP GET /Finance/OpenCashboxSession responded 405 in 9.1092 ms
[12:36:56 INF] HTTP GET /Finance/OpenCashboxSession responded 405 in 2.5031 ms
[12:36:57 INF] HTTP GET /Finance/OpenCashboxSession responded 405 in 0.7455 ms
[12:36:57 INF] HTTP GET /Finance/OpenCashboxSession responded 405 in 0.4108 ms
[12:36:57 INF] HTTP GET /Finance/OpenCashboxSession responded 405 in 0.3806 ms
[12:36:57 INF] HTTP GET /Finance/OpenCashboxSession responded 405 in 1.8080 ms
[12:37:28 ERR] An exception was thrown while deserializing the token.
Microsoft.AspNetCore.Antiforgery.AntiforgeryValidationException: The antiforgery token could not be decrypted.
 ---> System.Security.Cryptography.CryptographicException: The key {018ee171-0b32-49df-b3a6-8b699a7d6cf3} was not found in the key ring. For more information go to https://aka.ms/aspnet/dataprotectionwarning
   at Microsoft.AspNetCore.DataProtection.KeyManagement.KeyRingBasedDataProtector.UnprotectCore(Byte[] protectedData, Boolean allowOperationsOnRevokedKeys, UnprotectStatus& status)
   at Microsoft.AspNetCore.DataProtection.KeyManagement.KeyRingBasedDataProtector.Unprotect(Byte[] protectedData)
   at Microsoft.AspNetCore.Antiforgery.DefaultAntiforgeryTokenSerializer.Deserialize(String serializedToken)
   --- End of inner exception stack trace ---
   at Microsoft.AspNetCore.Antiforgery.DefaultAntiforgeryTokenSerializer.Deserialize(String serializedToken)
   at Microsoft.AspNetCore.Antiforgery.DefaultAntiforgery.GetCookieTokenDoesNotThrow(HttpContext httpContext)
[12:37:28 INF] HTTP GET /Account/Login responded 200 in 344.3686 ms
[12:37:28 INF] HTTP GET /css/site.css responded 200 in 23.3389 ms
[12:37:28 INF] HTTP GET /lib/bootstrap/dist/css/bootstrap.min.css responded 200 in 28.8952 ms
[12:37:28 INF] HTTP GET /Biktal.WebMVC.styles.css responded 200 in 2.4799 ms
[12:37:28 INF] HTTP GET /lib/jquery/dist/jquery.min.js responded 200 in 11.0679 ms
[12:37:28 INF] HTTP GET /js/site.js responded 200 in 1.8863 ms
[12:37:28 INF] HTTP GET /lib/bootstrap/dist/js/bootstrap.bundle.min.js responded 200 in 6.2388 ms
[12:37:28 INF] HTTP GET /lib/jquery-validation/dist/jquery.validate.min.js responded 200 in 1.9072 ms
[12:37:28 INF] HTTP GET /lib/jquery-validation-unobtrusive/dist/jquery.validate.unobtrusive.min.js responded 200 in 1.8099 ms
[12:37:40 INF] HTTP POST /Account/Login responded 302 in 535.3189 ms
[12:37:41 INF] HTTP GET /lib/bootstrap/dist/css/bootstrap.min.css responded 304 in 3.2655 ms
[12:37:41 INF] HTTP GET /Biktal.WebMVC.styles.css responded 304 in 2.3668 ms
[12:37:41 INF] HTTP GET /Inventory/Products responded 200 in 476.2739 ms
[12:37:41 INF] HTTP GET /css/site.css responded 304 in 44.6298 ms
[12:37:42 INF] HTTP GET /lib/jquery/dist/jquery.min.js responded 304 in 21.6632 ms
[12:37:42 INF] HTTP GET /js/site.js responded 304 in 18.8832 ms
[12:37:42 INF] HTTP GET /lib/jquery-validation/dist/jquery.validate.min.js responded 304 in 19.3223 ms
[12:37:42 INF] HTTP GET /lib/jquery-validation-unobtrusive/dist/jquery.validate.unobtrusive.min.js responded 304 in 12.8735 ms
[12:37:42 INF] HTTP GET /js/products-catalog-filter.js responded 200 in 19.5938 ms
[12:37:42 INF] HTTP GET /lib/bootstrap/dist/js/bootstrap.bundle.min.js responded 304 in 121.8568 ms
[12:41:51 INF] HTTP GET /Inventory/Products responded 200 in 267.6896 ms
[12:41:51 INF] HTTP GET /lib/bootstrap/dist/css/bootstrap.min.css responded 200 in 1.4127 ms
[12:41:51 INF] HTTP GET /css/site.css responded 200 in 2.8401 ms
[12:41:51 INF] HTTP GET /Biktal.WebMVC.styles.css responded 200 in 1.3918 ms
[12:41:52 INF] HTTP GET /lib/jquery/dist/jquery.min.js responded 200 in 1.7610 ms
[12:41:52 INF] HTTP GET /js/site.js responded 200 in 1.1918 ms
[12:41:52 INF] HTTP GET /lib/bootstrap/dist/js/bootstrap.bundle.min.js responded 200 in 1.0550 ms
[12:41:52 INF] HTTP GET /lib/jquery-validation-unobtrusive/dist/jquery.validate.unobtrusive.min.js responded 200 in 0.9470 ms
[12:41:52 INF] HTTP GET /lib/jquery-validation/dist/jquery.validate.min.js responded 200 in 1.2287 ms
[12:41:52 INF] HTTP GET /js/products-catalog-filter.js responded 200 in 9.3694 ms
[12:41:57 INF] HTTP POST /Inventory/EditProduct responded 302 in 172.8435 ms
[12:41:57 INF] HTTP GET /Inventory/Products responded 200 in 74.3304 ms
[12:41:57 INF] HTTP GET /lib/bootstrap/dist/css/bootstrap.min.css responded 304 in 1.0161 ms
[12:41:57 INF] HTTP GET /css/site.css responded 304 in 0.6372 ms
[12:41:57 INF] HTTP GET /Biktal.WebMVC.styles.css responded 304 in 0.6977 ms
[12:41:58 INF] HTTP GET /lib/jquery/dist/jquery.min.js responded 304 in 0.5722 ms
[12:41:58 INF] HTTP GET /lib/bootstrap/dist/js/bootstrap.bundle.min.js responded 304 in 0.7258 ms
[12:41:58 INF] HTTP GET /js/site.js responded 304 in 0.6037 ms
[12:41:58 INF] HTTP GET /lib/jquery-validation-unobtrusive/dist/jquery.validate.unobtrusive.min.js responded 304 in 0.6740 ms
[12:41:58 INF] HTTP GET /js/products-catalog-filter.js responded 304 in 1.1016 ms
[12:41:58 INF] HTTP GET /lib/jquery-validation/dist/jquery.validate.min.js responded 304 in 0.6838 ms
[12:43:01 INF] HTTP GET /Inventory/Products responded 200 in 281.1887 ms
[12:43:01 INF] HTTP GET /lib/bootstrap/dist/css/bootstrap.min.css responded 200 in 4.6112 ms
[12:43:01 INF] HTTP GET /Biktal.WebMVC.styles.css responded 200 in 1.4963 ms
[12:43:01 INF] HTTP GET /css/site.css responded 200 in 1.5749 ms
[12:43:02 INF] HTTP GET /lib/jquery/dist/jquery.min.js responded 200 in 1.1478 ms
[12:43:02 INF] HTTP GET /js/site.js responded 200 in 1.1295 ms
[12:43:02 INF] HTTP GET /lib/bootstrap/dist/js/bootstrap.bundle.min.js responded 200 in 0.9212 ms
[12:43:02 INF] HTTP GET /lib/jquery-validation/dist/jquery.validate.min.js responded 200 in 2.1983 ms
[12:43:02 INF] HTTP GET /lib/jquery-validation-unobtrusive/dist/jquery.validate.unobtrusive.min.js responded 200 in 1.2144 ms
[12:43:02 INF] HTTP GET /js/products-catalog-filter.js responded 200 in 2.5647 ms
[12:43:11 INF] HTTP POST /Inventory/EditProduct responded 302 in 20.8735 ms
[12:43:11 INF] HTTP GET /Inventory/Products responded 200 in 68.5225 ms
[12:43:11 INF] HTTP GET /lib/bootstrap/dist/css/bootstrap.min.css responded 304 in 0.7836 ms
[12:43:11 INF] HTTP GET /css/site.css responded 304 in 0.6995 ms
[12:43:11 INF] HTTP GET /Biktal.WebMVC.styles.css responded 304 in 0.4916 ms
[12:43:12 INF] HTTP GET /lib/jquery/dist/jquery.min.js responded 304 in 0.4463 ms
[12:43:12 INF] HTTP GET /lib/bootstrap/dist/js/bootstrap.bundle.min.js responded 304 in 0.6313 ms
[12:43:12 INF] HTTP GET /js/site.js responded 304 in 0.5899 ms
[12:43:12 INF] HTTP GET /lib/jquery-validation/dist/jquery.validate.min.js responded 304 in 0.5427 ms
[12:43:12 INF] HTTP GET /lib/jquery-validation-unobtrusive/dist/jquery.validate.unobtrusive.min.js responded 304 in 0.4828 ms
[12:43:12 INF] HTTP GET /js/products-catalog-filter.js responded 304 in 0.4530 ms
[12:43:27 INF] HTTP GET /Inventory/Products responded 200 in 58.2688 ms
[12:43:27 INF] HTTP GET /lib/bootstrap/dist/css/bootstrap.min.css responded 304 in 0.5702 ms
[12:43:27 INF] HTTP GET /css/site.css responded 304 in 0.5013 ms
[12:43:27 INF] HTTP GET /Biktal.WebMVC.styles.css responded 304 in 0.4722 ms
[12:43:28 INF] HTTP GET /lib/jquery/dist/jquery.min.js responded 304 in 0.4437 ms
[12:43:28 INF] HTTP GET /lib/jquery-validation/dist/jquery.validate.min.js responded 304 in 0.4301 ms
[12:43:28 INF] HTTP GET /js/site.js responded 304 in 0.4397 ms
[12:43:28 INF] HTTP GET /lib/bootstrap/dist/js/bootstrap.bundle.min.js responded 304 in 0.3997 ms
[12:43:28 INF] HTTP GET /js/products-catalog-filter.js responded 304 in 0.3929 ms
[12:43:28 INF] HTTP GET /lib/jquery-validation-unobtrusive/dist/jquery.validate.unobtrusive.min.js responded 304 in 0.6524 ms
[12:43:37 INF] HTTP POST /Inventory/EditProduct responded 302 in 20.4948 ms
[12:43:37 INF] HTTP GET /Inventory/Products responded 200 in 60.4608 ms
[12:43:37 INF] HTTP GET /lib/bootstrap/dist/css/bootstrap.min.css responded 304 in 0.4944 ms
[12:43:37 INF] HTTP GET /css/site.css responded 304 in 0.5668 ms
[12:43:37 INF] HTTP GET /Biktal.WebMVC.styles.css responded 304 in 0.5704 ms
[12:43:38 INF] HTTP GET /lib/jquery/dist/jquery.min.js responded 304 in 0.9260 ms
[12:43:38 INF] HTTP GET /lib/bootstrap/dist/js/bootstrap.bundle.min.js responded 304 in 0.9945 ms
[12:43:38 INF] HTTP GET /js/site.js responded 304 in 0.8651 ms
[12:43:38 INF] HTTP GET /lib/jquery-validation/dist/jquery.validate.min.js responded 304 in 0.6855 ms
[12:43:38 INF] HTTP GET /lib/jquery-validation-unobtrusive/dist/jquery.validate.unobtrusive.min.js responded 304 in 0.5578 ms
[12:43:38 INF] HTTP GET /js/products-catalog-filter.js responded 304 in 0.5421 ms
[12:44:32 INF] HTTP GET /Inventory/Products responded 200 in 82.0119 ms
[12:44:32 INF] HTTP GET /Biktal.WebMVC.styles.css responded 304 in 0.5027 ms
[12:44:32 INF] HTTP GET /css/site.css responded 304 in 0.2752 ms
[12:44:32 INF] HTTP GET /lib/bootstrap/dist/css/bootstrap.min.css responded 200 in 1.3105 ms
[12:44:33 INF] HTTP GET /lib/jquery/dist/jquery.min.js responded 304 in 0.2613 ms
[12:44:33 INF] HTTP GET /lib/bootstrap/dist/js/bootstrap.bundle.min.js responded 304 in 1.1031 ms
[12:44:33 INF] HTTP GET /js/site.js responded 304 in 0.3663 ms
[12:44:33 INF] HTTP GET /lib/jquery-validation-unobtrusive/dist/jquery.validate.unobtrusive.min.js responded 304 in 0.8535 ms
[12:44:33 INF] HTTP GET /lib/jquery-validation/dist/jquery.validate.min.js responded 304 in 0.6007 ms
[12:44:33 INF] HTTP GET /js/products-catalog-filter.js responded 304 in 0.5626 ms
[12:44:39 INF] HTTP POST /Inventory/EditProduct responded 302 in 17.8315 ms
[12:44:39 INF] HTTP GET /Inventory/Products responded 200 in 70.1057 ms
[12:44:39 INF] HTTP GET /lib/bootstrap/dist/css/bootstrap.min.css responded 304 in 1.2120 ms
[12:44:39 INF] HTTP GET /css/site.css responded 304 in 0.6771 ms
[12:44:39 INF] HTTP GET /Biktal.WebMVC.styles.css responded 304 in 0.3678 ms
[12:44:40 INF] HTTP GET /lib/jquery/dist/jquery.min.js responded 304 in 0.2779 ms
[12:44:40 INF] HTTP GET /lib/bootstrap/dist/js/bootstrap.bundle.min.js responded 304 in 0.5377 ms
[12:44:40 INF] HTTP GET /js/site.js responded 304 in 1.0097 ms
[12:44:40 INF] HTTP GET /lib/jquery-validation/dist/jquery.validate.min.js responded 304 in 0.4090 ms
[12:44:40 INF] HTTP GET /lib/jquery-validation-unobtrusive/dist/jquery.validate.unobtrusive.min.js responded 304 in 0.7897 ms
[12:44:40 INF] HTTP GET /js/products-catalog-filter.js responded 304 in 0.6619 ms
[12:45:57 INF] HTTP GET /Inventory/Products responded 200 in 82.2715 ms
[12:45:57 INF] HTTP GET /css/site.css responded 304 in 0.3955 ms
[12:45:57 INF] HTTP GET /lib/bootstrap/dist/css/bootstrap.min.css responded 200 in 0.9535 ms
[12:45:57 INF] HTTP GET /Biktal.WebMVC.styles.css responded 304 in 0.3511 ms
[12:45:58 INF] HTTP GET /lib/bootstrap/dist/js/bootstrap.bundle.min.js responded 200 in 1.6264 ms
[12:45:58 INF] HTTP GET /lib/jquery-validation/dist/jquery.validate.min.js responded 200 in 0.7512 ms
[12:45:58 INF] HTTP GET /lib/jquery/dist/jquery.min.js responded 200 in 0.8556 ms
[12:45:58 INF] HTTP GET /js/site.js responded 200 in 2.0157 ms
[12:45:58 INF] HTTP GET /js/products-catalog-filter.js responded 200 in 14.0801 ms
[12:45:58 INF] HTTP GET /lib/jquery-validation-unobtrusive/dist/jquery.validate.unobtrusive.min.js responded 200 in 1.7346 ms
[12:46:13 INF] HTTP POST /Inventory/EditProduct responded 302 in 16.8780 ms
[12:46:13 INF] HTTP GET /Inventory/Products responded 200 in 52.8299 ms
[12:46:13 INF] HTTP GET /lib/bootstrap/dist/css/bootstrap.min.css responded 200 in 3.1414 ms
[12:46:13 INF] HTTP GET /Biktal.WebMVC.styles.css responded 200 in 0.7523 ms
[12:46:13 INF] HTTP GET /css/site.css responded 200 in 0.7823 ms
[12:46:14 INF] HTTP GET /lib/jquery/dist/jquery.min.js responded 200 in 0.7181 ms
[12:46:14 INF] HTTP GET /lib/bootstrap/dist/js/bootstrap.bundle.min.js responded 200 in 2.0528 ms
[12:46:14 INF] HTTP GET /lib/jquery-validation-unobtrusive/dist/jquery.validate.unobtrusive.min.js responded 200 in 1.3408 ms
[12:46:14 INF] HTTP GET /lib/jquery-validation/dist/jquery.validate.min.js responded 200 in 1.7514 ms
[12:46:14 INF] HTTP GET /js/site.js responded 200 in 2.0474 ms
[12:46:14 INF] HTTP GET /js/products-catalog-filter.js responded 200 in 0.8076 ms
[12:46:18 INF] HTTP GET /Inventory/Products responded 200 in 55.8555 ms
[12:46:18 INF] HTTP GET /lib/bootstrap/dist/css/bootstrap.min.css responded 304 in 0.4446 ms
[12:46:18 INF] HTTP GET /css/site.css responded 304 in 0.4577 ms
[12:46:18 INF] HTTP GET /Biktal.WebMVC.styles.css responded 304 in 0.6830 ms
[12:46:19 INF] HTTP GET /lib/jquery/dist/jquery.min.js responded 304 in 0.2719 ms
[12:46:19 INF] HTTP GET /lib/bootstrap/dist/js/bootstrap.bundle.min.js responded 304 in 2.1636 ms
[12:46:19 INF] HTTP GET /js/site.js responded 304 in 1.8554 ms
[12:46:19 INF] HTTP GET /lib/jquery-validation/dist/jquery.validate.min.js responded 304 in 0.2669 ms
[12:46:19 INF] HTTP GET /js/products-catalog-filter.js responded 304 in 0.3818 ms
[12:46:19 INF] HTTP GET /lib/jquery-validation-unobtrusive/dist/jquery.validate.unobtrusive.min.js responded 304 in 0.7894 ms
[12:46:23 INF] HTTP POST /Inventory/EditProduct responded 302 in 12.2850 ms
[12:46:23 INF] HTTP GET /Inventory/Products responded 200 in 47.9007 ms
[12:46:23 INF] HTTP GET /css/site.css responded 304 in 1.2004 ms
[12:46:23 INF] HTTP GET /Biktal.WebMVC.styles.css responded 304 in 0.4038 ms
[12:46:23 INF] HTTP GET /lib/bootstrap/dist/css/bootstrap.min.css responded 200 in 1.2438 ms
[12:46:24 INF] HTTP GET /lib/jquery/dist/jquery.min.js responded 304 in 0.2494 ms
[12:46:24 INF] HTTP GET /lib/bootstrap/dist/js/bootstrap.bundle.min.js responded 304 in 0.5700 ms
[12:46:24 INF] HTTP GET /js/products-catalog-filter.js responded 304 in 0.2487 ms
[12:46:24 INF] HTTP GET /js/site.js responded 304 in 0.3237 ms
[12:46:24 INF] HTTP GET /lib/jquery-validation-unobtrusive/dist/jquery.validate.unobtrusive.min.js responded 304 in 0.5073 ms
[12:46:24 INF] HTTP GET /lib/jquery-validation/dist/jquery.validate.min.js responded 304 in 1.2087 ms
[12:46:36 INF] HTTP GET /Inventory/Products responded 200 in 62.6341 ms
[12:46:36 INF] HTTP GET /lib/bootstrap/dist/css/bootstrap.min.css responded 304 in 1.2520 ms
[12:46:36 INF] HTTP GET /css/site.css responded 304 in 0.5591 ms
[12:46:36 INF] HTTP GET /Biktal.WebMVC.styles.css responded 304 in 0.4818 ms
[12:46:37 INF] HTTP GET /lib/jquery/dist/jquery.min.js responded 304 in 0.2659 ms
[12:46:37 INF] HTTP GET /lib/bootstrap/dist/js/bootstrap.bundle.min.js responded 304 in 0.6057 ms
[12:46:37 INF] HTTP GET /js/site.js responded 304 in 0.3455 ms
[12:46:37 INF] HTTP GET /lib/jquery-validation/dist/jquery.validate.min.js responded 304 in 0.5309 ms
[12:46:37 INF] HTTP GET /lib/jquery-validation-unobtrusive/dist/jquery.validate.unobtrusive.min.js responded 304 in 0.4111 ms
[12:46:37 INF] HTTP GET /js/products-catalog-filter.js responded 304 in 1.5900 ms
[12:46:40 INF] HTTP POST /Inventory/EditProduct responded 302 in 14.7776 ms
[12:46:40 INF] HTTP GET /Inventory/Products responded 200 in 78.2049 ms
[12:46:40 INF] HTTP GET /Biktal.WebMVC.styles.css responded 304 in 0.3095 ms
[12:46:40 INF] HTTP GET /css/site.css responded 304 in 0.4591 ms
[12:46:40 INF] HTTP GET /lib/bootstrap/dist/css/bootstrap.min.css responded 304 in 0.6955 ms
[12:46:41 INF] HTTP GET /lib/jquery/dist/jquery.min.js responded 304 in 0.2537 ms
[12:46:41 INF] HTTP GET /lib/bootstrap/dist/js/bootstrap.bundle.min.js responded 304 in 0.5688 ms
[12:46:41 INF] HTTP GET /js/site.js responded 304 in 0.4250 ms
[12:46:41 INF] HTTP GET /lib/jquery-validation/dist/jquery.validate.min.js responded 304 in 0.5054 ms
[12:46:41 INF] HTTP GET /lib/jquery-validation-unobtrusive/dist/jquery.validate.unobtrusive.min.js responded 304 in 1.9042 ms
[12:46:41 INF] HTTP GET /js/products-catalog-filter.js responded 304 in 0.5484 ms
[12:49:21 INF] HTTP GET /Inventory/Products responded 200 in 168.2832 ms
[12:49:21 INF] HTTP GET /Biktal.WebMVC.styles.css responded 200 in 0.8041 ms
[12:49:21 INF] HTTP GET /lib/bootstrap/dist/css/bootstrap.min.css responded 200 in 0.8983 ms
[12:49:21 INF] HTTP GET /css/site.css responded 200 in 1.5764 ms
[12:49:22 INF] HTTP GET /lib/jquery/dist/jquery.min.js responded 200 in 1.1024 ms
[12:49:22 INF] HTTP GET /js/site.js responded 200 in 0.8486 ms
[12:49:22 INF] HTTP GET /lib/bootstrap/dist/js/bootstrap.bundle.min.js responded 200 in 0.8110 ms
[12:49:22 INF] HTTP GET /lib/jquery-validation/dist/jquery.validate.min.js responded 200 in 0.7514 ms
[12:49:22 INF] HTTP GET /lib/jquery-validation-unobtrusive/dist/jquery.validate.unobtrusive.min.js responded 200 in 1.6140 ms
[12:49:22 INF] HTTP GET /js/products-catalog-filter.js responded 200 in 1.0924 ms
[12:49:25 INF] HTTP POST /Inventory/EditProduct responded 302 in 33.6519 ms
[12:49:25 INF] HTTP GET /Inventory/Products responded 200 in 58.6722 ms
[12:49:25 INF] HTTP GET /lib/bootstrap/dist/css/bootstrap.min.css responded 304 in 0.4972 ms
[12:49:25 INF] HTTP GET /css/site.css responded 304 in 1.4239 ms
[12:49:25 INF] HTTP GET /Biktal.WebMVC.styles.css responded 304 in 0.5873 ms
[12:49:26 INF] HTTP GET /lib/jquery/dist/jquery.min.js responded 304 in 0.2738 ms
[12:49:26 INF] HTTP GET /lib/bootstrap/dist/js/bootstrap.bundle.min.js responded 304 in 34.0799 ms
[12:49:26 INF] HTTP GET /js/site.js responded 304 in 0.2801 ms
[12:49:26 INF] HTTP GET /lib/jquery-validation-unobtrusive/dist/jquery.validate.unobtrusive.min.js responded 304 in 0.3175 ms
[12:49:26 INF] HTTP GET /lib/jquery-validation/dist/jquery.validate.min.js responded 304 in 0.3950 ms
[12:49:26 INF] HTTP GET /js/products-catalog-filter.js responded 304 in 0.4271 ms
[12:50:37 INF] HTTP POST /Inventory/DeleteProduct responded 302 in 147.4092 ms
[12:50:37 INF] HTTP GET /Inventory/Products responded 200 in 85.9795 ms
[12:50:38 INF] HTTP GET /lib/bootstrap/dist/css/bootstrap.min.css responded 200 in 1.3990 ms
[12:50:38 INF] HTTP GET /css/site.css responded 200 in 2.9548 ms
[12:50:38 INF] HTTP GET /Biktal.WebMVC.styles.css responded 200 in 1.3055 ms
[12:50:39 INF] HTTP GET /lib/jquery/dist/jquery.min.js responded 200 in 0.6650 ms
[12:50:39 INF] HTTP GET /js/site.js responded 200 in 0.7134 ms
[12:50:39 INF] HTTP GET /lib/bootstrap/dist/js/bootstrap.bundle.min.js responded 200 in 0.6876 ms
[12:50:39 INF] HTTP GET /lib/jquery-validation/dist/jquery.validate.min.js responded 200 in 0.5013 ms
[12:50:39 INF] HTTP GET /lib/jquery-validation-unobtrusive/dist/jquery.validate.unobtrusive.min.js responded 200 in 0.7015 ms
[12:50:39 INF] HTTP GET /js/products-catalog-filter.js responded 200 in 3.4891 ms
[12:50:45 INF] HTTP GET /Inventory/Products responded 200 in 56.7476 ms
[12:50:45 INF] HTTP GET /css/site.css responded 200 in 0.9460 ms
[12:50:45 INF] HTTP GET /lib/bootstrap/dist/css/bootstrap.min.css responded 200 in 0.7252 ms
[12:50:45 INF] HTTP GET /Biktal.WebMVC.styles.css responded 200 in 2.0414 ms
[12:50:46 INF] HTTP GET /lib/jquery/dist/jquery.min.js responded 200 in 0.6930 ms
[12:50:46 INF] HTTP GET /js/site.js responded 200 in 0.8729 ms
[12:50:46 INF] HTTP GET /lib/jquery-validation/dist/jquery.validate.min.js responded 200 in 0.5827 ms
[12:50:46 INF] HTTP GET /lib/bootstrap/dist/js/bootstrap.bundle.min.js responded 200 in 0.7557 ms
[12:50:46 INF] HTTP GET /js/products-catalog-filter.js responded 200 in 0.6287 ms
[12:50:46 INF] HTTP GET /lib/jquery-validation-unobtrusive/dist/jquery.validate.unobtrusive.min.js responded 200 in 0.7284 ms
[12:51:03 INF] HTTP POST /Inventory/EditProduct responded 302 in 14.2396 ms
[12:51:03 INF] HTTP GET /Inventory/Products responded 200 in 45.8151 ms
[12:51:03 INF] HTTP GET /lib/bootstrap/dist/css/bootstrap.min.css responded 304 in 0.4809 ms
[12:51:03 INF] HTTP GET /css/site.css responded 304 in 0.4730 ms
[12:51:03 INF] HTTP GET /Biktal.WebMVC.styles.css responded 304 in 0.3015 ms
[12:51:04 INF] HTTP GET /lib/jquery/dist/jquery.min.js responded 304 in 0.8118 ms
[12:51:04 INF] HTTP GET /js/site.js responded 304 in 0.3744 ms
[12:51:04 INF] HTTP GET /lib/bootstrap/dist/js/bootstrap.bundle.min.js responded 304 in 0.4305 ms
[12:51:04 INF] HTTP GET /lib/jquery-validation/dist/jquery.validate.min.js responded 304 in 0.5516 ms
[12:51:04 INF] HTTP GET /lib/jquery-validation-unobtrusive/dist/jquery.validate.unobtrusive.min.js responded 304 in 4.1558 ms
[12:51:04 INF] HTTP GET /js/products-catalog-filter.js responded 304 in 4.1619 ms
[12:53:05 INF] HTTP GET /Inventory/Products responded 200 in 52.5423 ms
[12:53:05 INF] HTTP GET /lib/bootstrap/dist/css/bootstrap.min.css responded 200 in 7.1002 ms
[12:53:05 INF] HTTP GET /Biktal.WebMVC.styles.css responded 200 in 1.6683 ms
[12:53:05 INF] HTTP GET /css/site.css responded 200 in 1.1839 ms
[12:53:05 INF] HTTP GET /lib/jquery/dist/jquery.min.js responded 200 in 0.6305 ms
[12:53:06 INF] HTTP GET /lib/bootstrap/dist/js/bootstrap.bundle.min.js responded 200 in 2.3033 ms
[12:53:06 INF] HTTP GET /lib/jquery-validation/dist/jquery.validate.min.js responded 200 in 0.7105 ms
[12:53:06 INF] HTTP GET /lib/jquery-validation-unobtrusive/dist/jquery.validate.unobtrusive.min.js responded 200 in 0.6211 ms
[12:53:06 INF] HTTP GET /js/products-catalog-filter.js responded 200 in 0.6211 ms
[12:53:06 INF] HTTP GET /js/site.js responded 200 in 0.4959 ms
[12:53:15 INF] HTTP POST /Inventory/EditProduct responded 302 in 15.2383 ms
[12:53:15 INF] HTTP GET /Inventory/Products responded 200 in 63.1900 ms
[12:53:15 INF] HTTP GET /lib/bootstrap/dist/css/bootstrap.min.css responded 304 in 1.3195 ms
[12:53:15 INF] HTTP GET /css/site.css responded 304 in 0.4192 ms
[12:53:15 INF] HTTP GET /Biktal.WebMVC.styles.css responded 304 in 0.3450 ms
[12:53:16 INF] HTTP GET /lib/jquery/dist/jquery.min.js responded 304 in 0.2802 ms
[12:53:16 INF] HTTP GET /js/site.js responded 304 in 0.4444 ms
[12:53:16 INF] HTTP GET /lib/bootstrap/dist/js/bootstrap.bundle.min.js responded 304 in 1.0849 ms
[12:53:16 INF] HTTP GET /lib/jquery-validation/dist/jquery.validate.min.js responded 304 in 0.6004 ms
[12:53:16 INF] HTTP GET /lib/jquery-validation-unobtrusive/dist/jquery.validate.unobtrusive.min.js responded 304 in 0.6528 ms
[12:53:16 INF] HTTP GET /js/products-catalog-filter.js responded 304 in 1.2431 ms
[12:54:12 INF] HTTP POST /Inventory/AddProduct responded 200 in 135.3710 ms
[12:54:12 INF] HTTP GET /css/site.css responded 304 in 0.2890 ms
[12:54:12 INF] HTTP GET /lib/bootstrap/dist/css/bootstrap.min.css responded 200 in 1.0119 ms
[12:54:12 INF] HTTP GET /Biktal.WebMVC.styles.css responded 304 in 0.4207 ms
[12:54:12 INF] HTTP GET /lib/jquery/dist/jquery.min.js responded 304 in 0.2493 ms
[12:54:12 INF] HTTP GET /lib/bootstrap/dist/js/bootstrap.bundle.min.js responded 304 in 0.5079 ms
[12:54:12 INF] HTTP GET /js/site.js responded 304 in 0.2574 ms
[12:54:12 INF] HTTP GET /lib/jquery-validation-unobtrusive/dist/jquery.validate.unobtrusive.min.js responded 304 in 0.3214 ms
[12:54:12 INF] HTTP GET /lib/jquery-validation/dist/jquery.validate.min.js responded 304 in 0.5275 ms
[12:54:12 INF] HTTP GET /js/products-catalog-filter.js responded 304 in 0.9438 ms
[12:54:54 INF] HTTP POST /Inventory/AddProduct responded 302 in 150.7586 ms
[12:54:54 INF] HTTP GET /Inventory/Products responded 200 in 81.1044 ms
[12:54:54 INF] HTTP GET /lib/bootstrap/dist/css/bootstrap.min.css responded 200 in 1.9111 ms
[12:54:54 INF] HTTP GET /css/site.css responded 200 in 1.1266 ms
[12:54:54 INF] HTTP GET /Biktal.WebMVC.styles.css responded 200 in 2.3043 ms
[12:54:55 INF] HTTP GET /lib/jquery/dist/jquery.min.js responded 200 in 0.6838 ms
[12:54:55 INF] HTTP GET /lib/bootstrap/dist/js/bootstrap.bundle.min.js responded 200 in 1.9465 ms
[12:54:55 INF] HTTP GET /js/site.js responded 200 in 1.0206 ms
[12:54:55 INF] HTTP GET /lib/jquery-validation/dist/jquery.validate.min.js responded 200 in 1.9019 ms
[12:54:55 INF] HTTP GET /lib/jquery-validation-unobtrusive/dist/jquery.validate.unobtrusive.min.js responded 200 in 0.9494 ms
[12:54:55 INF] HTTP GET /js/products-catalog-filter.js responded 200 in 2.1500 ms
[13:00:25 INF] HTTP GET /Inventory/Products responded 200 in 125.9067 ms
[13:00:25 INF] HTTP GET /css/site.css responded 200 in 2.8212 ms
[13:00:25 INF] HTTP GET /lib/bootstrap/dist/css/bootstrap.min.css responded 200 in 0.8783 ms
[13:00:25 INF] HTTP GET /Biktal.WebMVC.styles.css responded 200 in 2.6420 ms
[13:00:26 INF] HTTP GET /lib/jquery/dist/jquery.min.js responded 200 in 0.6438 ms
[13:00:26 INF] HTTP GET /lib/bootstrap/dist/js/bootstrap.bundle.min.js responded 200 in 1.7737 ms
[13:00:26 INF] HTTP GET /js/site.js responded 200 in 1.9947 ms
[13:00:26 INF] HTTP GET /js/products-catalog-filter.js responded 200 in 1.5328 ms
[13:00:26 INF] HTTP GET /lib/jquery-validation/dist/jquery.validate.min.js responded 200 in 0.9709 ms
[13:00:26 INF] HTTP GET /lib/jquery-validation-unobtrusive/dist/jquery.validate.unobtrusive.min.js responded 200 in 0.8788 ms
[13:21:18 INF] Application is shutting down...
