[11:34:16 ERR] Failed executing DbCommand (39ms) [Parameters=[@p0='?' (DbType = Guid), @p1='?' (DbType = DateTime), @p2='?' (DbType = Guid), @p3='?', @p4='?' (DbType = DateTime), @p5='?' (DbType = Int32), @p6='?' (DbType = Int32), @p7='?', @p8='?', @p9='?' (DbType = Guid), @p10='?' (DbType = DateTime), @p11='?' (DbType = Guid), @p12='?', @p13='?' (DbType = DateTime), @p14='?' (DbType = Int32), @p15='?' (DbType = Int32), @p16='?', @p17='?'], CommandType='Text', CommandTimeout='30']
INSERT INTO "CrmSupportTickets" ("Id", "CreatedAtUtc", "CustomerId", "Description", "ModifiedAtUtc", "Priority", "Status", "Subject", "TicketNumber")
VALUES (@p0, @p1, @p2, @p3, @p4, @p5, @p6, @p7, @p8);
INSERT INTO "CrmSupportTickets" ("Id", "CreatedAtUtc", "CustomerId", "Description", "ModifiedAtUtc", "Priority", "Status", "Subject", "TicketNumber")
VALUES (@p9, @p10, @p11, @p12, @p13, @p14, @p15, @p16, @p17);
[11:34:16 ERR] An exception occurred in the database while saving changes for context type 'Biktal.Infrastructure.Persistence.ApplicationDbContext'.
Microsoft.EntityFrameworkCore.DbUpdateException: An error occurred while saving the entity changes. See the inner exception for details.
 ---> Npgsql.PostgresException (0x80004005): 23503: insert or update on table "CrmSupportTickets" violates foreign key constraint "FK_CrmSupportTickets_CrmCustomers_CustomerId"

DETAIL: Detail redacted as it may contain sensitive data. Specify 'Include Error Detail' in the connection string to include this information.
   at Npgsql.Internal.NpgsqlConnector.ReadMessageLong(Boolean async, DataRowLoadingMode dataRowLoadingMode, Boolean readingNotifications, Boolean isReadingPrependedMessage)
   at System.Runtime.CompilerServices.PoolingAsyncValueTaskMethodBuilder`1.StateMachineBox`1.System.Threading.Tasks.Sources.IValueTaskSource<TResult>.GetResult(Int16 token)
   at Npgsql.NpgsqlDataReader.NextResult(Boolean async, Boolean isConsuming, CancellationToken cancellationToken)
   at Npgsql.NpgsqlDataReader.NextResult(Boolean async, Boolean isConsuming, CancellationToken cancellationToken)
   at Npgsql.NpgsqlCommand.ExecuteReader(Boolean async, CommandBehavior behavior, CancellationToken cancellationToken)
   at Npgsql.NpgsqlCommand.ExecuteReader(Boolean async, CommandBehavior behavior, CancellationToken cancellationToken)
   at Npgsql.NpgsqlCommand.ExecuteDbDataReaderAsync(CommandBehavior behavior, CancellationToken cancellationToken)
   at Microsoft.EntityFrameworkCore.Storage.RelationalCommand.ExecuteReaderAsync(RelationalCommandParameterObject parameterObject, CancellationToken cancellationToken)
   at Microsoft.EntityFrameworkCore.Storage.RelationalCommand.ExecuteReaderAsync(RelationalCommandParameterObject parameterObject, CancellationToken cancellationToken)
   at Microsoft.EntityFrameworkCore.Update.ReaderModificationCommandBatch.ExecuteAsync(IRelationalConnection connection, CancellationToken cancellationToken)
  Exception data:
    Severity: ERROR
    SqlState: 23503
    MessageText: insert or update on table "CrmSupportTickets" violates foreign key constraint "FK_CrmSupportTickets_CrmCustomers_CustomerId"
    Detail: Detail redacted as it may contain sensitive data. Specify 'Include Error Detail' in the connection string to include this information.
    SchemaName: public
    TableName: CrmSupportTickets
    ConstraintName: FK_CrmSupportTickets_CrmCustomers_CustomerId
    File: ri_triggers.c
    Line: 2783
    Routine: ri_ReportViolation
   --- End of inner exception stack trace ---
   at Microsoft.EntityFrameworkCore.Update.ReaderModificationCommandBatch.ExecuteAsync(IRelationalConnection connection, CancellationToken cancellationToken)
   at Microsoft.EntityFrameworkCore.Update.Internal.BatchExecutor.ExecuteAsync(IEnumerable`1 commandBatches, IRelationalConnection connection, CancellationToken cancellationToken)
   at Microsoft.EntityFrameworkCore.Update.Internal.BatchExecutor.ExecuteAsync(IEnumerable`1 commandBatches, IRelationalConnection connection, CancellationToken cancellationToken)
   at Microsoft.EntityFrameworkCore.Update.Internal.BatchExecutor.ExecuteAsync(IEnumerable`1 commandBatches, IRelationalConnection connection, CancellationToken cancellationToken)
   at Microsoft.EntityFrameworkCore.Storage.RelationalDatabase.SaveChangesAsync(IList`1 entries, CancellationToken cancellationToken)
   at Microsoft.EntityFrameworkCore.ChangeTracking.Internal.StateManager.SaveChangesAsync(IList`1 entriesToSave, CancellationToken cancellationToken)
   at Microsoft.EntityFrameworkCore.ChangeTracking.Internal.StateManager.SaveChangesAsync(StateManager stateManager, Boolean acceptAllChangesOnSuccess, CancellationToken cancellationToken)
   at Npgsql.EntityFrameworkCore.PostgreSQL.Storage.Internal.NpgsqlExecutionStrategy.ExecuteAsync[TState,TResult](TState state, Func`4 operation, Func`4 verifySucceeded, CancellationToken cancellationToken)
   at Microsoft.EntityFrameworkCore.DbContext.SaveChangesAsync(Boolean acceptAllChangesOnSuccess, CancellationToken cancellationToken)
Microsoft.EntityFrameworkCore.DbUpdateException: An error occurred while saving the entity changes. See the inner exception for details.
 ---> Npgsql.PostgresException (0x80004005): 23503: insert or update on table "CrmSupportTickets" violates foreign key constraint "FK_CrmSupportTickets_CrmCustomers_CustomerId"

DETAIL: Detail redacted as it may contain sensitive data. Specify 'Include Error Detail' in the connection string to include this information.
   at Npgsql.Internal.NpgsqlConnector.ReadMessageLong(Boolean async, DataRowLoadingMode dataRowLoadingMode, Boolean readingNotifications, Boolean isReadingPrependedMessage)
   at System.Runtime.CompilerServices.PoolingAsyncValueTaskMethodBuilder`1.StateMachineBox`1.System.Threading.Tasks.Sources.IValueTaskSource<TResult>.GetResult(Int16 token)
   at Npgsql.NpgsqlDataReader.NextResult(Boolean async, Boolean isConsuming, CancellationToken cancellationToken)
   at Npgsql.NpgsqlDataReader.NextResult(Boolean async, Boolean isConsuming, CancellationToken cancellationToken)
   at Npgsql.NpgsqlCommand.ExecuteReader(Boolean async, CommandBehavior behavior, CancellationToken cancellationToken)
   at Npgsql.NpgsqlCommand.ExecuteReader(Boolean async, CommandBehavior behavior, CancellationToken cancellationToken)
   at Npgsql.NpgsqlCommand.ExecuteDbDataReaderAsync(CommandBehavior behavior, CancellationToken cancellationToken)
   at Microsoft.EntityFrameworkCore.Storage.RelationalCommand.ExecuteReaderAsync(RelationalCommandParameterObject parameterObject, CancellationToken cancellationToken)
   at Microsoft.EntityFrameworkCore.Storage.RelationalCommand.ExecuteReaderAsync(RelationalCommandParameterObject parameterObject, CancellationToken cancellationToken)
   at Microsoft.EntityFrameworkCore.Update.ReaderModificationCommandBatch.ExecuteAsync(IRelationalConnection connection, CancellationToken cancellationToken)
  Exception data:
    Severity: ERROR
    SqlState: 23503
    MessageText: insert or update on table "CrmSupportTickets" violates foreign key constraint "FK_CrmSupportTickets_CrmCustomers_CustomerId"
    Detail: Detail redacted as it may contain sensitive data. Specify 'Include Error Detail' in the connection string to include this information.
    SchemaName: public
    TableName: CrmSupportTickets
    ConstraintName: FK_CrmSupportTickets_CrmCustomers_CustomerId
    File: ri_triggers.c
    Line: 2783
    Routine: ri_ReportViolation
   --- End of inner exception stack trace ---
   at Microsoft.EntityFrameworkCore.Update.ReaderModificationCommandBatch.ExecuteAsync(IRelationalConnection connection, CancellationToken cancellationToken)
   at Microsoft.EntityFrameworkCore.Update.Internal.BatchExecutor.ExecuteAsync(IEnumerable`1 commandBatches, IRelationalConnection connection, CancellationToken cancellationToken)
   at Microsoft.EntityFrameworkCore.Update.Internal.BatchExecutor.ExecuteAsync(IEnumerable`1 commandBatches, IRelationalConnection connection, CancellationToken cancellationToken)
   at Microsoft.EntityFrameworkCore.Update.Internal.BatchExecutor.ExecuteAsync(IEnumerable`1 commandBatches, IRelationalConnection connection, CancellationToken cancellationToken)
   at Microsoft.EntityFrameworkCore.Storage.RelationalDatabase.SaveChangesAsync(IList`1 entries, CancellationToken cancellationToken)
   at Microsoft.EntityFrameworkCore.ChangeTracking.Internal.StateManager.SaveChangesAsync(IList`1 entriesToSave, CancellationToken cancellationToken)
   at Microsoft.EntityFrameworkCore.ChangeTracking.Internal.StateManager.SaveChangesAsync(StateManager stateManager, Boolean acceptAllChangesOnSuccess, CancellationToken cancellationToken)
   at Npgsql.EntityFrameworkCore.PostgreSQL.Storage.Internal.NpgsqlExecutionStrategy.ExecuteAsync[TState,TResult](TState state, Func`4 operation, Func`4 verifySucceeded, CancellationToken cancellationToken)
   at Microsoft.EntityFrameworkCore.DbContext.SaveChangesAsync(Boolean acceptAllChangesOnSuccess, CancellationToken cancellationToken)
[11:34:16 ERR] Database migration or seed failed. Check PostgreSQL is running and ConnectionStrings:DefaultConnection is correct.
Microsoft.EntityFrameworkCore.DbUpdateException: An error occurred while saving the entity changes. See the inner exception for details.
 ---> Npgsql.PostgresException (0x80004005): 23503: insert or update on table "CrmSupportTickets" violates foreign key constraint "FK_CrmSupportTickets_CrmCustomers_CustomerId"

DETAIL: Detail redacted as it may contain sensitive data. Specify 'Include Error Detail' in the connection string to include this information.
   at Npgsql.Internal.NpgsqlConnector.ReadMessageLong(Boolean async, DataRowLoadingMode dataRowLoadingMode, Boolean readingNotifications, Boolean isReadingPrependedMessage)
   at System.Runtime.CompilerServices.PoolingAsyncValueTaskMethodBuilder`1.StateMachineBox`1.System.Threading.Tasks.Sources.IValueTaskSource<TResult>.GetResult(Int16 token)
   at Npgsql.NpgsqlDataReader.NextResult(Boolean async, Boolean isConsuming, CancellationToken cancellationToken)
   at Npgsql.NpgsqlDataReader.NextResult(Boolean async, Boolean isConsuming, CancellationToken cancellationToken)
   at Npgsql.NpgsqlCommand.ExecuteReader(Boolean async, CommandBehavior behavior, CancellationToken cancellationToken)
   at Npgsql.NpgsqlCommand.ExecuteReader(Boolean async, CommandBehavior behavior, CancellationToken cancellationToken)
   at Npgsql.NpgsqlCommand.ExecuteDbDataReaderAsync(CommandBehavior behavior, CancellationToken cancellationToken)
   at Microsoft.EntityFrameworkCore.Storage.RelationalCommand.ExecuteReaderAsync(RelationalCommandParameterObject parameterObject, CancellationToken cancellationToken)
   at Microsoft.EntityFrameworkCore.Storage.RelationalCommand.ExecuteReaderAsync(RelationalCommandParameterObject parameterObject, CancellationToken cancellationToken)
   at Microsoft.EntityFrameworkCore.Update.ReaderModificationCommandBatch.ExecuteAsync(IRelationalConnection connection, CancellationToken cancellationToken)
  Exception data:
    Severity: ERROR
    SqlState: 23503
    MessageText: insert or update on table "CrmSupportTickets" violates foreign key constraint "FK_CrmSupportTickets_CrmCustomers_CustomerId"
    Detail: Detail redacted as it may contain sensitive data. Specify 'Include Error Detail' in the connection string to include this information.
    SchemaName: public
    TableName: CrmSupportTickets
    ConstraintName: FK_CrmSupportTickets_CrmCustomers_CustomerId
    File: ri_triggers.c
    Line: 2783
    Routine: ri_ReportViolation
   --- End of inner exception stack trace ---
   at Microsoft.EntityFrameworkCore.Update.ReaderModificationCommandBatch.ExecuteAsync(IRelationalConnection connection, CancellationToken cancellationToken)
   at Microsoft.EntityFrameworkCore.Update.Internal.BatchExecutor.ExecuteAsync(IEnumerable`1 commandBatches, IRelationalConnection connection, CancellationToken cancellationToken)
   at Microsoft.EntityFrameworkCore.Update.Internal.BatchExecutor.ExecuteAsync(IEnumerable`1 commandBatches, IRelationalConnection connection, CancellationToken cancellationToken)
   at Microsoft.EntityFrameworkCore.Update.Internal.BatchExecutor.ExecuteAsync(IEnumerable`1 commandBatches, IRelationalConnection connection, CancellationToken cancellationToken)
   at Microsoft.EntityFrameworkCore.Storage.RelationalDatabase.SaveChangesAsync(IList`1 entries, CancellationToken cancellationToken)
   at Microsoft.EntityFrameworkCore.ChangeTracking.Internal.StateManager.SaveChangesAsync(IList`1 entriesToSave, CancellationToken cancellationToken)
   at Microsoft.EntityFrameworkCore.ChangeTracking.Internal.StateManager.SaveChangesAsync(StateManager stateManager, Boolean acceptAllChangesOnSuccess, CancellationToken cancellationToken)
   at Npgsql.EntityFrameworkCore.PostgreSQL.Storage.Internal.NpgsqlExecutionStrategy.ExecuteAsync[TState,TResult](TState state, Func`4 operation, Func`4 verifySucceeded, CancellationToken cancellationToken)
   at Microsoft.EntityFrameworkCore.DbContext.SaveChangesAsync(Boolean acceptAllChangesOnSuccess, CancellationToken cancellationToken)
   at Microsoft.EntityFrameworkCore.DbContext.SaveChangesAsync(Boolean acceptAllChangesOnSuccess, CancellationToken cancellationToken)
   at Biktal.Infrastructure.Persistence.CrmDataSeeder.SeedIfEmptyAsync(ApplicationDbContext db, CancellationToken cancellationToken)
   at Program.<Main>$(String[] args) in d:\Systems\BiktalSystems\Program.cs:line 71
[11:34:16 WRN] Continuing without a successful migration/seed. Auth and data pages may fail until the database is available.
[11:34:16 WRN] Using an in-memory repository. Keys will not be persisted to storage.
[11:34:16 WRN] Neither user profile nor HKLM registry available. Using an ephemeral key repository. Protected data will be unavailable when application exits.
[11:34:16 WRN] No XML encryptor configured. Key {fc97e535-e2a9-4273-8954-460cf04f044b} may be persisted to storage in unencrypted form.
[11:34:16 INF] Application started. Press Ctrl+C to shut down.
[11:34:16 INF] Hosting environment: Production
[11:34:16 INF] Content root path: D:\Systems\BiktalSystems\publish
[11:34:16 INF] HTTP GET /Pos responded 302 in 163.0394 ms
[11:34:16 ERR] An exception was thrown while deserializing the token.
Microsoft.AspNetCore.Antiforgery.AntiforgeryValidationException: The antiforgery token could not be decrypted.
 ---> System.Security.Cryptography.CryptographicException: The key {1e4ca2ff-c1f7-451a-9610-04a708ead65b} was not found in the key ring. For more information go to https://aka.ms/aspnet/dataprotectionwarning
   at Microsoft.AspNetCore.DataProtection.KeyManagement.KeyRingBasedDataProtector.UnprotectCore(Byte[] protectedData, Boolean allowOperationsOnRevokedKeys, UnprotectStatus& status)
   at Microsoft.AspNetCore.DataProtection.KeyManagement.KeyRingBasedDataProtector.Unprotect(Byte[] protectedData)
   at Microsoft.AspNetCore.Antiforgery.DefaultAntiforgeryTokenSerializer.Deserialize(String serializedToken)
   --- End of inner exception stack trace ---
   at Microsoft.AspNetCore.Antiforgery.DefaultAntiforgeryTokenSerializer.Deserialize(String serializedToken)
   at Microsoft.AspNetCore.Antiforgery.DefaultAntiforgery.GetCookieTokenDoesNotThrow(HttpContext httpContext)
[11:34:17 INF] HTTP GET /Account/Login responded 200 in 374.5965 ms
[11:34:17 INF] HTTP GET /css/site.css responded 200 in 89.8449 ms
[11:34:17 INF] HTTP GET /Biktal.WebMVC.styles.css responded 200 in 94.8078 ms
[11:34:17 INF] HTTP GET /lib/jquery-validation/dist/jquery.validate.min.js responded 200 in 62.7148 ms
[11:34:17 INF] HTTP GET /lib/jquery-validation-unobtrusive/dist/jquery.validate.unobtrusive.min.js responded 200 in 88.6944 ms
[11:34:17 INF] HTTP GET /js/site.js responded 200 in 91.0308 ms
[11:34:17 INF] HTTP GET /lib/bootstrap/dist/js/bootstrap.bundle.min.js responded 200 in 90.8967 ms
[11:34:17 INF] HTTP GET /lib/bootstrap/dist/css/bootstrap.min.css responded 200 in 99.7755 ms
[11:34:17 INF] HTTP GET /lib/jquery/dist/jquery.min.js responded 200 in 93.2966 ms
[11:34:58 INF] HTTP POST /Account/Login responded 302 in 589.7788 ms
[11:34:58 WRN] The query uses the 'First'/'FirstOrDefault' operator without 'OrderBy' and filter operators. This may lead to unpredictable results.
[11:34:58 INF] HTTP GET /Pos responded 200 in 166.3699 ms
[11:34:58 INF] HTTP GET /Biktal.WebMVC.styles.css responded 200 in 2.8751 ms
[11:34:58 INF] HTTP GET /lib/bootstrap/dist/css/bootstrap.min.css responded 200 in 13.1539 ms
[11:34:58 INF] HTTP GET /css/site.css responded 200 in 5.2208 ms
[11:34:58 INF] HTTP GET /js/site.js responded 304 in 25.3603 ms
[11:34:58 INF] HTTP GET /lib/jquery/dist/jquery.min.js responded 304 in 63.3354 ms
[11:34:58 INF] HTTP GET /js/pos.js responded 200 in 103.4099 ms
[11:34:58 INF] HTTP GET /lib/bootstrap/dist/js/bootstrap.bundle.min.js responded 304 in 221.6521 ms
[11:37:23 INF] HTTP GET /Inventory responded 200 in 241.9016 ms
[11:37:23 INF] HTTP GET /lib/bootstrap/dist/css/bootstrap.min.css responded 200 in 4.2295 ms
[11:37:23 INF] HTTP GET /css/site.css responded 200 in 3.2457 ms
[11:37:23 INF] HTTP GET /lib/jquery/dist/jquery.min.js responded 200 in 3.4856 ms
[11:37:23 INF] HTTP GET /Biktal.WebMVC.styles.css responded 200 in 2.3657 ms
[11:37:23 INF] HTTP GET /lib/bootstrap/dist/js/bootstrap.bundle.min.js responded 200 in 2.2647 ms
[11:37:23 INF] HTTP GET /js/site.js responded 200 in 2.1465 ms
[11:37:25 INF] HTTP GET /Inventory/Products responded 200 in 294.9987 ms
[11:37:25 INF] HTTP GET /lib/bootstrap/dist/css/bootstrap.min.css responded 200 in 1.8731 ms
[11:37:25 INF] HTTP GET /css/site.css responded 200 in 1.5593 ms
[11:37:25 INF] HTTP GET /Biktal.WebMVC.styles.css responded 200 in 1.3922 ms
[11:37:26 INF] HTTP GET /lib/jquery/dist/jquery.min.js responded 304 in 0.5410 ms
[11:37:26 INF] HTTP GET /lib/bootstrap/dist/js/bootstrap.bundle.min.js responded 304 in 0.6733 ms
[11:37:26 INF] HTTP GET /js/site.js responded 304 in 0.5318 ms
[11:37:26 INF] HTTP GET /js/products-catalog-filter.js responded 200 in 1.2857 ms
[11:37:26 INF] HTTP GET /lib/jquery-validation-unobtrusive/dist/jquery.validate.unobtrusive.min.js responded 200 in 16.4439 ms
[11:37:26 INF] HTTP GET /lib/jquery-validation/dist/jquery.validate.min.js responded 200 in 23.6650 ms
[11:42:11 INF] HTTP POST /Inventory/AddProduct responded 302 in 330.2567 ms
[11:42:11 INF] HTTP GET /Inventory/Products responded 200 in 67.7368 ms
[11:42:12 INF] HTTP GET /lib/bootstrap/dist/css/bootstrap.min.css responded 200 in 1.9618 ms
[11:42:12 INF] HTTP GET /css/site.css responded 200 in 3.6032 ms
[11:42:12 INF] HTTP GET /Biktal.WebMVC.styles.css responded 200 in 2.6982 ms
[11:42:13 INF] HTTP GET /lib/jquery/dist/jquery.min.js responded 200 in 3.2465 ms
[11:42:13 INF] HTTP GET /js/site.js responded 200 in 1.5901 ms
[11:42:13 INF] HTTP GET /lib/bootstrap/dist/js/bootstrap.bundle.min.js responded 200 in 1.6343 ms
[11:42:13 INF] HTTP GET /lib/jquery-validation/dist/jquery.validate.min.js responded 200 in 1.9196 ms
[11:42:13 INF] HTTP GET /lib/jquery-validation-unobtrusive/dist/jquery.validate.unobtrusive.min.js responded 200 in 1.3200 ms
[11:42:13 INF] HTTP GET /js/products-catalog-filter.js responded 200 in 3.1930 ms
[11:43:36 INF] HTTP POST /Inventory/AddProduct responded 302 in 18.1907 ms
[11:43:36 INF] HTTP GET /Inventory/Products responded 200 in 78.4953 ms
[11:43:36 INF] HTTP GET /lib/bootstrap/dist/css/bootstrap.min.css responded 200 in 2.0491 ms
[11:43:36 INF] HTTP GET /css/site.css responded 200 in 1.4253 ms
[11:43:36 INF] HTTP GET /Biktal.WebMVC.styles.css responded 200 in 1.1135 ms
[11:43:37 INF] HTTP GET /lib/jquery/dist/jquery.min.js responded 200 in 1.6391 ms
[11:43:37 INF] HTTP GET /js/site.js responded 200 in 1.2528 ms
[11:43:37 INF] HTTP GET /lib/jquery-validation/dist/jquery.validate.min.js responded 200 in 0.9165 ms
[11:43:37 INF] HTTP GET /lib/jquery-validation-unobtrusive/dist/jquery.validate.unobtrusive.min.js responded 200 in 1.6176 ms
[11:43:37 INF] HTTP GET /js/products-catalog-filter.js responded 200 in 1.5420 ms
[11:43:37 INF] HTTP GET /lib/bootstrap/dist/js/bootstrap.bundle.min.js responded 200 in 5.1767 ms
[11:44:38 INF] HTTP POST /Inventory/AddProduct responded 302 in 21.3100 ms
[11:44:38 INF] HTTP GET /Inventory/Products responded 200 in 83.8068 ms
[11:44:38 INF] HTTP GET /lib/bootstrap/dist/css/bootstrap.min.css responded 200 in 1.3179 ms
[11:44:38 INF] HTTP GET /css/site.css responded 200 in 1.2676 ms
[11:44:38 INF] HTTP GET /Biktal.WebMVC.styles.css responded 200 in 2.2399 ms
[11:44:39 INF] HTTP GET /lib/jquery/dist/jquery.min.js responded 200 in 0.9049 ms
[11:44:39 INF] HTTP GET /js/site.js responded 200 in 1.0925 ms
[11:44:39 INF] HTTP GET /lib/bootstrap/dist/js/bootstrap.bundle.min.js responded 200 in 1.0525 ms
[11:44:39 INF] HTTP GET /lib/jquery-validation/dist/jquery.validate.min.js responded 200 in 1.0300 ms
[11:44:39 INF] HTTP GET /js/products-catalog-filter.js responded 200 in 0.7068 ms
[11:44:39 INF] HTTP GET /lib/jquery-validation-unobtrusive/dist/jquery.validate.unobtrusive.min.js responded 200 in 0.9284 ms
[11:45:29 INF] HTTP POST /Inventory/AddProduct responded 200 in 75.3409 ms
[11:45:30 INF] HTTP GET /lib/bootstrap/dist/css/bootstrap.min.css responded 200 in 1.1047 ms
[11:45:30 INF] HTTP GET /Biktal.WebMVC.styles.css responded 200 in 1.3549 ms
[11:45:30 INF] HTTP GET /css/site.css responded 200 in 1.2562 ms
[11:45:30 INF] HTTP GET /lib/jquery/dist/jquery.min.js responded 304 in 0.6492 ms
[11:45:30 INF] HTTP GET /lib/bootstrap/dist/js/bootstrap.bundle.min.js responded 304 in 1.2089 ms
[11:45:30 INF] HTTP GET /js/site.js responded 304 in 0.4795 ms
[11:45:30 INF] HTTP GET /lib/jquery-validation/dist/jquery.validate.min.js responded 304 in 0.7295 ms
[11:45:30 INF] HTTP GET /lib/jquery-validation-unobtrusive/dist/jquery.validate.unobtrusive.min.js responded 304 in 1.1535 ms
[11:45:30 INF] HTTP GET /js/products-catalog-filter.js responded 304 in 1.7976 ms
[11:45:42 INF] HTTP POST /Inventory/AddProduct responded 302 in 22.9847 ms
[11:45:42 INF] HTTP GET /Inventory/Products responded 200 in 77.1845 ms
[11:45:42 INF] HTTP GET /css/site.css responded 200 in 4.6282 ms
[11:45:42 INF] HTTP GET /lib/bootstrap/dist/css/bootstrap.min.css responded 200 in 4.7599 ms
[11:45:42 INF] HTTP GET /Biktal.WebMVC.styles.css responded 200 in 3.3761 ms
[11:45:43 INF] HTTP GET /lib/jquery/dist/jquery.min.js responded 304 in 0.6373 ms
[11:45:43 INF] HTTP GET /lib/bootstrap/dist/js/bootstrap.bundle.min.js responded 304 in 1.6783 ms
[11:45:43 INF] HTTP GET /js/site.js responded 304 in 0.5487 ms
[11:45:43 INF] HTTP GET /lib/jquery-validation/dist/jquery.validate.min.js responded 304 in 1.0133 ms
[11:45:43 INF] HTTP GET /lib/jquery-validation-unobtrusive/dist/jquery.validate.unobtrusive.min.js responded 304 in 0.8822 ms
[11:45:43 INF] HTTP GET /js/products-catalog-filter.js responded 304 in 1.1623 ms
[11:48:56 INF] HTTP GET /Inventory/Products responded 200 in 247.7657 ms
[11:48:56 INF] HTTP GET /Biktal.WebMVC.styles.css responded 200 in 1.0290 ms
[11:48:56 INF] HTTP GET /css/site.css responded 200 in 0.8004 ms
[11:48:56 INF] HTTP GET /lib/bootstrap/dist/css/bootstrap.min.css responded 200 in 0.9533 ms
[11:48:58 INF] HTTP GET /lib/jquery/dist/jquery.min.js responded 200 in 0.7284 ms
[11:48:58 INF] HTTP GET /js/site.js responded 200 in 0.9033 ms
[11:48:58 INF] HTTP GET /lib/bootstrap/dist/js/bootstrap.bundle.min.js responded 200 in 10.7170 ms
[11:48:58 INF] HTTP GET /lib/jquery-validation/dist/jquery.validate.min.js responded 200 in 4.3917 ms
[11:48:58 INF] HTTP GET /lib/jquery-validation-unobtrusive/dist/jquery.validate.unobtrusive.min.js responded 200 in 3.7425 ms
[11:48:58 INF] HTTP GET /js/products-catalog-filter.js responded 200 in 1.6109 ms
[11:49:03 INF] HTTP POST /Inventory/EditProduct responded 302 in 53.8494 ms
[11:49:03 INF] HTTP GET /Inventory/Products responded 200 in 38.9408 ms
[11:49:03 INF] HTTP GET /lib/bootstrap/dist/css/bootstrap.min.css responded 304 in 1.4890 ms
[11:49:03 INF] HTTP GET /css/site.css responded 304 in 0.6343 ms
[11:49:03 INF] HTTP GET /Biktal.WebMVC.styles.css responded 304 in 0.2944 ms
[11:49:04 INF] HTTP GET /lib/jquery/dist/jquery.min.js responded 304 in 0.2589 ms
[11:49:04 INF] HTTP GET /lib/bootstrap/dist/js/bootstrap.bundle.min.js responded 304 in 1.0185 ms
[11:49:04 INF] HTTP GET /lib/jquery-validation/dist/jquery.validate.min.js responded 304 in 0.2764 ms
[11:49:04 INF] HTTP GET /js/site.js responded 304 in 2.0573 ms
[11:49:04 INF] HTTP GET /lib/jquery-validation-unobtrusive/dist/jquery.validate.unobtrusive.min.js responded 304 in 0.4540 ms
[11:49:04 INF] HTTP GET /js/products-catalog-filter.js responded 304 in 0.5761 ms
[11:52:27 INF] HTTP POST /Inventory/AddProduct responded 302 in 9.3714 ms
[11:52:27 INF] HTTP GET /Inventory/Products responded 200 in 79.4047 ms
[11:52:28 INF] HTTP GET /lib/bootstrap/dist/css/bootstrap.min.css responded 200 in 0.8245 ms
[11:52:28 INF] HTTP GET /Biktal.WebMVC.styles.css responded 200 in 0.6887 ms
[11:52:28 INF] HTTP GET /css/site.css responded 200 in 1.2153 ms
[11:52:29 INF] HTTP GET /lib/jquery/dist/jquery.min.js responded 200 in 0.6587 ms
[11:52:29 INF] HTTP GET /js/site.js responded 200 in 0.6937 ms
[11:52:29 INF] HTTP GET /lib/bootstrap/dist/js/bootstrap.bundle.min.js responded 200 in 0.8266 ms
[11:52:29 INF] HTTP GET /lib/jquery-validation-unobtrusive/dist/jquery.validate.unobtrusive.min.js responded 200 in 1.3654 ms
[11:52:29 INF] HTTP GET /js/products-catalog-filter.js responded 200 in 15.3658 ms
[11:52:29 INF] HTTP GET /lib/jquery-validation/dist/jquery.validate.min.js responded 200 in 1.2973 ms
[11:53:56 INF] HTTP POST /Inventory/AddProduct responded 302 in 8.4005 ms
[11:53:56 INF] HTTP GET /Inventory/Products responded 200 in 63.2626 ms
[11:53:56 INF] HTTP GET /css/site.css responded 200 in 1.4427 ms
[11:53:56 INF] HTTP GET /Biktal.WebMVC.styles.css responded 200 in 0.7923 ms
[11:53:56 INF] HTTP GET /lib/bootstrap/dist/css/bootstrap.min.css responded 200 in 2.1023 ms
[11:53:57 INF] HTTP GET /lib/jquery/dist/jquery.min.js responded 200 in 0.6794 ms
[11:53:57 INF] HTTP GET /js/site.js responded 200 in 1.1104 ms
[11:53:57 INF] HTTP GET /lib/bootstrap/dist/js/bootstrap.bundle.min.js responded 200 in 1.3819 ms
[11:53:57 INF] HTTP GET /lib/jquery-validation-unobtrusive/dist/jquery.validate.unobtrusive.min.js responded 200 in 1.2051 ms
[11:53:57 INF] HTTP GET /lib/jquery-validation/dist/jquery.validate.min.js responded 200 in 1.5263 ms
[11:53:57 INF] HTTP GET /js/products-catalog-filter.js responded 200 in 0.8647 ms
[12:14:51 INF] Application is shutting down...
