[18:15:58 WRN] Using an in-memory repository. Keys will not be persisted to storage.
[18:15:58 WRN] Neither user profile nor HKLM registry available. Using an ephemeral key repository. Protected data will be unavailable when application exits.
[18:15:58 WRN] No XML encryptor configured. Key {e04e627d-54b2-4317-a39f-5ae8a248ae99} may be persisted to storage in unencrypted form.
[18:15:58 INF] Application started. Press Ctrl+C to shut down.
[18:15:58 INF] Hosting environment: Production
[18:15:58 INF] Content root path: D:\Systems\BiktalSystems\publish
[18:15:58 WRN] The query uses the 'First'/'FirstOrDefault' operator without 'OrderBy' and filter operators. This may lead to unpredictable results.
[18:15:58 ERR] HTTP GET /Inventory/Products responded 500 in 251.9541 ms
System.OperationCanceledException: The operation was canceled.
   at System.Threading.CancellationToken.ThrowOperationCanceledException()
   at System.Threading.CancellationToken.ThrowIfCancellationRequested()
   at Npgsql.NpgsqlCommand.ExecuteReader(Boolean async, CommandBehavior behavior, CancellationToken cancellationToken)
   at Npgsql.NpgsqlCommand.ExecuteReader(Boolean async, CommandBehavior behavior, CancellationToken cancellationToken)
   at Npgsql.NpgsqlCommand.ExecuteDbDataReaderAsync(CommandBehavior behavior, CancellationToken cancellationToken)
   at Microsoft.EntityFrameworkCore.Storage.RelationalCommand.ExecuteReaderAsync(RelationalCommandParameterObject parameterObject, CancellationToken cancellationToken)
   at Microsoft.EntityFrameworkCore.Storage.RelationalCommand.ExecuteReaderAsync(RelationalCommandParameterObject parameterObject, CancellationToken cancellationToken)
   at Microsoft.EntityFrameworkCore.Query.Internal.SingleQueryingEnumerable`1.AsyncEnumerator.InitializeReaderAsync(AsyncEnumerator enumerator, CancellationToken cancellationToken)
   at Npgsql.EntityFrameworkCore.PostgreSQL.Storage.Internal.NpgsqlExecutionStrategy.ExecuteAsync[TState,TResult](TState state, Func`4 operation, Func`4 verifySucceeded, CancellationToken cancellationToken)
   at Microsoft.EntityFrameworkCore.Query.Internal.SingleQueryingEnumerable`1.AsyncEnumerator.MoveNextAsync()
   at Microsoft.EntityFrameworkCore.EntityFrameworkQueryableExtensions.ToListAsync[TSource](IQueryable`1 source, CancellationToken cancellationToken)
   at Microsoft.EntityFrameworkCore.EntityFrameworkQueryableExtensions.ToListAsync[TSource](IQueryable`1 source, CancellationToken cancellationToken)
   at Biktal.WebMVC.Controllers.InventoryController.BuildProductsPageViewModelAsync(AddProductFormModel newProduct, Boolean openAddProductModal, EditProductFormModel editProduct, Boolean openEditProductModal, CancellationToken cancellationToken) in D:\Systems\BiktalSystems\Controllers\InventoryController.cs:line 711
   at Biktal.WebMVC.Controllers.InventoryController.Products(Nullable`1 editId, CancellationToken cancellationToken) in D:\Systems\BiktalSystems\Controllers\InventoryController.cs:line 66
   at Microsoft.AspNetCore.Mvc.Infrastructure.ActionMethodExecutor.TaskOfIActionResultExecutor.Execute(ActionContext actionContext, IActionResultTypeMapper mapper, ObjectMethodExecutor executor, Object controller, Object[] arguments)
   at Microsoft.AspNetCore.Mvc.Infrastructure.ControllerActionInvoker.<InvokeActionMethodAsync>g__Awaited|12_0(ControllerActionInvoker invoker, ValueTask`1 actionResultValueTask)
   at Microsoft.AspNetCore.Mvc.Infrastructure.ControllerActionInvoker.<InvokeNextActionFilterAsync>g__Awaited|10_0(ControllerActionInvoker invoker, Task lastTask, State next, Scope scope, Object state, Boolean isCompleted)
   at Microsoft.AspNetCore.Mvc.Infrastructure.ControllerActionInvoker.Rethrow(ActionExecutedContextSealed context)
   at Microsoft.AspNetCore.Mvc.Infrastructure.ControllerActionInvoker.Next(State& next, Scope& scope, Object& state, Boolean& isCompleted)
   at Microsoft.AspNetCore.Mvc.Infrastructure.ControllerActionInvoker.InvokeInnerFilterAsync()
--- End of stack trace from previous location ---
   at Microsoft.AspNetCore.Mvc.Infrastructure.ResourceInvoker.<InvokeNextResourceFilter>g__Awaited|25_0(ResourceInvoker invoker, Task lastTask, State next, Scope scope, Object state, Boolean isCompleted)
   at Microsoft.AspNetCore.Mvc.Infrastructure.ResourceInvoker.Rethrow(ResourceExecutedContextSealed context)
   at Microsoft.AspNetCore.Mvc.Infrastructure.ResourceInvoker.Next(State& next, Scope& scope, Object& state, Boolean& isCompleted)
   at Microsoft.AspNetCore.Mvc.Infrastructure.ResourceInvoker.InvokeFilterPipelineAsync()
--- End of stack trace from previous location ---
   at Microsoft.AspNetCore.Mvc.Infrastructure.ResourceInvoker.<InvokeAsync>g__Awaited|17_0(ResourceInvoker invoker, Task task, IDisposable scope)
   at Microsoft.AspNetCore.Mvc.Infrastructure.ResourceInvoker.<InvokeAsync>g__Awaited|17_0(ResourceInvoker invoker, Task task, IDisposable scope)
   at Microsoft.AspNetCore.Authorization.AuthorizationMiddleware.Invoke(HttpContext context)
   at Program.<>c.<<<Main>$>b__0_2>d.MoveNext() in D:\Systems\BiktalSystems\Program.cs:line 71
--- End of stack trace from previous location ---
   at Microsoft.AspNetCore.Authentication.AuthenticationMiddleware.Invoke(HttpContext context)
   at Microsoft.AspNetCore.Routing.EndpointRoutingMiddleware.<Invoke>g__AwaitMatcher|10_0(EndpointRoutingMiddleware middleware, HttpContext httpContext, Task`1 matcherTask)
   at Serilog.AspNetCore.RequestLoggingMiddleware.Invoke(HttpContext httpContext)
[18:15:59 ERR] An exception was thrown while deserializing the token.
Microsoft.AspNetCore.Antiforgery.AntiforgeryValidationException: The antiforgery token could not be decrypted.
 ---> System.Security.Cryptography.CryptographicException: The key {3592d194-8447-4b71-8705-9e97e1669bc5} was not found in the key ring. For more information go to https://aka.ms/aspnet/dataprotectionwarning
   at Microsoft.AspNetCore.DataProtection.KeyManagement.KeyRingBasedDataProtector.UnprotectCore(Byte[] protectedData, Boolean allowOperationsOnRevokedKeys, UnprotectStatus& status)
   at Microsoft.AspNetCore.DataProtection.KeyManagement.KeyRingBasedDataProtector.Unprotect(Byte[] protectedData)
   at Microsoft.AspNetCore.Antiforgery.DefaultAntiforgeryTokenSerializer.Deserialize(String serializedToken)
   --- End of inner exception stack trace ---
   at Microsoft.AspNetCore.Antiforgery.DefaultAntiforgeryTokenSerializer.Deserialize(String serializedToken)
   at Microsoft.AspNetCore.Antiforgery.DefaultAntiforgery.GetCookieTokenDoesNotThrow(HttpContext httpContext)
[18:15:59 INF] HTTP GET / responded 200 in 464.1964 ms
[18:15:59 INF] HTTP GET /lib/bootstrap/dist/css/bootstrap.min.css responded 200 in 56.3870 ms
[18:15:59 INF] HTTP GET /Biktal.WebMVC.styles.css responded 200 in 56.9271 ms
[18:15:59 INF] HTTP GET /css/site.css responded 200 in 56.1285 ms
[18:15:59 INF] HTTP GET /js/pos.js responded 200 in 6.4281 ms
[18:15:59 INF] HTTP GET /lib/bootstrap/dist/js/bootstrap.bundle.min.js responded 200 in 7.7451 ms
[18:15:59 INF] HTTP GET /lib/jquery/dist/jquery.min.js responded 200 in 7.9410 ms
[18:15:59 INF] HTTP GET /js/site.js responded 200 in 76.2803 ms
[18:16:01 INF] HTTP GET / responded 200 in 147.8394 ms
[18:16:01 INF] HTTP GET /lib/bootstrap/dist/css/bootstrap.min.css responded 200 in 10.2007 ms
[18:16:01 INF] HTTP GET /css/site.css responded 200 in 8.0021 ms
[18:16:01 INF] HTTP GET /Biktal.WebMVC.styles.css responded 200 in 1.4878 ms
[18:16:01 INF] HTTP GET /js/pos.js responded 304 in 1.6019 ms
[18:16:01 INF] HTTP GET /js/site.js responded 304 in 0.6537 ms
[18:16:01 INF] HTTP GET /lib/jquery/dist/jquery.min.js responded 304 in 27.7879 ms
[18:16:01 INF] HTTP GET /lib/bootstrap/dist/js/bootstrap.bundle.min.js responded 304 in 131.8147 ms
[18:16:32 INF] HTTP GET /Inventory/Products responded 200 in 553.9369 ms
[18:16:32 INF] HTTP GET /lib/bootstrap/dist/css/bootstrap.min.css responded 200 in 2.9182 ms
[18:16:32 INF] HTTP GET /css/site.css responded 200 in 1.3733 ms
[18:16:32 INF] HTTP GET /Biktal.WebMVC.styles.css responded 200 in 1.2023 ms
[18:16:33 INF] HTTP GET /lib/jquery/dist/jquery.min.js responded 304 in 0.2838 ms
[18:16:33 INF] HTTP GET /lib/bootstrap/dist/js/bootstrap.bundle.min.js responded 304 in 0.3027 ms
[18:16:33 INF] HTTP GET /js/site.js responded 304 in 0.6708 ms
[18:16:33 INF] HTTP GET /lib/jquery-validation/dist/jquery.validate.min.js responded 200 in 2.6403 ms
[18:16:33 INF] HTTP GET /lib/jquery-validation-unobtrusive/dist/jquery.validate.unobtrusive.min.js responded 200 in 2.8810 ms
[18:16:33 INF] HTTP GET /js/products-catalog-filter.js responded 200 in 1.7361 ms
[18:36:17 INF] HTTP GET / responded 200 in 246.0835 ms
[18:36:17 INF] HTTP GET /lib/bootstrap/dist/css/bootstrap.min.css responded 200 in 34.9419 ms
[18:36:17 INF] HTTP GET /Biktal.WebMVC.styles.css responded 200 in 31.9850 ms
[18:36:17 INF] HTTP GET /js/site.js responded 200 in 16.2259 ms
[18:36:17 INF] HTTP GET /lib/jquery/dist/jquery.min.js responded 200 in 47.6745 ms
[18:36:17 INF] HTTP GET /css/site.css responded 200 in 48.6395 ms
[18:36:17 INF] HTTP GET /js/pos.js responded 200 in 30.7962 ms
[18:36:17 INF] HTTP GET /lib/bootstrap/dist/js/bootstrap.bundle.min.js responded 200 in 34.5114 ms
[18:38:34 INF] HTTP POST /Inventory/AddProduct responded 302 in 351.9554 ms
[18:38:34 INF] HTTP GET /Inventory/Products responded 200 in 130.0861 ms
[18:38:34 INF] HTTP GET /lib/bootstrap/dist/css/bootstrap.min.css responded 200 in 1.6471 ms
[18:38:34 INF] HTTP GET /css/site.css responded 200 in 1.2557 ms
[18:38:34 INF] HTTP GET /Biktal.WebMVC.styles.css responded 200 in 2.0777 ms
[18:38:35 INF] HTTP GET /lib/jquery/dist/jquery.min.js responded 200 in 0.8987 ms
[18:38:35 INF] HTTP GET /lib/bootstrap/dist/js/bootstrap.bundle.min.js responded 200 in 0.9846 ms
[18:38:35 INF] HTTP GET /js/site.js responded 200 in 1.8515 ms
[18:38:35 INF] HTTP GET /js/products-catalog-filter.js responded 200 in 3.8625 ms
[18:38:35 INF] HTTP GET /lib/jquery-validation-unobtrusive/dist/jquery.validate.unobtrusive.min.js responded 200 in 30.4275 ms
[18:38:35 INF] HTTP GET /lib/jquery-validation/dist/jquery.validate.min.js responded 200 in 37.8499 ms
[18:38:38 INF] HTTP GET / responded 200 in 20.4597 ms
[18:38:38 INF] HTTP GET /css/site.css responded 304 in 1.1168 ms
[18:38:38 INF] HTTP GET /Biktal.WebMVC.styles.css responded 304 in 0.4601 ms
[18:38:38 INF] HTTP GET /lib/jquery/dist/jquery.min.js responded 304 in 0.1326 ms
[18:38:38 INF] HTTP GET /lib/bootstrap/dist/css/bootstrap.min.css responded 304 in 0.5518 ms
[18:38:38 INF] HTTP GET /lib/bootstrap/dist/js/bootstrap.bundle.min.js responded 304 in 2.0562 ms
[18:38:38 INF] HTTP GET /js/site.js responded 304 in 0.3208 ms
[18:38:38 INF] HTTP GET /js/pos.js responded 200 in 1.7389 ms
[18:39:15 INF] HTTP POST /Pos/CompleteSale responded 200 in 692.3902 ms
[18:57:29 INF] HTTP GET /Inventory/Products responded 200 in 155.3053 ms
[18:57:29 INF] HTTP GET /lib/bootstrap/dist/css/bootstrap.min.css responded 200 in 4.1725 ms
[18:57:29 INF] HTTP GET /css/site.css responded 200 in 0.7905 ms
[18:57:29 INF] HTTP GET /Biktal.WebMVC.styles.css responded 200 in 1.1252 ms
[18:57:30 INF] HTTP GET /lib/jquery/dist/jquery.min.js responded 200 in 1.0347 ms
[18:57:30 INF] HTTP GET /lib/bootstrap/dist/js/bootstrap.bundle.min.js responded 200 in 3.2452 ms
[18:57:30 INF] HTTP GET /lib/jquery-validation/dist/jquery.validate.min.js responded 200 in 1.1336 ms
[18:57:30 INF] HTTP GET /lib/jquery-validation-unobtrusive/dist/jquery.validate.unobtrusive.min.js responded 200 in 0.8417 ms
[18:57:30 INF] HTTP GET /js/products-catalog-filter.js responded 200 in 0.8556 ms
[18:57:30 INF] HTTP GET /js/site.js responded 200 in 5.3119 ms
[18:59:43 INF] HTTP POST /Inventory/AddProduct responded 302 in 44.3647 ms
[18:59:44 INF] HTTP GET /Inventory/Products responded 200 in 137.2140 ms
[18:59:44 INF] HTTP GET /lib/bootstrap/dist/css/bootstrap.min.css responded 200 in 0.6525 ms
[18:59:44 INF] HTTP GET /css/site.css responded 200 in 0.7698 ms
[18:59:44 INF] HTTP GET /Biktal.WebMVC.styles.css responded 200 in 0.4959 ms
[18:59:45 INF] HTTP GET /lib/jquery/dist/jquery.min.js responded 200 in 1.1078 ms
[18:59:45 INF] HTTP GET /lib/jquery-validation/dist/jquery.validate.min.js responded 200 in 0.4770 ms
[18:59:45 INF] HTTP GET /js/site.js responded 200 in 0.7841 ms
[18:59:45 INF] HTTP GET /lib/bootstrap/dist/js/bootstrap.bundle.min.js responded 200 in 7.3821 ms
[18:59:45 INF] HTTP GET /js/products-catalog-filter.js responded 200 in 7.0414 ms
[18:59:45 INF] HTTP GET /lib/jquery-validation-unobtrusive/dist/jquery.validate.unobtrusive.min.js responded 200 in 7.4256 ms
[18:59:46 INF] HTTP GET / responded 200 in 24.3558 ms
[18:59:46 INF] HTTP GET /lib/bootstrap/dist/css/bootstrap.min.css responded 304 in 0.5123 ms
[18:59:46 INF] HTTP GET /css/site.css responded 304 in 0.3383 ms
[18:59:46 INF] HTTP GET /Biktal.WebMVC.styles.css responded 304 in 0.1508 ms
[18:59:46 INF] HTTP GET /lib/jquery/dist/jquery.min.js responded 304 in 0.3844 ms
[18:59:46 INF] HTTP GET /lib/bootstrap/dist/js/bootstrap.bundle.min.js responded 304 in 0.3717 ms
[18:59:46 INF] HTTP GET /js/site.js responded 304 in 0.2003 ms
[18:59:46 INF] HTTP GET /js/pos.js responded 200 in 1.1507 ms
[19:20:28 INF] Application is shutting down...
