[16:53:14 WRN] Using an in-memory repository. Keys will not be persisted to storage.
[16:53:14 WRN] Neither user profile nor HKLM registry available. Using an ephemeral key repository. Protected data will be unavailable when application exits.
[16:53:14 WRN] No XML encryptor configured. Key {a36cb331-39dc-448f-9be7-14ae3c4a34e4} may be persisted to storage in unencrypted form.
[16:53:14 INF] Application started. Press Ctrl+C to shut down.
[16:53:14 INF] Hosting environment: Production
[16:53:14 INF] Content root path: D:\Systems\BiktalSystems\publish
[16:53:14 ERR] An exception was thrown while deserializing the token.
Microsoft.AspNetCore.Antiforgery.AntiforgeryValidationException: The antiforgery token could not be decrypted.
 ---> System.Security.Cryptography.CryptographicException: The key {a06fd35e-bc4d-4b33-9d01-03d65cb4490f} was not found in the key ring. For more information go to https://aka.ms/aspnet/dataprotectionwarning
   at Microsoft.AspNetCore.DataProtection.KeyManagement.KeyRingBasedDataProtector.UnprotectCore(Byte[] protectedData, Boolean allowOperationsOnRevokedKeys, UnprotectStatus& status)
   at Microsoft.AspNetCore.DataProtection.KeyManagement.KeyRingBasedDataProtector.Unprotect(Byte[] protectedData)
   at Microsoft.AspNetCore.Antiforgery.DefaultAntiforgeryTokenSerializer.Deserialize(String serializedToken)
   --- End of inner exception stack trace ---
   at Microsoft.AspNetCore.Antiforgery.DefaultAntiforgeryTokenSerializer.Deserialize(String serializedToken)
   at Microsoft.AspNetCore.Antiforgery.DefaultAntiforgery.GetCookieTokenDoesNotThrow(HttpContext httpContext)
[16:53:15 INF] HTTP GET /Inventory/Products responded 200 in 785.4111 ms
[16:53:15 INF] HTTP GET /Biktal.WebMVC.styles.css responded 200 in 21.5564 ms
[16:53:15 INF] HTTP GET /css/site.css responded 200 in 66.0674 ms
[16:53:15 INF] HTTP GET /lib/bootstrap/dist/css/bootstrap.min.css responded 200 in 69.0282 ms
[16:53:16 INF] HTTP GET /lib/jquery/dist/jquery.min.js responded 200 in 4.5145 ms
[16:53:16 INF] HTTP GET /js/site.js responded 200 in 2.8384 ms
[16:53:16 INF] HTTP GET /lib/bootstrap/dist/js/bootstrap.bundle.min.js responded 200 in 4.6005 ms
[16:53:16 INF] HTTP GET /lib/jquery-validation-unobtrusive/dist/jquery.validate.unobtrusive.min.js responded 200 in 2.4714 ms
[16:53:16 INF] HTTP GET /lib/jquery-validation/dist/jquery.validate.min.js responded 200 in 11.1822 ms
[16:53:16 INF] HTTP GET /js/products-catalog-filter.js responded 200 in 23.3729 ms
[16:53:32 WRN] The query uses the 'First'/'FirstOrDefault' operator without 'OrderBy' and filter operators. This may lead to unpredictable results.
[16:53:32 INF] HTTP GET / responded 200 in 183.5666 ms
[16:53:32 INF] HTTP GET /lib/bootstrap/dist/css/bootstrap.min.css responded 200 in 1.2407 ms
[16:53:32 INF] HTTP GET /Biktal.WebMVC.styles.css responded 200 in 2.7709 ms
[16:53:32 INF] HTTP GET /css/site.css responded 200 in 48.5868 ms
[16:53:32 INF] HTTP GET /js/site.js responded 304 in 1.1766 ms
[16:53:32 INF] HTTP GET /lib/jquery/dist/jquery.min.js responded 304 in 73.4798 ms
[16:53:32 INF] HTTP GET /js/pos.js responded 200 in 1.2787 ms
[16:53:32 INF] HTTP GET /lib/bootstrap/dist/js/bootstrap.bundle.min.js responded 304 in 173.0175 ms
[16:53:40 INF] HTTP POST /Pos/CompleteSale responded 200 in 880.8179 ms
[16:53:52 INF] HTTP POST /Pos/CompleteSale responded 200 in 52.2329 ms
[16:55:31 INF] HTTP GET /Inventory/Products responded 200 in 274.2475 ms
[16:55:31 INF] HTTP GET /Biktal.WebMVC.styles.css responded 200 in 1.4823 ms
[16:55:31 INF] HTTP GET /css/site.css responded 200 in 1.7801 ms
[16:55:31 INF] HTTP GET /lib/bootstrap/dist/css/bootstrap.min.css responded 200 in 2.0304 ms
[16:55:32 INF] HTTP GET /lib/jquery/dist/jquery.min.js responded 200 in 1.2002 ms
[16:55:32 INF] HTTP GET /js/site.js responded 200 in 1.5572 ms
[16:55:32 INF] HTTP GET /lib/bootstrap/dist/js/bootstrap.bundle.min.js responded 200 in 1.4704 ms
[16:55:32 INF] HTTP GET /js/products-catalog-filter.js responded 200 in 0.7346 ms
[16:55:32 INF] HTTP GET /lib/jquery-validation/dist/jquery.validate.min.js responded 200 in 19.7923 ms
[16:55:32 INF] HTTP GET /lib/jquery-validation-unobtrusive/dist/jquery.validate.unobtrusive.min.js responded 200 in 22.3306 ms
[16:55:45 INF] HTTP GET / responded 200 in 24.7928 ms
[16:55:45 INF] HTTP GET /lib/bootstrap/dist/css/bootstrap.min.css responded 304 in 0.3612 ms
[16:55:45 INF] HTTP GET /Biktal.WebMVC.styles.css responded 304 in 0.3428 ms
[16:55:45 INF] HTTP GET /css/site.css responded 304 in 0.4520 ms
[16:55:45 INF] HTTP GET /lib/jquery/dist/jquery.min.js responded 304 in 3.8317 ms
[16:55:45 INF] HTTP GET /lib/bootstrap/dist/js/bootstrap.bundle.min.js responded 304 in 0.7203 ms
[16:55:45 INF] HTTP GET /js/site.js responded 304 in 4.3088 ms
[16:55:45 INF] HTTP GET /js/pos.js responded 200 in 2.4662 ms
[16:56:56 INF] HTTP POST /Pos/CompleteSale responded 200 in 55.2479 ms
[17:17:57 INF] Application is shutting down...
