[20:42:53 WRN] Using an in-memory repository. Keys will not be persisted to storage.
[20:42:53 WRN] Neither user profile nor HKLM registry available. Using an ephemeral key repository. Protected data will be unavailable when application exits.
[20:42:53 WRN] No XML encryptor configured. Key {e39322ef-9919-4e44-b702-385491a56bcf} may be persisted to storage in unencrypted form.
[20:42:53 INF] Application started. Press Ctrl+C to shut down.
[20:42:53 INF] Hosting environment: Production
[20:42:53 INF] Content root path: D:\Systems\BiktalSystems\publish
[20:42:54 WRN] The query uses the 'First'/'FirstOrDefault' operator without 'OrderBy' and filter operators. This may lead to unpredictable results.
[20:42:54 ERR] An exception was thrown while deserializing the token.
Microsoft.AspNetCore.Antiforgery.AntiforgeryValidationException: The antiforgery token could not be decrypted.
 ---> System.Security.Cryptography.CryptographicException: The key {7542c928-e18b-4ce2-8b00-8bfeae81e06b} was not found in the key ring. For more information go to https://aka.ms/aspnet/dataprotectionwarning
   at Microsoft.AspNetCore.DataProtection.KeyManagement.KeyRingBasedDataProtector.UnprotectCore(Byte[] protectedData, Boolean allowOperationsOnRevokedKeys, UnprotectStatus& status)
   at Microsoft.AspNetCore.DataProtection.KeyManagement.KeyRingBasedDataProtector.Unprotect(Byte[] protectedData)
   at Microsoft.AspNetCore.Antiforgery.DefaultAntiforgeryTokenSerializer.Deserialize(String serializedToken)
   --- End of inner exception stack trace ---
   at Microsoft.AspNetCore.Antiforgery.DefaultAntiforgeryTokenSerializer.Deserialize(String serializedToken)
   at Microsoft.AspNetCore.Antiforgery.DefaultAntiforgery.GetCookieTokenDoesNotThrow(HttpContext httpContext)
[20:42:54 INF] HTTP GET / responded 200 in 423.0837 ms
[20:42:54 INF] HTTP GET /css/site.css responded 200 in 46.6706 ms
[20:42:54 INF] HTTP GET /Biktal.WebMVC.styles.css responded 200 in 42.6147 ms
[20:42:54 INF] HTTP GET /lib/bootstrap/dist/css/bootstrap.min.css responded 200 in 51.4284 ms
[20:42:55 INF] HTTP GET /js/site.js responded 200 in 20.7556 ms
[20:42:55 INF] HTTP GET /lib/jquery/dist/jquery.min.js responded 200 in 45.6224 ms
[20:42:55 INF] HTTP GET /lib/bootstrap/dist/js/bootstrap.bundle.min.js responded 200 in 43.7304 ms
[20:42:55 INF] HTTP GET /js/pos.js responded 200 in 44.2129 ms
[20:43:13 INF] HTTP POST /Pos/CompleteSale responded 200 in 989.8127 ms
[20:57:13 INF] HTTP GET /Inventory/Products responded 200 in 553.4547 ms
[20:57:13 INF] HTTP GET /lib/bootstrap/dist/css/bootstrap.min.css responded 200 in 1.6369 ms
[20:57:13 INF] HTTP GET /css/site.css responded 200 in 4.4456 ms
[20:57:13 INF] HTTP GET /Biktal.WebMVC.styles.css responded 200 in 8.4815 ms
[20:57:14 INF] HTTP GET /lib/jquery/dist/jquery.min.js responded 200 in 18.7624 ms
[20:57:14 INF] HTTP GET /lib/jquery-validation/dist/jquery.validate.min.js responded 200 in 2.4752 ms
[20:57:14 INF] HTTP GET /lib/jquery-validation-unobtrusive/dist/jquery.validate.unobtrusive.min.js responded 200 in 1.1493 ms
[20:57:14 INF] HTTP GET /js/site.js responded 200 in 24.9419 ms
[20:57:14 INF] HTTP GET /js/products-catalog-filter.js responded 200 in 18.5091 ms
[20:57:14 INF] HTTP GET /lib/bootstrap/dist/js/bootstrap.bundle.min.js responded 200 in 128.0966 ms
[21:00:46 INF] HTTP GET / responded 200 in 37.1463 ms
[21:00:46 INF] HTTP GET /css/site.css responded 200 in 3.7537 ms
[21:00:46 INF] HTTP GET /lib/bootstrap/dist/css/bootstrap.min.css responded 200 in 0.7369 ms
[21:00:46 INF] HTTP GET /Biktal.WebMVC.styles.css responded 200 in 3.8308 ms
[21:00:46 INF] HTTP GET /js/site.js responded 200 in 3.1530 ms
[21:00:46 INF] HTTP GET /lib/jquery/dist/jquery.min.js responded 200 in 6.1639 ms
[21:00:46 INF] HTTP GET /js/pos.js responded 200 in 2.0461 ms
[21:00:46 INF] HTTP GET /lib/bootstrap/dist/js/bootstrap.bundle.min.js responded 200 in 3.0254 ms
[21:01:42 INF] HTTP POST /Pos/CompleteSale responded 200 in 142.9861 ms
[21:05:49 INF] HTTP GET / responded 200 in 145.6193 ms
[21:05:49 INF] HTTP GET /lib/bootstrap/dist/css/bootstrap.min.css respon