[20:10:26 ERR] Failed executing DbCommand (19ms) [Parameters=[@p0='?' (DbType = Guid), @p1='?' (DbType = DateTime), @p2='?' (DbType = Guid), @p3='?', @p4='?' (DbType = DateTime), @p5='?' (DbType = Int32), @p6='?' (DbType = Int32), @p7='?', @p8='?', @p9='?' (DbType = Guid), @p10='?' (DbType = DateTime), @p11='?' (DbType = Guid), @p12='?', @p13='?' (DbType = DateTime), @p14='?' (DbType = Int32), @p15='?' (DbType = Int32), @p16='?', @p17='?'], CommandType='Text', CommandTimeout='30']
INSERT INTO "CrmSupportTickets" ("Id", "CreatedAtUtc", "CustomerId", "Description", "ModifiedAtUtc", "Priority", "Status", "Subject", "TicketNumber")
VALUES (@p0, @p1, @p2, @p3, @p4, @p5, @p6, @p7, @p8);
INSERT INTO "CrmSupportTickets" ("Id", "CreatedAtUtc", "CustomerId", "Description", "ModifiedAtUtc", "Priority", "Status", "Subject", "TicketNumber")
VALUES (@p9, @p10, @p11, @p12, @p13, @p14, @p15, @p16, @p17);
[20:10:26 ERR] An exception occurred in the database while saving changes for context type 'Biktal.Infrastructure.Persistence.ApplicationDbContext'.
Microsoft.EntityFrameworkCore.DbUpdateException: An error occurred while saving the entity changes. See the inner exception for details.
 ---> Npgsql.PostgresException (0x80004005): 23503: insert or update on table "CrmSupportTickets" violates foreign key constraint "FK_CrmSupportTickets_CrmCustomers_CustomerId"

DETAIL: Detail redacted as it may contain sensitive data. Specify 'Include Error Detail' in the connection string to include this information.
   at Npgsql.Internal.NpgsqlConnector.ReadMessageLong(Boolean async, DataRowLoadingMode dataRowLoadingMode, Boolean readingNotifications, Boolean isReadingPrependedMessage)
   at System.Runtime.CompilerServices.PoolingAsyncValueTaskMethodBuilder`1.StateMachineBox`1.System.Threading.Tasks.Sources.IValueTaskSource<TResult>.GetResult(Int16 token)
   at Npgsql.NpgsqlDataReader.NextResult(Boolean async, Boolean isConsuming, CancellationToken cancellationToken)
   at Npgsql.NpgsqlDataReader.NextResult(Boolean async, Boolean isConsuming, CancellationToken cancellationToken)
   at Npgsql.NpgsqlCommand.ExecuteReader(Boolean async, CommandBehavior behavior, CancellationToken cancellationToken)
   at Npgsql.NpgsqlCommand.ExecuteReader(Boolean async, CommandBehavior behavior, CancellationToken cancellationToken)
   at Npgsql.NpgsqlCommand.ExecuteDbDataReaderAsync(CommandBehavior behavior, CancellationToken cancellationToken)
   at Microsoft.EntityFrameworkCore.Storage.RelationalCommand.ExecuteReaderAsync(RelationalCommandParameterObject parameterObject, CancellationToken cancellationToken)
   at Microsoft.EntityFrameworkCore.Storage.RelationalCommand.ExecuteReaderAsync(RelationalCommandParameterObject parameterObject, CancellationToken cancellationToken)
   at Microsoft.EntityFrameworkCore.Update.ReaderModificationCommandBatch.ExecuteAsync(IRelationalConnection connection, CancellationToken cancellationToken)
  Exception data:
    Severity: ERROR
    SqlState: 23503
    MessageText: insert or update on table "CrmSupportTickets" violates foreign key constraint "FK_CrmSupportTickets_CrmCustomers_CustomerId"
    Detail: Detail redacted as it may contain sensitive data. Specify 'Include Error Detail' in the connection string to include this information.
    SchemaName: public
    TableName: CrmSupportTickets
    ConstraintName: FK_CrmSupportTickets_CrmCustomers_CustomerId
    File: ri_triggers.c
    Line: 2783
    Routine: ri_ReportViolation
   --- End of inner exception stack trace ---
   at Microsoft.EntityFrameworkCore.Update.ReaderModificationCommandBatch.ExecuteAsync(IRelationalConnection connection, CancellationToken cancellationToken)
   at Microsoft.EntityFrameworkCore.Update.Internal.BatchExecutor.ExecuteAsync(IEnumerable`1 commandBatches, IRelationalConnection connection, CancellationToken cancellationToken)
   at Microsoft.EntityFrameworkCore.Update.Internal.BatchExecutor.ExecuteAsync(IEnumerable`1 commandBatches, IRelationalConnection connection, CancellationToken cancellationToken)
   at Microsoft.EntityFrameworkCore.Update.Internal.BatchExecutor.ExecuteAsync(IEnumerable`1 commandBatches, IRelationalConnection connection, CancellationToken cancellationToken)
   at Microsoft.EntityFrameworkCore.Storage.RelationalDatabase.SaveChangesAsync(IList`1 entries, CancellationToken cancellationToken)
   at Microsoft.EntityFrameworkCore.ChangeTracking.Internal.StateManager.SaveChangesAsync(IList`1 entriesToSave, CancellationToken cancellationToken)
   at Microsoft.EntityFrameworkCore.ChangeTracking.Internal.StateManager.SaveChangesAsync(StateManager stateManager, Boolean acceptAllChangesOnSuccess, CancellationToken cancellationToken)
   at Npgsql.EntityFrameworkCore.PostgreSQL.Storage.Internal.NpgsqlExecutionStrategy.ExecuteAsync[TState,TResult](TState state, Func`4 operation, Func`4 verifySucceeded, CancellationToken cancellationToken)
   at Microsoft.EntityFrameworkCore.DbContext.SaveChangesAsync(Boolean acceptAllChangesOnSuccess, CancellationToken cancellationToken)
Microsoft.EntityFrameworkCore.DbUpdateException: An error occurred while saving the entity changes. See the inner exception for details.
 ---> Npgsql.PostgresException (0x80004005): 23503: insert or update on table "CrmSupportTickets" violates foreign key constraint "FK_CrmSupportTickets_CrmCustomers_CustomerId"

DETAIL: Detail redacted as it may contain sensitive data. Specify 'Include Error Detail' in the connection string to include this information.
   at Npgsql.Internal.NpgsqlConnector.ReadMessageLong(Boolean async, DataRowLoadingMode dataRowLoadingMode, Boolean readingNotifications, Boolean isReadingPrependedMessage)
   at System.Runtime.CompilerServices.PoolingAsyncValueTaskMethodBuilder`1.StateMachineBox`1.System.Threading.Tasks.Sources.IValueTaskSource<TResult>.GetResult(Int16 token)
   at Npgsql.NpgsqlDataReader.NextResult(Boolean async, Boolean isConsuming, CancellationToken cancellationToken)
   at Npgsql.NpgsqlDataReader.NextResult(Boolean async, Boolean isConsuming, CancellationToken cancellationToken)
   at Npgsql.NpgsqlCommand.ExecuteReader(Boolean async, CommandBehavior behavior, CancellationToken cancellationToken)
   at Npgsql.NpgsqlCommand.ExecuteReader(Boolean async, CommandBehavior behavior, CancellationToken cancellationToken)
   at Npgsql.NpgsqlCommand.ExecuteDbDataReaderAsync(CommandBehavior behavior, CancellationToken cancellationToken)
   at Microsoft.EntityFrameworkCore.Storage.RelationalCommand.ExecuteReaderAsync(RelationalCommandParameterObject parameterObject, CancellationToken cancellationToken)
   at Microsoft.EntityFrameworkCore.Storage.RelationalCommand.ExecuteReaderAsync(RelationalCommandParameterObject parameterObject, CancellationToken cancellationToken)
   at Microsoft.EntityFrameworkCore.Update.ReaderModificationCommandBatch.ExecuteAsync(IRelationalConnection connection, CancellationToken cancellationToken)
  Exception data:
    Severity: ERROR
    SqlState: 23503
    MessageText: insert or update on table "CrmSupportTickets" violates foreign key constraint "FK_CrmSupportTickets_CrmCustomers_CustomerId"
    Detail: Detail redacted as it may contain sensitive data. Specify 'Include Error Detail' in the connection string to include this information.
    SchemaName: public
    TableName: CrmSupportTickets
    ConstraintName: FK_CrmSupportTickets_CrmCustomers_CustomerId
    File: ri_triggers.c
    Line: 2783
    Routine: ri_ReportViolation
   --- End of inner exception stack trace ---
   at Microsoft.EntityFrameworkCore.Update.ReaderModificationCommandBatch.ExecuteAsync(IRelationalConnection connection, CancellationToken cancellationToken)
   at Microsoft.EntityFrameworkCore.Update.Internal.BatchExecutor.ExecuteAsync(IEnumerable`1 commandBatches, IRelationalConnection connection, CancellationToken cancellationToken)
   at Microsoft.EntityFrameworkCore.Update.Internal.BatchExecutor.ExecuteAsync(IEnumerable`1 commandBatches, IRelationalConnection connection, CancellationToken cancellationToken)
   at Microsoft.EntityFrameworkCore.Update.Internal.BatchExecutor.ExecuteAsync(IEnumerable`1 commandBatches, IRelationalConnection connection, CancellationToken cancellationToken)
   at Microsoft.EntityFrameworkCore.Storage.RelationalDatabase.SaveChangesAsync(IList`1 entries, CancellationToken cancellationToken)
   at Microsoft.EntityFrameworkCore.ChangeTracking.Internal.StateManager.SaveChangesAsync(IList`1 entriesToSave, CancellationToken cancellationToken)
   at Microsoft.EntityFrameworkCore.ChangeTracking.Internal.StateManager.SaveChangesAsync(StateManager stateManager, Boolean acceptAllChangesOnSuccess, CancellationToken cancellationToken)
   at Npgsql.EntityFrameworkCore.PostgreSQL.Storage.Internal.NpgsqlExecutionStrategy.ExecuteAsync[TState,TResult](TState state, Func`4 operation, Func`4 verifySucceeded, CancellationToken cancellationToken)
   at Microsoft.EntityFrameworkCore.DbContext.SaveChangesAsync(Boolean acceptAllChangesOnSuccess, CancellationToken cancellationToken)
[20:10:26 ERR] Database migration or seed failed. Check PostgreSQL is running and ConnectionStrings:DefaultConnection is correct.
Microsoft.EntityFrameworkCore.DbUpdateException: An error occurred while saving the entity changes. See the inner exception for details.
 ---> Npgsql.PostgresException (0x80004005): 23503: insert or update on table "CrmSupportTickets" violates foreign key constraint "FK_CrmSupportTickets_CrmCustomers_CustomerId"

DETAIL: Detail redacted as it may contain sensitive data. Specify 'Include Error Detail' in the connection string to include this information.
   at Npgsql.Internal.NpgsqlConnector.ReadMessageLong(Boolean async, DataRowLoadingMode dataRowLoadingMode, Boolean readingNotifications, Boolean isReadingPrependedMessage)
   at System.Runtime.CompilerServices.PoolingAsyncValueTaskMethodBuilder`1.StateMachineBox`1.System.Threading.Tasks.Sources.IValueTaskSource<TResult>.GetResult(Int16 token)
   at Npgsql.NpgsqlDataReader.NextResult(Boolean async, Boolean isConsuming, CancellationToken cancellationToken)
   at Npgsql.NpgsqlDataReader.NextResult(Boolean async, Boolean isConsuming, CancellationToken cancellationToken)
   at Npgsql.NpgsqlCommand.ExecuteReader(Boolean async, CommandBehavior behavior, CancellationToken cancellationToken)
   at Npgsql.NpgsqlCommand.ExecuteReader(Boolean async, CommandBehavior behavior, CancellationToken cancellationToken)
   at Npgsql.NpgsqlCommand.ExecuteDbDataReaderAsync(CommandBehavior behavior, CancellationToken cancellationToken)
   at Microsoft.EntityFrameworkCore.Storage.RelationalCommand.ExecuteReaderAsync(RelationalCommandParameterObject parameterObject, CancellationToken cancellationToken)
   at Microsoft.EntityFrameworkCore.Storage.RelationalCommand.ExecuteReaderAsync(RelationalCommandParameterObject parameterObject, CancellationToken cancellationToken)
   at Microsoft.EntityFrameworkCore.Update.ReaderModificationCommandBatch.ExecuteAsync(IRelationalConnection connection, CancellationToken cancellationToken)
  Exception data:
    Severity: ERROR
    SqlState: 23503
    MessageText: insert or update on table "CrmSupportTickets" violates foreign key constraint "FK_CrmSupportTickets_CrmCustomers_CustomerId"
    Detail: Detail redacted as it may contain sensitive data. Specify 'Include Error Detail' in the connection string to include this information.
    SchemaName: public
    TableName: CrmSupportTickets
    ConstraintName: FK_CrmSupportTickets_CrmCustomers_CustomerId
    File: ri_triggers.c
    Line: 2783
    Routine: ri_ReportViolation
   --- End of inner exception stack trace ---
   at Microsoft.EntityFrameworkCore.Update.ReaderModificationCommandBatch.ExecuteAsync(IRelationalConnection connection, CancellationToken cancellationToken)
   at Microsoft.EntityFrameworkCore.Update.Internal.BatchExecutor.ExecuteAsync(IEnumerable`1 commandBatches, IRelationalConnection connection, CancellationToken cancellationToken)
   at Microsoft.EntityFrameworkCore.Update.Internal.BatchExecutor.ExecuteAsync(IEnumerable`1 commandBatches, IRelationalConnection connection, CancellationToken cancellationToken)
   at Microsoft.EntityFrameworkCore.Update.Internal.BatchExecutor.ExecuteAsync(IEnumerable`1 commandBatches, IRelationalConnection connection, CancellationToken cancellationToken)
   at Microsoft.EntityFrameworkCore.Storage.RelationalDatabase.SaveChangesAsync(IList`1 entries, CancellationToken cancellationToken)
   at Microsoft.EntityFrameworkCore.ChangeTracking.Internal.StateManager.SaveChangesAsync(IList`1 entriesToSave, CancellationToken cancellationToken)
   at Microsoft.EntityFrameworkCore.ChangeTracking.Internal.StateManager.SaveChangesAsync(StateManager stateManager, Boolean acceptAllChangesOnSuccess, CancellationToken cancellationToken)
   at Npgsql.EntityFrameworkCore.PostgreSQL.Storage.Internal.NpgsqlExecutionStrategy.ExecuteAsync[TState,TResult](TState state, Func`4 operation, Func`4 verifySucceeded, CancellationToken cancellationToken)
   at Microsoft.EntityFrameworkCore.DbContext.SaveChangesAsync(Boolean acceptAllChangesOnSuccess, CancellationToken cancellationToken)
   at Microsoft.EntityFrameworkCore.DbContext.SaveChangesAsync(Boolean acceptAllChangesOnSuccess, CancellationToken cancellationToken)
   at Biktal.Infrastructure.Persistence.CrmDataSeeder.SeedIfEmptyAsync(ApplicationDbContext db, CancellationToken cancellationToken)
   at Program.<Main>$(String[] args) in d:\Systems\BiktalSystems\Program.cs:line 71
[20:10:26 WRN] Continuing without a successful migration/seed. Auth and data pages may fail until the database is available.
[20:10:26 WRN] Using an in-memory repository. Keys will not be persisted to storage.
[20:10:26 WRN] Neither user profile nor HKLM registry available. Using an ephemeral key repository. Protected data will be unavailable when application exits.
[20:10:26 WRN] No XML encryptor configured. Key {f19ef6cf-bd45-4d79-b63d-84170d0c6546} may be persisted to storage in unencrypted form.
[20:10:26 INF] Application started. Press Ctrl+C to shut down.
[20:10:26 INF] Hosting environment: Production
[20:10:26 INF] Content root path: D:\Systems\BiktalSystems\publish
[20:10:26 INF] HTTP POST /Inventory/AddProduct responded 302 in 98.6084 ms
[20:10:26 ERR] An exception was thrown while deserializing the token.
Microsoft.AspNetCore.Antiforgery.AntiforgeryValidationException: The antiforgery token could not be decrypted.
 ---> System.Security.Cryptography.CryptographicException: The key {1ced18a2-a25f-40eb-8366-fdb5f26c42e6} was not found in the key ring. For more information go to https://aka.ms/aspnet/dataprotectionwarning
   at Microsoft.AspNetCore.DataProtection.KeyManagement.KeyRingBasedDataProtector.UnprotectCore(Byte[] protectedData, Boolean allowOperationsOnRevokedKeys, UnprotectStatus& status)
   at Microsoft.AspNetCore.DataProtection.KeyManagement.KeyRingBasedDataProtector.Unprotect(Byte[] protectedData)
   at Microsoft.AspNetCore.Antiforgery.DefaultAntiforgeryTokenSerializer.Deserialize(String serializedToken)
   --- End of inner exception stack trace ---
   at Microsoft.AspNetCore.Antiforgery.DefaultAntiforgeryTokenSerializer.Deserialize(String serializedToken)
   at Microsoft.AspNetCore.Antiforgery.DefaultAntiforgery.GetCookieTokenDoesNotThrow(HttpContext httpContext)
[20:10:26 INF] HTTP GET /Account/Login responded 200 in 249.4175 ms
[20:10:27 INF] HTTP GET /css/site.css responded 200 in 112.7440 ms
[20:10:27 INF] HTTP GET /lib/jquery-validation/dist/jquery.validate.min.js responded 200 in 87.8784 ms
[20:10:27 INF] HTTP GET /lib/jquery-validation-unobtrusive/dist/jquery.validate.unobtrusive.min.js responded 200 in 55.5377 ms
[20:10:27 INF] HTTP GET /lib/bootstrap/dist/css/bootstrap.min.css responded 200 in 89.8814 ms
[20:10:27 INF] HTTP GET /lib/jquery/dist/jquery.min.js responded 200 in 97.4590 ms
[20:10:27 INF] HTTP GET /Biktal.WebMVC.styles.css responded 200 in 99.7735 ms
[20:10:27 INF] HTTP GET /lib/bootstrap/dist/js/bootstrap.bundle.min.js responded 200 in 91.6237 ms
[20:10:27 INF] HTTP GET /js/site.js responded 200 in 92.9084 ms
[20:10:34 INF] HTTP POST /Account/Login responded 302 in 528.0653 ms
[20:10:34 INF] HTTP GET /Inventory/AddProduct responded 405 in 14.0060 ms
[20:10:51 INF] HTTP GET /Account/Login responded 200 in 40.3568 ms
[20:10:51 INF] HTTP GET /Biktal.WebMVC.styles.css responded 200 in 15.2299 ms
[20:10:51 INF] HTTP GET /lib/bootstrap/dist/css/bootstrap.min.css responded 200 in 35.5585 ms
[20:10:51 INF] HTTP GET /lib/jquery/dist/jquery.min.js responded 200 in 27.8669 ms
[20:10:51 INF] HTTP GET /css/site.css responded 200 in 73.0554 ms
[20:10:51 INF] HTTP GET /js/site.js responded 200 in 52.0131 ms
[20:10:51 INF] HTTP GET /lib/jquery-validation/dist/jquery.validate.min.js responded 200 in 48.3141 ms
[20:10:51 INF] HTTP GET /lib/jquery-validation-unobtrusive/dist/jquery.validate.unobtrusive.min.js responded 200 in 33.9622 ms
[20:10:51 INF] HTTP GET /lib/bootstrap/dist/js/bootstrap.bundle.min.js responded 200 in 171.1465 ms
[20:10:59 INF] HTTP POST /Account/Login responded 302 in 147.7146 ms
[20:10:59 INF] HTTP GET /lib/bootstrap/dist/css/bootstrap.min.css responded 200 in 1.7637 ms
[20:10:59 INF] HTTP GET /Biktal.WebMVC.styles.css responded 200 in 2.1439 ms
[20:10:59 INF] HTTP GET /Inventory/Products responded 200 in 446.3093 ms
[20:10:59 INF] HTTP GET /css/site.css responded 200 in 6.2822 ms
[20:11:00 INF] HTTP GET /lib/jquery/dist/jquery.min.js responded 304 in 1.5082 ms
[20:11:00 INF] HTTP GET /lib/bootstrap/dist/js/bootstrap.bundle.min.js responded 304 in 0.7959 ms
[20:11:00 INF] HTTP GET /js/site.js responded 304 in 0.7551 ms
[20:11:00 INF] HTTP GET /lib/jquery-validation/dist/jquery.validate.min.js responded 304 in 1.1337 ms
[20:11:00 INF] HTTP GET /js/products-catalog-filter.js responded 200 in 1.3985 ms
[20:11:00 INF] HTTP GET /lib/jquery-validation-unobtrusive/dist/jquery.validate.unobtrusive.min.js responded 304 in 1.7266 ms
[20:11:31 INF] HTTP POST /Inventory/AddProduct responded 302 in 176.8567 ms
[20:11:31 INF] HTTP GET /Inventory/Products responded 200 in 89.5338 ms
[20:11:31 INF] HTTP GET /lib/bootstrap/dist/css/bootstrap.min.css responded 200 in 3.5073 ms
[20:11:31 INF] HTTP GET /css/site.css responded 200 in 3.9836 ms
[20:11:31 INF] HTTP GET /Biktal.WebMVC.styles.css responded 200 in 3.3181 ms
[20:11:32 INF] HTTP GET /lib/jquery/dist/jquery.min.js responded 304 in 0.6232 ms
[20:11:32 INF] HTTP GET /js/site.js responded 304 in 0.7826 ms
[20:11:32 INF] HTTP GET /lib/bootstrap/dist/js/bootstrap.bundle.min.js responded 304 in 0.9374 ms
[20:11:32 INF] HTTP GET /lib/jquery-validation-unobtrusive/dist/jquery.validate.unobtrusive.min.js responded 304 in 0.6615 ms
[20:11:32 INF] HTTP GET /js/products-catalog-filter.js responded 304 in 0.6665 ms
[20:11:32 INF] HTTP GET /lib/jquery-validation/dist/jquery.validate.min.js responded 304 in 0.9802 ms
[20:11:34 WRN] The query uses the 'First'/'FirstOrDefault' operator without 'OrderBy' and filter operators. This may lead to unpredictable results.
[20:11:34 INF] HTTP GET /Pos responded 200 in 112.7310 ms
[20:11:34 INF] HTTP GET /lib/bootstrap/dist/css/bootstrap.min.css responded 304 in 0.6747 ms
[20:11:34 INF] HTTP GET /css/site.css responded 304 in 1.9551 ms
[20:11:34 INF] HTTP GET /Biktal.WebMVC.styles.css responded 304 in 0.5451 ms
[20:11:34 INF] HTTP GET /lib/jquery/dist/jquery.min.js responded 304 in 3.5030 ms
[20:11:34 INF] HTTP GET /lib/bootstrap/dist/js/bootstrap.bundle.min.js responded 304 in 2.6642 ms
[20:11:34 INF] HTTP GET /js/site.js responded 304 in 0.7620 ms
[20:11:34 INF] HTTP GET /js/pos.js responded 200 in 25.2615 ms
[20:12:24 INF] HTTP POST /Pos/CompleteSale responded 200 in 637.2516 ms
[20:12:57 INF] HTTP GET /Crm responded 200 in 122.2546 ms
[20:12:57 INF] HTTP GET /lib/bootstrap/dist/css/bootstrap.min.css responded 200 in 2.9934 ms
[20:12:57 INF] HTTP GET /css/site.css responded 200 in 2.4862 ms
[20:12:57 INF] HTTP GET /lib/jquery/dist/jquery.min.js responded 200 in 1.6072 ms
[20:12:57 INF] HTTP GET /lib/bootstrap/dist/js/bootstrap.bundle.min.js responded 200 in 1.3973 ms
[20:12:57 INF] HTTP GET /Biktal.WebMVC.styles.css responded 200 in 1.6190 ms
[20:12:57 INF] HTTP GET /js/site.js responded 200 in 1.2066 ms
[20:13:02 WRN] The query uses the 'First'/'FirstOrDefault' operator without 'OrderBy' and filter operators. This may lead to unpredictable results.
[20:13:02 WRN] The query uses the 'First'/'FirstOrDefault' operator without 'OrderBy' and filter operators. This may lead to unpredictable results.
[20:13:02 INF] HTTP GET /Operations responded 200 in 109.2764 ms
[20:13:02 INF] HTTP GET /lib/bootstrap/dist/css/bootstrap.min.css responded 200 in 14.6617 ms
[20:13:02 INF] HTTP GET /Biktal.WebMVC.styles.css responded 200 in 3.0821 ms
[20:13:02 INF] HTTP GET /lib/jquery/dist/jquery.min.js responded 304 in 3.4295 ms
[20:13:02 INF] HTTP GET /lib/bootstrap/dist/js/bootstrap.bundle.min.js responded 304 in 0.7715 ms
[20:13:02 INF] HTTP GET /css/site.css responded 200 in 6.3585 ms
[20:13:02 INF] HTTP GET /js/site.js responded 304 in 0.8023 ms
[20:14:37 INF] HTTP GET /Inventory responded 200 in 130.9249 ms
[20:14:37 INF] HTTP GET /lib/bootstrap/dist/css/bootstrap.min.css responded 200 in 3.7467 ms
[20:14:37 INF] HTTP GET /css/site.css responded 200 in 0.9132 ms
[20:14:37 INF] HTTP GET /Biktal.WebMVC.styles.css responded 200 in 0.9403 ms
[20:14:37 INF] HTTP GET /lib/jquery/dist/jquery.min.js responded 200 in 4.1225 ms
[20:14:37 INF] HTTP GET /lib/bootstrap/dist/js/bootstrap.bundle.min.js responded 200 in 1.0977 ms
[20:14:37 INF] HTTP GET /js/site.js responded 200 in 0.9981 ms
[20:14:39 INF] HTTP GET /Inventory/Products responded 200 in 67.1271 ms
[20:14:39 INF] HTTP GET /css/site.css responded 304 in 0.5190 ms
[20:14:39 INF] HTTP GET /lib/bootstrap/dist/css/bootstrap.min.css responded 304 in 3.2580 ms
[20:14:39 INF] HTTP GET /Biktal.WebMVC.styles.css responded 304 in 1.1359 ms
[20:14:40 INF] HTTP GET /lib/jquery/dist/jquery.min.js responded 304 in 0.3588 ms
[20:14:40 INF] HTTP GET /lib/bootstrap/dist/js/bootstrap.bundle.min.js responded 304 in 0.6984 ms
[20:14:40 INF] HTTP GET /js/site.js responded 304 in 0.7073 ms
[20:14:40 INF] HTTP GET /lib/jquery-validation/dist/jquery.validate.min.js responded 200 in 1.3177 ms
[20:14:40 INF] HTTP GET /lib/jquery-validation-unobtrusive/dist/jquery.validate.unobtrusive.min.js responded 200 in 1.6759 ms
[20:14:40 INF] HTTP GET /js/products-catalog-filter.js responded 200 in 2.8203 ms
[20:18:31 INF] HTTP POST /Inventory/AddProduct responded 302 in 97.1663 ms
[20:18:31 INF] HTTP GET /Inventory/Products responded 200 in 106.1328 ms
[20:18:31 INF] HTTP GET /lib/bootstrap/dist/css/bootstrap.min.css responded 200 in 1.7881 ms
[20:18:31 INF] HTTP GET /css/site.css responded 200 in 1.9333 ms
[20:18:31 INF] HTTP GET /Biktal.WebMVC.styles.css responded 200 in 1.3913 ms
[20:18:32 INF] HTTP GET /lib/jquery/dist/jquery.min.js responded 200 in 0.8176 ms
[20:18:32 INF] HTTP GET /js/site.js responded 200 in 0.9536 ms
[20:18:32 INF] HTTP GET /lib/jquery-validation/dist/jquery.validate.min.js responded 200 in 1.1037 ms
[20:18:32 INF] HTTP GET /lib/jquery-validation-unobtrusive/dist/jquery.validate.unobtrusive.min.js responded 200 in 1.7110 ms
[20:18:32 INF] HTTP GET /lib/bootstrap/dist/js/bootstrap.bundle.min.js responded 200 in 4.7257 ms
[20:18:32 INF] HTTP GET /js/products-catalog-filter.js responded 200 in 5.1536 ms
[20:19:01 INF] HTTP POST /Inventory/AddProduct responded 302 in 16.6081 ms
[20:19:01 INF] HTTP GET /Inventory/Products responded 200 in 87.3859 ms
[20:19:01 INF] HTTP GET /lib/bootstrap/dist/css/bootstrap.min.css responded 200 in 1.6325 ms
[20:19:01 INF] HTTP GET /css/site.css responded 200 in 2.1493 ms
[20:19:01 INF] HTTP GET /Biktal.WebMVC.styles.css responded 200 in 0.8503 ms
[20:19:02 INF] HTTP GET /lib/jquery/dist/jquery.min.js responded 304 in 0.3364 ms
[20:19:02 INF] HTTP GET /lib/bootstrap/dist/js/bootstrap.bundle.min.js responded 304 in 1.2160 ms
[20:19:02 INF] HTTP GET /lib/jquery-validation-unobtrusive/dist/jquery.validate.unobtrusive.min.js responded 304 in 0.8085 ms
[20:19:02 INF] HTTP GET /js/site.js responded 304 in 1.6891 ms
[20:19:02 INF] HTTP GET /js/products-catalog-filter.js responded 304 in 0.3780 ms
[20:19:02 INF] HTTP GET /lib/jquery-validation/dist/jquery.validate.min.js responded 304 in 0.4067 ms
[20:39:57 INF] Application is shutting down...
