[19:04:21 WRN] Using an in-memory repository. Keys will not be persisted to storage.
[19:04:21 WRN] Neither user profile nor HKLM registry available. Using an ephemeral key repository. Protected data will be unavailable when application exits.
[19:04:21 WRN] No XML encryptor configured. Key {48ff1af5-d3d8-48cf-a70e-7c2924e2c19e} may be persisted to storage in unencrypted form.
[19:04:21 INF] Application started. Press Ctrl+C to shut down.
[19:04:21 INF] Hosting environment: Production
[19:04:21 INF] Content root path: D:\Systems\BiktalSystems\publish
[19:04:22 INF] HTTP GET /Crm responded 200 in 445.1552 ms
[19:04:22 INF] HTTP GET /css/site.css responded 200 in 55.8336 ms
[19:04:22 INF] HTTP GET /js/site.js responded 200 in 62.7615 ms
[19:04:22 INF] HTTP GET /lib/bootstrap/dist/js/bootstrap.bundle.min.js responded 200 in 70.5197 ms
[19:04:22 INF] HTTP GET /lib/bootstrap/dist/css/bootstrap.min.css responded 200 in 85.9540 ms
[19:04:22 INF] HTTP GET /Biktal.WebMVC.styles.css responded 200 in 68.2533 ms
[19:04:22 INF] HTTP GET /lib/jquery/dist/jquery.min.js responded 200 in 80.7032 ms
[19:04:36 ERR] An exception was thrown while deserializing the token.
Microsoft.AspNetCore.Antiforgery.AntiforgeryValidationException: The antiforgery token could not be decrypted.
 ---> System.Security.Cryptography.CryptographicException: The key {7af26f5b-3aa0-4e1f-8467-32af6b16a9e5} was not found in the key ring. For more information go to https://aka.ms/aspnet/dataprotectionwarning
   at Microsoft.AspNetCore.DataProtection.KeyManagement.KeyRingBasedDataProtector.UnprotectCore(Byte[] protectedData, Boolean allowOperationsOnRevokedKeys, UnprotectStatus& status)
   at Microsoft.AspNetCore.DataProtection.KeyManagement.KeyRingBasedDataProtector.Unprotect(Byte[] protectedData)
   at Microsoft.AspNetCore.Antiforgery.DefaultAntiforgeryTokenSerializer.Deserialize(String serializedToken)
   --- End of inner exception stack trace ---
   at Microsoft.AspNetCore.Antiforgery.DefaultAntiforgeryTokenSerializer.Deserialize(String serializedToken)
   at Microsoft.AspNetCore.Antiforgery.DefaultAntiforgery.GetCookieTokenDoesNotThrow(HttpContext httpContext)
[19:04:36 INF] HTTP GET /Crm/NewCustomer responded 200 in 104.3896 ms
[19:04:36 INF] HTTP GET /lib/bootstrap/dist/css/bootstrap.min.css responded 200 in 8.8213 ms
[19:04:36 INF] HTTP GET /Biktal.WebMVC.styles.css responded 200 in 1.0979 ms
[19:04:36 INF] HTTP GET /css/site.css responded 200 in 8.4883 ms
[19:04:36 INF] HTTP GET /js/site.js responded 304 in 31.9507 ms
[19:04:36 INF] HTTP GET /lib/jquery/dist/jquery.min.js responded 304 in 49.7620 ms
[19:04:36 INF] HTTP GET /lib/jquery-validation/dist/jquery.validate.min.js responded 200 in 4.5008 ms
[19:04:36 INF] HTTP GET /lib/jquery-validation-unobtrusive/dist/jquery.validate.unobtrusive.min.js responded 200 in 6.3641 ms
[19:04:36 INF] HTTP GET /lib/bootstrap/dist/js/bootstrap.bundle.min.js responded 304 in 179.4790 ms
[19:05:37 INF] HTTP POST /Crm/CreateCustomer responded 302 in 335.9184 ms
[19:05:37 INF] HTTP GET /Crm/Customers responded 200 in 47.8717 ms
[19:05:38 INF] HTTP GET /Biktal.WebMVC.styles.css responded 200 in 0.8023 ms
[19:05:38 INF] HTTP GET /css/site.css responded 200 in 0.8168 ms
[19:05:38 INF] HTTP GET /lib/jquery/dist/jquery.min.js responded 200 in 0.8097 ms
[19:05:38 INF] HTTP GET /lib/bootstrap/dist/css/bootstrap.min.css responded 200 in 14.8443 ms
[19:05:38 INF] HTTP GET /lib/bootstrap/dist/js/bootstrap.bundle.min.js responded 200 in 16.3607 ms
[19:05:38 INF] HTTP GET /js/site.js responded 200 in 1.0275 ms
[19:07:46 INF] HTTP GET /Crm responded 200 in 22.5491 ms
[19:07:46 INF] HTTP GET /Biktal.WebMVC.styles.css responded 200 in 2.8483 ms
[19:07:46 INF] HTTP GET /lib/jquery/dist/jquery.min.js responded 200 in 1.0179 ms
[19:07:46 INF] HTTP GET /css/site.css responded 200 in 7.0874 ms
[19:07:46 INF] HTTP GET /lib/bootstrap/dist/css/bootstrap.min.css responded 200 in 0.9729 ms
[19:07:46 INF] HTTP GET /lib/bootstrap/dist/js/bootstrap.bundle.min.js responded 200 in 0.9216 ms
[19:07:46 INF] HTTP GET /js/site.js responded 200 in 2.5663 ms
[19:07:48 WRN] The query uses the 'First'/'FirstOrDefault' operator without 'OrderBy' and filter operators. This may lead to unpredictable results.
[19:07:48 INF] HTTP GET / responded 200 in 167.9969 ms
[19:07:48 INF] HTTP GET /css/site.css responded 200 in 1.3399 ms
[19:07:48 INF] HTTP GET /Biktal.WebMVC.styles.css responded 200 in 1.2120 ms
[19:07:48 INF] HTTP GET /lib/jquery/dist/jquery.min.js responded 200 in 2.9712 ms
[19:07:48 INF] HTTP GET /lib/bootstrap/dist/js/bootstrap.bundle.min.js responded 200 in 0.8925 ms
[19:07:48 INF] HTTP GET /lib/bootstrap/dist/css/bootstrap.min.css responded 200 in 1.3713 ms
[19:07:48 INF] HTTP GET /js/site.js responded 200 in 0.9603 ms
[19:07:48 INF] HTTP GET /js/pos.js responded 200 in 26.6245 ms
[19:07:50 INF] HTTP GET /Finance responded 200 in 78.5841 ms
[19:07:50 INF] HTTP GET /lib/bootstrap/dist/css/bootstrap.min.css responded 304 in 1.9281 ms
[19:07:50 INF] HTTP GET /Biktal.WebMVC.styles.css responded 304 in 0.2718 ms
[19:07:50 INF] HTTP GET /css/site.css responded 304 in 2.9586 ms
[19:07:50 INF] HTTP GET /lib/jquery/dist/jquery.min.js responded 304 in 0.1928 ms
[19:07:50 INF] HTTP GET /lib/bootstrap/dist/js/bootstrap.bundle.min.js responded 304 in 0.1928 ms
[19:07:50 INF] HTTP GET /js/site.js responded 304 in 0.3579 ms
[19:10:13 INF] HTTP GET /Crm responded 200 in 138.7292 ms
[19:10:13 INF] HTTP GET /lib/bootstrap/dist/css/bootstrap.min.css responded 200 in 0.7939 ms
[19:10:13 INF] HTTP GET /css/site.css responded 200 in 4.9205 ms
[19:10:13 INF] HTTP GET /Biktal.WebMVC.styles.css responded 200 in 0.6879 ms
[19:10:13 INF] HTTP GET /lib/jquery/dist/jquery.min.js responded 200 in 2.6643 ms
[19:10:13 INF] HTTP GET /lib/bootstrap/dist/js/bootstrap.bundle.min.js responded 200 in 3.5555 ms
[19:10:13 INF] HTTP GET /js/site.js responded 200 in 0.6283 ms
[19:11:44 INF] HTTP GET /Installments responded 200 in 248.5061 ms
[19:11:44 INF] HTTP GET /lib/bootstrap/dist/css/bootstrap.min.css responded 200 in 1.4248 ms
[19:11:44 INF] HTTP GET /css/site.css responded 200 in 5.5276 ms
[19:11:44 INF] HTTP GET /Biktal.WebMVC.styles.css responded 200 in 4.1771 ms
[19:11:44 INF] HTTP GET /lib/jquery/dist/jquery.min.js responded 200 in 0.7309 ms
[19:11:44 INF] HTTP GET /lib/bootstrap/dist/js/bootstrap.bundle.min.js responded 200 in 0.7244 ms
[19:11:44 INF] HTTP GET /js/site.js responded 200 in 2.7558 ms
[19:11:47 INF] HTTP GET /Installments/New responded 200 in 152.6568 ms
[19:11:47 INF] HTTP GET /lib/bootstrap/dist/css/bootstrap.min.css responded 200 in 1.0435 ms
[19:11:47 INF] HTTP GET /css/site.css responded 200 in 1.5423 ms
[19:11:47 INF] HTTP GET /Biktal.WebMVC.styles.css responded 200 in 0.7219 ms
[19:11:47 INF] HTTP GET /lib/jquery/dist/jquery.min.js responded 304 in 1.5102 ms
[19:11:47 INF] HTTP GET /lib/bootstrap/dist/js/bootstrap.bundle.min.js responded 304 in 0.4690 ms
[19:11:47 INF] HTTP GET /js/site.js responded 304 in 0.3514 ms
[19:11:47 INF] HTTP GET /lib/jquery-validation-unobtrusive/dist/jquery.validate.unobtrusive.min.js responded 200 in 15.0465 ms
[19:11:47 INF] HTTP GET /lib/jquery-validation/dist/jquery.validate.min.js responded 200 in 20.0589 ms
[19:13:17 INF] HTTP POST /Installments/Create responded 302 in 473.9918 ms
[19:13:17 WRN] Compiling a query which loads related collections for more than one collection navigation, either via 'Include' or through projection, but no 'QuerySplittingBehavior' has been configured. By default, Entity Framework will use 'QuerySplittingBehavior.SingleQuery', which can potentially result in slow query performance. See https://go.microsoft.com/fwlink/?linkid=2134277 for more information. To identify the query that's triggering this warning call 'ConfigureWarnings(w => w.Throw(RelationalEventId.MultipleCollectionIncludeWarning))'.
[19:13:17 INF] HTTP GET /Installments/Detail/76d99ec2-dacd-4322-b703-fc0bb2bc1368 responded 200 in 97.8343 ms
[19:13:17 INF] HTTP GET /lib/bootstrap/dist/css/bootstrap.min.css responded 200 in 3.8477 ms
[19:13:17 INF] HTTP GET /css/site.css responded 200 in 0.8076 ms
[19:13:17 INF] HTTP GET /Biktal.WebMVC.styles.css responded 200 in 1.1128 ms
[19:13:17 INF] HTTP GET /lib/jquery/dist/jquery.min.js responded 200 in 0.6994 ms
[19:13:17 INF] HTTP GET /lib/bootstrap/dist/js/bootstrap.bundle.min.js responded 200 in 0.8854 ms
[19:13:17 INF] HTTP GET /js/site.js responded 200 in 7.4631 ms
[19:13:17 INF] HTTP GET /lib/jquery-validation/dist/jquery.validate.min.js responded 200 in 1.9074 ms
[19:13:17 INF] HTTP GET /lib/jquery-validation-unobtrusive/dist/jquery.validate.unobtrusive.min.js responded 200 in 2.4513 ms
[19:13:24 INF] HTTP GET /Crm/Customers responded 200 in 8.0049 ms
[19:13:24 INF] HTTP GET /lib/bootstrap/dist/css/bootstrap.min.css responded 200 in 6.6204 ms
[19:13:24 INF] HTTP GET /Biktal.WebMVC.styles.css responded 200 in 0.6159 ms
[19:13:24 INF] HTTP GET /css/site.css responded 200 in 0.6742 ms
[19:13:25 INF] HTTP GET /lib/jquery/dist/jquery.min.js responded 304 in 0.1603 ms
[19:13:25 INF] HTTP GET /js/site.js responded 304 in 0.1867 ms
[19:13:25 INF] HTTP GET /lib/bootstrap/dist/js/bootstrap.bundle.min.js responded 304 in 3.4259 ms
[19:13:32 INF] HTTP GET / responded 200 in 43.5211 ms
[19:13:32 INF] HTTP GET /lib/bootstrap/dist/css/bootstrap.min.css responded 200 in 2.4797 ms
[19:13:32 INF] HTTP GET /css/site.css responded 200 in 0.7204 ms
[19:13:32 INF] HTTP GET /Biktal.WebMVC.styles.css responded 200 in 2.5908 ms
[19:13:32 INF] HTTP GET /lib/jquery/dist/jquery.min.js responded 304 in 0.1957 ms
[19:13:32 INF] HTTP GET /lib/bootstrap/dist/js/bootstrap.bundle.min.js responded 304 in 0.1709 ms
[19:13:32 INF] HTTP GET /js/site.js responded 304 in 0.1338 ms
[19:13:32 INF] HTTP GET /js/pos.js responded 200 in 0.5305 ms
[19:13:32 INF] HTTP GET / responded 200 in 23.0488 ms
[19:13:32 INF] HTTP GET /lib/bootstrap/dist/css/bootstrap.min.css responded 200 in 9.1291 ms
[19:13:32 INF] HTTP GET /css/site.css responded 200 in 1.4383 ms
[19:13:32 INF] HTTP GET /Biktal.WebMVC.styles.css responded 200 in 0.5555 ms
[19:13:32 INF] HTTP GET /lib/jquery/dist/jquery.min.js responded 304 in 0.1495 ms
[19:13:32 INF] HTTP GET /lib/bootstrap/dist/js/bootstrap.bundle.min.js responded 304 in 0.1463 ms
[19:13:32 INF] HTTP GET /js/site.js responded 304 in 0.1387 ms
[19:13:32 INF] HTTP GET /js/pos.js responded 304 in 0.1497 ms
[19:13:48 INF] HTTP GET / responded 200 in 21.5171 ms
[19:13:48 INF] HTTP GET /css/site.css responded 200 in 0.8221 ms
[19:13:48 INF] HTTP GET /Biktal.WebMVC.styles.css responded 200 in 0.5046 ms
[19:13:48 INF] HTTP GET /lib/jquery/dist/jquery.min.js responded 304 in 0.1435 ms
[19:13:48 INF] HTTP GET /lib/bootstrap/dist/js/bootstrap.bundle.min.js responded 304 in 0.3237 ms
[19:13:48 INF] HTTP GET /lib/bootstrap/dist/css/bootstrap.min.css responded 200 in 2.4249 ms
[19:13:48 INF] HTTP GET /js/site.js responded 304 in 0.2315 ms
[19:13:48 INF] HTTP GET /js/pos.js responded 304 in 0.1573 ms
[19:13:48 INF] HTTP GET /favicon.ico responded 200 in 3.5053 ms
[19:14:09 INF] HTTP GET /Inventory/Products responded 200 in 228.6839 ms
[19:14:09 INF] HTTP GET /lib/bootstrap/dist/css/bootstrap.min.css responded 200 in 0.7684 ms
[19:14:09 INF] HTTP GET /css/site.css responded 200 in 1.0832 ms
[19:14:09 INF] HTTP GET /Biktal.WebMVC.styles.css responded 200 in 0.5080 ms
[19:14:09 INF] HTTP GET /lib/jquery/dist/jquery.min.js responded 304 in 0.1543 ms
[19:14:09 INF] HTTP GET /lib/bootstrap/dist/js/bootstrap.bundle.min.js responded 304 in 0.2504 ms
[19:14:09 INF] HTTP GET /js/site.js responded 304 in 0.2109 ms
[19:14:09 INF] HTTP GET /lib/jquery-validation-unobtrusive/dist/jquery.validate.unobtrusive.min.js responded 304 in 0.1824 ms
[19:14:09 INF] HTTP GET /lib/jquery-validation/dist/jquery.validate.min.js responded 304 in 0.2713 ms
[19:14:09 INF] HTTP GET /js/products-catalog-filter.js responded 200 in 3.6383 ms
[19:14:20 WRN] The query uses the 'First'/'FirstOrDefault' operator without 'OrderBy' and filter operators. This may lead to unpredictable results.
[19:14:20 WRN] The query uses the 'First'/'FirstOrDefault' operator without 'OrderBy' and filter operators. This may lead to unpredictable results.
[19:14:20 INF] HTTP GET /Operations responded 200 in 130.9723 ms
[19:14:20 INF] HTTP GET /lib/bootstrap/dist/css/bootstrap.min.css responded 304 in 0.1493 ms
[19:14:20 INF] HTTP GET /css/site.css responded 304 in 0.4123 ms
[19:14:20 INF] HTTP GET /Biktal.WebMVC.styles.css responded 304 in 0.2605 ms
[19:14:20 INF] HTTP GET /lib/jquery/dist/jquery.min.js responded 304 in 0.1829 ms
[19:14:20 INF] HTTP GET /lib/bootstrap/dist/js/bootstrap.bundle.min.js responded 304 in 0.1859 ms
[19:14:20 INF] HTTP GET /js/site.js responded 304 in 0.1148 ms
[19:14:27 INF] HTTP GET /Operations/DailySales responded 200 in 52.0878 ms
[19:14:27 INF] HTTP GET /lib/bootstrap/dist/css/bootstrap.min.css responded 304 in 0.5752 ms
[19:14:27 INF] HTTP GET /css/site.css responded 304 in 0.1691 ms
[19:14:27 INF] HTTP GET /lib/jquery/dist/jquery.min.js responded 304 in 0.3665 ms
[19:14:27 INF] HTTP GET /Biktal.WebMVC.styles.css responded 304 in 0.2414 ms
[19:14:27 INF] HTTP GET /lib/bootstrap/dist/js/bootstrap.bundle.min.js responded 304 in 0.1818 ms
[19:14:27 INF] HTTP GET /js/site.js responded 304 in 0.2097 ms
[19:14:29 INF] HTTP GET /Operations/Sales responded 200 in 111.5019 ms
[19:14:29 INF] HTTP GET /lib/bootstrap/dist/css/bootstrap.min.css responded 304 in 0.1344 ms
[19:14:29 INF] HTTP GET /css/site.css responded 304 in 0.1329 ms
[19:14:29 INF] HTTP GET /Biktal.WebMVC.styles.css responded 304 in 0.1302 ms
[19:14:29 INF] HTTP GET /lib/jquery/dist/jquery.min.js responded 304 in 0.2169 ms
[19:14:29 INF] HTTP GET /js/site.js responded 304 in 0.0793 ms
[19:14:29 INF] HTTP GET /lib/bootstrap/dist/js/bootstrap.bundle.min.js responded 304 in 0.0833 ms
[19:14:31 INF] HTTP GET /Operations/Inventory responded 200 in 104.2875 ms
[19:14:31 INF] HTTP GET /lib/bootstrap/dist/css/bootstrap.min.css responded 304 in 0.7110 ms
[19:14:31 INF] HTTP GET /css/site.css responded 304 in 0.1418 ms
[19:14:31 INF] HTTP GET /Biktal.WebMVC.styles.css responded 304 in 0.1958 ms
[19:14:31 INF] HTTP GET /lib/jquery/dist/jquery.min.js responded 304 in 2.1692 ms
[19:14:31 INF] HTTP GET /lib/bootstrap/dist/js/bootstrap.bundle.min.js responded 304 in 0.2267 ms
[19:14:31 INF] HTTP GET /js/site.js responded 304 in 0.3890 ms
[19:14:32 INF] HTTP GET /Operations/LowStock responded 200 in 27.8634 ms
[19:14:32 INF] HTTP GET /css/site.css responded 304 in 0.1383 ms
[19:14:32 INF] HTTP GET /lib/bootstrap/dist/css/bootstrap.min.css responded 200 in 0.9979 ms
[19:14:32 INF] HTTP GET /lib/jquery/dist/jquery.min.js responded 304 in 0.1182 ms
[19:14:32 INF] HTTP GET /lib/bootstrap/dist/js/bootstrap.bundle.min.js responded 304 in 0.1261 ms
[19:14:32 INF] HTTP GET /Biktal.WebMVC.styles.css responded 304 in 0.2530 ms
[19:14:32 INF] HTTP GET /js/site.js responded 304 in 0.0974 ms
[19:14:33 INF] HTTP GET /Operations/Repairs responded 200 in 65.0257 ms
[19:14:33 INF] HTTP GET /lib/bootstrap/dist/css/bootstrap.min.css responded 304 in 0.1490 ms
[19:14:33 INF] HTTP GET /css/site.css responded 304 in 0.4085 ms
[19:14:33 INF] HTTP GET /Biktal.WebMVC.styles.css responded 304 in 0.1405 ms
[19:14:33 INF] HTTP GET /lib/jquery/dist/jquery.min.js responded 304 in 0.3093 ms
[19:14:33 INF] HTTP GET /js/site.js responded 304 in 0.1021 ms
[19:14:33 INF] HTTP GET /lib/bootstrap/dist/js/bootstrap.bundle.min.js responded 304 in 0.0999 ms
[19:14:34 INF] HTTP GET /Operations/PurchaseOrders responded 200 in 101.7434 ms
[19:14:34 INF] HTTP GET /lib/bootstrap/dist/css/bootstrap.min.css responded 304 in 0.2335 ms
[19:14:34 INF] HTTP GET /css/site.css responded 304 in 0.2505 ms
[19:14:34 INF] HTTP GET /Biktal.WebMVC.styles.css responded 304 in 0.0996 ms
[19:14:34 INF] HTTP GET /lib/jquery/dist/jquery.min.js responded 304 in 0.1060 ms
[19:14:34 INF] HTTP GET /lib/bootstrap/dist/js/bootstrap.bundle.min.js responded 304 in 0.1976 ms
[19:14:34 INF] HTTP GET /js/site.js responded 304 in 0.2313 ms
[19:14:36 INF] HTTP GET /Operations/StockMovement responded 200 in 73.7385 ms
[19:14:36 INF] HTTP GET /lib/bootstrap/dist/css/bootstrap.min.css responded 304 in 0.2371 ms
[19:14:36 INF] HTTP GET /css/site.css responded 304 in 0.1326 ms
[19:14:36 INF] HTTP GET /Biktal.WebMVC.styles.css responded 304 in 0.1607 ms
[19:14:36 INF] HTTP GET /lib/jquery/dist/jquery.min.js responded 304 in 0.2918 ms
[19:14:36 INF] HTTP GET /lib/bootstrap/dist/js/bootstrap.bundle.min.js responded 304 in 0.1869 ms
[19:14:36 INF] HTTP GET /js/site.js responded 304 in 0.1468 ms
[19:14:41 INF] HTTP GET /Insights responded 302 in 2.1153 ms
[19:14:41 INF] HTTP GET /Insights/Daily responded 200 in 89.5413 ms
[19:14:41 INF] HTTP GET /lib/bootstrap/dist/css/bootstrap.min.css responded 304 in 0.1638 ms
[19:14:41 INF] HTTP GET /Biktal.WebMVC.styles.css responded 304 in 0.0588 ms
[19:14:41 INF] HTTP GET /css/site.css responded 304 in 0.1522 ms
[19:14:41 INF] HTTP GET /lib/jquery/dist/jquery.min.js responded 304 in 0.0648 ms
[19:14:41 INF] HTTP GET /lib/bootstrap/dist/js/bootstrap.bundle.min.js responded 304 in 0.0834 ms
[19:14:41 INF] HTTP GET /js/site.js responded 304 in 0.1309 ms
[19:14:54 INF] HTTP GET /Finance responded 200 in 12.0560 ms
[19:14:54 INF] HTTP GET /lib/bootstrap/dist/css/bootstrap.min.css responded 200 in 1.5539 ms
[19:14:54 INF] HTTP GET /css/site.css responded 304 in 0.1413 ms
[19:14:54 INF] HTTP GET /Biktal.WebMVC.styles.css responded 304 in 0.3158 ms
[19:14:54 INF] HTTP GET /lib/jquery/dist/jquery.min.js responded 304 in 0.1385 ms
[19:14:54 INF] HTTP GET /lib/bootstrap/dist/js/bootstrap.bundle.min.js responded 304 in 0.0836 ms
[19:14:54 INF] HTTP GET /js/site.js responded 304 in 0.0938 ms
[19:14:56 INF] HTTP GET /Inventory/Products responded 200 in 88.0116 ms
[19:14:56 INF] HTTP GET /lib/bootstrap/dist/css/bootstrap.min.css responded 200 in 3.5457 ms
[19:14:56 INF] HTTP GET /css/site.css responded 304 in 0.1134 ms
[19:14:56 INF] HTTP GET /Biktal.WebMVC.styles.css responded 304 in 1.7775 ms
[19:14:57 INF] HTTP GET /lib/jquery/dist/jquery.min.js responded 304 in 0.0863 ms
[19:14:57 INF] HTTP GET /lib/bootstrap/dist/js/bootstrap.bundle.min.js responded 304 in 0.3078 ms
[19:14:57 INF] HTTP GET /js/site.js responded 304 in 13.3506 ms
[19:14:57 INF] HTTP GET /js/products-catalog-filter.js responded 200 in 3.5731 ms
[19:14:57 INF] HTTP GET /lib/jquery-validation-unobtrusive/dist/jquery.validate.unobtrusive.min.js responded 200 in 4.8198 ms
[19:14:57 INF] HTTP GET /lib/jquery-validation/dist/jquery.validate.min.js responded 200 in 4.6236 ms
[19:15:06 INF] HTTP GET /Inventory/Products responded 200 in 124.6854 ms
[19:15:06 INF] HTTP GET /lib/bootstrap/dist/css/bootstrap.min.css responded 304 in 2.2137 ms
[19:15:06 INF] HTTP GET /css/site.css responded 304 in 0.1327 ms
[19:15:06 INF] HTTP GET /Biktal.WebMVC.styles.css responded 304 in 0.0719 ms
[19:15:07 INF] HTTP GET /lib/jquery/dist/jquery.min.js responded 304 in 0.0848 ms
[19:15:07 INF] HTTP GET /lib/bootstrap/dist/js/bootstrap.bundle.min.js responded 304 in 0.7711 ms
[19:15:07 INF] HTTP GET /js/site.js responded 304 in 0.1100 ms
[19:15:07 INF] HTTP GET /lib/jquery-validation/dist/jquery.validate.min.js responded 304 in 0.0746 ms
[19:15:07 INF] HTTP GET /lib/jquery-validation-unobtrusive/dist/jquery.validate.unobtrusive.min.js responded 304 in 0.5875 ms
[19:15:07 INF] HTTP GET /js/products-catalog-filter.js responded 304 in 0.1662 ms
[19:15:12 INF] HTTP POST /Inventory/EditProduct responded 302 in 160.1528 ms
[19:15:12 INF] HTTP GET /Inventory/Products responded 200 in 73.7400 ms
[19:15:12 INF] HTTP GET /lib/bootstrap/dist/css/bootstrap.min.css responded 304 in 0.2858 ms
[19:15:12 INF] HTTP GET /css/site.css responded 304 in 0.1842 ms
[19:15:12 INF] HTTP GET /Biktal.WebMVC.styles.css responded 304 in 0.2072 ms
[19:15:13 INF] HTTP GET /lib/jquery/dist/jquery.min.js responded 304 in 0.0869 ms
[19:15:13 INF] HTTP GET /lib/bootstrap/dist/js/bootstrap.bundle.min.js responded 304 in 0.1227 ms
[19:15:13 INF] HTTP GET /js/site.js responded 304 in 0.2170 ms
[19:15:13 INF] HTTP GET /lib/jquery-validation/dist/jquery.validate.min.js responded 304 in 0.2239 ms
[19:15:13 INF] HTTP GET /lib/jquery-validation-unobtrusive/dist/jquery.validate.unobtrusive.min.js responded 304 in 0.2631 ms
[19:15:13 INF] HTTP GET /js/products-catalog-filter.js responded 304 in 0.1365 ms
[19:15:14 INF] HTTP GET / responded 200 in 185.9492 ms
[19:15:14 INF] HTTP GET /lib/bootstrap/dist/css/bootstrap.min.css responded 304 in 0.1705 ms
[19:15:14 INF] HTTP GET /css/site.css responded 304 in 0.1286 ms
[19:15:14 INF] HTTP GET /Biktal.WebMVC.styles.css responded 304 in 0.1638 ms
[19:15:14 INF] HTTP GET /lib/jquery/dist/jquery.min.js responded 304 in 0.0899 ms
[19:15:14 INF] HTTP GET /lib/bootstrap/dist/js/bootstrap.bundle.min.js responded 200 in 7.3241 ms
[19:15:14 INF] HTTP GET /js/site.js responded 200 in 0.8319 ms
[19:15:14 INF] HTTP GET /js/pos.js responded 200 in 1.9822 ms
[19:15:23 INF] HTTP POST /Pos/CompleteSale responded 200 in 505.3924 ms
[19:36:19 INF] Application is shutting down...
