[17:07:49 ERR] Failed executing DbCommand (6ms) [Parameters=[@p0='?' (DbType = Guid), @p1='?' (DbType = DateTime), @p2='?' (DbType = Guid), @p3='?', @p4='?' (DbType = DateTime), @p5='?' (DbType = Int32), @p6='?' (DbType = Int32), @p7='?', @p8='?', @p9='?' (DbType = Guid), @p10='?' (DbType = DateTime), @p11='?' (DbType = Guid), @p12='?', @p13='?' (DbType = DateTime), @p14='?' (DbType = Int32), @p15='?' (DbType = Int32), @p16='?', @p17='?'], CommandType='Text', CommandTimeout='30']
INSERT INTO "CrmSupportTickets" ("Id", "CreatedAtUtc", "CustomerId", "Description", "ModifiedAtUtc", "Priority", "Status", "Subject", "TicketNumber")
VALUES (@p0, @p1, @p2, @p3, @p4, @p5, @p6, @p7, @p8);
INSERT INTO "CrmSupportTickets" ("Id", "CreatedAtUtc", "CustomerId", "Description", "ModifiedAtUtc", "Priority", "Status", "Subject", "TicketNumber")
VALUES (@p9, @p10, @p11, @p12, @p13, @p14, @p15, @p16, @p17);
[17:07:49 ERR] An exception occurred in the database while saving changes for context type 'Biktal.Infrastructure.Persistence.ApplicationDbContext'.
Microsoft.EntityFrameworkCore.DbUpdateException: An error occurred while saving the entity changes. See the inner exception for details.
 ---> Npgsql.PostgresException (0x80004005): 23503: insert or update on table "CrmSupportTickets" violates foreign key constraint "FK_CrmSupportTickets_CrmCustomers_CustomerId"

DETAIL: Detail redacted as it may contain sensitive data. Specify 'Include Error Detail' in the connection string to include this information.
   at Npgsql.Internal.NpgsqlConnector.ReadMessageLong(Boolean async, DataRowLoadingMode dataRowLoadingMode, Boolean readingNotifications, Boolean isReadingPrependedMessage)
   at System.Runtime.CompilerServices.PoolingAsyncValueTaskMethodBuilder`1.StateMachineBox`1.System.Threading.Tasks.Sources.IValueTaskSource<TResult>.GetResult(Int16 token)
   at Npgsql.NpgsqlDataReader.NextResult(Boolean async, Boolean isConsuming, CancellationToken cancellationToken)
   at Npgsql.NpgsqlDataReader.NextResult(Boolean async, Boolean isConsuming, CancellationToken cancellationToken)
   at Npgsql.NpgsqlCommand.ExecuteReader(Boolean async, CommandBehavior behavior, CancellationToken cancellationToken)
   at Npgsql.NpgsqlCommand.ExecuteReader(Boolean async, CommandBehavior behavior, CancellationToken cancellationToken)
   at Npgsql.NpgsqlCommand.ExecuteDbDataReaderAsync(CommandBehavior behavior, CancellationToken cancellationToken)
   at Microsoft.EntityFrameworkCore.Storage.RelationalCommand.ExecuteReaderAsync(RelationalCommandParameterObject parameterObject, CancellationToken cancellationToken)
   at Microsoft.EntityFrameworkCore.Storage.RelationalCommand.ExecuteReaderAsync(RelationalCommandParameterObject parameterObject, CancellationToken cancellationToken)
   at Microsoft.EntityFrameworkCore.Update.ReaderModificationCommandBatch.ExecuteAsync(IRelationalConnection connection, CancellationToken cancellationToken)
  Exception data:
    Severity: ERROR
    SqlState: 23503
    MessageText: insert or update on table "CrmSupportTickets" violates foreign key constraint "FK_CrmSupportTickets_CrmCustomers_CustomerId"
    Detail: Detail redacted as it may contain sensitive data. Specify 'Include Error Detail' in the connection string to include this information.
    SchemaName: public
    TableName: CrmSupportTickets
    ConstraintName: FK_CrmSupportTickets_CrmCustomers_CustomerId
    File: ri_triggers.c
    Line: 2783
    Routine: ri_ReportViolation
   --- End of inner exception stack trace ---
   at Microsoft.EntityFrameworkCore.Update.ReaderModificationCommandBatch.ExecuteAsync(IRelationalConnection connection, CancellationToken cancellationToken)
   at Microsoft.EntityFrameworkCore.Update.Internal.BatchExecutor.ExecuteAsync(IEnumerable`1 commandBatches, IRelationalConnection connection, CancellationToken cancellationToken)
   at Microsoft.EntityFrameworkCore.Update.Internal.BatchExecutor.ExecuteAsync(IEnumerable`1 commandBatches, IRelationalConnection connection, CancellationToken cancellationToken)
   at Microsoft.EntityFrameworkCore.Update.Internal.BatchExecutor.ExecuteAsync(IEnumerable`1 commandBatches, IRelationalConnection connection, CancellationToken cancellationToken)
   at Microsoft.EntityFrameworkCore.Storage.RelationalDatabase.SaveChangesAsync(IList`1 entries, CancellationToken cancellationToken)
   at Microsoft.EntityFrameworkCore.ChangeTracking.Internal.StateManager.SaveChangesAsync(IList`1 entriesToSave, CancellationToken cancellationToken)
   at Microsoft.EntityFrameworkCore.ChangeTracking.Internal.StateManager.SaveChangesAsync(StateManager stateManager, Boolean acceptAllChangesOnSuccess, CancellationToken cancellationToken)
   at Npgsql.EntityFrameworkCore.PostgreSQL.Storage.Internal.NpgsqlExecutionStrategy.ExecuteAsync[TState,TResult](TState state, Func`4 operation, Func`4 verifySucceeded, CancellationToken cancellationToken)
   at Microsoft.EntityFrameworkCore.DbContext.SaveChangesAsync(Boolean acceptAllChangesOnSuccess, CancellationToken cancellationToken)
Microsoft.EntityFrameworkCore.DbUpdateException: An error occurred while saving the entity changes. See the inner exception for details.
 ---> Npgsql.PostgresException (0x80004005): 23503: insert or update on table "CrmSupportTickets" violates foreign key constraint "FK_CrmSupportTickets_CrmCustomers_CustomerId"

DETAIL: Detail redacted as it may contain sensitive data. Specify 'Include Error Detail' in the connection string to include this information.
   at Npgsql.Internal.NpgsqlConnector.ReadMessageLong(Boolean async, DataRowLoadingMode dataRowLoadingMode, Boolean readingNotifications, Boolean isReadingPrependedMessage)
   at System.Runtime.CompilerServices.PoolingAsyncValueTaskMethodBuilder`1.StateMachineBox`1.System.Threading.Tasks.Sources.IValueTaskSource<TResult>.GetResult(Int16 token)
   at Npgsql.NpgsqlDataReader.NextResult(Boolean async, Boolean isConsuming, CancellationToken cancellationToken)
   at Npgsql.NpgsqlDataReader.NextResult(Boolean async, Boolean isConsuming, CancellationToken cancellationToken)
   at Npgsql.NpgsqlCommand.ExecuteReader(Boolean async, CommandBehavior behavior, CancellationToken cancellationToken)
   at Npgsql.NpgsqlCommand.ExecuteReader(Boolean async, CommandBehavior behavior, CancellationToken cancellationToken)
   at Npgsql.NpgsqlCommand.ExecuteDbDataReaderAsync(CommandBehavior behavior, CancellationToken cancellationToken)
   at Microsoft.EntityFrameworkCore.Storage.RelationalCommand.ExecuteReaderAsync(RelationalCommandParameterObject parameterObject, CancellationToken cancellationToken)
   at Microsoft.EntityFrameworkCore.Storage.RelationalCommand.ExecuteReaderAsync(RelationalCommandParameterObject parameterObject, CancellationToken cancellationToken)
   at Microsoft.EntityFrameworkCore.Update.ReaderModificationCommandBatch.ExecuteAsync(IRelationalConnection connection, CancellationToken cancellationToken)
  Exception data:
    Severity: ERROR
    SqlState: 23503
    MessageText: insert or update on table "CrmSupportTickets" violates foreign key constraint "FK_CrmSupportTickets_CrmCustomers_CustomerId"
    Detail: Detail redacted as it may contain sensitive data. Specify 'Include Error Detail' in the connection string to include this information.
    SchemaName: public
    TableName: CrmSupportTickets
    ConstraintName: FK_CrmSupportTickets_CrmCustomers_CustomerId
    File: ri_triggers.c
    Line: 2783
    Routine: ri_ReportViolation
   --- End of inner exception stack trace ---
   at Microsoft.EntityFrameworkCore.Update.ReaderModificationCommandBatch.ExecuteAsync(IRelationalConnection connection, CancellationToken cancellationToken)
   at Microsoft.EntityFrameworkCore.Update.Internal.BatchExecutor.ExecuteAsync(IEnumerable`1 commandBatches, IRelationalConnection connection, CancellationToken cancellationToken)
   at Microsoft.EntityFrameworkCore.Update.Internal.BatchExecutor.ExecuteAsync(IEnumerable`1 commandBatches, IRelationalConnection connection, CancellationToken cancellationToken)
   at Microsoft.EntityFrameworkCore.Update.Internal.BatchExecutor.ExecuteAsync(IEnumerable`1 commandBatches, IRelationalConnection connection, CancellationToken cancellationToken)
   at Microsoft.EntityFrameworkCore.Storage.RelationalDatabase.SaveChangesAsync(IList`1 entries, CancellationToken cancellationToken)
   at Microsoft.EntityFrameworkCore.ChangeTracking.Internal.StateManager.SaveChangesAsync(IList`1 entriesToSave, CancellationToken cancellationToken)
   at Microsoft.EntityFrameworkCore.ChangeTracking.Internal.StateManager.SaveChangesAsync(StateManager stateManager, Boolean acceptAllChangesOnSuccess, CancellationToken cancellationToken)
   at Npgsql.EntityFrameworkCore.PostgreSQL.Storage.Internal.NpgsqlExecutionStrategy.ExecuteAsync[TState,TResult](TState state, Func`4 operation, Func`4 verifySucceeded, CancellationToken cancellationToken)
   at Microsoft.EntityFrameworkCore.DbContext.SaveChangesAsync(Boolean acceptAllChangesOnSuccess, CancellationToken cancellationToken)
[17:07:49 ERR] Database migration or seed failed. Check PostgreSQL is running and ConnectionStrings:DefaultConnection is correct.
Microsoft.EntityFrameworkCore.DbUpdateException: An error occurred while saving the entity changes. See the inner exception for details.
 ---> Npgsql.PostgresException (0x80004005): 23503: insert or update on table "CrmSupportTickets" violates foreign key constraint "FK_CrmSupportTickets_CrmCustomers_CustomerId"

DETAIL: Detail redacted as it may contain sensitive data. Specify 'Include Error Detail' in the connection string to include this information.
   at Npgsql.Internal.NpgsqlConnector.ReadMessageLong(Boolean async, DataRowLoadingMode dataRowLoadingMode, Boolean readingNotifications, Boolean isReadingPrependedMessage)
   at System.Runtime.CompilerServices.PoolingAsyncValueTaskMethodBuilder`1.StateMachineBox`1.System.Threading.Tasks.Sources.IValueTaskSource<TResult>.GetResult(Int16 token)
   at Npgsql.NpgsqlDataReader.NextResult(Boolean async, Boolean isConsuming, CancellationToken cancellationToken)
   at Npgsql.NpgsqlDataReader.NextResult(Boolean async, Boolean isConsuming, CancellationToken cancellationToken)
   at Npgsql.NpgsqlCommand.ExecuteReader(Boolean async, CommandBehavior behavior, CancellationToken cancellationToken)
   at Npgsql.NpgsqlCommand.ExecuteReader(Boolean async, CommandBehavior behavior, CancellationToken cancellationToken)
   at Npgsql.NpgsqlCommand.ExecuteDbDataReaderAsync(CommandBehavior behavior, CancellationToken cancellationToken)
   at Microsoft.EntityFrameworkCore.Storage.RelationalCommand.ExecuteReaderAsync(RelationalCommandParameterObject parameterObject, CancellationToken cancellationToken)
   at Microsoft.EntityFrameworkCore.Storage.RelationalCommand.ExecuteReaderAsync(RelationalCommandParameterObject parameterObject, CancellationToken cancellationToken)
   at Microsoft.EntityFrameworkCore.Update.ReaderModificationCommandBatch.ExecuteAsync(IRelationalConnection connection, CancellationToken cancellationToken)
  Exception data:
    Severity: ERROR
    SqlState: 23503
    MessageText: insert or update on table "CrmSupportTickets" violates foreign key constraint "FK_CrmSupportTickets_CrmCustomers_CustomerId"
    Detail: Detail redacted as it may contain sensitive data. Specify 'Include Error Detail' in the connection string to include this information.
    SchemaName: public
    TableName: CrmSupportTickets
    ConstraintName: FK_CrmSupportTickets_CrmCustomers_CustomerId
    File: ri_triggers.c
    Line: 2783
    Routine: ri_ReportViolation
   --- End of inner exception stack trace ---
   at Microsoft.EntityFrameworkCore.Update.ReaderModificationCommandBatch.ExecuteAsync(IRelationalConnection connection, CancellationToken cancellationToken)
   at Microsoft.EntityFrameworkCore.Update.Internal.BatchExecutor.ExecuteAsync(IEnumerable`1 commandBatches, IRelationalConnection connection, CancellationToken cancellationToken)
   at Microsoft.EntityFrameworkCore.Update.Internal.BatchExecutor.ExecuteAsync(IEnumerable`1 commandBatches, IRelationalConnection connection, CancellationToken cancellationToken)
   at Microsoft.EntityFrameworkCore.Update.Internal.BatchExecutor.ExecuteAsync(IEnumerable`1 commandBatches, IRelationalConnection connection, CancellationToken cancellationToken)
   at Microsoft.EntityFrameworkCore.Storage.RelationalDatabase.SaveChangesAsync(IList`1 entries, CancellationToken cancellationToken)
   at Microsoft.EntityFrameworkCore.ChangeTracking.Internal.StateManager.SaveChangesAsync(IList`1 entriesToSave, CancellationToken cancellationToken)
   at Microsoft.EntityFrameworkCore.ChangeTracking.Internal.StateManager.SaveChangesAsync(StateManager stateManager, Boolean acceptAllChangesOnSuccess, CancellationToken cancellationToken)
   at Npgsql.EntityFrameworkCore.PostgreSQL.Storage.Internal.NpgsqlExecutionStrategy.ExecuteAsync[TState,TResult](TState state, Func`4 operation, Func`4 verifySucceeded, CancellationToken cancellationToken)
   at Microsoft.EntityFrameworkCore.DbContext.SaveChangesAsync(Boolean acceptAllChangesOnSuccess, CancellationToken cancellationToken)
   at Microsoft.EntityFrameworkCore.DbContext.SaveChangesAsync(Boolean acceptAllChangesOnSuccess, CancellationToken cancellationToken)
   at Biktal.Infrastructure.Persistence.CrmDataSeeder.SeedIfEmptyAsync(ApplicationDbContext db, CancellationToken cancellationToken)
   at Program.<Main>$(String[] args) in d:\Systems\BiktalSystems\Program.cs:line 71
[17:07:49 WRN] Continuing without a successful migration/seed. Auth and data pages may fail until the database is available.
[17:07:49 WRN] Using an in-memory repository. Keys will not be persisted to storage.
[17:07:49 WRN] Neither user profile nor HKLM registry available. Using an ephemeral key repository. Protected data will be unavailable when application exits.
[17:07:49 WRN] No XML encryptor configured. Key {b195930e-62e6-4b26-8ce6-755cc3cf4c49} may be persisted to storage in unencrypted form.
[17:07:49 INF] Application started. Press Ctrl+C to shut down.
[17:07:49 INF] Hosting environment: Production
[17:07:49 INF] Content root path: D:\Systems\BiktalSystems\publish
[17:07:49 INF] HTTP GET /Inventory responded 302 in 83.4098 ms
[17:07:49 ERR] An exception was thrown while deserializing the token.
Microsoft.AspNetCore.Antiforgery.AntiforgeryValidationException: The antiforgery token could not be decrypted.
 ---> System.Security.Cryptography.CryptographicException: The key {2b46b7e5-dbf2-4729-8342-e1aa8ca36459} was not found in the key ring. For more information go to https://aka.ms/aspnet/dataprotectionwarning
   at Microsoft.AspNetCore.DataProtection.KeyManagement.KeyRingBasedDataProtector.UnprotectCore(Byte[] protectedData, Boolean allowOperationsOnRevokedKeys, UnprotectStatus& status)
   at Microsoft.AspNetCore.DataProtection.KeyManagement.KeyRingBasedDataProtector.Unprotect(Byte[] protectedData)
   at Microsoft.AspNetCore.Antiforgery.DefaultAntiforgeryTokenSerializer.Deserialize(String serializedToken)
   --- End of inner exception stack trace ---
   at Microsoft.AspNetCore.Antiforgery.DefaultAntiforgeryTokenSerializer.Deserialize(String serializedToken)
   at Microsoft.AspNetCore.Antiforgery.DefaultAntiforgery.GetCookieTokenDoesNotThrow(HttpContext httpContext)
[17:07:49 INF] HTTP GET /Account/Login responded 200 in 229.8563 ms
[17:07:50 INF] HTTP GET /lib/jquery-validation/dist/jquery.validate.min.js responded 200 in 83.9659 ms
[17:07:50 INF] HTTP GET /css/site.css responded 200 in 90.9778 ms
[17:07:50 INF] HTTP GET /Biktal.WebMVC.styles.css responded 200 in 88.3837 ms
[17:07:50 INF] HTTP GET /lib/jquery-validation-unobtrusive/dist/jquery.validate.unobtrusive.min.js responded 200 in 58.3273 ms
[17:07:50 INF] HTTP GET /js/site.js responded 200 in 85.5510 ms
[17:07:50 INF] HTTP GET /lib/bootstrap/dist/js/bootstrap.bundle.min.js responded 200 in 86.8287 ms
[17:07:50 INF] HTTP GET /lib/bootstrap/dist/css/bootstrap.min.css responded 200 in 92.3334 ms
[17:07:50 INF] HTTP GET /lib/jquery/dist/jquery.min.js responded 200 in 88.2374 ms
[17:08:05 INF] HTTP POST /Account/Login responded 302 in 559.8470 ms
[17:08:06 INF] HTTP GET /Inventory responded 200 in 201.1045 ms
[17:08:06 INF] HTTP GET /css/site.css responded 304 in 5.5641 ms
[17:08:06 INF] HTTP GET /lib/bootstrap/dist/css/bootstrap.min.css responded 304 in 8.4144 ms
[17:08:06 INF] HTTP GET /js/site.js responded 304 in 19.5731 ms
[17:08:06 INF] HTTP GET /Biktal.WebMVC.styles.css responded 304 in 0.9626 ms
[17:08:06 INF] HTTP GET /lib/jquery/dist/jquery.min.js responded 304 in 83.5198 ms
[17:08:06 INF] HTTP GET /lib/bootstrap/dist/js/bootstrap.bundle.min.js responded 304 in 165.8883 ms
[17:08:09 INF] HTTP GET /Inventory responded 200 in 35.2633 ms
[17:08:09 INF] HTTP GET /lib/bootstrap/dist/css/bootstrap.min.css responded 304 in 2.2755 ms
[17:08:09 INF] HTTP GET /css/site.css responded 304 in 2.6159 ms
[17:08:09 INF] HTTP GET /Biktal.WebMVC.styles.css responded 304 in 1.7822 ms
[17:08:09 INF] HTTP GET /lib/bootstrap/dist/js/bootstrap.bundle.min.js responded 304 in 1.3503 ms
[17:08:09 INF] HTTP GET /lib/jquery/dist/jquery.min.js responded 304 in 1.4511 ms
[17:08:09 INF] HTTP GET /js/site.js responded 304 in 1.0234 ms
[17:08:18 INF] HTTP GET /Inventory/Products responded 200 in 513.4317 ms
[17:08:19 INF] HTTP GET /Biktal.WebMVC.styles.css responded 304 in 0.7260 ms
[17:08:19 INF] HTTP GET /css/site.css responded 304 in 0.7671 ms
[17:08:19 INF] HTTP GET /lib/bootstrap/dist/css/bootstrap.min.css responded 200 in 1.9615 ms
[17:08:19 INF] HTTP GET /lib/jquery/dist/jquery.min.js responded 304 in 0.5880 ms
[17:08:19 INF] HTTP GET /lib/bootstrap/dist/js/bootstrap.bundle.min.js responded 304 in 0.8007 ms
[17:08:19 INF] HTTP GET /js/site.js responded 304 in 0.7017 ms
[17:08:19 INF] HTTP GET /js/products-catalog-filter.js responded 200 in 1.2079 ms
[17:08:19 INF] HTTP GET /lib/jquery-validation-unobtrusive/dist/jquery.validate.unobtrusive.min.js responded 304 in 15.8611 ms
[17:08:19 INF] HTTP GET /lib/jquery-validation/dist/jquery.validate.min.js responded 304 in 25.6336 ms
[17:10:17 WRN] The query uses the 'First'/'FirstOrDefault' operator without 'OrderBy' and filter operators. This may lead to unpredictable results.
[17:10:17 WRN] The query uses the 'First'/'FirstOrDefault' operator without 'OrderBy' and filter operators. This may lead to unpredictable results.
[17:10:17 INF] HTTP GET /Operations responded 200 in 115.6661 ms
[17:10:17 INF] HTTP GET /css/site.css responded 200 in 1.6768 ms
[17:10:17 INF] HTTP GET /Biktal.WebMVC.styles.css responded 200 in 5.6577 ms
[17:10:17 INF] HTTP GET /lib/jquery/dist/jquery.min.js responded 200 in 3.8538 ms
[17:10:17 INF] HTTP GET /lib/bootstrap/dist/css/bootstrap.min.css responded 200 in 4.3079 ms
[17:10:17 INF] HTTP GET /lib/bootstrap/dist/js/bootstrap.bundle.min.js responded 200 in 1.9370 ms
[17:10:17 INF] HTTP GET /js/site.js responded 200 in 1.5757 ms
[17:10:25 INF] HTTP GET /Inventory responded 200 in 17.3256 ms
[17:10:25 INF] HTTP GET /lib/bootstrap/dist/css/bootstrap.min.css responded 200 in 1.6504 ms
[17:10:25 INF] HTTP GET /css/site.css responded 200 in 3.1135 ms
[17:10:25 INF] HTTP GET /Biktal.WebMVC.styles.css responded 200 in 3.7306 ms
[17:10:25 INF] HTTP GET /lib/jquery/dist/jquery.min.js responded 304 in 1.6039 ms
[17:10:25 INF] HTTP GET /lib/bootstrap/dist/js/bootstrap.bundle.min.js responded 304 in 0.5673 ms
[17:10:25 INF] HTTP GET /js/site.js responded 304 in 0.3722 ms
[17:10:27 INF] HTTP GET /Operations responded 200 in 16.0220 ms
[17:10:27 INF] HTTP GET /lib/bootstrap/dist/css/bootstrap.min.css responded 200 in 1.4513 ms
[17:10:27 INF] HTTP GET /lib/jquery/dist/jquery.min.js responded 304 in 1.7921 ms
[17:10:27 INF] HTTP GET /css/site.css responded 200 in 1.9244 ms
[17:10:27 INF] HTTP GET /lib/bootstrap/dist/js/bootstrap.bundle.min.js responded 304 in 0.4636 ms
[17:10:27 INF] HTTP GET /Biktal.WebMVC.styles.css responded 200 in 0.9776 ms
[17:10:27 INF] HTTP GET /js/site.js responded 304 in 1.1884 ms
[17:10:32 INF] HTTP GET /Operations/DailySales responded 200 in 47.3624 ms
[17:10:32 INF] HTTP GET /lib/bootstrap/dist/css/bootstrap.min.css responded 200 in 1.9497 ms
[17:10:32 INF] HTTP GET /css/site.css responded 200 in 3.6106 ms
[17:10:32 INF] HTTP GET /js/site.js responded 304 in 0.5540 ms
[17:10:32 INF] HTTP GET /Biktal.WebMVC.styles.css responded 200 in 1.3596 ms
[17:10:32 INF] HTTP GET /lib/jquery/dist/jquery.min.js responded 304 in 2.9243 ms
[17:10:32 INF] HTTP GET /lib/bootstrap/dist/js/bootstrap.bundle.min.js responded 304 in 0.7782 ms
[17:10:49 INF] HTTP GET /Operations/MonthlySales responded 200 in 44.8645 ms
[17:10:49 INF] HTTP GET /lib/bootstrap/dist/css/bootstrap.min.css responded 200 in 1.3376 ms
[17:10:49 INF] HTTP GET /lib/jquery/dist/jquery.min.js responded 304 in 0.4681 ms
[17:10:49 INF] HTTP GET /Biktal.WebMVC.styles.css responded 200 in 1.4777 ms
[17:10:49 INF] HTTP GET /lib/bootstrap/dist/js/bootstrap.bundle.min.js responded 304 in 0.5383 ms
[17:10:49 INF] HTTP GET /js/site.js responded 304 in 0.4343 ms
[17:10:49 INF] HTTP GET /css/site.css responded 200 in 1.2459 ms
[17:10:51 INF] HTTP GET /Operations/DailySales responded 200 in 11.6392 ms
[17:10:51 INF] HTTP GET /lib/bootstrap/dist/css/bootstrap.min.css responded 304 in 1.6557 ms
[17:10:51 INF] HTTP GET /css/site.css responded 304 in 0.3505 ms
[17:10:51 INF] HTTP GET /lib/jquery/dist/jquery.min.js responded 304 in 0.4521 ms
[17:10:51 INF] HTTP GET /Biktal.WebMVC.styles.css responded 304 in 0.7624 ms
[17:10:51 INF] HTTP GET /lib/bootstrap/dist/js/bootstrap.bundle.min.js responded 304 in 0.4755 ms
[17:10:51 INF] HTTP GET /js/site.js responded 304 in 0.9648 ms
[17:11:10 INF] HTTP GET /Insights responded 200 in 137.5950 ms
[17:11:10 INF] HTTP GET /css/site.css responded 304 in 1.6381 ms
[17:11:10 INF] HTTP GET /Biktal.WebMVC.styles.css responded 304 in 0.4695 ms
[17:11:10 INF] HTTP GET /lib/jquery/dist/jquery.min.js responded 304 in 1.1448 ms
[17:11:10 INF] HTTP GET /lib/bootstrap/dist/js/bootstrap.bundle.min.js responded 304 in 1.1905 ms
[17:11:10 INF] HTTP GET /js/site.js responded 304 in 1.6186 ms
[17:11:10 INF] HTTP GET /lib/bootstrap/dist/css/bootstrap.min.css responded 200 in 2.7267 ms
[17:11:14 INF] HTTP GET /Finance responded 200 in 72.2040 ms
[17:11:14 INF] HTTP GET /lib/bootstrap/dist/css/bootstrap.min.css responded 304 in 0.4327 ms
[17:11:14 INF] HTTP GET /lib/bootstrap/dist/js/bootstrap.bundle.min.js responded 304 in 0.3552 ms
[17:11:14 INF] HTTP GET /js/site.js responded 304 in 0.4277 ms
[17:11:14 INF] HTTP GET /css/site.css responded 304 in 0.3899 ms
[17:11:14 INF] HTTP GET /Biktal.WebMVC.styles.css responded 304 in 0.3563 ms
[17:11:14 INF] HTTP GET /lib/jquery/dist/jquery.min.js responded 304 in 0.4278 ms
[17:11:16 INF] HTTP GET /Finance/Expenses responded 200 in 66.5079 ms
[17:11:16 INF] HTTP GET /css/site.css responded 304 in 0.6015 ms
[17:11:16 INF] HTTP GET /lib/bootstrap/dist/css/bootstrap.min.css responded 304 in 1.2770 ms
[17:11:16 INF] HTTP GET /Biktal.WebMVC.styles.css responded 304 in 0.6518 ms
[17:11:16 INF] HTTP GET /js/site.js responded 304 in 0.4871 ms
[17:11:16 INF] HTTP GET /lib/jquery-validation/dist/jquery.validate.min.js responded 200 in 1.4096 ms
[17:11:16 INF] HTTP GET /lib/jquery/dist/jquery.min.js responded 304 in 1.3545 ms
[17:11:16 INF] HTTP GET /lib/bootstrap/dist/js/bootstrap.bundle.min.js responded 304 in 2.5102 ms
[17:11:16 INF] HTTP GET /lib/jquery-validation-unobtrusive/dist/jquery.validate.unobtrusive.min.js responded 200 in 2.2057 ms
[17:32:04 INF] Application is shutting down...
