[09:20:31 WRN] Using an in-memory repository. Keys will not be persisted to storage.
[09:20:31 WRN] Neither user profile nor HKLM registry available. Using an ephemeral key repository. Protected data will be unavailable when application exits.
[09:20:31 WRN] No XML encryptor configured. Key {c970a589-33ba-4a30-ae28-f76d2d61f204} may be persisted to storage in unencrypted form.
[09:20:31 INF] Application started. Press Ctrl+C to shut down.
[09:20:31 INF] Hosting environment: Production
[09:20:31 INF] Content root path: D:\Systems\BiktalSystems\publish
[09:20:31 INF] HTTP GET /Account/Login responded 302 in 106.6752 ms
[09:20:32 ERR] An exception was thrown while deserializing the token.
Microsoft.AspNetCore.Antiforgery.AntiforgeryValidationException: The antiforgery token could not be decrypted.
 ---> System.Security.Cryptography.CryptographicException: The key {1b8b2b51-0032-4cb1-aadc-fe7c1d929467} was not found in the key ring. For more information go to https://aka.ms/aspnet/dataprotectionwarning
   at Microsoft.AspNetCore.DataProtection.KeyManagement.KeyRingBasedDataProtector.UnprotectCore(Byte[] protectedData, Boolean allowOperationsOnRevokedKeys, UnprotectStatus& status)
   at Microsoft.AspNetCore.DataProtection.KeyManagement.KeyRingBasedDataProtector.Unprotect(Byte[] protectedData)
   at Microsoft.AspNetCore.Antiforgery.DefaultAntiforgeryTokenSerializer.Deserialize(String serializedToken)
   --- End of inner exception stack trace ---
   at Microsoft.AspNetCore.Antiforgery.DefaultAntiforgeryTokenSerializer.Deserialize(String serializedToken)
   at Microsoft.AspNetCore.Antiforgery.DefaultAntiforgery.GetCookieTokenDoesNotThrow(HttpContext httpContext)
[09:20:32 INF] HTTP GET /Inventory/Products responded 200 in 785.1495 ms
[09:20:32 INF] HTTP GET /lib/bootstrap/dist/css/bootstrap.min.css responded 200 in 47.0362 ms
[09:20:32 INF] HTTP GET /css/site.css responded 200 in 45.3677 ms
[09:20:32 INF] HTTP GET /Biktal.WebMVC.styles.css responded 200 in 62.6985 ms
[09:20:34 INF] HTTP GET /lib/jquery/dist/jquery.min.js responded 200 in 27.4420 ms
[09:20:34 INF] HTTP GET /js/site.js responded 200 in 97.9946 ms
[09:20:34 INF] HTTP GET /lib/jquery-validation/dist/jquery.validate.min.js responded 200 in 100.4466 ms
[09:20:34 INF] HTTP GET /lib/bootstrap/dist/js/bootstrap.bundle.min.js responded 200 in 101.1850 ms
[09:20:34 INF] HTTP GET /js/products-catalog-filter.js responded 200 in 24.2604 ms
[09:20:34 INF] HTTP GET /lib/jquery-validation-unobtrusive/dist/jquery.validate.unobtrusive.min.js responded 200 in 22.8230 ms
[09:24:09 INF] HTTP GET /Finance responded 200 in 188.6742 ms
[09:24:09 INF] HTTP GET /Biktal.WebMVC.styles.css responded 200 in 2.7192 ms
[09:24:09 INF] HTTP GET /css/site.css responded 200 in 10.9871 ms
[09:24:09 INF] HTTP GET /lib/bootstrap/dist/css/bootstrap.min.css responded 200 in 10.0043 ms
[09:24:09 INF] HTTP GET /js/site.js responded 200 in 54.7252 ms
[09:24:09 INF] HTTP GET /lib/jquery/dist/jquery.min.js responded 200 in 57.1014 ms
[09:24:09 INF] HTTP GET /lib/bootstrap/dist/js/bootstrap.bundle.min.js responded 200 in 172.3829 ms
[09:24:14 INF] HTTP GET /Finance/Cashbox responded 200 in 349.9049 ms
[09:24:14 INF] HTTP GET /lib/bootstrap/dist/css/bootstrap.min.css responded 200 in 2.1981 ms
[09:24:14 INF] HTTP GET /css/site.css responded 200 in 2.0267 ms
[09:24:14 INF] HTTP GET /js/site.js responded 304 in 1.0316 ms
[09:24:14 INF] HTTP GET /lib/bootstrap/dist/js/bootstrap.bundle.min.js responded 304 in 0.5505 ms
[09:24:14 INF] HTTP GET /lib/jquery/dist/jquery.min.js responded 304 in 18.5952 ms
[09:24:14 INF] HTTP GET /lib/jquery-validation-unobtrusive/dist/jquery.validate.unobtrusive.min.js responded 200 in 27.6701 ms
[09:24:14 INF] HTTP GET /Biktal.WebMVC.styles.css responded 200 in 12.6141 ms
[09:24:14 INF] HTTP GET /lib/jquery-validation/dist/jquery.validate.min.js responded 200 in 30.7356 ms
[09:24:25 WRN] The query uses the 'First'/'FirstOrDefault' operator without 'OrderBy' and filter operators. This may lead to unpredictable results.
[09:24:25 WRN] The query uses the 'First'/'FirstOrDefault' operator without 'OrderBy' and filter operators. This may lead to unpredictable results.
[09:24:25 INF] HTTP GET /Operations responded 200 in 117.9842 ms
[09:24:25 INF] HTTP GET /lib/bootstrap/dist/css/bootstrap.min.css responded 200 in 1.4775 ms
[09:24:25 INF] HTTP GET /css/site.css responded 200 in 1.5832 ms
[09:24:25 INF] HTTP GET /Biktal.WebMVC.styles.css responded 200 in 4.8108 ms
[09:24:25 INF] HTTP GET /lib/jquery/dist/jquery.min.js responded 304 in 0.9711 ms
[09:24:25 INF] HTTP GET /js/site.js responded 304 in 0.2359 ms
[09:24:25 INF] HTTP GET /lib/bootstrap/dist/js/bootstrap.bundle.min.js responded 304 in 0.2538 ms
[09:24:26 INF] HTTP GET /Insights responded 302 in 3.0713 ms
[09:24:26 INF] HTTP GET /Insights/Daily responded 200 in 117.7705 ms
[09:24:26 INF] HTTP GET /lib/bootstrap/dist/css/bootstrap.min.css responded 200 in 6.7321 ms
[09:24:26 INF] HTTP GET /Biktal.WebMVC.styles.css responded 200 in 3.5130 ms
[09:24:26 INF] HTTP GET /css/site.css responded 200 in 2.6121 ms
[09:24:26 INF] HTTP GET /lib/jquery/dist/jquery.min.js responded 304 in 0.2532 ms
[09:24:26 INF] HTTP GET /lib/bootstrap/dist/js/bootstrap.bundle.min.js responded 304 in 0.3287 ms
[09:24:26 INF] HTTP GET /js/site.js responded 304 in 0.2805 ms
[09:24:32 INF] HTTP GET /Insights/Daily responded 200 in 27.2009 ms
[09:24:32 INF] HTTP GET /lib/bootstrap/dist/css/bootstrap.min.css responded 304 in 2.0416 ms
[09:24:32 INF] HTTP GET /css/site.css responded 304 in 0.2052 ms
[09:24:32 INF] HTTP GET /lib/bootstrap/dist/js/bootstrap.bundle.min.js responded 304 in 0.1422 ms
[09:24:32 INF] HTTP GET /lib/jquery/dist/jquery.min.js responded 304 in 0.3579 ms
[09:24:32 INF] HTTP GET /Biktal.WebMVC.styles.css responded 304 in 0.3035 ms
[09:24:32 INF] HTTP GET /js/site.js responded 304 in 0.6397 ms
[09:24:33 INF] HTTP GET /Insights/Daily responded 200 in 19.0750 ms
[09:24:33 INF] HTTP GET /css/site.css responded 304 in 0.1865 ms
[09:24:33 INF] HTTP GET /lib/bootstrap/dist/css/bootstrap.min.css responded 304 in 0.3207 ms
[09:24:33 INF] HTTP GET /Biktal.WebMVC.styles.css responded 304 in 0.3886 ms
[09:24:33 INF] HTTP GET /lib/jquery/dist/jquery.min.js responded 304 in 0.1615 ms
[09:24:33 INF] HTTP GET /lib/bootstrap/dist/js/bootstrap.bundle.min.js responded 304 in 0.1876 ms
[09:24:33 INF] HTTP GET /js/site.js responded 304 in 0.3270 ms
[09:24:35 INF] HTTP GET /Inventory/Products responded 200 in 104.4227 ms
[09:24:35 INF] HTTP GET /lib/bootstrap/dist/css/bootstrap.min.css responded 304 in 0.1963 ms
[09:24:35 INF] HTTP GET /Biktal.WebMVC.styles.css responded 304 in 0.1124 ms
[09:24:35 INF] HTTP GET /css/site.css responded 304 in 0.2668 ms
[09:24:36 WRN] The query uses the 'First'/'FirstOrDefault' operator without 'OrderBy' and filter operators. This may lead to unpredictable results.
[09:24:36 INF] HTTP GET / responded 200 in 120.4418 ms
[09:24:36 INF] HTTP GET /css/site.css responded 304 in 0.1582 ms
[09:24:36 INF] HTTP GET /lib/bootstrap/dist/css/bootstrap.min.css responded 304 in 0.5262 ms
[09:24:36 INF] HTTP GET /Biktal.WebMVC.styles.css responded 304 in 6.1624 ms
[09:24:36 INF] HTTP GET /lib/jquery/dist/jquery.min.js responded 304 in 0.2933 ms
[09:24:36 INF] HTTP GET /lib/bootstrap/dist/js/bootstrap.bundle.min.js responded 304 in 1.4937 ms
[09:24:36 INF] HTTP GET /js/site.js responded 304 in 0.4963 ms
[09:24:36 INF] HTTP GET /js/pos.js responded 200 in 20.1026 ms
[09:28:19 INF] HTTP GET /Operations responded 200 in 241.3741 ms
[09:28:19 INF] HTTP GET /Biktal.WebMVC.styles.css responded 200 in 1.2284 ms
[09:28:19 INF] HTTP GET /lib/jquery/dist/jquery.min.js responded 200 in 1.2904 ms
[09:28:19 INF] HTTP GET /js/site.js responded 200 in 0.9428 ms
[09:28:19 INF] HTTP GET /lib/bootstrap/dist/css/bootstrap.min.css responded 200 in 5.3231 ms
[09:28:19 INF] HTTP GET /css/site.css responded 200 in 0.6816 ms
[09:28:19 INF] HTTP GET /lib/bootstrap/dist/js/bootstrap.bundle.min.js responded 200 in 4.0211 ms
[09:28:23 INF] HTTP GET /Crm responded 200 in 99.9319 ms
[09:28:23 INF] HTTP GET /Biktal.WebMVC.styles.css responded 304 in 0.1663 ms
[09:28:23 INF] HTTP GET /lib/bootstrap/dist/css/bootstrap.min.css responded 304 in 0.1296 ms
[09:28:23 INF] HTTP GET /js/site.js responded 304 in 0.1075 ms
[09:28:23 INF] HTTP GET /lib/bootstrap/dist/js/bootstrap.bundle.min.js responded 304 in 0.1235 ms
[09:28:23 INF] HTTP GET /css/site.css responded 304 in 0.1129 ms
[09:28:23 INF] HTTP GET /lib/jquery/dist/jquery.min.js responded 304 in 0.1186 ms
[09:28:25 INF] HTTP GET /Installments responded 200 in 101.2806 ms
[09:28:25 INF] HTTP GET /lib/bootstrap/dist/css/bootstrap.min.css responded 304 in 0.1931 ms
[09:28:25 INF] HTTP GET /css/site.css responded 304 in 0.1146 ms
[09:28:25 INF] HTTP GET /Biktal.WebMVC.styles.css responded 304 in 1.2694 ms
[09:28:25 INF] HTTP GET /lib/jquery/dist/jquery.min.js responded 304 in 1.0881 ms
[09:28:25 INF] HTTP GET /lib/bootstrap/dist/js/bootstrap.bundle.min.js responded 304 in 0.3902 ms
[09:28:25 INF] HTTP GET /js/site.js responded 304 in 0.1267 ms
[09:40:38 INF] HTTP GET /Finance responded 200 in 84.0108 ms
[09:40:38 INF] HTTP GET /lib/bootstrap/dist/css/bootstrap.min.css responded 200 in 1.4357 ms
[09:40:38 INF] HTTP GET /lib/bootstrap/dist/js/bootstrap.bundle.min.js responded 200 in 0.9125 ms
[09:40:38 INF] HTTP GET /Biktal.WebMVC.styles.css responded 200 in 0.8693 ms
[09:40:38 INF] HTTP GET /css/site.css responded 200 in 1.0406 ms
[09:40:38 INF] HTTP GET /lib/jquery/dist/jquery.min.js responded 200 in 1.1151 ms
[09:40:38 INF] HTTP GET /js/site.js responded 200 in 1.5613 ms
[09:40:40 INF] HTTP GET /Finance/Cashbox responded 200 in 46.5319 ms
[09:40:40 INF] HTTP GET /css/site.css responded 200 in 0.7293 ms
[09:40:40 INF] HTTP GET /lib/bootstrap/dist/css/bootstrap.min.css responded 200 in 3.3092 ms
[09:40:40 INF] HTTP GET /Biktal.WebMVC.styles.css responded 200 in 0.5610 ms
[09:40:40 INF] HTTP GET /lib/jquery/dist/jquery.min.js responded 304 in 0.1213 ms
[09:40:40 INF] HTTP GET /js/site.js responded 304 in 0.1329 ms
[09:40:40 INF] HTTP GET /lib/jquery-validation-unobtrusive/dist/jquery.validate.unobtrusive.min.js responded 200 in 0.5186 ms
[09:40:40 INF] HTTP GET /lib/jquery-validation/dist/jquery.validate.min.js responded 200 in 0.5964 ms
[09:40:40 INF] HTTP GET /lib/bootstrap/dist/js/bootstrap.bundle.min.js responded 304 in 0.1554 ms
[09:40:42 INF] HTTP GET /Inventory/Products responded 200 in 87.4809 ms
[09:40:42 INF] HTTP GET /lib/bootstrap/dist/css/bootstrap.min.css responded 304 in 0.4202 ms
[09:40:42 INF] HTTP GET /css/site.css responded 304 in 0.1252 ms
[09:40:42 INF] HTTP GET /Biktal.WebMVC.styles.css responded 304 in 0.7287 ms
[09:40:43 INF] HTTP GET /lib/jquery/dist/jquery.min.js responded 304 in 0.0878 ms
[09:40:43 INF] HTTP GET /js/site.js responded 304 in 0.1021 ms
[09:40:43 INF] HTTP GET /lib/bootstrap/dist/js/bootstrap.bundle.min.js responded 304 in 0.1262 ms
[09:40:43 INF] HTTP GET /lib/jquery-validation/dist/jquery.validate.min.js responded 304 in 0.1974 ms
[09:40:43 INF] HTTP GET /js/products-catalog-filter.js responded 200 in 1.1546 ms
[09:40:43 INF] HTTP GET /lib/jquery-validation-unobtrusive/dist/jquery.validate.unobtrusive.min.js responded 304 in 0.1337 ms
[09:40:46 INF] HTTP GET / responded 200 in 24.7210 ms
[09:40:46 INF] HTTP GET /lib/bootstrap/dist/css/bootstrap.min.css responded 304 in 0.1344 ms
[09:40:46 INF] HTTP GET /css/site.css responded 304 in 0.3871 ms
[09:40:46 INF] HTTP GET /Biktal.WebMVC.styles.css responded 304 in 0.1239 ms
[09:40:46 INF] HTTP GET /lib/jquery/dist/jquery.min.js responded 304 in 0.7952 ms
[09:40:46 INF] HTTP GET /lib/bootstrap/dist/js/bootstrap.bundle.min.js responded 304 in 0.1363 ms
[09:40:46 INF] HTTP GET /js/site.js responded 304 in 0.0976 ms
[09:40:46 INF] HTTP GET /js/pos.js responded 200 in 0.6303 ms
[09:41:27 INF] HTTP POST /Pos/CompleteSale responded 200 in 748.8962 ms
[09:42:16 INF] HTTP POST /Pos/CompleteSale responded 200 in 42.7841 ms
[09:42:19 INF] HTTP GET /Finance responded 200 in 10.6055 ms
[09:42:19 INF] HTTP GET /lib/bootstrap/dist/css/bootstrap.min.css responded 200 in 0.6198 ms
[09:42:19 INF] HTTP GET /Biktal.WebMVC.styles.css responded 200 in 0.3400 ms
[09:42:19 INF] HTTP GET /lib/jquery/dist/jquery.min.js responded 200 in 0.8132 ms
[09:42:19 INF] HTTP GET /css/site.css responded 200 in 0.4267 ms
[09:42:19 INF] HTTP GET /lib/bootstrap/dist/js/bootstrap.bundle.min.js responded 200 in 0.9047 ms
[09:42:19 INF] HTTP GET /js/site.js responded 200 in 1.1383 ms
[09:42:20 INF] HTTP GET /Finance/Cashbox responded 200 in 18.4275 ms
[09:42:20 INF] HTTP GET /lib/bootstrap/dist/css/bootstrap.min.css responded 200 in 1.5006 ms
[09:42:20 INF] HTTP GET /css/site.css responded 200 in 4.6157 ms
[09:42:20 INF] HTTP GET /Biktal.WebMVC.styles.css responded 200 in 1.2237 ms
[09:42:20 INF] HTTP GET /lib/jquery/dist/jquery.min.js responded 304 in 0.1483 ms
[09:42:20 INF] HTTP GET /js/site.js responded 304 in 0.3018 ms
[09:42:20 INF] HTTP GET /lib/bootstrap/dist/js/bootstrap.bundle.min.js responded 304 in 0.1302 ms
[09:42:20 INF] HTTP GET /lib/jquery-validation-unobtrusive/dist/jquery.validate.unobtrusive.min.js responded 200 in 0.9161 ms
[09:42:20 INF] HTTP GET /lib/jquery-validation/dist/jquery.validate.min.js responded 200 in 0.6996 ms
[09:42:50 INF] HTTP POST /Finance/CloseCashboxSession responded 302 in 125.3589 ms
[09:42:50 INF] HTTP GET /Finance/Cashbox responded 200 in 22.1169 ms
[09:42:50 INF] HTTP GET /lib/bootstrap/dist/css/bootstrap.min.css responded 200 in 2.0644 ms
[09:42:50 INF] HTTP GET /Biktal.WebMVC.styles.css responded 200 in 3.6388 ms
[09:42:50 INF] HTTP GET /lib/jquery/dist/jquery.min.js responded 304 in 0.1899 ms
[09:42:50 INF] HTTP GET /lib/bootstrap/dist/js/bootstrap.bundle.min.js responded 304 in 0.1340 ms
[09:42:50 INF] HTTP GET /css/site.css responded 200 in 0.7067 ms
[09:42:50 INF] HTTP GET /js/site.js responded 304 in 0.1469 ms
[09:42:50 INF] HTTP GET /lib/jquery-validation/dist/jquery.validate.min.js responded 304 in 0.0876 ms
[09:42:50 INF] HTTP GET /lib/jquery-validation-unobtrusive/dist/jquery.validate.unobtrusive.min.js responded 304 in 0.1450 ms
[09:43:17 INF] HTTP POST /Finance/OpenCashboxSession responded 302 in 32.4342 ms
[09:43:17 INF] HTTP GET /Finance/Cashbox responded 200 in 20.2659 ms
[09:43:17 INF] HTTP GET /lib/bootstrap/dist/css/bootstrap.min.css responded 200 in 0.8682 ms
[09:43:17 INF] HTTP GET /css/site.css responded 200 in 1.0648 ms
[09:43:17 INF] HTTP GET /lib/jquery/dist/jquery.min.js responded 304 in 0.8242 ms
[09:43:17 INF] HTTP GET /lib/bootstrap/dist/js/bootstrap.bundle.min.js responded 304 in 0.1091 ms
[09:43:17 INF] HTTP GET /Biktal.WebMVC.styles.css responded 200 in 4.9506 ms
[09:43:17 INF] HTTP GET /js/site.js responded 304 in 0.1200 ms
[09:43:17 INF] HTTP GET /lib/jquery-validation/dist/jquery.validate.min.js responded 304 in 0.1934 ms
[09:43:17 INF] HTTP GET /lib/jquery-validation-unobtrusive/dist/jquery.validate.unobtrusive.min.js responded 304 in 0.4274 ms
[10:03:37 INF] Application is shutting down...
