[18:56:25 WRN] Using an in-memory repository. Keys will not be persisted to storage.
[18:56:25 WRN] Neither user profile nor HKLM registry available. Using an ephemeral key repository. Protected data will be unavailable when application exits.
[18:56:25 WRN] No XML encryptor configured. Key {0af3621f-f243-4809-bc2c-0005ece7094d} may be persisted to storage in unencrypted form.
[18:56:26 INF] Application started. Press Ctrl+C to shut down.
[18:56:26 INF] Hosting environment: Production
[18:56:26 INF] Content root path: D:\Systems\BiktalSystems\publish
[18:56:26 INF] HTTP POST /Pos/CompleteSale responded 400 in 212.9492 ms
[18:56:26 ERR] An exception was thrown while deserializing the token.
Microsoft.AspNetCore.Antiforgery.AntiforgeryValidationException: The antiforgery token could not be decrypted.
 ---> System.Security.Cryptography.CryptographicException: The key {55f7a2c6-d20e-47a3-b4b4-3963ef0df73b} was not found in the key ring. For more information go to https://aka.ms/aspnet/dataprotectionwarning
   at Microsoft.AspNetCore.DataProtection.KeyManagement.KeyRingBasedDataProtector.UnprotectCore(Byte[] protectedData, Boolean allowOperationsOnRevokedKeys, UnprotectStatus& status)
   at Microsoft.AspNetCore.DataProtection.KeyManagement.KeyRingBasedDataProtector.Unprotect(Byte[] protectedData)
   at Microsoft.AspNetCore.Antiforgery.DefaultAntiforgeryTokenSerializer.Deserialize(String serializedToken)
   --- End of inner exception stack trace ---
   at Microsoft.AspNetCore.Antiforgery.DefaultAntiforgeryTokenSerializer.Deserialize(String serializedToken)
   at Microsoft.AspNetCore.Antiforgery.DefaultAntiforgery.GetCookieTokenDoesNotThrow(HttpContext httpContext)
[18:56:27 INF] HTTP GET /Inventory/Products responded 200 in 1681.5651 ms
[18:56:27 INF] HTTP GET /css/site.css responded 200 in 67.9967 ms
[18:56:27 INF] HTTP GET /Biktal.WebMVC.styles.css responded 200 in 63.0941 ms
[18:56:27 INF] HTTP GET /lib/bootstrap/dist/css/bootstrap.min.css responded 200 in 61.6609 ms
[18:56:29 INF] HTTP GET /lib/jquery/dist/jquery.min.js responded 200 in 3.9940 ms
[18:56:29 INF] HTTP GET /js/site.js responded 200 in 1.8111 ms
[18:56:29 INF] HTTP GET /lib/jquery-validation-unobtrusive/dist/jquery.validate.unobtrusive.min.js responded 200 in 1.8226 ms
[18:56:29 INF] HTTP GET /lib/bootstrap/dist/js/bootstrap.bundle.min.js responded 200 in 3.9680 ms
[18:56:29 INF] HTTP GET /lib/jquery-validation/dist/jquery.validate.min.js responded 200 in 4.5308 ms
[18:56:29 INF] HTTP GET /js/products-catalog-filter.js responded 200 in 27.4928 ms
[18:56:33 WRN] The query uses the 'First'/'FirstOrDefault' operator without 'OrderBy' and filter operators. This may lead to unpredictable results.
[18:56:33 INF] HTTP GET / responded 200 in 359.7307 ms
[18:56:33 INF] HTTP GET /lib/bootstrap/dist/css/bootstrap.min.css responded 304 in 9.9848 ms
[18:56:33 INF] HTTP GET /Biktal.WebMVC.styles.css responded 304 in 1.8147 ms
[18:56:33 INF] HTTP GET /css/site.css responded 304 in 6.4241 ms
[18:56:33 INF] HTTP GET /js/pos.js responded 200 in 0.8208 ms
[18:56:33 INF] HTTP GET /js/site.js responded 304 in 0.5303 ms
[18:56:33 INF] HTTP GET /lib/jquery/dist/jquery.min.js responded 304 in 39.6554 ms
[18:56:33 INF] HTTP GET /lib/bootstrap/dist/js/bootstrap.bundle.min.js responded 304 in 181.2061 ms
[18:56:59 INF] HTTP POST /Pos/CompleteSale responded 200 in 1467.4613 ms
[19:03:45 INF] HTTP POST /Pos/CompleteSale responded 200 in 252.1328 ms
[19:24:43 INF] Application is shutting down...
