[09:38:14 ERR] Failed executing DbCommand (19ms) [Parameters=[@p0='?' (DbType = Guid), @p1='?' (DbType = DateTime), @p2='?' (DbType = Guid), @p3='?', @p4='?' (DbType = DateTime), @p5='?' (DbType = Int32), @p6='?' (DbType = Int32), @p7='?', @p8='?', @p9='?' (DbType = Guid), @p10='?' (DbType = DateTime), @p11='?' (DbType = Guid), @p12='?', @p13='?' (DbType = DateTime), @p14='?' (DbType = Int32), @p15='?' (DbType = Int32), @p16='?', @p17='?'], CommandType='Text', CommandTimeout='30']
INSERT INTO "CrmSupportTickets" ("Id", "CreatedAtUtc", "CustomerId", "Description", "ModifiedAtUtc", "Priority", "Status", "Subject", "TicketNumber")
VALUES (@p0, @p1, @p2, @p3, @p4, @p5, @p6, @p7, @p8);
INSERT INTO "CrmSupportTickets" ("Id", "CreatedAtUtc", "CustomerId", "Description", "ModifiedAtUtc", "Priority", "Status", "Subject", "TicketNumber")
VALUES (@p9, @p10, @p11, @p12, @p13, @p14, @p15, @p16, @p17);
[09:38:14 ERR] An exception occurred in the database while saving changes for context type 'Biktal.Infrastructure.Persistence.ApplicationDbContext'.
Microsoft.EntityFrameworkCore.DbUpdateException: An error occurred while saving the entity changes. See the inner exception for details.
 ---> Npgsql.PostgresException (0x80004005): 23503: insert or update on table "CrmSupportTickets" violates foreign key constraint "FK_CrmSupportTickets_CrmCustomers_CustomerId"

DETAIL: Detail redacted as it may contain sensitive data. Specify 'Include Error Detail' in the connection string to include this information.
   at Npgsql.Internal.NpgsqlConnector.ReadMessageLong(Boolean async, DataRowLoadingMode dataRowLoadingMode, Boolean readingNotifications, Boolean isReadingPrependedMessage)
   at System.Runtime.CompilerServices.PoolingAsyncValueTaskMethodBuilder`1.StateMachineBox`1.System.Threading.Tasks.Sources.IValueTaskSource<TResult>.GetResult(Int16 token)
   at Npgsql.NpgsqlDataReader.NextResult(Boolean async, Boolean isConsuming, CancellationToken cancellationToken)
   at Npgsql.NpgsqlDataReader.NextResult(Boolean async, Boolean isConsuming, CancellationToken cancellationToken)
   at Npgsql.NpgsqlCommand.ExecuteReader(Boolean async, CommandBehavior behavior, CancellationToken cancellationToken)
   at Npgsql.NpgsqlCommand.ExecuteReader(Boolean async, CommandBehavior behavior, CancellationToken cancellationToken)
   at Npgsql.NpgsqlCommand.ExecuteDbDataReaderAsync(CommandBehavior behavior, CancellationToken cancellationToken)
   at Microsoft.EntityFrameworkCore.Storage.RelationalCommand.ExecuteReaderAsync(RelationalCommandParameterObject parameterObject, CancellationToken cancellationToken)
   at Microsoft.EntityFrameworkCore.Storage.RelationalCommand.ExecuteReaderAsync(RelationalCommandParameterObject parameterObject, CancellationToken cancellationToken)
   at Microsoft.EntityFrameworkCore.Update.ReaderModificationCommandBatch.ExecuteAsync(IRelationalConnection connection, CancellationToken cancellationToken)
  Exception data:
    Severity: ERROR
    SqlState: 23503
    MessageText: insert or update on table "CrmSupportTickets" violates foreign key constraint "FK_CrmSupportTickets_CrmCustomers_CustomerId"
    Detail: Detail redacted as it may contain sensitive data. Specify 'Include Error Detail' in the connection string to include this information.
    SchemaName: public
    TableName: CrmSupportTickets
    ConstraintName: FK_CrmSupportTickets_CrmCustomers_CustomerId
    File: ri_triggers.c
    Line: 2783
    Routine: ri_ReportViolation
   --- End of inner exception stack trace ---
   at Microsoft.EntityFrameworkCore.Update.ReaderModificationCommandBatch.ExecuteAsync(IRelationalConnection connection, CancellationToken cancellationToken)
   at Microsoft.EntityFrameworkCore.Update.Internal.BatchExecutor.ExecuteAsync(IEnumerable`1 commandBatches, IRelationalConnection connection, CancellationToken cancellationToken)
   at Microsoft.EntityFrameworkCore.Update.Internal.BatchExecutor.ExecuteAsync(IEnumerable`1 commandBatches, IRelationalConnection connection, CancellationToken cancellationToken)
   at Microsoft.EntityFrameworkCore.Update.Internal.BatchExecutor.ExecuteAsync(IEnumerable`1 commandBatches, IRelationalConnection connection, CancellationToken cancellationToken)
   at Microsoft.EntityFrameworkCore.Storage.RelationalDatabase.SaveChangesAsync(IList`1 entries, CancellationToken cancellationToken)
   at Microsoft.EntityFrameworkCore.ChangeTracking.Internal.StateManager.SaveChangesAsync(IList`1 entriesToSave, CancellationToken cancellationToken)
   at Microsoft.EntityFrameworkCore.ChangeTracking.Internal.StateManager.SaveChangesAsync(StateManager stateManager, Boolean acceptAllChangesOnSuccess, CancellationToken cancellationToken)
   at Npgsql.EntityFrameworkCore.PostgreSQL.Storage.Internal.NpgsqlExecutionStrategy.ExecuteAsync[TState,TResult](TState state, Func`4 operation, Func`4 verifySucceeded, CancellationToken cancellationToken)
   at Microsoft.EntityFrameworkCore.DbContext.SaveChangesAsync(Boolean acceptAllChangesOnSuccess, CancellationToken cancellationToken)
Microsoft.EntityFrameworkCore.DbUpdateException: An error occurred while saving the entity changes. See the inner exception for details.
 ---> Npgsql.PostgresException (0x80004005): 23503: insert or update on table "CrmSupportTickets" violates foreign key constraint "FK_CrmSupportTickets_CrmCustomers_CustomerId"

DETAIL: Detail redacted as it may contain sensitive data. Specify 'Include Error Detail' in the connection string to include this information.
   at Npgsql.Internal.NpgsqlConnector.ReadMessageLong(Boolean async, DataRowLoadingMode dataRowLoadingMode, Boolean readingNotifications, Boolean isReadingPrependedMessage)
   at System.Runtime.CompilerServices.PoolingAsyncValueTaskMethodBuilder`1.StateMachineBox`1.System.Threading.Tasks.Sources.IValueTaskSource<TResult>.GetResult(Int16 token)
   at Npgsql.NpgsqlDataReader.NextResult(Boolean async, Boolean isConsuming, CancellationToken cancellationToken)
   at Npgsql.NpgsqlDataReader.NextResult(Boolean async, Boolean isConsuming, CancellationToken cancellationToken)
   at Npgsql.NpgsqlCommand.ExecuteReader(Boolean async, CommandBehavior behavior, CancellationToken cancellationToken)
   at Npgsql.NpgsqlCommand.ExecuteReader(Boolean async, CommandBehavior behavior, CancellationToken cancellationToken)
   at Npgsql.NpgsqlCommand.ExecuteDbDataReaderAsync(CommandBehavior behavior, CancellationToken cancellationToken)
   at Microsoft.EntityFrameworkCore.Storage.RelationalCommand.ExecuteReaderAsync(RelationalCommandParameterObject parameterObject, CancellationToken cancellationToken)
   at Microsoft.EntityFrameworkCore.Storage.RelationalCommand.ExecuteReaderAsync(RelationalCommandParameterObject parameterObject, CancellationToken cancellationToken)
   at Microsoft.EntityFrameworkCore.Update.ReaderModificationCommandBatch.ExecuteAsync(IRelationalConnection connection, CancellationToken cancellationToken)
  Exception data:
    Severity: ERROR
    SqlState: 23503
    MessageText: insert or update on table "CrmSupportTickets" violates foreign key constraint "FK_CrmSupportTickets_CrmCustomers_CustomerId"
    Detail: Detail redacted as it may contain sensitive data. Specify 'Include Error Detail' in the connection string to include this information.
    SchemaName: public
    TableName: CrmSupportTickets
    ConstraintName: FK_CrmSupportTickets_CrmCustomers_CustomerId
    File: ri_triggers.c
    Line: 2783
    Routine: ri_ReportViolation
   --- End of inner exception stack trace ---
   at Microsoft.EntityFrameworkCore.Update.ReaderModificationCommandBatch.ExecuteAsync(IRelationalConnection connection, CancellationToken cancellationToken)
   at Microsoft.EntityFrameworkCore.Update.Internal.BatchExecutor.ExecuteAsync(IEnumerable`1 commandBatches, IRelationalConnection connection, CancellationToken cancellationToken)
   at Microsoft.EntityFrameworkCore.Update.Internal.BatchExecutor.ExecuteAsync(IEnumerable`1 commandBatches, IRelationalConnection connection, CancellationToken cancellationToken)
   at Microsoft.EntityFrameworkCore.Update.Internal.BatchExecutor.ExecuteAsync(IEnumerable`1 commandBatches, IRelationalConnection connection, CancellationToken cancellationToken)
   at Microsoft.EntityFrameworkCore.Storage.RelationalDatabase.SaveChangesAsync(IList`1 entries, CancellationToken cancellationToken)
   at Microsoft.EntityFrameworkCore.ChangeTracking.Internal.StateManager.SaveChangesAsync(IList`1 entriesToSave, CancellationToken cancellationToken)
   at Microsoft.EntityFrameworkCore.ChangeTracking.Internal.StateManager.SaveChangesAsync(StateManager stateManager, Boolean acceptAllChangesOnSuccess, CancellationToken cancellationToken)
   at Npgsql.EntityFrameworkCore.PostgreSQL.Storage.Internal.NpgsqlExecutionStrategy.ExecuteAsync[TState,TResult](TState state, Func`4 operation, Func`4 verifySucceeded, CancellationToken cancellationToken)
   at Microsoft.EntityFrameworkCore.DbContext.SaveChangesAsync(Boolean acceptAllChangesOnSuccess, CancellationToken cancellationToken)
[09:38:14 ERR] Database migration or seed failed. Check PostgreSQL is running and ConnectionStrings:DefaultConnection is correct.
Microsoft.EntityFrameworkCore.DbUpdateException: An error occurred while saving the entity changes. See the inner exception for details.
 ---> Npgsql.PostgresException (0x80004005): 23503: insert or update on table "CrmSupportTickets" violates foreign key constraint "FK_CrmSupportTickets_CrmCustomers_CustomerId"

DETAIL: Detail redacted as it may contain sensitive data. Specify 'Include Error Detail' in the connection string to include this information.
   at Npgsql.Internal.NpgsqlConnector.ReadMessageLong(Boolean async, DataRowLoadingMode dataRowLoadingMode, Boolean readingNotifications, Boolean isReadingPrependedMessage)
   at System.Runtime.CompilerServices.PoolingAsyncValueTaskMethodBuilder`1.StateMachineBox`1.System.Threading.Tasks.Sources.IValueTaskSource<TResult>.GetResult(Int16 token)
   at Npgsql.NpgsqlDataReader.NextResult(Boolean async, Boolean isConsuming, CancellationToken cancellationToken)
   at Npgsql.NpgsqlDataReader.NextResult(Boolean async, Boolean isConsuming, CancellationToken cancellationToken)
   at Npgsql.NpgsqlCommand.ExecuteReader(Boolean async, CommandBehavior behavior, CancellationToken cancellationToken)
   at Npgsql.NpgsqlCommand.ExecuteReader(Boolean async, CommandBehavior behavior, CancellationToken cancellationToken)
   at Npgsql.NpgsqlCommand.ExecuteDbDataReaderAsync(CommandBehavior behavior, CancellationToken cancellationToken)
   at Microsoft.EntityFrameworkCore.Storage.RelationalCommand.ExecuteReaderAsync(RelationalCommandParameterObject parameterObject, CancellationToken cancellationToken)
   at Microsoft.EntityFrameworkCore.Storage.RelationalCommand.ExecuteReaderAsync(RelationalCommandParameterObject parameterObject, CancellationToken cancellationToken)
   at Microsoft.EntityFrameworkCore.Update.ReaderModificationCommandBatch.ExecuteAsync(IRelationalConnection connection, CancellationToken cancellationToken)
  Exception data:
    Severity: ERROR
    SqlState: 23503
    MessageText: insert or update on table "CrmSupportTickets" violates foreign key constraint "FK_CrmSupportTickets_CrmCustomers_CustomerId"
    Detail: Detail redacted as it may contain sensitive data. Specify 'Include Error Detail' in the connection string to include this information.
    SchemaName: public
    TableName: CrmSupportTickets
    ConstraintName: FK_CrmSupportTickets_CrmCustomers_CustomerId
    File: ri_triggers.c
    Line: 2783
    Routine: ri_ReportViolation
   --- End of inner exception stack trace ---
   at Microsoft.EntityFrameworkCore.Update.ReaderModificationCommandBatch.ExecuteAsync(IRelationalConnection connection, CancellationToken cancellationToken)
   at Microsoft.EntityFrameworkCore.Update.Internal.BatchExecutor.ExecuteAsync(IEnumerable`1 commandBatches, IRelationalConnection connection, CancellationToken cancellationToken)
   at Microsoft.EntityFrameworkCore.Update.Internal.BatchExecutor.ExecuteAsync(IEnumerable`1 commandBatches, IRelationalConnection connection, CancellationToken cancellationToken)
   at Microsoft.EntityFrameworkCore.Update.Internal.BatchExecutor.ExecuteAsync(IEnumerable`1 commandBatches, IRelationalConnection connection, CancellationToken cancellationToken)
   at Microsoft.EntityFrameworkCore.Storage.RelationalDatabase.SaveChangesAsync(IList`1 entries, CancellationToken cancellationToken)
   at Microsoft.EntityFrameworkCore.ChangeTracking.Internal.StateManager.SaveChangesAsync(IList`1 entriesToSave, CancellationToken cancellationToken)
   at Microsoft.EntityFrameworkCore.ChangeTracking.Internal.StateManager.SaveChangesAsync(StateManager stateManager, Boolean acceptAllChangesOnSuccess, CancellationToken cancellationToken)
   at Npgsql.EntityFrameworkCore.PostgreSQL.Storage.Internal.NpgsqlExecutionStrategy.ExecuteAsync[TState,TResult](TState state, Func`4 operation, Func`4 verifySucceeded, CancellationToken cancellationToken)
   at Microsoft.EntityFrameworkCore.DbContext.SaveChangesAsync(Boolean acceptAllChangesOnSuccess, CancellationToken cancellationToken)
   at Microsoft.EntityFrameworkCore.DbContext.SaveChangesAsync(Boolean acceptAllChangesOnSuccess, CancellationToken cancellationToken)
   at Biktal.Infrastructure.Persistence.CrmDataSeeder.SeedIfEmptyAsync(ApplicationDbContext db, CancellationToken cancellationToken)
   at Program.<Main>$(String[] args) in d:\Systems\BiktalSystems\Program.cs:line 71
[09:38:14 WRN] Continuing without a successful migration/seed. Auth and data pages may fail until the database is available.
[09:38:14 WRN] Using an in-memory repository. Keys will not be persisted to storage.
[09:38:14 WRN] Neither user profile nor HKLM registry available. Using an ephemeral key repository. Protected data will be unavailable when application exits.
[09:38:14 WRN] No XML encryptor configured. Key {ec3d1b11-cd2f-42aa-9367-a7ffa11c1f3c} may be persisted to storage in unencrypted form.
[09:38:14 INF] Application started. Press Ctrl+C to shut down.
[09:38:14 INF] Hosting environment: Production
[09:38:14 INF] Content root path: D:\Systems\BiktalSystems\publish
[09:38:14 INF] HTTP GET /Operations responded 302 in 87.4404 ms
[09:38:15 ERR] An exception was thrown while deserializing the token.
Microsoft.AspNetCore.Antiforgery.AntiforgeryValidationException: The antiforgery token could not be decrypted.
 ---> System.Security.Cryptography.CryptographicException: The key {7330ec34-333e-4294-8b9c-e69774ad654f} was not found in the key ring. For more information go to https://aka.ms/aspnet/dataprotectionwarning
   at Microsoft.AspNetCore.DataProtection.KeyManagement.KeyRingBasedDataProtector.UnprotectCore(Byte[] protectedData, Boolean allowOperationsOnRevokedKeys, UnprotectStatus& status)
   at Microsoft.AspNetCore.DataProtection.KeyManagement.KeyRingBasedDataProtector.Unprotect(Byte[] protectedData)
   at Microsoft.AspNetCore.Antiforgery.DefaultAntiforgeryTokenSerializer.Deserialize(String serializedToken)
   --- End of inner exception stack trace ---
   at Microsoft.AspNetCore.Antiforgery.DefaultAntiforgeryTokenSerializer.Deserialize(String serializedToken)
   at Microsoft.AspNetCore.Antiforgery.DefaultAntiforgery.GetCookieTokenDoesNotThrow(HttpContext httpContext)
[09:38:15 INF] HTTP GET /Account/Login responded 200 in 355.5885 ms
[09:38:15 INF] HTTP GET /js/site.js responded 200 in 140.9781 ms
[09:38:15 INF] HTTP GET /lib/jquery-validation-unobtrusive/dist/jquery.validate.unobtrusive.min.js responded 200 in 115.7841 ms
[09:38:15 INF] HTTP GET /lib/jquery-validation/dist/jquery.validate.min.js responded 200 in 140.8016 ms
[09:38:15 INF] HTTP GET /Biktal.WebMVC.styles.css responded 200 in 144.6860 ms
[09:38:15 INF] HTTP GET /lib/bootstrap/dist/css/bootstrap.min.css responded 200 in 151.4491 ms
[09:38:15 INF] HTTP GET /css/site.css responded 200 in 151.6957 ms
[09:38:15 INF] HTTP GET /lib/bootstrap/dist/js/bootstrap.bundle.min.js responded 200 in 146.7329 ms
[09:38:15 INF] HTTP GET /lib/jquery/dist/jquery.min.js responded 200 in 174.3405 ms
[09:39:55 INF] HTTP POST /Account/Login responded 302 in 613.1699 ms
[09:39:55 WRN] The query uses the 'First'/'FirstOrDefault' operator without 'OrderBy' and filter operators. This may lead to unpredictable results.
[09:39:55 WRN] The query uses the 'First'/'FirstOrDefault' operator without 'OrderBy' and filter operators. This may lead to unpredictable results.
[09:39:55 INF] HTTP GET /Operations responded 200 in 260.8971 ms
[09:39:56 INF] HTTP GET /css/site.css responded 200 in 8.1083 ms
[09:39:56 INF] HTTP GET /lib/bootstrap/dist/css/bootstrap.min.css responded 200 in 33.7131 ms
[09:39:56 INF] HTTP GET /Biktal.WebMVC.styles.css responded 200 in 30.4995 ms
[09:39:56 INF] HTTP GET /js/site.js responded 200 in 55.0399 ms
[09:39:56 INF] HTTP GET /lib/jquery/dist/jquery.min.js responded 200 in 56.8005 ms
[09:39:56 INF] HTTP GET /lib/bootstrap/dist/js/bootstrap.bundle.min.js responded 200 in 174.8157 ms
[09:40:01 INF] HTTP GET /Operations/DailySales responded 200 in 69.6982 ms
[09:40:01 INF] HTTP GET /lib/bootstrap/dist/css/bootstrap.min.css responded 200 in 10.0288 ms
[09:40:01 INF] HTTP GET /css/site.css responded 200 in 2.3252 ms
[09:40:01 INF] HTTP GET /Biktal.WebMVC.styles.css responded 200 in 1.2923 ms
[09:40:01 INF] HTTP GET /lib/bootstrap/dist/js/bootstrap.bundle.min.js responded 304 in 3.0394 ms
[09:40:01 INF] HTTP GET /js/site.js responded 304 in 3.2130 ms
[09:40:01 INF] HTTP GET /lib/jquery/dist/jquery.min.js responded 304 in 1.8635 ms
[09:40:13 INF] HTTP GET /Finance responded 200 in 123.1700 ms
[09:40:13 INF] HTTP GET /lib/bootstrap/dist/css/bootstrap.min.css responded 200 in 1.9066 ms
[09:40:13 INF] HTTP GET /css/site.css responded 200 in 3.3712 ms
[09:40:13 INF] HTTP GET /lib/jquery/dist/jquery.min.js responded 304 in 1.0781 ms
[09:40:13 INF] HTTP GET /lib/bootstrap/dist/js/bootstrap.bundle.min.js responded 304 in 1.9980 ms
[09:40:13 INF] HTTP GET /Biktal.WebMVC.styles.css responded 200 in 6.4674 ms
[09:40:13 INF] HTTP GET /js/site.js responded 304 in 0.7698 ms
[09:40:18 INF] HTTP GET /Finance/Cashbox responded 200 in 383.2392 ms
[09:40:18 INF] HTTP GET /lib/bootstrap/dist/css/bootstrap.min.css responded 200 in 2.2334 ms
[09:40:18 INF] HTTP GET /css/site.css responded 200 in 1.3780 ms
[09:40:18 INF] HTTP GET /Biktal.WebMVC.styles.css responded 200 in 1.1992 ms
[09:40:18 INF] HTTP GET /lib/bootstrap/dist/js/bootstrap.bundle.min.js responded 304 in 4.1976 ms
[09:40:18 INF] HTTP GET /js/site.js responded 304 in 0.6072 ms
[09:40:18 INF] HTTP GET /lib/jquery/dist/jquery.min.js responded 304 in 0.6834 ms
[09:40:18 INF] HTTP GET /lib/jquery-validation-unobtrusive/dist/jquery.validate.unobtrusive.min.js responded 200 in 17.2635 ms
[09:40:18 INF] HTTP GET /lib/jquery-validation/dist/jquery.validate.min.js responded 200 in 19.5757 ms
[09:48:00 INF] HTTP GET /Dashboard responded 200 in 141.1173 ms
[09:48:01 INF] HTTP GET /lib/bootstrap/dist/css/bootstrap.min.css responded 200 in 2.5287 ms
[09:48:01 INF] HTTP GET /Biktal.WebMVC.styles.css responded 200 in 1.9242 ms
[09:48:01 INF] HTTP GET /lib/jquery/dist/jquery.min.js responded 200 in 3.1273 ms
[09:48:01 INF] HTTP GET /js/site.js responded 200 in 1.0590 ms
[09:48:01 INF] HTTP GET /lib/bootstrap/dist/js/bootstrap.bundle.min.js responded 200 in 1.7823 ms
[09:48:01 INF] HTTP GET /css/site.css responded 200 in 2.8027 ms
[09:48:07 INF] HTTP GET /Insights responded 200 in 138.1993 ms
[09:48:07 INF] HTTP GET /lib/bootstrap/dist/css/bootstrap.min.css responded 304 in 5.7837 ms
[09:48:07 INF] HTTP GET /css/site.css responded 304 in 3.1874 ms
[09:48:07 INF] HTTP GET /js/site.js responded 304 in 0.7238 ms
[09:48:07 INF] HTTP GET /lib/jquery/dist/jquery.min.js responded 304 in 0.4643 ms
[09:48:07 INF] HTTP GET /Biktal.WebMVC.styles.css responded 304 in 0.4912 ms
[09:48:07 INF] HTTP GET /lib/bootstrap/dist/js/bootstrap.bundle.min.js responded 304 in 0.5529 ms
[09:53:58 WRN] The query uses the 'First'/'FirstOrDefault' operator without 'OrderBy' and filter operators. This may lead to unpredictable results.
[09:53:58 INF] HTTP GET /Pos responded 200 in 197.5759 ms
[09:53:58 INF] HTTP GET /css/site.css responded 200 in 1.4566 ms
[09:53:58 INF] HTTP GET /Biktal.WebMVC.styles.css responded 200 in 1.3627 ms
[09:53:58 INF] HTTP GET /lib/bootstrap/dist/css/bootstrap.min.css responded 200 in 1.9327 ms
[09:53:58 INF] HTTP GET /lib/jquery/dist/jquery.min.js responded 200 in 1.2336 ms
[09:53:58 INF] HTTP GET /js/site.js responded 200 in 1.0893 ms
[09:53:58 INF] HTTP GET /lib/bootstrap/dist/js/bootstrap.bundle.min.js responded 200 in 1.8301 ms
[09:53:58 INF] HTTP GET /js/pos.js responded 200 in 25.1872 ms
[09:54:04 INF] HTTP GET /Operations responded 200 in 32.9908 ms
[09:54:04 INF] HTTP GET /css/site.css responded 304 in 0.3869 ms
[09:54:04 INF] HTTP GET /lib/bootstrap/dist/css/bootstrap.min.css responded 304 in 0.5445 ms
[09:54:04 INF] HTTP GET /Biktal.WebMVC.styles.css responded 304 in 0.6355 ms
[09:54:04 INF] HTTP GET /lib/jquery/dist/jquery.min.js responded 304 in 1.6923 ms
[09:54:04 INF] HTTP GET /js/site.js responded 304 in 2.0212 ms
[09:54:04 INF] HTTP GET /lib/bootstrap/dist/js/bootstrap.bundle.min.js responded 304 in 1.4887 ms
[09:54:08 INF] HTTP GET /Operations/DailySales responded 200 in 19.0993 ms
[09:54:09 INF] HTTP GET /lib/bootstrap/dist/css/bootstrap.min.css responded 200 in 1.2997 ms
[09:54:09 INF] HTTP GET /css/site.css responded 304 in 0.5115 ms
[09:54:09 INF] HTTP GET /Biktal.WebMVC.styles.css responded 304 in 0.4406 ms
[09:54:09 INF] HTTP GET /lib/bootstrap/dist/js/bootstrap.bundle.min.js responded 304 in 0.4328 ms
[09:54:09 INF] HTTP GET /lib/jquery/dist/jquery.min.js responded 304 in 1.1297 ms
[09:54:09 INF] HTTP GET /js/site.js responded 304 in 0.3135 ms
[09:54:13 INF] HTTP GET /Operations responded 200 in 17.2478 ms
[09:54:13 INF] HTTP GET /lib/bootstrap/dist/css/bootstrap.min.css responded 200 in 3.4644 ms
[09:54:13 INF] HTTP GET /css/site.css responded 304 in 0.6656 ms
[09:54:13 INF] HTTP GET /lib/jquery/dist/jquery.min.js responded 304 in 2.2193 ms
[09:54:13 INF] HTTP GET /Biktal.WebMVC.styles.css responded 304 in 2.1245 ms
[09:54:13 INF] HTTP GET /lib/bootstrap/dist/js/bootstrap.bundle.min.js responded 304 in 2.5223 ms
[09:54:13 INF] HTTP GET /js/site.js responded 304 in 1.7478 ms
[09:54:15 INF] HTTP GET /Operations/DailySales responded 200 in 14.4875 ms
[09:54:15 INF] HTTP GET /lib/bootstrap/dist/css/bootstrap.min.css responded 304 in 3.0652 ms
[09:54:15 INF] HTTP GET /css/site.css responded 304 in 0.3956 ms
[09:54:15 INF] HTTP GET /Biktal.WebMVC.styles.css responded 304 in 0.6700 ms
[09:54:16 INF] HTTP GET /lib/jquery/dist/jquery.min.js responded 304 in 1.1437 ms
[09:54:16 INF] HTTP GET /lib/bootstrap/dist/js/bootstrap.bundle.min.js responded 304 in 2.0493 ms
[09:54:16 INF] HTTP GET /js/site.js responded 304 in 0.6061 ms
[09:54:43 INF] HTTP GET /Operations/Sales responded 200 in 93.6068 ms
[09:54:43 INF] HTTP GET /lib/bootstrap/dist/css/bootstrap.min.css responded 200 in 3.9665 ms
[09:54:43 INF] HTTP GET /Biktal.WebMVC.styles.css responded 304 in 0.4069 ms
[09:54:43 INF] HTTP GET /css/site.css responded 304 in 1.3050 ms
[09:54:43 INF] HTTP GET /lib/bootstrap/dist/js/bootstrap.bundle.min.js responded 304 in 1.6389 ms
[09:54:43 INF] HTTP GET /js/site.js responded 304 in 1.0709 ms
[09:54:43 INF] HTTP GET /lib/jquery/dist/jquery.min.js responded 304 in 0.8920 ms
[09:55:09 INF] HTTP GET /Finance responded 200 in 23.8491 ms
[09:55:09 INF] HTTP GET /lib/bootstrap/dist/css/bootstrap.min.css responded 200 in 1.2958 ms
[09:55:09 INF] HTTP GET /css/site.css responded 304 in 0.4181 ms
[09:55:09 INF] HTTP GET /lib/jquery/dist/jquery.min.js responded 304 in 0.6190 ms
[09:55:09 INF] HTTP GET /lib/bootstrap/dist/js/bootstrap.bundle.min.js responded 304 in 0.7527 ms
[09:55:09 INF] HTTP GET /Biktal.WebMVC.styles.css responded 304 in 0.4761 ms
[09:55:09 INF] HTTP GET /js/site.js responded 304 in 0.9795 ms
[09:55:14 INF] HTTP GET /Inventory responded 200 in 119.4456 ms
[09:55:14 INF] HTTP GET /lib/bootstrap/dist/css/bootstrap.min.css responded 304 in 0.5779 ms
[09:55:14 INF] HTTP GET /css/site.css responded 304 in 1.8459 ms
[09:55:14 INF] HTTP GET /Biktal.WebMVC.styles.css responded 304 in 0.4569 ms
[09:55:14 INF] HTTP GET /lib/jquery/dist/jquery.min.js responded 304 in 0.4624 ms
[09:55:14 INF] HTTP GET /lib/bootstrap/dist/js/bootstrap.bundle.min.js responded 304 in 0.6772 ms
[09:55:14 INF] HTTP GET /js/site.js responded 304 in 0.6210 ms
[09:55:15 INF] HTTP GET /Finance responded 200 in 12.5777 ms
[09:55:15 INF] HTTP GET /lib/bootstrap/dist/css/bootstrap.min.css responded 304 in 4.2138 ms
[09:55:15 INF] HTTP GET /Biktal.WebMVC.styles.css responded 304 in 0.7482 ms
[09:55:15 INF] HTTP GET /css/site.css responded 304 in 1.3883 ms
[09:55:15 INF] HTTP GET /lib/jquery/dist/jquery.min.js responded 304 in 0.4581 ms
[09:55:15 INF] HTTP GET /lib/bootstrap/dist/js/bootstrap.bundle.min.js responded 304 in 0.9002 ms
[09:55:15 INF] HTTP GET /js/site.js responded 304 in 0.7245 ms
[09:55:23 INF] HTTP GET /Finance/Accounts responded 200 in 89.0468 ms
[09:55:23 INF] HTTP GET /lib/bootstrap/dist/css/bootstrap.min.css responded 304 in 0.6174 ms
[09:55:23 INF] HTTP GET /css/site.css responded 304 in 0.3486 ms
[09:55:23 INF] HTTP GET /Biktal.WebMVC.styles.css responded 304 in 0.5358 ms
[09:55:23 INF] HTTP GET /lib/jquery/dist/jquery.min.js responded 304 in 0.4971 ms
[09:55:23 INF] HTTP GET /js/site.js responded 304 in 0.9598 ms
[09:55:23 INF] HTTP GET /lib/bootstrap/dist/js/bootstrap.bundle.min.js responded 304 in 2.1300 ms
[09:55:23 INF] HTTP GET /lib/jquery-validation/dist/jquery.validate.min.js responded 200 in 0.8258 ms
[09:55:23 INF] HTTP GET /lib/jquery-validation-unobtrusive/dist/jquery.validate.unobtrusive.min.js responded 200 in 1.4756 ms
[10:16:23 INF] Application is shutting down...
