[19:31:17 WRN] Using an in-memory repository. Keys will not be persisted to storage.
[19:31:17 WRN] Neither user profile nor HKLM registry available. Using an ephemeral key repository. Protected data will be unavailable when application exits.
[19:31:18 WRN] No XML encryptor configured. Key {6f3b8a3d-a35d-45ef-9df9-43040c3650ee} may be persisted to storage in unencrypted form.
[19:31:18 INF] Application started. Press Ctrl+C to shut down.
[19:31:18 INF] Hosting environment: Production
[19:31:18 INF] Content root path: D:\Systems\BiktalSystems\publish
[19:31:18 INF] HTTP POST /Pos/CompleteSale responded 400 in 213.5348 ms
[19:32:10 INF] HTTP POST /Pos/CompleteSale responded 400 in 37.3761 ms
[19:32:15 ERR] An exception was thrown while deserializing the token.
Microsoft.AspNetCore.Antiforgery.AntiforgeryValidationException: The antiforgery token could not be decrypted.
 ---> System.Security.Cryptography.CryptographicException: The key {04bcdd46-fc6e-4725-a164-9a505f9ad0d5} was not found in the key ring. For more information go to https://aka.ms/aspnet/dataprotectionwarning
   at Microsoft.AspNetCore.DataProtection.KeyManagement.KeyRingBasedDataProtector.UnprotectCore(Byte[] protectedData, Boolean allowOperationsOnRevokedKeys, UnprotectStatus& status)
   at Microsoft.AspNetCore.DataProtection.KeyManagement.KeyRingBasedDataProtector.Unprotect(Byte[] protectedData)
   at Microsoft.AspNetCore.Antiforgery.DefaultAntiforgeryTokenSerializer.Deserialize(String serializedToken)
   --- End of inner exception stack trace ---
   at Microsoft.AspNetCore.Antiforgery.DefaultAntiforgeryTokenSerializer.Deserialize(String serializedToken)
   at Microsoft.AspNetCore.Antiforgery.DefaultAntiforgery.GetCookieTokenDoesNotThrow(HttpContext httpContext)
[19:32:16 INF] HTTP GET /Inventory/Products responded 200 in 1472.1906 ms
[19:32:16 INF] HTTP GET /Biktal.WebMVC.styles.css responded 200 in 43.0102 ms
[19:32:16 INF] HTTP GET /lib/bootstrap/dist/css/bootstrap.min.css responded 200 in 66.1680 ms
[19:32:16 INF] HTTP GET /css/site.css responded 200 in 32.0618 ms
[19:32:17 INF] HTTP GET /lib/jquery/dist/jquery.min.js responded 200 in 11.6905 ms
[19:32:17 INF] HTTP GET /js/site.js responded 200 in 5.4085 ms
[19:32:17 INF] HTTP GET /lib/jquery-validation-unobtrusive/dist/jquery.validate.unobtrusive.min.js responded 200 in 6.0618 ms
[19:32:17 INF] HTTP GET /js/products-catalog-filter.js responded 200 in 10.8910 ms
[19:32:17 INF] HTTP GET /lib/jquery-validation/dist/jquery.validate.min.js responded 200 in 16.2978 ms
[19:32:17 INF] HTTP GET /lib/bootstrap/dist/js/bootstrap.bundle.min.js responded 200 in 29.1465 ms
[19:32:18 WRN] The query uses the 'First'/'FirstOrDefault' operator without 'OrderBy' and filter operators. This may lead to unpredictable results.
[19:32:18 INF] HTTP GET / responded 200 in 393.2855 ms
[19:32:18 INF] HTTP GET /lib/bootstrap/dist/css/bootstrap.min.css responded 304 in 13.2909 ms
[19:32:18 INF] HTTP GET /Biktal.WebMVC.styles.css responded 304 in 4.6632 ms
[19:32:18 INF] HTTP GET /css/site.css responded 304 in 6.1508 ms
[19:32:18 INF] HTTP GET /lib/jquery/dist/jquery.min.js responded 304 in 30.8250 ms
[19:32:18 INF] HTTP GET /js/site.js responded 200 in 0.7438 ms
[19:32:18 INF] HTTP GET /js/pos.js responded 200 in 43.3367 ms
[19:32:18 INF] HTTP GET /lib/bootstrap/dist/js/bootstrap.bundle.min.js responded 200 in 158.1849 ms
[19:32:30 INF] HTTP POST /Pos/CompleteSale responded 200 in 1535.4172 ms
[19:33:02 INF] HTTP POST /Pos/CompleteSale responded 200 in 146.3623 ms
[19:53:23 INF] Application is shutting down...
