[14:48:01 ERR] Failed executing DbCommand (7ms) [Parameters=[@p0='?' (DbType = Guid), @p1='?' (DbType = DateTime), @p2='?' (DbType = Guid), @p3='?', @p4='?' (DbType = DateTime), @p5='?' (DbType = Int32), @p6='?' (DbType = Int32), @p7='?', @p8='?', @p9='?' (DbType = Guid), @p10='?' (DbType = DateTime), @p11='?' (DbType = Guid), @p12='?', @p13='?' (DbType = DateTime), @p14='?' (DbType = Int32), @p15='?' (DbType = Int32), @p16='?', @p17='?'], CommandType='Text', CommandTimeout='30']
INSERT INTO "CrmSupportTickets" ("Id", "CreatedAtUtc", "CustomerId", "Description", "ModifiedAtUtc", "Priority", "Status", "Subject", "TicketNumber")
VALUES (@p0, @p1, @p2, @p3, @p4, @p5, @p6, @p7, @p8);
INSERT INTO "CrmSupportTickets" ("Id", "CreatedAtUtc", "CustomerId", "Description", "ModifiedAtUtc", "Priority", "Status", "Subject", "TicketNumber")
VALUES (@p9, @p10, @p11, @p12, @p13, @p14, @p15, @p16, @p17);
[14:48:01 ERR] An exception occurred in the database while saving changes for context type 'Biktal.Infrastructure.Persistence.ApplicationDbContext'.
Microsoft.EntityFrameworkCore.DbUpdateException: An error occurred while saving the entity changes. See the inner exception for details.
 ---> Npgsql.PostgresException (0x80004005): 23503: insert or update on table "CrmSupportTickets" violates foreign key constraint "FK_CrmSupportTickets_CrmCustomers_CustomerId"

DETAIL: Detail redacted as it may contain sensitive data. Specify 'Include Error Detail' in the connection string to include this information.
   at Npgsql.Internal.NpgsqlConnector.ReadMessageLong(Boolean async, DataRowLoadingMode dataRowLoadingMode, Boolean readingNotifications, Boolean isReadingPrependedMessage)
   at System.Runtime.CompilerServices.PoolingAsyncValueTaskMethodBuilder`1.StateMachineBox`1.System.Threading.Tasks.Sources.IValueTaskSource<TResult>.GetResult(Int16 token)
   at Npgsql.NpgsqlDataReader.NextResult(Boolean async, Boolean isConsuming, CancellationToken cancellationToken)
   at Npgsql.NpgsqlDataReader.NextResult(Boolean async, Boolean isConsuming, CancellationToken cancellationToken)
   at Npgsql.NpgsqlCommand.ExecuteReader(Boolean async, CommandBehavior behavior, CancellationToken cancellationToken)
   at Npgsql.NpgsqlCommand.ExecuteReader(Boolean async, CommandBehavior behavior, CancellationToken cancellationToken)
   at Npgsql.NpgsqlCommand.ExecuteDbDataReaderAsync(CommandBehavior behavior, CancellationToken cancellationToken)
   at Microsoft.EntityFrameworkCore.Storage.RelationalCommand.ExecuteReaderAsync(RelationalCommandParameterObject parameterObject, CancellationToken cancellationToken)
   at Microsoft.EntityFrameworkCore.Storage.RelationalCommand.ExecuteReaderAsync(RelationalCommandParameterObject parameterObject, CancellationToken cancellationToken)
   at Microsoft.EntityFrameworkCore.Update.ReaderModificationCommandBatch.ExecuteAsync(IRelationalConnection connection, CancellationToken cancellationToken)
  Exception data:
    Severity: ERROR
    SqlState: 23503
    MessageText: insert or update on table "CrmSupportTickets" violates foreign key constraint "FK_CrmSupportTickets_CrmCustomers_CustomerId"
    Detail: Detail redacted as it may contain sensitive data. Specify 'Include Error Detail' in the connection string to include this information.
    SchemaName: public
    TableName: CrmSupportTickets
    ConstraintName: FK_CrmSupportTickets_CrmCustomers_CustomerId
    File: ri_triggers.c
    Line: 2783
    Routine: ri_ReportViolation
   --- End of inner exception stack trace ---
   at Microsoft.EntityFrameworkCore.Update.ReaderModificationCommandBatch.ExecuteAsync(IRelationalConnection connection, CancellationToken cancellationToken)
   at Microsoft.EntityFrameworkCore.Update.Internal.BatchExecutor.ExecuteAsync(IEnumerable`1 commandBatches, IRelationalConnection connection, CancellationToken cancellationToken)
   at Microsoft.EntityFrameworkCore.Update.Internal.BatchExecutor.ExecuteAsync(IEnumerable`1 commandBatches, IRelationalConnection connection, CancellationToken cancellationToken)
   at Microsoft.EntityFrameworkCore.Update.Internal.BatchExecutor.ExecuteAsync(IEnumerable`1 commandBatches, IRelationalConnection connection, CancellationToken cancellationToken)
   at Microsoft.EntityFrameworkCore.Storage.RelationalDatabase.SaveChangesAsync(IList`1 entries, CancellationToken cancellationToken)
   at Microsoft.EntityFrameworkCore.ChangeTracking.Internal.StateManager.SaveChangesAsync(IList`1 entriesToSave, CancellationToken cancellationToken)
   at Microsoft.EntityFrameworkCore.ChangeTracking.Internal.StateManager.SaveChangesAsync(StateManager stateManager, Boolean acceptAllChangesOnSuccess, CancellationToken cancellationToken)
   at Npgsql.EntityFrameworkCore.PostgreSQL.Storage.Internal.NpgsqlExecutionStrategy.ExecuteAsync[TState,TResult](TState state, Func`4 operation, Func`4 verifySucceeded, CancellationToken cancellationToken)
   at Microsoft.EntityFrameworkCore.DbContext.SaveChangesAsync(Boolean acceptAllChangesOnSuccess, CancellationToken cancellationToken)
Microsoft.EntityFrameworkCore.DbUpdateException: An error occurred while saving the entity changes. See the inner exception for details.
 ---> Npgsql.PostgresException (0x80004005): 23503: insert or update on table "CrmSupportTickets" violates foreign key constraint "FK_CrmSupportTickets_CrmCustomers_CustomerId"

DETAIL: Detail redacted as it may contain sensitive data. Specify 'Include Error Detail' in the connection string to include this information.
   at Npgsql.Internal.NpgsqlConnector.ReadMessageLong(Boolean async, DataRowLoadingMode dataRowLoadingMode, Boolean readingNotifications, Boolean isReadingPrependedMessage)
   at System.Runtime.CompilerServices.PoolingAsyncValueTaskMethodBuilder`1.StateMachineBox`1.System.Threading.Tasks.Sources.IValueTaskSource<TResult>.GetResult(Int16 token)
   at Npgsql.NpgsqlDataReader.NextResult(Boolean async, Boolean isConsuming, CancellationToken cancellationToken)
   at Npgsql.NpgsqlDataReader.NextResult(Boolean async, Boolean isConsuming, CancellationToken cancellationToken)
   at Npgsql.NpgsqlCommand.ExecuteReader(Boolean async, CommandBehavior behavior, CancellationToken cancellationToken)
   at Npgsql.NpgsqlCommand.ExecuteReader(Boolean async, CommandBehavior behavior, CancellationToken cancellationToken)
   at Npgsql.NpgsqlCommand.ExecuteDbDataReaderAsync(CommandBehavior behavior, CancellationToken cancellationToken)
   at Microsoft.EntityFrameworkCore.Storage.RelationalCommand.ExecuteReaderAsync(RelationalCommandParameterObject parameterObject, CancellationToken cancellationToken)
   at Microsoft.EntityFrameworkCore.Storage.RelationalCommand.ExecuteReaderAsync(RelationalCommandParameterObject parameterObject, CancellationToken cancellationToken)
   at Microsoft.EntityFrameworkCore.Update.ReaderModificationCommandBatch.ExecuteAsync(IRelationalConnection connection, CancellationToken cancellationToken)
  Exception data:
    Severity: ERROR
    SqlState: 23503
    MessageText: insert or update on table "CrmSupportTickets" violates foreign key constraint "FK_CrmSupportTickets_CrmCustomers_CustomerId"
    Detail: Detail redacted as it may contain sensitive data. Specify 'Include Error Detail' in the connection string to include this information.
    SchemaName: public
    TableName: CrmSupportTickets
    ConstraintName: FK_CrmSupportTickets_CrmCustomers_CustomerId
    File: ri_triggers.c
    Line: 2783
    Routine: ri_ReportViolation
   --- End of inner exception stack trace ---
   at Microsoft.EntityFrameworkCore.Update.ReaderModificationCommandBatch.ExecuteAsync(IRelationalConnection connection, CancellationToken cancellationToken)
   at Microsoft.EntityFrameworkCore.Update.Internal.BatchExecutor.ExecuteAsync(IEnumerable`1 commandBatches, IRelationalConnection connection, CancellationToken cancellationToken)
   at Microsoft.EntityFrameworkCore.Update.Internal.BatchExecutor.ExecuteAsync(IEnumerable`1 commandBatches, IRelationalConnection connection, CancellationToken cancellationToken)
   at Microsoft.EntityFrameworkCore.Update.Internal.BatchExecutor.ExecuteAsync(IEnumerable`1 commandBatches, IRelationalConnection connection, CancellationToken cancellationToken)
   at Microsoft.EntityFrameworkCore.Storage.RelationalDatabase.SaveChangesAsync(IList`1 entries, CancellationToken cancellationToken)
   at Microsoft.EntityFrameworkCore.ChangeTracking.Internal.StateManager.SaveChangesAsync(IList`1 entriesToSave, CancellationToken cancellationToken)
   at Microsoft.EntityFrameworkCore.ChangeTracking.Internal.StateManager.SaveChangesAsync(StateManager stateManager, Boolean acceptAllChangesOnSuccess, CancellationToken cancellationToken)
   at Npgsql.EntityFrameworkCore.PostgreSQL.Storage.Internal.NpgsqlExecutionStrategy.ExecuteAsync[TState,TResult](TState state, Func`4 operation, Func`4 verifySucceeded, CancellationToken cancellationToken)
   at Microsoft.EntityFrameworkCore.DbContext.SaveChangesAsync(Boolean acceptAllChangesOnSuccess, CancellationToken cancellationToken)
[14:48:01 ERR] Database migration or seed failed. Check PostgreSQL is running and ConnectionStrings:DefaultConnection is correct.
Microsoft.EntityFrameworkCore.DbUpdateException: An error occurred while saving the entity changes. See the inner exception for details.
 ---> Npgsql.PostgresException (0x80004005): 23503: insert or update on table "CrmSupportTickets" violates foreign key constraint "FK_CrmSupportTickets_CrmCustomers_CustomerId"

DETAIL: Detail redacted as it may contain sensitive data. Specify 'Include Error Detail' in the connection string to include this information.
   at Npgsql.Internal.NpgsqlConnector.ReadMessageLong(Boolean async, DataRowLoadingMode dataRowLoadingMode, Boolean readingNotifications, Boolean isReadingPrependedMessage)
   at System.Runtime.CompilerServices.PoolingAsyncValueTaskMethodBuilder`1.StateMachineBox`1.System.Threading.Tasks.Sources.IValueTaskSource<TResult>.GetResult(Int16 token)
   at Npgsql.NpgsqlDataReader.NextResult(Boolean async, Boolean isConsuming, CancellationToken cancellationToken)
   at Npgsql.NpgsqlDataReader.NextResult(Boolean async, Boolean isConsuming, CancellationToken cancellationToken)
   at Npgsql.NpgsqlCommand.ExecuteReader(Boolean async, CommandBehavior behavior, CancellationToken cancellationToken)
   at Npgsql.NpgsqlCommand.ExecuteReader(Boolean async, CommandBehavior behavior, CancellationToken cancellationToken)
   at Npgsql.NpgsqlCommand.ExecuteDbDataReaderAsync(CommandBehavior behavior, CancellationToken cancellationToken)
   at Microsoft.EntityFrameworkCore.Storage.RelationalCommand.ExecuteReaderAsync(RelationalCommandParameterObject parameterObject, CancellationToken cancellationToken)
   at Microsoft.EntityFrameworkCore.Storage.RelationalCommand.ExecuteReaderAsync(RelationalCommandParameterObject parameterObject, CancellationToken cancellationToken)
   at Microsoft.EntityFrameworkCore.Update.ReaderModificationCommandBatch.ExecuteAsync(IRelationalConnection connection, CancellationToken cancellationToken)
  Exception data:
    Severity: ERROR
    SqlState: 23503
    MessageText: insert or update on table "CrmSupportTickets" violates foreign key constraint "FK_CrmSupportTickets_CrmCustomers_CustomerId"
    Detail: Detail redacted as it may contain sensitive data. Specify 'Include Error Detail' in the connection string to include this information.
    SchemaName: public
    TableName: CrmSupportTickets
    ConstraintName: FK_CrmSupportTickets_CrmCustomers_CustomerId
    File: ri_triggers.c
    Line: 2783
    Routine: ri_ReportViolation
   --- End of inner exception stack trace ---
   at Microsoft.EntityFrameworkCore.Update.ReaderModificationCommandBatch.ExecuteAsync(IRelationalConnection connection, CancellationToken cancellationToken)
   at Microsoft.EntityFrameworkCore.Update.Internal.BatchExecutor.ExecuteAsync(IEnumerable`1 commandBatches, IRelationalConnection connection, CancellationToken cancellationToken)
   at Microsoft.EntityFrameworkCore.Update.Internal.BatchExecutor.ExecuteAsync(IEnumerable`1 commandBatches, IRelationalConnection connection, CancellationToken cancellationToken)
   at Microsoft.EntityFrameworkCore.Update.Internal.BatchExecutor.ExecuteAsync(IEnumerable`1 commandBatches, IRelationalConnection connection, CancellationToken cancellationToken)
   at Microsoft.EntityFrameworkCore.Storage.RelationalDatabase.SaveChangesAsync(IList`1 entries, CancellationToken cancellationToken)
   at Microsoft.EntityFrameworkCore.ChangeTracking.Internal.StateManager.SaveChangesAsync(IList`1 entriesToSave, CancellationToken cancellationToken)
   at Microsoft.EntityFrameworkCore.ChangeTracking.Internal.StateManager.SaveChangesAsync(StateManager stateManager, Boolean acceptAllChangesOnSuccess, CancellationToken cancellationToken)
   at Npgsql.EntityFrameworkCore.PostgreSQL.Storage.Internal.NpgsqlExecutionStrategy.ExecuteAsync[TState,TResult](TState state, Func`4 operation, Func`4 verifySucceeded, CancellationToken cancellationToken)
   at Microsoft.EntityFrameworkCore.DbContext.SaveChangesAsync(Boolean acceptAllChangesOnSuccess, CancellationToken cancellationToken)
   at Microsoft.EntityFrameworkCore.DbContext.SaveChangesAsync(Boolean acceptAllChangesOnSuccess, CancellationToken cancellationToken)
   at Biktal.Infrastructure.Persistence.CrmDataSeeder.SeedIfEmptyAsync(ApplicationDbContext db, CancellationToken cancellationToken)
   at Program.<Main>$(String[] args) in d:\Systems\BiktalSystems\Program.cs:line 71
[14:48:01 WRN] Continuing without a successful migration/seed. Auth and data pages may fail until the database is available.
[14:48:01 WRN] Using an in-memory repository. Keys will not be persisted to storage.
[14:48:01 WRN] Neither user profile nor HKLM registry available. Using an ephemeral key repository. Protected data will be unavailable when application exits.
[14:48:01 WRN] No XML encryptor configured. Key {7ed1ab4d-5d20-4ef0-ae50-db745c262a72} may be persisted to storage in unencrypted form.
[14:48:01 INF] Application started. Press Ctrl+C to shut down.
[14:48:01 INF] Hosting environment: Production
[14:48:01 INF] Content root path: D:\Systems\BiktalSystems\publish
[14:48:01 INF] HTTP GET /Inventory responded 302 in 77.5929 ms
[14:48:01 ERR] An exception was thrown while deserializing the token.
Microsoft.AspNetCore.Antiforgery.AntiforgeryValidationException: The antiforgery token could not be decrypted.
 ---> System.Security.Cryptography.CryptographicException: The key {b7f32c70-9031-4a47-be70-1503b9e1a800} was not found in the key ring. For more information go to https://aka.ms/aspnet/dataprotectionwarning
   at Microsoft.AspNetCore.DataProtection.KeyManagement.KeyRingBasedDataProtector.UnprotectCore(Byte[] protectedData, Boolean allowOperationsOnRevokedKeys, UnprotectStatus& status)
   at Microsoft.AspNetCore.DataProtection.KeyManagement.KeyRingBasedDataProtector.Unprotect(Byte[] protectedData)
   at Microsoft.AspNetCore.Antiforgery.DefaultAntiforgeryTokenSerializer.Deserialize(String serializedToken)
   --- End of inner exception stack trace ---
   at Microsoft.AspNetCore.Antiforgery.DefaultAntiforgeryTokenSerializer.Deserialize(String serializedToken)
   at Microsoft.AspNetCore.Antiforgery.DefaultAntiforgery.GetCookieTokenDoesNotThrow(HttpContext httpContext)
[14:48:01 INF] HTTP GET /Account/Login responded 200 in 227.7497 ms
[14:48:01 INF] HTTP GET /lib/jquery-validation-unobtrusive/dist/jquery.validate.unobtrusive.min.js responded 200 in 60.1329 ms
[14:48:01 INF] HTTP GET /Biktal.WebMVC.styles.css responded 200 in 95.4778 ms
[14:48:01 INF] HTTP GET /lib/bootstrap/dist/js/bootstrap.bundle.min.js responded 200 in 94.9912 ms
[14:48:01 INF] HTTP GET /js/site.js responded 200 in 97.2958 ms
[14:48:01 INF] HTTP GET /lib/jquery/dist/jquery.min.js responded 200 in 101.4608 ms
[14:48:01 INF] HTTP GET /css/site.css responded 200 in 105.4682 ms
[14:48:01 INF] HTTP GET /lib/bootstrap/dist/css/bootstrap.min.css responded 200 in 104.3940 ms
[14:48:01 INF] HTTP GET /lib/jquery-validation/dist/jquery.validate.min.js responded 200 in 97.7275 ms
[14:48:27 INF] HTTP POST /Account/Login responded 302 in 1111.5227 ms
[14:48:28 INF] HTTP GET /Inventory responded 200 in 346.6630 ms
[14:48:28 INF] HTTP GET /css/site.css responded 200 in 8.7809 ms
[14:48:28 INF] HTTP GET /lib/bootstrap/dist/css/bootstrap.min.css responded 200 in 17.0568 ms
[14:48:28 INF] HTTP GET /lib/jquery/dist/jquery.min.js responded 304 in 50.1083 ms
[14:48:28 INF] HTTP GET /Biktal.WebMVC.styles.css responded 200 in 60.9734 ms
[14:48:28 INF] HTTP GET /js/site.js responded 304 in 22.8135 ms
[14:48:28 INF] HTTP GET /lib/bootstrap/dist/js/bootstrap.bundle.min.js responded 304 in 188.9170 ms
[14:48:33 WRN] The query uses the 'First'/'FirstOrDefault' operator without 'OrderBy' and filter operators. This may lead to unpredictable results.
[14:48:33 INF] HTTP GET /Pos responded 200 in 369.2798 ms
[14:48:33 INF] HTTP GET /lib/bootstrap/dist/css/bootstrap.min.css responded 200 in 2.6043 ms
[14:48:33 INF] HTTP GET /Biktal.WebMVC.styles.css responded 200 in 5.6845 ms
[14:48:33 INF] HTTP GET /css/site.css responded 200 in 3.9592 ms
[14:48:33 INF] HTTP GET /js/site.js responded 304 in 2.3931 ms
[14:48:33 INF] HTTP GET /lib/bootstrap/dist/js/bootstrap.bundle.min.js responded 304 in 5.7792 ms
[14:48:33 INF] HTTP GET /lib/jquery/dist/jquery.min.js responded 304 in 1.9539 ms
[14:48:33 INF] HTTP GET /js/pos.js responded 200 in 5.2032 ms
[14:48:34 INF] HTTP GET /Inventory responded 200 in 33.9519 ms
[14:48:34 INF] HTTP GET /lib/bootstrap/dist/css/bootstrap.min.css responded 304 in 7.2603 ms
[14:48:34 INF] HTTP GET /css/site.css responded 304 in 2.3028 ms
[14:48:34 INF] HTTP GET /lib/jquery/dist/jquery.min.js responded 304 in 1.7760 ms
[14:48:34 INF] HTTP GET /lib/bootstrap/dist/js/bootstrap.bundle.min.js responded 304 in 0.9493 ms
[14:48:34 INF] HTTP GET /Biktal.WebMVC.styles.css responded 304 in 1.1660 ms
[14:48:34 INF] HTTP GET /js/site.js responded 304 in 4.8571 ms
[14:48:38 INF] HTTP GET /Inventory/Products responded 200 in 538.4829 ms
[14:48:38 INF] HTTP GET /lib/bootstrap/dist/css/bootstrap.min.css responded 304 in 1.0733 ms
[14:48:38 INF] HTTP GET /css/site.css responded 304 in 0.8965 ms
[14:48:38 INF] HTTP GET /Biktal.WebMVC.styles.css responded 304 in 0.9809 ms
[14:48:38 INF] HTTP GET /lib/jquery/dist/jquery.min.js responded 304 in 0.4362 ms
[14:48:39 INF] HTTP GET /lib/bootstrap/dist/js/bootstrap.bundle.min.js responded 304 in 0.8613 ms
[14:48:39 INF] HTTP GET /js/site.js responded 304 in 0.7943 ms
[14:48:39 INF] HTTP GET /js/products-catalog-filter.js responded 200 in 1.4862 ms
[14:48:39 INF] HTTP GET /lib/jquery-validation-unobtrusive/dist/jquery.validate.unobtrusive.min.js responded 304 in 15.4318 ms
[14:48:39 INF] HTTP GET /lib/jquery-validation/dist/jquery.validate.min.js responded 304 in 21.1796 ms
[14:48:46 INF] HTTP GET /Inventory/Products responded 200 in 238.2256 ms
[14:48:46 INF] HTTP GET /lib/bootstrap/dist/css/bootstrap.min.css responded 304 in 1.5210 ms
[14:48:46 INF] HTTP GET /Biktal.WebMVC.styles.css responded 304 in 2.4419 ms
[14:48:46 INF] HTTP GET /css/site.css responded 304 in 0.7545 ms
[14:48:47 INF] HTTP GET /lib/jquery/dist/jquery.min.js responded 304 in 0.6060 ms
[14:48:47 INF] HTTP GET /lib/bootstrap/dist/js/bootstrap.bundle.min.js responded 304 in 0.6503 ms
[14:48:47 INF] HTTP GET /js/site.js responded 304 in 0.5619 ms
[14:48:47 INF] HTTP GET /lib/jquery-validation/dist/jquery.validate.min.js responded 304 in 0.4060 ms
[14:48:47 INF] HTTP GET /lib/jquery-validation-unobtrusive/dist/jquery.validate.unobtrusive.min.js responded 304 in 0.3769 ms
[14:48:47 INF] HTTP GET /js/products-catalog-filter.js responded 304 in 0.5287 ms
[14:48:53 INF] HTTP POST /Inventory/EditProduct responded 302 in 195.7569 ms
[14:48:53 INF] HTTP GET /Inventory/Products responded 200 in 94.4076 ms
[14:48:53 INF] HTTP GET /lib/bootstrap/dist/css/bootstrap.min.css responded 304 in 1.1127 ms
[14:48:53 INF] HTTP GET /css/site.css responded 304 in 0.5043 ms
[14:48:53 INF] HTTP GET /Biktal.WebMVC.styles.css responded 304 in 2.5683 ms
[14:48:54 INF] HTTP GET /lib/jquery/dist/jquery.min.js responded 304 in 0.4468 ms
[14:48:54 INF] HTTP GET /lib/bootstrap/dist/js/bootstrap.bundle.min.js responded 304 in 0.8404 ms
[14:48:54 INF] HTTP GET /js/site.js responded 304 in 0.8047 ms
[14:48:54 INF] HTTP GET /js/products-catalog-filter.js responded 304 in 0.3554 ms
[14:48:54 INF] HTTP GET /lib/jquery-validation/dist/jquery.validate.min.js responded 304 in 0.4735 ms
[14:48:54 INF] HTTP GET /lib/jquery-validation-unobtrusive/dist/jquery.validate.unobtrusive.min.js responded 304 in 0.3603 ms
[14:48:56 INF] HTTP GET /Pos responded 200 in 21.3263 ms
[14:48:56 INF] HTTP GET /lib/bootstrap/dist/css/bootstrap.min.css responded 304 in 0.7385 ms
[14:48:56 INF] HTTP GET /Biktal.WebMVC.styles.css responded 304 in 0.6690 ms
[14:48:56 INF] HTTP GET /css/site.css responded 304 in 1.6891 ms
[14:48:56 INF] HTTP GET /lib/jquery/dist/jquery.min.js responded 304 in 1.4792 ms
[14:48:56 INF] HTTP GET /lib/bootstrap/dist/js/bootstrap.bundle.min.js responded 304 in 2.6296 ms
[14:48:56 INF] HTTP GET /js/site.js responded 304 in 3.0879 ms
[14:48:56 INF] HTTP GET /js/pos.js responded 304 in 0.7173 ms
[14:49:10 INF] HTTP GET /Inventory responded 200 in 28.4535 ms
[14:49:10 INF] HTTP GET /lib/bootstrap/dist/css/bootstrap.min.css responded 200 in 20.1285 ms
[14:49:10 INF] HTTP GET /css/site.css responded 304 in 0.8252 ms
[14:49:10 INF] HTTP GET /Biktal.WebMVC.styles.css responded 304 in 1.8982 ms
[14:49:10 INF] HTTP GET /lib/jquery/dist/jquery.min.js responded 304 in 0.5828 ms
[14:49:10 INF] HTTP GET /lib/bootstrap/dist/js/bootstrap.bundle.min.js responded 304 in 1.5286 ms
[14:49:10 INF] HTTP GET /js/site.js responded 304 in 0.5524 ms
[14:49:12 INF] HTTP GET /Inventory/Products responded 200 in 117.1851 ms
[14:49:12 INF] HTTP GET /lib/bootstrap/dist/css/bootstrap.min.css responded 304 in 0.5965 ms
[14:49:12 INF] HTTP GET /css/site.css responded 304 in 0.7763 ms
[14:49:12 INF] HTTP GET /Biktal.WebMVC.styles.css responded 304 in 1.6055 ms
[14:49:12 INF] HTTP GET /lib/jquery/dist/jquery.min.js responded 304 in 0.4427 ms
[14:49:12 INF] HTTP GET /lib/bootstrap/dist/js/bootstrap.bundle.min.js responded 304 in 0.4596 ms
[14:49:12 INF] HTTP GET /js/site.js responded 304 in 0.4372 ms
[14:49:12 INF] HTTP GET /lib/jquery-validation-unobtrusive/dist/jquery.validate.unobtrusive.min.js responded 304 in 0.3074 ms
[14:49:12 INF] HTTP GET /js/products-catalog-filter.js responded 304 in 2.9285 ms
[14:49:12 INF] HTTP GET /lib/jquery-validation/dist/jquery.validate.min.js responded 304 in 5.7034 ms
[14:49:20 INF] HTTP GET /Inventory/Products responded 200 in 100.3849 ms
[14:49:20 INF] HTTP GET /lib/bootstrap/dist/css/bootstrap.min.css responded 304 in 0.5210 ms
[14:49:20 INF] HTTP GET /css/site.css responded 304 in 0.4760 ms
[14:49:20 INF] HTTP GET /Biktal.WebMVC.styles.css responded 304 in 0.4323 ms
[14:49:21 INF] HTTP GET /lib/jquery/dist/jquery.min.js responded 304 in 0.2930 ms
[14:49:21 INF] HTTP GET /lib/bootstrap/dist/js/bootstrap.bundle.min.js responded 304 in 0.9677 ms
[14:49:21 INF] HTTP GET /lib/jquery-validation/dist/jquery.validate.min.js responded 304 in 0.4712 ms
[14:49:21 INF] HTTP GET /lib/jquery-validation-unobtrusive/dist/jquery.validate.unobtrusive.min.js responded 304 in 0.2890 ms
[14:49:21 INF] HTTP GET /js/products-catalog-filter.js responded 304 in 0.4699 ms
[14:49:21 INF] HTTP GET /js/site.js responded 304 in 1.6796 ms
[14:49:29 INF] HTTP POST /Inventory/EditProduct responded 302 in 21.4633 ms
[14:49:29 INF] HTTP GET /Inventory/Products responded 200 in 84.5517 ms
[14:49:29 INF] HTTP GET /Biktal.WebMVC.styles.css responded 304 in 0.3874 ms
[14:49:29 INF] HTTP GET /css/site.css responded 304 in 0.3894 ms
[14:49:29 INF] HTTP GET /lib/bootstrap/dist/css/bootstrap.min.css responded 304 in 0.7104 ms
[14:49:30 INF] HTTP GET /lib/jquery/dist/jquery.min.js responded 304 in 0.2699 ms
[14:49:30 INF] HTTP GET /lib/bootstrap/dist/js/bootstrap.bundle.min.js responded 304 in 0.4903 ms
[14:49:30 INF] HTTP GET /js/site.js responded 304 in 1.3504 ms
[14:49:30 INF] HTTP GET /lib/jquery-validation-unobtrusive/dist/jquery.validate.unobtrusive.min.js responded 304 in 0.3139 ms
[14:49:30 INF] HTTP GET /lib/jquery-validation/dist/jquery.validate.min.js responded 304 in 0.4535 ms
[14:49:30 INF] HTTP GET /js/products-catalog-filter.js responded 304 in 0.5236 ms
[14:49:34 INF] HTTP GET /Pos responded 200 in 26.4588 ms
[14:49:34 INF] HTTP GET /lib/bootstrap/dist/css/bootstrap.min.css responded 304 in 0.4430 ms
[14:49:34 INF] HTTP GET /Biktal.WebMVC.styles.css responded 304 in 0.3363 ms
[14:49:34 INF] HTTP GET /css/site.css responded 304 in 0.7331 ms
[14:49:34 INF] HTTP GET /lib/jquery/dist/jquery.min.js responded 304 in 4.8907 ms
[14:49:34 INF] HTTP GET /lib/bootstrap/dist/js/bootstrap.bundle.min.js responded 304 in 2.2114 ms
[14:49:34 INF] HTTP GET /js/site.js responded 304 in 0.4268 ms
[14:49:34 INF] HTTP GET /js/pos.js responded 304 in 1.6121 ms
[14:49:49 INF] HTTP POST /Pos/CompleteSale responded 200 in 1102.5145 ms
[15:10:20 INF] Application is shutting down...
