[13:48:28 WRN] Using an in-memory repository. Keys will not be persisted to storage.
[13:48:28 WRN] Neither user profile nor HKLM registry available. Using an ephemeral key repository. Protected data will be unavailable when application exits.
[13:48:28 WRN] No XML encryptor configured. Key {d682a963-b554-4935-bca4-8ddd6f4a1e42} may be persisted to storage in unencrypted form.
[13:48:28 INF] Application started. Press Ctrl+C to shut down.
[13:48:28 INF] Hosting environment: Production
[13:48:28 INF] Content root path: D:\Systems\BiktalSystems\publish
[13:48:29 ERR] An exception was thrown while deserializing the token.
Microsoft.AspNetCore.Antiforgery.AntiforgeryValidationException: The antiforgery token could not be decrypted.
 ---> System.Security.Cryptography.CryptographicException: The key {704e7888-63dd-47a1-b637-7476efbacf64} was not found in the key ring. For more information go to https://aka.ms/aspnet/dataprotectionwarning
   at Microsoft.AspNetCore.DataProtection.KeyManagement.KeyRingBasedDataProtector.UnprotectCore(Byte[] protectedData, Boolean allowOperationsOnRevokedKeys, UnprotectStatus& status)
   at Microsoft.AspNetCore.DataProtection.KeyManagement.KeyRingBasedDataProtector.Unprotect(Byte[] protectedData)
   at Microsoft.AspNetCore.Antiforgery.DefaultAntiforgeryTokenSerializer.Deserialize(String serializedToken)
   --- End of inner exception stack trace ---
   at Microsoft.AspNetCore.Antiforgery.DefaultAntiforgeryTokenSerializer.Deserialize(String serializedToken)
   at Microsoft.AspNetCore.Antiforgery.DefaultAntiforgery.GetCookieTokenDoesNotThrow(HttpContext httpContext)
[13:48:29 INF] HTTP GET /Inventory/Products responded 200 in 832.2164 ms
[13:48:29 INF] HTTP GET /css/site.css responded 200 in 32.4052 ms
[13:48:29 INF] HTTP GET /Biktal.WebMVC.styles.css responded 200 in 31.1465 ms
[13:48:29 INF] HTTP GET /lib/bootstrap/dist/css/bootstrap.min.css responded 200 in 72.3146 ms
[13:48:31 INF] HTTP GET /lib/jquery/dist/jquery.min.js responded 200 in 5.3823 ms
[13:48:31 INF] HTTP GET /lib/jquery-validation/dist/jquery.validate.min.js responded 200 in 2.7563 ms
[13:48:31 INF] HTTP GET /js/site.js responded 200 in 2.5439 ms
[13:48:31 INF] HTTP GET /lib/bootstrap/dist/js/bootstrap.bundle.min.js responded 200 in 6.9402 ms
[13:48:31 INF] HTTP GET /lib/jquery-validation-unobtrusive/dist/jquery.validate.unobtrusive.min.js responded 200 in 1.1381 ms
[13:48:31 INF] HTTP GET /js/products-catalog-filter.js responded 200 in 23.9640 ms
[14:09:22 INF] Application is shutting down...
