[10:21:41 WRN] Using an in-memory repository. Keys will not be persisted to storage.
[10:21:41 WRN] Neither user profile nor HKLM registry available. Using an ephemeral key repository. Protected data will be unavailable when application exits.
[10:21:41 WRN] No XML encryptor configured. Key {127f6b9a-3ed2-4028-9ed7-62b1fc4ff43f} may be persisted to storage in unencrypted form.
[10:21:41 INF] Application started. Press Ctrl+C to shut down.
[10:21:41 INF] Hosting environment: Production
[10:21:41 INF] Content root path: D:\Systems\BiktalSystems\publish
[10:21:41 INF] HTTP GET /Insights responded 302 in 145.4407 ms
[10:21:41 INF] HTTP GET /Insights responded 302 in 145.8217 ms
[10:21:42 INF] HTTP GET /Insights/Daily responded 200 in 481.9017 ms
[10:21:42 INF] HTTP GET /Biktal.WebMVC.styles.css responded 200 in 19.2977 ms
[10:21:42 INF] HTTP GET /js/site.js responded 200 in 22.7618 ms
[10:21:42 INF] HTTP GET /lib/jquery/dist/jquery.min.js responded 200 in 22.9499 ms
[10:21:42 INF] HTTP GET /css/site.css responded 200 in 28.0177 ms
[10:21:42 INF] HTTP GET /lib/bootstrap/dist/css/bootstrap.min.css responded 200 in 57.7241 ms
[10:21:42 INF] HTTP GET /lib/bootstrap/dist/js/bootstrap.bundle.min.js responded 200 in 13.8616 ms
[10:21:45 INF] HTTP GET /Insights/Monthly responded 200 in 156.4625 ms
[10:21:46 INF] HTTP GET /css/site.css responded 200 in 8.3765 ms
[10:21:46 INF] HTTP GET /lib/bootstrap/dist/css/bootstrap.min.css responded 200 in 1.4324 ms
[10:21:46 INF] HTTP GET /Biktal.WebMVC.styles.css responded 200 in 1.0104 ms
[10:21:46 INF] HTTP GET /js/site.js responded 304 in 26.9090 ms
[10:21:46 INF] HTTP GET /lib/jquery/dist/jquery.min.js responded 304 in 41.7239 ms
[10:21:46 INF] HTTP GET /lib/bootstrap/dist/js/bootstrap.bundle.min.js responded 304 in 156.2233 ms
[10:26:01 WRN] The query uses the 'First'/'FirstOrDefault' operator without 'OrderBy' and filter operators. This may lead to unpredictable results.
[10:26:01 WRN] The query uses the 'First'/'FirstOrDefault' operator without 'OrderBy' and filter operators. This may lead to unpredictable results.
[10:26:01 INF] HTTP GET /Operations responded 200 in 154.7990 ms
[10:26:01 INF] HTTP GET /css/site.css responded 200 in 1.8305 ms
[10:26:01 INF] HTTP GET /lib/bootstrap/dist/css/bootstrap.min.css responded 200 in 4.9496 ms
[10:26:01 INF] HTTP GET /Biktal.WebMVC.styles.css responded 200 in 1.3805 ms
[10:26:01 INF] HTTP GET /js/site.js responded 200 in 1.2368 ms
[10:26:01 INF] HTTP GET /lib/jquery/dist/jquery.min.js responded 200 in 12.5836 ms
[10:26:01 INF] HTTP GET /lib/bootstrap/dist/js/bootstrap.bundle.min.js responded 200 in 2.2827 ms
[10:34:35 WRN] The query uses the 'First'/'FirstOrDefault' operator without 'OrderBy' and filter operators. This may lead to unpredictable results.
[10:34:35 ERR] An exception was thrown while deserializing the token.
Microsoft.AspNetCore.Antiforgery.AntiforgeryValidationException: The antiforgery token could not be decrypted.
 ---> System.Security.Cryptography.CryptographicException: The key {edbc5be8-9f4b-45dc-b113-5bb2ecbc0efd} was not found in the key ring. For more information go to https://aka.ms/aspnet/dataprotectionwarning
   at Microsoft.AspNetCore.DataProtection.KeyManagement.KeyRingBasedDataProtector.UnprotectCore(Byte[] protectedData, Boolean allowOperationsOnRevokedKeys, UnprotectStatus& status)
   at Microsoft.AspNetCore.DataProtection.KeyManagement.KeyRingBasedDataProtector.Unprotect(Byte[] protectedData)
   at Microsoft.AspNetCore.Antiforgery.DefaultAntiforgeryTokenSerializer.Deserialize(String serializedToken)
   --- End of inner exception stack trace ---
   at Microsoft.AspNetCore.Antiforgery.DefaultAntiforgeryTokenSerializer.Deserialize(String serializedToken)
   at Microsoft.AspNetCore.Antiforgery.DefaultAntiforgery.GetCookieTokenDoesNotThrow(HttpContext httpContext)
[10:34:35 INF] HTTP GET / responded 200 in 273.5266 ms
[10:34:36 INF] HTTP GET /css/site.css responded 200 in 1.3629 ms
[10:34:36 INF] HTTP GET /lib/bootstrap/dist/js/bootstrap.bundle.min.js responded 200 in 12.0175 ms
[10:34:36 INF] HTTP GET /lib/jquery/dist/jquery.min.js responded 200 in 1.7511 ms
[10:34:36 INF] HTTP GET /lib/bootstrap/dist/css/bootstrap.min.css responded 200 in 2.2931 ms
[10:34:36 INF] HTTP GET /Biktal.WebMVC.styles.css responded 200 in 40.2314 ms
[10:34:36 INF] HTTP GET /js/site.js responded 200 in 1.5243 ms
[10:34:36 INF] HTTP GET /js/pos.js responded 200 in 25.7852 ms
[10:37:27 INF] HTTP GET /Inventory/Products responded 200 in 422.4719 ms
[10:37:27 INF] HTTP GET /css/site.css responded 200 in 1.2433 ms
[10:37:27 INF] HTTP GET /lib/bootstrap/dist/css/bootstrap.min.css responded 200 in 1.8722 ms
[10:37:27 INF] HTTP GET /Biktal.WebMVC.styles.css responded 200 in 1.4562 ms
[10:37:28 INF] HTTP GET /lib/jquery/dist/jquery.min.js responded 200 in 1.0010 ms
[10:37:29 INF] HTTP GET /lib/bootstrap/dist/js/bootstrap.bundle.min.js responded 200 in 1.6410 ms
[10:37:29 INF] HTTP GET /js/site.js responded 200 in 0.7307 ms
[10:37:29 INF] HTTP GET /lib/jquery-validation/dist/jquery.validate.min.js responded 200 in 5.6412 ms
[10:37:29 INF] HTTP GET /lib/jquery-validation-unobtrusive/dist/jquery.validate.unobtrusive.min.js responded 200 in 1.4166 ms
[10:37:29 INF] HTTP GET /js/products-catalog-filter.js responded 200 in 1.9046 ms
[10:37:37 INF] HTTP GET /Inventory/Products responded 200 in 157.1705 ms
[10:37:37 INF] HTTP GET /css/site.css responded 304 in 0.5330 ms
[10:37:37 INF] HTTP GET /Biktal.WebMVC.styles.css responded 304 in 0.3343 ms
[10:37:37 INF] HTTP GET /lib/bootstrap/dist/css/bootstrap.min.css responded 304 in 0.2990 ms
[10:37:38 INF] HTTP GET /lib/jquery/dist/jquery.min.js responded 304 in 0.4239 ms
[10:37:38 INF] HTTP GET /lib/bootstrap/dist/js/bootstrap.bundle.min.js responded 304 in 0.4871 ms
[10:37:38 INF] HTTP GET /js/site.js responded 304 in 0.2215 ms
[10:37:38 INF] HTTP GET /js/products-catalog-filter.js responded 304 in 0.1803 ms
[10:37:38 INF] HTTP GET /lib/jquery-validation-unobtrusive/dist/jquery.validate.unobtrusive.min.js responded 304 in 16.1673 ms
[10:37:38 INF] HTTP GET /lib/jquery-validation/dist/jquery.validate.min.js responded 304 in 20.5275 ms
[10:37:58 INF] HTTP POST /Inventory/EditProduct responded 302 in 303.8262 ms
[10:37:58 INF] HTTP GET /Inventory/Products responded 200 in 55.5268 ms
[10:37:58 INF] HTTP GET /lib/bootstrap/dist/css/bootstrap.min.css responded 200 in 1.7535 ms
[10:37:58 INF] HTTP GET /css/site.css responded 304 in 0.6950 ms
[10:37:58 INF] HTTP GET /Biktal.WebMVC.styles.css responded 304 in 0.4589 ms
[10:37:59 INF] HTTP GET /lib/jquery/dist/jquery.min.js responded 304 in 0.1732 ms
[10:37:59 INF] HTTP GET /lib/bootstrap/dist/js/bootstrap.bundle.min.js responded 304 in 0.1984 ms
[10:37:59 INF] HTTP GET /js/site.js responded 304 in 0.1704 ms
[10:37:59 INF] HTTP GET /lib/jquery-validation/dist/jquery.validate.min.js responded 304 in 0.1831 ms
[10:37:59 INF] HTTP GET /lib/jquery-validation-unobtrusive/dist/jquery.validate.unobtrusive.min.js responded 304 in 0.2005 ms
[10:37:59 INF] HTTP GET /js/products-catalog-filter.js responded 304 in 0.1635 ms
[10:40:07 INF] HTTP POST /Inventory/AddProduct responded 302 in 289.6176 ms
[10:40:08 INF] HTTP GET /Inventory/Products responded 200 in 81.4618 ms
[10:40:08 INF] HTTP GET /css/site.css responded 200 in 2.7401 ms
[10:40:08 INF] HTTP GET /lib/bootstrap/dist/css/bootstrap.min.css responded 200 in 1.2691 ms
[10:40:08 INF] HTTP GET /Biktal.WebMVC.styles.css responded 200 in 1.8013 ms
[10:40:08 INF] HTTP GET /lib/jquery/dist/jquery.min.js responded 200 in 0.8681 ms
[10:40:08 INF] HTTP GET /lib/bootstrap/dist/js/bootstrap.bundle.min.js responded 200 in 1.0162 ms
[10:40:08 INF] HTTP GET /js/site.js responded 200 in 0.8878 ms
[10:40:08 INF] HTTP GET /js/products-catalog-filter.js responded 200 in 0.7972 ms
[10:40:08 INF] HTTP GET /lib/jquery-validation/dist/jquery.validate.min.js responded 200 in 1.2881 ms
[10:40:08 INF] HTTP GET /lib/jquery-validation-unobtrusive/dist/jquery.validate.unobtrusive.min.js responded 200 in 0.9184 ms
[10:40:14 INF] HTTP GET / responded 200 in 28.2581 ms
[10:40:14 INF] HTTP GET /lib/bootstrap/dist/css/bootstrap.min.css responded 200 in 3.8391 ms
[10:40:14 INF] HTTP GET /Biktal.WebMVC.styles.css responded 200 in 0.6697 ms
[10:40:14 INF] HTTP GET /css/site.css responded 200 in 0.7075 ms
[10:40:14 INF] HTTP GET /lib/jquery/dist/jquery.min.js responded 304 in 0.2105 ms
[10:40:14 INF] HTTP GET /lib/bootstrap/dist/js/bootstrap.bundle.min.js responded 304 in 0.1781 ms
[10:40:14 INF] HTTP GET /js/site.js responded 304 in 1.5646 ms
[10:40:14 INF] HTTP GET /js/pos.js responded 200 in 1.6511 ms
[10:41:14 INF] HTTP POST /Pos/CompleteSale responded 200 in 619.7086 ms
[10:41:17 INF] HTTP GET /Insights responded 302 in 0.8007 ms
[10:41:17 INF] HTTP GET /Insights/Daily responded 200 in 30.1033 ms
[10:41:17 INF] HTTP GET /lib/bootstrap/dist/css/bootstrap.min.css responded 200 in 18.6881 ms
[10:41:17 INF] HTTP GET /css/site.css responded 200 in 3.1570 ms
[10:41:17 INF] HTTP GET /Biktal.WebMVC.styles.css responded 200 in 1.8798 ms
[10:41:17 INF] HTTP GET /lib/bootstrap/dist/js/bootstrap.bundle.min.js responded 304 in 0.1579 ms
[10:41:17 INF] HTTP GET /lib/jquery/dist/jquery.min.js responded 304 in 0.1080 ms
[10:41:17 INF] HTTP GET /js/site.js responded 304 in 0.1669 ms
[10:41:21 INF] HTTP GET /Insights/Monthly responded 200 in 18.6112 ms
[10:41:21 INF] HTTP GET /lib/bootstrap/dist/css/bootstrap.min.css responded 304 in 2.1642 ms
[10:41:21 INF] HTTP GET /css/site.css responded 304 in 0.2287 ms
[10:41:21 INF] HTTP GET /Biktal.WebMVC.styles.css responded 304 in 0.1169 ms
[10:41:21 INF] HTTP GET /lib/bootstrap/dist/js/bootstrap.bundle.min.js responded 304 in 0.1592 ms
[10:41:21 INF] HTTP GET /lib/jquery/dist/jquery.min.js responded 304 in 0.3031 ms
[10:41:21 INF] HTTP GET /js/site.js responded 304 in 0.4069 ms
[10:41:40 INF] HTTP GET /Finance responded 200 in 59.4986 ms
[10:41:40 INF] HTTP GET /lib/bootstrap/dist/css/bootstrap.min.css responded 200 in 2.9266 ms
[10:41:40 INF] HTTP GET /css/site.css responded 304 in 0.2551 ms
[10:41:40 INF] HTTP GET /Biktal.WebMVC.styles.css responded 304 in 0.2070 ms
[10:41:40 INF] HTTP GET /lib/jquery/dist/jquery.min.js responded 304 in 0.1962 ms
[10:41:40 INF] HTTP GET /lib/bootstrap/dist/js/bootstrap.bundle.min.js responded 304 in 3.6482 ms
[10:41:40 INF] HTTP GET /js/site.js responded 304 in 2.9370 ms
[10:41:42 INF] HTTP GET /Crm responded 200 in 81.4422 ms
[10:41:42 INF] HTTP GET /lib/bootstrap/dist/css/bootstrap.min.css responded 304 in 0.2793 ms
[10:41:42 INF] HTTP GET /css/site.css responded 304 in 0.1719 ms
[10:41:42 INF] HTTP GET /Biktal.WebMVC.styles.css responded 304 in 0.0834 ms
[10:41:42 INF] HTTP GET /lib/bootstrap/dist/js/bootstrap.bundle.min.js responded 304 in 0.1136 ms
[10:41:42 INF] HTTP GET /js/site.js responded 304 in 0.3400 ms
[10:41:42 INF] HTTP GET /lib/jquery/dist/jquery.min.js responded 304 in 0.1746 ms
[10:41:43 INF] HTTP GET /Installments responded 200 in 106.7242 ms
[10:41:43 INF] HTTP GET /lib/bootstrap/dist/css/bootstrap.min.css responded 304 in 0.1866 ms
[10:41:43 INF] HTTP GET /css/site.css responded 304 in 0.2066 ms
[10:41:43 INF] HTTP GET /Biktal.WebMVC.styles.css responded 304 in 0.1051 ms
[10:41:43 INF] HTTP GET /lib/bootstrap/dist/js/bootstrap.bundle.min.js responded 304 in 0.1282 ms
[10:41:43 INF] HTTP GET /lib/jquery/dist/jquery.min.js responded 304 in 2.1693 ms
[10:41:43 INF] HTTP GET /js/site.js responded 304 in 0.4935 ms
[10:43:53 WRN] Compiling a query which loads related collections for more than one collection navigation, either via 'Include' or through projection, but no 'QuerySplittingBehavior' has been configured. By default, Entity Framework will use 'QuerySplittingBehavior.SingleQuery', which can potentially result in slow query performance. See https://go.microsoft.com/fwlink/?linkid=2134277 for more information. To identify the query that's triggering this warning call 'ConfigureWarnings(w => w.Throw(RelationalEventId.MultipleCollectionIncludeWarning))'.
[10:43:54 INF] HTTP GET /Installments/Detail/31418aac-8a07-4283-b414-236a7bfef196 responded 200 in 178.8427 ms
[10:43:54 INF] HTTP GET /lib/bootstrap/dist/css/bootstrap.min.css responded 200 in 0.5763 ms
[10:43:54 INF] HTTP GET /css/site.css responded 200 in 0.5109 ms
[10:43:54 INF] HTTP GET /Biktal.WebMVC.styles.css responded 200 in 0.4076 ms
[10:43:54 INF] HTTP GET /lib/jquery/dist/jquery.min.js responded 200 in 0.5231 ms
[10:43:54 INF] HTTP GET /lib/jquery-validation-unobtrusive/dist/jquery.validate.unobtrusive.min.js responded 200 in 0.4444 ms
[10:43:54 INF] HTTP GET /lib/jquery-validation/dist/jquery.validate.min.js responded 200 in 13.8921 ms
[10:43:54 INF] HTTP GET /js/site.js responded 200 in 3.5720 ms
[10:43:54 INF] HTTP GET /lib/bootstrap/dist/js/bootstrap.bundle.min.js responded 200 in 0.9852 ms
[10:44:08 INF] HTTP POST /Installments/RecordPayment responded 302 in 312.6831 ms
[10:44:08 INF] HTTP GET /Installments/Detail/31418aac-8a07-4283-b414-236a7bfef196 responded 200 in 8.2038 ms
[10:44:08 INF] HTTP GET /lib/bootstrap/dist/css/bootstrap.min.css responded 200 in 7.0014 ms
[10:44:08 INF] HTTP GET /Biktal.WebMVC.styles.css responded 200 in 0.6319 ms
[10:44:08 INF] HTTP GET /css/site.css responded 200 in 0.8484 ms
[10:44:08 INF] HTTP GET /lib/jquery/dist/jquery.min.js responded 304 in 1.5543 ms
[10:44:08 INF] HTTP GET /js/site.js responded 304 in 0.3307 ms
[10:44:08 INF] HTTP GET /lib/bootstrap/dist/js/bootstrap.bundle.min.js responded 304 in 1.7610 ms
[10:44:08 INF] HTTP GET /lib/jquery-validation/dist/jquery.validate.min.js responded 304 in 0.1271 ms
[10:44:08 INF] HTTP GET /lib/jquery-validation-unobtrusive/dist/jquery.validate.unobtrusive.min.js responded 304 in 1.4164 ms
[10:44:12 INF] HTTP GET /Installments responded 200 in 10.0444 ms
[10:44:12 INF] HTTP GET /lib/bootstrap/dist/css/bootstrap.min.css responded 200 in 3.3247 ms
[10:44:12 INF] HTTP GET /Biktal.WebMVC.styles.css responded 200 in 0.9928 ms
[10:44:12 INF] HTTP GET /css/site.css responded 200 in 1.9571 ms
[10:44:12 INF] HTTP GET /lib/jquery/dist/jquery.min.js responded 304 in 0.1940 ms
[10:44:12 INF] HTTP GET /lib/bootstrap/dist/js/bootstrap.bundle.min.js responded 304 in 0.1627 ms
[10:44:12 INF] HTTP GET /js/site.js responded 304 in 0.3240 ms
[10:44:32 INF] HTTP GET /Installments/Detail/8a69c75f-cf8c-425b-8fe1-2652a3a35554 responded 200 in 12.0231 ms
[10:44:32 INF] HTTP GET /lib/bootstrap/dist/css/bootstrap.min.css responded 304 in 14.7602 ms
[10:44:32 INF] HTTP GET /css/site.css responded 304 in 0.1691 ms
[10:44:32 INF] HTTP GET /Biktal.WebMVC.styles.css responded 304 in 0.2300 ms
[10:44:32 INF] HTTP GET /lib/jquery/dist/jquery.min.js responded 304 in 0.1652 ms
[10:44:32 INF] HTTP GET /js/site.js responded 304 in 0.1168 ms
[10:44:32 INF] HTTP GET /lib/bootstrap/dist/js/bootstrap.bundle.min.js responded 304 in 0.1204 ms
[10:44:32 INF] HTTP GET /lib/jquery-validation/dist/jquery.validate.min.js responded 304 in 0.1432 ms
[10:44:32 INF] HTTP GET /lib/jquery-validation-unobtrusive/dist/jquery.validate.unobtrusive.min.js responded 304 in 0.1313 ms
[10:44:36 INF] HTTP POST /Installments/RecordPayment responded 302 in 105.2060 ms
[10:44:36 INF] HTTP GET /Installments/Detail/8a69c75f-cf8c-425b-8fe1-2652a3a35554 responded 200 in 9.1216 ms
[10:44:36 INF] HTTP GET /lib/bootstrap/dist/css/bootstrap.min.css responded 304 in 0.1379 ms
[10:44:36 INF] HTTP GET /css/site.css responded 304 in 0.1696 ms
[10:44:36 INF] HTTP GET /Biktal.WebMVC.styles.css responded 304 in 0.1654 ms
[10:44:36 INF] HTTP GET /lib/jquery/dist/jquery.min.js responded 304 in 0.1277 ms
[10:44:36 INF] HTTP GET /lib/bootstrap/dist/js/bootstrap.bundle.min.js responded 304 in 0.2058 ms
[10:44:36 INF] HTTP GET /js/site.js responded 304 in 0.1238 ms
[10:44:36 INF] HTTP GET /lib/jquery-validation/dist/jquery.validate.min.js responded 304 in 0.1507 ms
[10:44:36 INF] HTTP GET /lib/jquery-validation-unobtrusive/dist/jquery.validate.unobtrusive.min.js responded 304 in 0.2410 ms
[10:44:39 INF] HTTP GET /Installments responded 200 in 11.4069 ms
[10:44:39 INF] HTTP GET /lib/bootstrap/dist/css/bootstrap.min.css responded 304 in 0.1487 ms
[10:44:39 INF] HTTP GET /Biktal.WebMVC.styles.css responded 304 in 0.3857 ms
[10:44:39 INF] HTTP GET /lib/jquery/dist/jquery.min.js responded 304 in 0.1296 ms
[10:44:39 INF] HTTP GET /js/site.js responded 304 in 0.1012 ms
[10:44:39 INF] HTTP GET /lib/bootstrap/dist/js/bootstrap.bundle.min.js responded 304 in 0.1730 ms
[10:44:39 INF] HTTP GET /css/site.css responded 304 in 0.4179 ms
[10:44:44 INF] HTTP GET /Installments/Detail/11d1f468-6e3e-48d7-a4d8-8f00194b286f responded 200 in 11.5301 ms
[10:44:44 INF] HTTP GET /lib/bootstrap/dist/css/bootstrap.min.css responded 200 in 15.9570 ms
[10:44:44 INF] HTTP GET /css/site.css responded 304 in 0.1344 ms
[10:44:44 INF] HTTP GET /lib/jquery/dist/jquery.min.js responded 304 in 0.1223 ms
[10:44:44 INF] HTTP GET /Biktal.WebMVC.styles.css responded 304 in 0.1483 ms
[10:44:44 INF] HTTP GET /lib/bootstrap/dist/js/bootstrap.bundle.min.js responded 304 in 0.1334 ms
[10:44:44 INF] HTTP GET /js/site.js responded 304 in 0.0891 ms
[10:44:44 INF] HTTP GET /lib/jquery-validation/dist/jquery.validate.min.js responded 304 in 0.1452 ms
[10:44:44 INF] HTTP GET /lib/jquery-validation-unobtrusive/dist/jquery.validate.unobtrusive.min.js responded 304 in 0.2784 ms
[10:44:52 INF] HTTP POST /Installments/RecordPayment responded 302 in 35.0500 ms
[10:44:52 INF] HTTP GET /Installments/Detail/11d1f468-6e3e-48d7-a4d8-8f00194b286f responded 200 in 12.4275 ms
[10:44:52 INF] HTTP GET /lib/bootstrap/dist/css/bootstrap.min.css responded 200 in 1.2385 ms
[10:44:52 INF] HTTP GET /css/site.css responded 304 in 0.1357 ms
[10:44:52 INF] HTTP GET /Biktal.WebMVC.styles.css responded 304 in 0.2999 ms
[10:44:52 INF] HTTP GET /lib/jquery/dist/jquery.min.js responded 304 in 0.1424 ms
[10:44:52 INF] HTTP GET /lib/bootstrap/dist/js/bootstrap.bundle.min.js responded 304 in 0.1275 ms
[10:44:52 INF] HTTP GET /js/site.js responded 304 in 2.0318 ms
[10:44:52 INF] HTTP GET /lib/jquery-validation/dist/jquery.validate.min.js responded 304 in 0.1261 ms
[10:44:52 INF] HTTP GET /lib/jquery-validation-unobtrusive/dist/jquery.validate.unobtrusive.min.js responded 304 in 0.4602 ms
[10:44:55 INF] HTTP GET /Installments responded 200 in 7.6414 ms
[10:44:55 INF] HTTP GET /lib/bootstrap/dist/css/bootstrap.min.css responded 200 in 1.0540 ms
[10:44:55 INF] HTTP GET /css/site.css responded 304 in 0.1382 ms
[10:44:55 INF] HTTP GET /lib/jquery/dist/jquery.min.js responded 304 in 0.1042 ms
[10:44:55 INF] HTTP GET /Biktal.WebMVC.styles.css responded 304 in 0.1566 ms
[10:44:55 INF] HTTP GET /lib/bootstrap/dist/js/bootstrap.bundle.min.js responded 304 in 0.3229 ms
[10:44:55 INF] HTTP GET /js/site.js responded 304 in 0.1187 ms
[10:45:06 INF] HTTP GET /Installments/Detail/1417281e-d6a3-4fa3-8633-0783dab1548b responded 200 in 10.6107 ms
[10:45:06 INF] HTTP GET /lib/bootstrap/dist/css/bootstrap.min.css responded 200 in 15.8617 ms
[10:45:06 INF] HTTP GET /css/site.css responded 304 in 0.1395 ms
[10:45:06 INF] HTTP GET /Biktal.WebMVC.styles.css responded 304 in 0.1572 ms
[10:45:06 INF] HTTP GET /lib/bootstrap/dist/js/bootstrap.bundle.min.js responded 304 in 0.0732 ms
[10:45:06 INF] HTTP GET /lib/jquery/dist/jquery.min.js responded 304 in 0.1931 ms
[10:45:06 INF] HTTP GET /js/site.js responded 304 in 0.2113 ms
[10:45:06 INF] HTTP GET /lib/jquery-validation/dist/jquery.validate.min.js responded 304 in 0.2351 ms
[10:45:06 INF] HTTP GET /lib/jquery-validation-unobtrusive/dist/jquery.validate.unobtrusive.min.js responded 304 in 0.1086 ms
[10:45:22 INF] HTTP POST /Installments/RecordPayment responded 302 in 128.9968 ms
[10:45:22 INF] HTTP GET /Installments/Detail/1417281e-d6a3-4fa3-8633-0783dab1548b responded 200 in 6.1142 ms
[10:45:22 INF] HTTP GET /lib/bootstrap/dist/css/bootstrap.min.css responded 304 in 0.1635 ms
[10:45:22 INF] HTTP GET /css/site.css responded 304 in 0.1529 ms
[10:45:22 INF] HTTP GET /Biktal.WebMVC.styles.css responded 304 in 0.1561 ms
[10:45:22 INF] HTTP GET /lib/jquery/dist/jquery.min.js responded 304 in 0.1272 ms
[10:45:22 INF] HTTP GET /lib/bootstrap/dist/js/bootstrap.bundle.min.js responded 304 in 0.1413 ms
[10:45:22 INF] HTTP GET /lib/jquery-validation-unobtrusive/dist/jquery.validate.unobtrusive.min.js responded 304 in 0.1134 ms
[10:45:22 INF] HTTP GET /js/site.js responded 304 in 0.0925 ms
[10:45:22 INF] HTTP GET /lib/jquery-validation/dist/jquery.validate.min.js responded 304 in 0.1938 ms
[10:45:24 INF] HTTP GET /Installments responded 200 in 7.6772 ms
[10:45:24 INF] HTTP GET /lib/bootstrap/dist/css/bootstrap.min.css responded 200 in 12.9891 ms
[10:45:24 INF] HTTP GET /css/site.css responded 304 in 0.1440 ms
[10:45:24 INF] HTTP GET /lib/jquery/dist/jquery.min.js responded 304 in 0.2726 ms
[10:45:24 INF] HTTP GET /Biktal.WebMVC.styles.css responded 304 in 0.1415 ms
[10:45:24 INF] HTTP GET /lib/bootstrap/dist/js/bootstrap.bundle.min.js responded 304 in 0.3252 ms
[10:45:24 INF] HTTP GET /js/site.js responded 304 in 1.3748 ms
[10:45:57 INF] HTTP GET /Installments/Detail/0a178e20-3513-42dc-b6cd-a6f33d1a5557 responded 200 in 7.7746 ms
[10:45:57 INF] HTTP GET /lib/bootstrap/dist/css/bootstrap.min.css responded 200 in 2.2463 ms
[10:45:57 INF] HTTP GET /css/site.css responded 304 in 0.2790 ms
[10:45:57 INF] HTTP GET /Biktal.WebMVC.styles.css responded 304 in 0.4929 ms
[10:45:57 INF] HTTP GET /lib/jquery/dist/jquery.min.js responded 304 in 0.1459 ms
[10:45:57 INF] HTTP GET /lib/bootstrap/dist/js/bootstrap.bundle.min.js responded 304 in 0.2931 ms
[10:45:57 INF] HTTP GET /js/site.js responded 304 in 0.1129 ms
[10:45:57 INF] HTTP GET /lib/jquery-validation/dist/jquery.validate.min.js responded 304 in 0.1626 ms
[10:45:57 INF] HTTP GET /lib/jquery-validation-unobtrusive/dist/jquery.validate.unobtrusive.min.js responded 304 in 0.1374 ms
[10:46:01 INF] HTTP POST /Installments/RecordPayment responded 302 in 33.3285 ms
[10:46:01 INF] HTTP GET /Installments/Detail/0a178e20-3513-42dc-b6cd-a6f33d1a5557 responded 200 in 8.2625 ms
[10:46:01 INF] HTTP GET /lib/bootstrap/dist/css/bootstrap.min.css responded 200 in 1.0409 ms
[10:46:01 INF] HTTP GET /css/site.css responded 200 in 0.5324 ms
[10:46:01 INF] HTTP GET /Biktal.WebMVC.styles.css responded 200 in 0.9975 ms
[10:46:01 INF] HTTP GET /lib/jquery/dist/jquery.min.js responded 200 in 0.7739 ms
[10:46:01 INF] HTTP GET /lib/bootstrap/dist/js/bootstrap.bundle.min.js responded 200 in 1.2570 ms
[10:46:01 INF] HTTP GET /js/site.js responded 200 in 0.6490 ms
[10:46:01 INF] HTTP GET /lib/jquery-validation/dist/jquery.validate.min.js responded 200 in 0.6293 ms
[10:46:01 INF] HTTP GET /lib/jquery-validation-unobtrusive/dist/jquery.validate.unobtrusive.min.js responded 200 in 0.6500 ms
[10:46:03 INF] HTTP GET /Installments responded 200 in 7.7906 ms
[10:46:03 INF] HTTP GET /lib/bootstrap/dist/css/bootstrap.min.css responded 200 in 0.9188 ms
[10:46:03 INF] HTTP GET /css/site.css responded 200 in 0.7700 ms
[10:46:03 INF] HTTP GET /lib/jquery/dist/jquery.min.js responded 304 in 0.1156 ms
[10:46:03 INF] HTTP GET /Biktal.WebMVC.styles.css responded 200 in 0.7331 ms
[10:46:03 INF] HTTP GET /lib/bootstrap/dist/js/bootstrap.bundle.min.js responded 304 in 0.1515 ms
[10:46:03 INF] HTTP GET /js/site.js responded 304 in 0.1571 ms
[10:46:16 INF] HTTP GET /Installments/Detail/16415452-284f-4b43-a585-6d3273c0fecb responded 200 in 8.6546 ms
[10:46:16 INF] HTTP GET /lib/bootstrap/dist/css/bootstrap.min.css responded 304 in 0.1803 ms
[10:46:16 INF] HTTP GET /css/site.css responded 304 in 0.9826 ms
[10:46:16 INF] HTTP GET /Biktal.WebMVC.styles.css responded 304 in 0.3755 ms
[10:46:16 INF] HTTP GET /lib/jquery/dist/jquery.min.js responded 304 in 0.2036 ms
[10:46:16 INF] HTTP GET /lib/bootstrap/dist/js/bootstrap.bundle.min.js responded 304 in 0.1530 ms
[10:46:16 INF] HTTP GET /js/site.js responded 304 in 0.1737 ms
[10:46:16 INF] HTTP GET /lib/jquery-validation/dist/jquery.validate.min.js responded 304 in 0.1245 ms
[10:46:16 INF] HTTP GET /lib/jquery-validation-unobtrusive/dist/jquery.validate.unobtrusive.min.js responded 304 in 0.1222 ms
[10:46:24 INF] HTTP POST /Installments/RecordPayment responded 302 in 31.2246 ms
[10:46:24 INF] HTTP GET /Installments/Detail/16415452-284f-4b43-a585-6d3273c0fecb responded 200 in 11.1326 ms
[10:46:24 INF] HTTP GET /lib/bootstrap/dist/css/bootstrap.min.css responded 200 in 0.8554 ms
[10:46:24 INF] HTTP GET /Biktal.WebMVC.styles.css responded 304 in 0.3944 ms
[10:46:24 INF] HTTP GET /lib/jquery/dist/jquery.min.js responded 304 in 0.1583 ms
[10:46:24 INF] HTTP GET /lib/bootstrap/dist/js/bootstrap.bundle.min.js responded 304 in 0.1263 ms
[10:46:24 INF] HTTP GET /css/site.css responded 304 in 2.1475 ms
[10:46:24 INF] HTTP GET /js/site.js responded 304 in 0.1091 ms
[10:46:24 INF] HTTP GET /lib/jquery-validation/dist/jquery.validate.min.js responded 304 in 0.0968 ms
[10:46:24 INF] HTTP GET /lib/jquery-validation-unobtrusive/dist/jquery.validate.unobtrusive.min.js responded 304 in 0.2474 ms
[10:46:27 INF] HTTP GET /Installments responded 200 in 7.9542 ms
[10:46:27 INF] HTTP GET /lib/bootstrap/dist/css/bootstrap.min.css responded 304 in 8.8343 ms
[10:46:27 INF] HTTP GET /lib/jquery/dist/jquery.min.js responded 304 in 0.1081 ms
[10:46:27 INF] HTTP GET /css/site.css responded 304 in 0.1483 ms
[10:46:27 INF] HTTP GET /js/site.js responded 304 in 0.0650 ms
[10:46:27 INF] HTTP GET /lib/bootstrap/dist/js/bootstrap.bundle.min.js responded 304 in 0.0814 ms
[10:46:27 INF] HTTP GET /Biktal.WebMVC.styles.css responded 304 in 2.6528 ms
[10:47:14 INF] HTTP GET /Installments/Detail/3c0b18b4-9cba-42ab-a38d-e8a1b4d940d3 responded 200 in 11.0712 ms
[10:47:14 INF] HTTP GET /lib/bootstrap/dist/css/bootstrap.min.css responded 200 in 7.3350 ms
[10:47:14 INF] HTTP GET /css/site.css responded 200 in 0.6516 ms
[10:47:14 INF] HTTP GET /Biktal.WebMVC.styles.css responded 200 in 0.7215 ms
[10:47:14 INF] HTTP GET /lib/jquery/dist/jquery.min.js responded 200 in 0.8242 ms
[10:47:14 INF] HTTP GET /lib/bootstrap/dist/js/bootstrap.bundle.min.js responded 200 in 1.4249 ms
[10:47:14 INF] HTTP GET /js/site.js responded 200 in 0.5115 ms
[10:47:14 INF] HTTP GET /lib/jquery-validation/dist/jquery.validate.min.js responded 200 in 0.6813 ms
[10:47:14 INF] HTTP GET /lib/jquery-validation-unobtrusive/dist/jquery.validate.unobtrusive.min.js responded 200 in 1.6194 ms
[10:47:19 INF] HTTP POST /Installments/RecordPayment responded 302 in 38.8740 ms
[10:47:19 INF] HTTP GET /Installments/Detail/3c0b18b4-9cba-42ab-a38d-e8a1b4d940d3 responded 200 in 6.3797 ms
[10:47:19 INF] HTTP GET /lib/bootstrap/dist/css/bootstrap.min.css responded 200 in 1.8050 ms
[10:47:19 INF] HTTP GET /lib/jquery/dist/jquery.min.js responded 304 in 0.1109 ms
[10:47:19 INF] HTTP GET /lib/bootstrap/dist/js/bootstrap.bundle.min.js responded 304 in 0.1194 ms
[10:47:19 INF] HTTP GET /Biktal.WebMVC.styles.css responded 200 in 1.2479 ms
[10:47:19 INF] HTTP GET /js/site.js responded 304 in 0.1194 ms
[10:47:19 INF] HTTP GET /lib/jquery-validation-unobtrusive/dist/jquery.validate.unobtrusive.min.js responded 304 in 0.1037 ms
[10:47:19 INF] HTTP GET /css/site.css responded 200 in 1.7979 ms
[10:47:19 INF] HTTP GET /lib/jquery-validation/dist/jquery.validate.min.js responded 304 in 1.1642 ms
[10:47:21 INF] HTTP GET /Installments responded 200 in 11.9155 ms
[10:47:21 INF] HTTP GET /lib/bootstrap/dist/css/bootstrap.min.css responded 200 in 0.7989 ms
[10:47:21 INF] HTTP GET /css/site.css responded 200 in 0.6274 ms
[10:47:21 INF] HTTP GET /lib/jquery/dist/jquery.min.js responded 304 in 0.1475 ms
[10:47:21 INF] HTTP GET /Biktal.WebMVC.styles.css responded 200 in 2.4738 ms
[10:47:21 INF] HTTP GET /lib/bootstrap/dist/js/bootstrap.bundle.min.js responded 304 in 0.2934 ms
[10:47:21 INF] HTTP GET /js/site.js responded 304 in 0.3662 ms
[10:48:00 INF] HTTP GET /Installments/Detail/02fbf426-af7b-4fe4-8149-bd9143491c02 responded 200 in 9.8507 ms
[10:48:00 INF] HTTP GET /lib/bootstrap/dist/css/bootstrap.min.css responded 200 in 1.1138 ms
[10:48:00 INF] HTTP GET /css/site.css responded 200 in 0.8088 ms
[10:48:00 INF] HTTP GET /Biktal.WebMVC.styles.css responded 200 in 0.9808 ms
[10:48:00 INF] HTTP GET /lib/jquery/dist/jquery.min.js responded 200 in 1.1058 ms
[10:48:00 INF] HTTP GET /lib/bootstrap/dist/js/bootstrap.bundle.min.js responded 200 in 0.6853 ms
[10:48:00 INF] HTTP GET /lib/jquery-validation/dist/jquery.validate.min.js responded 200 in 0.6146 ms
[10:48:00 INF] HTTP GET /lib/jquery-validation-unobtrusive/dist/jquery.validate.unobtrusive.min.js responded 200 in 0.5748 ms
[10:48:00 INF] HTTP GET /js/site.js responded 200 in 0.8029 ms
[10:48:04 INF] HTTP POST /Installments/RecordPayment responded 302 in 32.1228 ms
[10:48:04 INF] HTTP GET /Installments/Detail/02fbf426-af7b-4fe4-8149-bd9143491c02 responded 200 in 4.4053 ms
[10:48:04 INF] HTTP GET /lib/bootstrap/dist/css/bootstrap.min.css responded 200 in 0.7606 ms
[10:48:04 INF] HTTP GET /Biktal.WebMVC.styles.css responded 200 in 1.0867 ms
[10:48:04 INF] HTTP GET /css/site.css responded 200 in 3.4685 ms
[10:48:04 INF] HTTP GET /lib/jquery/dist/jquery.min.js responded 304 in 0.1263 ms
[10:48:04 INF] HTTP GET /lib/bootstrap/dist/js/bootstrap.bundle.min.js responded 304 in 0.1325 ms
[10:48:04 INF] HTTP GET /js/site.js responded 304 in 0.1467 ms
[10:48:04 INF] HTTP GET /lib/jquery-validation-unobtrusive/dist/jquery.validate.unobtrusive.min.js responded 304 in 0.3660 ms
[10:48:04 INF] HTTP GET /lib/jquery-validation/dist/jquery.validate.min.js responded 304 in 0.1563 ms
[10:48:06 INF] HTTP GET /Installments responded 200 in 7.3462 ms
[10:48:06 INF] HTTP GET /lib/bootstrap/dist/css/bootstrap.min.css responded 200 in 0.6298 ms
[10:48:06 INF] HTTP GET /lib/jquery/dist/jquery.min.js responded 304 in 0.1126 ms
[10:48:06 INF] HTTP GET /Biktal.WebMVC.styles.css responded 200 in 0.7155 ms
[10:48:06 INF] HTTP GET /css/site.css responded 200 in 0.4964 ms
[10:48:06 INF] HTTP GET /lib/bootstrap/dist/js/bootstrap.bundle.min.js responded 304 in 0.1509 ms
[10:48:06 INF] HTTP GET /js/site.js responded 304 in 0.1467 ms
[10:50:14 INF] HTTP GET /Installments/Detail/ef397ba5-8920-4a10-9712-a02a804c5cba responded 200 in 8.4344 ms
[10:50:14 INF] HTTP GET /lib/bootstrap/dist/css/bootstrap.min.css responded 200 in 3.8098 ms
[10:50:14 INF] HTTP GET /lib/jquery/dist/jquery.min.js responded 200 in 0.6913 ms
[10:50:14 INF] HTTP GET /css/site.css responded 200 in 0.8961 ms
[10:50:14 INF] HTTP GET /lib/bootstrap/dist/js/bootstrap.bundle.min.js responded 200 in 0.6110 ms
[10:50:14 INF] HTTP GET /js/site.js responded 200 in 0.5657 ms
[10:50:14 INF] HTTP GET /Biktal.WebMVC.styles.css responded 200 in 0.4806 ms
[10:50:14 INF] HTTP GET /lib/jquery-validation/dist/jquery.validate.min.js responded 200 in 0.9881 ms
[10:50:14 INF] HTTP GET /lib/jquery-validation-unobtrusive/dist/jquery.validate.unobtrusive.min.js responded 200 in 0.7472 ms
[10:50:54 INF] HTTP GET /Installments responded 200 in 133.6090 ms
[10:50:54 INF] HTTP GET /lib/bootstrap/dist/css/bootstrap.min.css responded 200 in 1.9066 ms
[10:50:54 INF] HTTP GET /css/site.css responded 200 in 0.7165 ms
[10:50:54 INF] HTTP GET /Biktal.WebMVC.styles.css responded 200 in 0.4062 ms
[10:50:54 INF] HTTP GET /lib/jquery/dist/jquery.min.js responded 200 in 0.6495 ms
[10:50:54 INF] HTTP GET /lib/bootstrap/dist/js/bootstrap.bundle.min.js responded 200 in 0.8031 ms
[10:50:54 INF] HTTP GET /js/site.js responded 200 in 0.9592 ms
[10:51:17 INF] HTTP GET /Installments/New responded 200 in 123.8084 ms
[10:51:17 INF] HTTP GET /lib/bootstrap/dist/css/bootstrap.min.css responded 200 in 1.0855 ms
[10:51:17 INF] HTTP GET /css/site.css responded 200 in 6.5572 ms
[10:51:17 INF] HTTP GET /lib/jquery/dist/jquery.min.js responded 304 in 0.3209 ms
[10:51:17 INF] HTTP GET /lib/bootstrap/dist/js/bootstrap.bundle.min.js responded 304 in 0.3470 ms
[10:51:17 INF] HTTP GET /Biktal.WebMVC.styles.css responded 200 in 0.5674 ms
[10:51:17 INF] HTTP GET /js/site.js responded 304 in 0.2611 ms
[10:51:17 INF] HTTP GET /lib/jquery-validation/dist/jquery.validate.min.js responded 200 in 0.7319 ms
[10:51:17 INF] HTTP GET /lib/jquery-validation-unobtrusive/dist/jquery.validate.unobtrusive.min.js responded 200 in 0.5383 ms
[10:51:34 INF] HTTP POST /Installments/Create responded 302 in 112.9979 ms
[10:51:34 INF] HTTP GET /Installments/Detail/8ea1f820-7794-426c-9f9d-a36aeae29fae responded 200 in 9.5397 ms
[10:51:34 INF] HTTP GET /lib/bootstrap/dist/css/bootstrap.min.css responded 200 in 2.4862 ms
[10:51:34 INF] HTTP GET /Biktal.WebMVC.styles.css responded 200 in 2.2212 ms
[10:51:34 INF] HTTP GET /css/site.css responded 200 in 0.8977 ms
[10:51:34 INF] HTTP GET /lib/bootstrap/dist/js/bootstrap.bundle.min.js responded 304 in 0.1662 ms
[10:51:34 INF] HTTP GET /js/site.js responded 304 in 0.1118 ms
[10:51:34 INF] HTTP GET /lib/jquery/dist/jquery.min.js responded 304 in 0.7205 ms
[10:51:34 INF] HTTP GET /lib/jquery-validation-unobtrusive/dist/jquery.validate.unobtrusive.min.js responded 304 in 0.6251 ms
[10:51:34 INF] HTTP GET /lib/jquery-validation/dist/jquery.validate.min.js responded 304 in 0.2159 ms
[10:51:42 INF] HTTP GET /Installments responded 200 in 10.3779 ms
[10:51:42 INF] HTTP GET /lib/bootstrap/dist/css/bootstrap.min.css responded 304 in 0.1601 ms
[10:51:42 INF] HTTP GET /css/site.css responded 304 in 2.2527 ms
[10:51:42 INF] HTTP GET /Biktal.WebMVC.styles.css responded 304 in 0.1862 ms
[10:51:42 INF] HTTP GET /lib/jquery/dist/jquery.min.js responded 304 in 0.1383 ms
[10:51:42 INF] HTTP GET /lib/bootstrap/dist/js/bootstrap.bundle.min.js responded 304 in 0.1315 ms
[10:51:42 INF] HTTP GET /js/site.js responded 304 in 0.1314 ms
[10:52:26 INF] HTTP GET /Installments/Detail/8126dc51-f205-4f82-98e0-bc92eb967684 responded 200 in 8.1261 ms
[10:52:27 INF] HTTP GET /css/site.css responded 304 in 0.1178 ms
[10:52:27 INF] HTTP GET /lib/bootstrap/dist/js/bootstrap.bundle.min.js responded 304 in 0.1020 ms
[10:52:27 INF] HTTP GET /lib/bootstrap/dist/css/bootstrap.min.css responded 200 in 1.7053 ms
[10:52:27 INF] HTTP GET /Biktal.WebMVC.styles.css responded 304 in 0.1296 ms
[10:52:27 INF] HTTP GET /js/site.js responded 304 in 0.1055 ms
[10:52:27 INF] HTTP GET /lib/jquery/dist/jquery.min.js responded 304 in 10.0891 ms
[10:52:27 INF] HTTP GET /lib/jquery-validation-unobtrusive/dist/jquery.validate.unobtrusive.min.js responded 304 in 0.1203 ms
[10:52:27 INF] HTTP GET /lib/jquery-validation/dist/jquery.validate.min.js responded 304 in 0.1430 ms
[10:52:33 INF] HTTP POST /Installments/RecordPayment responded 302 in 33.1361 ms
[10:52:33 INF] HTTP GET /Installments/Detail/8126dc51-f205-4f82-98e0-bc92eb967684 responded 200 in 6.4637 ms
[10:52:33 INF] HTTP GET /Biktal.WebMVC.styles.css responded 304 in 1.0935 ms
[10:52:33 INF] HTTP GET /lib/jquery/dist/jquery.min.js responded 304 in 0.1094 ms
[10:52:33 INF] HTTP GET /lib/bootstrap/dist/css/bootstrap.min.css responded 200 in 0.9651 ms
[10:52:33 INF] HTTP GET /lib/bootstrap/dist/js/bootstrap.bundle.min.js responded 304 in 0.1347 ms
[10:52:33 INF] HTTP GET /css/site.css responded 304 in 0.4061 ms
[10:52:33 INF] HTTP GET /lib/jquery-validation/dist/jquery.validate.min.js responded 304 in 0.1240 ms
[10:52:33 INF] HTTP GET /lib/jquery-validation-unobtrusive/dist/jquery.validate.unobtrusive.min.js responded 304 in 0.0909 ms
[10:52:33 INF] HTTP GET /js/site.js responded 304 in 0.1099 ms
[10:52:36 INF] HTTP GET /Installments responded 200 in 6.5474 ms
[10:52:36 INF] HTTP GET /lib/bootstrap/dist/css/bootstrap.min.css responded 200 in 2.8037 ms
[10:52:36 INF] HTTP GET /css/site.css responded 304 in 0.2820 ms
[10:52:36 INF] HTTP GET /Biktal.WebMVC.styles.css responded 304 in 0.1845 ms
[10:52:36 INF] HTTP GET /lib/jquery/dist/jquery.min.js responded 304 in 1.3706 ms
[10:52:36 INF] HTTP GET /lib/bootstrap/dist/js/bootstrap.bundle.min.js responded 304 in 0.1151 ms
[10:52:36 INF] HTTP GET /js/site.js responded 304 in 0.0834 ms
[10:52:59 INF] HTTP GET /Installments/Detail/ea77df4e-a6cf-490a-bfa8-f97dadb996f7 responded 200 in 13.2933 ms
[10:52:59 INF] HTTP GET /lib/bootstrap/dist/css/bootstrap.min.css responded 200 in 1.4917 ms
[10:52:59 INF] HTTP GET /css/site.css responded 304 in 0.1394 ms
[10:52:59 INF] HTTP GET /Biktal.WebMVC.styles.css responded 304 in 0.3036 ms
[10:52:59 INF] HTTP GET /lib/jquery/dist/jquery.min.js responded 304 in 0.1981 ms
[10:52:59 INF] HTTP GET /lib/bootstrap/dist/js/bootstrap.bundle.min.js responded 304 in 0.6445 ms
[10:52:59 INF] HTTP GET /js/site.js responded 304 in 0.1150 ms
[10:52:59 INF] HTTP GET /lib/jquery-validation/dist/jquery.validate.min.js responded 304 in 0.1090 ms
[10:52:59 INF] HTTP GET /lib/jquery-validation-unobtrusive/dist/jquery.validate.unobtrusive.min.js responded 304 in 0.1268 ms
[10:53:03 INF] HTTP POST /Installments/RecordPayment responded 302 in 28.7578 ms
[10:53:03 INF] HTTP GET /Installments/Detail/ea77df4e-a6cf-490a-bfa8-f97dadb996f7 responded 200 in 8.1052 ms
[10:53:03 INF] HTTP GET /Biktal.WebMVC.styles.css responded 304 in 0.1157 ms
[10:53:03 INF] HTTP GET /lib/bootstrap/dist/css/bootstrap.min.css responded 304 in 0.1036 ms
[10:53:03 INF] HTTP GET /css/site.css responded 304 in 0.1341 ms
[10:53:03 INF] HTTP GET /lib/bootstrap/dist/js/bootstrap.bundle.min.js responded 304 in 0.1229 ms
[10:53:03 INF] HTTP GET /lib/jquery/dist/jquery.min.js responded 304 in 0.0943 ms
[10:53:03 INF] HTTP GET /js/site.js responded 304 in 0.1344 ms
[10:53:03 INF] HTTP GET /lib/jquery-validation/dist/jquery.validate.min.js responded 304 in 0.1171 ms
[10:53:03 INF] HTTP GET /lib/jquery-validation-unobtrusive/dist/jquery.validate.unobtrusive.min.js responded 304 in 0.0784 ms
[10:53:04 INF] HTTP GET /Installments responded 200 in 6.6457 ms
[10:53:04 INF] HTTP GET /lib/bootstrap/dist/css/bootstrap.min.css responded 200 in 0.8374 ms
[10:53:04 INF] HTTP GET /css/site.css responded 304 in 0.5102 ms
[10:53:04 INF] HTTP GET /lib/jquery/dist/jquery.min.js responded 304 in 0.2092 ms
[10:53:04 INF] HTTP GET /lib/bootstrap/dist/js/bootstrap.bundle.min.js responded 304 in 0.2989 ms
[10:53:04 INF] HTTP GET /Biktal.WebMVC.styles.css responded 304 in 1.2322 ms
[10:53:04 INF] HTTP GET /js/site.js responded 304 in 0.1574 ms
[10:53:28 INF] HTTP GET /Installments/Detail/f19e8eec-c213-4323-abfd-7fddee6b4c20 responded 200 in 7.7184 ms
[10:53:28 INF] HTTP GET /lib/bootstrap/dist/css/bootstrap.min.css responded 304 in 0.1223 ms
[10:53:28 INF] HTTP GET /css/site.css responded 304 in 0.2186 ms
[10:53:28 INF] HTTP GET /Biktal.WebMVC.styles.css responded 304 in 0.2018 ms
[10:53:28 INF] HTTP GET /lib/jquery/dist/jquery.min.js responded 304 in 0.2149 ms
[10:53:28 INF] HTTP GET /js/site.js responded 304 in 0.2007 ms
[10:53:28 INF] HTTP GET /lib/bootstrap/dist/js/bootstrap.bundle.min.js responded 304 in 0.1667 ms
[10:53:28 INF] HTTP GET /lib/jquery-validation/dist/jquery.validate.min.js responded 304 in 0.1177 ms
[10:53:28 INF] HTTP GET /lib/jquery-validation-unobtrusive/dist/jquery.validate.unobtrusive.min.js responded 304 in 0.2968 ms
[10:53:33 INF] HTTP POST /Installments/RecordPayment responded 302 in 40.3168 ms
[10:53:33 INF] HTTP GET /Installments/Detail/f19e8eec-c213-4323-abfd-7fddee6b4c20 responded 200 in 7.3485 ms
[10:53:33 INF] HTTP GET /lib/bootstrap/dist/css/bootstrap.min.css responded 304 in 13.4993 ms
[10:53:33 INF] HTTP GET /css/site.css responded 304 in 0.1307 ms
[10:53:33 INF] HTTP GET /lib/bootstrap/dist/js/bootstrap.bundle.min.js responded 304 in 0.2380 ms
[10:53:33 INF] HTTP GET /js/site.js responded 304 in 0.1724 ms
[10:53:33 INF] HTTP GET /lib/jquery-validation/dist/jquery.validate.min.js responded 304 in 0.2112 ms
[10:53:33 INF] HTTP GET /lib/jquery-validation-unobtrusive/dist/jquery.validate.unobtrusive.min.js responded 304 in 0.2607 ms
[10:53:33 INF] HTTP GET /Biktal.WebMVC.styles.css responded 304 in 0.1059 ms
[10:53:33 INF] HTTP GET /lib/jquery/dist/jquery.min.js responded 304 in 0.1464 ms
[10:53:36 INF] HTTP GET /Installments responded 200 in 7.1565 ms
[10:53:37 INF] HTTP GET /lib/bootstrap/dist/css/bootstrap.min.css responded 304 in 0.1513 ms
[10:53:37 INF] HTTP GET /css/site.css responded 304 in 0.1305 ms
[10:53:37 INF] HTTP GET /Biktal.WebMVC.styles.css responded 304 in 0.1219 ms
[10:53:37 INF] HTTP GET /lib/bootstrap/dist/js/bootstrap.bundle.min.js responded 304 in 0.2533 ms
[10:53:37 INF] HTTP GET /js/site.js responded 304 in 0.1825 ms
[10:53:37 INF] HTTP GET /lib/jquery/dist/jquery.min.js responded 304 in 0.2257 ms
[10:58:10 INF] HTTP GET /Installments/Detail/18c58344-49d6-4a6d-9d90-76815b6263e2 responded 200 in 76.5127 ms
[10:58:10 INF] HTTP GET /lib/bootstrap/dist/css/bootstrap.min.css responded 200 in 1.7505 ms
[10:58:10 INF] HTTP GET /css/site.css responded 200 in 0.7285 ms
[10:58:10 INF] HTTP GET /Biktal.WebMVC.styles.css responded 200 in 1.8787 ms
[10:58:10 INF] HTTP GET /lib/jquery/dist/jquery.min.js responded 200 in 10.0342 ms
[10:58:10 INF] HTTP GET /lib/bootstrap/dist/js/bootstrap.bundle.min.js responded 200 in 1.9578 ms
[10:58:10 INF] HTTP GET /js/site.js responded 200 in 0.8417 ms
[10:58:10 INF] HTTP GET /lib/jquery-validation/dist/jquery.validate.min.js responded 200 in 1.2061 ms
[10:58:10 INF] HTTP GET /lib/jquery-validation-unobtrusive/dist/jquery.validate.unobtrusive.min.js responded 200 in 0.8650 ms
[10:58:48 INF] HTTP POST /Installments/RecordPayment responded 302 in 115.5842 ms
[10:58:48 INF] HTTP GET /Installments/Detail/18c58344-49d6-4a6d-9d90-76815b6263e2 responded 200 in 6.2355 ms
[10:58:48 INF] HTTP GET /lib/bootstrap/dist/css/bootstrap.min.css responded 200 in 1.7812 ms
[10:58:48 INF] HTTP GET /lib/jquery/dist/jquery.min.js responded 200 in 4.7796 ms
[10:58:48 INF] HTTP GET /css/site.css responded 200 in 0.5137 ms
[10:58:48 INF] HTTP GET /Biktal.WebMVC.styles.css responded 200 in 0.3896 ms
[10:58:48 INF] HTTP GET /js/site.js responded 200 in 0.4767 ms
[10:58:48 INF] HTTP GET /lib/jquery-validation/dist/jquery.validate.min.js responded 200 in 0.4622 ms
[10:58:48 INF] HTTP GET /lib/bootstrap/dist/js/bootstrap.bundle.min.js responded 200 in 0.4995 ms
[10:58:48 INF] HTTP GET /lib/jquery-validation-unobtrusive/dist/jquery.validate.unobtrusive.min.js responded 200 in 5.1598 ms
[10:58:53 INF] HTTP GET /Installments responded 200 in 10.1093 ms
[10:58:53 INF] HTTP GET /css/site.css responded 200 in 4.1889 ms
[10:58:53 INF] HTTP GET /Biktal.WebMVC.styles.css responded 200 in 1.4020 ms
[10:58:53 INF] HTTP GET /lib/bootstrap/dist/css/bootstrap.min.css responded 200 in 3.2355 ms
[10:58:53 INF] HTTP GET /lib/bootstrap/dist/js/bootstrap.bundle.min.js responded 200 in 1.0544 ms
[10:58:53 INF] HTTP GET /lib/jquery/dist/jquery.min.js responded 200 in 0.6300 ms
[10:58:53 INF] HTTP GET /js/site.js responded 200 in 3.4478 ms
[11:00:16 INF] HTTP GET /Installments/Detail/18c58344-49d6-4a6d-9d90-76815b6263e2 responded 200 in 9.1931 ms
[11:00:16 INF] HTTP GET /lib/bootstrap/dist/css/bootstrap.min.css responded 200 in 2.3537 ms
[11:00:16 INF] HTTP GET /css/site.css responded 200 in 0.7348 ms
[11:00:16 INF] HTTP GET /Biktal.WebMVC.styles.css responded 200 in 0.6448 ms
[11:00:16 INF] HTTP GET /lib/bootstrap/dist/js/bootstrap.bundle.min.js responded 304 in 0.1210 ms
[11:00:16 INF] HTTP GET /lib/jquery-validation/dist/jquery.validate.min.js responded 200 in 4.7484 ms
[11:00:16 INF] HTTP GET /lib/jquery-validation-unobtrusive/dist/jquery.validate.unobtrusive.min.js responded 200 in 4.9986 ms
[11:00:16 INF] HTTP GET /js/site.js responded 304 in 8.4677 ms
[11:00:16 INF] HTTP GET /lib/jquery/dist/jquery.min.js responded 304 in 0.1342 ms
[11:00:20 INF] HTTP GET /Crm/Customer/019f1357-c122-7983-b640-216d22fb3df0 responded 200 in 61.6121 ms
[11:00:20 INF] HTTP GET /lib/bootstrap/dist/css/bootstrap.min.css responded 200 in 1.5032 ms
[11:00:20 INF] HTTP GET /css/site.css responded 200 in 0.6309 ms
[11:00:20 INF] HTTP GET /lib/jquery/dist/jquery.min.js responded 304 in 0.1072 ms
[11:00:20 INF] HTTP GET /Biktal.WebMVC.styles.css responded 200 in 0.5407 ms
[11:00:20 INF] HTTP GET /js/site.js responded 304 in 0.0798 ms
[11:00:20 INF] HTTP GET /lib/bootstrap/dist/js/bootstrap.bundle.min.js responded 304 in 0.1494 ms
[11:00:20 INF] HTTP GET /lib/jquery-validation/dist/jquery.validate.min.js responded 304 in 0.1661 ms
[11:00:20 INF] HTTP GET /lib/jquery-validation-unobtrusive/dist/jquery.validate.unobtrusive.min.js responded 304 in 0.1222 ms
[11:00:27 INF] HTTP GET /Crm/Customers responded 200 in 42.2005 ms
[11:00:27 INF] HTTP GET /lib/bootstrap/dist/css/bootstrap.min.css responded 200 in 1.5856 ms
[11:00:27 INF] HTTP GET /css/site.css responded 200 in 0.6914 ms
[11:00:27 INF] HTTP GET /Biktal.WebMVC.styles.css responded 200 in 3.9675 ms
[11:00:27 INF] HTTP GET /lib/bootstrap/dist/js/bootstrap.bundle.min.js responded 304 in 0.1262 ms
[11:00:27 INF] HTTP GET /lib/jquery/dist/jquery.min.js responded 304 in 0.1334 ms
[11:00:27 INF] HTTP GET /js/site.js responded 304 in 0.1123 ms
[11:00:34 INF] HTTP GET /Crm/Customer/019f1357-c122-7983-b640-216d22fb3df0 responded 200 in 5.4787 ms
[11:00:34 INF] HTTP GET /lib/bootstrap/dist/css/bootstrap.min.css responded 304 in 0.1447 ms
[11:00:34 INF] HTTP GET /css/site.css responded 304 in 0.1457 ms
[11:00:34 INF] HTTP GET /Biktal.WebMVC.styles.css responded 304 in 0.1102 ms
[11:00:34 INF] HTTP GET /lib/jquery/dist/jquery.min.js responded 304 in 0.2210 ms
[11:00:34 INF] HTTP GET /js/site.js responded 304 in 0.1788 ms
[11:00:34 INF] HTTP GET /lib/jquery-validation/dist/jquery.validate.min.js responded 304 in 0.6077 ms
[11:00:34 INF] HTTP GET /lib/bootstrap/dist/js/bootstrap.bundle.min.js responded 304 in 0.2901 ms
[11:00:34 INF] HTTP GET /lib/jquery-validation-unobtrusive/dist/jquery.validate.unobtrusive.min.js responded 304 in 0.1595 ms
[11:00:40 INF] HTTP GET /Crm/Customers responded 200 in 9.9005 ms
[11:00:40 INF] HTTP GET /lib/bootstrap/dist/css/bootstrap.min.css responded 200 in 0.8131 ms
[11:00:40 INF] HTTP GET /css/site.css responded 304 in 0.1433 ms
[11:00:40 INF] HTTP GET /Biktal.WebMVC.styles.css responded 304 in 0.1685 ms
[11:00:40 INF] HTTP GET /lib/jquery/dist/jquery.min.js responded 304 in 0.1355 ms
[11:00:40 INF] HTTP GET /lib/bootstrap/dist/js/bootstrap.bundle.min.js responded 304 in 0.1684 ms
[11:00:40 INF] HTTP GET /js/site.js responded 304 in 0.1679 ms
[11:00:43 INF] HTTP GET /Installments responded 200 in 6.7437 ms
[11:00:43 INF] HTTP GET /lib/bootstrap/dist/css/bootstrap.min.css responded 200 in 1.5103 ms
[11:00:43 INF] HTTP GET /Biktal.WebMVC.styles.css responded 304 in 0.2541 ms
[11:00:43 INF] HTTP GET /lib/jquery/dist/jquery.min.js responded 304 in 0.1469 ms
[11:00:43 INF] HTTP GET /lib/bootstrap/dist/js/bootstrap.bundle.min.js responded 304 in 0.1554 ms
[11:00:43 INF] HTTP GET /js/site.js responded 304 in 0.1837 ms
[11:00:43 INF] HTTP GET /css/site.css responded 304 in 0.1945 ms
[11:21:19 INF] Application is shutting down...
