[09:29:48 WRN] Using an in-memory repository. Keys will not be persisted to storage.
[09:29:48 WRN] Neither user profile nor HKLM registry available. Using an ephemeral key repository. Protected data will be unavailable when application exits.
[09:29:48 WRN] No XML encryptor configured. Key {4b350efc-9ec6-4ec5-a2dd-5f5b70e137a2} may be persisted to storage in unencrypted form.
[09:29:48 INF] Application started. Press Ctrl+C to shut down.
[09:29:48 INF] Hosting environment: Production
[09:29:48 INF] Content root path: D:\Systems\BiktalSystems\publish
[09:29:48 INF] HTTP GET /Account/Login responded 302 in 105.4123 ms
[09:29:49 INF] HTTP GET /Inventory/Products responded 200 in 692.9019 ms
[09:29:49 INF] HTTP GET /css/site.css responded 200 in 51.0998 ms
[09:29:49 INF] HTTP GET /lib/bootstrap/dist/css/bootstrap.min.css responded 200 in 47.0341 ms
[09:29:49 INF] HTTP GET /Biktal.WebMVC.styles.css responded 200 in 54.1939 ms
[09:29:50 INF] HTTP GET /lib/jquery/dist/jquery.min.js responded 200 in 18.3402 ms
[09:29:50 INF] HTTP GET /lib/jquery-validation/dist/jquery.validate.min.js responded 200 in 20.6243 ms
[09:29:50 INF] HTTP GET /lib/bootstrap/dist/js/bootstrap.bundle.min.js responded 200 in 24.6082 ms
[09:29:50 INF] HTTP GET /js/products-catalog-filter.js responded 200 in 33.7362 ms
[09:29:50 INF] HTTP GET /js/site.js responded 200 in 43.0319 ms
[09:29:50 INF] HTTP GET /lib/jquery-validation-unobtrusive/dist/jquery.validate.unobtrusive.min.js responded 200 in 21.9519 ms
[09:31:49 INF] HTTP GET /Insights responded 302 in 21.1881 ms
[09:31:49 INF] HTTP GET /Insights/Daily responded 200 in 499.2969 ms
[09:31:50 INF] HTTP GET /css/site.css responded 200 in 5.9951 ms
[09:31:50 INF] HTTP GET /Biktal.WebMVC.styles.css responded 200 in 13.1016 ms
[09:31:50 INF] HTTP GET /lib/bootstrap/dist/css/bootstrap.min.css responded 200 in 1.3244 ms
[09:31:50 INF] HTTP GET /js/site.js responded 200 in 19.4998 ms
[09:31:50 INF] HTTP GET /lib/jquery/dist/jquery.min.js responded 200 in 211.7758 ms
[09:31:50 INF] HTTP GET /lib/bootstrap/dist/js/bootstrap.bundle.min.js responded 200 in 164.0406 ms
[09:31:54 INF] HTTP GET /Insights/Daily responded 200 in 70.0929 ms
[09:31:54 INF] HTTP GET /lib/bootstrap/dist/css/bootstrap.min.css responded 304 in 3.5511 ms
[09:31:54 INF] HTTP GET /css/site.css responded 304 in 1.1240 ms
[09:31:54 INF] HTTP GET /lib/jquery/dist/jquery.min.js responded 304 in 0.3081 ms
[09:31:54 INF] HTTP GET /lib/bootstrap/dist/js/bootstrap.bundle.min.js responded 304 in 0.1767 ms
[09:31:54 INF] HTTP GET /js/site.js responded 304 in 0.2282 ms
[09:31:54 INF] HTTP GET /Biktal.WebMVC.styles.css responded 304 in 0.2115 ms
[09:32:00 INF] HTTP GET /Insights/Sale responded 200 in 199.2359 ms
[09:32:00 INF] HTTP GET /lib/bootstrap/dist/css/bootstrap.min.css responded 304 in 0.4742 ms
[09:32:00 INF] HTTP GET /Biktal.WebMVC.styles.css responded 304 in 0.2190 ms
[09:32:00 INF] HTTP GET /css/site.css responded 304 in 0.2196 ms
[09:32:00 INF] HTTP GET /lib/jquery/dist/jquery.min.js responded 304 in 0.1866 ms
[09:32:00 INF] HTTP GET /lib/bootstrap/dist/js/bootstrap.bundle.min.js responded 304 in 0.1875 ms
[09:32:00 INF] HTTP GET /js/site.js responded 304 in 0.2371 ms
[09:32:07 INF] HTTP GET /Finance responded 200 in 154.0596 ms
[09:32:07 INF] HTTP GET /lib/bootstrap/dist/css/bootstrap.min.css responded 304 in 0.3573 ms
[09:32:07 INF] HTTP GET /css/site.css responded 304 in 0.4090 ms
[09:32:07 INF] HTTP GET /Biktal.WebMVC.styles.css responded 304 in 0.2590 ms
[09:32:07 INF] HTTP GET /lib/jquery/dist/jquery.min.js responded 304 in 0.3418 ms
[09:32:07 INF] HTTP GET /lib/bootstrap/dist/js/bootstrap.bundle.min.js responded 304 in 0.4977 ms
[09:32:07 INF] HTTP GET /js/site.js responded 304 in 0.4464 ms
[09:32:09 INF] HTTP GET /Finance/Cashbox responded 200 in 615.4436 ms
[09:32:09 INF] HTTP GET /lib/bootstrap/dist/css/bootstrap.min.css responded 304 in 0.9158 ms
[09:32:09 INF] HTTP GET /css/site.css responded 304 in 0.2695 ms
[09:32:09 INF] HTTP GET /Biktal.WebMVC.styles.css responded 304 in 0.1486 ms
[09:32:09 INF] HTTP GET /lib/jquery/dist/jquery.min.js responded 304 in 0.2613 ms
[09:32:09 INF] HTTP GET /js/site.js responded 304 in 0.2213 ms
[09:32:09 INF] HTTP GET /lib/bootstrap/dist/js/bootstrap.bundle.min.js responded 304 in 0.1910 ms
[09:32:09 INF] HTTP GET /lib/jquery-validation-unobtrusive/dist/jquery.validate.unobtrusive.min.js responded 200 in 12.3489 ms
[09:32:09 INF] HTTP GET /lib/jquery-validation/dist/jquery.validate.min.js responded 200 in 23.6351 ms
[09:32:17 INF] HTTP GET /Insights responded 302 in 1.0542 ms
[09:32:17 INF] HTTP GET /Insights/Daily responded 200 in 21.8135 ms
[09:32:17 INF] HTTP GET /lib/bootstrap/dist/css/bootstrap.min.css responded 200 in 1.2828 ms
[09:32:17 INF] HTTP GET /css/site.css responded 304 in 0.2604 ms
[09:32:17 INF] HTTP GET /lib/jquery/dist/jquery.min.js responded 304 in 0.0984 ms
[09:32:17 INF] HTTP GET /lib/bootstrap/dist/js/bootstrap.bundle.min.js responded 304 in 0.2570 ms
[09:32:17 INF] HTTP GET /Biktal.WebMVC.styles.css responded 304 in 0.0881 ms
[09:32:17 INF] HTTP GET /js/site.js responded 304 in 0.1781 ms
[09:32:24 INF] HTTP GET /Insights/Daily responded 200 in 25.1870 ms
[09:32:24 INF] HTTP GET /lib/bootstrap/dist/css/bootstrap.min.css responded 200 in 3.4860 ms
[09:32:24 INF] HTTP GET /css/site.css responded 304 in 0.2299 ms
[09:32:24 INF] HTTP GET /Biktal.WebMVC.styles.css responded 304 in 0.1986 ms
[09:32:24 INF] HTTP GET /lib/jquery/dist/jquery.min.js responded 304 in 0.0837 ms
[09:32:24 INF] HTTP GET /js/site.js responded 304 in 0.0792 ms
[09:32:24 INF] HTTP GET /lib/bootstrap/dist/js/bootstrap.bundle.min.js responded 304 in 0.0812 ms
[09:32:35 INF] HTTP GET /Insights/Sale responded 200 in 7.3605 ms
[09:32:35 INF] HTTP GET /lib/bootstrap/dist/css/bootstrap.min.css responded 304 in 0.2634 ms
[09:32:35 INF] HTTP GET /css/site.css responded 304 in 0.2572 ms
[09:32:35 INF] HTTP GET /Biktal.WebMVC.styles.css responded 304 in 0.1960 ms
[09:32:35 INF] HTTP GET /lib/bootstrap/dist/js/bootstrap.bundle.min.js responded 304 in 0.1457 ms
[09:32:35 INF] HTTP GET /lib/jquery/dist/jquery.min.js responded 304 in 0.1638 ms
[09:32:35 INF] HTTP GET /js/site.js responded 304 in 0.2841 ms
[09:32:44 INF] HTTP GET /Insights/Sale responded 200 in 7.2437 ms
[09:32:44 INF] HTTP GET /lib/bootstrap/dist/css/bootstrap.min.css responded 304 in 0.1949 ms
[09:32:44 INF] HTTP GET /css/site.css responded 304 in 0.2957 ms
[09:32:44 INF] HTTP GET /Biktal.WebMVC.styles.css responded 304 in 0.2158 ms
[09:32:44 INF] HTTP GET /lib/jquery/dist/jquery.min.js responded 304 in 0.2458 ms
[09:32:44 INF] HTTP GET /lib/bootstrap/dist/js/bootstrap.bundle.min.js responded 304 in 0.1369 ms
[09:32:44 INF] HTTP GET /js/site.js responded 304 in 0.1435 ms
[09:32:48 INF] HTTP GET /Insights/Sale responded 200 in 4.8766 ms
[09:32:48 INF] HTTP GET /lib/bootstrap/dist/css/bootstrap.min.css responded 200 in 2.0906 ms
[09:32:48 INF] HTTP GET /css/site.css responded 304 in 0.4940 ms
[09:32:48 INF] HTTP GET /Biktal.WebMVC.styles.css responded 304 in 0.1108 ms
[09:32:48 INF] HTTP GET /lib/jquery/dist/jquery.min.js responded 304 in 0.1205 ms
[09:32:48 INF] HTTP GET /lib/bootstrap/dist/js/bootstrap.bundle.min.js responded 304 in 0.3638 ms
[09:32:48 INF] HTTP GET /js/site.js responded 304 in 0.1307 ms
[09:32:52 INF] HTTP GET /Insights/Sale responded 200 in 6.1532 ms
[09:32:52 INF] HTTP GET /lib/bootstrap/dist/css/bootstrap.min.css responded 304 in 0.1383 ms
[09:32:52 INF] HTTP GET /css/site.css responded 304 in 0.1040 ms
[09:32:52 INF] HTTP GET /Biktal.WebMVC.styles.css responded 304 in 0.1550 ms
[09:32:52 INF] HTTP GET /lib/jquery/dist/jquery.min.js responded 304 in 0.1353 ms
[09:32:52 INF] HTTP GET /lib/bootstrap/dist/js/bootstrap.bundle.min.js responded 304 in 0.1347 ms
[09:32:52 INF] HTTP GET /js/site.js responded 304 in 0.0891 ms
[09:32:58 INF] HTTP GET /Crm responded 200 in 153.8740 ms
[09:32:58 INF] HTTP GET /css/site.css responded 304 in 0.1071 ms
[09:32:58 INF] HTTP GET /lib/jquery/dist/jquery.min.js responded 304 in 0.3369 ms
[09:32:58 INF] HTTP GET /Biktal.WebMVC.styles.css responded 304 in 0.1211 ms
[09:32:58 INF] HTTP GET /lib/bootstrap/dist/js/bootstrap.bundle.min.js responded 304 in 0.1633 ms
[09:32:58 INF] HTTP GET /js/site.js responded 304 in 0.2739 ms
[09:32:58 INF] HTTP GET /lib/bootstrap/dist/css/bootstrap.min.css responded 200 in 10.3212 ms
[09:33:00 INF] HTTP GET /Finance responded 200 in 13.7875 ms
[09:33:00 INF] HTTP GET /lib/bootstrap/dist/css/bootstrap.min.css responded 304 in 0.2329 ms
[09:33:00 INF] HTTP GET /Biktal.WebMVC.styles.css responded 304 in 0.1067 ms
[09:33:00 INF] HTTP GET /css/site.css responded 304 in 0.1073 ms
[09:33:00 INF] HTTP GET /lib/jquery/dist/jquery.min.js responded 304 in 0.1420 ms
[09:33:00 INF] HTTP GET /lib/bootstrap/dist/js/bootstrap.bundle.min.js responded 304 in 0.1831 ms
[09:33:00 INF] HTTP GET /js/site.js responded 304 in 0.1798 ms
[09:33:01 INF] HTTP GET /Finance/Expenses responded 200 in 107.6531 ms
[09:33:01 INF] HTTP GET /lib/bootstrap/dist/css/bootstrap.min.css responded 304 in 0.2495 ms
[09:33:01 INF] HTTP GET /Biktal.WebMVC.styles.css responded 304 in 0.2084 ms
[09:33:01 INF] HTTP GET /lib/jquery/dist/jquery.min.js responded 304 in 0.1268 ms
[09:33:01 INF] HTTP GET /lib/bootstrap/dist/js/bootstrap.bundle.min.js responded 304 in 0.0730 ms
[09:33:01 INF] HTTP GET /js/site.js responded 304 in 0.0704 ms
[09:33:01 INF] HTTP GET /lib/jquery-validation/dist/jquery.validate.min.js responded 304 in 0.0788 ms
[09:33:01 INF] HTTP GET /css/site.css responded 304 in 0.0666 ms
[09:33:01 INF] HTTP GET /lib/jquery-validation-unobtrusive/dist/jquery.validate.unobtrusive.min.js responded 304 in 1.0812 ms
[09:35:48 INF] HTTP GET /Finance responded 200 in 217.2227 ms
[09:35:48 INF] HTTP GET /css/site.css responded 200 in 0.6623 ms
[09:35:48 INF] HTTP GET /Biktal.WebMVC.styles.css responded 200 in 0.4737 ms
[09:35:48 INF] HTTP GET /lib/jquery/dist/jquery.min.js responded 200 in 0.8929 ms
[09:35:48 INF] HTTP GET /lib/bootstrap/dist/js/bootstrap.bundle.min.js responded 200 in 7.4261 ms
[09:35:48 INF] HTTP GET /js/site.js responded 200 in 0.7029 ms
[09:35:48 INF] HTTP GET /lib/bootstrap/dist/css/bootstrap.min.css responded 200 in 0.7513 ms
[09:35:51 INF] HTTP GET /Finance/Cashbox responded 200 in 64.7195 ms
[09:35:51 INF] HTTP GET /css/site.css responded 304 in 0.1120 ms
[09:35:51 INF] HTTP GET /Biktal.WebMVC.styles.css responded 304 in 0.5281 ms
[09:35:51 INF] HTTP GET /lib/bootstrap/dist/css/bootstrap.min.css responded 304 in 0.1043 ms
[09:35:51 INF] HTTP GET /lib/jquery/dist/jquery.min.js responded 304 in 0.0602 ms
[09:35:51 INF] HTTP GET /lib/bootstrap/dist/js/bootstrap.bundle.min.js responded 304 in 0.1075 ms
[09:35:51 INF] HTTP GET /js/site.js responded 304 in 0.1018 ms
[09:35:51 INF] HTTP GET /lib/jquery-validation-unobtrusive/dist/jquery.validate.unobtrusive.min.js responded 200 in 0.5493 ms
[09:35:51 INF] HTTP GET /lib/jquery-validation/dist/jquery.validate.min.js responded 200 in 1.5161 ms
[09:37:06 WRN] The query uses the 'First'/'FirstOrDefault' operator without 'OrderBy' and filter operators. This may lead to unpredictable results.
[09:37:06 INF] HTTP GET / responded 200 in 234.1573 ms
[09:37:06 INF] HTTP GET /Biktal.WebMVC.styles.css responded 304 in 0.1172 ms
[09:37:06 INF] HTTP GET /lib/bootstrap/dist/js/bootstrap.bundle.min.js responded 304 in 0.1267 ms
[09:37:06 INF] HTTP GET /js/site.js responded 304 in 0.1400 ms
[09:37:06 INF] HTTP GET /css/site.css responded 304 in 9.3655 ms
[09:37:06 INF] HTTP GET /lib/jquery/dist/jquery.min.js responded 304 in 0.1189 ms
[09:37:06 INF] HTTP GET /lib/bootstrap/dist/css/bootstrap.min.css responded 200 in 37.1823 ms
[09:37:06 INF] HTTP GET /js/pos.js responded 200 in 25.2449 ms
[09:37:44 INF] HTTP GET /Inventory/Products responded 200 in 254.2067 ms
[09:37:44 INF] HTTP GET /css/site.css responded 200 in 22.3132 ms
[09:37:44 INF] HTTP GET /lib/bootstrap/dist/css/bootstrap.min.css responded 200 in 0.6648 ms
[09:37:44 INF] HTTP GET /Biktal.WebMVC.styles.css responded 200 in 42.5071 ms
[09:37:45 INF] HTTP GET /lib/jquery/dist/jquery.min.js responded 200 in 18.2626 ms
[09:37:45 INF] HTTP GET /js/site.js responded 200 in 24.2425 ms
[09:37:45 INF] HTTP GET /lib/bootstrap/dist/js/bootstrap.bundle.min.js responded 200 in 25.3074 ms
[09:37:45 INF] HTTP GET /lib/jquery-validation-unobtrusive/dist/jquery.validate.unobtrusive.min.js responded 200 in 29.7475 ms
[09:37:45 INF] HTTP GET /lib/jquery-validation/dist/jquery.validate.min.js responded 200 in 38.5823 ms
[09:37:45 INF] HTTP GET /js/products-catalog-filter.js responded 200 in 29.3259 ms
[09:37:50 INF] HTTP GET /Inventory/Products responded 200 in 273.4362 ms
[09:37:51 INF] HTTP GET /css/site.css responded 200 in 1.8108 ms
[09:37:51 INF] HTTP GET /Biktal.WebMVC.styles.css responded 200 in 0.5993 ms
[09:37:51 INF] HTTP GET /lib/bootstrap/dist/css/bootstrap.min.css responded 200 in 0.6353 ms
[09:37:51 INF] HTTP GET /lib/jquery/dist/jquery.min.js responded 200 in 0.6173 ms
[09:37:51 INF] HTTP GET /lib/bootstrap/dist/js/bootstrap.bundle.min.js responded 200 in 1.0426 ms
[09:37:51 INF] HTTP GET /js/site.js responded 200 in 1.5498 ms
[09:37:51 INF] HTTP GET /lib/jquery-validation-unobtrusive/dist/jquery.validate.unobtrusive.min.js responded 200 in 0.5164 ms
[09:37:51 INF] HTTP GET /lib/jquery-validation/dist/jquery.validate.min.js responded 200 in 1.4977 ms
[09:37:51 INF] HTTP GET /js/products-catalog-filter.js responded 200 in 1.8996 ms
[09:37:59 INF] HTTP POST /Inventory/EditProduct responded 302 in 341.6936 ms
[09:37:59 INF] HTTP GET /Inventory/Products responded 200 in 100.3388 ms
[09:37:59 INF] HTTP GET /lib/bootstrap/dist/css/bootstrap.min.css responded 304 in 0.4923 ms
[09:37:59 INF] HTTP GET /css/site.css responded 304 in 0.1424 ms
[09:37:59 INF] HTTP GET /Biktal.WebMVC.styles.css responded 304 in 0.1365 ms
[09:38:00 INF] HTTP GET /lib/jquery/dist/jquery.min.js responded 304 in 0.1033 ms
[09:38:00 INF] HTTP GET /lib/bootstrap/dist/js/bootstrap.bundle.min.js responded 304 in 0.2094 ms
[09:38:00 INF] HTTP GET /js/site.js responded 304 in 0.1134 ms
[09:38:00 INF] HTTP GET /lib/jquery-validation/dist/jquery.validate.min.js responded 304 in 0.0550 ms
[09:38:00 INF] HTTP GET /lib/jquery-validation-unobtrusive/dist/jquery.validate.unobtrusive.min.js responded 304 in 0.1159 ms
[09:38:00 INF] HTTP GET /js/products-catalog-filter.js responded 304 in 0.2473 ms
[09:38:01 INF] HTTP GET / responded 200 in 28.1265 ms
[09:38:01 INF] HTTP GET /lib/bootstrap/dist/css/bootstrap.min.css responded 304 in 0.1351 ms
[09:38:01 INF] HTTP GET /css/site.css responded 304 in 1.2628 ms
[09:38:01 INF] HTTP GET /Biktal.WebMVC.styles.css responded 304 in 0.1218 ms
[09:38:01 INF] HTTP GET /lib/jquery/dist/jquery.min.js responded 304 in 0.1296 ms
[09:38:01 INF] HTTP GET /lib/bootstrap/dist/js/bootstrap.bundle.min.js responded 304 in 0.1157 ms
[09:38:01 INF] HTTP GET /js/site.js responded 304 in 0.0586 ms
[09:38:01 INF] HTTP GET /js/pos.js responded 200 in 1.3825 ms
[09:38:13 INF] HTTP POST /Pos/CompleteSale responded 200 in 1072.7313 ms
[09:38:19 INF] HTTP GET /Insights responded 302 in 0.6458 ms
[09:38:19 INF] HTTP GET /Insights/Daily responded 200 in 20.6267 ms
[09:38:19 INF] HTTP GET /css/site.css responded 304 in 0.1331 ms
[09:38:19 INF] HTTP GET /lib/jquery/dist/jquery.min.js responded 304 in 0.1419 ms
[09:38:19 INF] HTTP GET /lib/bootstrap/dist/js/bootstrap.bundle.min.js responded 304 in 0.2651 ms
[09:38:19 INF] HTTP GET /js/site.js responded 304 in 0.8515 ms
[09:38:19 INF] HTTP GET /Biktal.WebMVC.styles.css responded 304 in 0.1076 ms
[09:38:19 INF] HTTP GET /lib/bootstrap/dist/css/bootstrap.min.css responded 200 in 11.2784 ms
[09:38:25 INF] HTTP GET /Insights/Daily responded 200 in 20.8803 ms
[09:38:25 INF] HTTP GET /lib/bootstrap/dist/css/bootstrap.min.css responded 304 in 0.2013 ms
[09:38:25 INF] HTTP GET /css/site.css responded 304 in 0.1411 ms
[09:38:25 INF] HTTP GET /Biktal.WebMVC.styles.css responded 304 in 0.6092 ms
[09:38:25 INF] HTTP GET /lib/jquery/dist/jquery.min.js responded 304 in 3.6329 ms
[09:38:25 INF] HTTP GET /lib/bootstrap/dist/js/bootstrap.bundle.min.js responded 304 in 0.8091 ms
[09:38:25 INF] HTTP GET /js/site.js responded 304 in 0.1601 ms
[09:38:31 INF] HTTP GET /Insights/Daily responded 200 in 17.1824 ms
[09:38:31 INF] HTTP GET /lib/bootstrap/dist/css/bootstrap.min.css responded 200 in 2.4409 ms
[09:38:31 INF] HTTP GET /css/site.css responded 304 in 0.3415 ms
[09:38:31 INF] HTTP GET /lib/jquery/dist/jquery.min.js responded 304 in 0.1000 ms
[09:38:31 INF] HTTP GET /lib/bootstrap/dist/js/bootstrap.bundle.min.js responded 304 in 0.0865 ms
[09:38:31 INF] HTTP GET /Biktal.WebMVC.styles.css responded 304 in 0.0775 ms
[09:38:31 INF] HTTP GET /js/site.js responded 304 in 0.4361 ms
[09:38:43 INF] HTTP GET /Insights/Sale responded 200 in 7.4123 ms
[09:38:43 INF] HTTP GET /lib/bootstrap/dist/css/bootstrap.min.css responded 200 in 1.0580 ms
[09:38:43 INF] HTTP GET /css/site.css responded 304 in 0.1418 ms
[09:38:43 INF] HTTP GET /Biktal.WebMVC.styles.css responded 304 in 0.1779 ms
[09:38:43 INF] HTTP GET /lib/jquery/dist/jquery.min.js responded 304 in 0.1791 ms
[09:38:43 INF] HTTP GET /lib/bootstrap/dist/js/bootstrap.bundle.min.js responded 304 in 0.1202 ms
[09:38:43 INF] HTTP GET /js/site.js responded 304 in 0.4765 ms
[09:38:58 INF] HTTP GET /Finance responded 200 in 12.2212 ms
[09:38:58 INF] HTTP GET /lib/bootstrap/dist/css/bootstrap.min.css responded 200 in 1.7391 ms
[09:38:58 INF] HTTP GET /lib/jquery/dist/jquery.min.js responded 304 in 0.1977 ms
[09:38:58 INF] HTTP GET /Biktal.WebMVC.styles.css responded 304 in 1.1696 ms
[09:38:58 INF] HTTP GET /css/site.css responded 304 in 1.5680 ms
[09:38:58 INF] HTTP GET /lib/bootstrap/dist/js/bootstrap.bundle.min.js responded 304 in 0.1824 ms
[09:38:58 INF] HTTP GET /js/site.js responded 304 in 0.3733 ms
[09:39:00 INF] HTTP GET /Finance/Cashbox responded 200 in 25.9175 ms
[09:39:00 INF] HTTP GET /lib/bootstrap/dist/css/bootstrap.min.css responded 304 in 0.1601 ms
[09:39:00 INF] HTTP GET /css/site.css responded 304 in 0.1106 ms
[09:39:00 INF] HTTP GET /Biktal.WebMVC.styles.css responded 304 in 0.2078 ms
[09:39:00 INF] HTTP GET /lib/bootstrap/dist/js/bootstrap.bundle.min.js responded 304 in 0.0985 ms
[09:39:00 INF] HTTP GET /js/site.js responded 304 in 0.0749 ms
[09:39:00 INF] HTTP GET /lib/jquery/dist/jquery.min.js responded 304 in 0.1536 ms
[09:39:00 INF] HTTP GET /lib/jquery-validation-unobtrusive/dist/jquery.validate.unobtrusive.min.js responded 304 in 0.3194 ms
[09:39:00 INF] HTTP GET /lib/jquery-validation/dist/jquery.validate.min.js responded 304 in 0.3467 ms
[09:41:00 INF] HTTP GET /Insights responded 302 in 0.4295 ms
[09:41:00 INF] HTTP GET /Insights/Daily responded 200 in 334.9381 ms
[09:41:01 INF] HTTP GET /lib/bootstrap/dist/css/bootstrap.min.css responded 200 in 0.8149 ms
[09:41:01 INF] HTTP GET /css/site.css responded 200 in 0.5799 ms
[09:41:01 INF] HTTP GET /Biktal.WebMVC.styles.css responded 200 in 14.1351 ms
[09:41:01 INF] HTTP GET /lib/jquery/dist/jquery.min.js responded 200 in 13.8026 ms
[09:41:01 INF] HTTP GET /lib/bootstrap/dist/js/bootstrap.bundle.min.js responded 200 in 0.6189 ms
[09:41:01 INF] HTTP GET /js/site.js responded 200 in 0.5534 ms
[09:41:06 INF] HTTP GET /Insights/Daily responded 200 in 19.6700 ms
[09:41:06 INF] HTTP GET /css/site.css responded 304 in 0.1151 ms
[09:41:06 INF] HTTP GET /Biktal.WebMVC.styles.css responded 304 in 0.1090 ms
[09:41:06 INF] HTTP GET /lib/bootstrap/dist/js/bootstrap.bundle.min.js responded 304 in 0.0884 ms
[09:41:06 INF] HTTP GET /lib/bootstrap/dist/css/bootstrap.min.css responded 304 in 0.5120 ms
[09:41:06 INF] HTTP GET /js/site.js responded 304 in 0.1034 ms
[09:41:06 INF] HTTP GET /lib/jquery/dist/jquery.min.js responded 304 in 0.0683 ms
[09:41:10 INF] HTTP GET /Insights/Sale responded 200 in 6.4230 ms
[09:41:10 INF] HTTP GET /css/site.css responded 304 in 0.4778 ms
[09:41:10 INF] HTTP GET /lib/jquery/dist/jquery.min.js responded 304 in 0.1454 ms
[09:41:10 INF] HTTP GET /lib/bootstrap/dist/js/bootstrap.bundle.min.js responded 304 in 0.1090 ms
[09:41:10 INF] HTTP GET /js/site.js responded 304 in 0.1145 ms
[09:41:10 INF] HTTP GET /Biktal.WebMVC.styles.css responded 304 in 0.0474 ms
[09:41:10 INF] HTTP GET /lib/bootstrap/dist/css/bootstrap.min.css responded 200 in 62.2075 ms
[09:41:44 INF] HTTP GET /Inventory/Products responded 200 in 131.8220 ms
[09:41:44 INF] HTTP GET /css/site.css responded 304 in 0.1183 ms
[09:41:44 INF] HTTP GET /lib/bootstrap/dist/css/bootstrap.min.css responded 200 in 1.1439 ms
[09:41:44 INF] HTTP GET /Biktal.WebMVC.styles.css responded 304 in 0.6457 ms
[09:41:45 INF] HTTP GET /lib/jquery/dist/jquery.min.js responded 200 in 0.4996 ms
[09:41:45 INF] HTTP GET /js/site.js responded 200 in 0.4752 ms
[09:41:45 INF] HTTP GET /lib/bootstrap/dist/js/bootstrap.bundle.min.js responded 200 in 0.7549 ms
[09:41:45 INF] HTTP GET /lib/jquery-validation/dist/jquery.validate.min.js responded 200 in 0.4490 ms
[09:41:45 INF] HTTP GET /lib/jquery-validation-unobtrusive/dist/jquery.validate.unobtrusive.min.js responded 200 in 5.2282 ms
[09:41:45 INF] HTTP GET /js/products-catalog-filter.js responded 200 in 0.5363 ms
[09:43:00 INF] HTTP POST /Inventory/AddProduct responded 302 in 71.6851 ms
[09:43:00 INF] HTTP GET /Inventory/Products responded 200 in 96.6265 ms
[09:43:00 INF] HTTP GET /css/site.css responded 200 in 0.6735 ms
[09:43:00 INF] HTTP GET /Biktal.WebMVC.styles.css responded 200 in 0.4420 ms
[09:43:00 INF] HTTP GET /lib/bootstrap/dist/css/bootstrap.min.css responded 200 in 0.9236 ms
[09:43:01 INF] HTTP GET /lib/jquery/dist/jquery.min.js responded 200 in 0.4769 ms
[09:43:01 INF] HTTP GET /js/site.js responded 200 in 0.8641 ms
[09:43:01 INF] HTTP GET /lib/jquery-validation-unobtrusive/dist/jquery.validate.unobtrusive.min.js responded 200 in 0.4413 ms
[09:43:01 INF] HTTP GET /lib/bootstrap/dist/js/bootstrap.bundle.min.js responded 200 in 0.6491 ms
[09:43:01 INF] HTTP GET /lib/jquery-validation/dist/jquery.validate.min.js responded 200 in 0.6119 ms
[09:43:01 INF] HTTP GET /js/products-catalog-filter.js responded 200 in 0.6406 ms
[09:43:01 INF] HTTP GET / responded 200 in 38.9369 ms
[09:43:02 INF] HTTP GET /lib/bootstrap/dist/css/bootstrap.min.css responded 304 in 0.1455 ms
[09:43:02 INF] HTTP GET /css/site.css responded 304 in 0.1030 ms
[09:43:02 INF] HTTP GET /lib/bootstrap/dist/js/bootstrap.bundle.min.js responded 304 in 0.0795 ms
[09:43:02 INF] HTTP GET /Biktal.WebMVC.styles.css responded 304 in 0.0559 ms
[09:43:02 INF] HTTP GET /lib/jquery/dist/jquery.min.js responded 304 in 0.1396 ms
[09:43:02 INF] HTTP GET /js/site.js responded 304 in 0.0787 ms
[09:43:02 INF] HTTP GET /js/pos.js responded 200 in 0.7002 ms
[09:43:20 INF] HTTP POST /Pos/CompleteSale responded 200 in 109.0200 ms
[09:43:31 INF] HTTP GET /Inventory/Products responded 200 in 86.6602 ms
[09:43:31 INF] HTTP GET /css/site.css responded 304 in 0.2724 ms
[09:43:31 INF] HTTP GET /lib/bootstrap/dist/css/bootstrap.min.css responded 200 in 1.0900 ms
[09:43:31 INF] HTTP GET /Biktal.WebMVC.styles.css responded 304 in 0.1414 ms
[09:43:32 INF] HTTP GET /lib/jquery/dist/jquery.min.js responded 304 in 0.0847 ms
[09:43:32 INF] HTTP GET /lib/bootstrap/dist/js/bootstrap.bundle.min.js responded 304 in 0.1238 ms
[09:43:32 INF] HTTP GET /js/site.js responded 304 in 0.1246 ms
[09:43:32 INF] HTTP GET /lib/jquery-validation/dist/jquery.validate.min.js responded 304 in 0.1343 ms
[09:43:32 INF] HTTP GET /lib/jquery-validation-unobtrusive/dist/jquery.validate.unobtrusive.min.js responded 304 in 0.3482 ms
[09:43:32 INF] HTTP GET /js/products-catalog-filter.js responded 304 in 0.1830 ms
[09:43:36 INF] HTTP GET /Crm responded 200 in 34.0623 ms
[09:43:36 INF] HTTP GET /lib/bootstrap/dist/css/bootstrap.min.css responded 304 in 0.1303 ms
[09:43:36 INF] HTTP GET /css/site.css responded 304 in 0.1563 ms
[09:43:36 INF] HTTP GET /Biktal.WebMVC.styles.css responded 304 in 0.0663 ms
[09:43:36 INF] HTTP GET /lib/jquery/dist/jquery.min.js responded 304 in 0.0570 ms
[09:43:36 INF] HTTP GET /lib/bootstrap/dist/js/bootstrap.bundle.min.js responded 304 in 0.0482 ms
[09:43:36 INF] HTTP GET /js/site.js responded 304 in 0.0473 ms
[09:43:38 INF] HTTP GET /Installments responded 200 in 149.4864 ms
[09:43:38 INF] HTTP GET /lib/bootstrap/dist/css/bootstrap.min.css responded 304 in 0.2259 ms
[09:43:38 INF] HTTP GET /Biktal.WebMVC.styles.css responded 304 in 0.0895 ms
[09:43:38 INF] HTTP GET /css/site.css responded 304 in 0.0567 ms
[09:43:38 INF] HTTP GET /lib/jquery/dist/jquery.min.js responded 304 in 0.1978 ms
[09:43:38 INF] HTTP GET /lib/bootstrap/dist/js/bootstrap.bundle.min.js responded 304 in 0.1181 ms
[09:43:38 INF] HTTP GET /js/site.js responded 304 in 0.1139 ms
[09:44:16 WRN] Compiling a query which loads related collections for more than one collection navigation, either via 'Include' or through projection, but no 'QuerySplittingBehavior' has been configured. By default, Entity Framework will use 'QuerySplittingBehavior.SingleQuery', which can potentially result in slow query performance. See https://go.microsoft.com/fwlink/?linkid=2134277 for more information. To identify the query that's triggering this warning call 'ConfigureWarnings(w => w.Throw(RelationalEventId.MultipleCollectionIncludeWarning))'.
[09:44:16 INF] HTTP GET /Installments/Detail/fc63813b-0845-44b9-8bbb-51151b560476 responded 200 in 270.1743 ms
[09:44:16 INF] HTTP GET /lib/bootstrap/dist/css/bootstrap.min.css responded 200 in 3.1894 ms
[09:44:16 INF] HTTP GET /css/site.css responded 200 in 1.1065 ms
[09:44:16 INF] HTTP GET /Biktal.WebMVC.styles.css responded 200 in 0.9237 ms
[09:44:16 INF] HTTP GET /lib/jquery/dist/jquery.min.js responded 200 in 1.5609 ms
[09:44:16 INF] HTTP GET /lib/bootstrap/dist/js/bootstrap.bundle.min.js responded 200 in 0.4846 ms
[09:44:16 INF] HTTP GET /lib/jquery-validation-unobtrusive/dist/jquery.validate.unobtrusive.min.js responded 200 in 0.3957 ms
[09:44:16 INF] HTTP GET /lib/jquery-validation/dist/jquery.validate.min.js responded 200 in 0.4954 ms
[09:44:16 INF] HTTP GET /js/site.js responded 200 in 0.6000 ms
[09:45:38 INF] HTTP GET /Finance responded 200 in 23.0185 ms
[09:45:38 INF] HTTP GET /lib/bootstrap/dist/css/bootstrap.min.css responded 200 in 0.7811 ms
[09:45:38 INF] HTTP GET /css/site.css responded 200 in 0.4315 ms
[09:45:38 INF] HTTP GET /Biktal.WebMVC.styles.css responded 200 in 0.5515 ms
[09:45:38 INF] HTTP GET /lib/bootstrap/dist/js/bootstrap.bundle.min.js responded 200 in 0.5373 ms
[09:45:38 INF] HTTP GET /lib/jquery/dist/jquery.min.js responded 200 in 0.5748 ms
[09:45:38 INF] HTTP GET /js/site.js responded 200 in 0.5940 ms
[09:45:39 INF] HTTP GET /Finance/Cashbox responded 200 in 28.9860 ms
[09:45:40 INF] HTTP GET /lib/bootstrap/dist/css/bootstrap.min.css responded 200 in 4.7502 ms
[09:45:40 INF] HTTP GET /css/site.css responded 200 in 1.4267 ms
[09:45:40 INF] HTTP GET /Biktal.WebMVC.styles.css responded 200 in 3.0145 ms
[09:45:40 INF] HTTP GET /lib/jquery/dist/jquery.min.js responded 200 in 4.8980 ms
[09:45:40 INF] HTTP GET /lib/bootstrap/dist/js/bootstrap.bundle.min.js responded 200 in 1.0042 ms
[09:45:40 INF] HTTP GET /js/site.js responded 200 in 5.3186 ms
[09:45:40 INF] HTTP GET /lib/jquery-validation-unobtrusive/dist/jquery.validate.unobtrusive.min.js responded 200 in 0.4669 ms
[09:45:40 INF] HTTP GET /lib/jquery-validation/dist/jquery.validate.min.js responded 200 in 0.3426 ms
[09:45:51 INF] HTTP GET /Insights responded 302 in 0.3499 ms
[09:45:51 INF] HTTP GET /Insights/Daily responded 200 in 18.0318 ms
[09:45:52 INF] HTTP GET /lib/jquery/dist/jquery.min.js responded 304 in 0.1087 ms
[09:45:52 INF] HTTP GET /lib/bootstrap/dist/js/bootstrap.bundle.min.js responded 304 in 0.0766 ms
[09:45:52 INF] HTTP GET /js/site.js responded 304 in 0.1004 ms
[09:45:52 INF] HTTP GET /css/site.css responded 200 in 1.2547 ms
[09:45:52 INF] HTTP GET /Biktal.WebMVC.styles.css responded 200 in 0.4172 ms
[09:45:52 INF] HTTP GET /lib/bootstrap/dist/css/bootstrap.min.css responded 200 in 0.6269 ms
[09:45:58 INF] HTTP GET /Finance responded 200 in 6.4666 ms
[09:45:58 INF] HTTP GET /lib/bootstrap/dist/css/bootstrap.min.css responded 304 in 0.1565 ms
[09:45:58 INF] HTTP GET /css/site.css responded 304 in 0.1180 ms
[09:45:58 INF] HTTP GET /Biktal.WebMVC.styles.css responded 304 in 0.1507 ms
[09:45:58 INF] HTTP GET /lib/jquery/dist/jquery.min.js responded 304 in 0.1421 ms
[09:45:58 INF] HTTP GET /lib/bootstrap/dist/js/bootstrap.bundle.min.js responded 304 in 0.1631 ms
[09:45:58 INF] HTTP GET /js/site.js responded 304 in 0.1450 ms
[09:46:00 INF] HTTP GET /Finance/Cashbox responded 200 in 22.6852 ms
[09:46:00 INF] HTTP GET /lib/bootstrap/dist/css/bootstrap.min.css responded 304 in 0.1134 ms
[09:46:00 INF] HTTP GET /css/site.css responded 304 in 0.1743 ms
[09:46:00 INF] HTTP GET /Biktal.WebMVC.styles.css responded 304 in 0.1469 ms
[09:46:00 INF] HTTP GET /lib/jquery/dist/jquery.min.js responded 304 in 0.1180 ms
[09:46:00 INF] HTTP GET /lib/bootstrap/dist/js/bootstrap.bundle.min.js responded 304 in 0.3828 ms
[09:46:00 INF] HTTP GET /js/site.js responded 304 in 0.0713 ms
[09:46:00 INF] HTTP GET /lib/jquery-validation/dist/jquery.validate.min.js responded 304 in 0.1591 ms
[09:46:00 INF] HTTP GET /lib/jquery-validation-unobtrusive/dist/jquery.validate.unobtrusive.min.js responded 304 in 0.1153 ms
[09:46:07 INF] HTTP GET /Finance/Cashbox responded 200 in 343.4025 ms
[09:46:07 INF] HTTP GET /lib/bootstrap/dist/css/bootstrap.min.css responded 304 in 0.1919 ms
[09:46:07 INF] HTTP GET /css/site.css responded 304 in 1.7776 ms
[09:46:07 INF] HTTP GET /Biktal.WebMVC.styles.css responded 304 in 0.1361 ms
[09:46:07 INF] HTTP GET /lib/jquery/dist/jquery.min.js responded 304 in 0.1293 ms
[09:46:07 INF] HTTP GET /lib/bootstrap/dist/js/bootstrap.bundle.min.js responded 304 in 0.1275 ms
[09:46:07 INF] HTTP GET /js/site.js responded 304 in 0.2139 ms
[09:46:07 INF] HTTP GET /lib/jquery-validation/dist/jquery.validate.min.js responded 304 in 0.1722 ms
[09:46:07 INF] HTTP GET /lib/jquery-validation-unobtrusive/dist/jquery.validate.unobtrusive.min.js responded 304 in 0.1130 ms
[09:46:07 INF] HTTP GET /favicon.ico responded 200 in 27.2859 ms
[09:50:19 INF] HTTP GET /Insights responded 302 in 1.2174 ms
[09:50:19 INF] HTTP GET /Insights/Daily responded 200 in 54.2556 ms
[09:50:20 INF] HTTP GET /css/site.css responded 200 in 0.6162 ms
[09:50:20 INF] HTTP GET /lib/bootstrap/dist/css/bootstrap.min.css responded 200 in 0.5841 ms
[09:50:20 INF] HTTP GET /Biktal.WebMVC.styles.css responded 200 in 0.5516 ms
[09:50:20 INF] HTTP GET /lib/jquery/dist/jquery.min.js responded 200 in 2.0633 ms
[09:50:20 INF] HTTP GET /lib/bootstrap/dist/js/bootstrap.bundle.min.js responded 200 in 11.9059 ms
[09:50:20 INF] HTTP GET /js/site.js responded 200 in 0.6244 ms
[09:50:28 INF] HTTP GET /Insights/Daily responded 200 in 17.4151 ms
[09:50:29 INF] HTTP GET /lib/bootstrap/dist/css/bootstrap.min.css responded 200 in 2.0173 ms
[09:50:29 INF] HTTP GET /Biktal.WebMVC.styles.css responded 200 in 1.7875 ms
[09:50:29 INF] HTTP GET /css/site.css responded 200 in 0.4702 ms
[09:50:29 INF] HTTP GET /lib/bootstrap/dist/js/bootstrap.bundle.min.js responded 200 in 0.9179 ms
[09:50:29 INF] HTTP GET /js/site.js responded 200 in 0.7910 ms
[09:50:29 INF] HTTP GET /lib/jquery/dist/jquery.min.js responded 200 in 0.6848 ms
[09:50:35 INF] HTTP GET /Insights/Daily responded 200 in 19.5405 ms
[09:50:35 INF] HTTP GET /css/site.css responded 304 in 0.1065 ms
[09:50:35 INF] HTTP GET /Biktal.WebMVC.styles.css responded 304 in 0.0709 ms
[09:50:35 INF] HTTP GET /lib/jquery/dist/jquery.min.js responded 304 in 0.0715 ms
[09:50:35 INF] HTTP GET /lib/bootstrap/dist/js/bootstrap.bundle.min.js responded 304 in 0.0578 ms
[09:50:35 INF] HTTP GET /js/site.js responded 304 in 0.0674 ms
[09:50:35 INF] HTTP GET /lib/bootstrap/dist/css/bootstrap.min.css responded 304 in 0.0481 ms
[09:50:48 INF] HTTP GET /Insights/Sale responded 200 in 5.7039 ms
[09:50:48 INF] HTTP GET /lib/bootstrap/dist/css/bootstrap.min.css responded 200 in 2.4470 ms
[09:50:48 INF] HTTP GET /Biktal.WebMVC.styles.css responded 304 in 0.1105 ms
[09:50:48 INF] HTTP GET /css/site.css responded 304 in 0.1125 ms
[09:50:48 INF] HTTP GET /lib/bootstrap/dist/js/bootstrap.bundle.min.js responded 304 in 1.0141 ms
[09:50:48 INF] HTTP GET /lib/jquery/dist/jquery.min.js responded 304 in 0.1269 ms
[09:50:48 INF] HTTP GET /js/site.js responded 304 in 2.5969 ms
[09:50:56 INF] HTTP GET /Finance responded 200 in 15.8888 ms
[09:50:56 INF] HTTP GET /lib/bootstrap/dist/css/bootstrap.min.css responded 200 in 1.4656 ms
[09:50:56 INF] HTTP GET /Biktal.WebMVC.styles.css responded 304 in 0.1252 ms
[09:50:56 INF] HTTP GET /lib/jquery/dist/jquery.min.js responded 304 in 0.1002 ms
[09:50:56 INF] HTTP GET /css/site.css responded 304 in 0.0782 ms
[09:50:56 INF] HTTP GET /js/site.js responded 304 in 0.6587 ms
[09:50:56 INF] HTTP GET /lib/bootstrap/dist/js/bootstrap.bundle.min.js responded 304 in 0.1066 ms
[09:50:57 INF] HTTP GET /Finance/Cashbox responded 200 in 20.3251 ms
[09:50:58 INF] HTTP GET /lib/bootstrap/dist/css/bootstrap.min.css responded 304 in 0.1204 ms
[09:50:58 INF] HTTP GET /css/site.css responded 304 in 0.1082 ms
[09:50:58 INF] HTTP GET /Biktal.WebMVC.styles.css responded 304 in 0.1470 ms
[09:50:58 INF] HTTP GET /lib/jquery/dist/jquery.min.js responded 304 in 0.1100 ms
[09:50:58 INF] HTTP GET /lib/bootstrap/dist/js/bootstrap.bundle.min.js responded 304 in 0.1135 ms
[09:50:58 INF] HTTP GET /js/site.js responded 304 in 0.1148 ms
[09:50:58 INF] HTTP GET /lib/jquery-validation/dist/jquery.validate.min.js responded 200 in 1.0540 ms
[09:50:58 INF] HTTP GET /lib/jquery-validation-unobtrusive/dist/jquery.validate.unobtrusive.min.js responded 200 in 1.0241 ms
[09:51:10 INF] HTTP GET /Insights responded 302 in 2.4200 ms
[09:51:10 INF] HTTP GET /Insights/Daily responded 200 in 157.3056 ms
[09:51:10 INF] HTTP GET /css/site.css responded 304 in 0.1162 ms
[09:51:10 INF] HTTP GET /lib/jquery/dist/jquery.min.js responded 304 in 0.0678 ms
[09:51:10 INF] HTTP GET /lib/bootstrap/dist/js/bootstrap.bundle.min.js responded 304 in 0.0583 ms
[09:51:10 INF] HTTP GET /js/site.js responded 304 in 0.0477 ms
[09:51:10 INF] HTTP GET /lib/bootstrap/dist/css/bootstrap.min.css responded 200 in 1.4790 ms
[09:51:10 INF] HTTP GET /Biktal.WebMVC.styles.css responded 304 in 0.1029 ms
[09:51:16 INF] HTTP GET /Insights/Daily responded 200 in 16.7520 ms
[09:51:17 INF] HTTP GET /lib/bootstrap/dist/css/bootstrap.min.css responded 304 in 7.7788 ms
[09:51:17 INF] HTTP GET /css/site.css responded 304 in 0.1704 ms
[09:51:17 INF] HTTP GET /Biktal.WebMVC.styles.css responded 304 in 0.0780 ms
[09:51:17 INF] HTTP GET /lib/jquery/dist/jquery.min.js responded 304 in 0.0695 ms
[09:51:17 INF] HTTP GET /lib/bootstrap/dist/js/bootstrap.bundle.min.js responded 304 in 0.0606 ms
[09:51:17 INF] HTTP GET /js/site.js responded 304 in 0.0533 ms
[09:51:20 INF] HTTP GET /Insights/Sale responded 200 in 3.8759 ms
[09:51:20 INF] HTTP GET /lib/bootstrap/dist/css/bootstrap.min.css responded 200 in 3.4607 ms
[09:51:20 INF] HTTP GET /css/site.css responded 304 in 0.1280 ms
[09:51:20 INF] HTTP GET /Biktal.WebMVC.styles.css responded 304 in 0.0864 ms
[09:51:20 INF] HTTP GET /lib/bootstrap/dist/js/bootstrap.bundle.min.js responded 304 in 0.1442 ms
[09:51:20 INF] HTTP GET /js/site.js responded 304 in 0.0915 ms
[09:51:20 INF] HTTP GET /lib/jquery/dist/jquery.min.js responded 304 in 0.0795 ms
[10:11:31 INF] Application is shutting down...
