[20:59:22 ERR] Failed executing DbCommand (11ms) [Parameters=[@p0='?' (DbType = Guid), @p1='?' (DbType = DateTime), @p2='?' (DbType = Guid), @p3='?', @p4='?' (DbType = DateTime), @p5='?' (DbType = Int32), @p6='?' (DbType = Int32), @p7='?', @p8='?', @p9='?' (DbType = Guid), @p10='?' (DbType = DateTime), @p11='?' (DbType = Guid), @p12='?', @p13='?' (DbType = DateTime), @p14='?' (DbType = Int32), @p15='?' (DbType = Int32), @p16='?', @p17='?'], CommandType='Text', CommandTimeout='30']
INSERT INTO "CrmSupportTickets" ("Id", "CreatedAtUtc", "CustomerId", "Description", "ModifiedAtUtc", "Priority", "Status", "Subject", "TicketNumber")
VALUES (@p0, @p1, @p2, @p3, @p4, @p5, @p6, @p7, @p8);
INSERT INTO "CrmSupportTickets" ("Id", "CreatedAtUtc", "CustomerId", "Description", "ModifiedAtUtc", "Priority", "Status", "Subject", "TicketNumber")
VALUES (@p9, @p10, @p11, @p12, @p13, @p14, @p15, @p16, @p17);
[20:59:22 ERR] An exception occurred in the database while saving changes for context type 'Biktal.Infrastructure.Persistence.ApplicationDbContext'.
Microsoft.EntityFrameworkCore.DbUpdateException: An error occurred while saving the entity changes. See the inner exception for details.
 ---> Npgsql.PostgresException (0x80004005): 23503: insert or update on table "CrmSupportTickets" violates foreign key constraint "FK_CrmSupportTickets_CrmCustomers_CustomerId"

DETAIL: Detail redacted as it may contain sensitive data. Specify 'Include Error Detail' in the connection string to include this information.
   at Npgsql.Internal.NpgsqlConnector.ReadMessageLong(Boolean async, DataRowLoadingMode dataRowLoadingMode, Boolean readingNotifications, Boolean isReadingPrependedMessage)
   at System.Runtime.CompilerServices.PoolingAsyncValueTaskMethodBuilder`1.StateMachineBox`1.System.Threading.Tasks.Sources.IValueTaskSource<TResult>.GetResult(Int16 token)
   at Npgsql.NpgsqlDataReader.NextResult(Boolean async, Boolean isConsuming, CancellationToken cancellationToken)
   at Npgsql.NpgsqlDataReader.NextResult(Boolean async, Boolean isConsuming, CancellationToken cancellationToken)
   at Npgsql.NpgsqlCommand.ExecuteReader(Boolean async, CommandBehavior behavior, CancellationToken cancellationToken)
   at Npgsql.NpgsqlCommand.ExecuteReader(Boolean async, CommandBehavior behavior, CancellationToken cancellationToken)
   at Npgsql.NpgsqlCommand.ExecuteDbDataReaderAsync(CommandBehavior behavior, CancellationToken cancellationToken)
   at Microsoft.EntityFrameworkCore.Storage.RelationalCommand.ExecuteReaderAsync(RelationalCommandParameterObject parameterObject, CancellationToken cancellationToken)
   at Microsoft.EntityFrameworkCore.Storage.RelationalCommand.ExecuteReaderAsync(RelationalCommandParameterObject parameterObject, CancellationToken cancellationToken)
   at Microsoft.EntityFrameworkCore.Update.ReaderModificationCommandBatch.ExecuteAsync(IRelationalConnection connection, CancellationToken cancellationToken)
  Exception data:
    Severity: ERROR
    SqlState: 23503
    MessageText: insert or update on table "CrmSupportTickets" violates foreign key constraint "FK_CrmSupportTickets_CrmCustomers_CustomerId"
    Detail: Detail redacted as it may contain sensitive data. Specify 'Include Error Detail' in the connection string to include this information.
    SchemaName: public
    TableName: CrmSupportTickets
    ConstraintName: FK_CrmSupportTickets_CrmCustomers_CustomerId
    File: ri_triggers.c
    Line: 2783
    Routine: ri_ReportViolation
   --- End of inner exception stack trace ---
   at Microsoft.EntityFrameworkCore.Update.ReaderModificationCommandBatch.ExecuteAsync(IRelationalConnection connection, CancellationToken cancellationToken)
   at Microsoft.EntityFrameworkCore.Update.Internal.BatchExecutor.ExecuteAsync(IEnumerable`1 commandBatches, IRelationalConnection connection, CancellationToken cancellationToken)
   at Microsoft.EntityFrameworkCore.Update.Internal.BatchExecutor.ExecuteAsync(IEnumerable`1 commandBatches, IRelationalConnection connection, CancellationToken cancellationToken)
   at Microsoft.EntityFrameworkCore.Update.Internal.BatchExecutor.ExecuteAsync(IEnumerable`1 commandBatches, IRelationalConnection connection, CancellationToken cancellationToken)
   at Microsoft.EntityFrameworkCore.Storage.RelationalDatabase.SaveChangesAsync(IList`1 entries, CancellationToken cancellationToken)
   at Microsoft.EntityFrameworkCore.ChangeTracking.Internal.StateManager.SaveChangesAsync(IList`1 entriesToSave, CancellationToken cancellationToken)
   at Microsoft.EntityFrameworkCore.ChangeTracking.Internal.StateManager.SaveChangesAsync(StateManager stateManager, Boolean acceptAllChangesOnSuccess, CancellationToken cancellationToken)
   at Npgsql.EntityFrameworkCore.PostgreSQL.Storage.Internal.NpgsqlExecutionStrategy.ExecuteAsync[TState,TResult](TState state, Func`4 operation, Func`4 verifySucceeded, CancellationToken cancellationToken)
   at Microsoft.EntityFrameworkCore.DbContext.SaveChangesAsync(Boolean acceptAllChangesOnSuccess, CancellationToken cancellationToken)
Microsoft.EntityFrameworkCore.DbUpdateException: An error occurred while saving the entity changes. See the inner exception for details.
 ---> Npgsql.PostgresException (0x80004005): 23503: insert or update on table "CrmSupportTickets" violates foreign key constraint "FK_CrmSupportTickets_CrmCustomers_CustomerId"

DETAIL: Detail redacted as it may contain sensitive data. Specify 'Include Error Detail' in the connection string to include this information.
   at Npgsql.Internal.NpgsqlConnector.ReadMessageLong(Boolean async, DataRowLoadingMode dataRowLoadingMode, Boolean readingNotifications, Boolean isReadingPrependedMessage)
   at System.Runtime.CompilerServices.PoolingAsyncValueTaskMethodBuilder`1.StateMachineBox`1.System.Threading.Tasks.Sources.IValueTaskSource<TResult>.GetResult(Int16 token)
   at Npgsql.NpgsqlDataReader.NextResult(Boolean async, Boolean isConsuming, CancellationToken cancellationToken)
   at Npgsql.NpgsqlDataReader.NextResult(Boolean async, Boolean isConsuming, CancellationToken cancellationToken)
   at Npgsql.NpgsqlCommand.ExecuteReader(Boolean async, CommandBehavior behavior, CancellationToken cancellationToken)
   at Npgsql.NpgsqlCommand.ExecuteReader(Boolean async, CommandBehavior behavior, CancellationToken cancellationToken)
   at Npgsql.NpgsqlCommand.ExecuteDbDataReaderAsync(CommandBehavior behavior, CancellationToken cancellationToken)
   at Microsoft.EntityFrameworkCore.Storage.RelationalCommand.ExecuteReaderAsync(RelationalCommandParameterObject parameterObject, CancellationToken cancellationToken)
   at Microsoft.EntityFrameworkCore.Storage.RelationalCommand.ExecuteReaderAsync(RelationalCommandParameterObject parameterObject, CancellationToken cancellationToken)
   at Microsoft.EntityFrameworkCore.Update.ReaderModificationCommandBatch.ExecuteAsync(IRelationalConnection connection, CancellationToken cancellationToken)
  Exception data:
    Severity: ERROR
    SqlState: 23503
    MessageText: insert or update on table "CrmSupportTickets" violates foreign key constraint "FK_CrmSupportTickets_CrmCustomers_CustomerId"
    Detail: Detail redacted as it may contain sensitive data. Specify 'Include Error Detail' in the connection string to include this information.
    SchemaName: public
    TableName: CrmSupportTickets
    ConstraintName: FK_CrmSupportTickets_CrmCustomers_CustomerId
    File: ri_triggers.c
    Line: 2783
    Routine: ri_ReportViolation
   --- End of inner exception stack trace ---
   at Microsoft.EntityFrameworkCore.Update.ReaderModificationCommandBatch.ExecuteAsync(IRelationalConnection connection, CancellationToken cancellationToken)
   at Microsoft.EntityFrameworkCore.Update.Internal.BatchExecutor.ExecuteAsync(IEnumerable`1 commandBatches, IRelationalConnection connection, CancellationToken cancellationToken)
   at Microsoft.EntityFrameworkCore.Update.Internal.BatchExecutor.ExecuteAsync(IEnumerable`1 commandBatches, IRelationalConnection connection, CancellationToken cancellationToken)
   at Microsoft.EntityFrameworkCore.Update.Internal.BatchExecutor.ExecuteAsync(IEnumerable`1 commandBatches, IRelationalConnection connection, CancellationToken cancellationToken)
   at Microsoft.EntityFrameworkCore.Storage.RelationalDatabase.SaveChangesAsync(IList`1 entries, CancellationToken cancellationToken)
   at Microsoft.EntityFrameworkCore.ChangeTracking.Internal.StateManager.SaveChangesAsync(IList`1 entriesToSave, CancellationToken cancellationToken)
   at Microsoft.EntityFrameworkCore.ChangeTracking.Internal.StateManager.SaveChangesAsync(StateManager stateManager, Boolean acceptAllChangesOnSuccess, CancellationToken cancellationToken)
   at Npgsql.EntityFrameworkCore.PostgreSQL.Storage.Internal.NpgsqlExecutionStrategy.ExecuteAsync[TState,TResult](TState state, Func`4 operation, Func`4 verifySucceeded, CancellationToken cancellationToken)
   at Microsoft.EntityFrameworkCore.DbContext.SaveChangesAsync(Boolean acceptAllChangesOnSuccess, CancellationToken cancellationToken)
[20:59:22 ERR] Database migration or seed failed. Check PostgreSQL is running and ConnectionStrings:DefaultConnection is correct.
Microsoft.EntityFrameworkCore.DbUpdateException: An error occurred while saving the entity changes. See the inner exception for details.
 ---> Npgsql.PostgresException (0x80004005): 23503: insert or update on table "CrmSupportTickets" violates foreign key constraint "FK_CrmSupportTickets_CrmCustomers_CustomerId"

DETAIL: Detail redacted as it may contain sensitive data. Specify 'Include Error Detail' in the connection string to include this information.
   at Npgsql.Internal.NpgsqlConnector.ReadMessageLong(Boolean async, DataRowLoadingMode dataRowLoadingMode, Boolean readingNotifications, Boolean isReadingPrependedMessage)
   at System.Runtime.CompilerServices.PoolingAsyncValueTaskMethodBuilder`1.StateMachineBox`1.System.Threading.Tasks.Sources.IValueTaskSource<TResult>.GetResult(Int16 token)
   at Npgsql.NpgsqlDataReader.NextResult(Boolean async, Boolean isConsuming, CancellationToken cancellationToken)
   at Npgsql.NpgsqlDataReader.NextResult(Boolean async, Boolean isConsuming, CancellationToken cancellationToken)
   at Npgsql.NpgsqlCommand.ExecuteReader(Boolean async, CommandBehavior behavior, CancellationToken cancellationToken)
   at Npgsql.NpgsqlCommand.ExecuteReader(Boolean async, CommandBehavior behavior, CancellationToken cancellationToken)
   at Npgsql.NpgsqlCommand.ExecuteDbDataReaderAsync(CommandBehavior behavior, CancellationToken cancellationToken)
   at Microsoft.EntityFrameworkCore.Storage.RelationalCommand.ExecuteReaderAsync(RelationalCommandParameterObject parameterObject, CancellationToken cancellationToken)
   at Microsoft.EntityFrameworkCore.Storage.RelationalCommand.ExecuteReaderAsync(RelationalCommandParameterObject parameterObject, CancellationToken cancellationToken)
   at Microsoft.EntityFrameworkCore.Update.ReaderModificationCommandBatch.ExecuteAsync(IRelationalConnection connection, CancellationToken cancellationToken)
  Exception data:
    Severity: ERROR
    SqlState: 23503
    MessageText: insert or update on table "CrmSupportTickets" violates foreign key constraint "FK_CrmSupportTickets_CrmCustomers_CustomerId"
    Detail: Detail redacted as it may contain sensitive data. Specify 'Include Error Detail' in the connection string to include this information.
    SchemaName: public
    TableName: CrmSupportTickets
    ConstraintName: FK_CrmSupportTickets_CrmCustomers_CustomerId
    File: ri_triggers.c
    Line: 2783
    Routine: ri_ReportViolation
   --- End of inner exception stack trace ---
   at Microsoft.EntityFrameworkCore.Update.ReaderModificationCommandBatch.ExecuteAsync(IRelationalConnection connection, CancellationToken cancellationToken)
   at Microsoft.EntityFrameworkCore.Update.Internal.BatchExecutor.ExecuteAsync(IEnumerable`1 commandBatches, IRelationalConnection connection, CancellationToken cancellationToken)
   at Microsoft.EntityFrameworkCore.Update.Internal.BatchExecutor.ExecuteAsync(IEnumerable`1 commandBatches, IRelationalConnection connection, CancellationToken cancellationToken)
   at Microsoft.EntityFrameworkCore.Update.Internal.BatchExecutor.ExecuteAsync(IEnumerable`1 commandBatches, IRelationalConnection connection, CancellationToken cancellationToken)
   at Microsoft.EntityFrameworkCore.Storage.RelationalDatabase.SaveChangesAsync(IList`1 entries, CancellationToken cancellationToken)
   at Microsoft.EntityFrameworkCore.ChangeTracking.Internal.StateManager.SaveChangesAsync(IList`1 entriesToSave, CancellationToken cancellationToken)
   at Microsoft.EntityFrameworkCore.ChangeTracking.Internal.StateManager.SaveChangesAsync(StateManager stateManager, Boolean acceptAllChangesOnSuccess, CancellationToken cancellationToken)
   at Npgsql.EntityFrameworkCore.PostgreSQL.Storage.Internal.NpgsqlExecutionStrategy.ExecuteAsync[TState,TResult](TState state, Func`4 operation, Func`4 verifySucceeded, CancellationToken cancellationToken)
   at Microsoft.EntityFrameworkCore.DbContext.SaveChangesAsync(Boolean acceptAllChangesOnSuccess, CancellationToken cancellationToken)
   at Microsoft.EntityFrameworkCore.DbContext.SaveChangesAsync(Boolean acceptAllChangesOnSuccess, CancellationToken cancellationToken)
   at Biktal.Infrastructure.Persistence.CrmDataSeeder.SeedIfEmptyAsync(ApplicationDbContext db, CancellationToken cancellationToken)
   at Program.<Main>$(String[] args) in d:\Systems\BiktalSystems\Program.cs:line 71
[20:59:22 WRN] Continuing without a successful migration/seed. Auth and data pages may fail until the database is available.
[20:59:22 WRN] Using an in-memory repository. Keys will not be persisted to storage.
[20:59:22 WRN] Neither user profile nor HKLM registry available. Using an ephemeral key repository. Protected data will be unavailable when application exits.
[20:59:22 WRN] No XML encryptor configured. Key {23795070-2f91-4f60-9b1c-992ea4976762} may be persisted to storage in unencrypted form.
[20:59:22 INF] Application started. Press Ctrl+C to shut down.
[20:59:22 INF] Hosting environment: Production
[20:59:22 INF] Content root path: D:\Systems\BiktalSystems\publish
[20:59:22 INF] HTTP GET /Pos responded 302 in 152.8795 ms
[20:59:22 ERR] An exception was thrown while deserializing the token.
Microsoft.AspNetCore.Antiforgery.AntiforgeryValidationException: The antiforgery token could not be decrypted.
 ---> System.Security.Cryptography.CryptographicException: The key {f19ef6cf-bd45-4d79-b63d-84170d0c6546} was not found in the key ring. For more information go to https://aka.ms/aspnet/dataprotectionwarning
   at Microsoft.AspNetCore.DataProtection.KeyManagement.KeyRingBasedDataProtector.UnprotectCore(Byte[] protectedData, Boolean allowOperationsOnRevokedKeys, UnprotectStatus& status)
   at Microsoft.AspNetCore.DataProtection.KeyManagement.KeyRingBasedDataProtector.Unprotect(Byte[] protectedData)
   at Microsoft.AspNetCore.Antiforgery.DefaultAntiforgeryTokenSerializer.Deserialize(String serializedToken)
   --- End of inner exception stack trace ---
   at Microsoft.AspNetCore.Antiforgery.DefaultAntiforgeryTokenSerializer.Deserialize(String serializedToken)
   at Microsoft.AspNetCore.Antiforgery.DefaultAntiforgery.GetCookieTokenDoesNotThrow(HttpContext httpContext)
[20:59:22 INF] HTTP GET /Account/Login responded 200 in 329.1385 ms
[20:59:22 INF] HTTP GET /lib/bootstrap/dist/css/bootstrap.min.css responded 200 in 45.7706 ms
[20:59:22 INF] HTTP GET /css/site.css responded 200 in 29.0068 ms
[20:59:22 INF] HTTP GET /js/site.js responded 200 in 10.2050 ms
[20:59:22 INF] HTTP GET /lib/jquery-validation-unobtrusive/dist/jquery.validate.unobtrusive.min.js responded 200 in 5.0027 ms
[20:59:22 INF] HTTP GET /lib/jquery-validation/dist/jquery.validate.min.js responded 200 in 6.7109 ms
[20:59:22 INF] HTTP GET /Biktal.WebMVC.styles.css responded 200 in 19.6149 ms
[20:59:22 INF] HTTP GET /lib/bootstrap/dist/js/bootstrap.bundle.min.js responded 200 in 19.7631 ms
[20:59:22 INF] HTTP GET /lib/jquery/dist/jquery.min.js responded 200 in 31.4005 ms
[20:59:31 INF] HTTP POST /Account/Login responded 302 in 527.9516 ms
[20:59:31 WRN] The query uses the 'First'/'FirstOrDefault' operator without 'OrderBy' and filter operators. This may lead to unpredictable results.
[20:59:31 INF] HTTP GET /Pos responded 200 in 107.1961 ms
[20:59:31 INF] HTTP GET /css/site.css responded 304 in 12.3756 ms
[20:59:31 INF] HTTP GET /lib/bootstrap/dist/css/bootstrap.min.css responded 304 in 9.3859 ms
[20:59:31 INF] HTTP GET /Biktal.WebMVC.styles.css responded 304 in 35.0507 ms
[20:59:31 INF] HTTP GET /js/site.js responded 304 in 34.2569 ms
[20:59:31 INF] HTTP GET /lib/jquery/dist/jquery.min.js responded 304 in 43.3606 ms
[20:59:31 INF] HTTP GET /js/pos.js responded 200 in 2.4994 ms
[20:59:31 INF] HTTP GET /lib/bootstrap/dist/js/bootstrap.bundle.min.js responded 304 in 182.0206 ms
[20:59:47 INF] HTTP GET /Inventory responded 200 in 291.3159 ms
[20:59:47 INF] HTTP GET /Biktal.WebMVC.styles.css responded 304 in 3.7022 ms
[20:59:47 INF] HTTP GET /lib/bootstrap/dist/css/bootstrap.min.css responded 200 in 6.3169 ms
[20:59:47 INF] HTTP GET /lib/bootstrap/dist/js/bootstrap.bundle.min.js responded 304 in 2.3007 ms
[20:59:47 INF] HTTP GET /lib/jquery/dist/jquery.min.js responded 304 in 4.1961 ms
[20:59:47 INF] HTTP GET /css/site.css responded 304 in 4.5262 ms
[20:59:47 INF] HTTP GET /js/site.js responded 304 in 10.8489 ms
[20:59:51 INF] HTTP GET /Inventory/Products responded 200 in 271.0274 ms
[20:59:51 INF] HTTP GET /css/site.css responded 304 in 2.9315 ms
[20:59:51 INF] HTTP GET /lib/bootstrap/dist/css/bootstrap.min.css responded 200 in 8.3930 ms
[20:59:51 INF] HTTP GET /Biktal.WebMVC.styles.css responded 304 in 2.5779 ms
[20:59:51 INF] HTTP GET /lib/jquery/dist/jquery.min.js responded 304 in 0.6447 ms
[20:59:51 INF] HTTP GET /lib/bootstrap/dist/js/bootstrap.bundle.min.js responded 304 in 0.6866 ms
[20:59:51 INF] HTTP GET /js/site.js responded 304 in 1.6103 ms
[20:59:51 INF] HTTP GET /lib/jquery-validation-unobtrusive/dist/jquery.validate.unobtrusive.min.js responded 304 in 13.7243 ms
[20:59:51 INF] HTTP GET /js/products-catalog-filter.js responded 200 in 1.4364 ms
[20:59:51 INF] HTTP GET /lib/jquery-validation/dist/jquery.validate.min.js responded 304 in 22.6610 ms
[21:00:01 INF] HTTP GET /Inventory/Products responded 200 in 130.1796 ms
[21:00:01 INF] HTTP GET /lib/bootstrap/dist/css/bootstrap.min.css responded 304 in 0.8269 ms
[21:00:01 INF] HTTP GET /css/site.css responded 304 in 1.7204 ms
[21:00:01 INF] HTTP GET /Biktal.WebMVC.styles.css responded 304 in 0.8332 ms
[21:00:01 INF] HTTP GET /lib/jquery/dist/jquery.min.js responded 304 in 0.5244 ms
[21:00:01 INF] HTTP GET /lib/bootstrap/dist/js/bootstrap.bundle.min.js responded 304 in 0.7047 ms
[21:00:01 INF] HTTP GET /lib/jquery-validation/dist/jquery.validate.min.js responded 304 in 0.5421 ms
[21:00:01 INF] HTTP GET /lib/jquery-validation-unobtrusive/dist/jquery.validate.unobtrusive.min.js responded 304 in 0.4257 ms
[21:00:01 INF] HTTP GET /js/site.js responded 304 in 1.7733 ms
[21:00:01 INF] HTTP GET /js/products-catalog-filter.js responded 304 in 0.6800 ms
[21:00:10 INF] HTTP POST /Inventory/EditProduct responded 302 in 185.6178 ms
[21:00:11 INF] HTTP GET /Inventory/Products responded 200 in 71.9920 ms
[21:00:11 INF] HTTP GET /lib/bootstrap/dist/css/bootstrap.min.css responded 200 in 11.5968 ms
[21:00:11 INF] HTTP GET /css/site.css responded 304 in 1.7805 ms
[21:00:11 INF] HTTP GET /Biktal.WebMVC.styles.css responded 304 in 0.7554 ms
[21:00:11 INF] HTTP GET /lib/jquery/dist/jquery.min.js responded 304 in 0.5772 ms
[21:00:11 INF] HTTP GET /js/site.js responded 304 in 0.4973 ms
[21:00:11 INF] HTTP GET /lib/bootstrap/dist/js/bootstrap.bundle.min.js responded 304 in 0.4904 ms
[21:00:11 INF] HTTP GET /lib/jquery-validation/dist/jquery.validate.min.js responded 304 in 0.8353 ms
[21:00:11 INF] HTTP GET /js/products-catalog-filter.js responded 304 in 0.3818 ms
[21:00:11 INF] HTTP GET /lib/jquery-validation-unobtrusive/dist/jquery.validate.unobtrusive.min.js responded 304 in 1.2001 ms
[21:00:12 INF] HTTP GET /Pos responded 200 in 31.0001 ms
[21:00:12 INF] HTTP GET /lib/bootstrap/dist/css/bootstrap.min.css responded 304 in 0.5304 ms
[21:00:12 INF] HTTP GET /css/site.css responded 304 in 1.3213 ms
[21:00:12 INF] HTTP GET /lib/jquery/dist/jquery.min.js responded 304 in 0.6193 ms
[21:00:12 INF] HTTP GET /Biktal.WebMVC.styles.css responded 304 in 0.6134 ms
[21:00:12 INF] HTTP GET /lib/bootstrap/dist/js/bootstrap.bundle.min.js responded 304 in 0.7525 ms
[21:00:12 INF] HTTP GET /js/site.js responded 304 in 1.0546 ms
[21:00:12 INF] HTTP GET /js/pos.js responded 304 in 0.6655 ms
[21:03:38 INF] HTTP POST /Pos/CompleteSale responded 200 in 536.7851 ms
[21:04:07 INF] HTTP POST /Pos/CompleteSale responded 200 in 44.8849 ms
[21:18:01 INF] HTTP GET /Inventory responded 200 in 98.6432 ms
[21:18:01 INF] HTTP GET /css/site.css responded 200 in 1.1918 ms
[21:18:01 INF] HTTP GET /lib/bootstrap/dist/js/bootstrap.bundle.min.js responded 200 in 2.1561 ms
[21:18:01 INF] HTTP GET /js/site.js responded 200 in 1.3514 ms
[21:18:01 INF] HTTP GET /lib/bootstrap/dist/css/bootstrap.min.css responded 200 in 2.1614 ms
[21:18:01 INF] HTTP GET /Biktal.WebMVC.styles.css responded 200 in 1.3235 ms
[21:18:01 INF] HTTP GET /lib/jquery/dist/jquery.min.js responded 200 in 1.2524 ms
[21:18:04 INF] HTTP GET /Inventory/Products responded 200 in 78.0888 ms
[21:18:04 INF] HTTP GET /Biktal.WebMVC.styles.css responded 200 in 1.2326 ms
[21:18:04 INF] HTTP GET /lib/bootstrap/dist/css/bootstrap.min.css responded 200 in 3.6113 ms
[21:18:04 INF] HTTP GET /css/site.css responded 200 in 5.5598 ms
[21:18:05 INF] HTTP GET /lib/jquery/dist/jquery.min.js responded 304 in 0.5288 ms
[21:18:05 INF] HTTP GET /lib/bootstrap/dist/js/bootstrap.bundle.min.js responded 304 in 0.3904 ms
[21:18:05 INF] HTTP GET /js/site.js responded 304 in 0.3146 ms
[21:18:05 INF] HTTP GET /lib/jquery-validation-unobtrusive/dist/jquery.validate.unobtrusive.min.js responded 200 in 1.6220 ms
[21:18:05 INF] HTTP GET /lib/jquery-validation/dist/jquery.validate.min.js responded 200 in 2.0939 ms
[21:18:05 INF] HTTP GET /js/products-catalog-filter.js responded 200 in 3.8240 ms
[21:18:22 INF] HTTP GET /Inventory/Products responded 200 in 82.4104 ms
[21:18:22 INF] HTTP GET /lib/bootstrap/dist/css/bootstrap.min.css responded 200 in 2.3357 ms
[21:18:22 INF] HTTP GET /css/site.css responded 200 in 2.5344 ms
[21:18:22 INF] HTTP GET /Biktal.WebMVC.styles.css responded 200 in 1.1594 ms
[21:18:23 INF] HTTP GET /lib/jquery/dist/jquery.min.js responded 304 in 0.4385 ms
[21:18:23 INF] HTTP GET /js/site.js responded 304 in 0.9947 ms
[21:18:23 INF] HTTP GET /lib/jquery-validation/dist/jquery.validate.min.js responded 304 in 1.7186 ms
[21:18:23 INF] HTTP GET /lib/jquery-validation-unobtrusive/dist/jquery.validate.unobtrusive.min.js responded 304 in 0.9755 ms
[21:18:23 INF] HTTP GET /lib/bootstrap/dist/js/bootstrap.bundle.min.js responded 304 in 0.5156 ms
[21:18:23 INF] HTTP GET /js/products-catalog-filter.js responded 304 in 0.7345 ms
[21:18:31 INF] HTTP POST /Inventory/EditProduct responded 302 in 31.9907 ms
[21:18:31 INF] HTTP GET /Inventory/Products responded 200 in 66.4271 ms
[21:18:31 INF] HTTP GET /lib/bootstrap/dist/css/bootstrap.min.css responded 304 in 0.8699 ms
[21:18:31 INF] HTTP GET /css/site.css responded 304 in 1.2272 ms
[21:18:31 INF] HTTP GET /Biktal.WebMVC.styles.css responded 304 in 0.9057 ms
[21:18:32 INF] HTTP GET /lib/jquery/dist/jquery.min.js responded 304 in 0.2864 ms
[21:18:32 INF] HTTP GET /lib/bootstrap/dist/js/bootstrap.bundle.min.js responded 304 in 0.4575 ms
[21:18:32 INF] HTTP GET /js/site.js responded 304 in 0.4366 ms
[21:18:32 INF] HTTP GET /lib/jquery-validation/dist/jquery.validate.min.js responded 304 in 0.7338 ms
[21:18:32 INF] HTTP GET /lib/jquery-validation-unobtrusive/dist/jquery.validate.unobtrusive.min.js responded 304 in 3.1143 ms
[21:18:32 INF] HTTP GET /js/products-catalog-filter.js responded 304 in 0.4678 ms
[21:39:00 INF] Application is shutting down...
