[15:23:48 ERR] Failed executing DbCommand (7ms) [Parameters=[@p0='?' (DbType = Guid), @p1='?' (DbType = DateTime), @p2='?' (DbType = Guid), @p3='?', @p4='?' (DbType = DateTime), @p5='?' (DbType = Int32), @p6='?' (DbType = Int32), @p7='?', @p8='?', @p9='?' (DbType = Guid), @p10='?' (DbType = DateTime), @p11='?' (DbType = Guid), @p12='?', @p13='?' (DbType = DateTime), @p14='?' (DbType = Int32), @p15='?' (DbType = Int32), @p16='?', @p17='?'], CommandType='Text', CommandTimeout='30']
INSERT INTO "CrmSupportTickets" ("Id", "CreatedAtUtc", "CustomerId", "Description", "ModifiedAtUtc", "Priority", "Status", "Subject", "TicketNumber")
VALUES (@p0, @p1, @p2, @p3, @p4, @p5, @p6, @p7, @p8);
INSERT INTO "CrmSupportTickets" ("Id", "CreatedAtUtc", "CustomerId", "Description", "ModifiedAtUtc", "Priority", "Status", "Subject", "TicketNumber")
VALUES (@p9, @p10, @p11, @p12, @p13, @p14, @p15, @p16, @p17);
[15:23:48 ERR] An exception occurred in the database while saving changes for context type 'Biktal.Infrastructure.Persistence.ApplicationDbContext'.
Microsoft.EntityFrameworkCore.DbUpdateException: An error occurred while saving the entity changes. See the inner exception for details.
 ---> Npgsql.PostgresException (0x80004005): 23503: insert or update on table "CrmSupportTickets" violates foreign key constraint "FK_CrmSupportTickets_CrmCustomers_CustomerId"

DETAIL: Detail redacted as it may contain sensitive data. Specify 'Include Error Detail' in the connection string to include this information.
   at Npgsql.Internal.NpgsqlConnector.ReadMessageLong(Boolean async, DataRowLoadingMode dataRowLoadingMode, Boolean readingNotifications, Boolean isReadingPrependedMessage)
   at System.Runtime.CompilerServices.PoolingAsyncValueTaskMethodBuilder`1.StateMachineBox`1.System.Threading.Tasks.Sources.IValueTaskSource<TResult>.GetResult(Int16 token)
   at Npgsql.NpgsqlDataReader.NextResult(Boolean async, Boolean isConsuming, CancellationToken cancellationToken)
   at Npgsql.NpgsqlDataReader.NextResult(Boolean async, Boolean isConsuming, CancellationToken cancellationToken)
   at Npgsql.NpgsqlCommand.ExecuteReader(Boolean async, CommandBehavior behavior, CancellationToken cancellationToken)
   at Npgsql.NpgsqlCommand.ExecuteReader(Boolean async, CommandBehavior behavior, CancellationToken cancellationToken)
   at Npgsql.NpgsqlCommand.ExecuteDbDataReaderAsync(CommandBehavior behavior, CancellationToken cancellationToken)
   at Microsoft.EntityFrameworkCore.Storage.RelationalCommand.ExecuteReaderAsync(RelationalCommandParameterObject parameterObject, CancellationToken cancellationToken)
   at Microsoft.EntityFrameworkCore.Storage.RelationalCommand.ExecuteReaderAsync(RelationalCommandParameterObject parameterObject, CancellationToken cancellationToken)
   at Microsoft.EntityFrameworkCore.Update.ReaderModificationCommandBatch.ExecuteAsync(IRelationalConnection connection, CancellationToken cancellationToken)
  Exception data:
    Severity: ERROR
    SqlState: 23503
    MessageText: insert or update on table "CrmSupportTickets" violates foreign key constraint "FK_CrmSupportTickets_CrmCustomers_CustomerId"
    Detail: Detail redacted as it may contain sensitive data. Specify 'Include Error Detail' in the connection string to include this information.
    SchemaName: public
    TableName: CrmSupportTickets
    ConstraintName: FK_CrmSupportTickets_CrmCustomers_CustomerId
    File: ri_triggers.c
    Line: 2783
    Routine: ri_ReportViolation
   --- End of inner exception stack trace ---
   at Microsoft.EntityFrameworkCore.Update.ReaderModificationCommandBatch.ExecuteAsync(IRelationalConnection connection, CancellationToken cancellationToken)
   at Microsoft.EntityFrameworkCore.Update.Internal.BatchExecutor.ExecuteAsync(IEnumerable`1 commandBatches, IRelationalConnection connection, CancellationToken cancellationToken)
   at Microsoft.EntityFrameworkCore.Update.Internal.BatchExecutor.ExecuteAsync(IEnumerable`1 commandBatches, IRelationalConnection connection, CancellationToken cancellationToken)
   at Microsoft.EntityFrameworkCore.Update.Internal.BatchExecutor.ExecuteAsync(IEnumerable`1 commandBatches, IRelationalConnection connection, CancellationToken cancellationToken)
   at Microsoft.EntityFrameworkCore.Storage.RelationalDatabase.SaveChangesAsync(IList`1 entries, CancellationToken cancellationToken)
   at Microsoft.EntityFrameworkCore.ChangeTracking.Internal.StateManager.SaveChangesAsync(IList`1 entriesToSave, CancellationToken cancellationToken)
   at Microsoft.EntityFrameworkCore.ChangeTracking.Internal.StateManager.SaveChangesAsync(StateManager stateManager, Boolean acceptAllChangesOnSuccess, CancellationToken cancellationToken)
   at Npgsql.EntityFrameworkCore.PostgreSQL.Storage.Internal.NpgsqlExecutionStrategy.ExecuteAsync[TState,TResult](TState state, Func`4 operation, Func`4 verifySucceeded, CancellationToken cancellationToken)
   at Microsoft.EntityFrameworkCore.DbContext.SaveChangesAsync(Boolean acceptAllChangesOnSuccess, CancellationToken cancellationToken)
Microsoft.EntityFrameworkCore.DbUpdateException: An error occurred while saving the entity changes. See the inner exception for details.
 ---> Npgsql.PostgresException (0x80004005): 23503: insert or update on table "CrmSupportTickets" violates foreign key constraint "FK_CrmSupportTickets_CrmCustomers_CustomerId"

DETAIL: Detail redacted as it may contain sensitive data. Specify 'Include Error Detail' in the connection string to include this information.
   at Npgsql.Internal.NpgsqlConnector.ReadMessageLong(Boolean async, DataRowLoadingMode dataRowLoadingMode, Boolean readingNotifications, Boolean isReadingPrependedMessage)
   at System.Runtime.CompilerServices.PoolingAsyncValueTaskMethodBuilder`1.StateMachineBox`1.System.Threading.Tasks.Sources.IValueTaskSource<TResult>.GetResult(Int16 token)
   at Npgsql.NpgsqlDataReader.NextResult(Boolean async, Boolean isConsuming, CancellationToken cancellationToken)
   at Npgsql.NpgsqlDataReader.NextResult(Boolean async, Boolean isConsuming, CancellationToken cancellationToken)
   at Npgsql.NpgsqlCommand.ExecuteReader(Boolean async, CommandBehavior behavior, CancellationToken cancellationToken)
   at Npgsql.NpgsqlCommand.ExecuteReader(Boolean async, CommandBehavior behavior, CancellationToken cancellationToken)
   at Npgsql.NpgsqlCommand.ExecuteDbDataReaderAsync(CommandBehavior behavior, CancellationToken cancellationToken)
   at Microsoft.EntityFrameworkCore.Storage.RelationalCommand.ExecuteReaderAsync(RelationalCommandParameterObject parameterObject, CancellationToken cancellationToken)
   at Microsoft.EntityFrameworkCore.Storage.RelationalCommand.ExecuteReaderAsync(RelationalCommandParameterObject parameterObject, CancellationToken cancellationToken)
   at Microsoft.EntityFrameworkCore.Update.ReaderModificationCommandBatch.ExecuteAsync(IRelationalConnection connection, CancellationToken cancellationToken)
  Exception data:
    Severity: ERROR
    SqlState: 23503
    MessageText: insert or update on table "CrmSupportTickets" violates foreign key constraint "FK_CrmSupportTickets_CrmCustomers_CustomerId"
    Detail: Detail redacted as it may contain sensitive data. Specify 'Include Error Detail' in the connection string to include this information.
    SchemaName: public
    TableName: CrmSupportTickets
    ConstraintName: FK_CrmSupportTickets_CrmCustomers_CustomerId
    File: ri_triggers.c
    Line: 2783
    Routine: ri_ReportViolation
   --- End of inner exception stack trace ---
   at Microsoft.EntityFrameworkCore.Update.ReaderModificationCommandBatch.ExecuteAsync(IRelationalConnection connection, CancellationToken cancellationToken)
   at Microsoft.EntityFrameworkCore.Update.Internal.BatchExecutor.ExecuteAsync(IEnumerable`1 commandBatches, IRelationalConnection connection, CancellationToken cancellationToken)
   at Microsoft.EntityFrameworkCore.Update.Internal.BatchExecutor.ExecuteAsync(IEnumerable`1 commandBatches, IRelationalConnection connection, CancellationToken cancellationToken)
   at Microsoft.EntityFrameworkCore.Update.Internal.BatchExecutor.ExecuteAsync(IEnumerable`1 commandBatches, IRelationalConnection connection, CancellationToken cancellationToken)
   at Microsoft.EntityFrameworkCore.Storage.RelationalDatabase.SaveChangesAsync(IList`1 entries, CancellationToken cancellationToken)
   at Microsoft.EntityFrameworkCore.ChangeTracking.Internal.StateManager.SaveChangesAsync(IList`1 entriesToSave, CancellationToken cancellationToken)
   at Microsoft.EntityFrameworkCore.ChangeTracking.Internal.StateManager.SaveChangesAsync(StateManager stateManager, Boolean acceptAllChangesOnSuccess, CancellationToken cancellationToken)
   at Npgsql.EntityFrameworkCore.PostgreSQL.Storage.Internal.NpgsqlExecutionStrategy.ExecuteAsync[TState,TResult](TState state, Func`4 operation, Func`4 verifySucceeded, CancellationToken cancellationToken)
   at Microsoft.EntityFrameworkCore.DbContext.SaveChangesAsync(Boolean acceptAllChangesOnSuccess, CancellationToken cancellationToken)
[15:23:48 ERR] Database migration or seed failed. Check PostgreSQL is running and ConnectionStrings:DefaultConnection is correct.
Microsoft.EntityFrameworkCore.DbUpdateException: An error occurred while saving the entity changes. See the inner exception for details.
 ---> Npgsql.PostgresException (0x80004005): 23503: insert or update on table "CrmSupportTickets" violates foreign key constraint "FK_CrmSupportTickets_CrmCustomers_CustomerId"

DETAIL: Detail redacted as it may contain sensitive data. Specify 'Include Error Detail' in the connection string to include this information.
   at Npgsql.Internal.NpgsqlConnector.ReadMessageLong(Boolean async, DataRowLoadingMode dataRowLoadingMode, Boolean readingNotifications, Boolean isReadingPrependedMessage)
   at System.Runtime.CompilerServices.PoolingAsyncValueTaskMethodBuilder`1.StateMachineBox`1.System.Threading.Tasks.Sources.IValueTaskSource<TResult>.GetResult(Int16 token)
   at Npgsql.NpgsqlDataReader.NextResult(Boolean async, Boolean isConsuming, CancellationToken cancellationToken)
   at Npgsql.NpgsqlDataReader.NextResult(Boolean async, Boolean isConsuming, CancellationToken cancellationToken)
   at Npgsql.NpgsqlCommand.ExecuteReader(Boolean async, CommandBehavior behavior, CancellationToken cancellationToken)
   at Npgsql.NpgsqlCommand.ExecuteReader(Boolean async, CommandBehavior behavior, CancellationToken cancellationToken)
   at Npgsql.NpgsqlCommand.ExecuteDbDataReaderAsync(CommandBehavior behavior, CancellationToken cancellationToken)
   at Microsoft.EntityFrameworkCore.Storage.RelationalCommand.ExecuteReaderAsync(RelationalCommandParameterObject parameterObject, CancellationToken cancellationToken)
   at Microsoft.EntityFrameworkCore.Storage.RelationalCommand.ExecuteReaderAsync(RelationalCommandParameterObject parameterObject, CancellationToken cancellationToken)
   at Microsoft.EntityFrameworkCore.Update.ReaderModificationCommandBatch.ExecuteAsync(IRelationalConnection connection, CancellationToken cancellationToken)
  Exception data:
    Severity: ERROR
    SqlState: 23503
    MessageText: insert or update on table "CrmSupportTickets" violates foreign key constraint "FK_CrmSupportTickets_CrmCustomers_CustomerId"
    Detail: Detail redacted as it may contain sensitive data. Specify 'Include Error Detail' in the connection string to include this information.
    SchemaName: public
    TableName: CrmSupportTickets
    ConstraintName: FK_CrmSupportTickets_CrmCustomers_CustomerId
    File: ri_triggers.c
    Line: 2783
    Routine: ri_ReportViolation
   --- End of inner exception stack trace ---
   at Microsoft.EntityFrameworkCore.Update.ReaderModificationCommandBatch.ExecuteAsync(IRelationalConnection connection, CancellationToken cancellationToken)
   at Microsoft.EntityFrameworkCore.Update.Internal.BatchExecutor.ExecuteAsync(IEnumerable`1 commandBatches, IRelationalConnection connection, CancellationToken cancellationToken)
   at Microsoft.EntityFrameworkCore.Update.Internal.BatchExecutor.ExecuteAsync(IEnumerable`1 commandBatches, IRelationalConnection connection, CancellationToken cancellationToken)
   at Microsoft.EntityFrameworkCore.Update.Internal.BatchExecutor.ExecuteAsync(IEnumerable`1 commandBatches, IRelationalConnection connection, CancellationToken cancellationToken)
   at Microsoft.EntityFrameworkCore.Storage.RelationalDatabase.SaveChangesAsync(IList`1 entries, CancellationToken cancellationToken)
   at Microsoft.EntityFrameworkCore.ChangeTracking.Internal.StateManager.SaveChangesAsync(IList`1 entriesToSave, CancellationToken cancellationToken)
   at Microsoft.EntityFrameworkCore.ChangeTracking.Internal.StateManager.SaveChangesAsync(StateManager stateManager, Boolean acceptAllChangesOnSuccess, CancellationToken cancellationToken)
   at Npgsql.EntityFrameworkCore.PostgreSQL.Storage.Internal.NpgsqlExecutionStrategy.ExecuteAsync[TState,TResult](TState state, Func`4 operation, Func`4 verifySucceeded, CancellationToken cancellationToken)
   at Microsoft.EntityFrameworkCore.DbContext.SaveChangesAsync(Boolean acceptAllChangesOnSuccess, CancellationToken cancellationToken)
   at Microsoft.EntityFrameworkCore.DbContext.SaveChangesAsync(Boolean acceptAllChangesOnSuccess, CancellationToken cancellationToken)
   at Biktal.Infrastructure.Persistence.CrmDataSeeder.SeedIfEmptyAsync(ApplicationDbContext db, CancellationToken cancellationToken)
   at Program.<Main>$(String[] args) in d:\Systems\BiktalSystems\Program.cs:line 71
[15:23:48 WRN] Continuing without a successful migration/seed. Auth and data pages may fail until the database is available.
[15:23:48 WRN] Using an in-memory repository. Keys will not be persisted to storage.
[15:23:48 WRN] Neither user profile nor HKLM registry available. Using an ephemeral key repository. Protected data will be unavailable when application exits.
[15:23:48 WRN] No XML encryptor configured. Key {ce73f538-d6c5-444e-b973-b7ab9dca3931} may be persisted to storage in unencrypted form.
[15:23:48 INF] Application started. Press Ctrl+C to shut down.
[15:23:48 INF] Hosting environment: Production
[15:23:48 INF] Content root path: D:\Systems\BiktalSystems\publish
[15:23:48 INF] HTTP POST /Pos/CompleteSale responded 302 in 77.1882 ms
[15:23:48 ERR] An exception was thrown while deserializing the token.
Microsoft.AspNetCore.Antiforgery.AntiforgeryValidationException: The antiforgery token could not be decrypted.
 ---> System.Security.Cryptography.CryptographicException: The key {7ed1ab4d-5d20-4ef0-ae50-db745c262a72} was not found in the key ring. For more information go to https://aka.ms/aspnet/dataprotectionwarning
   at Microsoft.AspNetCore.DataProtection.KeyManagement.KeyRingBasedDataProtector.UnprotectCore(Byte[] protectedData, Boolean allowOperationsOnRevokedKeys, UnprotectStatus& status)
   at Microsoft.AspNetCore.DataProtection.KeyManagement.KeyRingBasedDataProtector.Unprotect(Byte[] protectedData)
   at Microsoft.AspNetCore.Antiforgery.DefaultAntiforgeryTokenSerializer.Deserialize(String serializedToken)
   --- End of inner exception stack trace ---
   at Microsoft.AspNetCore.Antiforgery.DefaultAntiforgeryTokenSerializer.Deserialize(String serializedToken)
   at Microsoft.AspNetCore.Antiforgery.DefaultAntiforgery.GetCookieTokenDoesNotThrow(HttpContext httpContext)
[15:23:48 INF] HTTP GET /Account/Login responded 200 in 216.2122 ms
[15:30:25 INF] HTTP GET /Inventory responded 302 in 5.4662 ms
[15:30:25 INF] HTTP GET /Account/Login responded 200 in 191.2351 ms
[15:30:25 INF] HTTP GET /css/site.css responded 200 in 43.9301 ms
[15:30:25 INF] HTTP GET /lib/jquery/dist/jquery.min.js responded 200 in 22.5282 ms
[15:30:25 INF] HTTP GET /Biktal.WebMVC.styles.css responded 200 in 25.2491 ms
[15:30:25 INF] HTTP GET /lib/bootstrap/dist/js/bootstrap.bundle.min.js responded 200 in 22.8803 ms
[15:30:25 INF] HTTP GET /js/site.js responded 200 in 6.7409 ms
[15:30:25 INF] HTTP GET /lib/jquery-validation/dist/jquery.validate.min.js responded 200 in 6.8624 ms
[15:30:25 INF] HTTP GET /lib/jquery-validation-unobtrusive/dist/jquery.validate.unobtrusive.min.js responded 200 in 3.2042 ms
[15:30:26 INF] HTTP GET /lib/bootstrap/dist/css/bootstrap.min.css responded 200 in 14.3761 ms
[15:30:36 INF] HTTP POST /Account/Login responded 302 in 902.1649 ms
[15:30:36 INF] HTTP GET /Inventory responded 200 in 376.7662 ms
[15:30:36 INF] HTTP GET /Biktal.WebMVC.styles.css responded 200 in 3.7664 ms
[15:30:36 INF] HTTP GET /lib/bootstrap/dist/css/bootstrap.min.css responded 200 in 5.6307 ms
[15:30:36 INF] HTTP GET /css/site.css responded 200 in 7.4102 ms
[15:30:36 INF] HTTP GET /lib/jquery/dist/jquery.min.js responded 304 in 38.3485 ms
[15:30:36 INF] HTTP GET /js/site.js responded 304 in 30.8869 ms
[15:30:36 INF] HTTP GET /lib/bootstrap/dist/js/bootstrap.bundle.min.js responded 304 in 160.8931 ms
[15:31:00 INF] HTTP GET /Inventory/Products responded 200 in 687.9714 ms
[15:31:00 INF] HTTP GET /lib/bootstrap/dist/css/bootstrap.min.css responded 200 in 2.4667 ms
[15:31:00 INF] HTTP GET /css/site.css responded 200 in 2.2643 ms
[15:31:00 INF] HTTP GET /Biktal.WebMVC.styles.css responded 200 in 4.5866 ms
[15:31:01 INF] HTTP GET /lib/jquery/dist/jquery.min.js responded 304 in 1.0527 ms
[15:31:01 INF] HTTP GET /js/site.js responded 304 in 1.1027 ms
[15:31:01 INF] HTTP GET /lib/bootstrap/dist/js/bootstrap.bundle.min.js responded 304 in 0.8515 ms
[15:31:01 INF] HTTP GET /js/products-catalog-filter.js responded 200 in 1.2910 ms
[15:31:01 INF] HTTP GET /lib/jquery-validation-unobtrusive/dist/jquery.validate.unobtrusive.min.js responded 304 in 13.2029 ms
[15:31:01 INF] HTTP GET /lib/jquery-validation/dist/jquery.validate.min.js responded 304 in 24.4636 ms
[15:31:19 INF] HTTP GET /Inventory/Products responded 200 in 264.0605 ms
[15:31:19 INF] HTTP GET /lib/bootstrap/dist/css/bootstrap.min.css responded 200 in 1.6464 ms
[15:31:19 INF] HTTP GET /Biktal.WebMVC.styles.css responded 200 in 4.1346 ms
[15:31:19 INF] HTTP GET /css/site.css responded 200 in 5.2660 ms
[15:31:20 INF] HTTP GET /lib/jquery/dist/jquery.min.js responded 304 in 0.5652 ms
[15:31:20 INF] HTTP GET /lib/jquery-validation-unobtrusive/dist/jquery.validate.unobtrusive.min.js responded 304 in 0.6060 ms
[15:31:20 INF] HTTP GET /js/site.js responded 304 in 0.6301 ms
[15:31:20 INF] HTTP GET /lib/bootstrap/dist/js/bootstrap.bundle.min.js responded 304 in 1.4930 ms
[15:31:20 INF] HTTP GET /lib/jquery-validation/dist/jquery.validate.min.js responded 304 in 2.7331 ms
[15:31:20 INF] HTTP GET /js/products-catalog-filter.js responded 304 in 2.9182 ms
[15:31:24 INF] HTTP POST /Inventory/EditProduct responded 302 in 148.3531 ms
[15:31:24 INF] HTTP GET /Inventory/Products responded 200 in 100.5675 ms
[15:31:24 INF] HTTP GET /lib/bootstrap/dist/css/bootstrap.min.css responded 304 in 0.7105 ms
[15:31:24 INF] HTTP GET /css/site.css responded 304 in 0.7745 ms
[15:31:24 INF] HTTP GET /Biktal.WebMVC.styles.css responded 304 in 2.4098 ms
[15:31:25 INF] HTTP GET /lib/jquery/dist/jquery.min.js responded 304 in 0.7471 ms
[15:31:25 INF] HTTP GET /lib/bootstrap/dist/js/bootstrap.bundle.min.js responded 304 in 0.6586 ms
[15:31:25 INF] HTTP GET /js/site.js responded 304 in 0.7453 ms
[15:31:25 INF] HTTP GET /lib/jquery-validation/dist/jquery.validate.min.js responded 304 in 0.9441 ms
[15:31:25 INF] HTTP GET /lib/jquery-validation-unobtrusive/dist/jquery.validate.unobtrusive.min.js responded 304 in 1.8930 ms
[15:31:25 INF] HTTP GET /js/products-catalog-filter.js responded 304 in 1.3651 ms
[15:31:34 WRN] The query uses the 'First'/'FirstOrDefault' operator without 'OrderBy' and filter operators. This may lead to unpredictable results.
[15:31:34 INF] HTTP GET /Pos responded 200 in 119.3446 ms
[15:31:34 INF] HTTP GET /lib/bootstrap/dist/css/bootstrap.min.css responded 304 in 0.7343 ms
[15:31:34 INF] HTTP GET /css/site.css responded 304 in 0.7892 ms
[15:31:34 INF] HTTP GET /Biktal.WebMVC.styles.css responded 304 in 1.0929 ms
[15:31:34 INF] HTTP GET /lib/jquery/dist/jquery.min.js responded 304 in 1.9253 ms
[15:31:34 INF] HTTP GET /lib/bootstrap/dist/js/bootstrap.bundle.min.js responded 304 in 0.5600 ms
[15:31:34 INF] HTTP GET /js/site.js responded 304 in 0.7375 ms
[15:31:34 INF] HTTP GET /js/pos.js responded 200 in 1.8994 ms
[15:32:48 INF] HTTP POST /Pos/CompleteSale responded 200 in 1163.0377 ms
[15:39:22 INF] HTTP GET /Crm responded 200 in 197.9310 ms
[15:39:22 INF] HTTP GET /css/site.css responded 200 in 2.4032 ms
[15:39:22 INF] HTTP GET /lib/bootstrap/dist/css/bootstrap.min.css responded 200 in 1.6165 ms
[15:39:22 INF] HTTP GET /Biktal.WebMVC.styles.css responded 200 in 1.0364 ms
[15:39:22 INF] HTTP GET /lib/jquery/dist/jquery.min.js responded 200 in 1.1799 ms
[15:39:22 INF] HTTP GET /lib/bootstrap/dist/js/bootstrap.bundle.min.js responded 200 in 1.3343 ms
[15:39:22 INF] HTTP GET /js/site.js responded 200 in 1.6680 ms
[15:40:15 INF] HTTP GET /Installments responded 200 in 202.5118 ms
[15:40:15 INF] HTTP GET /css/site.css responded 200 in 2.1245 ms
[15:40:15 INF] HTTP GET /lib/jquery/dist/jquery.min.js responded 304 in 0.5752 ms
[15:40:15 INF] HTTP GET /Biktal.WebMVC.styles.css responded 200 in 1.7630 ms
[15:40:15 INF] HTTP GET /lib/bootstrap/dist/css/bootstrap.min.css responded 200 in 4.5115 ms
[15:40:15 INF] HTTP GET /lib/bootstrap/dist/js/bootstrap.bundle.min.js responded 304 in 2.4483 ms
[15:40:15 INF] HTTP GET /js/site.js responded 304 in 1.1705 ms
[15:42:10 INF] HTTP GET /Installments/New responded 200 in 206.5841 ms
[15:42:10 INF] HTTP GET /css/site.css responded 200 in 1.1597 ms
[15:42:10 INF] HTTP GET /lib/jquery/dist/jquery.min.js responded 200 in 1.1503 ms
[15:42:10 INF] HTTP GET /lib/bootstrap/dist/css/bootstrap.min.css responded 200 in 1.9546 ms
[15:42:10 INF] HTTP GET /Biktal.WebMVC.styles.css responded 200 in 1.1083 ms
[15:42:10 INF] HTTP GET /lib/bootstrap/dist/js/bootstrap.bundle.min.js responded 200 in 2.5761 ms
[15:42:10 INF] HTTP GET /js/site.js responded 200 in 1.0285 ms
[15:42:10 INF] HTTP GET /lib/jquery-validation/dist/jquery.validate.min.js responded 200 in 1.1271 ms
[15:42:10 INF] HTTP GET /lib/jquery-validation-unobtrusive/dist/jquery.validate.unobtrusive.min.js responded 200 in 1.7275 ms
[15:42:22 INF] HTTP GET /Crm/Customers responded 200 in 62.1424 ms
[15:42:22 INF] HTTP GET /css/site.css responded 200 in 0.9294 ms
[15:42:22 INF] HTTP GET /lib/bootstrap/dist/css/bootstrap.min.css responded 200 in 2.6127 ms
[15:42:22 INF] HTTP GET /lib/jquery/dist/jquery.min.js responded 304 in 0.4838 ms
[15:42:22 INF] HTTP GET /lib/bootstrap/dist/js/bootstrap.bundle.min.js responded 304 in 0.4316 ms
[15:42:22 INF] HTTP GET /Biktal.WebMVC.styles.css responded 200 in 9.6194 ms
[15:42:22 INF] HTTP GET /js/site.js responded 304 in 0.6887 ms
[15:42:24 INF] HTTP GET /Crm/NewCustomer responded 200 in 79.2641 ms
[15:42:24 INF] HTTP GET /lib/bootstrap/dist/css/bootstrap.min.css responded 304 in 16.4688 ms
[15:42:24 INF] HTTP GET /css/site.css responded 304 in 0.7005 ms
[15:42:24 INF] HTTP GET /Biktal.WebMVC.styles.css responded 304 in 0.7704 ms
[15:42:24 INF] HTTP GET /lib/jquery/dist/jquery.min.js responded 304 in 2.0599 ms
[15:42:24 INF] HTTP GET /lib/bootstrap/dist/js/bootstrap.bundle.min.js responded 304 in 0.4961 ms
[15:42:24 INF] HTTP GET /js/site.js responded 304 in 0.5662 ms
[15:42:24 INF] HTTP GET /lib/jquery-validation/dist/jquery.validate.min.js responded 304 in 0.3505 ms
[15:42:24 INF] HTTP GET /lib/jquery-validation-unobtrusive/dist/jquery.validate.unobtrusive.min.js responded 304 in 0.6163 ms
[15:42:52 INF] HTTP POST /Crm/CreateCustomer responded 302 in 139.2201 ms
[15:42:52 INF] HTTP GET /Crm/Customers responded 200 in 14.3101 ms
[15:42:52 INF] HTTP GET /lib/bootstrap/dist/css/bootstrap.min.css responded 200 in 6.8533 ms
[15:42:52 INF] HTTP GET /lib/jquery/dist/jquery.min.js responded 304 in 0.4811 ms
[15:42:52 INF] HTTP GET /css/site.css responded 304 in 0.2730 ms
[15:42:52 INF] HTTP GET /Biktal.WebMVC.styles.css responded 304 in 0.4347 ms
[15:42:52 INF] HTTP GET /lib/bootstrap/dist/js/bootstrap.bundle.min.js responded 304 in 0.6362 ms
[15:42:52 INF] HTTP GET /js/site.js responded 304 in 0.8536 ms
[15:42:54 INF] HTTP GET /Installments responded 200 in 10.3848 ms
[15:42:54 INF] HTTP GET /css/site.css responded 304 in 1.0684 ms
[15:42:54 INF] HTTP GET /lib/jquery/dist/jquery.min.js responded 304 in 0.3922 ms
[15:42:54 INF] HTTP GET /lib/bootstrap/dist/js/bootstrap.bundle.min.js responded 304 in 0.6614 ms
[15:42:54 INF] HTTP GET /lib/bootstrap/dist/css/bootstrap.min.css responded 200 in 3.0824 ms
[15:42:54 INF] HTTP GET /Biktal.WebMVC.styles.css responded 304 in 2.7165 ms
[15:42:54 INF] HTTP GET /js/site.js responded 304 in 0.4976 ms
[15:42:55 INF] HTTP GET /Installments/New responded 200 in 20.4862 ms
[15:42:55 INF] HTTP GET /lib/bootstrap/dist/css/bootstrap.min.css responded 200 in 9.7120 ms
[15:42:55 INF] HTTP GET /css/site.css responded 304 in 2.6663 ms
[15:42:55 INF] HTTP GET /Biktal.WebMVC.styles.css responded 304 in 2.8671 ms
[15:42:55 INF] HTTP GET /lib/jquery/dist/jquery.min.js responded 304 in 0.6877 ms
[15:42:55 INF] HTTP GET /lib/bootstrap/dist/js/bootstrap.bundle.min.js responded 304 in 0.4433 ms
[15:42:55 INF] HTTP GET /js/site.js responded 304 in 0.7660 ms
[15:42:55 INF] HTTP GET /lib/jquery-validation/dist/jquery.validate.min.js responded 304 in 0.4077 ms
[15:42:55 INF] HTTP GET /lib/jquery-validation-unobtrusive/dist/jquery.validate.unobtrusive.min.js responded 304 in 3.1901 ms
[15:44:37 INF] HTTP POST /Installments/Create responded 302 in 533.3699 ms
[15:44:37 WRN] Compiling a query which loads related collections for more than one collection navigation, either via 'Include' or through projection, but no 'QuerySplittingBehavior' has been configured. By default, Entity Framework will use 'QuerySplittingBehavior.SingleQuery', which can potentially result in slow query performance. See https://go.microsoft.com/fwlink/?linkid=2134277 for more information. To identify the query that's triggering this warning call 'ConfigureWarnings(w => w.Throw(RelationalEventId.MultipleCollectionIncludeWarning))'.
[15:44:37 INF] HTTP GET /Installments/Detail/9a9f0d23-ca75-48ce-ae32-9bedb3939380 responded 200 in 207.5114 ms
[15:44:37 INF] HTTP GET /css/site.css responded 200 in 0.9751 ms
[15:44:37 INF] HTTP GET /js/site.js responded 200 in 2.5137 ms
[15:44:37 INF] HTTP GET /lib/bootstrap/dist/js/bootstrap.bundle.min.js responded 200 in 4.1353 ms
[15:44:37 INF] HTTP GET /lib/jquery-validation/dist/jquery.validate.min.js responded 200 in 0.8612 ms
[15:44:37 INF] HTTP GET /lib/bootstrap/dist/css/bootstrap.min.css responded 200 in 1.6352 ms
[15:44:37 INF] HTTP GET /Biktal.WebMVC.styles.css responded 200 in 0.8862 ms
[15:44:37 INF] HTTP GET /lib/jquery/dist/jquery.min.js responded 200 in 1.2730 ms
[15:44:37 INF] HTTP GET /lib/jquery-validation-unobtrusive/dist/jquery.validate.unobtrusive.min.js responded 200 in 0.9322 ms
[15:44:53 INF] HTTP GET /Installments/New responded 200 in 6.8042 ms
[15:44:53 INF] HTTP GET /css/site.css responded 200 in 1.4377 ms
[15:44:53 INF] HTTP GET /Biktal.WebMVC.styles.css responded 200 in 0.8343 ms
[15:44:53 INF] HTTP GET /lib/jquery/dist/jquery.min.js responded 304 in 0.6407 ms
[15:44:53 INF] HTTP GET /lib/bootstrap/dist/css/bootstrap.min.css responded 200 in 5.8807 ms
[15:44:53 INF] HTTP GET /lib/bootstrap/dist/js/bootstrap.bundle.min.js responded 304 in 1.0993 ms
[15:44:53 INF] HTTP GET /js/site.js responded 304 in 0.4395 ms
[15:44:53 INF] HTTP GET /lib/jquery-validation/dist/jquery.validate.min.js responded 304 in 0.4297 ms
[15:44:53 INF] HTTP GET /lib/jquery-validation-unobtrusive/dist/jquery.validate.unobtrusive.min.js responded 304 in 0.4457 ms
[15:44:55 INF] HTTP GET /Installments responded 200 in 11.6472 ms
[15:44:55 INF] HTTP GET /lib/bootstrap/dist/css/bootstrap.min.css responded 200 in 4.4338 ms
[15:44:55 INF] HTTP GET /css/site.css responded 200 in 1.2890 ms
[15:44:55 INF] HTTP GET /lib/bootstrap/dist/js/bootstrap.bundle.min.js responded 304 in 0.4354 ms
[15:44:55 INF] HTTP GET /Biktal.WebMVC.styles.css responded 200 in 1.2861 ms
[15:44:55 INF] HTTP GET /js/site.js responded 304 in 0.3889 ms
[15:44:55 INF] HTTP GET /lib/jquery/dist/jquery.min.js responded 304 in 0.4467 ms
[15:45:05 INF] HTTP GET /Installments/New responded 200 in 12.0392 ms
[15:45:05 INF] HTTP GET /lib/bootstrap/dist/css/bootstrap.min.css responded 200 in 14.5760 ms
[15:45:05 INF] HTTP GET /css/site.css responded 200 in 3.7332 ms
[15:45:05 INF] HTTP GET /lib/jquery/dist/jquery.min.js responded 304 in 3.4565 ms
[15:45:05 INF] HTTP GET /lib/bootstrap/dist/js/bootstrap.bundle.min.js responded 304 in 0.4676 ms
[15:45:05 INF] HTTP GET /Biktal.WebMVC.styles.css responded 200 in 2.7286 ms
[15:45:05 INF] HTTP GET /js/site.js responded 304 in 0.5698 ms
[15:45:05 INF] HTTP GET /lib/jquery-validation/dist/jquery.validate.min.js responded 304 in 0.7293 ms
[15:45:05 INF] HTTP GET /lib/jquery-validation-unobtrusive/dist/jquery.validate.unobtrusive.min.js responded 304 in 0.4826 ms
[15:46:47 INF] HTTP POST /Installments/Create responded 302 in 40.5096 ms
[15:46:47 INF] HTTP GET /Installments/Detail/014cb73a-ff02-449a-bd0b-53b30c369844 responded 200 in 16.9242 ms
[15:46:48 INF] HTTP GET /lib/bootstrap/dist/css/bootstrap.min.css responded 200 in 14.1985 ms
[15:46:48 INF] HTTP GET /css/site.css responded 200 in 3.1420 ms
[15:46:48 INF] HTTP GET /Biktal.WebMVC.styles.css responded 200 in 1.8299 ms
[15:46:48 INF] HTTP GET /lib/jquery/dist/jquery.min.js responded 304 in 0.9312 ms
[15:46:48 INF] HTTP GET /js/site.js responded 304 in 0.4214 ms
[15:46:48 INF] HTTP GET /lib/jquery-validation/dist/jquery.validate.min.js responded 304 in 0.9170 ms
[15:46:48 INF] HTTP GET /lib/bootstrap/dist/js/bootstrap.bundle.min.js responded 304 in 0.4584 ms
[15:46:48 INF] HTTP GET /lib/jquery-validation-unobtrusive/dist/jquery.validate.unobtrusive.min.js responded 304 in 0.5687 ms
[16:07:23 INF] Application is shutting down...
