[11:54:22 ERR] Failed executing DbCommand (6ms) [Parameters=[@p0='?' (DbType = Guid), @p1='?' (DbType = DateTime), @p2='?' (DbType = Guid), @p3='?', @p4='?' (DbType = DateTime), @p5='?' (DbType = Int32), @p6='?' (DbType = Int32), @p7='?', @p8='?', @p9='?' (DbType = Guid), @p10='?' (DbType = DateTime), @p11='?' (DbType = Guid), @p12='?', @p13='?' (DbType = DateTime), @p14='?' (DbType = Int32), @p15='?' (DbType = Int32), @p16='?', @p17='?'], CommandType='Text', CommandTimeout='30']
INSERT INTO "CrmSupportTickets" ("Id", "CreatedAtUtc", "CustomerId", "Description", "ModifiedAtUtc", "Priority", "Status", "Subject", "TicketNumber")
VALUES (@p0, @p1, @p2, @p3, @p4, @p5, @p6, @p7, @p8);
INSERT INTO "CrmSupportTickets" ("Id", "CreatedAtUtc", "CustomerId", "Description", "ModifiedAtUtc", "Priority", "Status", "Subject", "TicketNumber")
VALUES (@p9, @p10, @p11, @p12, @p13, @p14, @p15, @p16, @p17);
[11:54:22 ERR] An exception occurred in the database while saving changes for context type 'Biktal.Infrastructure.Persistence.ApplicationDbContext'.
Microsoft.EntityFrameworkCore.DbUpdateException: An error occurred while saving the entity changes. See the inner exception for details.
 ---> Npgsql.PostgresException (0x80004005): 23503: insert or update on table "CrmSupportTickets" violates foreign key constraint "FK_CrmSupportTickets_CrmCustomers_CustomerId"

DETAIL: Detail redacted as it may contain sensitive data. Specify 'Include Error Detail' in the connection string to include this information.
   at Npgsql.Internal.NpgsqlConnector.ReadMessageLong(Boolean async, DataRowLoadingMode dataRowLoadingMode, Boolean readingNotifications, Boolean isReadingPrependedMessage)
   at System.Runtime.CompilerServices.PoolingAsyncValueTaskMethodBuilder`1.StateMachineBox`1.System.Threading.Tasks.Sources.IValueTaskSource<TResult>.GetResult(Int16 token)
   at Npgsql.NpgsqlDataReader.NextResult(Boolean async, Boolean isConsuming, CancellationToken cancellationToken)
   at Npgsql.NpgsqlDataReader.NextResult(Boolean async, Boolean isConsuming, CancellationToken cancellationToken)
   at Npgsql.NpgsqlCommand.ExecuteReader(Boolean async, CommandBehavior behavior, CancellationToken cancellationToken)
   at Npgsql.NpgsqlCommand.ExecuteReader(Boolean async, CommandBehavior behavior, CancellationToken cancellationToken)
   at Npgsql.NpgsqlCommand.ExecuteDbDataReaderAsync(CommandBehavior behavior, CancellationToken cancellationToken)
   at Microsoft.EntityFrameworkCore.Storage.RelationalCommand.ExecuteReaderAsync(RelationalCommandParameterObject parameterObject, CancellationToken cancellationToken)
   at Microsoft.EntityFrameworkCore.Storage.RelationalCommand.ExecuteReaderAsync(RelationalCommandParameterObject parameterObject, CancellationToken cancellationToken)
   at Microsoft.EntityFrameworkCore.Update.ReaderModificationCommandBatch.ExecuteAsync(IRelationalConnection connection, CancellationToken cancellationToken)
  Exception data:
    Severity: ERROR
    SqlState: 23503
    MessageText: insert or update on table "CrmSupportTickets" violates foreign key constraint "FK_CrmSupportTickets_CrmCustomers_CustomerId"
    Detail: Detail redacted as it may contain sensitive data. Specify 'Include Error Detail' in the connection string to include this information.
    SchemaName: public
    TableName: CrmSupportTickets
    ConstraintName: FK_CrmSupportTickets_CrmCustomers_CustomerId
    File: ri_triggers.c
    Line: 2783
    Routine: ri_ReportViolation
   --- End of inner exception stack trace ---
   at Microsoft.EntityFrameworkCore.Update.ReaderModificationCommandBatch.ExecuteAsync(IRelationalConnection connection, CancellationToken cancellationToken)
   at Microsoft.EntityFrameworkCore.Update.Internal.BatchExecutor.ExecuteAsync(IEnumerable`1 commandBatches, IRelationalConnection connection, CancellationToken cancellationToken)
   at Microsoft.EntityFrameworkCore.Update.Internal.BatchExecutor.ExecuteAsync(IEnumerable`1 commandBatches, IRelationalConnection connection, CancellationToken cancellationToken)
   at Microsoft.EntityFrameworkCore.Update.Internal.BatchExecutor.ExecuteAsync(IEnumerable`1 commandBatches, IRelationalConnection connection, CancellationToken cancellationToken)
   at Microsoft.EntityFrameworkCore.Storage.RelationalDatabase.SaveChangesAsync(IList`1 entries, CancellationToken cancellationToken)
   at Microsoft.EntityFrameworkCore.ChangeTracking.Internal.StateManager.SaveChangesAsync(IList`1 entriesToSave, CancellationToken cancellationToken)
   at Microsoft.EntityFrameworkCore.ChangeTracking.Internal.StateManager.SaveChangesAsync(StateManager stateManager, Boolean acceptAllChangesOnSuccess, CancellationToken cancellationToken)
   at Npgsql.EntityFrameworkCore.PostgreSQL.Storage.Internal.NpgsqlExecutionStrategy.ExecuteAsync[TState,TResult](TState state, Func`4 operation, Func`4 verifySucceeded, CancellationToken cancellationToken)
   at Microsoft.EntityFrameworkCore.DbContext.SaveChangesAsync(Boolean acceptAllChangesOnSuccess, CancellationToken cancellationToken)
Microsoft.EntityFrameworkCore.DbUpdateException: An error occurred while saving the entity changes. See the inner exception for details.
 ---> Npgsql.PostgresException (0x80004005): 23503: insert or update on table "CrmSupportTickets" violates foreign key constraint "FK_CrmSupportTickets_CrmCustomers_CustomerId"

DETAIL: Detail redacted as it may contain sensitive data. Specify 'Include Error Detail' in the connection string to include this information.
   at Npgsql.Internal.NpgsqlConnector.ReadMessageLong(Boolean async, DataRowLoadingMode dataRowLoadingMode, Boolean readingNotifications, Boolean isReadingPrependedMessage)
   at System.Runtime.CompilerServices.PoolingAsyncValueTaskMethodBuilder`1.StateMachineBox`1.System.Threading.Tasks.Sources.IValueTaskSource<TResult>.GetResult(Int16 token)
   at Npgsql.NpgsqlDataReader.NextResult(Boolean async, Boolean isConsuming, CancellationToken cancellationToken)
   at Npgsql.NpgsqlDataReader.NextResult(Boolean async, Boolean isConsuming, CancellationToken cancellationToken)
   at Npgsql.NpgsqlCommand.ExecuteReader(Boolean async, CommandBehavior behavior, CancellationToken cancellationToken)
   at Npgsql.NpgsqlCommand.ExecuteReader(Boolean async, CommandBehavior behavior, CancellationToken cancellationToken)
   at Npgsql.NpgsqlCommand.ExecuteDbDataReaderAsync(CommandBehavior behavior, CancellationToken cancellationToken)
   at Microsoft.EntityFrameworkCore.Storage.RelationalCommand.ExecuteReaderAsync(RelationalCommandParameterObject parameterObject, CancellationToken cancellationToken)
   at Microsoft.EntityFrameworkCore.Storage.RelationalCommand.ExecuteReaderAsync(RelationalCommandParameterObject parameterObject, CancellationToken cancellationToken)
   at Microsoft.EntityFrameworkCore.Update.ReaderModificationCommandBatch.ExecuteAsync(IRelationalConnection connection, CancellationToken cancellationToken)
  Exception data:
    Severity: ERROR
    SqlState: 23503
    MessageText: insert or update on table "CrmSupportTickets" violates foreign key constraint "FK_CrmSupportTickets_CrmCustomers_CustomerId"
    Detail: Detail redacted as it may contain sensitive data. Specify 'Include Error Detail' in the connection string to include this information.
    SchemaName: public
    TableName: CrmSupportTickets
    ConstraintName: FK_CrmSupportTickets_CrmCustomers_CustomerId
    File: ri_triggers.c
    Line: 2783
    Routine: ri_ReportViolation
   --- End of inner exception stack trace ---
   at Microsoft.EntityFrameworkCore.Update.ReaderModificationCommandBatch.ExecuteAsync(IRelationalConnection connection, CancellationToken cancellationToken)
   at Microsoft.EntityFrameworkCore.Update.Internal.BatchExecutor.ExecuteAsync(IEnumerable`1 commandBatches, IRelationalConnection connection, CancellationToken cancellationToken)
   at Microsoft.EntityFrameworkCore.Update.Internal.BatchExecutor.ExecuteAsync(IEnumerable`1 commandBatches, IRelationalConnection connection, CancellationToken cancellationToken)
   at Microsoft.EntityFrameworkCore.Update.Internal.BatchExecutor.ExecuteAsync(IEnumerable`1 commandBatches, IRelationalConnection connection, CancellationToken cancellationToken)
   at Microsoft.EntityFrameworkCore.Storage.RelationalDatabase.SaveChangesAsync(IList`1 entries, CancellationToken cancellationToken)
   at Microsoft.EntityFrameworkCore.ChangeTracking.Internal.StateManager.SaveChangesAsync(IList`1 entriesToSave, CancellationToken cancellationToken)
   at Microsoft.EntityFrameworkCore.ChangeTracking.Internal.StateManager.SaveChangesAsync(StateManager stateManager, Boolean acceptAllChangesOnSuccess, CancellationToken cancellationToken)
   at Npgsql.EntityFrameworkCore.PostgreSQL.Storage.Internal.NpgsqlExecutionStrategy.ExecuteAsync[TState,TResult](TState state, Func`4 operation, Func`4 verifySucceeded, CancellationToken cancellationToken)
   at Microsoft.EntityFrameworkCore.DbContext.SaveChangesAsync(Boolean acceptAllChangesOnSuccess, CancellationToken cancellationToken)
[11:54:22 ERR] Database migration or seed failed. Check PostgreSQL is running and ConnectionStrings:DefaultConnection is correct.
Microsoft.EntityFrameworkCore.DbUpdateException: An error occurred while saving the entity changes. See the inner exception for details.
 ---> Npgsql.PostgresException (0x80004005): 23503: insert or update on table "CrmSupportTickets" violates foreign key constraint "FK_CrmSupportTickets_CrmCustomers_CustomerId"

DETAIL: Detail redacted as it may contain sensitive data. Specify 'Include Error Detail' in the connection string to include this information.
   at Npgsql.Internal.NpgsqlConnector.ReadMessageLong(Boolean async, DataRowLoadingMode dataRowLoadingMode, Boolean readingNotifications, Boolean isReadingPrependedMessage)
   at System.Runtime.CompilerServices.PoolingAsyncValueTaskMethodBuilder`1.StateMachineBox`1.System.Threading.Tasks.Sources.IValueTaskSource<TResult>.GetResult(Int16 token)
   at Npgsql.NpgsqlDataReader.NextResult(Boolean async, Boolean isConsuming, CancellationToken cancellationToken)
   at Npgsql.NpgsqlDataReader.NextResult(Boolean async, Boolean isConsuming, CancellationToken cancellationToken)
   at Npgsql.NpgsqlCommand.ExecuteReader(Boolean async, CommandBehavior behavior, CancellationToken cancellationToken)
   at Npgsql.NpgsqlCommand.ExecuteReader(Boolean async, CommandBehavior behavior, CancellationToken cancellationToken)
   at Npgsql.NpgsqlCommand.ExecuteDbDataReaderAsync(CommandBehavior behavior, CancellationToken cancellationToken)
   at Microsoft.EntityFrameworkCore.Storage.RelationalCommand.ExecuteReaderAsync(RelationalCommandParameterObject parameterObject, CancellationToken cancellationToken)
   at Microsoft.EntityFrameworkCore.Storage.RelationalCommand.ExecuteReaderAsync(RelationalCommandParameterObject parameterObject, CancellationToken cancellationToken)
   at Microsoft.EntityFrameworkCore.Update.ReaderModificationCommandBatch.ExecuteAsync(IRelationalConnection connection, CancellationToken cancellationToken)
  Exception data:
    Severity: ERROR
    SqlState: 23503
    MessageText: insert or update on table "CrmSupportTickets" violates foreign key constraint "FK_CrmSupportTickets_CrmCustomers_CustomerId"
    Detail: Detail redacted as it may contain sensitive data. Specify 'Include Error Detail' in the connection string to include this information.
    SchemaName: public
    TableName: CrmSupportTickets
    ConstraintName: FK_CrmSupportTickets_CrmCustomers_CustomerId
    File: ri_triggers.c
    Line: 2783
    Routine: ri_ReportViolation
   --- End of inner exception stack trace ---
   at Microsoft.EntityFrameworkCore.Update.ReaderModificationCommandBatch.ExecuteAsync(IRelationalConnection connection, CancellationToken cancellationToken)
   at Microsoft.EntityFrameworkCore.Update.Internal.BatchExecutor.ExecuteAsync(IEnumerable`1 commandBatches, IRelationalConnection connection, CancellationToken cancellationToken)
   at Microsoft.EntityFrameworkCore.Update.Internal.BatchExecutor.ExecuteAsync(IEnumerable`1 commandBatches, IRelationalConnection connection, CancellationToken cancellationToken)
   at Microsoft.EntityFrameworkCore.Update.Internal.BatchExecutor.ExecuteAsync(IEnumerable`1 commandBatches, IRelationalConnection connection, CancellationToken cancellationToken)
   at Microsoft.EntityFrameworkCore.Storage.RelationalDatabase.SaveChangesAsync(IList`1 entries, CancellationToken cancellationToken)
   at Microsoft.EntityFrameworkCore.ChangeTracking.Internal.StateManager.SaveChangesAsync(IList`1 entriesToSave, CancellationToken cancellationToken)
   at Microsoft.EntityFrameworkCore.ChangeTracking.Internal.StateManager.SaveChangesAsync(StateManager stateManager, Boolean acceptAllChangesOnSuccess, CancellationToken cancellationToken)
   at Npgsql.EntityFrameworkCore.PostgreSQL.Storage.Internal.NpgsqlExecutionStrategy.ExecuteAsync[TState,TResult](TState state, Func`4 operation, Func`4 verifySucceeded, CancellationToken cancellationToken)
   at Microsoft.EntityFrameworkCore.DbContext.SaveChangesAsync(Boolean acceptAllChangesOnSuccess, CancellationToken cancellationToken)
   at Microsoft.EntityFrameworkCore.DbContext.SaveChangesAsync(Boolean acceptAllChangesOnSuccess, CancellationToken cancellationToken)
   at Biktal.Infrastructure.Persistence.CrmDataSeeder.SeedIfEmptyAsync(ApplicationDbContext db, CancellationToken cancellationToken)
   at Program.<Main>$(String[] args) in d:\Systems\BiktalSystems\Program.cs:line 71
[11:54:22 WRN] Continuing without a successful migration/seed. Auth and data pages may fail until the database is available.
[11:54:22 WRN] Using an in-memory repository. Keys will not be persisted to storage.
[11:54:23 WRN] Neither user profile nor HKLM registry available. Using an ephemeral key repository. Protected data will be unavailable when application exits.
[11:54:23 WRN] No XML encryptor configured. Key {52388b7f-8324-4d75-8c84-d9a2a0820328} may be persisted to storage in unencrypted form.
[11:54:23 INF] Application started. Press Ctrl+C to shut down.
[11:54:23 INF] Hosting environment: Production
[11:54:23 INF] Content root path: D:\Systems\BiktalSystems\publish
[11:54:23 INF] HTTP GET /Pos responded 302 in 87.8900 ms
[11:54:23 ERR] An exception was thrown while deserializing the token.
Microsoft.AspNetCore.Antiforgery.AntiforgeryValidationException: The antiforgery token could not be decrypted.
 ---> System.Security.Cryptography.CryptographicException: The key {06676431-a72a-4283-8339-2418cd781a0d} was not found in the key ring. For more information go to https://aka.ms/aspnet/dataprotectionwarning
   at Microsoft.AspNetCore.DataProtection.KeyManagement.KeyRingBasedDataProtector.UnprotectCore(Byte[] protectedData, Boolean allowOperationsOnRevokedKeys, UnprotectStatus& status)
   at Microsoft.AspNetCore.DataProtection.KeyManagement.KeyRingBasedDataProtector.Unprotect(Byte[] protectedData)
   at Microsoft.AspNetCore.Antiforgery.DefaultAntiforgeryTokenSerializer.Deserialize(String serializedToken)
   --- End of inner exception stack trace ---
   at Microsoft.AspNetCore.Antiforgery.DefaultAntiforgeryTokenSerializer.Deserialize(String serializedToken)
   at Microsoft.AspNetCore.Antiforgery.DefaultAntiforgery.GetCookieTokenDoesNotThrow(HttpContext httpContext)
[11:54:23 INF] HTTP GET /Account/Login responded 200 in 247.9906 ms
[11:54:23 INF] HTTP GET /Biktal.WebMVC.styles.css responded 200 in 112.1592 ms
[11:54:23 INF] HTTP GET /js/site.js responded 200 in 105.3667 ms
[11:54:23 INF] HTTP GET /lib/jquery-validation/dist/jquery.validate.min.js responded 200 in 58.9461 ms
[11:54:23 INF] HTTP GET /lib/jquery-validation-unobtrusive/dist/jquery.validate.unobtrusive.min.js responded 200 in 105.6522 ms
[11:54:23 INF] HTTP GET /css/site.css responded 200 in 121.2302 ms
[11:54:23 INF] HTTP GET /lib/jquery/dist/jquery.min.js responded 200 in 115.9787 ms
[11:54:23 INF] HTTP GET /lib/bootstrap/dist/css/bootstrap.min.css responded 200 in 126.7829 ms
[11:54:23 INF] HTTP GET /lib/bootstrap/dist/js/bootstrap.bundle.min.js responded 200 in 117.9382 ms
[11:54:39 INF] HTTP POST /Account/Login responded 302 in 603.7861 ms
[11:54:39 WRN] The query uses the 'First'/'FirstOrDefault' operator without 'OrderBy' and filter operators. This may lead to unpredictable results.
[11:54:39 INF] HTTP GET /Pos responded 200 in 148.5005 ms
[11:54:39 INF] HTTP GET /lib/bootstrap/dist/css/bootstrap.min.css responded 200 in 10.1840 ms
[11:54:39 INF] HTTP GET /js/site.js responded 304 in 34.8869 ms
[11:54:39 INF] HTTP GET /Biktal.WebMVC.styles.css responded 200 in 41.4017 ms
[11:54:39 INF] HTTP GET /css/site.css responded 200 in 39.2580 ms
[11:54:39 INF] HTTP GET /js/pos.js responded 200 in 35.1377 ms
[11:54:39 INF] HTTP GET /lib/jquery/dist/jquery.min.js responded 304 in 42.5115 ms
[11:54:39 INF] HTTP GET /lib/bootstrap/dist/js/bootstrap.bundle.min.js responded 304 in 157.3201 ms
[11:54:41 INF] HTTP GET /Pos responded 200 in 36.7885 ms
[11:54:41 INF] HTTP GET /css/site.css responded 200 in 1.8690 ms
[11:54:41 INF] HTTP GET /js/pos.js responded 304 in 1.2688 ms
[11:54:41 INF] HTTP GET /js/site.js responded 304 in 1.0533 ms
[11:54:41 INF] HTTP GET /lib/bootstrap/dist/js/bootstrap.bundle.min.js responded 304 in 1.3769 ms
[11:54:41 INF] HTTP GET /lib/jquery/dist/jquery.min.js responded 304 in 1.2306 ms
[11:54:41 INF] HTTP GET /lib/bootstrap/dist/css/bootstrap.min.css responded 200 in 106.9129 ms
[11:54:41 INF] HTTP GET /Biktal.WebMVC.styles.css responded 200 in 4.2685 ms
[11:58:51 INF] HTTP GET /Finance responded 200 in 123.9229 ms
[11:58:51 INF] HTTP GET /css/site.css responded 200 in 1.8657 ms
[11:58:51 INF] HTTP GET /Biktal.WebMVC.styles.css responded 200 in 1.0372 ms
[11:58:51 INF] HTTP GET /lib/jquery/dist/jquery.min.js responded 200 in 1.1144 ms
[11:58:51 INF] HTTP GET /lib/bootstrap/dist/js/bootstrap.bundle.min.js responded 200 in 1.1317 ms
[11:58:51 INF] HTTP GET /js/site.js responded 200 in 1.0016 ms
[11:58:51 INF] HTTP GET /lib/bootstrap/dist/css/bootstrap.min.css responded 200 in 1.9291 ms
[11:59:02 INF] HTTP GET /Finance/Cashbox responded 200 in 350.4286 ms
[11:59:02 INF] HTTP GET /lib/bootstrap/dist/css/bootstrap.min.css responded 200 in 1.6703 ms
[11:59:02 INF] HTTP GET /css/site.css responded 200 in 2.3783 ms
[11:59:02 INF] HTTP GET /lib/jquery/dist/jquery.min.js responded 304 in 1.0803 ms
[11:59:02 INF] HTTP GET /Biktal.WebMVC.styles.css responded 200 in 1.6037 ms
[11:59:02 INF] HTTP GET /lib/bootstrap/dist/js/bootstrap.bundle.min.js responded 304 in 3.8435 ms
[11:59:02 INF] HTTP GET /js/site.js responded 304 in 1.6903 ms
[11:59:02 INF] HTTP GET /lib/jquery-validation-unobtrusive/dist/jquery.validate.unobtrusive.min.js responded 200 in 12.4587 ms
[11:59:02 INF] HTTP GET /lib/jquery-validation/dist/jquery.validate.min.js responded 200 in 29.6143 ms
[11:59:57 INF] HTTP POST /Finance/CloseCashboxSession responded 302 in 185.2479 ms
[11:59:57 INF] HTTP GET /Finance/Cashbox responded 200 in 29.9635 ms
[11:59:57 INF] HTTP GET /lib/bootstrap/dist/css/bootstrap.min.css responded 200 in 3.3488 ms
[11:59:57 INF] HTTP GET /css/site.css responded 200 in 1.2840 ms
[11:59:57 INF] HTTP GET /Biktal.WebMVC.styles.css responded 200 in 1.8695 ms
[11:59:57 INF] HTTP GET /lib/jquery/dist/jquery.min.js responded 200 in 3.3566 ms
[11:59:57 INF] HTTP GET /lib/bootstrap/dist/js/bootstrap.bundle.min.js responded 200 in 2.0313 ms
[11:59:57 INF] HTTP GET /js/site.js responded 200 in 2.2020 ms
[11:59:57 INF] HTTP GET /lib/jquery-validation/dist/jquery.validate.min.js responded 200 in 2.2948 ms
[11:59:57 INF] HTTP GET /lib/jquery-validation-unobtrusive/dist/jquery.validate.unobtrusive.min.js responded 200 in 0.9360 ms
[12:00:19 INF] HTTP POST /Finance/OpenCashboxSession responded 302 in 40.3045 ms
[12:00:19 INF] HTTP GET /Finance/Cashbox responded 200 in 22.9009 ms
[12:00:19 INF] HTTP GET /lib/bootstrap/dist/css/bootstrap.min.css responded 200 in 3.8608 ms
[12:00:19 INF] HTTP GET /css/site.css responded 200 in 1.4747 ms
[12:00:19 INF] HTTP GET /Biktal.WebMVC.styles.css responded 200 in 3.1533 ms
[12:00:19 INF] HTTP GET /lib/jquery/dist/jquery.min.js responded 304 in 2.7014 ms
[12:00:19 INF] HTTP GET /lib/jquery-validation/dist/jquery.validate.min.js responded 304 in 0.5385 ms
[12:00:19 INF] HTTP GET /js/site.js responded 304 in 1.3339 ms
[12:00:19 INF] HTTP GET /lib/jquery-validation-unobtrusive/dist/jquery.validate.unobtrusive.min.js responded 304 in 0.5894 ms
[12:00:19 INF] HTTP GET /lib/bootstrap/dist/js/bootstrap.bundle.min.js responded 304 in 0.9424 ms
[12:00:22 INF] HTTP GET /Pos responded 200 in 33.1470 ms
[12:00:22 INF] HTTP GET /lib/bootstrap/dist/css/bootstrap.min.css responded 200 in 7.7633 ms
[12:00:22 INF] HTTP GET /css/site.css responded 200 in 2.5655 ms
[12:00:22 INF] HTTP GET /Biktal.WebMVC.styles.css responded 200 in 1.5083 ms
[12:00:22 INF] HTTP GET /lib/jquery/dist/jquery.min.js responded 304 in 1.2328 ms
[12:00:22 INF] HTTP GET /lib/bootstrap/dist/js/bootstrap.bundle.min.js responded 304 in 0.8577 ms
[12:00:22 INF] HTTP GET /js/site.js responded 304 in 0.7643 ms
[12:00:22 INF] HTTP GET /js/pos.js responded 200 in 2.9661 ms
[12:01:07 INF] HTTP POST /Pos/CompleteSale responded 200 in 455.9643 ms
[12:02:12 INF] HTTP GET /Inventory responded 200 in 142.7219 ms
[12:02:12 INF] HTTP GET /lib/bootstrap/dist/css/bootstrap.min.css responded 200 in 2.0572 ms
[12:02:12 INF] HTTP GET /css/site.css responded 200 in 3.3124 ms
[12:02:12 INF] HTTP GET /Biktal.WebMVC.styles.css responded 200 in 2.1446 ms
[12:02:12 INF] HTTP GET /lib/jquery/dist/jquery.min.js responded 304 in 0.5499 ms
[12:02:12 INF] HTTP GET /lib/bootstrap/dist/js/bootstrap.bundle.min.js responded 304 in 0.5026 ms
[12:02:12 INF] HTTP GET /js/site.js responded 304 in 0.4955 ms
[12:02:14 INF] HTTP GET /Inventory/Products responded 200 in 321.0091 ms
[12:02:14 INF] HTTP GET /css/site.css responded 200 in 1.0521 ms
[12:02:14 INF] HTTP GET /Biktal.WebMVC.styles.css responded 200 in 0.8720 ms
[12:02:14 INF] HTTP GET /lib/bootstrap/dist/css/bootstrap.min.css responded 200 in 2.8219 ms
[12:02:15 INF] HTTP GET /lib/jquery/dist/jquery.min.js responded 304 in 0.4038 ms
[12:02:15 INF] HTTP GET /lib/bootstrap/dist/js/bootstrap.bundle.min.js responded 304 in 0.4589 ms
[12:02:15 INF] HTTP GET /js/site.js responded 304 in 0.4605 ms
[12:02:15 INF] HTTP GET /lib/jquery-validation/dist/jquery.validate.min.js responded 304 in 0.3020 ms
[12:02:15 INF] HTTP GET /lib/jquery-validation-unobtrusive/dist/jquery.validate.unobtrusive.min.js responded 304 in 0.4111 ms
[12:02:15 INF] HTTP GET /js/products-catalog-filter.js responded 200 in 1.0524 ms
[12:11:59 INF] HTTP POST /Inventory/AddProduct responded 302 in 269.2735 ms
[12:12:00 INF] HTTP GET /Inventory/Products responded 200 in 96.4025 ms
[12:12:00 INF] HTTP GET /css/site.css responded 200 in 2.3247 ms
[12:12:00 INF] HTTP GET /lib/bootstrap/dist/css/bootstrap.min.css responded 200 in 2.6149 ms
[12:12:00 INF] HTTP GET /Biktal.WebMVC.styles.css responded 200 in 2.1676 ms
[12:12:01 INF] HTTP GET /lib/jquery/dist/jquery.min.js responded 200 in 2.6008 ms
[12:12:01 INF] HTTP GET /lib/bootstrap/dist/js/bootstrap.bundle.min.js responded 200 in 1.2066 ms
[12:12:01 INF] HTTP GET /js/products-catalog-filter.js responded 200 in 1.5349 ms
[12:12:01 INF] HTTP GET /js/site.js responded 200 in 2.3915 ms
[12:12:01 INF] HTTP GET /lib/jquery-validation-unobtrusive/dist/jquery.validate.unobtrusive.min.js responded 200 in 0.9442 ms
[12:12:01 INF] HTTP GET /lib/jquery-validation/dist/jquery.validate.min.js responded 200 in 2.1723 ms
[12:12:03 INF] HTTP GET /Pos responded 200 in 16.9484 ms
[12:12:03 INF] HTTP GET /lib/bootstrap/dist/css/bootstrap.min.css responded 200 in 1.4949 ms
[12:12:03 INF] HTTP GET /css/site.css responded 200 in 2.0376 ms
[12:12:03 INF] HTTP GET /Biktal.WebMVC.styles.css responded 200 in 1.2375 ms
[12:12:03 INF] HTTP GET /lib/jquery/dist/jquery.min.js responded 304 in 0.5419 ms
[12:12:03 INF] HTTP GET /js/site.js responded 304 in 0.5290 ms
[12:12:03 INF] HTTP GET /lib/bootstrap/dist/js/bootstrap.bundle.min.js responded 304 in 0.5059 ms
[12:12:03 INF] HTTP GET /js/pos.js responded 200 in 1.3528 ms
[12:17:11 INF] HTTP POST /Pos/CompleteSale responded 200 in 110.3377 ms
[12:37:30 INF] Application is shutting down...
