[20:44:54 WRN] Using an in-memory repository. Keys will not be persisted to storage.
[20:44:54 WRN] Neither user profile nor HKLM registry available. Using an ephemeral key repository. Protected data will be unavailable when application exits.
[20:44:54 WRN] No XML encryptor configured. Key {9cf76c28-a27b-49fd-be49-9f1557fd9948} may be persisted to storage in unencrypted form.
[20:44:54 INF] Application started. Press Ctrl+C to shut down.
[20:44:54 INF] Hosting environment: Production
[20:44:54 INF] Content root path: D:\Systems\BiktalSystems\publish
[20:44:54 WRN] The query uses the 'First'/'FirstOrDefault' operator without 'OrderBy' and filter operators. This may lead to unpredictable results.
[20:44:54 ERR] An exception was thrown while deserializing the token.
Microsoft.AspNetCore.Antiforgery.AntiforgeryValidationException: The antiforgery token could not be decrypted.
 ---> System.Security.Cryptography.CryptographicException: The key {51ae80f3-99d3-495a-aaf4-8adc9767e96b} was not found in the key ring. For more information go to https://aka.ms/aspnet/dataprotectionwarning
   at Microsoft.AspNetCore.DataProtection.KeyManagement.KeyRingBasedDataProtector.UnprotectCore(Byte[] protectedData, Boolean allowOperationsOnRevokedKeys, UnprotectStatus& status)
   at Microsoft.AspNetCore.DataProtection.KeyManagement.KeyRingBasedDataProtector.Unprotect(Byte[] protectedData)
   at Microsoft.AspNetCore.Antiforgery.DefaultAntiforgeryTokenSerializer.Deserialize(String serializedToken)
   --- End of inner exception stack trace ---
   at Microsoft.AspNetCore.Antiforgery.DefaultAntiforgeryTokenSerializer.Deserialize(String serializedToken)
   at Microsoft.AspNetCore.Antiforgery.DefaultAntiforgery.GetCookieTokenDoesNotThrow(HttpContext httpContext)
[20:44:54 INF] HTTP GET / responded 200 in 501.3523 ms
[20:44:55 INF] HTTP GET /Biktal.WebMVC.styles.css responded 200 in 30.0161 ms
[20:44:55 INF] HTTP GET /css/site.css responded 200 in 84.1096 ms
[20:44:55 INF] HTTP GET /lib/bootstrap/dist/css/bootstrap.min.css responded 200 in 87.6032 ms
[20:44:55 INF] HTTP GET /js/site.js responded 200 in 65.0208 ms
[20:44:55 INF] HTTP GET /lib/bootstrap/dist/js/bootstrap.bundle.min.js responded 200 in 67.1506 ms
[20:44:55 INF] HTTP GET /js/pos.js responded 200 in 65.9809 ms
[20:44:55 INF] HTTP GET /lib/jquery/dist/jquery.min.js responded 200 in 105.9281 ms
[20:44:55 INF] HTTP GET /favicon.ico responded 200 in 6.2888 ms
[20:44:59 INF] HTTP GET /Finance responded 200 in 237.4778 ms
[20:44:59 INF] HTTP GET /lib/bootstrap/dist/css/bootstrap.min.css responded 200 in 3.0388 ms
[20:44:59 INF] HTTP GET /Biktal.WebMVC.styles.css responded 200 in 1.1924 ms
[20:44:59 INF] HTTP GET /css/site.css responded 200 in 4.6551 ms
[20:44:59 INF] HTTP GET /lib/jquery/dist/jquery.min.js responded 304 in 36.4928 ms
[20:44:59 INF] HTTP GET /js/site.js responded 304 in 21.9046 ms
[20:44:59 INF] HTTP GET /lib/bootstrap/dist/js/bootstrap.bundle.min.js responded 304 in 165.1743 ms
[20:45:00 INF] HTTP GET /Finance/Cashbox responded 200 in 455.5372 ms
[20:45:01 INF] HTTP GET /lib/bootstrap/dist/css/bootstrap.min.css responded 304 in 0.4574 ms
[20:45:01 INF] HTTP GET /css/site.css responded 304 in 1.1025 ms
[20:45:01 INF] HTTP GET /Biktal.WebMVC.styles.css responded 304 in 0.4108 ms
[20:45:01 INF] HTTP GET /lib/jquery/dist/jquery.min.js responded 304 in 0.2331 ms
[20:45:01 INF] HTTP GET /lib/bootstrap/dist/js/bootstrap.bundle.min.js responded 304 in 0.4564 ms
[20:45:01 INF] HTTP GET /js/site.js responded 304 in 0.3098 ms
[20:45:01 INF] HTTP GET /lib/jquery-validation/dist/jquery.validate.min.js responded 200 in 5.4592 ms
[20:45:01 INF] HTTP GET /lib/jquery-validation-unobtrusive/dist/jquery.validate.unobtrusive.min.js responded 200 in 5.8528 ms
[21:05:35 INF] Application is shutting down...
