[09:34:01 ERR] Failed executing DbCommand (35ms) [Parameters=[@p0='?' (DbType = Guid), @p1='?' (DbType = DateTime), @p2='?' (DbType = Guid), @p3='?', @p4='?' (DbType = DateTime), @p5='?' (DbType = Int32), @p6='?' (DbType = Int32), @p7='?', @p8='?', @p9='?' (DbType = Guid), @p10='?' (DbType = DateTime), @p11='?' (DbType = Guid), @p12='?', @p13='?' (DbType = DateTime), @p14='?' (DbType = Int32), @p15='?' (DbType = Int32), @p16='?', @p17='?'], CommandType='Text', CommandTimeout='30']
INSERT INTO "CrmSupportTickets" ("Id", "CreatedAtUtc", "CustomerId", "Description", "ModifiedAtUtc", "Priority", "Status", "Subject", "TicketNumber")
VALUES (@p0, @p1, @p2, @p3, @p4, @p5, @p6, @p7, @p8);
INSERT INTO "CrmSupportTickets" ("Id", "CreatedAtUtc", "CustomerId", "Description", "ModifiedAtUtc", "Priority", "Status", "Subject", "TicketNumber")
VALUES (@p9, @p10, @p11, @p12, @p13, @p14, @p15, @p16, @p17);
[09:34:01 ERR] An exception occurred in the database while saving changes for context type 'Biktal.Infrastructure.Persistence.ApplicationDbContext'.
Microsoft.EntityFrameworkCore.DbUpdateException: An error occurred while saving the entity changes. See the inner exception for details.
 ---> Npgsql.PostgresException (0x80004005): 23503: insert or update on table "CrmSupportTickets" violates foreign key constraint "FK_CrmSupportTickets_CrmCustomers_CustomerId"

DETAIL: Detail redacted as it may contain sensitive data. Specify 'Include Error Detail' in the connection string to include this information.
   at Npgsql.Internal.NpgsqlConnector.ReadMessageLong(Boolean async, DataRowLoadingMode dataRowLoadingMode, Boolean readingNotifications, Boolean isReadingPrependedMessage)
   at System.Runtime.CompilerServices.PoolingAsyncValueTaskMethodBuilder`1.StateMachineBox`1.System.Threading.Tasks.Sources.IValueTaskSource<TResult>.GetResult(Int16 token)
   at Npgsql.NpgsqlDataReader.NextResult(Boolean async, Boolean isConsuming, CancellationToken cancellationToken)
   at Npgsql.NpgsqlDataReader.NextResult(Boolean async, Boolean isConsuming, CancellationToken cancellationToken)
   at Npgsql.NpgsqlCommand.ExecuteReader(Boolean async, CommandBehavior behavior, CancellationToken cancellationToken)
   at Npgsql.NpgsqlCommand.ExecuteReader(Boolean async, CommandBehavior behavior, CancellationToken cancellationToken)
   at Npgsql.NpgsqlCommand.ExecuteDbDataReaderAsync(CommandBehavior behavior, CancellationToken cancellationToken)
   at Microsoft.EntityFrameworkCore.Storage.RelationalCommand.ExecuteReaderAsync(RelationalCommandParameterObject parameterObject, CancellationToken cancellationToken)
   at Microsoft.EntityFrameworkCore.Storage.RelationalCommand.ExecuteReaderAsync(RelationalCommandParameterObject parameterObject, CancellationToken cancellationToken)
   at Microsoft.EntityFrameworkCore.Update.ReaderModificationCommandBatch.ExecuteAsync(IRelationalConnection connection, CancellationToken cancellationToken)
  Exception data:
    Severity: ERROR
    SqlState: 23503
    MessageText: insert or update on table "CrmSupportTickets" violates foreign key constraint "FK_CrmSupportTickets_CrmCustomers_CustomerId"
    Detail: Detail redacted as it may contain sensitive data. Specify 'Include Error Detail' in the connection string to include this information.
    SchemaName: public
    TableName: CrmSupportTickets
    ConstraintName: FK_CrmSupportTickets_CrmCustomers_CustomerId
    File: ri_triggers.c
    Line: 2783
    Routine: ri_ReportViolation
   --- End of inner exception stack trace ---
   at Microsoft.EntityFrameworkCore.Update.ReaderModificationCommandBatch.ExecuteAsync(IRelationalConnection connection, CancellationToken cancellationToken)
   at Microsoft.EntityFrameworkCore.Update.Internal.BatchExecutor.ExecuteAsync(IEnumerable`1 commandBatches, IRelationalConnection connection, CancellationToken cancellationToken)
   at Microsoft.EntityFrameworkCore.Update.Internal.BatchExecutor.ExecuteAsync(IEnumerable`1 commandBatches, IRelationalConnection connection, CancellationToken cancellationToken)
   at Microsoft.EntityFrameworkCore.Update.Internal.BatchExecutor.ExecuteAsync(IEnumerable`1 commandBatches, IRelationalConnection connection, CancellationToken cancellationToken)
   at Microsoft.EntityFrameworkCore.Storage.RelationalDatabase.SaveChangesAsync(IList`1 entries, CancellationToken cancellationToken)
   at Microsoft.EntityFrameworkCore.ChangeTracking.Internal.StateManager.SaveChangesAsync(IList`1 entriesToSave, CancellationToken cancellationToken)
   at Microsoft.EntityFrameworkCore.ChangeTracking.Internal.StateManager.SaveChangesAsync(StateManager stateManager, Boolean acceptAllChangesOnSuccess, CancellationToken cancellationToken)
   at Npgsql.EntityFrameworkCore.PostgreSQL.Storage.Internal.NpgsqlExecutionStrategy.ExecuteAsync[TState,TResult](TState state, Func`4 operation, Func`4 verifySucceeded, CancellationToken cancellationToken)
   at Microsoft.EntityFrameworkCore.DbContext.SaveChangesAsync(Boolean acceptAllChangesOnSuccess, CancellationToken cancellationToken)
Microsoft.EntityFrameworkCore.DbUpdateException: An error occurred while saving the entity changes. See the inner exception for details.
 ---> Npgsql.PostgresException (0x80004005): 23503: insert or update on table "CrmSupportTickets" violates foreign key constraint "FK_CrmSupportTickets_CrmCustomers_CustomerId"

DETAIL: Detail redacted as it may contain sensitive data. Specify 'Include Error Detail' in the connection string to include this information.
   at Npgsql.Internal.NpgsqlConnector.ReadMessageLong(Boolean async, DataRowLoadingMode dataRowLoadingMode, Boolean readingNotifications, Boolean isReadingPrependedMessage)
   at System.Runtime.CompilerServices.PoolingAsyncValueTaskMethodBuilder`1.StateMachineBox`1.System.Threading.Tasks.Sources.IValueTaskSource<TResult>.GetResult(Int16 token)
   at Npgsql.NpgsqlDataReader.NextResult(Boolean async, Boolean isConsuming, CancellationToken cancellationToken)
   at Npgsql.NpgsqlDataReader.NextResult(Boolean async, Boolean isConsuming, CancellationToken cancellationToken)
   at Npgsql.NpgsqlCommand.ExecuteReader(Boolean async, CommandBehavior behavior, CancellationToken cancellationToken)
   at Npgsql.NpgsqlCommand.ExecuteReader(Boolean async, CommandBehavior behavior, CancellationToken cancellationToken)
   at Npgsql.NpgsqlCommand.ExecuteDbDataReaderAsync(CommandBehavior behavior, CancellationToken cancellationToken)
   at Microsoft.EntityFrameworkCore.Storage.RelationalCommand.ExecuteReaderAsync(RelationalCommandParameterObject parameterObject, CancellationToken cancellationToken)
   at Microsoft.EntityFrameworkCore.Storage.RelationalCommand.ExecuteReaderAsync(RelationalCommandParameterObject parameterObject, CancellationToken cancellationToken)
   at Microsoft.EntityFrameworkCore.Update.ReaderModificationCommandBatch.ExecuteAsync(IRelationalConnection connection, CancellationToken cancellationToken)
  Exception data:
    Severity: ERROR
    SqlState: 23503
    MessageText: insert or update on table "CrmSupportTickets" violates foreign key constraint "FK_CrmSupportTickets_CrmCustomers_CustomerId"
    Detail: Detail redacted as it may contain sensitive data. Specify 'Include Error Detail' in the connection string to include this information.
    SchemaName: public
    TableName: CrmSupportTickets
    ConstraintName: FK_CrmSupportTickets_CrmCustomers_CustomerId
    File: ri_triggers.c
    Line: 2783
    Routine: ri_ReportViolation
   --- End of inner exception stack trace ---
   at Microsoft.EntityFrameworkCore.Update.ReaderModificationCommandBatch.ExecuteAsync(IRelationalConnection connection, CancellationToken cancellationToken)
   at Microsoft.EntityFrameworkCore.Update.Internal.BatchExecutor.ExecuteAsync(IEnumerable`1 commandBatches, IRelationalConnection connection, CancellationToken cancellationToken)
   at Microsoft.EntityFrameworkCore.Update.Internal.BatchExecutor.ExecuteAsync(IEnumerable`1 commandBatches, IRelationalConnection connection, CancellationToken cancellationToken)
   at Microsoft.EntityFrameworkCore.Update.Internal.BatchExecutor.ExecuteAsync(IEnumerable`1 commandBatches, IRelationalConnection connection, CancellationToken cancellationToken)
   at Microsoft.EntityFrameworkCore.Storage.RelationalDatabase.SaveChangesAsync(IList`1 entries, CancellationToken cancellationToken)
   at Microsoft.EntityFrameworkCore.ChangeTracking.Internal.StateManager.SaveChangesAsync(IList`1 entriesToSave, CancellationToken cancellationToken)
   at Microsoft.EntityFrameworkCore.ChangeTracking.Internal.StateManager.SaveChangesAsync(StateManager stateManager, Boolean acceptAllChangesOnSuccess, CancellationToken cancellationToken)
   at Npgsql.EntityFrameworkCore.PostgreSQL.Storage.Internal.NpgsqlExecutionStrategy.ExecuteAsync[TState,TResult](TState state, Func`4 operation, Func`4 verifySucceeded, CancellationToken cancellationToken)
   at Microsoft.EntityFrameworkCore.DbContext.SaveChangesAsync(Boolean acceptAllChangesOnSuccess, CancellationToken cancellationToken)
[09:34:01 ERR] Database migration or seed failed. Check PostgreSQL is running and ConnectionStrings:DefaultConnection is correct.
Microsoft.EntityFrameworkCore.DbUpdateException: An error occurred while saving the entity changes. See the inner exception for details.
 ---> Npgsql.PostgresException (0x80004005): 23503: insert or update on table "CrmSupportTickets" violates foreign key constraint "FK_CrmSupportTickets_CrmCustomers_CustomerId"

DETAIL: Detail redacted as it may contain sensitive data. Specify 'Include Error Detail' in the connection string to include this information.
   at Npgsql.Internal.NpgsqlConnector.ReadMessageLong(Boolean async, DataRowLoadingMode dataRowLoadingMode, Boolean readingNotifications, Boolean isReadingPrependedMessage)
   at System.Runtime.CompilerServices.PoolingAsyncValueTaskMethodBuilder`1.StateMachineBox`1.System.Threading.Tasks.Sources.IValueTaskSource<TResult>.GetResult(Int16 token)
   at Npgsql.NpgsqlDataReader.NextResult(Boolean async, Boolean isConsuming, CancellationToken cancellationToken)
   at Npgsql.NpgsqlDataReader.NextResult(Boolean async, Boolean isConsuming, CancellationToken cancellationToken)
   at Npgsql.NpgsqlCommand.ExecuteReader(Boolean async, CommandBehavior behavior, CancellationToken cancellationToken)
   at Npgsql.NpgsqlCommand.ExecuteReader(Boolean async, CommandBehavior behavior, CancellationToken cancellationToken)
   at Npgsql.NpgsqlCommand.ExecuteDbDataReaderAsync(CommandBehavior behavior, CancellationToken cancellationToken)
   at Microsoft.EntityFrameworkCore.Storage.RelationalCommand.ExecuteReaderAsync(RelationalCommandParameterObject parameterObject, CancellationToken cancellationToken)
   at Microsoft.EntityFrameworkCore.Storage.RelationalCommand.ExecuteReaderAsync(RelationalCommandParameterObject parameterObject, CancellationToken cancellationToken)
   at Microsoft.EntityFrameworkCore.Update.ReaderModificationCommandBatch.ExecuteAsync(IRelationalConnection connection, CancellationToken cancellationToken)
  Exception data:
    Severity: ERROR
    SqlState: 23503
    MessageText: insert or update on table "CrmSupportTickets" violates foreign key constraint "FK_CrmSupportTickets_CrmCustomers_CustomerId"
    Detail: Detail redacted as it may contain sensitive data. Specify 'Include Error Detail' in the connection string to include this information.
    SchemaName: public
    TableName: CrmSupportTickets
    ConstraintName: FK_CrmSupportTickets_CrmCustomers_CustomerId
    File: ri_triggers.c
    Line: 2783
    Routine: ri_ReportViolation
   --- End of inner exception stack trace ---
   at Microsoft.EntityFrameworkCore.Update.ReaderModificationCommandBatch.ExecuteAsync(IRelationalConnection connection, CancellationToken cancellationToken)
   at Microsoft.EntityFrameworkCore.Update.Internal.BatchExecutor.ExecuteAsync(IEnumerable`1 commandBatches, IRelationalConnection connection, CancellationToken cancellationToken)
   at Microsoft.EntityFrameworkCore.Update.Internal.BatchExecutor.ExecuteAsync(IEnumerable`1 commandBatches, IRelationalConnection connection, CancellationToken cancellationToken)
   at Microsoft.EntityFrameworkCore.Update.Internal.BatchExecutor.ExecuteAsync(IEnumerable`1 commandBatches, IRelationalConnection connection, CancellationToken cancellationToken)
   at Microsoft.EntityFrameworkCore.Storage.RelationalDatabase.SaveChangesAsync(IList`1 entries, CancellationToken cancellationToken)
   at Microsoft.EntityFrameworkCore.ChangeTracking.Internal.StateManager.SaveChangesAsync(IList`1 entriesToSave, CancellationToken cancellationToken)
   at Microsoft.EntityFrameworkCore.ChangeTracking.Internal.StateManager.SaveChangesAsync(StateManager stateManager, Boolean acceptAllChangesOnSuccess, CancellationToken cancellationToken)
   at Npgsql.EntityFrameworkCore.PostgreSQL.Storage.Internal.NpgsqlExecutionStrategy.ExecuteAsync[TState,TResult](TState state, Func`4 operation, Func`4 verifySucceeded, CancellationToken cancellationToken)
   at Microsoft.EntityFrameworkCore.DbContext.SaveChangesAsync(Boolean acceptAllChangesOnSuccess, CancellationToken cancellationToken)
   at Microsoft.EntityFrameworkCore.DbContext.SaveChangesAsync(Boolean acceptAllChangesOnSuccess, CancellationToken cancellationToken)
   at Biktal.Infrastructure.Persistence.CrmDataSeeder.SeedIfEmptyAsync(ApplicationDbContext db, CancellationToken cancellationToken)
   at Program.<Main>$(String[] args) in d:\Systems\BiktalSystems\Program.cs:line 71
[09:34:01 WRN] Continuing without a successful migration/seed. Auth and data pages may fail until the database is available.
[09:34:01 WRN] Using an in-memory repository. Keys will not be persisted to storage.
[09:34:01 WRN] Neither user profile nor HKLM registry available. Using an ephemeral key repository. Protected data will be unavailable when application exits.
[09:34:01 WRN] No XML encryptor configured. Key {27eb0e44-e290-4624-83ff-ca1013e6888e} may be persisted to storage in unencrypted form.
[09:34:01 INF] Application started. Press Ctrl+C to shut down.
[09:34:01 INF] Hosting environment: Production
[09:34:01 INF] Content root path: D:\Systems\BiktalSystems\publish
[09:34:01 ERR] An exception was thrown while deserializing the token.
Microsoft.AspNetCore.Antiforgery.AntiforgeryValidationException: The antiforgery token could not be decrypted.
 ---> System.Security.Cryptography.CryptographicException: The key {51fa43d7-c5da-4fd0-8d0a-e122b9aa8f6d} was not found in the key ring. For more information go to https://aka.ms/aspnet/dataprotectionwarning
   at Microsoft.AspNetCore.DataProtection.KeyManagement.KeyRingBasedDataProtector.UnprotectCore(Byte[] protectedData, Boolean allowOperationsOnRevokedKeys, UnprotectStatus& status)
   at Microsoft.AspNetCore.DataProtection.KeyManagement.KeyRingBasedDataProtector.Unprotect(Byte[] protectedData)
   at Microsoft.AspNetCore.Antiforgery.DefaultAntiforgeryTokenSerializer.Deserialize(String serializedToken)
   --- End of inner exception stack trace ---
   at Microsoft.AspNetCore.Antiforgery.DefaultAntiforgeryTokenSerializer.Deserialize(String serializedToken)
   at Microsoft.AspNetCore.Antiforgery.DefaultAntiforgery.GetCookieTokenDoesNotThrow(HttpContext httpContext)
[09:34:02 INF] HTTP GET /Account/Login responded 200 in 399.2804 ms
[09:34:02 INF] HTTP GET /css/site.css responded 200 in 169.8714 ms
[09:34:02 INF] HTTP GET /Biktal.WebMVC.styles.css responded 200 in 163.8327 ms
[09:34:02 INF] HTTP GET /js/site.js responded 200 in 145.4694 ms
[09:34:02 INF] HTTP GET /lib/jquery-validation/dist/jquery.validate.min.js responded 200 in 147.5990 ms
[09:34:02 INF] HTTP GET /lib/jquery/dist/jquery.min.js responded 200 in 149.0606 ms
[09:34:02 INF] HTTP GET /lib/bootstrap/dist/js/bootstrap.bundle.min.js responded 200 in 166.6305 ms
[09:34:02 INF] HTTP GET /lib/bootstrap/dist/css/bootstrap.min.css responded 200 in 166.7602 ms
[09:34:02 INF] HTTP GET /lib/jquery-validation-unobtrusive/dist/jquery.validate.unobtrusive.min.js responded 200 in 135.4546 ms
[09:34:12 INF] HTTP POST /Account/Login responded 302 in 594.0311 ms
[09:34:13 INF] HTTP GET /Inventory/Products responded 200 in 479.2608 ms
[09:34:13 INF] HTTP GET /Biktal.WebMVC.styles.css responded 200 in 3.5889 ms
[09:34:13 INF] HTTP GET /css/site.css responded 200 in 3.6208 ms
[09:34:13 INF] HTTP GET /lib/bootstrap/dist/css/bootstrap.min.css responded 200 in 45.4344 ms
[09:34:13 INF] HTTP GET /lib/jquery/dist/jquery.min.js responded 304 in 30.3214 ms
[09:34:13 INF] HTTP GET /js/site.js responded 304 in 26.0597 ms
[09:34:13 INF] HTTP GET /lib/jquery-validation-unobtrusive/dist/jquery.validate.unobtrusive.min.js responded 304 in 25.0575 ms
[09:34:13 INF] HTTP GET /lib/jquery-validation/dist/jquery.validate.min.js responded 304 in 22.1026 ms
[09:34:13 INF] HTTP GET /js/products-catalog-filter.js responded 200 in 39.5188 ms
[09:34:14 INF] HTTP GET /lib/bootstrap/dist/js/bootstrap.bundle.min.js responded 304 in 135.5636 ms
[09:34:20 INF] HTTP GET /Finance responded 200 in 139.2190 ms
[09:34:20 INF] HTTP GET /lib/bootstrap/dist/css/bootstrap.min.css responded 304 in 0.8192 ms
[09:34:20 INF] HTTP GET /css/site.css responded 304 in 0.7170 ms
[09:34:20 INF] HTTP GET /js/site.js responded 304 in 0.6953 ms
[09:34:20 INF] HTTP GET /Biktal.WebMVC.styles.css responded 304 in 0.6735 ms
[09:34:20 INF] HTTP GET /lib/jquery/dist/jquery.min.js responded 304 in 0.5329 ms
[09:34:20 INF] HTTP GET /lib/bootstrap/dist/js/bootstrap.bundle.min.js responded 304 in 0.5484 ms
[09:34:23 INF] HTTP GET /Finance/Cashbox responded 200 in 365.7367 ms
[09:34:23 INF] HTTP GET /lib/bootstrap/dist/css/bootstrap.min.css responded 304 in 1.8267 ms
[09:34:23 INF] HTTP GET /css/site.css responded 304 in 1.9209 ms
[09:34:23 INF] HTTP GET /lib/jquery/dist/jquery.min.js responded 304 in 1.1692 ms
[09:34:23 INF] HTTP GET /Biktal.WebMVC.styles.css responded 304 in 1.4505 ms
[09:34:23 INF] HTTP GET /lib/bootstrap/dist/js/bootstrap.bundle.min.js responded 304 in 1.5824 ms
[09:34:23 INF] HTTP GET /js/site.js responded 304 in 1.3336 ms
[09:34:23 INF] HTTP GET /lib/jquery-validation/dist/jquery.validate.min.js responded 304 in 2.0046 ms
[09:34:23 INF] HTTP GET /lib/jquery-validation-unobtrusive/dist/jquery.validate.unobtrusive.min.js responded 304 in 1.2438 ms
[09:35:25 INF] HTTP POST /Finance/CloseCashboxSession responded 302 in 141.9828 ms
[09:35:25 INF] HTTP GET /Finance/Cashbox responded 200 in 31.6083 ms
[09:35:25 INF] HTTP GET /Biktal.WebMVC.styles.css responded 200 in 4.8422 ms
[09:35:25 INF] HTTP GET /css/site.css responded 200 in 20.3116 ms
[09:35:25 INF] HTTP GET /lib/jquery/dist/jquery.min.js responded 200 in 21.1081 ms
[09:35:25 INF] HTTP GET /lib/bootstrap/dist/css/bootstrap.min.css responded 200 in 39.1466 ms
[09:35:25 INF] HTTP GET /lib/jquery-validation-unobtrusive/dist/jquery.validate.unobtrusive.min.js responded 200 in 4.1163 ms
[09:35:25 INF] HTTP GET /js/site.js responded 200 in 12.5840 ms
[09:35:25 INF] HTTP GET /lib/jquery-validation/dist/jquery.validate.min.js responded 200 in 7.5350 ms
[09:35:25 INF] HTTP GET /lib/bootstrap/dist/js/bootstrap.bundle.min.js responded 200 in 26.2648 ms
[09:35:32 INF] HTTP POST /Finance/OpenCashboxSession responded 302 in 31.3049 ms
[09:35:32 INF] HTTP GET /Finance/Cashbox responded 200 in 16.9471 ms
[09:35:32 INF] HTTP GET /css/site.css responded 200 in 1.0225 ms
[09:35:32 INF] HTTP GET /Biktal.WebMVC.styles.css responded 200 in 0.9808 ms
[09:35:32 INF] HTTP GET /lib/bootstrap/dist/css/bootstrap.min.css responded 200 in 2.5475 ms
[09:35:32 INF] HTTP GET /lib/jquery/dist/jquery.min.js responded 200 in 7.1718 ms
[09:35:32 INF] HTTP GET /lib/bootstrap/dist/js/bootstrap.bundle.min.js responded 200 in 3.7114 ms
[09:35:32 INF] HTTP GET /lib/jquery-validation/dist/jquery.validate.min.js responded 200 in 1.2743 ms
[09:35:32 INF] HTTP GET /lib/jquery-validation-unobtrusive/dist/jquery.validate.unobtrusive.min.js responded 200 in 0.8744 ms
[09:35:32 INF] HTTP GET /js/site.js responded 200 in 0.9878 ms
[09:35:45 INF] HTTP POST /Finance/CloseCashboxSession responded 302 in 16.9375 ms
[09:35:45 INF] HTTP GET /Finance/Cashbox responded 200 in 21.2563 ms
[09:35:46 INF] HTTP GET /lib/bootstrap/dist/css/bootstrap.min.css responded 200 in 1.3312 ms
[09:35:46 INF] HTTP GET /css/site.css responded 200 in 1.1226 ms
[09:35:46 INF] HTTP GET /Biktal.WebMVC.styles.css responded 200 in 0.8164 ms
[09:35:46 INF] HTTP GET /lib/jquery/dist/jquery.min.js responded 304 in 5.0490 ms
[09:35:46 INF] HTTP GET /lib/bootstrap/dist/js/bootstrap.bundle.min.js responded 304 in 1.4044 ms
[09:35:46 INF] HTTP GET /js/site.js responded 304 in 0.5130 ms
[09:35:46 INF] HTTP GET /lib/jquery-validation/dist/jquery.validate.min.js responded 304 in 0.4777 ms
[09:35:46 INF] HTTP GET /lib/jquery-validation-unobtrusive/dist/jquery.validate.unobtrusive.min.js responded 304 in 2.6513 ms
[09:35:56 INF] HTTP POST /Finance/OpenCashboxSession responded 302 in 7.3712 ms
[09:35:56 INF] HTTP GET /Finance/Cashbox responded 200 in 16.8663 ms
[09:35:56 INF] HTTP GET /css/site.css responded 200 in 0.9796 ms
[09:35:56 INF] HTTP GET /Biktal.WebMVC.styles.css responded 200 in 1.0601 ms
[09:35:56 INF] HTTP GET /lib/jquery/dist/jquery.min.js responded 304 in 0.4629 ms
[09:35:56 INF] HTTP GET /lib/bootstrap/dist/js/bootstrap.bundle.min.js responded 304 in 0.4501 ms
[09:35:56 INF] HTTP GET /js/site.js responded 304 in 0.4172 ms
[09:35:56 INF] HTTP GET /lib/jquery-validation/dist/jquery.validate.min.js responded 304 in 0.3982 ms
[09:35:56 INF] HTTP GET /lib/bootstrap/dist/css/bootstrap.min.css responded 200 in 1.2336 ms
[09:35:56 INF] HTTP GET /lib/jquery-validation-unobtrusive/dist/jquery.validate.unobtrusive.min.js responded 304 in 5.1608 ms
[09:41:59 INF] HTTP GET /Inventory responded 200 in 213.0345 ms
[09:41:59 INF] HTTP GET /lib/bootstrap/dist/css/bootstrap.min.css responded 200 in 1.3673 ms
[09:41:59 INF] HTTP GET /css/site.css responded 200 in 2.1183 ms
[09:41:59 INF] HTTP GET /lib/jquery/dist/jquery.min.js responded 200 in 1.5952 ms
[09:41:59 INF] HTTP GET /Biktal.WebMVC.styles.css responded 200 in 0.9060 ms
[09:41:59 INF] HTTP GET /js/site.js responded 200 in 0.9947 ms
[09:41:59 INF] HTTP GET /lib/bootstrap/dist/js/bootstrap.bundle.min.js responded 200 in 1.2598 ms
[09:47:39 INF] HTTP GET /Inventory/Products responded 200 in 143.7050 ms
[09:47:40 INF] HTTP GET /css/site.css responded 200 in 1.1584 ms
[09:47:40 INF] HTTP GET /lib/bootstrap/dist/css/bootstrap.min.css responded 200 in 2.1214 ms
[09:47:40 INF] HTTP GET /Biktal.WebMVC.styles.css responded 200 in 1.8078 ms
[09:47:40 INF] HTTP GET /lib/jquery/dist/jquery.min.js responded 200 in 1.1274 ms
[09:47:40 INF] HTTP GET /js/site.js responded 200 in 1.2776 ms
[09:47:40 INF] HTTP GET /lib/jquery-validation/dist/jquery.validate.min.js responded 200 in 0.6433 ms
[09:47:40 INF] HTTP GET /lib/jquery-validation-unobtrusive/dist/jquery.validate.unobtrusive.min.js responded 200 in 2.4201 ms
[09:47:40 INF] HTTP GET /lib/bootstrap/dist/js/bootstrap.bundle.min.js responded 200 in 3.8383 ms
[09:47:40 INF] HTTP GET /js/products-catalog-filter.js responded 200 in 2.9951 ms
[09:49:12 INF] HTTP GET /Inventory/Products responded 200 in 109.0423 ms
[09:49:12 INF] HTTP GET /css/site.css responded 200 in 1.9695 ms
[09:49:12 INF] HTTP GET /Biktal.WebMVC.styles.css responded 200 in 1.0640 ms
[09:49:12 INF] HTTP GET /lib/bootstrap/dist/css/bootstrap.min.css responded 200 in 1.9879 ms
[09:49:13 INF] HTTP GET /lib/jquery/dist/jquery.min.js responded 200 in 0.8360 ms
[09:49:13 INF] HTTP GET /lib/jquery-validation-unobtrusive/dist/jquery.validate.unobtrusive.min.js responded 200 in 0.6401 ms
[09:49:13 INF] HTTP GET /js/site.js responded 200 in 1.3876 ms
[09:49:13 INF] HTTP GET /lib/jquery-validation/dist/jquery.validate.min.js responded 200 in 1.7041 ms
[09:49:13 INF] HTTP GET /lib/bootstrap/dist/js/bootstrap.bundle.min.js responded 200 in 1.9305 ms
[09:49:13 INF] HTTP GET /js/products-catalog-filter.js responded 200 in 8.1160 ms
[09:49:50 INF] HTTP POST /Inventory/EditProduct responded 302 in 122.7009 ms
[09:49:51 INF] HTTP GET /Inventory/Products responded 200 in 61.9097 ms
[09:49:51 INF] HTTP GET /Biktal.WebMVC.styles.css responded 200 in 0.8568 ms
[09:49:51 INF] HTTP GET /lib/bootstrap/dist/css/bootstrap.min.css responded 200 in 1.6152 ms
[09:49:51 INF] HTTP GET /css/site.css responded 200 in 1.1107 ms
[09:49:51 INF] HTTP GET /lib/jquery/dist/jquery.min.js responded 200 in 0.9518 ms
[09:49:51 INF] HTTP GET /lib/bootstrap/dist/js/bootstrap.bundle.min.js responded 200 in 1.2335 ms
[09:49:51 INF] HTTP GET /lib/jquery-validation/dist/jquery.validate.min.js responded 200 in 1.0697 ms
[09:49:51 INF] HTTP GET /js/site.js responded 200 in 0.7798 ms
[09:49:51 INF] HTTP GET /js/products-catalog-filter.js responded 200 in 7.7731 ms
[09:49:51 INF] HTTP GET /lib/jquery-validation-unobtrusive/dist/jquery.validate.unobtrusive.min.js responded 200 in 0.9906 ms
[10:10:26 INF] Application is shutting down...
