[19:15:29 WRN] Using an in-memory repository. Keys will not be persisted to storage.
[19:15:29 WRN] Neither user profile nor HKLM registry available. Using an ephemeral key repository. Protected data will be unavailable when application exits.
[19:15:29 WRN] No XML encryptor configured. Key {cea3b6b5-b01c-47ca-ab97-abc8ca28a38e} may be persisted to storage in unencrypted form.
[19:15:29 INF] Application started. Press Ctrl+C to shut down.
[19:15:29 INF] Hosting environment: Production
[19:15:29 INF] Content root path: D:\Systems\BiktalSystems\publish
[19:15:30 ERR] An exception was thrown while deserializing the token.
Microsoft.AspNetCore.Antiforgery.AntiforgeryValidationException: The antiforgery token could not be decrypted.
 ---> System.Security.Cryptography.CryptographicException: The key {8ecc16d4-26e2-427f-9bdb-a48b5c9a0fb3} was not found in the key ring. For more information go to https://aka.ms/aspnet/dataprotectionwarning
   at Microsoft.AspNetCore.DataProtection.KeyManagement.KeyRingBasedDataProtector.UnprotectCore(Byte[] protectedData, Boolean allowOperationsOnRevokedKeys, UnprotectStatus& status)
   at Microsoft.AspNetCore.DataProtection.KeyManagement.KeyRingBasedDataProtector.Unprotect(Byte[] protectedData)
   at Microsoft.AspNetCore.Antiforgery.DefaultAntiforgeryTokenSerializer.Deserialize(String serializedToken)
   --- End of inner exception stack trace ---
   at Microsoft.AspNetCore.Antiforgery.DefaultAntiforgeryTokenSerializer.Deserialize(String serializedToken)
   at Microsoft.AspNetCore.Antiforgery.DefaultAntiforgery.GetCookieTokenDoesNotThrow(HttpContext httpContext)
[19:15:31 INF] HTTP GET /Inventory/Products responded 200 in 1867.3816 ms
[19:15:31 INF] HTTP GET /Biktal.WebMVC.styles.css responded 200 in 22.7934 ms
[19:15:31 INF] HTTP GET /css/site.css responded 200 in 60.5287 ms
[19:15:31 INF] HTTP GET /lib/bootstrap/dist/css/bootstrap.min.css responded 200 in 77.5644 ms
[19:15:32 INF] HTTP GET /lib/jquery/dist/jquery.min.js responded 200 in 25.0843 ms
[19:15:32 INF] HTTP GET /lib/jquery-validation/dist/jquery.validate.min.js responded 200 in 3.6770 ms
[19:15:32 INF] HTTP GET /js/products-catalog-filter.js responded 200 in 7.4413 ms
[19:15:32 INF] HTTP GET /js/site.js responded 200 in 6.8847 ms
[19:15:32 INF] HTTP GET /lib/jquery-validation-unobtrusive/dist/jquery.validate.unobtrusive.min.js responded 200 in 15.1688 ms
[19:15:32 INF] HTTP GET /lib/bootstrap/dist/js/bootstrap.bundle.min.js responded 200 in 28.9453 ms
[19:15:59 INF] HTTP POST /Inventory/EditProduct responded 302 in 686.3574 ms
[19:16:00 INF] HTTP GET /Inventory/Products responded 200 in 273.6084 ms
[19:16:00 INF] HTTP GET /lib/bootstrap/dist/css/bootstrap.min.css responded 200 in 1.9685 ms
[19:16:00 INF] HTTP GET /Biktal.WebMVC.styles.css responded 200 in 1.5516 ms
[19:16:00 INF] HTTP GET /css/site.css responded 200 in 8.0982 ms
[19:16:01 INF] HTTP GET /lib/jquery/dist/jquery.min.js responded 304 in 25.3713 ms
[19:16:01 INF] HTTP GET /lib/jquery-validation/dist/jquery.validate.min.js responded 304 in 17.7651 ms
[19:16:01 INF] HTTP GET /js/site.js responded 304 in 19.0260 ms
[19:16:01 INF] HTTP GET /lib/jquery-validation-unobtrusive/dist/jquery.validate.unobtrusive.min.js responded 304 in 10.4194 ms
[19:16:01 INF] HTTP GET /js/products-catalog-filter.js responded 304 in 0.3028 ms
[19:16:01 INF] HTTP GET /lib/bootstrap/dist/js/bootstrap.bundle.min.js responded 304 in 118.6239 ms
[19:36:16 INF] Application is shutting down...
