[14:51:17 WRN] Using an in-memory repository. Keys will not be persisted to storage.
[14:51:17 WRN] Neither user profile nor HKLM registry available. Using an ephemeral key repository. Protected data will be unavailable when application exits.
[14:51:18 WRN] No XML encryptor configured. Key {69081bf8-ecae-4027-b246-670aca684f2b} may be persisted to storage in unencrypted form.
[14:51:18 INF] Application started. Press Ctrl+C to shut down.
[14:51:18 INF] Hosting environment: Production
[14:51:18 INF] Content root path: D:\Systems\BiktalSystems\publish
[14:51:18 INF] HTTP POST /Pos/CompleteSale responded 400 in 101.4186 ms
[14:51:40 ERR] An exception was thrown while deserializing the token.
Microsoft.AspNetCore.Antiforgery.AntiforgeryValidationException: The antiforgery token could not be decrypted.
 ---> System.Security.Cryptography.CryptographicException: The key {604daaa5-597b-4d62-b8b7-ba0b0ef88d04} was not found in the key ring. For more information go to https://aka.ms/aspnet/dataprotectionwarning
   at Microsoft.AspNetCore.DataProtection.KeyManagement.KeyRingBasedDataProtector.UnprotectCore(Byte[] protectedData, Boolean allowOperationsOnRevokedKeys, UnprotectStatus& status)
   at Microsoft.AspNetCore.DataProtection.KeyManagement.KeyRingBasedDataProtector.Unprotect(Byte[] protectedData)
   at Microsoft.AspNetCore.Antiforgery.DefaultAntiforgeryTokenSerializer.Deserialize(String serializedToken)
   --- End of inner exception stack trace ---
   at Microsoft.AspNetCore.Antiforgery.DefaultAntiforgeryTokenSerializer.Deserialize(String serializedToken)
   at Microsoft.AspNetCore.Antiforgery.DefaultAntiforgery.GetCookieTokenDoesNotThrow(HttpContext httpContext)
[14:51:41 INF] HTTP GET /Inventory/Products responded 200 in 873.8212 ms
[14:51:41 INF] HTTP GET /Biktal.WebMVC.styles.css responded 200 in 36.9490 ms
[14:51:41 INF] HTTP GET /css/site.css responded 200 in 42.3960 ms
[14:51:41 INF] HTTP GET /lib/bootstrap/dist/css/bootstrap.min.css responded 200 in 42.7840 ms
[14:51:42 INF] HTTP GET /lib/jquery/dist/jquery.min.js responded 200 in 5.9404 ms
[14:51:42 INF] HTTP GET /lib/jquery-validation/dist/jquery.validate.min.js responded 200 in 3.0956 ms
[14:51:42 INF] HTTP GET /lib/jquery-validation-unobtrusive/dist/jquery.validate.unobtrusive.min.js responded 200 in 3.7159 ms
[14:51:42 INF] HTTP GET /js/site.js responded 200 in 0.8918 ms
[14:51:42 INF] HTTP GET /lib/bootstrap/dist/js/bootstrap.bundle.min.js responded 200 in 7.6845 ms
[14:51:42 INF] HTTP GET /js/products-catalog-filter.js responded 200 in 26.2487 ms
[14:51:43 WRN] The query uses the 'First'/'FirstOrDefault' operator without 'OrderBy' and filter operators. This may lead to unpredictable results.
[14:51:43 INF] HTTP GET / responded 200 in 252.6868 ms
[14:51:43 INF] HTTP GET /lib/bootstrap/dist/css/bootstrap.min.css responded 304 in 2.1067 ms
[14:51:43 INF] HTTP GET /Biktal.WebMVC.styles.css responded 304 in 0.3423 ms
[14:51:43 INF] HTTP GET /css/site.css responded 304 in 4.8730 ms
[14:51:43 INF] HTTP GET /js/pos.js responded 200 in 0.9379 ms
[14:51:43 INF] HTTP GET /js/site.js responded 200 in 0.7830 ms
[14:51:43 INF] HTTP GET /lib/jquery/dist/jquery.min.js responded 304 in 35.9956 ms
[14:51:44 INF] HTTP GET /lib/bootstrap/dist/js/bootstrap.bundle.min.js responded 200 in 143.1745 ms
[14:51:59 INF] HTTP POST /Pos/CompleteSale responded 200 in 711.3793 ms
[15:12:26 INF] Application is shutting down...
