[20:15:03 WRN] Using an in-memory repository. Keys will not be persisted to storage.
[20:15:03 WRN] Neither user profile nor HKLM registry available. Using an ephemeral key repository. Protected data will be unavailable when application exits.
[20:15:03 WRN] No XML encryptor configured. Key {4c651b40-2684-496f-b3f3-62966560b230} may be persisted to storage in unencrypted form.
[20:15:03 INF] Application started. Press Ctrl+C to shut down.
[20:15:03 INF] Hosting environment: Production
[20:15:03 INF] Content root path: D:\Systems\BiktalSystems\publish
[20:15:04 ERR] An exception was thrown while deserializing the token.
Microsoft.AspNetCore.Antiforgery.AntiforgeryValidationException: The antiforgery token could not be decrypted.
 ---> System.Security.Cryptography.CryptographicException: The key {48ac0541-ad3d-41d3-9186-87db474309b1} was not found in the key ring. For more information go to https://aka.ms/aspnet/dataprotectionwarning
   at Microsoft.AspNetCore.DataProtection.KeyManagement.KeyRingBasedDataProtector.UnprotectCore(Byte[] protectedData, Boolean allowOperationsOnRevokedKeys, UnprotectStatus& status)
   at Microsoft.AspNetCore.DataProtection.KeyManagement.KeyRingBasedDataProtector.Unprotect(Byte[] protectedData)
   at Microsoft.AspNetCore.Antiforgery.DefaultAntiforgeryTokenSerializer.Deserialize(String serializedToken)
   --- End of inner exception stack trace ---
   at Microsoft.AspNetCore.Antiforgery.DefaultAntiforgeryTokenSerializer.Deserialize(String serializedToken)
   at Microsoft.AspNetCore.Antiforgery.DefaultAntiforgery.GetCookieTokenDoesNotThrow(HttpContext httpContext)
[20:15:04 INF] HTTP GET /Inventory/Products responded 200 in 918.0910 ms
[20:15:04 INF] HTTP GET /css/site.css responded 200 in 26.5211 ms
[20:15:04 INF] HTTP GET /Biktal.WebMVC.styles.css responded 200 in 19.5251 ms
[20:15:04 INF] HTTP GET /lib/bootstrap/dist/css/bootstrap.min.css responded 200 in 47.3012 ms
[20:15:05 INF] HTTP GET /lib/jquery/dist/jquery.min.js responded 200 in 9.7270 ms
[20:15:05 INF] HTTP GET /lib/jquery-validation/dist/jquery.validate.min.js responded 200 in 2.4192 ms
[20:15:05 INF] HTTP GET /js/site.js responded 200 in 2.0139 ms
[20:15:05 INF] HTTP GET /lib/bootstrap/dist/js/bootstrap.bundle.min.js responded 200 in 6.0612 ms
[20:15:05 INF] HTTP GET /lib/jquery-validation-unobtrusive/dist/jquery.validate.unobtrusive.min.js responded 200 in 0.8869 ms
[20:15:05 INF] HTTP GET /js/products-catalog-filter.js responded 200 in 19.4055 ms
[20:17:01 WRN] The query uses the 'First'/'FirstOrDefault' operator without 'OrderBy' and filter operators. This may lead to unpredictable results.
[20:17:01 INF] HTTP GET / responded 200 in 251.1146 ms
[20:17:02 INF] HTTP GET /lib/bootstrap/dist/css/bootstrap.min.css responded 200 in 1.9633 ms
[20:17:02 INF] HTTP GET /css/site.css responded 200 in 6.6575 ms
[20:17:02 INF] HTTP GET /js/site.js responded 200 in 0.9677 ms
[20:17:02 INF] HTTP GET /Biktal.WebMVC.styles.css responded 200 in 1.9037 ms
[20:17:02 INF] HTTP GET /js/pos.js responded 200 in 1.0200 ms
[20:17:02 INF] HTTP GET /lib/jquery/dist/jquery.min.js responded 200 in 40.4605 ms
[20:17:02 INF] HTTP GET /lib/bootstrap/dist/js/bootstrap.bundle.min.js responded 200 in 173.3345 ms
[20:17:13 INF] HTTP POST /Pos/CompleteSale responded 200 in 767.6878 ms
[20:22:19 INF] HTTP GET /Repairs responded 200 in 263.3109 ms
[20:22:19 INF] HTTP GET /css/site.css responded 200 in 0.9525 ms
[20:22:19 INF] HTTP GET /Biktal.WebMVC.styles.css responded 200 in 0.6913 ms
[20:22:19 INF] HTTP GET /lib/bootstrap/dist/css/bootstrap.min.css responded 200 in 0.7871 ms
[20:22:19 INF] HTTP GET /lib/jquery/dist/jquery.min.js responded 200 in 1.7189 ms
[20:22:19 INF] HTTP GET /lib/bootstrap/dist/js/bootstrap.bundle.min.js responded 200 in 0.8920 ms
[20:22:19 INF] HTTP GET /js/site.js responded 200 in 2.1511 ms
[20:22:21 INF] HTTP GET /Repairs/Tickets responded 200 in 55.8253 ms
[20:22:21 INF] HTTP GET /lib/bootstrap/dist/css/bootstrap.min.css responded 200 in 15.1167 ms
[20:22:21 INF] HTTP GET /css/site.css responded 200 in 1.6542 ms
[20:22:21 INF] HTTP GET /Biktal.WebMVC.styles.css responded 200 in 3.8662 ms
[20:22:21 INF] HTTP GET /lib/jquery/dist/jquery.min.js responded 304 in 3.8091 ms
[20:22:21 INF] HTTP GET /js/site.js responded 304 in 0.5789 ms
[20:22:21 INF] HTTP GET /lib/bootstrap/dist/js/bootstrap.bundle.min.js responded 304 in 0.2274 ms
[20:22:26 INF] HTTP GET /Repairs/New responded 200 in 71.1305 ms
[20:22:26 INF] HTTP GET /lib/bootstrap/dist/css/bootstrap.min.css responded 200 in 1.4926 ms
[20:22:26 INF] HTTP GET /css/site.css responded 200 in 0.8854 ms
[20:22:26 INF] HTTP GET /lib/jquery/dist/jquery.min.js responded 304 in 2.4309 ms
[20:22:26 INF] HTTP GET /lib/bootstrap/dist/js/bootstrap.bundle.min.js responded 304 in 0.5755 ms
[20:22:26 INF] HTTP GET /js/site.js responded 304 in 0.6113 ms
[20:22:26 INF] HTTP GET /Biktal.WebMVC.styles.css responded 200 in 0.9820 ms
[20:22:26 INF] HTTP GET /lib/jquery-validation-unobtrusive/dist/jquery.validate.unobtrusive.min.js responded 200 in 11.8501 ms
[20:22:26 INF] HTTP GET /lib/jquery-validation/dist/jquery.validate.min.js responded 200 in 27.7777 ms
[20:22:57 INF] HTTP POST /Repairs/CreateTicket responded 302 in 110.8254 ms
[20:22:57 INF] HTTP GET /Repairs/Ticket/01a0fda3-f9b5-7159-8880-288fb293baf5 responded 200 in 35.9326 ms
[20:22:57 INF] HTTP GET /Biktal.WebMVC.styles.css responded 200 in 0.7656 ms
[20:22:57 INF] HTTP GET /lib/bootstrap/dist/css/bootstrap.min.css responded 200 in 1.2423 ms
[20:22:57 INF] HTTP GET /lib/bootstrap/dist/js/bootstrap.bundle.min.js responded 304 in 0.2334 ms
[20:22:57 INF] HTTP GET /js/site.js responded 304 in 0.2117 ms
[20:22:57 INF] HTTP GET /lib/jquery/dist/jquery.min.js responded 304 in 0.1918 ms
[20:22:57 INF] HTTP GET /css/site.css responded 200 in 48.0054 ms
[20:23:00 INF] HTTP POST /Repairs/UpdateTicketStatus responded 302 in 33.5092 ms
[20:23:00 INF] HTTP GET /Repairs/Ticket/01a0fda3-f9b5-7159-8880-288fb293baf5 responded 200 in 8.7270 ms
[20:23:00 INF] HTTP GET /lib/bootstrap/dist/css/bootstrap.min.css responded 304 in 0.2239 ms
[20:23:00 INF] HTTP GET /css/site.css responded 304 in 0.5641 ms
[20:23:00 INF] HTTP GET /Biktal.WebMVC.styles.css responded 304 in 0.1288 ms
[20:23:00 INF] HTTP GET /lib/jquery/dist/jquery.min.js responded 304 in 0.2603 ms
[20:23:00 INF] HTTP GET /lib/bootstrap/dist/js/bootstrap.bundle.min.js responded 304 in 0.1060 ms
[20:23:00 INF] HTTP GET /js/site.js responded 304 in 0.1408 ms
[20:23:38 INF] HTTP GET / responded 200 in 44.0529 ms
[20:23:38 INF] HTTP GET /lib/bootstrap/dist/css/bootstrap.min.css responded 200 in 0.7908 ms
[20:23:38 INF] HTTP GET /css/site.css responded 304 in 0.1893 ms
[20:23:38 INF] HTTP GET /lib/jquery/dist/jquery.min.js responded 304 in 0.6390 ms
[20:23:38 INF] HTTP GET /Biktal.WebMVC.styles.css responded 304 in 0.2163 ms
[20:23:38 INF] HTTP GET /lib/bootstrap/dist/js/bootstrap.bundle.min.js responded 304 in 0.2319 ms
[20:23:38 INF] HTTP GET /js/site.js responded 304 in 1.0129 ms
[20:23:38 INF] HTTP GET /js/pos.js responded 200 in 1.1037 ms
[20:23:40 INF] HTTP GET /Insights responded 302 in 2.5463 ms
[20:23:40 INF] HTTP GET /Insights/Daily responded 200 in 146.3869 ms
[20:23:40 INF] HTTP GET /lib/bootstrap/dist/css/bootstrap.min.css responded 304 in 0.2248 ms
[20:23:40 INF] HTTP GET /css/site.css responded 304 in 0.4064 ms
[20:23:40 INF] HTTP GET /lib/jquery/dist/jquery.min.js responded 304 in 0.3119 ms
[20:23:40 INF] HTTP GET /lib/bootstrap/dist/js/bootstrap.bundle.min.js responded 304 in 1.1839 ms
[20:23:40 INF] HTTP GET /js/site.js responded 304 in 0.1263 ms
[20:23:40 INF] HTTP GET /Biktal.WebMVC.styles.css responded 304 in 0.1239 ms
[20:23:51 INF] HTTP GET /Insights/Monthly responded 200 in 54.2792 ms
[20:23:51 INF] HTTP GET /lib/bootstrap/dist/css/bootstrap.min.css responded 200 in 0.8492 ms
[20:23:51 INF] HTTP GET /css/site.css responded 304 in 0.1849 ms
[20:23:51 INF] HTTP GET /Biktal.WebMVC.styles.css responded 304 in 0.8406 ms
[20:23:51 INF] HTTP GET /lib/jquery/dist/jquery.min.js responded 304 in 0.1703 ms
[20:23:51 INF] HTTP GET /lib/bootstrap/dist/js/bootstrap.bundle.min.js responded 304 in 0.4926 ms
[20:23:51 INF] HTTP GET /js/site.js responded 304 in 0.5199 ms
[20:24:07 INF] HTTP GET /Insights/Daily responded 200 in 17.7552 ms
[20:24:07 INF] HTTP GET /lib/bootstrap/dist/css/bootstrap.min.css responded 200 in 0.7472 ms
[20:24:07 INF] HTTP GET /Biktal.WebMVC.styles.css responded 304 in 0.1282 ms
[20:24:07 INF] HTTP GET /lib/bootstrap/dist/js/bootstrap.bundle.min.js responded 304 in 0.1449 ms
[20:24:07 INF] HTTP GET /js/site.js responded 304 in 0.1128 ms
[20:24:07 INF] HTTP GET /lib/jquery/dist/jquery.min.js responded 304 in 0.1769 ms
[20:24:07 INF] HTTP GET /css/site.css responded 304 in 0.3833 ms
[20:25:21 INF] HTTP GET /Inventory/Products responded 200 in 269.8755 ms
[20:25:21 INF] HTTP GET /Biktal.WebMVC.styles.css responded 200 in 0.6608 ms
[20:25:21 INF] HTTP GET /lib/bootstrap/dist/css/bootstrap.min.css responded 200 in 0.7548 ms
[20:25:21 INF] HTTP GET /css/site.css responded 200 in 0.7824 ms
[20:25:23 INF] HTTP GET /lib/jquery/dist/jquery.min.js responded 200 in 0.8569 ms
[20:25:23 INF] HTTP GET /js/site.js responded 200 in 0.5198 ms
[20:25:23 INF] HTTP GET /lib/bootstrap/dist/js/bootstrap.bundle.min.js responded 200 in 0.6531 ms
[20:25:23 INF] HTTP GET /lib/jquery-validation/dist/jquery.validate.min.js responded 200 in 1.3250 ms
[20:25:23 INF] HTTP GET /lib/jquery-validation-unobtrusive/dist/jquery.validate.unobtrusive.min.js responded 200 in 0.7674 ms
[20:25:23 INF] HTTP GET /js/products-catalog-filter.js responded 200 in 0.7126 ms
[20:26:36 INF] HTTP GET /Finance responded 200 in 59.7730 ms
[20:26:36 INF] HTTP GET /lib/bootstrap/dist/css/bootstrap.min.css responded 200 in 0.8977 ms
[20:26:36 INF] HTTP GET /css/site.css responded 200 in 1.0348 ms
[20:26:36 INF] HTTP GET /Biktal.WebMVC.styles.css responded 200 in 0.5115 ms
[20:26:36 INF] HTTP GET /lib/bootstrap/dist/js/bootstrap.bundle.min.js responded 200 in 0.6322 ms
[20:26:36 INF] HTTP GET /lib/jquery/dist/jquery.min.js responded 200 in 0.6088 ms
[20:26:36 INF] HTTP GET /js/site.js responded 200 in 0.5245 ms
[20:27:07 INF] HTTP GET /Finance/Cashbox responded 200 in 230.1333 ms
[20:27:07 INF] HTTP GET /lib/bootstrap/dist/css/bootstrap.min.css responded 304 in 0.1663 ms
[20:27:07 INF] HTTP GET /css/site.css responded 304 in 0.1430 ms
[20:27:07 INF] HTTP GET /Biktal.WebMVC.styles.css responded 304 in 1.2449 ms
[20:27:07 INF] HTTP GET /lib/jquery/dist/jquery.min.js responded 304 in 0.1545 ms
[20:27:07 INF] HTTP GET /lib/bootstrap/dist/js/bootstrap.bundle.min.js responded 304 in 0.1592 ms
[20:27:07 INF] HTTP GET /js/site.js responded 304 in 0.1169 ms
[20:27:07 INF] HTTP GET /lib/jquery-validation-unobtrusive/dist/jquery.validate.unobtrusive.min.js responded 200 in 0.6565 ms
[20:27:07 INF] HTTP GET /lib/jquery-validation/dist/jquery.validate.min.js responded 200 in 5.0850 ms
[20:28:10 INF] HTTP GET /Insights responded 302 in 0.8036 ms
[20:28:10 INF] HTTP GET /Insights/Daily responded 200 in 121.8120 ms
[20:28:10 INF] HTTP GET /css/site.css responded 304 in 0.1451 ms
[20:28:10 INF] HTTP GET /Biktal.WebMVC.styles.css responded 304 in 0.0870 ms
[20:28:10 INF] HTTP GET /lib/bootstrap/dist/css/bootstrap.min.css responded 200 in 0.8071 ms
[20:28:10 INF] HTTP GET /lib/jquery/dist/jquery.min.js responded 304 in 0.1050 ms
[20:28:10 INF] HTTP GET /js/site.js responded 304 in 0.0978 ms
[20:28:10 INF] HTTP GET /lib/bootstrap/dist/js/bootstrap.bundle.min.js responded 304 in 0.0736 ms
[20:30:16 INF] HTTP GET /Finance responded 200 in 17.4439 ms
[20:30:16 INF] HTTP GET /Biktal.WebMVC.styles.css responded 200 in 0.5360 ms
[20:30:16 INF] HTTP GET /lib/bootstrap/dist/js/bootstrap.bundle.min.js responded 200 in 0.5546 ms
[20:30:16 INF] HTTP GET /js/site.js responded 200 in 2.4932 ms
[20:30:16 INF] HTTP GET /lib/bootstrap/dist/css/bootstrap.min.css responded 200 in 1.4270 ms
[20:30:16 INF] HTTP GET /css/site.css responded 200 in 0.5111 ms
[20:30:16 INF] HTTP GET /lib/jquery/dist/jquery.min.js responded 200 in 1.5950 ms
[20:30:18 INF] HTTP GET /Finance/Cashbox responded 200 in 37.4805 ms
[20:30:18 INF] HTTP GET /lib/bootstrap/dist/css/bootstrap.min.css responded 200 in 1.7491 ms
[20:30:18 INF] HTTP GET /Biktal.WebMVC.styles.css responded 200 in 0.4812 ms
[20:30:18 INF] HTTP GET /lib/jquery/dist/jquery.min.js responded 304 in 0.2046 ms
[20:30:18 INF] HTTP GET /lib/bootstrap/dist/js/bootstrap.bundle.min.js responded 304 in 0.1071 ms
[20:30:18 INF] HTTP GET /js/site.js responded 304 in 0.0897 ms
[20:30:18 INF] HTTP GET /lib/jquery-validation/dist/jquery.validate.min.js responded 200 in 0.4879 ms
[20:30:18 INF] HTTP GET /css/site.css responded 200 in 1.9193 ms
[20:30:18 INF] HTTP GET /lib/jquery-validation-unobtrusive/dist/jquery.validate.unobtrusive.min.js responded 200 in 5.6720 ms
[20:32:50 INF] Application is shutting down...
