[17:24:51 WRN] Using an in-memory repository. Keys will not be persisted to storage.
[17:24:51 WRN] Neither user profile nor HKLM registry available. Using an ephemeral key repository. Protected data will be unavailable when application exits.
[17:24:51 WRN] No XML encryptor configured. Key {5adae5c6-da78-4f95-ae40-7ab1a6e46a87} may be persisted to storage in unencrypted form.
[17:24:51 INF] Application started. Press Ctrl+C to shut down.
[17:24:51 INF] Hosting environment: Production
[17:24:51 INF] Content root path: D:\Systems\BiktalSystems\publish
[17:24:51 INF] HTTP GET /lib/jquery/dist/jquery.min.js responded 200 in 180.3303 ms
[17:24:51 INF] HTTP GET /css/site.css responded 200 in 180.3134 ms
[17:24:51 INF] HTTP GET /Biktal.WebMVC.styles.css responded 200 in 171.5157 ms
[17:24:51 INF] HTTP GET /js/products-catalog-filter.js responded 200 in 180.3163 ms
[17:24:52 INF] HTTP GET /lib/bootstrap/dist/js/bootstrap.bundle.min.js responded 200 in 213.5483 ms
[17:24:52 INF] HTTP GET /lib/jquery-validation-unobtrusive/dist/jquery.validate.unobtrusive.min.js responded 200 in 205.7062 ms
[17:24:52 INF] HTTP GET /lib/bootstrap/dist/css/bootstrap.min.css responded 200 in 234.6019 ms
[17:24:52 INF] HTTP GET /lib/jquery-validation/dist/jquery.validate.min.js responded 200 in 238.2084 ms
[17:24:52 INF] HTTP GET /js/site.js responded 200 in 248.8773 ms
[17:25:10 INF] HTTP GET /Inventory/Products responded 200 in 1062.1064 ms
[17:25:10 INF] HTTP GET /lib/bootstrap/dist/css/bootstrap.min.css responded 200 in 4.6069 ms
[17:25:10 INF] HTTP GET /css/site.css responded 200 in 5.6946 ms
[17:25:10 INF] HTTP GET /Biktal.WebMVC.styles.css responded 200 in 1.1956 ms
[17:25:11 INF] HTTP GET /lib/jquery/dist/jquery.min.js responded 200 in 45.7894 ms
[17:25:11 INF] HTTP GET /js/site.js responded 200 in 0.8148 ms
[17:25:11 INF] HTTP GET /js/products-catalog-filter.js responded 200 in 0.6787 ms
[17:25:11 INF] HTTP GET /lib/jquery-validation-unobtrusive/dist/jquery.validate.unobtrusive.min.js responded 200 in 14.1537 ms
[17:25:11 INF] HTTP GET /lib/jquery-validation/dist/jquery.validate.min.js responded 200 in 23.1020 ms
[17:25:11 INF] HTTP GET /lib/bootstrap/dist/js/bootstrap.bundle.min.js responded 200 in 105.9318 ms
[17:25:54 INF] HTTP GET /Inventory/Products responded 200 in 291.1705 ms
[17:25:54 INF] HTTP GET /css/site.css responded 200 in 1.0229 ms
[17:25:54 INF] HTTP GET /lib/bootstrap/dist/css/bootstrap.min.css responded 200 in 1.9760 ms
[17:25:54 INF] HTTP GET /Biktal.WebMVC.styles.css responded 200 in 1.3685 ms
[17:25:54 INF] HTTP GET /lib/jquery/dist/jquery.min.js responded 200 in 0.8650 ms
[17:25:54 INF] HTTP GET /lib/bootstrap/dist/js/bootstrap.bundle.min.js responded 200 in 1.5547 ms
[17:25:54 INF] HTTP GET /js/site.js responded 200 in 0.7605 ms
[17:25:54 INF] HTTP GET /lib/jquery-validation/dist/jquery.validate.min.js responded 200 in 0.9113 ms
[17:25:54 INF] HTTP GET /lib/jquery-validation-unobtrusive/dist/jquery.validate.unobtrusive.min.js responded 200 in 1.4682 ms
[17:25:54 INF] HTTP GET /js/products-catalog-filter.js responded 200 in 3.7217 ms
[17:26:01 INF] HTTP GET /Account/Login responded 302 in 22.8483 ms
[17:26:01 INF] HTTP GET /Inventory/Products responded 200 in 153.9741 ms
[17:26:01 INF] HTTP GET /lib/bootstrap/dist/css/bootstrap.min.css responded 200 in 2.9285 ms
[17:26:01 INF] HTTP GET /css/site.css responded 200 in 0.9912 ms
[17:26:02 INF] HTTP GET /Biktal.WebMVC.styles.css responded 200 in 0.8604 ms
[17:26:02 INF] HTTP GET /lib/jquery/dist/jquery.min.js responded 200 in 2.6274 ms
[17:26:03 INF] HTTP GET /lib/bootstrap/dist/js/bootstrap.bundle.min.js responded 200 in 0.8406 ms
[17:26:03 INF] HTTP GET /js/site.js responded 200 in 1.2451 ms
[17:26:03 INF] HTTP GET /lib/jquery-validation/dist/jquery.validate.min.js responded 200 in 2.3742 ms
[17:26:03 INF] HTTP GET /lib/jquery-validation-unobtrusive/dist/jquery.validate.unobtrusive.min.js responded 200 in 1.0218 ms
[17:26:03 INF] HTTP GET /js/products-catalog-filter.js responded 200 in 2.0143 ms
[17:26:17 WRN] The query uses the 'First'/'FirstOrDefault' operator without 'OrderBy' and filter operators. This may lead to unpredictable results.
[17:26:17 INF] HTTP GET / responded 200 in 137.9403 ms
[17:26:17 INF] HTTP GET /lib/bootstrap/dist/css/bootstrap.min.css responded 304 in 2.6852 ms
[17:26:17 INF] HTTP GET /Biktal.WebMVC.styles.css responded 304 in 1.3315 ms
[17:26:17 INF] HTTP GET /css/site.css responded 304 in 0.3404 ms
[17:26:17 INF] HTTP GET /lib/bootstrap/dist/js/bootstrap.bundle.min.js responded 200 in 0.9962 ms
[17:26:17 INF] HTTP GET /lib/jquery/dist/jquery.min.js responded 200 in 0.8276 ms
[17:26:17 INF] HTTP GET /js/site.js responded 200 in 1.1501 ms
[17:26:17 INF] HTTP GET /js/pos.js responded 200 in 26.4818 ms
[17:26:27 INF] HTTP GET /Dashboard responded 404 in 0.9624 ms
[17:26:47 INF] HTTP GET /Dashboard responded 404 in 0.1792 ms
[17:26:49 INF] HTTP GET /Dashboard responded 404 in 0.1378 ms
[17:26:55 INF] HTTP GET /Account/Login responded 302 in 37.0664 ms
[17:26:55 INF] HTTP GET /Inventory/Products responded 200 in 131.9450 ms
[17:26:55 INF] HTTP GET /lib/bootstrap/dist/css/bootstrap.min.css responded 200 in 1.8234 ms
[17:26:55 INF] HTTP GET /css/site.css responded 200 in 0.6803 ms
[17:26:56 INF] HTTP GET /Biktal.WebMVC.styles.css responded 200 in 0.9334 ms
[17:26:56 INF] HTTP GET /lib/jquery/dist/jquery.min.js responded 200 in 0.6713 ms
[17:26:56 INF] HTTP GET /lib/bootstrap/dist/js/bootstrap.bundle.min.js responded 200 in 0.7970 ms
[17:26:56 INF] HTTP GET /js/site.js responded 200 in 0.5333 ms
[17:26:56 INF] HTTP GET /lib/jquery-validation/dist/jquery.validate.min.js responded 200 in 0.5512 ms
[17:26:56 INF] HTTP GET /lib/jquery-validation-unobtrusive/dist/jquery.validate.unobtrusive.min.js responded 200 in 0.5576 ms
[17:26:56 INF] HTTP GET /js/products-catalog-filter.js responded 200 in 0.6620 ms
[17:26:58 INF] HTTP GET / responded 200 in 36.3879 ms
[17:26:58 INF] HTTP GET /css/site.css responded 304 in 0.4138 ms
[17:26:58 INF] HTTP GET /Biktal.WebMVC.styles.css responded 304 in 0.1616 ms
[17:26:58 INF] HTTP GET /lib/jquery/dist/jquery.min.js responded 200 in 0.8405 ms
[17:26:58 INF] HTTP GET /lib/bootstrap/dist/js/bootstrap.bundle.min.js responded 200 in 1.0184 ms
[17:26:58 INF] HTTP GET /js/site.js responded 200 in 0.5933 ms
[17:26:58 INF] HTTP GET /js/pos.js responded 200 in 0.7614 ms
[17:26:58 INF] HTTP GET /lib/bootstrap/dist/css/bootstrap.min.css responded 304 in 0.2397 ms
[17:27:37 INF] HTTP GET / responded 200 in 22.1603 ms
[17:27:37 INF] HTTP GET /css/site.css responded 304 in 0.2867 ms
[17:27:37 INF] HTTP GET /lib/bootstrap/dist/css/bootstrap.min.css responded 304 in 0.1681 ms
[17:27:37 INF] HTTP GET /Biktal.WebMVC.styles.css responded 304 in 0.3074 ms
[17:27:37 INF] HTTP GET /lib/jquery/dist/jquery.min.js responded 304 in 0.7645 ms
[17:27:37 INF] HTTP GET /lib/bootstrap/dist/js/bootstrap.bundle.min.js responded 200 in 1.7535 ms
[17:27:37 INF] HTTP GET /js/site.js responded 200 in 1.6203 ms
[17:27:37 INF] HTTP GET /js/pos.js responded 200 in 0.7604 ms
[17:27:41 INF] HTTP GET / responded 200 in 23.8722 ms
[17:27:41 INF] HTTP GET /lib/bootstrap/dist/css/bootstrap.min.css responded 304 in 0.2624 ms
[17:27:41 INF] HTTP GET /Biktal.WebMVC.styles.css responded 304 in 0.1120 ms
[17:27:41 INF] HTTP GET /lib/jquery/dist/jquery.min.js responded 304 in 0.1119 ms
[17:27:41 INF] HTTP GET /js/site.js responded 200 in 1.1311 ms
[17:27:41 INF] HTTP GET /js/pos.js responded 200 in 0.6818 ms
[17:27:41 INF] HTTP GET /lib/bootstrap/dist/js/bootstrap.bundle.min.js responded 200 in 1.3707 ms
[17:27:41 INF] HTTP GET /css/site.css responded 304 in 0.5231 ms
[17:27:46 INF] HTTP GET / responded 200 in 23.5029 ms
[17:27:46 INF] HTTP GET /lib/bootstrap/dist/css/bootstrap.min.css responded 304 in 0.2629 ms
[17:27:46 INF] HTTP GET /css/site.css responded 304 in 0.2920 ms
[17:27:46 INF] HTTP GET /lib/jquery/dist/jquery.min.js responded 304 in 0.5494 ms
[17:27:46 INF] HTTP GET /lib/bootstrap/dist/js/bootstrap.bundle.min.js responded 200 in 0.8570 ms
[17:27:46 INF] HTTP GET /js/site.js responded 200 in 0.6159 ms
[17:27:46 INF] HTTP GET /js/pos.js responded 200 in 0.5084 ms
[17:27:46 INF] HTTP GET /Biktal.WebMVC.styles.css responded 304 in 0.1447 ms
[17:27:56 INF] HTTP GET / responded 200 in 26.4780 ms
[17:27:56 INF] HTTP GET /css/site.css responded 304 in 0.4778 ms
[17:27:56 INF] HTTP GET /lib/jquery/dist/jquery.min.js responded 304 in 0.1390 ms
[17:27:56 INF] HTTP GET /lib/bootstrap/dist/css/bootstrap.min.css responded 304 in 0.1552 ms
[17:27:56 INF] HTTP GET /lib/bootstrap/dist/js/bootstrap.bundle.min.js responded 200 in 1.2679 ms
[17:27:56 INF] HTTP GET /Biktal.WebMVC.styles.css responded 304 in 0.1485 ms
[17:27:56 INF] HTTP GET /js/pos.js responded 200 in 3.3806 ms
[17:27:57 INF] HTTP GET /js/site.js responded 200 in 0.5994 ms
[17:28:03 INF] HTTP GET /favicon.ico responded 200 in 27.4661 ms
[17:35:16 INF] HTTP GET /Inventory/Products responded 200 in 143.1285 ms
[17:35:16 INF] HTTP GET /Biktal.WebMVC.styles.css responded 200 in 1.7876 ms
[17:35:16 INF] HTTP GET /lib/bootstrap/dist/css/bootstrap.min.css responded 200 in 0.7127 ms
[17:35:16 INF] HTTP GET /css/site.css responded 200 in 0.5126 ms
[17:35:17 INF] HTTP GET /lib/jquery/dist/jquery.min.js responded 200 in 0.7732 ms
[17:35:17 INF] HTTP GET /lib/bootstrap/dist/js/bootstrap.bundle.min.js responded 200 in 1.3051 ms
[17:35:17 INF] HTTP GET /js/site.js responded 200 in 5.8742 ms
[17:35:17 INF] HTTP GET /lib/jquery-validation/dist/jquery.validate.min.js responded 200 in 0.5390 ms
[17:35:17 INF] HTTP GET /lib/jquery-validation-unobtrusive/dist/jquery.validate.unobtrusive.min.js responded 200 in 0.5608 ms
[17:35:17 INF] HTTP GET /js/products-catalog-filter.js responded 200 in 2.6990 ms
[17:36:12 INF] HTTP POST /Inventory/AddProduct responded 302 in 303.4202 ms
[17:36:12 INF] HTTP GET /Inventory/Products responded 200 in 57.2251 ms
[17:36:13 INF] HTTP GET /css/site.css responded 200 in 0.9098 ms
[17:36:13 INF] HTTP GET /Biktal.WebMVC.styles.css responded 200 in 0.6566 ms
[17:36:13 INF] HTTP GET /lib/bootstrap/dist/css/bootstrap.min.css responded 200 in 3.1815 ms
[17:36:13 INF] HTTP GET /lib/jquery/dist/jquery.min.js responded 200 in 0.6111 ms
[17:36:13 INF] HTTP GET /lib/bootstrap/dist/js/bootstrap.bundle.min.js responded 200 in 1.6298 ms
[17:36:13 INF] HTTP GET /js/site.js responded 200 in 2.8651 ms
[17:36:13 INF] HTTP GET /lib/jquery-validation/dist/jquery.validate.min.js responded 200 in 0.9505 ms
[17:36:13 INF] HTTP GET /lib/jquery-validation-unobtrusive/dist/jquery.validate.unobtrusive.min.js responded 200 in 1.3294 ms
[17:36:13 INF] HTTP GET /js/products-catalog-filter.js responded 200 in 1.4745 ms
[17:56:22 INF] Application is shutting down...
