[17:19:27 WRN] Using an in-memory repository. Keys will not be persisted to storage.
[17:19:27 WRN] Neither user profile nor HKLM registry available. Using an ephemeral key repository. Protected data will be unavailable when application exits.
[17:19:27 WRN] No XML encryptor configured. Key {6feb4707-32fc-467e-b4f8-28dda4bb2fd9} may be persisted to storage in unencrypted form.
[17:19:27 INF] Application started. Press Ctrl+C to shut down.
[17:19:27 INF] Hosting environment: Production
[17:19:27 INF] Content root path: D:\Systems\BiktalSystems\publish
[17:19:27 INF] HTTP POST /Pos/CompleteSale responded 400 in 140.4026 ms
[17:19:41 INF] HTTP GET /Repairs responded 200 in 316.3147 ms
[17:19:41 INF] HTTP GET /Biktal.WebMVC.styles.css responded 200 in 28.8603 ms
[17:19:41 INF] HTTP GET /css/site.css responded 200 in 40.0001 ms
[17:19:41 INF] HTTP GET /lib/bootstrap/dist/css/bootstrap.min.css responded 200 in 42.5993 ms
[17:19:41 INF] HTTP GET /lib/jquery/dist/jquery.min.js responded 200 in 24.2348 ms
[17:19:41 INF] HTTP GET /js/site.js responded 200 in 10.4179 ms
[17:19:41 INF] HTTP GET /lib/bootstrap/dist/js/bootstrap.bundle.min.js responded 200 in 30.1520 ms
[17:19:42 WRN] The query uses the 'First'/'FirstOrDefault' operator without 'OrderBy' and filter operators. This may lead to unpredictable results.
[17:19:42 ERR] An exception was thrown while deserializing the token.
Microsoft.AspNetCore.Antiforgery.AntiforgeryValidationException: The antiforgery token could not be decrypted.
 ---> System.Security.Cryptography.CryptographicException: The key {d198607c-0507-4d7a-9523-78e474869dde} was not found in the key ring. For more information go to https://aka.ms/aspnet/dataprotectionwarning
   at Microsoft.AspNetCore.DataProtection.KeyManagement.KeyRingBasedDataProtector.UnprotectCore(Byte[] protectedData, Boolean allowOperationsOnRevokedKeys, UnprotectStatus& status)
   at Microsoft.AspNetCore.DataProtection.KeyManagement.KeyRingBasedDataProtector.Unprotect(Byte[] protectedData)
   at Microsoft.AspNetCore.Antiforgery.DefaultAntiforgeryTokenSerializer.Deserialize(String serializedToken)
   --- End of inner exception stack trace ---
   at Microsoft.AspNetCore.Antiforgery.DefaultAntiforgeryTokenSerializer.Deserialize(String serializedToken)
   at Microsoft.AspNetCore.Antiforgery.DefaultAntiforgery.GetCookieTokenDoesNotThrow(HttpContext httpContext)
[17:19:42 INF] HTTP GET / responded 200 in 224.7531 ms
[17:19:42 INF] HTTP GET /lib/bootstrap/dist/css/bootstrap.min.css responded 200 in 3.3506 ms
[17:19:42 INF] HTTP GET /Biktal.WebMVC.styles.css responded 200 in 0.9865 ms
[17:19:42 INF] HTTP GET /css/site.css responded 200 in 9.2871 ms
[17:19:42 INF] HTTP GET /js/pos.js responded 200 in 22.4509 ms
[17:19:42 INF] HTTP GET /js/site.js responded 304 in 0.3840 ms
[17:19:42 INF] HTTP GET /lib/jquery/dist/jquery.min.js responded 304 in 33.0440 ms
[17:19:43 INF] HTTP GET /lib/bootstrap/dist/js/bootstrap.bundle.min.js responded 304 in 171.8700 ms
[17:19:50 INF] HTTP POST /Pos/CompleteSale responded 200 in 791.8941 ms
[17:19:52 INF] HTTP GET /Insights responded 302 in 6.3652 ms
[17:19:53 INF] HTTP GET /Insights/Daily responded 200 in 157.5278 ms
[17:19:53 INF] HTTP GET /lib/bootstrap/dist/css/bootstrap.min.css responded 200 in 8.0662 ms
[17:19:53 INF] HTTP GET /css/site.css responded 200 in 1.0109 ms
[17:19:53 INF] HTTP GET /Biktal.WebMVC.styles.css responded 200 in 0.8429 ms
[17:19:53 INF] HTTP GET /js/site.js responded 304 in 0.5204 ms
[17:19:53 INF] HTTP GET /lib/jquery/dist/jquery.min.js responded 304 in 1.3594 ms
[17:19:53 INF] HTTP GET /lib/bootstrap/dist/js/bootstrap.bundle.min.js responded 304 in 0.5158 ms
[17:20:00 INF] HTTP GET / responded 200 in 31.8576 ms
[17:20:00 INF] HTTP GET /lib/bootstrap/dist/css/bootstrap.min.css responded 200 in 2.0769 ms
[17:20:00 INF] HTTP GET /Biktal.WebMVC.styles.css responded 200 in 1.1454 ms
[17:20:00 INF] HTTP GET /lib/jquery/dist/jquery.min.js responded 304 in 0.4197 ms
[17:20:00 INF] HTTP GET /css/site.css responded 200 in 0.9419 ms
[17:20:00 INF] HTTP GET /lib/bootstrap/dist/js/bootstrap.bundle.min.js responded 304 in 0.3211 ms
[17:20:00 INF] HTTP GET /js/site.js responded 304 in 0.2985 ms
[17:20:00 INF] HTTP GET /js/pos.js responded 304 in 0.3032 ms
[17:40:57 INF] Application is shutting down...
