[16:04:06 WRN] Using an in-memory repository. Keys will not be persisted to storage.
[16:04:06 WRN] Neither user profile nor HKLM registry available. Using an ephemeral key repository. Protected data will be unavailable when application exits.
[16:04:06 WRN] No XML encryptor configured. Key {621ed6c5-70d4-48d6-a02a-429e6d1e01f3} may be persisted to storage in unencrypted form.
[16:04:06 INF] Application started. Press Ctrl+C to shut down.
[16:04:06 INF] Hosting environment: Production
[16:04:06 INF] Content root path: D:\Systems\BiktalSystems\publish
[16:04:06 INF] HTTP POST /Pos/CompleteSale responded 400 in 95.1114 ms
[16:04:28 INF] HTTP POST /Pos/CompleteSale responded 400 in 12.0357 ms
[16:04:33 INF] HTTP POST /Pos/CompleteSale responded 400 in 4.7759 ms
[16:05:14 INF] HTTP POST /Pos/CompleteSale responded 400 in 1.3555 ms
[16:05:36 ERR] An exception was thrown while deserializing the token.
Microsoft.AspNetCore.Antiforgery.AntiforgeryValidationException: The antiforgery token could not be decrypted.
 ---> System.Security.Cryptography.CryptographicException: The key {757de1ad-8a9f-47dd-b5f8-8f64191cfce3} was not found in the key ring. For more information go to https://aka.ms/aspnet/dataprotectionwarning
   at Microsoft.AspNetCore.DataProtection.KeyManagement.KeyRingBasedDataProtector.UnprotectCore(Byte[] protectedData, Boolean allowOperationsOnRevokedKeys, UnprotectStatus& status)
   at Microsoft.AspNetCore.DataProtection.KeyManagement.KeyRingBasedDataProtector.Unprotect(Byte[] protectedData)
   at Microsoft.AspNetCore.Antiforgery.DefaultAntiforgeryTokenSerializer.Deserialize(String serializedToken)
   --- End of inner exception stack trace ---
   at Microsoft.AspNetCore.Antiforgery.DefaultAntiforgeryTokenSerializer.Deserialize(String serializedToken)
   at Microsoft.AspNetCore.Antiforgery.DefaultAntiforgery.GetCookieTokenDoesNotThrow(HttpContext httpContext)
[16:05:37 INF] HTTP GET /Inventory/Products responded 200 in 822.8791 ms
[16:05:37 INF] HTTP GET /css/site.css responded 200 in 122.0313 ms
[16:05:37 INF] HTTP GET /Biktal.WebMVC.styles.css responded 200 in 18.0561 ms
[16:05:37 INF] HTTP GET /lib/bootstrap/dist/css/bootstrap.min.css responded 200 in 132.3700 ms
[16:05:38 INF] HTTP GET /lib/jquery/dist/jquery.min.js responded 200 in 4.1359 ms
[16:05:38 INF] HTTP GET /js/site.js responded 200 in 2.8247 ms
[16:05:38 INF] HTTP GET /lib/jquery-validation-unobtrusive/dist/jquery.validate.unobtrusive.min.js responded 200 in 1.6852 ms
[16:05:38 INF] HTTP GET /lib/bootstrap/dist/js/bootstrap.bundle.min.js responded 200 in 4.4153 ms
[16:05:38 INF] HTTP GET /lib/jquery-validation/dist/jquery.validate.min.js responded 200 in 1.1917 ms
[16:05:38 INF] HTTP GET /js/products-catalog-filter.js responded 200 in 21.1144 ms
[16:05:39 WRN] The query uses the 'First'/'FirstOrDefault' operator without 'OrderBy' and filter operators. This may lead to unpredictable results.
[16:05:39 INF] HTTP GET / responded 200 in 255.4613 ms
[16:05:39 INF] HTTP GET /lib/bootstrap/dist/css/bootstrap.min.css responded 304 in 4.1303 ms
[16:05:39 INF] HTTP GET /css/site.css responded 304 in 5.0591 ms
[16:05:39 INF] HTTP GET /Biktal.WebMVC.styles.css responded 304 in 0.7342 ms
[16:05:39 INF] HTTP GET /js/site.js responded 200 in 0.8322 ms
[16:05:39 INF] HTTP GET /js/pos.js responded 200 in 0.8618 ms
[16:05:39 INF] HTTP GET /lib/jquery/dist/jquery.min.js responded 304 in 43.5610 ms
[16:05:39 INF] HTTP GET /lib/bootstrap/dist/js/bootstrap.bundle.min.js responded 200 in 140.7791 ms
[16:05:57 INF] HTTP GET /Insights responded 302 in 4.1062 ms
[16:05:58 INF] HTTP GET /Insights/Daily responded 200 in 168.9079 ms
[16:05:58 INF] HTTP GET /Biktal.WebMVC.styles.css responded 304 in 1.8795 ms
[16:05:58 INF] HTTP GET /lib/jquery/dist/jquery.min.js responded 304 in 0.3548 ms
[16:05:58 INF] HTTP GET /lib/bootstrap/dist/css/bootstrap.min.css responded 200 in 5.3625 ms
[16:05:58 INF] HTTP GET /lib/bootstrap/dist/js/bootstrap.bundle.min.js responded 304 in 0.4292 ms
[16:05:58 INF] HTTP GET /css/site.css responded 304 in 0.5260 ms
[16:05:58 INF] HTTP GET /js/site.js responded 304 in 0.5119 ms
[16:06:04 INF] HTTP GET /Inventory/Products responded 200 in 144.9037 ms
[16:06:04 INF] HTTP GET /lib/bootstrap/dist/css/bootstrap.min.css responded 304 in 0.4898 ms
[16:06:04 INF] HTTP GET /css/site.css responded 304 in 0.6281 ms
[16:06:04 INF] HTTP GET /Biktal.WebMVC.styles.css responded 304 in 0.3659 ms
[16:06:05 INF] HTTP GET / responded 200 in 31.5974 ms
[16:06:05 INF] HTTP GET /lib/bootstrap/dist/css/bootstrap.min.css responded 304 in 0.2784 ms
[16:06:05 INF] HTTP GET /css/site.css responded 304 in 0.2501 ms
[16:06:05 INF] HTTP GET /js/site.js responded 304 in 0.2010 ms
[16:06:05 INF] HTTP GET /Biktal.WebMVC.styles.css responded 304 in 0.1698 ms
[16:06:05 INF] HTTP GET /lib/jquery/dist/jquery.min.js responded 304 in 0.1605 ms
[16:06:05 INF] HTTP GET /lib/bootstrap/dist/js/bootstrap.bundle.min.js responded 304 in 0.1713 ms
[16:06:05 INF] HTTP GET /js/pos.js responded 304 in 0.6898 ms
[16:07:08 INF] HTTP POST /Pos/CompleteSale responded 200 in 747.2677 ms
[16:07:14 INF] HTTP GET /Inventory/Products responded 200 in 124.8164 ms
[16:07:14 INF] HTTP GET /lib/bootstrap/dist/css/bootstrap.min.css responded 200 in 8.5142 ms
[16:07:14 INF] HTTP GET /Biktal.WebMVC.styles.css responded 200 in 1.0614 ms
[16:07:14 INF] HTTP GET /css/site.css responded 200 in 1.1283 ms
[16:07:14 INF] HTTP GET /lib/jquery/dist/jquery.min.js responded 200 in 2.4498 ms
[16:07:14 INF] HTTP GET /lib/bootstrap/dist/js/bootstrap.bundle.min.js responded 200 in 1.1922 ms
[16:07:14 INF] HTTP GET /js/site.js responded 200 in 0.9158 ms
[16:07:14 INF] HTTP GET /js/products-catalog-filter.js responded 200 in 0.7029 ms
[16:07:15 INF] HTTP GET /lib/jquery-validation-unobtrusive/dist/jquery.validate.unobtrusive.min.js responded 200 in 17.6186 ms
[16:07:15 INF] HTTP GET /lib/jquery-validation/dist/jquery.validate.min.js responded 200 in 24.5974 ms
[16:08:39 INF] HTTP GET /Insights responded 302 in 1.1712 ms
[16:08:39 INF] HTTP GET /Insights/Daily responded 200 in 23.0702 ms
[16:08:39 INF] HTTP GET /lib/bootstrap/dist/css/bootstrap.min.css responded 200 in 1.8013 ms
[16:08:39 INF] HTTP GET /css/site.css responded 200 in 1.8775 ms
[16:08:39 INF] HTTP GET /lib/bootstrap/dist/js/bootstrap.bundle.min.js responded 304 in 0.6953 ms
[16:08:39 INF] HTTP GET /js/site.js responded 304 in 0.1978 ms
[16:08:39 INF] HTTP GET /Biktal.WebMVC.styles.css responded 200 in 0.6413 ms
[16:08:39 INF] HTTP GET /lib/jquery/dist/jquery.min.js responded 304 in 0.1854 ms
[16:08:44 INF] HTTP GET /Insights/Monthly responded 200 in 48.5264 ms
[16:08:44 INF] HTTP GET /lib/bootstrap/dist/css/bootstrap.min.css responded 304 in 0.2466 ms
[16:08:44 INF] HTTP GET /css/site.css responded 304 in 0.3870 ms
[16:08:44 INF] HTTP GET /Biktal.WebMVC.styles.css responded 304 in 0.8813 ms
[16:08:44 INF] HTTP GET /js/site.js responded 304 in 0.4792 ms
[16:08:44 INF] HTTP GET /lib/bootstrap/dist/js/bootstrap.bundle.min.js responded 304 in 0.5438 ms
[16:08:44 INF] HTTP GET /lib/jquery/dist/jquery.min.js responded 304 in 0.1927 ms
[16:08:59 INF] HTTP GET /Insights/Monthly responded 200 in 25.7309 ms
[16:08:59 INF] HTTP GET /lib/bootstrap/dist/css/bootstrap.min.css responded 200 in 1.7544 ms
[16:08:59 INF] HTTP GET /css/site.css responded 304 in 0.2082 ms
[16:08:59 INF] HTTP GET /lib/jquery/dist/jquery.min.js responded 304 in 0.2799 ms
[16:08:59 INF] HTTP GET /Biktal.WebMVC.styles.css responded 304 in 0.3409 ms
[16:08:59 INF] HTTP GET /lib/bootstrap/dist/js/bootstrap.bundle.min.js responded 304 in 0.5291 ms
[16:08:59 INF] HTTP GET /js/site.js responded 304 in 0.1479 ms
[16:09:13 INF] HTTP GET /Insights/Monthly responded 200 in 101.9703 ms
[16:09:14 INF] HTTP GET /css/site.css responded 304 in 0.5280 ms
[16:09:14 INF] HTTP GET /Biktal.WebMVC.styles.css responded 304 in 0.3620 ms
[16:09:14 INF] HTTP GET /lib/jquery/dist/jquery.min.js responded 304 in 0.4168 ms
[16:09:14 INF] HTTP GET /lib/bootstrap/dist/js/bootstrap.bundle.min.js responded 304 in 0.1255 ms
[16:09:14 INF] HTTP GET /js/site.js responded 304 in 0.0938 ms
[16:09:14 INF] HTTP GET /lib/bootstrap/dist/css/bootstrap.min.css responded 304 in 0.1315 ms
[16:29:41 INF] Application is shutting down...
