[19:30:59 ERR] Failed executing DbCommand (6ms) [Parameters=[@p0='?' (DbType = Guid), @p1='?' (DbType = DateTime), @p2='?' (DbType = Guid), @p3='?', @p4='?' (DbType = DateTime), @p5='?' (DbType = Int32), @p6='?' (DbType = Int32), @p7='?', @p8='?', @p9='?' (DbType = Guid), @p10='?' (DbType = DateTime), @p11='?' (DbType = Guid), @p12='?', @p13='?' (DbType = DateTime), @p14='?' (DbType = Int32), @p15='?' (DbType = Int32), @p16='?', @p17='?'], CommandType='Text', CommandTimeout='30']
INSERT INTO "CrmSupportTickets" ("Id", "CreatedAtUtc", "CustomerId", "Description", "ModifiedAtUtc", "Priority", "Status", "Subject", "TicketNumber")
VALUES (@p0, @p1, @p2, @p3, @p4, @p5, @p6, @p7, @p8);
INSERT INTO "CrmSupportTickets" ("Id", "CreatedAtUtc", "CustomerId", "Description", "ModifiedAtUtc", "Priority", "Status", "Subject", "TicketNumber")
VALUES (@p9, @p10, @p11, @p12, @p13, @p14, @p15, @p16, @p17);
[19:30:59 ERR] An exception occurred in the database while saving changes for context type 'Biktal.Infrastructure.Persistence.ApplicationDbContext'.
Microsoft.EntityFrameworkCore.DbUpdateException: An error occurred while saving the entity changes. See the inner exception for details.
 ---> Npgsql.PostgresException (0x80004005): 23503: insert or update on table "CrmSupportTickets" violates foreign key constraint "FK_CrmSupportTickets_CrmCustomers_CustomerId"

DETAIL: Detail redacted as it may contain sensitive data. Specify 'Include Error Detail' in the connection string to include this information.
   at Npgsql.Internal.NpgsqlConnector.ReadMessageLong(Boolean async, DataRowLoadingMode dataRowLoadingMode, Boolean readingNotifications, Boolean isReadingPrependedMessage)
   at System.Runtime.CompilerServices.PoolingAsyncValueTaskMethodBuilder`1.StateMachineBox`1.System.Threading.Tasks.Sources.IValueTaskSource<TResult>.GetResult(Int16 token)
   at Npgsql.NpgsqlDataReader.NextResult(Boolean async, Boolean isConsuming, CancellationToken cancellationToken)
   at Npgsql.NpgsqlDataReader.NextResult(Boolean async, Boolean isConsuming, CancellationToken cancellationToken)
   at Npgsql.NpgsqlCommand.ExecuteReader(Boolean async, CommandBehavior behavior, CancellationToken cancellationToken)
   at Npgsql.NpgsqlCommand.ExecuteReader(Boolean async, CommandBehavior behavior, CancellationToken cancellationToken)
   at Npgsql.NpgsqlCommand.ExecuteDbDataReaderAsync(CommandBehavior behavior, CancellationToken cancellationToken)
   at Microsoft.EntityFrameworkCore.Storage.RelationalCommand.ExecuteReaderAsync(RelationalCommandParameterObject parameterObject, CancellationToken cancellationToken)
   at Microsoft.EntityFrameworkCore.Storage.RelationalCommand.ExecuteReaderAsync(RelationalCommandParameterObject parameterObject, CancellationToken cancellationToken)
   at Microsoft.EntityFrameworkCore.Update.ReaderModificationCommandBatch.ExecuteAsync(IRelationalConnection connection, CancellationToken cancellationToken)
  Exception data:
    Severity: ERROR
    SqlState: 23503
    MessageText: insert or update on table "CrmSupportTickets" violates foreign key constraint "FK_CrmSupportTickets_CrmCustomers_CustomerId"
    Detail: Detail redacted as it may contain sensitive data. Specify 'Include Error Detail' in the connection string to include this information.
    SchemaName: public
    TableName: CrmSupportTickets
    ConstraintName: FK_CrmSupportTickets_CrmCustomers_CustomerId
    File: ri_triggers.c
    Line: 2783
    Routine: ri_ReportViolation
   --- End of inner exception stack trace ---
   at Microsoft.EntityFrameworkCore.Update.ReaderModificationCommandBatch.ExecuteAsync(IRelationalConnection connection, CancellationToken cancellationToken)
   at Microsoft.EntityFrameworkCore.Update.Internal.BatchExecutor.ExecuteAsync(IEnumerable`1 commandBatches, IRelationalConnection connection, CancellationToken cancellationToken)
   at Microsoft.EntityFrameworkCore.Update.Internal.BatchExecutor.ExecuteAsync(IEnumerable`1 commandBatches, IRelationalConnection connection, CancellationToken cancellationToken)
   at Microsoft.EntityFrameworkCore.Update.Internal.BatchExecutor.ExecuteAsync(IEnumerable`1 commandBatches, IRelationalConnection connection, CancellationToken cancellationToken)
   at Microsoft.EntityFrameworkCore.Storage.RelationalDatabase.SaveChangesAsync(IList`1 entries, CancellationToken cancellationToken)
   at Microsoft.EntityFrameworkCore.ChangeTracking.Internal.StateManager.SaveChangesAsync(IList`1 entriesToSave, CancellationToken cancellationToken)
   at Microsoft.EntityFrameworkCore.ChangeTracking.Internal.StateManager.SaveChangesAsync(StateManager stateManager, Boolean acceptAllChangesOnSuccess, CancellationToken cancellationToken)
   at Npgsql.EntityFrameworkCore.PostgreSQL.Storage.Internal.NpgsqlExecutionStrategy.ExecuteAsync[TState,TResult](TState state, Func`4 operation, Func`4 verifySucceeded, CancellationToken cancellationToken)
   at Microsoft.EntityFrameworkCore.DbContext.SaveChangesAsync(Boolean acceptAllChangesOnSuccess, CancellationToken cancellationToken)
Microsoft.EntityFrameworkCore.DbUpdateException: An error occurred while saving the entity changes. See the inner exception for details.
 ---> Npgsql.PostgresException (0x80004005): 23503: insert or update on table "CrmSupportTickets" violates foreign key constraint "FK_CrmSupportTickets_CrmCustomers_CustomerId"

DETAIL: Detail redacted as it may contain sensitive data. Specify 'Include Error Detail' in the connection string to include this information.
   at Npgsql.Internal.NpgsqlConnector.ReadMessageLong(Boolean async, DataRowLoadingMode dataRowLoadingMode, Boolean readingNotifications, Boolean isReadingPrependedMessage)
   at System.Runtime.CompilerServices.PoolingAsyncValueTaskMethodBuilder`1.StateMachineBox`1.System.Threading.Tasks.Sources.IValueTaskSource<TResult>.GetResult(Int16 token)
   at Npgsql.NpgsqlDataReader.NextResult(Boolean async, Boolean isConsuming, CancellationToken cancellationToken)
   at Npgsql.NpgsqlDataReader.NextResult(Boolean async, Boolean isConsuming, CancellationToken cancellationToken)
   at Npgsql.NpgsqlCommand.ExecuteReader(Boolean async, CommandBehavior behavior, CancellationToken cancellationToken)
   at Npgsql.NpgsqlCommand.ExecuteReader(Boolean async, CommandBehavior behavior, CancellationToken cancellationToken)
   at Npgsql.NpgsqlCommand.ExecuteDbDataReaderAsync(CommandBehavior behavior, CancellationToken cancellationToken)
   at Microsoft.EntityFrameworkCore.Storage.RelationalCommand.ExecuteReaderAsync(RelationalCommandParameterObject parameterObject, CancellationToken cancellationToken)
   at Microsoft.EntityFrameworkCore.Storage.RelationalCommand.ExecuteReaderAsync(RelationalCommandParameterObject parameterObject, CancellationToken cancellationToken)
   at Microsoft.EntityFrameworkCore.Update.ReaderModificationCommandBatch.ExecuteAsync(IRelationalConnection connection, CancellationToken cancellationToken)
  Exception data:
    Severity: ERROR
    SqlState: 23503
    MessageText: insert or update on table "CrmSupportTickets" violates foreign key constraint "FK_CrmSupportTickets_CrmCustomers_CustomerId"
    Detail: Detail redacted as it may contain sensitive data. Specify 'Include Error Detail' in the connection string to include this information.
    SchemaName: public
    TableName: CrmSupportTickets
    ConstraintName: FK_CrmSupportTickets_CrmCustomers_CustomerId
    File: ri_triggers.c
    Line: 2783
    Routine: ri_ReportViolation
   --- End of inner exception stack trace ---
   at Microsoft.EntityFrameworkCore.Update.ReaderModificationCommandBatch.ExecuteAsync(IRelationalConnection connection, CancellationToken cancellationToken)
   at Microsoft.EntityFrameworkCore.Update.Internal.BatchExecutor.ExecuteAsync(IEnumerable`1 commandBatches, IRelationalConnection connection, CancellationToken cancellationToken)
   at Microsoft.EntityFrameworkCore.Update.Internal.BatchExecutor.ExecuteAsync(IEnumerable`1 commandBatches, IRelationalConnection connection, CancellationToken cancellationToken)
   at Microsoft.EntityFrameworkCore.Update.Internal.BatchExecutor.ExecuteAsync(IEnumerable`1 commandBatches, IRelationalConnection connection, CancellationToken cancellationToken)
   at Microsoft.EntityFrameworkCore.Storage.RelationalDatabase.SaveChangesAsync(IList`1 entries, CancellationToken cancellationToken)
   at Microsoft.EntityFrameworkCore.ChangeTracking.Internal.StateManager.SaveChangesAsync(IList`1 entriesToSave, CancellationToken cancellationToken)
   at Microsoft.EntityFrameworkCore.ChangeTracking.Internal.StateManager.SaveChangesAsync(StateManager stateManager, Boolean acceptAllChangesOnSuccess, CancellationToken cancellationToken)
   at Npgsql.EntityFrameworkCore.PostgreSQL.Storage.Internal.NpgsqlExecutionStrategy.ExecuteAsync[TState,TResult](TState state, Func`4 operation, Func`4 verifySucceeded, CancellationToken cancellationToken)
   at Microsoft.EntityFrameworkCore.DbContext.SaveChangesAsync(Boolean acceptAllChangesOnSuccess, CancellationToken cancellationToken)
[19:30:59 ERR] Database migration or seed failed. Check PostgreSQL is running and ConnectionStrings:DefaultConnection is correct.
Microsoft.EntityFrameworkCore.DbUpdateException: An error occurred while saving the entity changes. See the inner exception for details.
 ---> Npgsql.PostgresException (0x80004005): 23503: insert or update on table "CrmSupportTickets" violates foreign key constraint "FK_CrmSupportTickets_CrmCustomers_CustomerId"

DETAIL: Detail redacted as it may contain sensitive data. Specify 'Include Error Detail' in the connection string to include this information.
   at Npgsql.Internal.NpgsqlConnector.ReadMessageLong(Boolean async, DataRowLoadingMode dataRowLoadingMode, Boolean readingNotifications, Boolean isReadingPrependedMessage)
   at System.Runtime.CompilerServices.PoolingAsyncValueTaskMethodBuilder`1.StateMachineBox`1.System.Threading.Tasks.Sources.IValueTaskSource<TResult>.GetResult(Int16 token)
   at Npgsql.NpgsqlDataReader.NextResult(Boolean async, Boolean isConsuming, CancellationToken cancellationToken)
   at Npgsql.NpgsqlDataReader.NextResult(Boolean async, Boolean isConsuming, CancellationToken cancellationToken)
   at Npgsql.NpgsqlCommand.ExecuteReader(Boolean async, CommandBehavior behavior, CancellationToken cancellationToken)
   at Npgsql.NpgsqlCommand.ExecuteReader(Boolean async, CommandBehavior behavior, CancellationToken cancellationToken)
   at Npgsql.NpgsqlCommand.ExecuteDbDataReaderAsync(CommandBehavior behavior, CancellationToken cancellationToken)
   at Microsoft.EntityFrameworkCore.Storage.RelationalCommand.ExecuteReaderAsync(RelationalCommandParameterObject parameterObject, CancellationToken cancellationToken)
   at Microsoft.EntityFrameworkCore.Storage.RelationalCommand.ExecuteReaderAsync(RelationalCommandParameterObject parameterObject, CancellationToken cancellationToken)
   at Microsoft.EntityFrameworkCore.Update.ReaderModificationCommandBatch.ExecuteAsync(IRelationalConnection connection, CancellationToken cancellationToken)
  Exception data:
    Severity: ERROR
    SqlState: 23503
    MessageText: insert or update on table "CrmSupportTickets" violates foreign key constraint "FK_CrmSupportTickets_CrmCustomers_CustomerId"
    Detail: Detail redacted as it may contain sensitive data. Specify 'Include Error Detail' in the connection string to include this information.
    SchemaName: public
    TableName: CrmSupportTickets
    ConstraintName: FK_CrmSupportTickets_CrmCustomers_CustomerId
    File: ri_triggers.c
    Line: 2783
    Routine: ri_ReportViolation
   --- End of inner exception stack trace ---
   at Microsoft.EntityFrameworkCore.Update.ReaderModificationCommandBatch.ExecuteAsync(IRelationalConnection connection, CancellationToken cancellationToken)
   at Microsoft.EntityFrameworkCore.Update.Internal.BatchExecutor.ExecuteAsync(IEnumerable`1 commandBatches, IRelationalConnection connection, CancellationToken cancellationToken)
   at Microsoft.EntityFrameworkCore.Update.Internal.BatchExecutor.ExecuteAsync(IEnumerable`1 commandBatches, IRelationalConnection connection, CancellationToken cancellationToken)
   at Microsoft.EntityFrameworkCore.Update.Internal.BatchExecutor.ExecuteAsync(IEnumerable`1 commandBatches, IRelationalConnection connection, CancellationToken cancellationToken)
   at Microsoft.EntityFrameworkCore.Storage.RelationalDatabase.SaveChangesAsync(IList`1 entries, CancellationToken cancellationToken)
   at Microsoft.EntityFrameworkCore.ChangeTracking.Internal.StateManager.SaveChangesAsync(IList`1 entriesToSave, CancellationToken cancellationToken)
   at Microsoft.EntityFrameworkCore.ChangeTracking.Internal.StateManager.SaveChangesAsync(StateManager stateManager, Boolean acceptAllChangesOnSuccess, CancellationToken cancellationToken)
   at Npgsql.EntityFrameworkCore.PostgreSQL.Storage.Internal.NpgsqlExecutionStrategy.ExecuteAsync[TState,TResult](TState state, Func`4 operation, Func`4 verifySucceeded, CancellationToken cancellationToken)
   at Microsoft.EntityFrameworkCore.DbContext.SaveChangesAsync(Boolean acceptAllChangesOnSuccess, CancellationToken cancellationToken)
   at Microsoft.EntityFrameworkCore.DbContext.SaveChangesAsync(Boolean acceptAllChangesOnSuccess, CancellationToken cancellationToken)
   at Biktal.Infrastructure.Persistence.CrmDataSeeder.SeedIfEmptyAsync(ApplicationDbContext db, CancellationToken cancellationToken)
   at Program.<Main>$(String[] args) in d:\Systems\BiktalSystems\Program.cs:line 71
[19:30:59 WRN] Continuing without a successful migration/seed. Auth and data pages may fail until the database is available.
[19:30:59 WRN] Using an in-memory repository. Keys will not be persisted to storage.
[19:30:59 WRN] Neither user profile nor HKLM registry available. Using an ephemeral key repository. Protected data will be unavailable when application exits.
[19:30:59 WRN] No XML encryptor configured. Key {bbea72ac-d282-4c35-9447-2f45d76fe0aa} may be persisted to storage in unencrypted form.
[19:30:59 INF] Application started. Press Ctrl+C to shut down.
[19:30:59 INF] Hosting environment: Production
[19:30:59 INF] Content root path: D:\Systems\BiktalSystems\publish
[19:30:59 INF] HTTP GET /Inventory/Products responded 302 in 83.7740 ms
[19:31:00 ERR] An exception was thrown while deserializing the token.
Microsoft.AspNetCore.Antiforgery.AntiforgeryValidationException: The antiforgery token could not be decrypted.
 ---> System.Security.Cryptography.CryptographicException: The key {a708fdca-a38a-4dc4-a025-2ab5947b3eb3} was not found in the key ring. For more information go to https://aka.ms/aspnet/dataprotectionwarning
   at Microsoft.AspNetCore.DataProtection.KeyManagement.KeyRingBasedDataProtector.UnprotectCore(Byte[] protectedData, Boolean allowOperationsOnRevokedKeys, UnprotectStatus& status)
   at Microsoft.AspNetCore.DataProtection.KeyManagement.KeyRingBasedDataProtector.Unprotect(Byte[] protectedData)
   at Microsoft.AspNetCore.Antiforgery.DefaultAntiforgeryTokenSerializer.Deserialize(String serializedToken)
   --- End of inner exception stack trace ---
   at Microsoft.AspNetCore.Antiforgery.DefaultAntiforgeryTokenSerializer.Deserialize(String serializedToken)
   at Microsoft.AspNetCore.Antiforgery.DefaultAntiforgery.GetCookieTokenDoesNotThrow(HttpContext httpContext)
[19:31:00 INF] HTTP GET /Account/Login responded 200 in 236.8644 ms
[19:31:00 INF] HTTP GET /js/site.js responded 200 in 98.5742 ms
[19:31:00 INF] HTTP GET /css/site.css responded 200 in 104.6986 ms
[19:31:00 INF] HTTP GET /lib/jquery-validation/dist/jquery.validate.min.js responded 200 in 65.4842 ms
[19:31:00 INF] HTTP GET /lib/jquery-validation-unobtrusive/dist/jquery.validate.unobtrusive.min.js responded 200 in 97.9170 ms
[19:31:00 INF] HTTP GET /Biktal.WebMVC.styles.css responded 200 in 103.4423 ms
[19:31:00 INF] HTTP GET /lib/bootstrap/dist/css/bootstrap.min.css responded 200 in 107.5401 ms
[19:31:00 INF] HTTP GET /lib/bootstrap/dist/js/bootstrap.bundle.min.js responded 200 in 100.5049 ms
[19:31:00 INF] HTTP GET /lib/jquery/dist/jquery.min.js responded 200 in 108.5961 ms
[19:31:08 INF] HTTP POST /Account/Login responded 302 in 538.6120 ms
[19:31:08 INF] HTTP GET /Inventory/Products responded 200 in 571.0507 ms
[19:31:08 INF] HTTP GET /Biktal.WebMVC.styles.css responded 200 in 4.1049 ms
[19:31:08 INF] HTTP GET /lib/bootstrap/dist/css/bootstrap.min.css responded 200 in 7.2753 ms
[19:31:08 INF] HTTP GET /css/site.css responded 200 in 6.2417 ms
[19:31:09 INF] HTTP GET /lib/jquery/dist/jquery.min.js responded 304 in 83.2180 ms
[19:31:09 INF] HTTP GET /js/site.js responded 304 in 43.8831 ms
[19:31:09 INF] HTTP GET /lib/jquery-validation/dist/jquery.validate.min.js responded 304 in 39.8762 ms
[19:31:09 INF] HTTP GET /js/products-catalog-filter.js responded 200 in 8.2951 ms
[19:31:09 INF] HTTP GET /lib/jquery-validation-unobtrusive/dist/jquery.validate.unobtrusive.min.js responded 304 in 14.9914 ms
[19:31:09 INF] HTTP GET /lib/bootstrap/dist/js/bootstrap.bundle.min.js responded 304 in 118.9339 ms
[19:31:16 INF] HTTP POST /Inventory/EditProduct responded 302 in 150.0383 ms
[19:31:16 INF] HTTP GET /Inventory/Products responded 200 in 139.7156 ms
[19:31:17 INF] HTTP GET /lib/bootstrap/dist/css/bootstrap.min.css responded 304 in 1.1538 ms
[19:31:17 INF] HTTP GET /css/site.css responded 304 in 1.0965 ms
[19:31:17 INF] HTTP GET /Biktal.WebMVC.styles.css responded 304 in 2.2958 ms
[19:31:17 INF] HTTP GET /lib/jquery/dist/jquery.min.js responded 304 in 0.8144 ms
[19:31:17 INF] HTTP GET /lib/bootstrap/dist/js/bootstrap.bundle.min.js responded 304 in 0.9564 ms
[19:31:17 INF] HTTP GET /js/site.js responded 304 in 2.5112 ms
[19:31:17 INF] HTTP GET /lib/jquery-validation-unobtrusive/dist/jquery.validate.unobtrusive.min.js responded 304 in 1.1205 ms
[19:31:17 INF] HTTP GET /lib/jquery-validation/dist/jquery.validate.min.js responded 304 in 3.1585 ms
[19:31:17 INF] HTTP GET /js/products-catalog-filter.js responded 304 in 0.9205 ms
[19:34:41 INF] HTTP POST /Inventory/AddProduct responded 302 in 49.6189 ms
[19:34:41 INF] HTTP GET /Inventory/Products responded 200 in 97.5464 ms
[19:34:41 INF] HTTP GET /lib/bootstrap/dist/css/bootstrap.min.css responded 200 in 1.8270 ms
[19:34:41 INF] HTTP GET /css/site.css responded 200 in 1.6936 ms
[19:34:41 INF] HTTP GET /Biktal.WebMVC.styles.css responded 200 in 1.4902 ms
[19:34:42 INF] HTTP GET /lib/jquery/dist/jquery.min.js responded 200 in 1.4765 ms
[19:34:42 INF] HTTP GET /js/site.js responded 200 in 1.4972 ms
[19:34:42 INF] HTTP GET /lib/bootstrap/dist/js/bootstrap.bundle.min.js responded 200 in 6.5075 ms
[19:34:42 INF] HTTP GET /lib/jquery-validation-unobtrusive/dist/jquery.validate.unobtrusive.min.js responded 200 in 1.7830 ms
[19:34:42 INF] HTTP GET /js/products-catalog-filter.js responded 200 in 1.2547 ms
[19:34:42 INF] HTTP GET /lib/jquery-validation/dist/jquery.validate.min.js responded 200 in 3.7035 ms
[19:36:10 INF] HTTP POST /Inventory/AddProduct responded 302 in 104.9763 ms
[19:36:10 INF] HTTP GET /Inventory/Products responded 200 in 93.7299 ms
[19:36:10 INF] HTTP GET /css/site.css responded 200 in 1.4335 ms
[19:36:10 INF] HTTP GET /lib/bootstrap/dist/css/bootstrap.min.css responded 200 in 2.7006 ms
[19:36:10 INF] HTTP GET /Biktal.WebMVC.styles.css responded 200 in 0.9910 ms
[19:36:11 INF] HTTP GET /lib/jquery/dist/jquery.min.js responded 200 in 1.4503 ms
[19:36:11 INF] HTTP GET /js/site.js responded 200 in 1.3426 ms
[19:36:11 INF] HTTP GET /lib/bootstrap/dist/js/bootstrap.bundle.min.js responded 200 in 1.8691 ms
[19:36:11 INF] HTTP GET /lib/jquery-validation/dist/jquery.validate.min.js responded 200 in 1.2195 ms
[19:36:11 INF] HTTP GET /lib/jquery-validation-unobtrusive/dist/jquery.validate.unobtrusive.min.js responded 200 in 1.4769 ms
[19:36:11 INF] HTTP GET /js/products-catalog-filter.js responded 200 in 1.1444 ms
[19:38:02 INF] HTTP POST /Inventory/AddProduct responded 302 in 15.4182 ms
[19:38:02 INF] HTTP GET /Inventory/Products responded 200 in 84.3711 ms
[19:38:02 INF] HTTP GET /css/site.css responded 200 in 1.7704 ms
[19:38:02 INF] HTTP GET /Biktal.WebMVC.styles.css responded 200 in 2.2132 ms
[19:38:02 INF] HTTP GET /lib/bootstrap/dist/css/bootstrap.min.css responded 200 in 4.4894 ms
[19:38:04 INF] HTTP GET /lib/jquery/dist/jquery.min.js responded 200 in 1.2896 ms
[19:38:04 INF] HTTP GET /lib/bootstrap/dist/js/bootstrap.bundle.min.js responded 200 in 1.6082 ms
[19:38:04 INF] HTTP GET /js/site.js responded 200 in 1.1068 ms
[19:38:04 INF] HTTP GET /lib/jquery-validation/dist/jquery.validate.min.js responded 200 in 1.8995 ms
[19:38:04 INF] HTTP GET /lib/jquery-validation-unobtrusive/dist/jquery.validate.unobtrusive.min.js responded 200 in 1.8125 ms
[19:38:04 INF] HTTP GET /js/products-catalog-filter.js responded 200 in 0.9715 ms
[19:39:13 INF] HTTP POST /Inventory/AddProduct responded 302 in 16.1130 ms
[19:39:13 INF] HTTP GET /Inventory/Products responded 200 in 99.8965 ms
[19:39:13 INF] HTTP GET /lib/bootstrap/dist/css/bootstrap.min.css responded 200 in 0.9633 ms
[19:39:13 INF] HTTP GET /css/site.css responded 200 in 2.1398 ms
[19:39:13 INF] HTTP GET /Biktal.WebMVC.styles.css responded 200 in 1.2430 ms
[19:39:14 INF] HTTP GET /lib/jquery/dist/jquery.min.js responded 200 in 0.8607 ms
[19:39:14 INF] HTTP GET /js/site.js responded 200 in 1.0832 ms
[19:39:14 INF] HTTP GET /lib/jquery-validation/dist/jquery.validate.min.js responded 200 in 1.0581 ms
[19:39:14 INF] HTTP GET /lib/bootstrap/dist/js/bootstrap.bundle.min.js responded 200 in 2.8025 ms
[19:39:14 INF] HTTP GET /js/products-catalog-filter.js responded 200 in 1.8814 ms
[19:39:14 INF] HTTP GET /lib/jquery-validation-unobtrusive/dist/jquery.validate.unobtrusive.min.js responded 200 in 5.0039 ms
[19:40:40 INF] HTTP POST /Inventory/AddProduct responded 302 in 14.5613 ms
[19:40:40 INF] HTTP GET /Inventory/Products responded 200 in 83.1892 ms
[19:40:40 INF] HTTP GET /css/site.css responded 200 in 1.3563 ms
[19:40:40 INF] HTTP GET /Biktal.WebMVC.styles.css responded 200 in 2.1615 ms
[19:40:40 INF] HTTP GET /lib/bootstrap/dist/css/bootstrap.min.css responded 200 in 1.0244 ms
[19:40:41 INF] HTTP GET /lib/jquery/dist/jquery.min.js responded 200 in 0.9080 ms
[19:40:41 INF] HTTP GET /js/site.js responded 200 in 3.6984 ms
[19:40:41 INF] HTTP GET /lib/jquery-validation-unobtrusive/dist/jquery.validate.unobtrusive.min.js responded 200 in 2.5779 ms
[19:40:41 INF] HTTP GET /lib/jquery-validation/dist/jquery.validate.min.js responded 200 in 3.9390 ms
[19:40:41 INF] HTTP GET /lib/bootstrap/dist/js/bootstrap.bundle.min.js responded 200 in 3.6806 ms
[19:40:41 INF] HTTP GET /js/products-catalog-filter.js responded 200 in 1.3946 ms
[19:42:15 INF] HTTP POST /Inventory/AddProduct responded 302 in 114.6128 ms
[19:42:15 INF] HTTP GET /Inventory/Products responded 200 in 94.3854 ms
[19:42:15 INF] HTTP GET /lib/bootstrap/dist/css/bootstrap.min.css responded 200 in 1.9224 ms
[19:42:15 INF] HTTP GET /css/site.css responded 200 in 1.2056 ms
[19:42:15 INF] HTTP GET /Biktal.WebMVC.styles.css responded 200 in 1.0044 ms
[19:42:16 INF] HTTP GET /lib/jquery/dist/jquery.min.js responded 200 in 1.0260 ms
[19:42:16 INF] HTTP GET /js/site.js responded 200 in 0.7424 ms
[19:42:16 INF] HTTP GET /lib/bootstrap/dist/js/bootstrap.bundle.min.js responded 200 in 0.8343 ms
[19:42:16 INF] HTTP GET /lib/jquery-validation-unobtrusive/dist/jquery.validate.unobtrusive.min.js responded 200 in 0.7711 ms
[19:42:16 INF] HTTP GET /lib/jquery-validation/dist/jquery.validate.min.js responded 200 in 0.8775 ms
[19:42:16 INF] HTTP GET /js/products-catalog-filter.js responded 200 in 1.2322 ms
[19:43:45 INF] HTTP POST /Inventory/AddProduct responded 302 in 12.3778 ms
[19:43:45 INF] HTTP GET /Inventory/Products responded 200 in 81.7686 ms
[19:43:45 INF] HTTP GET /lib/bootstrap/dist/css/bootstrap.min.css responded 200 in 2.2356 ms
[19:43:45 INF] HTTP GET /Biktal.WebMVC.styles.css responded 200 in 2.1357 ms
[19:43:45 INF] HTTP GET /css/site.css responded 200 in 1.3971 ms
[19:43:47 INF] HTTP GET /lib/jquery/dist/jquery.min.js responded 200 in 0.8148 ms
[19:43:47 INF] HTTP GET /js/site.js responded 200 in 0.6997 ms
[19:43:47 INF] HTTP GET /lib/jquery-validation/dist/jquery.validate.min.js responded 200 in 0.8786 ms
[19:43:47 INF] HTTP GET /lib/bootstrap/dist/js/bootstrap.bundle.min.js responded 200 in 1.5565 ms
[19:43:47 INF] HTTP GET /lib/jquery-validation-unobtrusive/dist/jquery.validate.unobtrusive.min.js responded 200 in 3.0774 ms
[19:43:47 INF] HTTP GET /js/products-catalog-filter.js responded 200 in 0.9091 ms
[19:43:56 INF] HTTP GET /Inventory/Products responded 200 in 66.7398 ms
[19:43:56 INF] HTTP GET /css/site.css responded 304 in 0.8416 ms
[19:43:56 INF] HTTP GET /lib/bootstrap/dist/css/bootstrap.min.css responded 304 in 0.4539 ms
[19:43:56 INF] HTTP GET /Biktal.WebMVC.styles.css responded 304 in 0.5141 ms
[19:43:57 INF] HTTP GET /lib/jquery/dist/jquery.min.js responded 304 in 0.2873 ms
[19:43:57 INF] HTTP GET /js/site.js responded 304 in 0.3468 ms
[19:43:57 INF] HTTP GET /lib/bootstrap/dist/js/bootstrap.bundle.min.js responded 304 in 0.7272 ms
[19:43:57 INF] HTTP GET /lib/jquery-validation/dist/jquery.validate.min.js responded 304 in 0.3532 ms
[19:43:57 INF] HTTP GET /js/products-catalog-filter.js responded 304 in 0.6083 ms
[19:43:57 INF] HTTP GET /lib/jquery-validation-unobtrusive/dist/jquery.validate.unobtrusive.min.js responded 304 in 0.4729 ms
[19:44:03 INF] HTTP POST /Inventory/EditProduct responded 302 in 17.8678 ms
[19:44:03 INF] HTTP GET /Inventory/Products responded 200 in 63.9933 ms
[19:44:03 INF] HTTP GET /lib/bootstrap/dist/css/bootstrap.min.css responded 304 in 0.4174 ms
[19:44:03 INF] HTTP GET /Biktal.WebMVC.styles.css responded 304 in 0.3099 ms
[19:44:03 INF] HTTP GET /css/site.css responded 304 in 0.2967 ms
[19:44:04 INF] HTTP GET /lib/jquery/dist/jquery.min.js responded 304 in 0.2984 ms
[19:44:04 INF] HTTP GET /lib/bootstrap/dist/js/bootstrap.bundle.min.js responded 304 in 0.5475 ms
[19:44:04 INF] HTTP GET /js/site.js responded 304 in 0.4153 ms
[19:44:04 INF] HTTP GET /lib/jquery-validation/dist/jquery.validate.min.js responded 304 in 0.5605 ms
[19:44:04 INF] HTTP GET /lib/jquery-validation-unobtrusive/dist/jquery.validate.unobtrusive.min.js responded 304 in 1.2281 ms
[19:44:04 INF] HTTP GET /js/products-catalog-filter.js responded 304 in 1.0728 ms
[19:45:22 INF] HTTP POST /Inventory/AddProduct responded 302 in 15.5310 ms
[19:45:22 INF] HTTP GET /Inventory/Products responded 200 in 100.0967 ms
[19:45:22 INF] HTTP GET /lib/bootstrap/dist/css/bootstrap.min.css responded 200 in 2.6419 ms
[19:45:22 INF] HTTP GET /Biktal.WebMVC.styles.css responded 200 in 1.1698 ms
[19:45:22 INF] HTTP GET /css/site.css responded 200 in 1.1600 ms
[19:45:23 INF] HTTP GET /lib/jquery/dist/jquery.min.js responded 200 in 0.6830 ms
[19:45:23 INF] HTTP GET /js/site.js responded 200 in 0.7161 ms
[19:45:23 INF] HTTP GET /lib/bootstrap/dist/js/bootstrap.bundle.min.js responded 200 in 5.3624 ms
[19:45:23 INF] HTTP GET /lib/jquery-validation/dist/jquery.validate.min.js responded 200 in 4.9718 ms
[19:45:23 INF] HTTP GET /js/products-catalog-filter.js responded 200 in 1.8488 ms
[19:45:23 INF] HTTP GET /lib/jquery-validation-unobtrusive/dist/jquery.validate.unobtrusive.min.js responded 200 in 3.4721 ms
[19:46:30 INF] HTTP POST /Inventory/AddProduct responded 302 in 12.1884 ms
[19:46:30 INF] HTTP GET /Inventory/Products responded 200 in 68.5065 ms
[19:46:30 INF] HTTP GET /lib/bootstrap/dist/css/bootstrap.min.css responded 200 in 2.8430 ms
[19:46:30 INF] HTTP GET /css/site.css responded 200 in 1.0234 ms
[19:46:30 INF] HTTP GET /Biktal.WebMVC.styles.css responded 200 in 1.1543 ms
[19:46:31 INF] HTTP GET /lib/jquery/dist/jquery.min.js responded 200 in 0.6521 ms
[19:46:31 INF] HTTP GET /lib/bootstrap/dist/js/bootstrap.bundle.min.js responded 200 in 0.8476 ms
[19:46:31 INF] HTTP GET /js/site.js responded 200 in 1.2536 ms
[19:46:31 INF] HTTP GET /lib/jquery-validation/dist/jquery.validate.min.js responded 200 in 0.8869 ms
[19:46:31 INF] HTTP GET /lib/jquery-validation-unobtrusive/dist/jquery.validate.unobtrusive.min.js responded 200 in 0.6270 ms
[19:46:31 INF] HTTP GET /js/products-catalog-filter.js responded 200 in 1.5047 ms
[20:01:19 WRN] The query uses the 'First'/'FirstOrDefault' operator without 'OrderBy' and filter operators. This may lead to unpredictable results.
[20:01:19 INF] HTTP GET /Pos responded 200 in 207.3453 ms
[20:01:19 INF] HTTP GET /css/site.css responded 200 in 1.4378 ms
[20:01:19 INF] HTTP GET /Biktal.WebMVC.styles.css responded 200 in 1.2289 ms
[20:01:19 INF] HTTP GET /lib/jquery/dist/jquery.min.js responded 200 in 2.1565 ms
[20:01:19 INF] HTTP GET /lib/bootstrap/dist/css/bootstrap.min.css responded 200 in 2.5860 ms
[20:01:19 INF] HTTP GET /lib/bootstrap/dist/js/bootstrap.bundle.min.js responded 200 in 1.2408 ms
[20:01:19 INF] HTTP GET /js/site.js responded 200 in 5.1114 ms
[20:01:19 INF] HTTP GET /js/pos.js responded 200 in 32.8480 ms
[20:08:40 INF] HTTP POST /Pos/CompleteSale responded 200 in 631.1860 ms
[20:19:28 INF] HTTP GET /Inventory responded 200 in 208.2832 ms
[20:19:28 INF] HTTP GET /css/site.css responded 200 in 1.7483 ms
[20:19:28 INF] HTTP GET /Biktal.WebMVC.styles.css responded 200 in 1.2409 ms
[20:19:28 INF] HTTP GET /lib/bootstrap/dist/css/bootstrap.min.css responded 200 in 1.4451 ms
[20:19:28 INF] HTTP GET /lib/jquery/dist/jquery.min.js responded 200 in 6.3199 ms
[20:19:28 INF] HTTP GET /lib/bootstrap/dist/js/bootstrap.bundle.min.js responded 200 in 1.0017 ms
[20:19:28 INF] HTTP GET /js/site.js responded 200 in 0.7744 ms
[20:19:33 INF] HTTP GET /Inventory/Products responded 200 in 64.1847 ms
[20:19:33 INF] HTTP GET /css/site.css responded 200 in 0.7558 ms
[20:19:33 INF] HTTP GET /lib/bootstrap/dist/css/bootstrap.min.css responded 200 in 1.0491 ms
[20:19:33 INF] HTTP GET /Biktal.WebMVC.styles.css responded 200 in 0.9598 ms
[20:19:34 INF] HTTP GET /lib/jquery/dist/jquery.min.js responded 304 in 0.3392 ms
[20:19:34 INF] HTTP GET /lib/bootstrap/dist/js/bootstrap.bundle.min.js responded 304 in 0.5295 ms
[20:19:34 INF] HTTP GET /js/site.js responded 304 in 1.7698 ms
[20:19:34 INF] HTTP GET /lib/jquery-validation/dist/jquery.validate.min.js responded 200 in 1.4524 ms
[20:19:34 INF] HTTP GET /lib/jquery-validation-unobtrusive/dist/jquery.validate.unobtrusive.min.js responded 200 in 1.3668 ms
[20:19:34 INF] HTTP GET /js/products-catalog-filter.js responded 200 in 1.0127 ms
[20:26:59 INF] HTTP POST /Inventory/AddProduct responded 302 in 83.8432 ms
[20:26:59 INF] HTTP GET /Inventory/Products responded 200 in 94.9117 ms
[20:26:59 INF] HTTP GET /lib/bootstrap/dist/css/bootstrap.min.css responded 200 in 2.3194 ms
[20:26:59 INF] HTTP GET /Biktal.WebMVC.styles.css responded 200 in 1.3615 ms
[20:26:59 INF] HTTP GET /css/site.css responded 200 in 4.5817 ms
[20:27:00 INF] HTTP GET /lib/jquery/dist/jquery.min.js responded 200 in 1.8518 ms
[20:27:00 INF] HTTP GET /lib/bootstrap/dist/js/bootstrap.bundle.min.js responded 200 in 0.9640 ms
[20:27:00 INF] HTTP GET /js/site.js responded 200 in 1.3220 ms
[20:27:00 INF] HTTP GET /lib/jquery-validation/dist/jquery.validate.min.js responded 200 in 0.7865 ms
[20:27:00 INF] HTTP GET /lib/jquery-validation-unobtrusive/dist/jquery.validate.unobtrusive.min.js responded 200 in 0.7354 ms
[20:27:00 INF] HTTP GET /js/products-catalog-filter.js responded 200 in 0.8296 ms
[20:28:00 INF] HTTP GET /Inventory/Products responded 200 in 85.4777 ms
[20:28:00 INF] HTTP GET /lib/bootstrap/dist/css/bootstrap.min.css responded 200 in 2.9525 ms
[20:28:00 INF] HTTP GET /css/site.css responded 200 in 1.3320 ms
[20:28:00 INF] HTTP GET /Biktal.WebMVC.styles.css responded 200 in 3.8466 ms
[20:28:01 INF] HTTP GET /lib/jquery/dist/jquery.min.js responded 200 in 0.7605 ms
[20:28:01 INF] HTTP GET /lib/bootstrap/dist/js/bootstrap.bundle.min.js responded 200 in 5.8465 ms
[20:28:01 INF] HTTP GET /js/site.js responded 200 in 5.0187 ms
[20:28:01 INF] HTTP GET /lib/jquery-validation/dist/jquery.validate.min.js responded 200 in 3.9927 ms
[20:28:01 INF] HTTP GET /lib/jquery-validation-unobtrusive/dist/jquery.validate.unobtrusive.min.js responded 200 in 1.2431 ms
[20:28:01 INF] HTTP GET /js/products-catalog-filter.js responded 200 in 0.9082 ms
[20:28:05 INF] HTTP POST /Inventory/EditProduct responded 302 in 21.9626 ms
[20:28:05 INF] HTTP GET /Inventory/Products responded 200 in 58.4241 ms
[20:28:05 INF] HTTP GET /css/site.css responded 200 in 1.5403 ms
[20:28:05 INF] HTTP GET /Biktal.WebMVC.styles.css responded 200 in 1.0182 ms
[20:28:05 INF] HTTP GET /lib/bootstrap/dist/css/bootstrap.min.css responded 200 in 1.2507 ms
[20:28:06 INF] HTTP GET /lib/jquery/dist/jquery.min.js responded 200 in 1.1543 ms
[20:28:07 INF] HTTP GET /lib/bootstrap/dist/js/bootstrap.bundle.min.js responded 200 in 1.9491 ms
[20:28:07 INF] HTTP GET /lib/jquery-validation/dist/jquery.validate.min.js responded 200 in 1.6686 ms
[20:28:07 INF] HTTP GET /js/site.js responded 200 in 3.8591 ms
[20:28:07 INF] HTTP GET /lib/jquery-validation-unobtrusive/dist/jquery.validate.unobtrusive.min.js responded 200 in 0.8869 ms
[20:28:07 INF] HTTP GET /js/products-catalog-filter.js responded 200 in 0.7678 ms
[20:37:30 INF] HTTP GET /Pos responded 200 in 90.1654 ms
[20:37:30 INF] HTTP GET /css/site.css responded 200 in 0.9305 ms
[20:37:30 INF] HTTP GET /Biktal.WebMVC.styles.css responded 200 in 0.7071 ms
[20:37:30 INF] HTTP GET /lib/jquery/dist/jquery.min.js responded 200 in 0.6817 ms
[20:37:30 INF] HTTP GET /lib/bootstrap/dist/css/bootstrap.min.css responded 200 in 0.9602 ms
[20:37:30 INF] HTTP GET /js/site.js responded 200 in 3.5753 ms
[20:37:30 INF] HTTP GET /js/pos.js responded 200 in 0.6969 ms
[20:37:30 INF] HTTP GET /lib/bootstrap/dist/js/bootstrap.bundle.min.js responded 200 in 1.0386 ms
[20:38:22 INF] HTTP POST /Pos/CompleteSale responded 200 in 73.3907 ms
[20:40:21 INF] HTTP GET /Finance responded 200 in 57.6782 ms
[20:40:21 INF] HTTP GET /lib/bootstrap/dist/css/bootstrap.min.css responded 200 in 1.5890 ms
[20:40:21 INF] HTTP GET /css/site.css responded 200 in 1.6497 ms
[20:40:21 INF] HTTP GET /Biktal.WebMVC.styles.css responded 200 in 1.2843 ms
[20:40:21 INF] HTTP GET /js/site.js responded 200 in 0.7973 ms
[20:40:21 INF] HTTP GET /lib/jquery/dist/jquery.min.js responded 200 in 1.0581 ms
[20:40:21 INF] HTTP GET /lib/bootstrap/dist/js/bootstrap.bundle.min.js responded 200 in 0.9107 ms
[20:40:40 INF] HTTP GET /Insights responded 200 in 144.2482 ms
[20:40:40 INF] HTTP GET /lib/bootstrap/dist/css/bootstrap.min.css responded 200 in 1.2039 ms
[20:40:40 INF] HTTP GET /Biktal.WebMVC.styles.css responded 200 in 1.0608 ms
[20:40:40 INF] HTTP GET /css/site.css responded 200 in 0.8366 ms
[20:40:40 INF] HTTP GET /lib/bootstrap/dist/js/bootstrap.bundle.min.js responded 304 in 0.6014 ms
[20:40:40 INF] HTTP GET /js/site.js responded 304 in 0.3401 ms
[20:40:40 INF] HTTP GET /lib/jquery/dist/jquery.min.js responded 304 in 4.1173 ms
[20:40:59 INF] HTTP GET /Finance responded 200 in 8.8682 ms
[20:40:59 INF] HTTP GET /lib/bootstrap/dist/css/bootstrap.min.css responded 200 in 2.5916 ms
[20:40:59 INF] HTTP GET /css/site.css responded 200 in 5.3854 ms
[20:40:59 INF] HTTP GET /lib/jquery/dist/jquery.min.js responded 304 in 0.3661 ms
[20:40:59 INF] HTTP GET /lib/bootstrap/dist/js/bootstrap.bundle.min.js responded 304 in 1.1032 ms
[20:40:59 INF] HTTP GET /Biktal.WebMVC.styles.css responded 200 in 1.1958 ms
[20:40:59 INF] HTTP GET /js/site.js responded 304 in 0.4485 ms
[20:41:02 INF] HTTP GET /Finance/Cashbox responded 200 in 172.2999 ms
[20:41:02 INF] HTTP GET /lib/bootstrap/dist/css/bootstrap.min.css responded 200 in 12.3167 ms
[20:41:02 INF] HTTP GET /css/site.css responded 200 in 0.7403 ms
[20:41:02 INF] HTTP GET /lib/jquery/dist/jquery.min.js responded 304 in 0.3130 ms
[20:41:02 INF] HTTP GET /Biktal.WebMVC.styles.css responded 200 in 1.1871 ms
[20:41:02 INF] HTTP GET /js/site.js responded 304 in 0.2813 ms
[20:41:02 INF] HTTP GET /lib/bootstrap/dist/js/bootstrap.bundle.min.js responded 304 in 1.0031 ms
[20:41:02 INF] HTTP GET /lib/jquery-validation/dist/jquery.validate.min.js responded 200 in 0.8808 ms
[20:41:02 INF] HTTP GET /lib/jquery-validation-unobtrusive/dist/jquery.validate.unobtrusive.min.js responded 200 in 1.4944 ms
[20:41:16 INF] HTTP GET /Finance/Accounting responded 200 in 63.9388 ms
[20:41:16 INF] HTTP GET /lib/bootstrap/dist/css/bootstrap.min.css responded 200 in 1.2089 ms
[20:41:16 INF] HTTP GET /css/site.css responded 200 in 0.9797 ms
[20:41:16 INF] HTTP GET /Biktal.WebMVC.styles.css responded 200 in 1.2637 ms
[20:41:16 INF] HTTP GET /lib/jquery/dist/jquery.min.js responded 304 in 0.9177 ms
[20:41:16 INF] HTTP GET /lib/bootstrap/dist/js/bootstrap.bundle.min.js responded 304 in 0.6799 ms
[20:41:16 INF] HTTP GET /js/site.js responded 304 in 0.4442 ms
[20:41:21 INF] HTTP GET /Finance responded 200 in 7.7747 ms
[20:41:21 INF] HTTP GET /lib/bootstrap/dist/css/bootstrap.min.css responded 200 in 7.0514 ms
[20:41:21 INF] HTTP GET /css/site.css responded 200 in 1.0379 ms
[20:41:21 INF] HTTP GET /Biktal.WebMVC.styles.css responded 200 in 0.8131 ms
[20:41:21 INF] HTTP GET /lib/jquery/dist/jquery.min.js responded 304 in 0.4366 ms
[20:41:21 INF] HTTP GET /lib/bootstrap/dist/js/bootstrap.bundle.min.js responded 304 in 0.6559 ms
[20:41:21 INF] HTTP GET /js/site.js responded 304 in 0.6041 ms
[21:01:52 INF] Application is shutting down...
