[15:51:35 WRN] Using an in-memory repository. Keys will not be persisted to storage.
[15:51:35 WRN] Neither user profile nor HKLM registry available. Using an ephemeral key repository. Protected data will be unavailable when application exits.
[15:51:35 WRN] No XML encryptor configured. Key {c5c655c8-124b-411a-9e27-05960c53c41d} may be persisted to storage in unencrypted form.
[15:51:35 INF] Application started. Press Ctrl+C to shut down.
[15:51:35 INF] Hosting environment: Production
[15:51:35 INF] Content root path: D:\Systems\BiktalSystems\publish
[15:51:35 WRN] The query uses the 'First'/'FirstOrDefault' operator without 'OrderBy' and filter operators. This may lead to unpredictable results.
[15:51:36 ERR] An exception was thrown while deserializing the token.
Microsoft.AspNetCore.Antiforgery.AntiforgeryValidationException: The antiforgery token could not be decrypted.
 ---> System.Security.Cryptography.CryptographicException: The key {94fda734-8f13-4e99-a97d-eb3515cfa535} was not found in the key ring. For more information go to https://aka.ms/aspnet/dataprotectionwarning
   at Microsoft.AspNetCore.DataProtection.KeyManagement.KeyRingBasedDataProtector.UnprotectCore(Byte[] protectedData, Boolean allowOperationsOnRevokedKeys, UnprotectStatus& status)
   at Microsoft.AspNetCore.DataProtection.KeyManagement.KeyRingBasedDataProtector.Unprotect(Byte[] protectedData)
   at Microsoft.AspNetCore.Antiforgery.DefaultAntiforgeryTokenSerializer.Deserialize(String serializedToken)
   --- End of inner exception stack trace ---
   at Microsoft.AspNetCore.Antiforgery.DefaultAntiforgeryTokenSerializer.Deserialize(String serializedToken)
   at Microsoft.AspNetCore.Antiforgery.DefaultAntiforgery.GetCookieTokenDoesNotThrow(HttpContext httpContext)
[15:51:36 INF] HTTP GET / responded 200 in 431.7302 ms
[15:51:36 INF] HTTP GET /lib/bootstrap/dist/css/bootstrap.min.css responded 200 in 70.1752 ms
[15:51:36 INF] HTTP GET /Biktal.WebMVC.styles.css responded 200 in 24.0331 ms
[15:51:36 INF] HTTP GET /css/site.css responded 200 in 62.7660 ms
[15:51:36 INF] HTTP GET /js/site.js responded 200 in 25.4988 ms
[15:51:36 INF] HTTP GET /js/pos.js responded 200 in 25.7340 ms
[15:51:36 INF] HTTP GET /lib/jquery/dist/jquery.min.js responded 200 in 27.0995 ms
[15:51:36 INF] HTTP GET /lib/bootstrap/dist/js/bootstrap.bundle.min.js responded 200 in 47.4099 ms
[15:51:37 INF] HTTP GET /favicon.ico responded 200 in 2.1599 ms
[15:52:04 INF] HTTP GET /lib/bootstrap/dist/css/bootstrap.min.css responded 200 in 1.2037 ms
[15:52:04 INF] HTTP GET /css/site.css responded 200 in 3.3246 ms
[15:52:04 INF] HTTP GET /Biktal.WebMVC.styles.css responded 200 in 1.0998 ms
[15:52:04 INF] HTTP GET /Inventory/Products responded 200 in 695.4983 ms
[15:52:05 INF] HTTP GET /lib/jquery/dist/jquery.min.js responded 304 in 21.9992 ms
[15:52:05 INF] HTTP GET /lib/jquery-validation/dist/jquery.validate.min.js responded 200 in 2.1611 ms
[15:52:05 INF] HTTP GET /lib/jquery-validation-unobtrusive/dist/jquery.validate.unobtrusive.min.js responded 200 in 3.3146 ms
[15:52:05 INF] HTTP GET /js/site.js responded 304 in 32.3713 ms
[15:52:05 INF] HTTP GET /js/products-catalog-filter.js responded 200 in 29.6398 ms
[15:52:05 INF] HTTP GET /lib/bootstrap/dist/js/bootstrap.bundle.min.js responded 304 in 121.0366 ms
[15:52:21 INF] HTTP GET / responded 200 in 50.8670 ms
[15:52:21 INF] HTTP GET /lib/bootstrap/dist/css/bootstrap.min.css responded 200 in 5.6161 ms
[15:52:21 INF] HTTP GET /css/site.css responded 200 in 2.5803 ms
[15:52:21 INF] HTTP GET /Biktal.WebMVC.styles.css responded 200 in 1.4594 ms
[15:52:21 INF] HTTP GET /lib/jquery/dist/jquery.min.js responded 304 in 0.3412 ms
[15:52:21 INF] HTTP GET /lib/bootstrap/dist/js/bootstrap.bundle.min.js responded 304 in 0.3681 ms
[15:52:21 INF] HTTP GET /js/site.js responded 304 in 0.2185 ms
[15:52:21 INF] HTTP GET /js/pos.js responded 304 in 0.3967 ms
[15:52:58 INF] HTTP POST /Pos/CompleteSale responded 200 in 764.2525 ms
[16:02:06 INF] HTTP GET /Crm responded 200 in 246.1571 ms
[16:02:06 INF] HTTP GET /lib/bootstrap/dist/css/bootstrap.min.css responded 200 in 1.9881 ms
[16:02:06 INF] HTTP GET /css/site.css responded 200 in 0.8509 ms
[16:02:06 INF] HTTP GET /Biktal.WebMVC.styles.css responded 200 in 0.8385 ms
[16:02:06 INF] HTTP GET /lib/bootstrap/dist/js/bootstrap.bundle.min.js responded 200 in 1.5144 ms
[16:02:06 INF] HTTP GET /lib/jquery/dist/jquery.min.js responded 200 in 8.1319 ms
[16:02:06 INF] HTTP GET /js/site.js responded 200 in 1.7572 ms
[16:02:08 INF] HTTP GET /Installments responded 200 in 106.1498 ms
[16:02:08 INF] HTTP GET /lib/bootstrap/dist/css/bootstrap.min.css responded 304 in 0.2811 ms
[16:02:08 INF] HTTP GET /css/site.css responded 304 in 0.2113 ms
[16:02:08 INF] HTTP GET /Biktal.WebMVC.styles.css responded 304 in 0.1772 ms
[16:02:08 INF] HTTP GET /lib/jquery/dist/jquery.min.js responded 304 in 0.2385 ms
[16:02:08 INF] HTTP GET /lib/bootstrap/dist/js/bootstrap.bundle.min.js responded 304 in 0.2990 ms
[16:02:08 INF] HTTP GET /js/site.js responded 304 in 0.3077 ms
[16:02:10 INF] HTTP GET /Installments/New responded 200 in 121.9517 ms
[16:02:10 INF] HTTP GET /lib/bootstrap/dist/css/bootstrap.min.css responded 304 in 1.6460 ms
[16:02:10 INF] HTTP GET /css/site.css responded 304 in 0.2548 ms
[16:02:10 INF] HTTP GET /lib/jquery/dist/jquery.min.js responded 304 in 0.1185 ms
[16:02:10 INF] HTTP GET /Biktal.WebMVC.styles.css responded 304 in 0.2649 ms
[16:02:10 INF] HTTP GET /lib/bootstrap/dist/js/bootstrap.bundle.min.js responded 304 in 0.1832 ms
[16:02:10 INF] HTTP GET /js/site.js responded 304 in 0.2241 ms
[16:02:10 INF] HTTP GET /lib/jquery-validation/dist/jquery.validate.min.js responded 200 in 21.2351 ms
[16:02:10 INF] HTTP GET /lib/jquery-validation-unobtrusive/dist/jquery.validate.unobtrusive.min.js responded 200 in 13.7080 ms
[16:02:16 INF] HTTP GET /Installments/New responded 200 in 15.3087 ms
[16:02:16 INF] HTTP GET /lib/bootstrap/dist/css/bootstrap.min.css responded 304 in 0.2149 ms
[16:02:16 INF] HTTP GET /Biktal.WebMVC.styles.css responded 304 in 0.1988 ms
[16:02:16 INF] HTTP GET /lib/jquery/dist/jquery.min.js responded 304 in 0.4287 ms
[16:02:16 INF] HTTP GET /css/site.css responded 304 in 1.0774 ms
[16:02:16 INF] HTTP GET /lib/bootstrap/dist/js/bootstrap.bundle.min.js responded 304 in 0.2815 ms
[16:02:16 INF] HTTP GET /lib/jquery-validation/dist/jquery.validate.min.js responded 304 in 0.3605 ms
[16:02:16 INF] HTTP GET /js/site.js responded 304 in 0.1473 ms
[16:02:16 INF] HTTP GET /lib/jquery-validation-unobtrusive/dist/jquery.validate.unobtrusive.min.js responded 304 in 0.2045 ms
[16:02:17 INF] HTTP GET /Installments responded 200 in 14.3270 ms
[16:02:17 INF] HTTP GET /lib/bootstrap/dist/css/bootstrap.min.css responded 304 in 0.9849 ms
[16:02:17 INF] HTTP GET /css/site.css responded 304 in 0.2009 ms
[16:02:17 INF] HTTP GET /Biktal.WebMVC.styles.css responded 304 in 0.1662 ms
[16:02:17 INF] HTTP GET /lib/jquery/dist/jquery.min.js responded 304 in 0.1868 ms
[16:02:17 INF] HTTP GET /lib/bootstrap/dist/js/bootstrap.bundle.min.js responded 304 in 0.3020 ms
[16:02:17 INF] HTTP GET /js/site.js responded 304 in 0.1592 ms
[16:02:23 INF] HTTP GET /Installments/New responded 200 in 11.6108 ms
[16:02:24 INF] HTTP GET /lib/bootstrap/dist/css/bootstrap.min.css responded 304 in 0.2256 ms
[16:02:24 INF] HTTP GET /Biktal.WebMVC.styles.css responded 304 in 0.1475 ms
[16:02:24 INF] HTTP GET /lib/jquery/dist/jquery.min.js responded 304 in 0.3417 ms
[16:02:24 INF] HTTP GET /lib/bootstrap/dist/js/bootstrap.bundle.min.js responded 304 in 0.1630 ms
[16:02:24 INF] HTTP GET /js/site.js responded 304 in 0.1587 ms
[16:02:24 INF] HTTP GET /css/site.css responded 304 in 0.1089 ms
[16:02:24 INF] HTTP GET /lib/jquery-validation/dist/jquery.validate.min.js responded 304 in 0.1281 ms
[16:02:24 INF] HTTP GET /lib/jquery-validation-unobtrusive/dist/jquery.validate.unobtrusive.min.js responded 304 in 0.1048 ms
[16:03:12 INF] HTTP POST /Installments/Create responded 302 in 316.0871 ms
[16:03:12 WRN] Compiling a query which loads related collections for more than one collection navigation, either via 'Include' or through projection, but no 'QuerySplittingBehavior' has been configured. By default, Entity Framework will use 'QuerySplittingBehavior.SingleQuery', which can potentially result in slow query performance. See https://go.microsoft.com/fwlink/?linkid=2134277 for more information. To identify the query that's triggering this warning call 'ConfigureWarnings(w => w.Throw(RelationalEventId.MultipleCollectionIncludeWarning))'.
[16:03:12 INF] HTTP GET /Installments/Detail/a413de9c-b4db-46e8-87eb-77c563fbb261 responded 200 in 103.8013 ms
[16:03:12 INF] HTTP GET /lib/bootstrap/dist/css/bootstrap.min.css responded 200 in 6.9947 ms
[16:03:12 INF] HTTP GET /css/site.css responded 200 in 7.6123 ms
[16:03:12 INF] HTTP GET /Biktal.WebMVC.styles.css responded 200 in 1.3718 ms
[16:03:12 INF] HTTP GET /lib/jquery/dist/jquery.min.js responded 200 in 1.5037 ms
[16:03:12 INF] HTTP GET /lib/jquery-validation/dist/jquery.validate.min.js responded 200 in 2.7042 ms
[16:03:12 INF] HTTP GET /js/site.js responded 200 in 0.8914 ms
[16:03:12 INF] HTTP GET /lib/bootstrap/dist/js/bootstrap.bundle.min.js responded 200 in 3.5063 ms
[16:03:12 INF] HTTP GET /lib/jquery-validation-unobtrusive/dist/jquery.validate.unobtrusive.min.js responded 200 in 0.8568 ms
[16:03:17 INF] HTTP GET /Installments responded 200 in 15.1940 ms
[16:03:17 INF] HTTP GET /css/site.css responded 304 in 0.3257 ms
[16:03:17 INF] HTTP GET /lib/bootstrap/dist/css/bootstrap.min.css responded 304 in 0.1416 ms
[16:03:17 INF] HTTP GET /Biktal.WebMVC.styles.css responded 304 in 0.1034 ms
[16:03:17 INF] HTTP GET /lib/jquery/dist/jquery.min.js responded 304 in 0.1115 ms
[16:03:17 INF] HTTP GET /lib/bootstrap/dist/js/bootstrap.bundle.min.js responded 304 in 0.1526 ms
[16:03:17 INF] HTTP GET /js/site.js responded 304 in 0.0565 ms
[16:03:35 INF] HTTP GET /Installments/Detail/f19e8eec-c213-4323-abfd-7fddee6b4c20 responded 200 in 21.5984 ms
[16:03:35 INF] HTTP GET /lib/bootstrap/dist/css/bootstrap.min.css responded 304 in 0.1621 ms
[16:03:36 INF] HTTP GET /Biktal.WebMVC.styles.css responded 304 in 0.0757 ms
[16:03:36 INF] HTTP GET /css/site.css responded 304 in 0.1259 ms
[16:03:36 INF] HTTP GET /lib/jquery/dist/jquery.min.js responded 304 in 0.1210 ms
[16:03:36 INF] HTTP GET /lib/bootstrap/dist/js/bootstrap.bundle.min.js responded 304 in 0.6720 ms
[16:03:36 INF] HTTP GET /js/site.js responded 304 in 0.1651 ms
[16:03:36 INF] HTTP GET /lib/jquery-validation/dist/jquery.validate.min.js responded 304 in 0.2434 ms
[16:03:36 INF] HTTP GET /lib/jquery-validation-unobtrusive/dist/jquery.validate.unobtrusive.min.js responded 304 in 0.2067 ms
[16:03:51 INF] HTTP GET /Installments/Detail/42ff20d9-ff19-4c06-973a-b9b4d5500c64 responded 200 in 11.7415 ms
[16:03:51 INF] HTTP GET /lib/bootstrap/dist/css/bootstrap.min.css responded 200 in 16.9049 ms
[16:03:51 INF] HTTP GET /css/site.css responded 304 in 0.1462 ms
[16:03:51 INF] HTTP GET /lib/jquery/dist/jquery.min.js responded 304 in 0.3720 ms
[16:03:51 INF] HTTP GET /lib/bootstrap/dist/js/bootstrap.bundle.min.js responded 304 in 0.1079 ms
[16:03:51 INF] HTTP GET /js/site.js responded 304 in 0.1260 ms
[16:03:51 INF] HTTP GET /Biktal.WebMVC.styles.css responded 304 in 0.1623 ms
[16:03:51 INF] HTTP GET /lib/jquery-validation/dist/jquery.validate.min.js responded 304 in 0.2279 ms
[16:03:51 INF] HTTP GET /lib/jquery-validation-unobtrusive/dist/jquery.validate.unobtrusive.min.js responded 304 in 0.1877 ms
[16:04:15 INF] HTTP GET / responded 200 in 54.4635 ms
[16:04:15 INF] HTTP GET /lib/bootstrap/dist/css/bootstrap.min.css responded 200 in 0.5611 ms
[16:04:15 INF] HTTP GET /Biktal.WebMVC.styles.css responded 304 in 0.0954 ms
[16:04:15 INF] HTTP GET /lib/jquery/dist/jquery.min.js responded 304 in 0.0620 ms
[16:04:15 INF] HTTP GET /lib/bootstrap/dist/js/bootstrap.bundle.min.js responded 304 in 0.0538 ms
[16:04:15 INF] HTTP GET /js/site.js responded 304 in 0.0525 ms
[16:04:15 INF] HTTP GET /js/pos.js responded 200 in 0.4305 ms
[16:04:15 INF] HTTP GET /css/site.css responded 304 in 0.1005 ms
[16:07:39 INF] HTTP POST /Pos/CompleteSale responded 200 in 138.8001 ms
[16:08:40 INF] HTTP POST /Pos/CompleteSale responded 200 in 29.6700 ms
[16:29:30 INF] Application is shutting down...
