[17:50:50 WRN] Using an in-memory repository. Keys will not be persisted to storage.
[17:50:50 WRN] Neither user profile nor HKLM registry available. Using an ephemeral key repository. Protected data will be unavailable when application exits.
[17:50:50 WRN] No XML encryptor configured. Key {393fbb1a-5f6f-469f-8676-714c769f74ef} may be persisted to storage in unencrypted form.
[17:50:50 INF] Application started. Press Ctrl+C to shut down.
[17:50:50 INF] Hosting environment: Production
[17:50:50 INF] Content root path: D:\Systems\BiktalSystems\publish
[17:50:50 INF] HTTP GET /Insights/Daily responded 200 in 478.4789 ms
[17:50:51 INF] HTTP GET /lib/bootstrap/dist/css/bootstrap.min.css responded 200 in 61.2044 ms
[17:50:51 INF] HTTP GET /Biktal.WebMVC.styles.css responded 200 in 27.6068 ms
[17:50:51 INF] HTTP GET /css/site.css responded 200 in 27.7010 ms
[17:50:51 INF] HTTP GET /js/site.js responded 200 in 6.9102 ms
[17:50:51 INF] HTTP GET /lib/bootstrap/dist/js/bootstrap.bundle.min.js responded 200 in 7.8145 ms
[17:50:51 INF] HTTP GET /lib/jquery/dist/jquery.min.js responded 200 in 3.1441 ms
[17:51:06 INF] HTTP GET /Insights/Monthly responded 200 in 170.1729 ms
[17:51:07 INF] HTTP GET /lib/bootstrap/dist/css/bootstrap.min.css responded 304 in 6.9621 ms
[17:51:07 INF] HTTP GET /Biktal.WebMVC.styles.css responded 304 in 36.0197 ms
[17:51:07 INF] HTTP GET /css/site.css responded 304 in 7.0683 ms
[17:51:07 INF] HTTP GET /lib/jquery/dist/jquery.min.js responded 304 in 37.7876 ms
[17:51:07 INF] HTTP GET /js/site.js responded 304 in 34.8795 ms
[17:51:07 INF] HTTP GET /lib/bootstrap/dist/js/bootstrap.bundle.min.js responded 304 in 172.7091 ms
[17:56:44 INF] HTTP GET /Insights/Daily responded 200 in 142.2972 ms
[17:56:44 INF] HTTP GET /Biktal.WebMVC.styles.css responded 200 in 9.3528 ms
[17:56:44 INF] HTTP GET /css/site.css responded 200 in 87.7169 ms
[17:56:44 INF] HTTP GET /lib/bootstrap/dist/js/bootstrap.bundle.min.js responded 200 in 70.7482 ms
[17:56:44 INF] HTTP GET /js/site.js responded 200 in 17.4763 ms
[17:56:44 INF] HTTP GET /lib/bootstrap/dist/css/bootstrap.min.css responded 200 in 88.3954 ms
[17:56:44 INF] HTTP GET /lib/jquery/dist/jquery.min.js responded 200 in 35.7997 ms
[17:56:50 INF] HTTP GET /Insights/Daily responded 200 in 24.2321 ms
[17:56:50 INF] HTTP GET /css/site.css responded 304 in 0.4474 ms
[17:56:50 INF] HTTP GET /lib/bootstrap/dist/css/bootstrap.min.css responded 304 in 0.5667 ms
[17:56:50 INF] HTTP GET /Biktal.WebMVC.styles.css responded 304 in 1.6642 ms
[17:56:50 INF] HTTP GET /lib/jquery/dist/jquery.min.js responded 304 in 1.9150 ms
[17:56:50 INF] HTTP GET /js/site.js responded 304 in 0.3345 ms
[17:56:50 INF] HTTP GET /lib/bootstrap/dist/js/bootstrap.bundle.min.js responded 304 in 0.2077 ms
[17:57:02 INF] HTTP GET /Insights/Daily responded 200 in 21.0267 ms
[17:57:02 INF] HTTP GET /lib/bootstrap/dist/css/bootstrap.min.css responded 200 in 3.2659 ms
[17:57:02 INF] HTTP GET /css/site.css responded 304 in 0.2414 ms
[17:57:02 INF] HTTP GET /Biktal.WebMVC.styles.css responded 304 in 0.2517 ms
[17:57:02 INF] HTTP GET /lib/jquery/dist/jquery.min.js responded 304 in 4.3459 ms
[17:57:02 INF] HTTP GET /lib/bootstrap/dist/js/bootstrap.bundle.min.js responded 304 in 1.7850 ms
[17:57:02 INF] HTTP GET /js/site.js responded 304 in 0.9271 ms
[17:57:19 INF] HTTP GET /Insights/Daily responded 200 in 18.1351 ms
[17:57:19 INF] HTTP GET /lib/bootstrap/dist/css/bootstrap.min.css responded 200 in 1.8450 ms
[17:57:19 INF] HTTP GET /css/site.css responded 304 in 0.2725 ms
[17:57:19 INF] HTTP GET /Biktal.WebMVC.styles.css responded 304 in 1.2787 ms
[17:57:19 INF] HTTP GET /lib/jquery/dist/jquery.min.js responded 304 in 0.3438 ms
[17:57:19 INF] HTTP GET /lib/bootstrap/dist/js/bootstrap.bundle.min.js responded 304 in 0.2221 ms
[17:57:19 INF] HTTP GET /js/site.js responded 304 in 0.1642 ms
[17:58:02 INF] HTTP GET /Insights/Daily responded 200 in 35.7793 ms
[17:58:03 INF] HTTP GET /css/site.css responded 304 in 1.6770 ms
[17:58:03 INF] HTTP GET /Biktal.WebMVC.styles.css responded 304 in 0.1657 ms
[17:58:03 INF] HTTP GET /lib/bootstrap/dist/css/bootstrap.min.css responded 200 in 1.1037 ms
[17:58:03 INF] HTTP GET /lib/jquery/dist/jquery.min.js responded 304 in 0.1645 ms
[17:58:03 INF] HTTP GET /lib/bootstrap/dist/js/bootstrap.bundle.min.js responded 304 in 0.1424 ms
[17:58:03 INF] HTTP GET /js/site.js responded 304 in 0.1725 ms
[17:58:26 INF] HTTP GET /Insights/Sale responded 200 in 147.3861 ms
[17:58:26 INF] HTTP GET /lib/bootstrap/dist/css/bootstrap.min.css responded 200 in 1.4723 ms
[17:58:26 INF] HTTP GET /Biktal.WebMVC.styles.css responded 200 in 0.5840 ms
[17:58:26 INF] HTTP GET /lib/jquery/dist/jquery.min.js responded 200 in 6.5592 ms
[17:58:26 INF] HTTP GET /css/site.css responded 200 in 11.8098 ms
[17:58:26 INF] HTTP GET /lib/bootstrap/dist/js/bootstrap.bundle.min.js responded 200 in 4.3015 ms
[17:58:26 INF] HTTP GET /js/site.js responded 200 in 1.1094 ms
[17:59:05 INF] HTTP GET /Insights/Daily responded 200 in 27.0049 ms
[17:59:05 INF] HTTP GET /css/site.css responded 304 in 0.3058 ms
[17:59:05 INF] HTTP GET /Biktal.WebMVC.styles.css responded 304 in 0.1608 ms
[17:59:05 INF] HTTP GET /lib/jquery/dist/jquery.min.js responded 304 in 0.1453 ms
[17:59:05 INF] HTTP GET /lib/bootstrap/dist/js/bootstrap.bundle.min.js responded 304 in 0.1401 ms
[17:59:05 INF] HTTP GET /js/site.js responded 304 in 0.5230 ms
[17:59:05 INF] HTTP GET /lib/bootstrap/dist/css/bootstrap.min.css responded 304 in 0.1788 ms
[17:59:12 INF] HTTP GET /Insights/Sale responded 200 in 10.2746 ms
[17:59:12 INF] HTTP GET /lib/bootstrap/dist/css/bootstrap.min.css responded 200 in 3.8739 ms
[17:59:12 INF] HTTP GET /css/site.css responded 304 in 1.1923 ms
[17:59:12 INF] HTTP GET /Biktal.WebMVC.styles.css responded 304 in 0.1900 ms
[17:59:12 INF] HTTP GET /lib/jquery/dist/jquery.min.js responded 304 in 0.1197 ms
[17:59:12 INF] HTTP GET /lib/bootstrap/dist/js/bootstrap.bundle.min.js responded 304 in 0.1578 ms
[17:59:12 INF] HTTP GET /js/site.js responded 304 in 0.2386 ms
[17:59:17 INF] HTTP GET /Insights/Sale responded 200 in 81.3507 ms
[17:59:17 INF] HTTP GET /lib/bootstrap/dist/css/bootstrap.min.css responded 200 in 3.2927 ms
[17:59:17 INF] HTTP GET /css/site.css responded 304 in 1.4071 ms
[17:59:17 INF] HTTP GET /Biktal.WebMVC.styles.css responded 304 in 0.1262 ms
[17:59:17 INF] HTTP GET /lib/jquery/dist/jquery.min.js responded 304 in 0.1269 ms
[17:59:17 INF] HTTP GET /lib/bootstrap/dist/js/bootstrap.bundle.min.js responded 304 in 0.2234 ms
[17:59:17 INF] HTTP GET /js/site.js responded 304 in 0.1777 ms
[17:59:34 INF] HTTP GET /Insights/Daily responded 200 in 22.2339 ms
[17:59:34 INF] HTTP GET /lib/bootstrap/dist/css/bootstrap.min.css responded 200 in 1.0971 ms
[17:59:34 INF] HTTP GET /Biktal.WebMVC.styles.css responded 304 in 2.8625 ms
[17:59:34 INF] HTTP GET /lib/jquery/dist/jquery.min.js responded 304 in 0.2302 ms
[17:59:34 INF] HTTP GET /lib/bootstrap/dist/js/bootstrap.bundle.min.js responded 304 in 0.1637 ms
[17:59:34 INF] HTTP GET /css/site.css responded 304 in 0.1502 ms
[17:59:34 INF] HTTP GET /js/site.js responded 304 in 0.3327 ms
[17:59:40 INF] HTTP GET /Insights/Monthly responded 200 in 22.8274 ms
[17:59:40 INF] HTTP GET /css/site.css responded 304 in 1.1422 ms
[17:59:40 INF] HTTP GET /lib/jquery/dist/jquery.min.js responded 304 in 0.1214 ms
[17:59:40 INF] HTTP GET /lib/bootstrap/dist/js/bootstrap.bundle.min.js responded 304 in 0.1237 ms
[17:59:40 INF] HTTP GET /js/site.js responded 304 in 0.2186 ms
[17:59:40 INF] HTTP GET /Biktal.WebMVC.styles.css responded 304 in 6.0999 ms
[17:59:40 INF] HTTP GET /lib/bootstrap/dist/css/bootstrap.min.css responded 200 in 3.3855 ms
[18:13:20 WRN] The query uses the 'First'/'FirstOrDefault' operator without 'OrderBy' and filter operators. This may lead to unpredictable results.
[18:13:20 WRN] The query uses the 'First'/'FirstOrDefault' operator without 'OrderBy' and filter operators. This may lead to unpredictable results.
[18:13:20 INF] HTTP GET /Operations responded 200 in 279.5523 ms
[18:13:20 INF] HTTP GET /lib/bootstrap/dist/css/bootstrap.min.css responded 200 in 1.1895 ms
[18:13:20 INF] HTTP GET /Biktal.WebMVC.styles.css responded 200 in 0.6611 ms
[18:13:20 INF] HTTP GET /lib/jquery/dist/jquery.min.js responded 200 in 0.8647 ms
[18:13:20 INF] HTTP GET /js/site.js responded 200 in 0.5122 ms
[18:13:20 INF] HTTP GET /css/site.css responded 200 in 1.4582 ms
[18:13:20 INF] HTTP GET /lib/bootstrap/dist/js/bootstrap.bundle.min.js responded 200 in 7.5139 ms
[18:13:26 INF] HTTP GET /Finance responded 200 in 87.7623 ms
[18:13:26 INF] HTTP GET /lib/bootstrap/dist/css/bootstrap.min.css responded 200 in 10.6585 ms
[18:13:26 INF] HTTP GET /css/site.css responded 200 in 3.8724 ms
[18:13:26 INF] HTTP GET /Biktal.WebMVC.styles.css responded 200 in 2.7972 ms
[18:13:26 INF] HTTP GET /lib/bootstrap/dist/js/bootstrap.bundle.min.js responded 304 in 0.1416 ms
[18:13:26 INF] HTTP GET /lib/jquery/dist/jquery.min.js responded 304 in 0.1789 ms
[18:13:26 INF] HTTP GET /js/site.js responded 304 in 0.0792 ms
[18:13:29 ERR] An exception was thrown while deserializing the token.
Microsoft.AspNetCore.Antiforgery.AntiforgeryValidationException: The antiforgery token could not be decrypted.
 ---> System.Security.Cryptography.CryptographicException: The key {1d2f926d-ebb2-411e-ac27-6574277b5cfb} was not found in the key ring. For more information go to https://aka.ms/aspnet/dataprotectionwarning
   at Microsoft.AspNetCore.DataProtection.KeyManagement.KeyRingBasedDataProtector.UnprotectCore(Byte[] protectedData, Boolean allowOperationsOnRevokedKeys, UnprotectStatus& status)
   at Microsoft.AspNetCore.DataProtection.KeyManagement.KeyRingBasedDataProtector.Unprotect(Byte[] protectedData)
   at Microsoft.AspNetCore.Antiforgery.DefaultAntiforgeryTokenSerializer.Deserialize(String serializedToken)
   --- End of inner exception stack trace ---
   at Microsoft.AspNetCore.Antiforgery.DefaultAntiforgeryTokenSerializer.Deserialize(String serializedToken)
   at Microsoft.AspNetCore.Antiforgery.DefaultAntiforgery.GetCookieTokenDoesNotThrow(HttpContext httpContext)
[18:13:29 INF] HTTP GET /Finance/Cashbox responded 200 in 365.2263 ms
[18:13:29 INF] HTTP GET /lib/bootstrap/dist/css/bootstrap.min.css responded 200 in 0.8790 ms
[18:13:29 INF] HTTP GET /lib/jquery/dist/jquery.min.js responded 304 in 0.0828 ms
[18:13:29 INF] HTTP GET /lib/bootstrap/dist/js/bootstrap.bundle.min.js responded 304 in 0.1108 ms
[18:13:29 INF] HTTP GET /Biktal.WebMVC.styles.css responded 200 in 0.7887 ms
[18:13:29 INF] HTTP GET /js/site.js responded 304 in 0.1039 ms
[18:13:29 INF] HTTP GET /css/site.css responded 200 in 0.8258 ms
[18:13:29 INF] HTTP GET /lib/jquery-validation/dist/jquery.validate.min.js responded 200 in 9.6687 ms
[18:13:29 INF] HTTP GET /lib/jquery-validation-unobtrusive/dist/jquery.validate.unobtrusive.min.js responded 200 in 25.9678 ms
[18:34:16 INF] Application is shutting down...
