[15:10:17 ERR] Failed executing DbCommand (8ms) [Parameters=[@p0='?' (DbType = Guid), @p1='?' (DbType = DateTime), @p2='?' (DbType = Guid), @p3='?', @p4='?' (DbType = DateTime), @p5='?' (DbType = Int32), @p6='?' (DbType = Int32), @p7='?', @p8='?', @p9='?' (DbType = Guid), @p10='?' (DbType = DateTime), @p11='?' (DbType = Guid), @p12='?', @p13='?' (DbType = DateTime), @p14='?' (DbType = Int32), @p15='?' (DbType = Int32), @p16='?', @p17='?'], CommandType='Text', CommandTimeout='30']
INSERT INTO "CrmSupportTickets" ("Id", "CreatedAtUtc", "CustomerId", "Description", "ModifiedAtUtc", "Priority", "Status", "Subject", "TicketNumber")
VALUES (@p0, @p1, @p2, @p3, @p4, @p5, @p6, @p7, @p8);
INSERT INTO "CrmSupportTickets" ("Id", "CreatedAtUtc", "CustomerId", "Description", "ModifiedAtUtc", "Priority", "Status", "Subject", "TicketNumber")
VALUES (@p9, @p10, @p11, @p12, @p13, @p14, @p15, @p16, @p17);
[15:10:17 ERR] An exception occurred in the database while saving changes for context type 'Biktal.Infrastructure.Persistence.ApplicationDbContext'.
Microsoft.EntityFrameworkCore.DbUpdateException: An error occurred while saving the entity changes. See the inner exception for details.
 ---> Npgsql.PostgresException (0x80004005): 23503: insert or update on table "CrmSupportTickets" violates foreign key constraint "FK_CrmSupportTickets_CrmCustomers_CustomerId"

DETAIL: Detail redacted as it may contain sensitive data. Specify 'Include Error Detail' in the connection string to include this information.
   at Npgsql.Internal.NpgsqlConnector.ReadMessageLong(Boolean async, DataRowLoadingMode dataRowLoadingMode, Boolean readingNotifications, Boolean isReadingPrependedMessage)
   at System.Runtime.CompilerServices.PoolingAsyncValueTaskMethodBuilder`1.StateMachineBox`1.System.Threading.Tasks.Sources.IValueTaskSource<TResult>.GetResult(Int16 token)
   at Npgsql.NpgsqlDataReader.NextResult(Boolean async, Boolean isConsuming, CancellationToken cancellationToken)
   at Npgsql.NpgsqlDataReader.NextResult(Boolean async, Boolean isConsuming, CancellationToken cancellationToken)
   at Npgsql.NpgsqlCommand.ExecuteReader(Boolean async, CommandBehavior behavior, CancellationToken cancellationToken)
   at Npgsql.NpgsqlCommand.ExecuteReader(Boolean async, CommandBehavior behavior, CancellationToken cancellationToken)
   at Npgsql.NpgsqlCommand.ExecuteDbDataReaderAsync(CommandBehavior behavior, CancellationToken cancellationToken)
   at Microsoft.EntityFrameworkCore.Storage.RelationalCommand.ExecuteReaderAsync(RelationalCommandParameterObject parameterObject, CancellationToken cancellationToken)
   at Microsoft.EntityFrameworkCore.Storage.RelationalCommand.ExecuteReaderAsync(RelationalCommandParameterObject parameterObject, CancellationToken cancellationToken)
   at Microsoft.EntityFrameworkCore.Update.ReaderModificationCommandBatch.ExecuteAsync(IRelationalConnection connection, CancellationToken cancellationToken)
  Exception data:
    Severity: ERROR
    SqlState: 23503
    MessageText: insert or update on table "CrmSupportTickets" violates foreign key constraint "FK_CrmSupportTickets_CrmCustomers_CustomerId"
    Detail: Detail redacted as it may contain sensitive data. Specify 'Include Error Detail' in the connection string to include this information.
    SchemaName: public
    TableName: CrmSupportTickets
    ConstraintName: FK_CrmSupportTickets_CrmCustomers_CustomerId
    File: ri_triggers.c
    Line: 2783
    Routine: ri_ReportViolation
   --- End of inner exception stack trace ---
   at Microsoft.EntityFrameworkCore.Update.ReaderModificationCommandBatch.ExecuteAsync(IRelationalConnection connection, CancellationToken cancellationToken)
   at Microsoft.EntityFrameworkCore.Update.Internal.BatchExecutor.ExecuteAsync(IEnumerable`1 commandBatches, IRelationalConnection connection, CancellationToken cancellationToken)
   at Microsoft.EntityFrameworkCore.Update.Internal.BatchExecutor.ExecuteAsync(IEnumerable`1 commandBatches, IRelationalConnection connection, CancellationToken cancellationToken)
   at Microsoft.EntityFrameworkCore.Update.Internal.BatchExecutor.ExecuteAsync(IEnumerable`1 commandBatches, IRelationalConnection connection, CancellationToken cancellationToken)
   at Microsoft.EntityFrameworkCore.Storage.RelationalDatabase.SaveChangesAsync(IList`1 entries, CancellationToken cancellationToken)
   at Microsoft.EntityFrameworkCore.ChangeTracking.Internal.StateManager.SaveChangesAsync(IList`1 entriesToSave, CancellationToken cancellationToken)
   at Microsoft.EntityFrameworkCore.ChangeTracking.Internal.StateManager.SaveChangesAsync(StateManager stateManager, Boolean acceptAllChangesOnSuccess, CancellationToken cancellationToken)
   at Npgsql.EntityFrameworkCore.PostgreSQL.Storage.Internal.NpgsqlExecutionStrategy.ExecuteAsync[TState,TResult](TState state, Func`4 operation, Func`4 verifySucceeded, CancellationToken cancellationToken)
   at Microsoft.EntityFrameworkCore.DbContext.SaveChangesAsync(Boolean acceptAllChangesOnSuccess, CancellationToken cancellationToken)
Microsoft.EntityFrameworkCore.DbUpdateException: An error occurred while saving the entity changes. See the inner exception for details.
 ---> Npgsql.PostgresException (0x80004005): 23503: insert or update on table "CrmSupportTickets" violates foreign key constraint "FK_CrmSupportTickets_CrmCustomers_CustomerId"

DETAIL: Detail redacted as it may contain sensitive data. Specify 'Include Error Detail' in the connection string to include this information.
   at Npgsql.Internal.NpgsqlConnector.ReadMessageLong(Boolean async, DataRowLoadingMode dataRowLoadingMode, Boolean readingNotifications, Boolean isReadingPrependedMessage)
   at System.Runtime.CompilerServices.PoolingAsyncValueTaskMethodBuilder`1.StateMachineBox`1.System.Threading.Tasks.Sources.IValueTaskSource<TResult>.GetResult(Int16 token)
   at Npgsql.NpgsqlDataReader.NextResult(Boolean async, Boolean isConsuming, CancellationToken cancellationToken)
   at Npgsql.NpgsqlDataReader.NextResult(Boolean async, Boolean isConsuming, CancellationToken cancellationToken)
   at Npgsql.NpgsqlCommand.ExecuteReader(Boolean async, CommandBehavior behavior, CancellationToken cancellationToken)
   at Npgsql.NpgsqlCommand.ExecuteReader(Boolean async, CommandBehavior behavior, CancellationToken cancellationToken)
   at Npgsql.NpgsqlCommand.ExecuteDbDataReaderAsync(CommandBehavior behavior, CancellationToken cancellationToken)
   at Microsoft.EntityFrameworkCore.Storage.RelationalCommand.ExecuteReaderAsync(RelationalCommandParameterObject parameterObject, CancellationToken cancellationToken)
   at Microsoft.EntityFrameworkCore.Storage.RelationalCommand.ExecuteReaderAsync(RelationalCommandParameterObject parameterObject, CancellationToken cancellationToken)
   at Microsoft.EntityFrameworkCore.Update.ReaderModificationCommandBatch.ExecuteAsync(IRelationalConnection connection, CancellationToken cancellationToken)
  Exception data:
    Severity: ERROR
    SqlState: 23503
    MessageText: insert or update on table "CrmSupportTickets" violates foreign key constraint "FK_CrmSupportTickets_CrmCustomers_CustomerId"
    Detail: Detail redacted as it may contain sensitive data. Specify 'Include Error Detail' in the connection string to include this information.
    SchemaName: public
    TableName: CrmSupportTickets
    ConstraintName: FK_CrmSupportTickets_CrmCustomers_CustomerId
    File: ri_triggers.c
    Line: 2783
    Routine: ri_ReportViolation
   --- End of inner exception stack trace ---
   at Microsoft.EntityFrameworkCore.Update.ReaderModificationCommandBatch.ExecuteAsync(IRelationalConnection connection, CancellationToken cancellationToken)
   at Microsoft.EntityFrameworkCore.Update.Internal.BatchExecutor.ExecuteAsync(IEnumerable`1 commandBatches, IRelationalConnection connection, CancellationToken cancellationToken)
   at Microsoft.EntityFrameworkCore.Update.Internal.BatchExecutor.ExecuteAsync(IEnumerable`1 commandBatches, IRelationalConnection connection, CancellationToken cancellationToken)
   at Microsoft.EntityFrameworkCore.Update.Internal.BatchExecutor.ExecuteAsync(IEnumerable`1 commandBatches, IRelationalConnection connection, CancellationToken cancellationToken)
   at Microsoft.EntityFrameworkCore.Storage.RelationalDatabase.SaveChangesAsync(IList`1 entries, CancellationToken cancellationToken)
   at Microsoft.EntityFrameworkCore.ChangeTracking.Internal.StateManager.SaveChangesAsync(IList`1 entriesToSave, CancellationToken cancellationToken)
   at Microsoft.EntityFrameworkCore.ChangeTracking.Internal.StateManager.SaveChangesAsync(StateManager stateManager, Boolean acceptAllChangesOnSuccess, CancellationToken cancellationToken)
   at Npgsql.EntityFrameworkCore.PostgreSQL.Storage.Internal.NpgsqlExecutionStrategy.ExecuteAsync[TState,TResult](TState state, Func`4 operation, Func`4 verifySucceeded, CancellationToken cancellationToken)
   at Microsoft.EntityFrameworkCore.DbContext.SaveChangesAsync(Boolean acceptAllChangesOnSuccess, CancellationToken cancellationToken)
[15:10:17 ERR] Database migration or seed failed. Check PostgreSQL is running and ConnectionStrings:DefaultConnection is correct.
Microsoft.EntityFrameworkCore.DbUpdateException: An error occurred while saving the entity changes. See the inner exception for details.
 ---> Npgsql.PostgresException (0x80004005): 23503: insert or update on table "CrmSupportTickets" violates foreign key constraint "FK_CrmSupportTickets_CrmCustomers_CustomerId"

DETAIL: Detail redacted as it may contain sensitive data. Specify 'Include Error Detail' in the connection string to include this information.
   at Npgsql.Internal.NpgsqlConnector.ReadMessageLong(Boolean async, DataRowLoadingMode dataRowLoadingMode, Boolean readingNotifications, Boolean isReadingPrependedMessage)
   at System.Runtime.CompilerServices.PoolingAsyncValueTaskMethodBuilder`1.StateMachineBox`1.System.Threading.Tasks.Sources.IValueTaskSource<TResult>.GetResult(Int16 token)
   at Npgsql.NpgsqlDataReader.NextResult(Boolean async, Boolean isConsuming, CancellationToken cancellationToken)
   at Npgsql.NpgsqlDataReader.NextResult(Boolean async, Boolean isConsuming, CancellationToken cancellationToken)
   at Npgsql.NpgsqlCommand.ExecuteReader(Boolean async, CommandBehavior behavior, CancellationToken cancellationToken)
   at Npgsql.NpgsqlCommand.ExecuteReader(Boolean async, CommandBehavior behavior, CancellationToken cancellationToken)
   at Npgsql.NpgsqlCommand.ExecuteDbDataReaderAsync(CommandBehavior behavior, CancellationToken cancellationToken)
   at Microsoft.EntityFrameworkCore.Storage.RelationalCommand.ExecuteReaderAsync(RelationalCommandParameterObject parameterObject, CancellationToken cancellationToken)
   at Microsoft.EntityFrameworkCore.Storage.RelationalCommand.ExecuteReaderAsync(RelationalCommandParameterObject parameterObject, CancellationToken cancellationToken)
   at Microsoft.EntityFrameworkCore.Update.ReaderModificationCommandBatch.ExecuteAsync(IRelationalConnection connection, CancellationToken cancellationToken)
  Exception data:
    Severity: ERROR
    SqlState: 23503
    MessageText: insert or update on table "CrmSupportTickets" violates foreign key constraint "FK_CrmSupportTickets_CrmCustomers_CustomerId"
    Detail: Detail redacted as it may contain sensitive data. Specify 'Include Error Detail' in the connection string to include this information.
    SchemaName: public
    TableName: CrmSupportTickets
    ConstraintName: FK_CrmSupportTickets_CrmCustomers_CustomerId
    File: ri_triggers.c
    Line: 2783
    Routine: ri_ReportViolation
   --- End of inner exception stack trace ---
   at Microsoft.EntityFrameworkCore.Update.ReaderModificationCommandBatch.ExecuteAsync(IRelationalConnection connection, CancellationToken cancellationToken)
   at Microsoft.EntityFrameworkCore.Update.Internal.BatchExecutor.ExecuteAsync(IEnumerable`1 commandBatches, IRelationalConnection connection, CancellationToken cancellationToken)
   at Microsoft.EntityFrameworkCore.Update.Internal.BatchExecutor.ExecuteAsync(IEnumerable`1 commandBatches, IRelationalConnection connection, CancellationToken cancellationToken)
   at Microsoft.EntityFrameworkCore.Update.Internal.BatchExecutor.ExecuteAsync(IEnumerable`1 commandBatches, IRelationalConnection connection, CancellationToken cancellationToken)
   at Microsoft.EntityFrameworkCore.Storage.RelationalDatabase.SaveChangesAsync(IList`1 entries, CancellationToken cancellationToken)
   at Microsoft.EntityFrameworkCore.ChangeTracking.Internal.StateManager.SaveChangesAsync(IList`1 entriesToSave, CancellationToken cancellationToken)
   at Microsoft.EntityFrameworkCore.ChangeTracking.Internal.StateManager.SaveChangesAsync(StateManager stateManager, Boolean acceptAllChangesOnSuccess, CancellationToken cancellationToken)
   at Npgsql.EntityFrameworkCore.PostgreSQL.Storage.Internal.NpgsqlExecutionStrategy.ExecuteAsync[TState,TResult](TState state, Func`4 operation, Func`4 verifySucceeded, CancellationToken cancellationToken)
   at Microsoft.EntityFrameworkCore.DbContext.SaveChangesAsync(Boolean acceptAllChangesOnSuccess, CancellationToken cancellationToken)
   at Microsoft.EntityFrameworkCore.DbContext.SaveChangesAsync(Boolean acceptAllChangesOnSuccess, CancellationToken cancellationToken)
   at Biktal.Infrastructure.Persistence.CrmDataSeeder.SeedIfEmptyAsync(ApplicationDbContext db, CancellationToken cancellationToken)
   at Program.<Main>$(String[] args) in d:\Systems\BiktalSystems\Program.cs:line 71
[15:10:17 WRN] Continuing without a successful migration/seed. Auth and data pages may fail until the database is available.
[15:10:17 WRN] Using an in-memory repository. Keys will not be persisted to storage.
[15:10:17 WRN] Neither user profile nor HKLM registry available. Using an ephemeral key repository. Protected data will be unavailable when application exits.
[15:10:17 WRN] No XML encryptor configured. Key {126c30eb-a492-4be9-82a4-cf3f6e401ed3} may be persisted to storage in unencrypted form.
[15:10:17 INF] Application started. Press Ctrl+C to shut down.
[15:10:17 INF] Hosting environment: Production
[15:10:17 INF] Content root path: D:\Systems\BiktalSystems\publish
[15:10:17 INF] HTTP GET /Pos responded 302 in 82.3774 ms
[15:10:17 ERR] An exception was thrown while deserializing the token.
Microsoft.AspNetCore.Antiforgery.AntiforgeryValidationException: The antiforgery token could not be decrypted.
 ---> System.Security.Cryptography.CryptographicException: The key {0f9f6e18-18d9-4783-8784-2c1f8167fddf} was not found in the key ring. For more information go to https://aka.ms/aspnet/dataprotectionwarning
   at Microsoft.AspNetCore.DataProtection.KeyManagement.KeyRingBasedDataProtector.UnprotectCore(Byte[] protectedData, Boolean allowOperationsOnRevokedKeys, UnprotectStatus& status)
   at Microsoft.AspNetCore.DataProtection.KeyManagement.KeyRingBasedDataProtector.Unprotect(Byte[] protectedData)
   at Microsoft.AspNetCore.Antiforgery.DefaultAntiforgeryTokenSerializer.Deserialize(String serializedToken)
   --- End of inner exception stack trace ---
   at Microsoft.AspNetCore.Antiforgery.DefaultAntiforgeryTokenSerializer.Deserialize(String serializedToken)
   at Microsoft.AspNetCore.Antiforgery.DefaultAntiforgery.GetCookieTokenDoesNotThrow(HttpContext httpContext)
[15:10:17 INF] HTTP GET /Account/Login responded 200 in 222.1761 ms
[15:10:18 INF] HTTP GET /lib/jquery-validation-unobtrusive/dist/jquery.validate.unobtrusive.min.js responded 200 in 94.2144 ms
[15:10:18 INF] HTTP GET /css/site.css responded 200 in 106.8802 ms
[15:10:18 INF] HTTP GET /Biktal.WebMVC.styles.css responded 200 in 100.5618 ms
[15:10:18 INF] HTTP GET /lib/jquery-validation/dist/jquery.validate.min.js responded 200 in 65.5612 ms
[15:10:18 INF] HTTP GET /js/site.js responded 200 in 95.9354 ms
[15:10:18 INF] HTTP GET /lib/jquery/dist/jquery.min.js responded 200 in 94.9106 ms
[15:10:18 INF] HTTP GET /lib/bootstrap/dist/js/bootstrap.bundle.min.js responded 200 in 98.5371 ms
[15:10:18 INF] HTTP GET /lib/bootstrap/dist/css/bootstrap.min.css responded 200 in 108.2116 ms
[15:10:37 INF] HTTP POST /Account/Login responded 302 in 651.9163 ms
[15:10:37 WRN] The query uses the 'First'/'FirstOrDefault' operator without 'OrderBy' and filter operators. This may lead to unpredictable results.
[15:10:37 INF] HTTP GET /Pos responded 200 in 141.0389 ms
[15:10:41 INF] HTTP GET /css/site.css responded 304 in 5.4566 ms
[15:10:41 INF] HTTP GET /Biktal.WebMVC.styles.css responded 304 in 6.6234 ms
[15:10:41 INF] HTTP GET /lib/bootstrap/dist/css/bootstrap.min.css responded 304 in 38.4198 ms
[15:10:41 INF] HTTP GET /js/site.js responded 304 in 31.8727 ms
[15:10:41 INF] HTTP GET /lib/jquery/dist/jquery.min.js responded 304 in 32.7996 ms
[15:10:41 INF] HTTP GET /js/pos.js responded 200 in 32.0447 ms
[15:10:41 INF] HTTP GET /lib/bootstrap/dist/js/bootstrap.bundle.min.js responded 304 in 121.3878 ms
[15:11:37 INF] HTTP GET /Inventory responded 200 in 333.3287 ms
[15:11:37 INF] HTTP GET /css/site.css responded 200 in 1.7612 ms
[15:11:37 INF] HTTP GET /Biktal.WebMVC.styles.css responded 200 in 1.2158 ms
[15:11:37 INF] HTTP GET /lib/bootstrap/dist/css/bootstrap.min.css responded 200 in 4.0214 ms
[15:11:37 INF] HTTP GET /lib/jquery/dist/jquery.min.js responded 200 in 1.6319 ms
[15:11:37 INF] HTTP GET /lib/bootstrap/dist/js/bootstrap.bundle.min.js responded 200 in 1.5934 ms
[15:11:37 INF] HTTP GET /js/site.js responded 200 in 6.1979 ms
[15:11:39 INF] HTTP GET /Inventory/Products responded 200 in 356.9862 ms
[15:11:39 INF] HTTP GET /css/site.css responded 200 in 2.8439 ms
[15:11:39 INF] HTTP GET /lib/bootstrap/dist/css/bootstrap.min.css responded 200 in 5.3024 ms
[15:11:39 INF] HTTP GET /Biktal.WebMVC.styles.css responded 200 in 1.5763 ms
[15:11:40 INF] HTTP GET /lib/jquery/dist/jquery.min.js responded 304 in 0.5152 ms
[15:11:40 INF] HTTP GET /js/site.js responded 304 in 0.5377 ms
[15:11:40 INF] HTTP GET /lib/bootstrap/dist/js/bootstrap.bundle.min.js responded 304 in 0.6600 ms
[15:11:40 INF] HTTP GET /js/products-catalog-filter.js responded 200 in 1.9059 ms
[15:11:40 INF] HTTP GET /lib/jquery-validation/dist/jquery.validate.min.js responded 200 in 17.7640 ms
[15:11:40 INF] HTTP GET /lib/jquery-validation-unobtrusive/dist/jquery.validate.unobtrusive.min.js responded 200 in 17.1655 ms
[15:11:49 INF] HTTP GET /Inventory/Products responded 200 in 167.7840 ms
[15:11:49 INF] HTTP GET /lib/bootstrap/dist/css/bootstrap.min.css responded 304 in 0.9060 ms
[15:11:49 INF] HTTP GET /Biktal.WebMVC.styles.css responded 304 in 2.8887 ms
[15:11:49 INF] HTTP GET /css/site.css responded 304 in 1.4570 ms
[15:11:50 INF] HTTP GET /lib/jquery/dist/jquery.min.js responded 304 in 1.4503 ms
[15:11:50 INF] HTTP GET /lib/bootstrap/dist/js/bootstrap.bundle.min.js responded 304 in 1.5132 ms
[15:11:50 INF] HTTP GET /lib/jquery-validation/dist/jquery.validate.min.js responded 304 in 0.5651 ms
[15:11:50 INF] HTTP GET /js/site.js responded 304 in 0.8847 ms
[15:11:50 INF] HTTP GET /lib/jquery-validation-unobtrusive/dist/jquery.validate.unobtrusive.min.js responded 304 in 0.6292 ms
[15:11:50 INF] HTTP GET /js/products-catalog-filter.js responded 304 in 0.6669 ms
[15:11:55 INF] HTTP POST /Inventory/EditProduct responded 302 in 101.3949 ms
[15:11:55 INF] HTTP GET /Inventory/Products responded 200 in 48.0850 ms
[15:11:55 INF] HTTP GET /css/site.css responded 304 in 0.8271 ms
[15:11:55 INF] HTTP GET /lib/bootstrap/dist/css/bootstrap.min.css responded 304 in 0.5291 ms
[15:11:55 INF] HTTP GET /Biktal.WebMVC.styles.css responded 304 in 1.1791 ms
[15:11:56 INF] HTTP GET /lib/jquery/dist/jquery.min.js responded 304 in 0.5064 ms
[15:11:56 INF] HTTP GET /lib/bootstrap/dist/js/bootstrap.bundle.min.js responded 304 in 0.5635 ms
[15:11:56 INF] HTTP GET /lib/jquery-validation/dist/jquery.validate.min.js responded 304 in 0.5208 ms
[15:11:56 INF] HTTP GET /js/products-catalog-filter.js responded 304 in 0.7020 ms
[15:11:56 INF] HTTP GET /js/site.js responded 304 in 0.7376 ms
[15:11:56 INF] HTTP GET /lib/jquery-validation-unobtrusive/dist/jquery.validate.unobtrusive.min.js responded 304 in 6.7199 ms
[15:11:57 INF] HTTP GET /Pos responded 200 in 30.9352 ms
[15:11:57 INF] HTTP GET /lib/bootstrap/dist/css/bootstrap.min.css responded 304 in 7.9286 ms
[15:11:57 INF] HTTP GET /css/site.css responded 304 in 1.1530 ms
[15:11:57 INF] HTTP GET /Biktal.WebMVC.styles.css responded 304 in 0.9653 ms
[15:11:57 INF] HTTP GET /lib/jquery/dist/jquery.min.js responded 304 in 0.6842 ms
[15:11:57 INF] HTTP GET /lib/bootstrap/dist/js/bootstrap.bundle.min.js responded 304 in 1.3494 ms
[15:11:57 INF] HTTP GET /js/site.js responded 304 in 0.8546 ms
[15:11:57 INF] HTTP GET /js/pos.js responded 200 in 4.5875 ms
[15:12:45 INF] HTTP GET /Inventory responded 200 in 29.7195 ms
[15:12:45 INF] HTTP GET /lib/bootstrap/dist/css/bootstrap.min.css responded 200 in 5.0067 ms
[15:12:45 INF] HTTP GET /css/site.css responded 200 in 1.3450 ms
[15:12:45 INF] HTTP GET /Biktal.WebMVC.styles.css responded 200 in 3.7536 ms
[15:12:45 INF] HTTP GET /lib/bootstrap/dist/js/bootstrap.bundle.min.js responded 200 in 1.4890 ms
[15:12:45 INF] HTTP GET /lib/jquery/dist/jquery.min.js responded 200 in 9.3598 ms
[15:12:45 INF] HTTP GET /js/site.js responded 200 in 3.2846 ms
[15:12:47 INF] HTTP GET /Inventory/Products responded 200 in 78.8798 ms
[15:12:47 INF] HTTP GET /css/site.css responded 200 in 1.7170 ms
[15:12:47 INF] HTTP GET /Biktal.WebMVC.styles.css responded 200 in 2.6412 ms
[15:12:47 INF] HTTP GET /lib/bootstrap/dist/css/bootstrap.min.css responded 200 in 3.0277 ms
[15:12:48 INF] HTTP GET /lib/jquery/dist/jquery.min.js responded 304 in 0.3461 ms
[15:12:48 INF] HTTP GET /lib/bootstrap/dist/js/bootstrap.bundle.min.js responded 304 in 0.4876 ms
[15:12:48 INF] HTTP GET /js/site.js responded 304 in 0.7751 ms
[15:12:48 INF] HTTP GET /lib/jquery-validation/dist/jquery.validate.min.js responded 200 in 0.7017 ms
[15:12:48 INF] HTTP GET /lib/jquery-validation-unobtrusive/dist/jquery.validate.unobtrusive.min.js responded 200 in 0.8012 ms
[15:12:48 INF] HTTP GET /js/products-catalog-filter.js responded 200 in 2.0420 ms
[15:12:59 INF] HTTP GET /Inventory/Products responded 200 in 90.6786 ms
[15:12:59 INF] HTTP GET /lib/bootstrap/dist/css/bootstrap.min.css responded 304 in 0.6315 ms
[15:12:59 INF] HTTP GET /Biktal.WebMVC.styles.css responded 304 in 0.5713 ms
[15:12:59 INF] HTTP GET /css/site.css responded 304 in 0.8537 ms
[15:13:00 INF] HTTP GET /lib/jquery/dist/jquery.min.js responded 304 in 0.3865 ms
[15:13:00 INF] HTTP GET /js/site.js responded 304 in 0.4057 ms
[15:13:00 INF] HTTP GET /lib/bootstrap/dist/js/bootstrap.bundle.min.js responded 304 in 0.4303 ms
[15:13:00 INF] HTTP GET /lib/jquery-validation/dist/jquery.validate.min.js responded 304 in 1.2634 ms
[15:13:00 INF] HTTP GET /lib/jquery-validation-unobtrusive/dist/jquery.validate.unobtrusive.min.js responded 304 in 0.6949 ms
[15:13:00 INF] HTTP GET /js/products-catalog-filter.js responded 304 in 0.4053 ms
[15:13:04 INF] HTTP POST /Inventory/EditProduct responded 302 in 10.7811 ms
[15:13:04 INF] HTTP GET /Inventory/Products responded 200 in 43.6877 ms
[15:13:04 INF] HTTP GET /css/site.css responded 304 in 0.4157 ms
[15:13:04 INF] HTTP GET /lib/bootstrap/dist/css/bootstrap.min.css responded 304 in 0.7604 ms
[15:13:04 INF] HTTP GET /Biktal.WebMVC.styles.css responded 304 in 1.7226 ms
[15:13:05 INF] HTTP GET /lib/jquery/dist/jquery.min.js responded 304 in 0.3177 ms
[15:13:05 INF] HTTP GET /lib/bootstrap/dist/js/bootstrap.bundle.min.js responded 304 in 10.0934 ms
[15:13:05 INF] HTTP GET /js/site.js responded 304 in 0.4259 ms
[15:13:05 INF] HTTP GET /js/products-catalog-filter.js responded 304 in 0.4961 ms
[15:13:05 INF] HTTP GET /lib/jquery-validation-unobtrusive/dist/jquery.validate.unobtrusive.min.js responded 304 in 0.3329 ms
[15:13:05 INF] HTTP GET /lib/jquery-validation/dist/jquery.validate.min.js responded 304 in 1.8619 ms
[15:13:05 INF] HTTP GET /Pos responded 200 in 20.7440 ms
[15:13:05 INF] HTTP GET /lib/bootstrap/dist/css/bootstrap.min.css responded 304 in 10.3060 ms
[15:13:06 INF] HTTP GET /css/site.css responded 304 in 1.0151 ms
[15:13:06 INF] HTTP GET /Biktal.WebMVC.styles.css responded 304 in 0.6034 ms
[15:13:06 INF] HTTP GET /lib/jquery/dist/jquery.min.js responded 304 in 0.5799 ms
[15:13:06 INF] HTTP GET /js/site.js responded 200 in 6.0920 ms
[15:13:06 INF] HTTP GET /lib/bootstrap/dist/js/bootstrap.bundle.min.js responded 200 in 8.0513 ms
[15:13:06 INF] HTTP GET /js/pos.js responded 200 in 4.8722 ms
[15:20:32 INF] HTTP GET /Inventory responded 200 in 106.2128 ms
[15:20:32 INF] HTTP GET /lib/bootstrap/dist/css/bootstrap.min.css responded 200 in 1.3748 ms
[15:20:32 INF] HTTP GET /css/site.css responded 200 in 0.8920 ms
[15:20:32 INF] HTTP GET /Biktal.WebMVC.styles.css responded 200 in 1.0803 ms
[15:20:32 INF] HTTP GET /lib/jquery/dist/jquery.min.js responded 200 in 1.1241 ms
[15:20:32 INF] HTTP GET /lib/bootstrap/dist/js/bootstrap.bundle.min.js responded 200 in 1.4513 ms
[15:20:32 INF] HTTP GET /js/site.js responded 200 in 8.5186 ms
[15:20:34 INF] HTTP GET /Inventory/Products responded 200 in 117.1184 ms
[15:20:34 INF] HTTP GET /css/site.css responded 304 in 0.4899 ms
[15:20:34 INF] HTTP GET /lib/bootstrap/dist/css/bootstrap.min.css responded 304 in 0.6005 ms
[15:20:34 INF] HTTP GET /Biktal.WebMVC.styles.css responded 304 in 0.6964 ms
[15:20:35 INF] HTTP GET /lib/jquery/dist/jquery.min.js responded 304 in 0.2618 ms
[15:20:35 INF] HTTP GET /lib/bootstrap/dist/js/bootstrap.bundle.min.js responded 304 in 0.4156 ms
[15:20:35 INF] HTTP GET /js/site.js responded 304 in 0.2973 ms
[15:20:35 INF] HTTP GET /lib/jquery-validation/dist/jquery.validate.min.js responded 200 in 0.5776 ms
[15:20:35 INF] HTTP GET /lib/jquery-validation-unobtrusive/dist/jquery.validate.unobtrusive.min.js responded 200 in 0.5843 ms
[15:20:35 INF] HTTP GET /js/products-catalog-filter.js responded 200 in 2.2617 ms
[15:20:41 INF] HTTP GET /Inventory/Products responded 200 in 77.1820 ms
[15:20:41 INF] HTTP GET /css/site.css responded 304 in 0.4113 ms
[15:20:41 INF] HTTP GET /lib/bootstrap/dist/css/bootstrap.min.css responded 304 in 0.6880 ms
[15:20:41 INF] HTTP GET /Biktal.WebMVC.styles.css responded 304 in 0.8786 ms
[15:20:42 INF] HTTP GET /lib/jquery/dist/jquery.min.js responded 304 in 0.3157 ms
[15:20:42 INF] HTTP GET /lib/bootstrap/dist/js/bootstrap.bundle.min.js responded 304 in 0.5035 ms
[15:20:42 INF] HTTP GET /js/site.js responded 304 in 1.1920 ms
[15:20:42 INF] HTTP GET /lib/jquery-validation-unobtrusive/dist/jquery.validate.unobtrusive.min.js responded 304 in 0.8582 ms
[15:20:42 INF] HTTP GET /lib/jquery-validation/dist/jquery.validate.min.js responded 304 in 0.4073 ms
[15:20:42 INF] HTTP GET /js/products-catalog-filter.js responded 304 in 1.6819 ms
[15:20:48 INF] HTTP POST /Inventory/EditProduct responded 302 in 10.8506 ms
[15:20:48 INF] HTTP GET /Inventory/Products responded 200 in 44.5277 ms
[15:20:48 INF] HTTP GET /lib/bootstrap/dist/css/bootstrap.min.css responded 200 in 0.9300 ms
[15:20:48 INF] HTTP GET /css/site.css responded 304 in 0.4021 ms
[15:20:48 INF] HTTP GET /Biktal.WebMVC.styles.css responded 304 in 0.8935 ms
[15:20:49 INF] HTTP GET /lib/jquery/dist/jquery.min.js responded 304 in 0.2965 ms
[15:20:49 INF] HTTP GET /lib/bootstrap/dist/js/bootstrap.bundle.min.js responded 304 in 0.9669 ms
[15:20:49 INF] HTTP GET /js/site.js responded 304 in 0.3244 ms
[15:20:49 INF] HTTP GET /lib/jquery-validation/dist/jquery.validate.min.js responded 304 in 0.2568 ms
[15:20:49 INF] HTTP GET /lib/jquery-validation-unobtrusive/dist/jquery.validate.unobtrusive.min.js responded 304 in 0.2676 ms
[15:20:49 INF] HTTP GET /js/products-catalog-filter.js responded 304 in 0.2675 ms
[15:20:50 INF] HTTP GET /Pos responded 200 in 24.3595 ms
[15:20:50 INF] HTTP GET /lib/bootstrap/dist/css/bootstrap.min.css responded 200 in 10.0102 ms
[15:20:50 INF] HTTP GET /css/site.css responded 304 in 0.4868 ms
[15:20:50 INF] HTTP GET /Biktal.WebMVC.styles.css responded 304 in 1.5220 ms
[15:20:50 INF] HTTP GET /lib/jquery/dist/jquery.min.js responded 304 in 0.3561 ms
[15:20:50 INF] HTTP GET /lib/bootstrap/dist/js/bootstrap.bundle.min.js responded 304 in 0.5389 ms
[15:20:50 INF] HTTP GET /js/site.js responded 304 in 2.0097 ms
[15:20:50 INF] HTTP GET /js/pos.js responded 200 in 1.0443 ms
[15:21:41 INF] HTTP GET /Pos responded 200 in 15.2266 ms
[15:21:41 INF] HTTP GET /css/site.css responded 200 in 0.8494 ms
[15:21:41 INF] HTTP GET /lib/bootstrap/dist/js/bootstrap.bundle.min.js responded 200 in 0.7881 ms
[15:21:41 INF] HTTP GET /js/site.js responded 200 in 0.6687 ms
[15:21:41 INF] HTTP GET /js/pos.js responded 200 in 2.5967 ms
[15:21:41 INF] HTTP GET /lib/bootstrap/dist/css/bootstrap.min.css responded 200 in 1.6708 ms
[15:21:41 INF] HTTP GET /Biktal.WebMVC.styles.css responded 200 in 1.7052 ms
[15:21:41 INF] HTTP GET /lib/jquery/dist/jquery.min.js responded 200 in 25.1201 ms
[15:21:42 INF] HTTP GET /favicon.ico responded 200 in 59.9818 ms
[15:21:58 INF] HTTP GET /Inventory responded 200 in 26.2333 ms
[15:21:58 INF] HTTP GET /lib/bootstrap/dist/css/bootstrap.min.css responded 200 in 1.0718 ms
[15:21:58 INF] HTTP GET /css/site.css responded 200 in 1.0011 ms
[15:21:58 INF] HTTP GET /Biktal.WebMVC.styles.css responded 200 in 1.5439 ms
[15:21:58 INF] HTTP GET /lib/jquery/dist/jquery.min.js responded 304 in 6.7831 ms
[15:21:58 INF] HTTP GET /lib/bootstrap/dist/js/bootstrap.bundle.min.js responded 304 in 0.4551 ms
[15:21:58 INF] HTTP GET /js/site.js responded 304 in 0.9891 ms
[15:22:00 INF] HTTP GET /Inventory/Products responded 200 in 78.4598 ms
[15:22:00 INF] HTTP GET /lib/bootstrap/dist/css/bootstrap.min.css responded 200 in 1.1500 ms
[15:22:00 INF] HTTP GET /css/site.css responded 200 in 1.6003 ms
[15:22:00 INF] HTTP GET /Biktal.WebMVC.styles.css responded 200 in 1.4108 ms
[15:22:01 INF] HTTP GET /lib/jquery/dist/jquery.min.js responded 304 in 0.2710 ms
[15:22:01 INF] HTTP GET /lib/bootstrap/dist/js/bootstrap.bundle.min.js responded 304 in 0.5046 ms
[15:22:01 INF] HTTP GET /js/site.js responded 304 in 0.5046 ms
[15:22:01 INF] HTTP GET /lib/jquery-validation/dist/jquery.validate.min.js responded 200 in 3.6871 ms
[15:22:01 INF] HTTP GET /lib/jquery-validation-unobtrusive/dist/jquery.validate.unobtrusive.min.js responded 200 in 2.9069 ms
[15:22:01 INF] HTTP GET /js/products-catalog-filter.js responded 200 in 2.4941 ms
[15:22:06 INF] HTTP GET /Inventory/Products responded 200 in 141.4070 ms
[15:22:06 INF] HTTP GET /Biktal.WebMVC.styles.css responded 304 in 0.7658 ms
[15:22:06 INF] HTTP GET /lib/bootstrap/dist/css/bootstrap.min.css responded 304 in 0.6084 ms
[15:22:06 INF] HTTP GET /css/site.css responded 304 in 2.6488 ms
[15:22:06 INF] HTTP GET /lib/jquery/dist/jquery.min.js responded 304 in 0.6605 ms
[15:22:06 INF] HTTP GET /lib/bootstrap/dist/js/bootstrap.bundle.min.js responded 304 in 0.4619 ms
[15:22:06 INF] HTTP GET /js/site.js responded 304 in 0.4923 ms
[15:22:06 INF] HTTP GET /lib/jquery-validation/dist/jquery.validate.min.js responded 304 in 0.2045 ms
[15:22:06 INF] HTTP GET /lib/jquery-validation-unobtrusive/dist/jquery.validate.unobtrusive.min.js responded 304 in 0.3392 ms
[15:22:06 INF] HTTP GET /js/products-catalog-filter.js responded 304 in 0.4564 ms
[15:22:10 INF] HTTP POST /Inventory/EditProduct responded 302 in 11.2414 ms
[15:22:10 INF] HTTP GET /Inventory/Products responded 200 in 43.0435 ms
[15:22:10 INF] HTTP GET /lib/bootstrap/dist/css/bootstrap.min.css responded 304 in 0.4674 ms
[15:22:10 INF] HTTP GET /css/site.css responded 304 in 0.4673 ms
[15:22:10 INF] HTTP GET /Biktal.WebMVC.styles.css responded 304 in 0.3159 ms
[15:22:11 INF] HTTP GET /lib/jquery/dist/jquery.min.js responded 304 in 0.2806 ms
[15:22:11 INF] HTTP GET /lib/bootstrap/dist/js/bootstrap.bundle.min.js responded 304 in 0.3698 ms
[15:22:11 INF] HTTP GET /js/site.js responded 304 in 0.5729 ms
[15:22:11 INF] HTTP GET /lib/jquery-validation/dist/jquery.validate.min.js responded 304 in 0.4161 ms
[15:22:11 INF] HTTP GET /lib/jquery-validation-unobtrusive/dist/jquery.validate.unobtrusive.min.js responded 304 in 0.6970 ms
[15:22:11 INF] HTTP GET /js/products-catalog-filter.js responded 304 in 0.5724 ms
[15:22:12 INF] HTTP GET /Pos responded 200 in 18.4877 ms
[15:22:12 INF] HTTP GET /lib/bootstrap/dist/css/bootstrap.min.css responded 200 in 1.9139 ms
[15:22:12 INF] HTTP GET /css/site.css responded 304 in 1.5065 ms
[15:22:12 INF] HTTP GET /Biktal.WebMVC.styles.css responded 304 in 0.4652 ms
[15:22:12 INF] HTTP GET /lib/jquery/dist/jquery.min.js responded 304 in 0.4710 ms
[15:22:12 INF] HTTP GET /js/site.js responded 304 in 0.3012 ms
[15:22:12 INF] HTTP GET /lib/bootstrap/dist/js/bootstrap.bundle.min.js responded 304 in 0.3226 ms
[15:22:12 INF] HTTP GET /js/pos.js responded 304 in 0.5531 ms
[15:39:13 INF] HTTP GET /Crm responded 200 in 212.8625 ms
[15:39:13 INF] HTTP GET /lib/jquery/dist/jquery.min.js responded 200 in 0.8360 ms
[15:39:13 INF] HTTP GET /lib/bootstrap/dist/js/bootstrap.bundle.min.js responded 200 in 3.5073 ms
[15:39:13 INF] HTTP GET /js/site.js responded 200 in 0.7249 ms
[15:39:13 INF] HTTP GET /lib/bootstrap/dist/css/bootstrap.min.css responded 200 in 1.7967 ms
[15:39:13 INF] HTTP GET /css/site.css responded 200 in 1.2866 ms
[15:39:13 INF] HTTP GET /Biktal.WebMVC.styles.css responded 200 in 0.8195 ms
[15:39:16 INF] HTTP GET /Installments responded 200 in 143.8481 ms
[15:39:17 INF] HTTP GET /css/site.css responded 304 in 0.6326 ms
[15:39:17 INF] HTTP GET /lib/bootstrap/dist/css/bootstrap.min.css responded 304 in 0.3454 ms
[15:39:17 INF] HTTP GET /Biktal.WebMVC.styles.css responded 304 in 2.1514 ms
[15:39:17 INF] HTTP GET /lib/bootstrap/dist/js/bootstrap.bundle.min.js responded 304 in 0.3790 ms
[15:39:17 INF] HTTP GET /lib/jquery/dist/jquery.min.js responded 304 in 0.4284 ms
[15:39:17 INF] HTTP GET /js/site.js responded 304 in 1.5468 ms
[15:39:19 INF] HTTP GET /Installments/New responded 200 in 120.1602 ms
[15:39:19 INF] HTTP GET /lib/bootstrap/dist/css/bootstrap.min.css responded 200 in 6.2104 ms
[15:39:19 INF] HTTP GET /css/site.css responded 304 in 3.9373 ms
[15:39:19 INF] HTTP GET /Biktal.WebMVC.styles.css responded 304 in 0.9351 ms
[15:39:19 INF] HTTP GET /js/site.js responded 304 in 0.3664 ms
[15:39:19 INF] HTTP GET /lib/bootstrap/dist/js/bootstrap.bundle.min.js responded 304 in 0.9127 ms
[15:39:19 INF] HTTP GET /lib/jquery/dist/jquery.min.js responded 304 in 1.2602 ms
[15:39:19 INF] HTTP GET /lib/jquery-validation/dist/jquery.validate.min.js responded 200 in 0.7671 ms
[15:39:19 INF] HTTP GET /lib/jquery-validation-unobtrusive/dist/jquery.validate.unobtrusive.min.js responded 200 in 0.8656 ms
[15:39:24 INF] HTTP GET /Crm/Customers responded 200 in 39.8832 ms
[15:39:24 INF] HTTP GET /lib/bootstrap/dist/css/bootstrap.min.css responded 200 in 3.9046 ms
[15:39:24 INF] HTTP GET /css/site.css responded 304 in 2.7481 ms
[15:39:24 INF] HTTP GET /lib/jquery/dist/jquery.min.js responded 304 in 0.4124 ms
[15:39:24 INF] HTTP GET /Biktal.WebMVC.styles.css responded 304 in 0.5879 ms
[15:39:24 INF] HTTP GET /lib/bootstrap/dist/js/bootstrap.bundle.min.js responded 304 in 2.4019 ms
[15:39:24 INF] HTTP GET /js/site.js responded 304 in 2.9570 ms
[15:39:28 INF] HTTP GET /Crm/NewCustomer responded 200 in 49.9714 ms
[15:39:28 INF] HTTP GET /lib/bootstrap/dist/css/bootstrap.min.css responded 304 in 1.1881 ms
[15:39:28 INF] HTTP GET /css/site.css responded 304 in 0.8652 ms
[15:39:28 INF] HTTP GET /lib/bootstrap/dist/js/bootstrap.bundle.min.js responded 304 in 0.3116 ms
[15:39:28 INF] HTTP GET /lib/jquery/dist/jquery.min.js responded 304 in 0.5080 ms
[15:39:28 INF] HTTP GET /Biktal.WebMVC.styles.css responded 304 in 0.3611 ms
[15:39:28 INF] HTTP GET /js/site.js responded 304 in 3.3592 ms
[15:39:28 INF] HTTP GET /lib/jquery-validation/dist/jquery.validate.min.js responded 304 in 0.8682 ms
[15:39:28 INF] HTTP GET /lib/jquery-validation-unobtrusive/dist/jquery.validate.unobtrusive.min.js responded 304 in 2.1113 ms
[15:39:56 INF] HTTP POST /Crm/CreateCustomer responded 302 in 63.2023 ms
[15:39:56 INF] HTTP GET /Crm/Customers responded 200 in 6.1360 ms
[15:39:56 INF] HTTP GET /lib/bootstrap/dist/css/bootstrap.min.css responded 200 in 12.0606 ms
[15:39:56 INF] HTTP GET /css/site.css responded 304 in 0.4162 ms
[15:39:56 INF] HTTP GET /Biktal.WebMVC.styles.css responded 304 in 0.3793 ms
[15:39:56 INF] HTTP GET /lib/jquery/dist/jquery.min.js responded 304 in 0.6185 ms
[15:39:56 INF] HTTP GET /lib/bootstrap/dist/js/bootstrap.bundle.min.js responded 304 in 0.6595 ms
[15:39:56 INF] HTTP GET /js/site.js responded 304 in 0.3623 ms
[15:40:03 INF] HTTP GET /Crm responded 200 in 18.7419 ms
[15:40:03 INF] HTTP GET /lib/bootstrap/dist/css/bootstrap.min.css responded 200 in 1.8317 ms
[15:40:03 INF] HTTP GET /css/site.css responded 304 in 2.3684 ms
[15:40:03 INF] HTTP GET /Biktal.WebMVC.styles.css responded 304 in 0.8683 ms
[15:40:03 INF] HTTP GET /lib/jquery/dist/jquery.min.js responded 304 in 1.0165 ms
[15:40:03 INF] HTTP GET /lib/bootstrap/dist/js/bootstrap.bundle.min.js responded 304 in 0.4778 ms
[15:40:03 INF] HTTP GET /js/site.js responded 304 in 4.2323 ms
[15:40:04 INF] HTTP GET /Installments responded 200 in 18.4121 ms
[15:40:04 INF] HTTP GET /lib/bootstrap/dist/css/bootstrap.min.css responded 304 in 0.5170 ms
[15:40:04 INF] HTTP GET /Biktal.WebMVC.styles.css responded 304 in 0.3415 ms
[15:40:05 INF] HTTP GET /lib/jquery/dist/jquery.min.js responded 304 in 4.3604 ms
[15:40:05 INF] HTTP GET /css/site.css responded 304 in 0.5909 ms
[15:40:05 INF] HTTP GET /js/site.js responded 304 in 0.4091 ms
[15:40:05 INF] HTTP GET /lib/bootstrap/dist/js/bootstrap.bundle.min.js responded 304 in 0.6583 ms
[15:40:06 INF] HTTP GET /Crm/Customers responded 200 in 13.8009 ms
[15:40:06 INF] HTTP GET /lib/bootstrap/dist/css/bootstrap.min.css responded 304 in 0.3750 ms
[15:40:06 INF] HTTP GET /css/site.css responded 304 in 0.5333 ms
[15:40:06 INF] HTTP GET /Biktal.WebMVC.styles.css responded 304 in 0.3288 ms
[15:40:06 INF] HTTP GET /lib/jquery/dist/jquery.min.js responded 304 in 1.6890 ms
[15:40:06 INF] HTTP GET /lib/bootstrap/dist/js/bootstrap.bundle.min.js responded 304 in 1.4197 ms
[15:40:06 INF] HTTP GET /js/site.js responded 304 in 1.0050 ms
[15:40:08 INF] HTTP GET /Installments responded 200 in 10.7357 ms
[15:40:09 INF] HTTP GET /lib/bootstrap/dist/css/bootstrap.min.css responded 304 in 3.1547 ms
[15:40:09 INF] HTTP GET /css/site.css responded 304 in 2.9230 ms
[15:40:09 INF] HTTP GET /lib/jquery/dist/jquery.min.js responded 304 in 0.8449 ms
[15:40:09 INF] HTTP GET /Biktal.WebMVC.styles.css responded 304 in 0.6696 ms
[15:40:09 INF] HTTP GET /lib/bootstrap/dist/js/bootstrap.bundle.min.js responded 304 in 0.7975 ms
[15:40:09 INF] HTTP GET /js/site.js responded 304 in 0.5926 ms
[15:40:25 INF] HTTP GET /Crm/Customers responded 200 in 9.2754 ms
[15:40:25 INF] HTTP GET /css/site.css responded 304 in 1.9971 ms
[15:40:25 INF] HTTP GET /Biktal.WebMVC.styles.css responded 304 in 0.5018 ms
[15:40:25 INF] HTTP GET /lib/bootstrap/dist/css/bootstrap.min.css responded 200 in 8.0323 ms
[15:40:25 INF] HTTP GET /lib/bootstrap/dist/js/bootstrap.bundle.min.js responded 304 in 0.4853 ms
[15:40:25 INF] HTTP GET /js/site.js responded 304 in 0.3310 ms
[15:40:25 INF] HTTP GET /lib/jquery/dist/jquery.min.js responded 304 in 0.3861 ms
[15:40:28 INF] HTTP GET /Crm/Customer/019f2292-2e5a-7038-8325-27be57de7ee7 responded 200 in 64.4008 ms
[15:40:28 INF] HTTP GET /lib/bootstrap/dist/css/bootstrap.min.css responded 304 in 0.4323 ms
[15:40:28 INF] HTTP GET /css/site.css responded 304 in 2.0856 ms
[15:40:28 INF] HTTP GET /Biktal.WebMVC.styles.css responded 304 in 0.4650 ms
[15:40:28 INF] HTTP GET /lib/jquery/dist/jquery.min.js responded 304 in 1.0922 ms
[15:40:28 INF] HTTP GET /lib/bootstrap/dist/js/bootstrap.bundle.min.js responded 304 in 10.3487 ms
[15:40:28 INF] HTTP GET /lib/jquery-validation/dist/jquery.validate.min.js responded 304 in 0.4458 ms
[15:40:28 INF] HTTP GET /js/site.js responded 304 in 0.4044 ms
[15:40:28 INF] HTTP GET /lib/jquery-validation-unobtrusive/dist/jquery.validate.unobtrusive.min.js responded 304 in 0.3874 ms
[15:40:51 INF] HTTP GET /Crm/Customers responded 200 in 65.2463 ms
[15:40:51 INF] HTTP GET /lib/bootstrap/dist/css/bootstrap.min.css responded 304 in 0.7936 ms
[15:40:51 INF] HTTP GET /css/site.css responded 304 in 1.5260 ms
[15:40:51 INF] HTTP GET /Biktal.WebMVC.styles.css responded 304 in 0.8621 ms
[15:40:51 INF] HTTP GET /lib/jquery/dist/jquery.min.js responded 304 in 1.1043 ms
[15:40:51 INF] HTTP GET /js/site.js responded 304 in 1.3283 ms
[15:40:51 INF] HTTP GET /lib/bootstrap/dist/js/bootstrap.bundle.min.js responded 304 in 0.3921 ms
[15:40:57 INF] HTTP GET /Crm/Customer/019f22d7-cdc4-7e0d-9e9c-c3d3bb7c4fe4 responded 200 in 9.1735 ms
[15:40:57 INF] HTTP GET /css/site.css responded 304 in 1.0082 ms
[15:40:57 INF] HTTP GET /lib/jquery/dist/jquery.min.js responded 304 in 1.1612 ms
[15:40:57 INF] HTTP GET /js/site.js responded 304 in 0.4480 ms
[15:40:57 INF] HTTP GET /lib/jquery-validation/dist/jquery.validate.min.js responded 304 in 0.3151 ms
[15:40:57 INF] HTTP GET /Biktal.WebMVC.styles.css responded 304 in 0.2951 ms
[15:40:57 INF] HTTP GET /lib/jquery-validation-unobtrusive/dist/jquery.validate.unobtrusive.min.js responded 304 in 0.2877 ms
[15:40:57 INF] HTTP GET /lib/bootstrap/dist/js/bootstrap.bundle.min.js responded 304 in 32.4566 ms
[15:40:57 INF] HTTP GET /lib/bootstrap/dist/css/bootstrap.min.css responded 200 in 49.7287 ms
[15:41:50 INF] HTTP POST /Crm/UpdateCustomer responded 200 in 17.5407 ms
[15:41:50 INF] HTTP GET /lib/bootstrap/dist/css/bootstrap.min.css responded 200 in 2.6881 ms
[15:41:50 INF] HTTP GET /css/site.css responded 200 in 2.0713 ms
[15:41:50 INF] HTTP GET /Biktal.WebMVC.styles.css responded 200 in 1.8463 ms
[15:41:50 INF] HTTP GET /lib/jquery/dist/jquery.min.js responded 200 in 1.7180 ms
[15:41:50 INF] HTTP GET /lib/bootstrap/dist/js/bootstrap.bundle.min.js responded 200 in 3.3710 ms
[15:41:50 INF] HTTP GET /lib/jquery-validation/dist/jquery.validate.min.js responded 200 in 0.6413 ms
[15:41:50 INF] HTTP GET /lib/jquery-validation-unobtrusive/dist/jquery.validate.unobtrusive.min.js responded 200 in 1.2606 ms
[15:41:50 INF] HTTP GET /js/site.js responded 200 in 1.1236 ms
[15:41:59 INF] HTTP GET /Installments responded 200 in 10.8731 ms
[15:41:59 INF] HTTP GET /css/site.css responded 304 in 0.3491 ms
[15:41:59 INF] HTTP GET /Biktal.WebMVC.styles.css responded 304 in 0.2727 ms
[15:41:59 INF] HTTP GET /lib/bootstrap/dist/css/bootstrap.min.css responded 304 in 0.5194 ms
[15:41:59 INF] HTTP GET /lib/jquery/dist/jquery.min.js responded 304 in 2.7394 ms
[15:42:00 INF] HTTP GET /lib/bootstrap/dist/js/bootstrap.bundle.min.js responded 304 in 0.3798 ms
[15:42:00 INF] HTTP GET /js/site.js responded 304 in 0.5923 ms
[15:42:11 INF] HTTP GET /Crm/Customers responded 200 in 6.0705 ms
[15:42:11 INF] HTTP GET /Biktal.WebMVC.styles.css responded 304 in 0.2982 ms
[15:42:11 INF] HTTP GET /lib/bootstrap/dist/css/bootstrap.min.css responded 200 in 1.5351 ms
[15:42:11 INF] HTTP GET /css/site.css responded 304 in 0.4084 ms
[15:42:11 INF] HTTP GET /lib/jquery/dist/jquery.min.js responded 304 in 1.4724 ms
[15:42:11 INF] HTTP GET /lib/bootstrap/dist/js/bootstrap.bundle.min.js responded 304 in 0.3448 ms
[15:42:11 INF] HTTP GET /js/site.js responded 304 in 0.4632 ms
[15:42:12 INF] HTTP GET /Crm/Customer/019f22d7-cdc4-7e0d-9e9c-c3d3bb7c4fe4 responded 200 in 6.2487 ms
[15:42:12 INF] HTTP GET /lib/bootstrap/dist/css/bootstrap.min.css responded 200 in 5.6170 ms
[15:42:12 INF] HTTP GET /Biktal.WebMVC.styles.css responded 304 in 0.4137 ms
[15:42:12 INF] HTTP GET /lib/bootstrap/dist/js/bootstrap.bundle.min.js responded 304 in 0.2205 ms
[15:42:12 INF] HTTP GET /css/site.css responded 304 in 0.3564 ms
[15:42:12 INF] HTTP GET /js/site.js responded 304 in 0.4048 ms
[15:42:12 INF] HTTP GET /lib/jquery/dist/jquery.min.js responded 304 in 2.3796 ms
[15:42:12 INF] HTTP GET /lib/jquery-validation/dist/jquery.validate.min.js responded 200 in 0.8479 ms
[15:42:12 INF] HTTP GET /lib/jquery-validation-unobtrusive/dist/jquery.validate.unobtrusive.min.js responded 200 in 0.5447 ms
[15:42:15 INF] HTTP GET /Installments/New responded 200 in 13.9734 ms
[15:42:15 INF] HTTP GET /css/site.css responded 304 in 0.9033 ms
[15:42:15 INF] HTTP GET /Biktal.WebMVC.styles.css responded 304 in 0.7934 ms
[15:42:15 INF] HTTP GET /lib/bootstrap/dist/js/bootstrap.bundle.min.js responded 304 in 0.3059 ms
[15:42:15 INF] HTTP GET /lib/bootstrap/dist/css/bootstrap.min.css responded 304 in 1.9688 ms
[15:42:15 INF] HTTP GET /js/site.js responded 304 in 0.6101 ms
[15:42:15 INF] HTTP GET /lib/jquery-validation/dist/jquery.validate.min.js responded 304 in 0.3672 ms
[15:42:15 INF] HTTP GET /lib/jquery-validation-unobtrusive/dist/jquery.validate.unobtrusive.min.js responded 304 in 0.3799 ms
[15:42:15 INF] HTTP GET /lib/jquery/dist/jquery.min.js responded 304 in 0.3103 ms
[15:42:37 INF] HTTP POST /Installments/Create responded 302 in 322.7224 ms
[15:42:37 WRN] Compiling a query which loads related collections for more than one collection navigation, either via 'Include' or through projection, but no 'QuerySplittingBehavior' has been configured. By default, Entity Framework will use 'QuerySplittingBehavior.SingleQuery', which can potentially result in slow query performance. See https://go.microsoft.com/fwlink/?linkid=2134277 for more information. To identify the query that's triggering this warning call 'ConfigureWarnings(w => w.Throw(RelationalEventId.MultipleCollectionIncludeWarning))'.
[15:42:37 INF] HTTP GET /Installments/Detail/02fbf426-af7b-4fe4-8149-bd9143491c02 responded 200 in 96.6624 ms
[15:42:37 INF] HTTP GET /css/site.css responded 304 in 0.4930 ms
[15:42:37 INF] HTTP GET /lib/bootstrap/dist/css/bootstrap.min.css responded 200 in 3.2877 ms
[15:42:37 INF] HTTP GET /Biktal.WebMVC.styles.css responded 304 in 0.5462 ms
[15:42:37 INF] HTTP GET /lib/jquery/dist/jquery.min.js responded 304 in 0.4679 ms
[15:42:37 INF] HTTP GET /lib/bootstrap/dist/js/bootstrap.bundle.min.js responded 304 in 0.5478 ms
[15:42:37 INF] HTTP GET /lib/jquery-validation/dist/jquery.validate.min.js responded 304 in 0.2985 ms
[15:42:37 INF] HTTP GET /lib/jquery-validation-unobtrusive/dist/jquery.validate.unobtrusive.min.js responded 304 in 0.2605 ms
[15:42:37 INF] HTTP GET /js/site.js responded 304 in 0.2863 ms
[15:42:40 INF] HTTP GET /Crm/Customers responded 200 in 3.0277 ms
[15:42:40 INF] HTTP GET /css/site.css responded 304 in 0.5177 ms
[15:42:40 INF] HTTP GET /Biktal.WebMVC.styles.css responded 304 in 0.4895 ms
[15:42:40 INF] HTTP GET /lib/jquery/dist/jquery.min.js responded 304 in 0.8989 ms
[15:42:40 INF] HTTP GET /lib/bootstrap/dist/js/bootstrap.bundle.min.js responded 304 in 0.3569 ms
[15:42:40 INF] HTTP GET /lib/bootstrap/dist/css/bootstrap.min.css responded 200 in 1.6500 ms
[15:42:40 INF] HTTP GET /js/site.js responded 304 in 6.0938 ms
[15:42:41 INF] HTTP GET /Installments responded 200 in 8.9428 ms
[15:42:42 INF] HTTP GET /lib/bootstrap/dist/css/bootstrap.min.css responded 304 in 1.0556 ms
[15:42:42 INF] HTTP GET /css/site.css responded 304 in 0.6030 ms
[15:42:42 INF] HTTP GET /Biktal.WebMVC.styles.css responded 304 in 0.9077 ms
[15:42:42 INF] HTTP GET /lib/jquery/dist/jquery.min.js responded 304 in 0.5882 ms
[15:42:42 INF] HTTP GET /lib/bootstrap/dist/js/bootstrap.bundle.min.js responded 304 in 1.6712 ms
[15:42:42 INF] HTTP GET /js/site.js responded 304 in 0.3959 ms
[15:43:26 INF] HTTP GET /Crm/Customers responded 200 in 9.7262 ms
[15:43:26 INF] HTTP GET /css/site.css responded 304 in 0.3720 ms
[15:43:26 INF] HTTP GET /Biktal.WebMVC.styles.css responded 304 in 0.5785 ms
[15:43:26 INF] HTTP GET /lib/jquery/dist/jquery.min.js responded 304 in 1.4664 ms
[15:43:26 INF] HTTP GET /lib/bootstrap/dist/js/bootstrap.bundle.min.js responded 304 in 0.5592 ms
[15:43:26 INF] HTTP GET /js/site.js responded 304 in 0.2898 ms
[15:43:26 INF] HTTP GET /lib/bootstrap/dist/css/bootstrap.min.css responded 200 in 11.1441 ms
[15:43:30 INF] HTTP GET /Crm/Customer/019f22d7-cdc4-7e0d-9e9c-c3d3bb7c4fe4 responded 200 in 10.8275 ms
[15:43:30 INF] HTTP GET /lib/bootstrap/dist/css/bootstrap.min.css responded 304 in 2.2665 ms
[15:43:30 INF] HTTP GET /js/site.js responded 304 in 0.4230 ms
[15:43:30 INF] HTTP GET /lib/bootstrap/dist/js/bootstrap.bundle.min.js responded 304 in 0.2933 ms
[15:43:30 INF] HTTP GET /lib/jquery-validation/dist/jquery.validate.min.js responded 304 in 0.9598 ms
[15:43:30 INF] HTTP GET /css/site.css responded 304 in 0.4645 ms
[15:43:30 INF] HTTP GET /Biktal.WebMVC.styles.css responded 304 in 0.5867 ms
[15:43:30 INF] HTTP GET /lib/jquery-validation-unobtrusive/dist/jquery.validate.unobtrusive.min.js responded 304 in 3.4664 ms
[15:43:30 INF] HTTP GET /lib/jquery/dist/jquery.min.js responded 304 in 0.3761 ms
[15:43:42 INF] HTTP GET /Crm/Customers responded 200 in 5.1393 ms
[15:43:42 INF] HTTP GET /css/site.css responded 304 in 0.4498 ms
[15:43:42 INF] HTTP GET /Biktal.WebMVC.styles.css responded 304 in 0.4283 ms
[15:43:42 INF] HTTP GET /lib/bootstrap/dist/css/bootstrap.min.css responded 304 in 0.4838 ms
[15:43:42 INF] HTTP GET /lib/jquery/dist/jquery.min.js responded 304 in 1.0101 ms
[15:43:42 INF] HTTP GET /lib/bootstrap/dist/js/bootstrap.bundle.min.js responded 304 in 0.5916 ms
[15:43:42 INF] HTTP GET /js/site.js responded 304 in 0.4424 ms
[15:43:45 INF] HTTP GET /Installments responded 200 in 13.3882 ms
[15:43:45 INF] HTTP GET /lib/bootstrap/dist/css/bootstrap.min.css responded 304 in 0.4734 ms
[15:43:45 INF] HTTP GET /css/site.css responded 304 in 0.4842 ms
[15:43:45 INF] HTTP GET /Biktal.WebMVC.styles.css responded 304 in 0.3885 ms
[15:43:45 INF] HTTP GET /lib/jquery/dist/jquery.min.js responded 304 in 1.3626 ms
[15:43:45 INF] HTTP GET /lib/bootstrap/dist/js/bootstrap.bundle.min.js responded 304 in 0.9330 ms
[15:43:45 INF] HTTP GET /js/site.js responded 304 in 0.3358 ms
[15:44:03 INF] HTTP GET /Crm/Customers responded 200 in 8.2826 ms
[15:44:03 INF] HTTP GET /css/site.css responded 304 in 0.6565 ms
[15:44:03 INF] HTTP GET /lib/bootstrap/dist/css/bootstrap.min.css responded 200 in 4.8370 ms
[15:44:03 INF] HTTP GET /lib/jquery/dist/jquery.min.js responded 304 in 7.0376 ms
[15:44:03 INF] HTTP GET /Biktal.WebMVC.styles.css responded 304 in 0.7494 ms
[15:44:03 INF] HTTP GET /lib/bootstrap/dist/js/bootstrap.bundle.min.js responded 304 in 3.2576 ms
[15:44:03 INF] HTTP GET /js/site.js responded 304 in 1.0850 ms
[15:44:06 INF] HTTP POST /Crm/DeactivateCustomer responded 302 in 28.7252 ms
[15:44:06 INF] HTTP GET /Crm/Customers responded 200 in 3.0109 ms
[15:44:06 INF] HTTP GET /lib/bootstrap/dist/css/bootstrap.min.css responded 304 in 0.7021 ms
[15:44:06 INF] HTTP GET /css/site.css responded 304 in 0.9164 ms
[15:44:06 INF] HTTP GET /Biktal.WebMVC.styles.css responded 304 in 0.8181 ms
[15:44:06 INF] HTTP GET /lib/jquery/dist/jquery.min.js responded 304 in 0.3540 ms
[15:44:06 INF] HTTP GET /lib/bootstrap/dist/js/bootstrap.bundle.min.js responded 304 in 0.3950 ms
[15:44:06 INF] HTTP GET /js/site.js responded 304 in 0.5289 ms
[15:44:09 INF] HTTP GET /Installments responded 200 in 11.3849 ms
[15:44:09 INF] HTTP GET /lib/bootstrap/dist/css/bootstrap.min.css responded 200 in 15.0869 ms
[15:44:09 INF] HTTP GET /Biktal.WebMVC.styles.css responded 304 in 1.0653 ms
[15:44:09 INF] HTTP GET /css/site.css responded 304 in 0.5236 ms
[15:44:09 INF] HTTP GET /js/site.js responded 304 in 0.8053 ms
[15:44:09 INF] HTTP GET /lib/bootstrap/dist/js/bootstrap.bundle.min.js responded 304 in 0.6608 ms
[15:44:09 INF] HTTP GET /lib/jquery/dist/jquery.min.js responded 304 in 1.6470 ms
[15:44:14 INF] HTTP GET /Installments responded 200 in 92.9042 ms
[15:44:14 INF] HTTP GET /lib/bootstrap/dist/css/bootstrap.min.css responded 304 in 5.3951 ms
[15:44:14 INF] HTTP GET /css/site.css responded 304 in 0.9278 ms
[15:44:14 INF] HTTP GET /Biktal.WebMVC.styles.css responded 304 in 0.4256 ms
[15:44:14 INF] HTTP GET /lib/jquery/dist/jquery.min.js responded 304 in 0.3440 ms
[15:44:14 INF] HTTP GET /lib/bootstrap/dist/js/bootstrap.bundle.min.js responded 304 in 0.3353 ms
[15:44:14 INF] HTTP GET /js/site.js responded 304 in 0.9544 ms
[15:44:15 INF] HTTP GET /favicon.ico responded 200 in 1.9620 ms
[15:44:20 INF] HTTP GET /Crm/Customers responded 200 in 7.1930 ms
[15:44:20 INF] HTTP GET /lib/bootstrap/dist/css/bootstrap.min.css responded 200 in 1.2084 ms
[15:44:20 INF] HTTP GET /css/site.css responded 304 in 0.4275 ms
[15:44:20 INF] HTTP GET /Biktal.WebMVC.styles.css responded 304 in 0.7147 ms
[15:44:20 INF] HTTP GET /lib/jquery/dist/jquery.min.js responded 304 in 0.4343 ms
[15:44:20 INF] HTTP GET /lib/bootstrap/dist/js/bootstrap.bundle.min.js responded 304 in 0.3858 ms
[15:44:20 INF] HTTP GET /js/site.js responded 304 in 4.6439 ms
[15:44:24 INF] HTTP GET /Crm/Customer/019f22d7-cdc4-7e0d-9e9c-c3d3bb7c4fe4 responded 200 in 16.3548 ms
[15:44:24 INF] HTTP GET /lib/bootstrap/dist/css/bootstrap.min.css responded 200 in 3.1047 ms
[15:44:24 INF] HTTP GET /Biktal.WebMVC.styles.css responded 304 in 0.6454 ms
[15:44:24 INF] HTTP GET /css/site.css responded 304 in 0.3355 ms
[15:44:24 INF] HTTP GET /lib/jquery/dist/jquery.min.js responded 304 in 0.4319 ms
[15:44:24 INF] HTTP GET /lib/bootstrap/dist/js/bootstrap.bundle.min.js responded 304 in 1.6133 ms
[15:44:24 INF] HTTP GET /js/site.js responded 304 in 0.3414 ms
[15:44:24 INF] HTTP GET /lib/jquery-validation/dist/jquery.validate.min.js responded 304 in 0.3814 ms
[15:44:24 INF] HTTP GET /lib/jquery-validation-unobtrusive/dist/jquery.validate.unobtrusive.min.js responded 304 in 0.5345 ms
[15:44:29 INF] HTTP POST /Crm/ReactivateCustomer responded 302 in 25.1736 ms
[15:44:29 INF] HTTP GET /Crm/Customers responded 200 in 5.6339 ms
[15:44:29 INF] HTTP GET /lib/bootstrap/dist/css/bootstrap.min.css responded 304 in 0.5652 ms
[15:44:29 INF] HTTP GET /css/site.css responded 304 in 0.7197 ms
[15:44:29 INF] HTTP GET /Biktal.WebMVC.styles.css responded 304 in 1.7436 ms
[15:44:29 INF] HTTP GET /lib/jquery/dist/jquery.min.js responded 304 in 1.4893 ms
[15:44:29 INF] HTTP GET /lib/bootstrap/dist/js/bootstrap.bundle.min.js responded 304 in 0.3451 ms
[15:44:29 INF] HTTP GET /js/site.js responded 304 in 0.2907 ms
[15:44:42 INF] HTTP GET /Installments responded 200 in 8.8628 ms
[15:44:42 INF] HTTP GET /lib/bootstrap/dist/css/bootstrap.min.css responded 200 in 2.4847 ms
[15:44:42 INF] HTTP GET /css/site.css responded 304 in 0.4934 ms
[15:44:42 INF] HTTP GET /Biktal.WebMVC.styles.css responded 304 in 0.3874 ms
[15:44:42 INF] HTTP GET /lib/jquery/dist/jquery.min.js responded 304 in 2.0073 ms
[15:44:42 INF] HTTP GET /lib/bootstrap/dist/js/bootstrap.bundle.min.js responded 304 in 0.4705 ms
[15:44:42 INF] HTTP GET /js/site.js responded 304 in 0.9371 ms
[15:45:19 INF] HTTP GET /Installments/Detail/5791ecca-62f8-435c-824c-4d6d9df06577 responded 200 in 18.1990 ms
[15:45:19 INF] HTTP GET /lib/bootstrap/dist/css/bootstrap.min.css responded 200 in 2.8746 ms
[15:45:19 INF] HTTP GET /Biktal.WebMVC.styles.css responded 304 in 0.3281 ms
[15:45:19 INF] HTTP GET /css/site.css responded 304 in 0.5155 ms
[15:45:19 INF] HTTP GET /lib/bootstrap/dist/js/bootstrap.bundle.min.js responded 304 in 0.5415 ms
[15:45:19 INF] HTTP GET /lib/jquery/dist/jquery.min.js responded 304 in 0.3735 ms
[15:45:19 INF] HTTP GET /lib/jquery-validation/dist/jquery.validate.min.js responded 304 in 0.4047 ms
[15:45:19 INF] HTTP GET /js/site.js responded 304 in 0.4546 ms
[15:45:19 INF] HTTP GET /lib/jquery-validation-unobtrusive/dist/jquery.validate.unobtrusive.min.js responded 304 in 1.1266 ms
[15:45:32 INF] HTTP GET /Crm/Customers responded 200 in 11.3874 ms
[15:45:33 INF] HTTP GET /lib/bootstrap/dist/css/bootstrap.min.css responded 200 in 1.5210 ms
[15:45:33 INF] HTTP GET /css/site.css responded 200 in 1.8171 ms
[15:45:33 INF] HTTP GET /Biktal.WebMVC.styles.css responded 200 in 0.9125 ms
[15:45:33 INF] HTTP GET /lib/jquery/dist/jquery.min.js responded 200 in 1.8265 ms
[15:45:33 INF] HTTP GET /lib/bootstrap/dist/js/bootstrap.bundle.min.js responded 200 in 2.8702 ms
[15:45:33 INF] HTTP GET /js/site.js responded 200 in 0.7545 ms
[15:45:33 INF] HTTP GET /Crm/NewCustomer responded 200 in 2.1588 ms
[15:45:33 INF] HTTP GET /lib/bootstrap/dist/css/bootstrap.min.css responded 304 in 2.4963 ms
[15:45:33 INF] HTTP GET /css/site.css responded 304 in 0.9780 ms
[15:45:33 INF] HTTP GET /Biktal.WebMVC.styles.css responded 304 in 0.5083 ms
[15:45:33 INF] HTTP GET /lib/jquery/dist/jquery.min.js responded 304 in 0.3721 ms
[15:45:33 INF] HTTP GET /js/site.js responded 304 in 0.3916 ms
[15:45:33 INF] HTTP GET /lib/bootstrap/dist/js/bootstrap.bundle.min.js responded 304 in 2.4075 ms
[15:45:33 INF] HTTP GET /lib/jquery-validation/dist/jquery.validate.min.js responded 200 in 5.5862 ms
[15:45:33 INF] HTTP GET /lib/jquery-validation-unobtrusive/dist/jquery.validate.unobtrusive.min.js responded 200 in 1.4331 ms
[15:45:34 INF] HTTP GET /Crm/Customers responded 200 in 4.1243 ms
[15:45:34 INF] HTTP GET /css/site.css responded 304 in 0.5547 ms
[15:45:34 INF] HTTP GET /lib/bootstrap/dist/css/bootstrap.min.css responded 304 in 0.3809 ms
[15:45:34 INF] HTTP GET /Biktal.WebMVC.styles.css responded 304 in 0.4306 ms
[15:45:34 INF] HTTP GET /lib/jquery/dist/jquery.min.js responded 304 in 0.5617 ms
[15:45:34 INF] HTTP GET /lib/bootstrap/dist/js/bootstrap.bundle.min.js responded 304 in 0.8200 ms
[15:45:34 INF] HTTP GET /js/site.js responded 304 in 0.3360 ms
[15:45:35 INF] HTTP GET /Crm/Campaigns responded 200 in 70.0589 ms
[15:45:35 INF] HTTP GET /lib/bootstrap/dist/css/bootstrap.min.css responded 304 in 0.5865 ms
[15:45:35 INF] HTTP GET /css/site.css responded 304 in 0.9468 ms
[15:45:35 INF] HTTP GET /Biktal.WebMVC.styles.css responded 304 in 0.5344 ms
[15:45:35 INF] HTTP GET /lib/jquery/dist/jquery.min.js responded 304 in 1.1877 ms
[15:45:35 INF] HTTP GET /js/site.js responded 304 in 0.5182 ms
[15:45:35 INF] HTTP GET /lib/bootstrap/dist/js/bootstrap.bundle.min.js responded 304 in 3.3681 ms
[15:45:35 INF] HTTP GET /lib/jquery-validation/dist/jquery.validate.min.js responded 304 in 0.4720 ms
[15:45:35 INF] HTTP GET /lib/jquery-validation-unobtrusive/dist/jquery.validate.unobtrusive.min.js responded 304 in 0.5090 ms
[15:45:36 INF] HTTP GET /Installments responded 200 in 6.2629 ms
[15:45:36 INF] HTTP GET /lib/bootstrap/dist/css/bootstrap.min.css responded 304 in 1.8186 ms
[15:45:36 INF] HTTP GET /css/site.css responded 304 in 0.4589 ms
[15:45:36 INF] HTTP GET /lib/jquery/dist/jquery.min.js responded 304 in 0.3712 ms
[15:45:36 INF] HTTP GET /Biktal.WebMVC.styles.css responded 304 in 1.4474 ms
[15:45:36 INF] HTTP GET /js/site.js responded 304 in 1.2994 ms
[15:45:36 INF] HTTP GET /lib/bootstrap/dist/js/bootstrap.bundle.min.js responded 304 in 1.1922 ms
[15:45:38 INF] HTTP GET /Installments/Detail/02fbf426-af7b-4fe4-8149-bd9143491c02 responded 200 in 9.7874 ms
[15:45:38 INF] HTTP GET /lib/bootstrap/dist/css/bootstrap.min.css responded 304 in 1.6522 ms
[15:45:38 INF] HTTP GET /Biktal.WebMVC.styles.css responded 304 in 0.4528 ms
[15:45:38 INF] HTTP GET /css/site.css responded 304 in 1.3881 ms
[15:45:38 INF] HTTP GET /lib/jquery/dist/jquery.min.js responded 304 in 0.5349 ms
[15:45:38 INF] HTTP GET /js/site.js responded 304 in 0.3641 ms
[15:45:38 INF] HTTP GET /lib/bootstrap/dist/js/bootstrap.bundle.min.js responded 304 in 1.5983 ms
[15:45:38 INF] HTTP GET /lib/jquery-validation/dist/jquery.validate.min.js responded 304 in 3.2910 ms
[15:45:38 INF] HTTP GET /lib/jquery-validation-unobtrusive/dist/jquery.validate.unobtrusive.min.js responded 304 in 1.5961 ms
[15:45:55 ERR] HTTP POST /Installments/RecordPayment responded 500 in 185.3567 ms
Microsoft.EntityFrameworkCore.DbUpdateConcurrencyException: The database operation was expected to affect 1 row(s), but actually affected 0 row(s); data may have been modified or deleted since entities were loaded. See https://go.microsoft.com/fwlink/?LinkId=527962 for information on understanding and handling optimistic concurrency exceptions.
   at Npgsql.EntityFrameworkCore.PostgreSQL.Update.Internal.NpgsqlModificationCommandBatch.ThrowAggregateUpdateConcurrencyExceptionAsync(RelationalDataReader reader, Int32 commandIndex, Int32 expectedRowsAffected, Int32 rowsAffected, CancellationToken cancellationToken)
   at Npgsql.EntityFrameworkCore.PostgreSQL.Update.Internal.NpgsqlModificationCommandBatch.Consume(RelationalDataReader reader, Boolean async, CancellationToken cancellationToken)
   at Microsoft.EntityFrameworkCore.Update.ReaderModificationCommandBatch.ExecuteAsync(IRelationalConnection connection, CancellationToken cancellationToken)
   at Microsoft.EntityFrameworkCore.Update.ReaderModificationCommandBatch.ExecuteAsync(IRelationalConnection connection, CancellationToken cancellationToken)
   at Microsoft.EntityFrameworkCore.Update.Internal.BatchExecutor.ExecuteAsync(IEnumerable`1 commandBatches, IRelationalConnection connection, CancellationToken cancellationToken)
   at Microsoft.EntityFrameworkCore.Update.Internal.BatchExecutor.ExecuteAsync(IEnumerable`1 commandBatches, IRelationalConnection connection, CancellationToken cancellationToken)
   at Microsoft.EntityFrameworkCore.Update.Internal.BatchExecutor.ExecuteAsync(IEnumerable`1 commandBatches, IRelationalConnection connection, CancellationToken cancellationToken)
   at Microsoft.EntityFrameworkCore.Storage.RelationalDatabase.SaveChangesAsync(IList`1 entries, CancellationToken cancellationToken)
   at Microsoft.EntityFrameworkCore.ChangeTracking.Internal.StateManager.SaveChangesAsync(IList`1 entriesToSave, CancellationToken cancellationToken)
   at Microsoft.EntityFrameworkCore.ChangeTracking.Internal.StateManager.SaveChangesAsync(StateManager stateManager, Boolean acceptAllChangesOnSuccess, CancellationToken cancellationToken)
   at Npgsql.EntityFrameworkCore.PostgreSQL.Storage.Internal.NpgsqlExecutionStrategy.ExecuteAsync[TState,TResult](TState state, Func`4 operation, Func`4 verifySucceeded, CancellationToken cancellationToken)
   at Microsoft.EntityFrameworkCore.DbContext.SaveChangesAsync(Boolean acceptAllChangesOnSuccess, CancellationToken cancellationToken)
   at Biktal.Infrastructure.Finance.InstallmentPlanService.RecordPaymentAsync(RecordInstallmentPaymentCommand command, CancellationToken cancellationToken)
   at Biktal.Infrastructure.Finance.InstallmentPlanService.RecordPaymentAsync(RecordInstallmentPaymentCommand command, CancellationToken cancellationToken)
   at Biktal.Infrastructure.Finance.InstallmentPlanService.RecordPaymentAsync(RecordInstallmentPaymentCommand command, CancellationToken cancellationToken)
   at Biktal.WebMVC.Controllers.InstallmentsController.RecordPayment(RecordInstallmentPaymentFormModel model, CancellationToken cancellationToken) in d:\Systems\BiktalSystems\Controllers\InstallmentsController.cs:line 202
   at Microsoft.AspNetCore.Mvc.Infrastructure.ActionMethodExecutor.TaskOfIActionResultExecutor.Execute(ActionContext actionContext, IActionResultTypeMapper mapper, ObjectMethodExecutor executor, Object controller, Object[] arguments)
   at Microsoft.AspNetCore.Mvc.Infrastructure.ControllerActionInvoker.<InvokeActionMethodAsync>g__Awaited|12_0(ControllerActionInvoker invoker, ValueTask`1 actionResultValueTask)
   at Microsoft.AspNetCore.Mvc.Infrastructure.ControllerActionInvoker.<InvokeNextActionFilterAsync>g__Awaited|10_0(ControllerActionInvoker invoker, Task lastTask, State next, Scope scope, Object state, Boolean isCompleted)
   at Microsoft.AspNetCore.Mvc.Infrastructure.ControllerActionInvoker.Rethrow(ActionExecutedContextSealed context)
   at Microsoft.AspNetCore.Mvc.Infrastructure.ControllerActionInvoker.Next(State& next, Scope& scope, Object& state, Boolean& isCompleted)
   at Microsoft.AspNetCore.Mvc.Infrastructure.ControllerActionInvoker.<InvokeInnerFilterAsync>g__Awaited|13_0(ControllerActionInvoker invoker, Task lastTask, State next, Scope scope, Object state, Boolean isCompleted)
   at Microsoft.AspNetCore.Mvc.Infrastructure.ResourceInvoker.<InvokeNextResourceFilter>g__Awaited|25_0(ResourceInvoker invoker, Task lastTask, State next, Scope scope, Object state, Boolean isCompleted)
   at Microsoft.AspNetCore.Mvc.Infrastructure.ResourceInvoker.Rethrow(ResourceExecutedContextSealed context)
   at Microsoft.AspNetCore.Mvc.Infrastructure.ResourceInvoker.Next(State& next, Scope& scope, Object& state, Boolean& isCompleted)
   at Microsoft.AspNetCore.Mvc.Infrastructure.ResourceInvoker.<InvokeFilterPipelineAsync>g__Awaited|20_0(ResourceInvoker invoker, Task lastTask, State next, Scope scope, Object state, Boolean isCompleted)
   at Microsoft.AspNetCore.Mvc.Infrastructure.ResourceInvoker.<InvokeAsync>g__Awaited|17_0(ResourceInvoker invoker, Task task, IDisposable scope)
   at Microsoft.AspNetCore.Mvc.Infrastructure.ResourceInvoker.<InvokeAsync>g__Awaited|17_0(ResourceInvoker invoker, Task task, IDisposable scope)
   at Microsoft.AspNetCore.Authorization.AuthorizationMiddleware.Invoke(HttpContext context)
   at Microsoft.AspNetCore.Authentication.AuthenticationMiddleware.Invoke(HttpContext context)
   at Serilog.AspNetCore.RequestLoggingMiddleware.Invoke(HttpContext httpContext)
[15:45:55 ERR] An unhandled exception has occurred while executing the request.
Microsoft.EntityFrameworkCore.DbUpdateConcurrencyException: The database operation was expected to affect 1 row(s), but actually affected 0 row(s); data may have been modified or deleted since entities were loaded. See https://go.microsoft.com/fwlink/?LinkId=527962 for information on understanding and handling optimistic concurrency exceptions.
   at Npgsql.EntityFrameworkCore.PostgreSQL.Update.Internal.NpgsqlModificationCommandBatch.ThrowAggregateUpdateConcurrencyExceptionAsync(RelationalDataReader reader, Int32 commandIndex, Int32 expectedRowsAffected, Int32 rowsAffected, CancellationToken cancellationToken)
   at Npgsql.EntityFrameworkCore.PostgreSQL.Update.Internal.NpgsqlModificationCommandBatch.Consume(RelationalDataReader reader, Boolean async, CancellationToken cancellationToken)
   at Microsoft.EntityFrameworkCore.Update.ReaderModificationCommandBatch.ExecuteAsync(IRelationalConnection connection, CancellationToken cancellationToken)
   at Microsoft.EntityFrameworkCore.Update.ReaderModificationCommandBatch.ExecuteAsync(IRelationalConnection connection, CancellationToken cancellationToken)
   at Microsoft.EntityFrameworkCore.Update.Internal.BatchExecutor.ExecuteAsync(IEnumerable`1 commandBatches, IRelationalConnection connection, CancellationToken cancellationToken)
   at Microsoft.EntityFrameworkCore.Update.Internal.BatchExecutor.ExecuteAsync(IEnumerable`1 commandBatches, IRelationalConnection connection, CancellationToken cancellationToken)
   at Microsoft.EntityFrameworkCore.Update.Internal.BatchExecutor.ExecuteAsync(IEnumerable`1 commandBatches, IRelationalConnection connection, CancellationToken cancellationToken)
   at Microsoft.EntityFrameworkCore.Storage.RelationalDatabase.SaveChangesAsync(IList`1 entries, CancellationToken cancellationToken)
   at Microsoft.EntityFrameworkCore.ChangeTracking.Internal.StateManager.SaveChangesAsync(IList`1 entriesToSave, CancellationToken cancellationToken)
   at Microsoft.EntityFrameworkCore.ChangeTracking.Internal.StateManager.SaveChangesAsync(StateManager stateManager, Boolean acceptAllChangesOnSuccess, CancellationToken cancellationToken)
   at Npgsql.EntityFrameworkCore.PostgreSQL.Storage.Internal.NpgsqlExecutionStrategy.ExecuteAsync[TState,TResult](TState state, Func`4 operation, Func`4 verifySucceeded, CancellationToken cancellationToken)
   at Microsoft.EntityFrameworkCore.DbContext.SaveChangesAsync(Boolean acceptAllChangesOnSuccess, CancellationToken cancellationToken)
   at Biktal.Infrastructure.Finance.InstallmentPlanService.RecordPaymentAsync(RecordInstallmentPaymentCommand command, CancellationToken cancellationToken)
   at Biktal.Infrastructure.Finance.InstallmentPlanService.RecordPaymentAsync(RecordInstallmentPaymentCommand command, CancellationToken cancellationToken)
   at Biktal.Infrastructure.Finance.InstallmentPlanService.RecordPaymentAsync(RecordInstallmentPaymentCommand command, CancellationToken cancellationToken)
   at Biktal.WebMVC.Controllers.InstallmentsController.RecordPayment(RecordInstallmentPaymentFormModel model, CancellationToken cancellationToken) in d:\Systems\BiktalSystems\Controllers\InstallmentsController.cs:line 202
   at Microsoft.AspNetCore.Mvc.Infrastructure.ActionMethodExecutor.TaskOfIActionResultExecutor.Execute(ActionContext actionContext, IActionResultTypeMapper mapper, ObjectMethodExecutor executor, Object controller, Object[] arguments)
   at Microsoft.AspNetCore.Mvc.Infrastructure.ControllerActionInvoker.<InvokeActionMethodAsync>g__Awaited|12_0(ControllerActionInvoker invoker, ValueTask`1 actionResultValueTask)
   at Microsoft.AspNetCore.Mvc.Infrastructure.ControllerActionInvoker.<InvokeNextActionFilterAsync>g__Awaited|10_0(ControllerActionInvoker invoker, Task lastTask, State next, Scope scope, Object state, Boolean isCompleted)
   at Microsoft.AspNetCore.Mvc.Infrastructure.ControllerActionInvoker.Rethrow(ActionExecutedContextSealed context)
   at Microsoft.AspNetCore.Mvc.Infrastructure.ControllerActionInvoker.Next(State& next, Scope& scope, Object& state, Boolean& isCompleted)
   at Microsoft.AspNetCore.Mvc.Infrastructure.ControllerActionInvoker.<InvokeInnerFilterAsync>g__Awaited|13_0(ControllerActionInvoker invoker, Task lastTask, State next, Scope scope, Object state, Boolean isCompleted)
   at Microsoft.AspNetCore.Mvc.Infrastructure.ResourceInvoker.<InvokeNextResourceFilter>g__Awaited|25_0(ResourceInvoker invoker, Task lastTask, State next, Scope scope, Object state, Boolean isCompleted)
   at Microsoft.AspNetCore.Mvc.Infrastructure.ResourceInvoker.Rethrow(ResourceExecutedContextSealed context)
   at Microsoft.AspNetCore.Mvc.Infrastructure.ResourceInvoker.Next(State& next, Scope& scope, Object& state, Boolean& isCompleted)
   at Microsoft.AspNetCore.Mvc.Infrastructure.ResourceInvoker.<InvokeFilterPipelineAsync>g__Awaited|20_0(ResourceInvoker invoker, Task lastTask, State next, Scope scope, Object state, Boolean isCompleted)
   at Microsoft.AspNetCore.Mvc.Infrastructure.ResourceInvoker.<InvokeAsync>g__Awaited|17_0(ResourceInvoker invoker, Task task, IDisposable scope)
   at Microsoft.AspNetCore.Mvc.Infrastructure.ResourceInvoker.<InvokeAsync>g__Awaited|17_0(ResourceInvoker invoker, Task task, IDisposable scope)
   at Microsoft.AspNetCore.Authorization.AuthorizationMiddleware.Invoke(HttpContext context)
   at Microsoft.AspNetCore.Authentication.AuthenticationMiddleware.Invoke(HttpContext context)
   at Serilog.AspNetCore.RequestLoggingMiddleware.Invoke(HttpContext httpContext)
   at Microsoft.AspNetCore.Diagnostics.ExceptionHandlerMiddlewareImpl.<Invoke>g__Awaited|10_0(ExceptionHandlerMiddlewareImpl middleware, HttpContext context, Task task)
[15:45:55 ERR] HTTP POST /Home/Error responded 500 in 10.7996 ms
[15:45:55 INF] HTTP GET /lib/bootstrap/dist/css/bootstrap.min.css responded 200 in 7.1634 ms
[15:45:55 INF] HTTP GET /css/site.css responded 304 in 0.3805 ms
[15:45:55 INF] HTTP GET /lib/jquery/dist/jquery.min.js responded 304 in 1.5623 ms
[15:45:55 INF] HTTP GET /Biktal.WebMVC.styles.css responded 304 in 0.7493 ms
[15:45:55 INF] HTTP GET /js/site.js responded 304 in 0.8420 ms
[15:45:55 INF] HTTP GET /lib/bootstrap/dist/js/bootstrap.bundle.min.js responded 304 in 1.6838 ms
[15:46:07 ERR] HTTP POST /Installments/RecordPayment responded 500 in 27.7610 ms
Microsoft.EntityFrameworkCore.DbUpdateConcurrencyException: The database operation was expected to affect 1 row(s), but actually affected 0 row(s); data may have been modified or deleted since entities were loaded. See https://go.microsoft.com/fwlink/?LinkId=527962 for information on understanding and handling optimistic concurrency exceptions.
   at Npgsql.EntityFrameworkCore.PostgreSQL.Update.Internal.NpgsqlModificationCommandBatch.ThrowAggregateUpdateConcurrencyExceptionAsync(RelationalDataReader reader, Int32 commandIndex, Int32 expectedRowsAffected, Int32 rowsAffected, CancellationToken cancellationToken)
   at Npgsql.EntityFrameworkCore.PostgreSQL.Update.Internal.NpgsqlModificationCommandBatch.Consume(RelationalDataReader reader, Boolean async, CancellationToken cancellationToken)
   at Microsoft.EntityFrameworkCore.Update.ReaderModificationCommandBatch.ExecuteAsync(IRelationalConnection connection, CancellationToken cancellationToken)
   at Microsoft.EntityFrameworkCore.Update.ReaderModificationCommandBatch.ExecuteAsync(IRelationalConnection connection, CancellationToken cancellationToken)
   at Microsoft.EntityFrameworkCore.Update.Internal.BatchExecutor.ExecuteAsync(IEnumerable`1 commandBatches, IRelationalConnection connection, CancellationToken cancellationToken)
   at Microsoft.EntityFrameworkCore.Update.Internal.BatchExecutor.ExecuteAsync(IEnumerable`1 commandBatches, IRelationalConnection connection, CancellationToken cancellationToken)
   at Microsoft.EntityFrameworkCore.Update.Internal.BatchExecutor.ExecuteAsync(IEnumerable`1 commandBatches, IRelationalConnection connection, CancellationToken cancellationToken)
   at Microsoft.EntityFrameworkCore.Storage.RelationalDatabase.SaveChangesAsync(IList`1 entries, CancellationToken cancellationToken)
   at Microsoft.EntityFrameworkCore.ChangeTracking.Internal.StateManager.SaveChangesAsync(IList`1 entriesToSave, CancellationToken cancellationToken)
   at Microsoft.EntityFrameworkCore.ChangeTracking.Internal.StateManager.SaveChangesAsync(StateManager stateManager, Boolean acceptAllChangesOnSuccess, CancellationToken cancellationToken)
   at Npgsql.EntityFrameworkCore.PostgreSQL.Storage.Internal.NpgsqlExecutionStrategy.ExecuteAsync[TState,TResult](TState state, Func`4 operation, Func`4 verifySucceeded, CancellationToken cancellationToken)
   at Microsoft.EntityFrameworkCore.DbContext.SaveChangesAsync(Boolean acceptAllChangesOnSuccess, CancellationToken cancellationToken)
   at Biktal.Infrastructure.Finance.InstallmentPlanService.RecordPaymentAsync(RecordInstallmentPaymentCommand command, CancellationToken cancellationToken)
   at Biktal.Infrastructure.Finance.InstallmentPlanService.RecordPaymentAsync(RecordInstallmentPaymentCommand command, CancellationToken cancellationToken)
   at Biktal.Infrastructure.Finance.InstallmentPlanService.RecordPaymentAsync(RecordInstallmentPaymentCommand command, CancellationToken cancellationToken)
   at Biktal.WebMVC.Controllers.InstallmentsController.RecordPayment(RecordInstallmentPaymentFormModel model, CancellationToken cancellationToken) in d:\Systems\BiktalSystems\Controllers\InstallmentsController.cs:line 202
   at Microsoft.AspNetCore.Mvc.Infrastructure.ActionMethodExecutor.TaskOfIActionResultExecutor.Execute(ActionContext actionContext, IActionResultTypeMapper mapper, ObjectMethodExecutor executor, Object controller, Object[] arguments)
   at Microsoft.AspNetCore.Mvc.Infrastructure.ControllerActionInvoker.<InvokeActionMethodAsync>g__Awaited|12_0(ControllerActionInvoker invoker, ValueTask`1 actionResultValueTask)
   at Microsoft.AspNetCore.Mvc.Infrastructure.ControllerActionInvoker.<InvokeNextActionFilterAsync>g__Awaited|10_0(ControllerActionInvoker invoker, Task lastTask, State next, Scope scope, Object state, Boolean isCompleted)
   at Microsoft.AspNetCore.Mvc.Infrastructure.ControllerActionInvoker.Rethrow(ActionExecutedContextSealed context)
   at Microsoft.AspNetCore.Mvc.Infrastructure.ControllerActionInvoker.Next(State& next, Scope& scope, Object& state, Boolean& isCompleted)
   at Microsoft.AspNetCore.Mvc.Infrastructure.ControllerActionInvoker.<InvokeInnerFilterAsync>g__Awaited|13_0(ControllerActionInvoker invoker, Task lastTask, State next, Scope scope, Object state, Boolean isCompleted)
   at Microsoft.AspNetCore.Mvc.Infrastructure.ResourceInvoker.<InvokeNextResourceFilter>g__Awaited|25_0(ResourceInvoker invoker, Task lastTask, State next, Scope scope, Object state, Boolean isCompleted)
   at Microsoft.AspNetCore.Mvc.Infrastructure.ResourceInvoker.Rethrow(ResourceExecutedContextSealed context)
   at Microsoft.AspNetCore.Mvc.Infrastructure.ResourceInvoker.Next(State& next, Scope& scope, Object& state, Boolean& isCompleted)
   at Microsoft.AspNetCore.Mvc.Infrastructure.ResourceInvoker.<InvokeFilterPipelineAsync>g__Awaited|20_0(ResourceInvoker invoker, Task lastTask, State next, Scope scope, Object state, Boolean isCompleted)
   at Microsoft.AspNetCore.Mvc.Infrastructure.ResourceInvoker.<InvokeAsync>g__Awaited|17_0(ResourceInvoker invoker, Task task, IDisposable scope)
   at Microsoft.AspNetCore.Mvc.Infrastructure.ResourceInvoker.<InvokeAsync>g__Awaited|17_0(ResourceInvoker invoker, Task task, IDisposable scope)
   at Microsoft.AspNetCore.Authorization.AuthorizationMiddleware.Invoke(HttpContext context)
   at Microsoft.AspNetCore.Authentication.AuthenticationMiddleware.Invoke(HttpContext context)
   at Serilog.AspNetCore.RequestLoggingMiddleware.Invoke(HttpContext httpContext)
[15:46:07 ERR] An unhandled exception has occurred while executing the request.
Microsoft.EntityFrameworkCore.DbUpdateConcurrencyException: The database operation was expected to affect 1 row(s), but actually affected 0 row(s); data may have been modified or deleted since entities were loaded. See https://go.microsoft.com/fwlink/?LinkId=527962 for information on understanding and handling optimistic concurrency exceptions.
   at Npgsql.EntityFrameworkCore.PostgreSQL.Update.Internal.NpgsqlModificationCommandBatch.ThrowAggregateUpdateConcurrencyExceptionAsync(RelationalDataReader reader, Int32 commandIndex, Int32 expectedRowsAffected, Int32 rowsAffected, CancellationToken cancellationToken)
   at Npgsql.EntityFrameworkCore.PostgreSQL.Update.Internal.NpgsqlModificationCommandBatch.Consume(RelationalDataReader reader, Boolean async, CancellationToken cancellationToken)
   at Microsoft.EntityFrameworkCore.Update.ReaderModificationCommandBatch.ExecuteAsync(IRelationalConnection connection, CancellationToken cancellationToken)
   at Microsoft.EntityFrameworkCore.Update.ReaderModificationCommandBatch.ExecuteAsync(IRelationalConnection connection, CancellationToken cancellationToken)
   at Microsoft.EntityFrameworkCore.Update.Internal.BatchExecutor.ExecuteAsync(IEnumerable`1 commandBatches, IRelationalConnection connection, CancellationToken cancellationToken)
   at Microsoft.EntityFrameworkCore.Update.Internal.BatchExecutor.ExecuteAsync(IEnumerable`1 commandBatches, IRelationalConnection connection, CancellationToken cancellationToken)
   at Microsoft.EntityFrameworkCore.Update.Internal.BatchExecutor.ExecuteAsync(IEnumerable`1 commandBatches, IRelationalConnection connection, CancellationToken cancellationToken)
   at Microsoft.EntityFrameworkCore.Storage.RelationalDatabase.SaveChangesAsync(IList`1 entries, CancellationToken cancellationToken)
   at Microsoft.EntityFrameworkCore.ChangeTracking.Internal.StateManager.SaveChangesAsync(IList`1 entriesToSave, CancellationToken cancellationToken)
   at Microsoft.EntityFrameworkCore.ChangeTracking.Internal.StateManager.SaveChangesAsync(StateManager stateManager, Boolean acceptAllChangesOnSuccess, CancellationToken cancellationToken)
   at Npgsql.EntityFrameworkCore.PostgreSQL.Storage.Internal.NpgsqlExecutionStrategy.ExecuteAsync[TState,TResult](TState state, Func`4 operation, Func`4 verifySucceeded, CancellationToken cancellationToken)
   at Microsoft.EntityFrameworkCore.DbContext.SaveChangesAsync(Boolean acceptAllChangesOnSuccess, CancellationToken cancellationToken)
   at Biktal.Infrastructure.Finance.InstallmentPlanService.RecordPaymentAsync(RecordInstallmentPaymentCommand command, CancellationToken cancellationToken)
   at Biktal.Infrastructure.Finance.InstallmentPlanService.RecordPaymentAsync(RecordInstallmentPaymentCommand command, CancellationToken cancellationToken)
   at Biktal.Infrastructure.Finance.InstallmentPlanService.RecordPaymentAsync(RecordInstallmentPaymentCommand command, CancellationToken cancellationToken)
   at Biktal.WebMVC.Controllers.InstallmentsController.RecordPayment(RecordInstallmentPaymentFormModel model, CancellationToken cancellationToken) in d:\Systems\BiktalSystems\Controllers\InstallmentsController.cs:line 202
   at Microsoft.AspNetCore.Mvc.Infrastructure.ActionMethodExecutor.TaskOfIActionResultExecutor.Execute(ActionContext actionContext, IActionResultTypeMapper mapper, ObjectMethodExecutor executor, Object controller, Object[] arguments)
   at Microsoft.AspNetCore.Mvc.Infrastructure.ControllerActionInvoker.<InvokeActionMethodAsync>g__Awaited|12_0(ControllerActionInvoker invoker, ValueTask`1 actionResultValueTask)
   at Microsoft.AspNetCore.Mvc.Infrastructure.ControllerActionInvoker.<InvokeNextActionFilterAsync>g__Awaited|10_0(ControllerActionInvoker invoker, Task lastTask, State next, Scope scope, Object state, Boolean isCompleted)
   at Microsoft.AspNetCore.Mvc.Infrastructure.ControllerActionInvoker.Rethrow(ActionExecutedContextSealed context)
   at Microsoft.AspNetCore.Mvc.Infrastructure.ControllerActionInvoker.Next(State& next, Scope& scope, Object& state, Boolean& isCompleted)
   at Microsoft.AspNetCore.Mvc.Infrastructure.ControllerActionInvoker.<InvokeInnerFilterAsync>g__Awaited|13_0(ControllerActionInvoker invoker, Task lastTask, State next, Scope scope, Object state, Boolean isCompleted)
   at Microsoft.AspNetCore.Mvc.Infrastructure.ResourceInvoker.<InvokeNextResourceFilter>g__Awaited|25_0(ResourceInvoker invoker, Task lastTask, State next, Scope scope, Object state, Boolean isCompleted)
   at Microsoft.AspNetCore.Mvc.Infrastructure.ResourceInvoker.Rethrow(ResourceExecutedContextSealed context)
   at Microsoft.AspNetCore.Mvc.Infrastructure.ResourceInvoker.Next(State& next, Scope& scope, Object& state, Boolean& isCompleted)
   at Microsoft.AspNetCore.Mvc.Infrastructure.ResourceInvoker.<InvokeFilterPipelineAsync>g__Awaited|20_0(ResourceInvoker invoker, Task lastTask, State next, Scope scope, Object state, Boolean isCompleted)
   at Microsoft.AspNetCore.Mvc.Infrastructure.ResourceInvoker.<InvokeAsync>g__Awaited|17_0(ResourceInvoker invoker, Task task, IDisposable scope)
   at Microsoft.AspNetCore.Mvc.Infrastructure.ResourceInvoker.<InvokeAsync>g__Awaited|17_0(ResourceInvoker invoker, Task task, IDisposable scope)
   at Microsoft.AspNetCore.Authorization.AuthorizationMiddleware.Invoke(HttpContext context)
   at Microsoft.AspNetCore.Authentication.AuthenticationMiddleware.Invoke(HttpContext context)
   at Serilog.AspNetCore.RequestLoggingMiddleware.Invoke(HttpContext httpContext)
   at Microsoft.AspNetCore.Diagnostics.ExceptionHandlerMiddlewareImpl.<Invoke>g__Awaited|10_0(ExceptionHandlerMiddlewareImpl middleware, HttpContext context, Task task)
[15:46:07 ERR] HTTP POST /Home/Error responded 500 in 2.3130 ms
[15:46:07 INF] HTTP GET /lib/bootstrap/dist/css/bootstrap.min.css responded 200 in 2.1102 ms
[15:46:07 INF] HTTP GET /css/site.css responded 304 in 0.7199 ms
[15:46:07 INF] HTTP GET /lib/jquery/dist/jquery.min.js responded 304 in 0.3007 ms
[15:46:07 INF] HTTP GET /Biktal.WebMVC.styles.css responded 304 in 0.9934 ms
[15:46:07 INF] HTTP GET /lib/bootstrap/dist/js/bootstrap.bundle.min.js responded 304 in 0.3930 ms
[15:46:07 INF] HTTP GET /js/site.js responded 304 in 0.4408 ms
[16:07:04 INF] Application is shutting down...
