[19:50:54 WRN] Using an in-memory repository. Keys will not be persisted to storage.
[19:50:54 WRN] Neither user profile nor HKLM registry available. Using an ephemeral key repository. Protected data will be unavailable when application exits.
[19:50:55 WRN] No XML encryptor configured. Key {47e386a8-b7ac-435f-b4cb-a461734bc4f1} may be persisted to storage in unencrypted form.
[19:50:55 INF] Application started. Press Ctrl+C to shut down.
[19:50:55 INF] Hosting environment: Production
[19:50:55 INF] Content root path: D:\Systems\BiktalSystems\publish
[19:50:55 INF] HTTP GET /Crm responded 200 in 388.4570 ms
[19:50:55 INF] HTTP GET /js/site.js responded 200 in 47.9847 ms
[19:50:55 INF] HTTP GET /Biktal.WebMVC.styles.css responded 200 in 7.1886 ms
[19:50:55 INF] HTTP GET /lib/bootstrap/dist/css/bootstrap.min.css responded 200 in 65.4031 ms
[19:50:55 INF] HTTP GET /lib/bootstrap/dist/js/bootstrap.bundle.min.js responded 200 in 61.3782 ms
[19:50:55 INF] HTTP GET /css/site.css responded 200 in 66.4834 ms
[19:50:55 INF] HTTP GET /lib/jquery/dist/jquery.min.js responded 200 in 27.4534 ms
[19:52:24 WRN] The query uses the 'First'/'FirstOrDefault' operator without 'OrderBy' and filter operators. This may lead to unpredictable results.
[19:52:24 ERR] An exception was thrown while deserializing the token.
Microsoft.AspNetCore.Antiforgery.AntiforgeryValidationException: The antiforgery token could not be decrypted.
 ---> System.Security.Cryptography.CryptographicException: The key {cea70709-d175-4066-be14-2eaf405ac197} was not found in the key ring. For more information go to https://aka.ms/aspnet/dataprotectionwarning
   at Microsoft.AspNetCore.DataProtection.KeyManagement.KeyRingBasedDataProtector.UnprotectCore(Byte[] protectedData, Boolean allowOperationsOnRevokedKeys, UnprotectStatus& status)
   at Microsoft.AspNetCore.DataProtection.KeyManagement.KeyRingBasedDataProtector.Unprotect(Byte[] protectedData)
   at Microsoft.AspNetCore.Antiforgery.DefaultAntiforgeryTokenSerializer.Deserialize(String serializedToken)
   --- End of inner exception stack trace ---
   at Microsoft.AspNetCore.Antiforgery.DefaultAntiforgeryTokenSerializer.Deserialize(String serializedToken)
   at Microsoft.AspNetCore.Antiforgery.DefaultAntiforgery.GetCookieTokenDoesNotThrow(HttpContext httpContext)
[19:52:24 INF] HTTP GET / responded 200 in 265.2783 ms
[19:52:24 INF] HTTP GET /Biktal.WebMVC.styles.css responded 200 in 2.8599 ms
[19:52:24 INF] HTTP GET /lib/bootstrap/dist/css/bootstrap.min.css responded 200 in 6.8674 ms
[19:52:24 INF] HTTP GET /css/site.css responded 200 in 7.4812 ms
[19:52:24 INF] HTTP GET /js/site.js responded 200 in 2.4731 ms
[19:52:24 INF] HTTP GET /lib/jquery/dist/jquery.min.js responded 200 in 45.6808 ms
[19:52:24 INF] HTTP GET /js/pos.js responded 200 in 45.9501 ms
[19:52:24 INF] HTTP GET /lib/bootstrap/dist/js/bootstrap.bundle.min.js responded 200 in 216.5143 ms
[20:12:57 INF] Application is shutting down...
