[17:55:48 WRN] Using an in-memory repository. Keys will not be persisted to storage.
[17:55:48 WRN] Neither user profile nor HKLM registry available. Using an ephemeral key repository. Protected data will be unavailable when application exits.
[17:55:48 WRN] No XML encryptor configured. Key {55f7a2c6-d20e-47a3-b4b4-3963ef0df73b} may be persisted to storage in unencrypted form.
[17:55:48 INF] Application started. Press Ctrl+C to shut down.
[17:55:48 INF] Hosting environment: Production
[17:55:48 INF] Content root path: D:\Systems\BiktalSystems\publish
[17:55:49 WRN] The query uses the 'First'/'FirstOrDefault' operator without 'OrderBy' and filter operators. This may lead to unpredictable results.
[17:55:49 ERR] An exception was thrown while deserializing the token.
Microsoft.AspNetCore.Antiforgery.AntiforgeryValidationException: The antiforgery token could not be decrypted.
 ---> System.Security.Cryptography.CryptographicException: The key {aee1b74d-5622-4c2f-86ec-ea29afa92887} was not found in the key ring. For more information go to https://aka.ms/aspnet/dataprotectionwarning
   at Microsoft.AspNetCore.DataProtection.KeyManagement.KeyRingBasedDataProtector.UnprotectCore(Byte[] protectedData, Boolean allowOperationsOnRevokedKeys, UnprotectStatus& status)
   at Microsoft.AspNetCore.DataProtection.KeyManagement.KeyRingBasedDataProtector.Unprotect(Byte[] protectedData)
   at Microsoft.AspNetCore.Antiforgery.DefaultAntiforgeryTokenSerializer.Deserialize(String serializedToken)
   --- End of inner exception stack trace ---
   at Microsoft.AspNetCore.Antiforgery.DefaultAntiforgeryTokenSerializer.Deserialize(String serializedToken)
   at Microsoft.AspNetCore.Antiforgery.DefaultAntiforgery.GetCookieTokenDoesNotThrow(HttpContext httpContext)
[17:55:49 INF] HTTP GET / responded 200 in 663.2199 ms
[17:55:49 INF] HTTP GET /Biktal.WebMVC.styles.css responded 200 in 37.0929 ms
[17:55:49 INF] HTTP GET /lib/bootstrap/dist/css/bootstrap.min.css responded 200 in 50.5963 ms
[17:55:49 INF] HTTP GET /css/site.css responded 200 in 54.5455 ms
[17:55:50 INF] HTTP GET /js/site.js responded 200 in 22.8588 ms
[17:55:50 INF] HTTP GET /lib/bootstrap/dist/js/bootstrap.bundle.min.js responded 200 in 23.7026 ms
[17:55:50 INF] HTTP GET /lib/jquery/dist/jquery.min.js responded 200 in 26.1078 ms
[17:55:50 INF] HTTP GET /js/pos.js responded 200 in 25.1367 ms
[17:57:09 INF] HTTP GET /Inventory/Products responded 200 in 1329.8720 ms
[17:57:09 INF] HTTP GET /lib/bootstrap/dist/css/bootstrap.min.css responded 200 in 6.1927 ms
[17:57:09 INF] HTTP GET /Biktal.WebMVC.styles.css responded 200 in 6.9511 ms
[17:57:09 INF] HTTP GET /css/site.css responded 200 in 10.7345 ms
[17:57:10 INF] HTTP GET /lib/jquery/dist/jquery.min.js responded 200 in 23.2836 ms
[17:57:10 INF] HTTP GET /lib/jquery-validation/dist/jquery.validate.min.js responded 200 in 1.8890 ms
[17:57:10 INF] HTTP GET /lib/jquery-validation-unobtrusive/dist/jquery.validate.unobtrusive.min.js responded 200 in 1.3837 ms
[17:57:10 INF] HTTP GET /js/products-catalog-filter.js responded 200 in 11.9391 ms
[17:57:10 INF] HTTP GET /js/site.js responded 200 in 25.0744 ms
[17:57:10 INF] HTTP GET /lib/bootstrap/dist/js/bootstrap.bundle.min.js responded 200 in 123.1380 ms
[17:58:09 INF] HTTP POST /Inventory/AddProduct responded 302 in 428.7005 ms
[17:58:09 INF] HTTP GET /Inventory/Products responded 200 in 217.7246 ms
[17:58:09 INF] HTTP GET /css/site.css responded 200 in 19.5020 ms
[17:58:09 INF] HTTP GET /Biktal.WebMVC.styles.css responded 200 in 18.5438 ms
[17:58:09 INF] HTTP GET /lib/bootstrap/dist/css/bootstrap.min.css responded 200 in 21.5987 ms
[17:58:10 INF] HTTP GET /lib/jquery/dist/jquery.min.js responded 200 in 0.7951 ms
[17:58:10 INF] HTTP GET /js/site.js responded 200 in 0.7589 ms
[17:58:10 INF] HTTP GET /lib/bootstrap/dist/js/bootstrap.bundle.min.js responded 200 in 1.1699 ms
[17:58:10 INF] HTTP GET /js/products-catalog-filter.js responded 200 in 0.6400 ms
[17:58:10 INF] HTTP GET /lib/jquery-validation-unobtrusive/dist/jquery.validate.unobtrusive.min.js responded 200 in 21.3555 ms
[17:58:10 INF] HTTP GET /lib/jquery-validation/dist/jquery.validate.min.js responded 200 in 31.0176 ms
[17:59:07 INF] HTTP POST /Inventory/AddProduct responded 302 in 26.4603 ms
[17:59:07 INF] HTTP GET /Inventory/Products responded 200 in 85.6777 ms
[17:59:07 INF] HTTP GET /lib/bootstrap/dist/css/bootstrap.min.css responded 200 in 5.2064 ms
[17:59:07 INF] HTTP GET /css/site.css responded 200 in 2.0976 ms
[17:59:07 INF] HTTP GET /Biktal.WebMVC.styles.css responded 200 in 1.8713 ms
[17:59:08 INF] HTTP GET /lib/jquery/dist/jquery.min.js responded 304 in 0.8801 ms
[17:59:08 INF] HTTP GET /lib/bootstrap/dist/js/bootstrap.bundle.min.js responded 304 in 0.5818 ms
[17:59:08 INF] HTTP GET /js/site.js responded 304 in 0.6507 ms
[17:59:08 INF] HTTP GET /lib/jquery-validation-unobtrusive/dist/jquery.validate.unobtrusive.min.js responded 304 in 0.2708 ms
[17:59:08 INF] HTTP GET /lib/jquery-validation/dist/jquery.validate.min.js responded 304 in 0.5482 ms
[17:59:08 INF] HTTP GET /js/products-catalog-filter.js responded 304 in 0.4827 ms
[18:00:00 INF] HTTP POST /Inventory/AddProduct responded 302 in 30.2405 ms
[18:00:00 INF] HTTP GET /Inventory/Products responded 200 in 79.4954 ms
[18:00:00 INF] HTTP GET /css/site.css responded 200 in 2.1883 ms
[18:00:00 INF] HTTP GET /lib/bootstrap/dist/css/bootstrap.min.css responded 200 in 1.0504 ms
[18:00:00 INF] HTTP GET /Biktal.WebMVC.styles.css responded 200 in 0.5677 ms
[18:00:01 INF] HTTP GET /lib/jquery/dist/jquery.min.js responded 200 in 0.8729 ms
[18:00:01 INF] HTTP GET /js/site.js responded 200 in 0.6750 ms
[18:00:01 INF] HTTP GET /lib/jquery-validation/dist/jquery.validate.min.js responded 200 in 1.6470 ms
[18:00:01 INF] HTTP GET /lib/jquery-validation-unobtrusive/dist/jquery.validate.unobtrusive.min.js responded 200 in 1.8301 ms
[18:00:01 INF] HTTP GET /lib/bootstrap/dist/js/bootstrap.bundle.min.js responded 200 in 5.8096 ms
[18:00:01 INF] HTTP GET /js/products-catalog-filter.js responded 200 in 0.5990 ms
[18:00:02 INF] HTTP GET / responded 200 in 38.6156 ms
[18:00:02 INF] HTTP GET /css/site.css responded 200 in 3.5427 ms
[18:00:02 INF] HTTP GET /lib/bootstrap/dist/css/bootstrap.min.css responded 200 in 0.6468 ms
[18:00:02 INF] HTTP GET /Biktal.WebMVC.styles.css responded 200 in 0.6814 ms
[18:00:02 INF] HTTP GET /lib/jquery/dist/jquery.min.js responded 304 in 0.4249 ms
[18:00:02 INF] HTTP GET /lib/bootstrap/dist/js/bootstrap.bundle.min.js responded 304 in 21.9526 ms
[18:00:02 INF] HTTP GET /js/site.js responded 304 in 0.1730 ms
[18:00:02 INF] HTTP GET /js/pos.js responded 200 in 0.5719 ms
[18:20:39 INF] Application is shutting down...
