[13:07:58 WRN] Using an in-memory repository. Keys will not be persisted to storage.
[13:07:58 WRN] Neither user profile nor HKLM registry available. Using an ephemeral key repository. Protected data will be unavailable when application exits.
[13:07:59 WRN] No XML encryptor configured. Key {7ebab597-ff38-4bf4-8584-299c69c1ae42} may be persisted to storage in unencrypted form.
[13:07:59 INF] Application started. Press Ctrl+C to shut down.
[13:07:59 INF] Hosting environment: Production
[13:07:59 INF] Content root path: D:\Systems\BiktalSystems\publish
[13:07:59 INF] HTTP POST /Pos/CompleteSale responded 400 in 203.6718 ms
[13:07:59 WRN] The query uses the 'First'/'FirstOrDefault' operator without 'OrderBy' and filter operators. This may lead to unpredictable results.
[13:07:59 ERR] HTTP GET /Inventory/Products responded 500 in 447.1886 ms
System.OperationCanceledException: The operation was canceled.
   at System.Threading.CancellationToken.ThrowOperationCanceledException()
   at System.Threading.CancellationToken.ThrowIfCancellationRequested()
   at Npgsql.NpgsqlCommand.ExecuteReader(Boolean async, CommandBehavior behavior, CancellationToken cancellationToken)
   at Npgsql.NpgsqlCommand.ExecuteReader(Boolean async, CommandBehavior behavior, CancellationToken cancellationToken)
   at Npgsql.NpgsqlCommand.ExecuteDbDataReaderAsync(CommandBehavior behavior, CancellationToken cancellationToken)
   at Microsoft.EntityFrameworkCore.Storage.RelationalCommand.ExecuteReaderAsync(RelationalCommandParameterObject parameterObject, CancellationToken cancellationToken)
   at Microsoft.EntityFrameworkCore.Storage.RelationalCommand.ExecuteReaderAsync(RelationalCommandParameterObject parameterObject, CancellationToken cancellationToken)
   at Microsoft.EntityFrameworkCore.Query.Internal.SingleQueryingEnumerable`1.AsyncEnumerator.InitializeReaderAsync(AsyncEnumerator enumerator, CancellationToken cancellationToken)
   at Npgsql.EntityFrameworkCore.PostgreSQL.Storage.Internal.NpgsqlExecutionStrategy.ExecuteAsync[TState,TResult](TState state, Func`4 operation, Func`4 verifySucceeded, CancellationToken cancellationToken)
   at Microsoft.EntityFrameworkCore.Query.Internal.SingleQueryingEnumerable`1.AsyncEnumerator.MoveNextAsync()
   at Microsoft.EntityFrameworkCore.EntityFrameworkQueryableExtensions.ToListAsync[TSource](IQueryable`1 source, CancellationToken cancellationToken)
   at Microsoft.EntityFrameworkCore.EntityFrameworkQueryableExtensions.ToListAsync[TSource](IQueryable`1 source, CancellationToken cancellationToken)
   at Biktal.WebMVC.Controllers.InventoryController.BuildProductsPageViewModelAsync(AddProductFormModel newProduct, Boolean openAddProductModal, EditProductFormModel editProduct, Boolean openEditProductModal, CancellationToken cancellationToken) in D:\Systems\BiktalSystems\Controllers\InventoryController.cs:line 711
   at Biktal.WebMVC.Controllers.InventoryController.Products(Nullable`1 editId, CancellationToken cancellationToken) in D:\Systems\BiktalSystems\Controllers\InventoryController.cs:line 66
   at Microsoft.AspNetCore.Mvc.Infrastructure.ActionMethodExecutor.TaskOfIActionResultExecutor.Execute(ActionContext actionContext, IActionResultTypeMapper mapper, ObjectMethodExecutor executor, Object controller, Object[] arguments)
   at Microsoft.AspNetCore.Mvc.Infrastructure.ControllerActionInvoker.<InvokeActionMethodAsync>g__Awaited|12_0(ControllerActionInvoker invoker, ValueTask`1 actionResultValueTask)
   at Microsoft.AspNetCore.Mvc.Infrastructure.ControllerActionInvoker.<InvokeNextActionFilterAsync>g__Awaited|10_0(ControllerActionInvoker invoker, Task lastTask, State next, Scope scope, Object state, Boolean isCompleted)
   at Microsoft.AspNetCore.Mvc.Infrastructure.ControllerActionInvoker.Rethrow(ActionExecutedContextSealed context)
   at Microsoft.AspNetCore.Mvc.Infrastructure.ControllerActionInvoker.Next(State& next, Scope& scope, Object& state, Boolean& isCompleted)
   at Microsoft.AspNetCore.Mvc.Infrastructure.ControllerActionInvoker.InvokeInnerFilterAsync()
--- End of stack trace from previous location ---
   at Microsoft.AspNetCore.Mvc.Infrastructure.ResourceInvoker.<InvokeNextResourceFilter>g__Awaited|25_0(ResourceInvoker invoker, Task lastTask, State next, Scope scope, Object state, Boolean isCompleted)
   at Microsoft.AspNetCore.Mvc.Infrastructure.ResourceInvoker.Rethrow(ResourceExecutedContextSealed context)
   at Microsoft.AspNetCore.Mvc.Infrastructure.ResourceInvoker.Next(State& next, Scope& scope, Object& state, Boolean& isCompleted)
   at Microsoft.AspNetCore.Mvc.Infrastructure.ResourceInvoker.InvokeFilterPipelineAsync()
--- End of stack trace from previous location ---
   at Microsoft.AspNetCore.Mvc.Infrastructure.ResourceInvoker.<InvokeAsync>g__Awaited|17_0(ResourceInvoker invoker, Task task, IDisposable scope)
   at Microsoft.AspNetCore.Mvc.Infrastructure.ResourceInvoker.<InvokeAsync>g__Awaited|17_0(ResourceInvoker invoker, Task task, IDisposable scope)
   at Microsoft.AspNetCore.Authorization.AuthorizationMiddleware.Invoke(HttpContext context)
   at Program.<>c.<<<Main>$>b__0_2>d.MoveNext() in D:\Systems\BiktalSystems\Program.cs:line 71
--- End of stack trace from previous location ---
   at Microsoft.AspNetCore.Authentication.AuthenticationMiddleware.Invoke(HttpContext context)
   at Serilog.AspNetCore.RequestLoggingMiddleware.Invoke(HttpContext httpContext)
[13:07:59 ERR] An exception was thrown while deserializing the token.
Microsoft.AspNetCore.Antiforgery.AntiforgeryValidationException: The antiforgery token could not be decrypted.
 ---> System.Security.Cryptography.CryptographicException: The key {8a34787f-6b83-463e-a6a8-5ae9157a4fd2} was not found in the key ring. For more information go to https://aka.ms/aspnet/dataprotectionwarning
   at Microsoft.AspNetCore.DataProtection.KeyManagement.KeyRingBasedDataProtector.UnprotectCore(Byte[] protectedData, Boolean allowOperationsOnRevokedKeys, UnprotectStatus& status)
   at Microsoft.AspNetCore.DataProtection.KeyManagement.KeyRingBasedDataProtector.Unprotect(Byte[] protectedData)
   at Microsoft.AspNetCore.Antiforgery.DefaultAntiforgeryTokenSerializer.Deserialize(String serializedToken)
   --- End of inner exception stack trace ---
   at Microsoft.AspNetCore.Antiforgery.DefaultAntiforgeryTokenSerializer.Deserialize(String serializedToken)
   at Microsoft.AspNetCore.Antiforgery.DefaultAntiforgery.GetCookieTokenDoesNotThrow(HttpContext httpContext)
[13:08:00 INF] HTTP GET / responded 200 in 720.5441 ms
[13:08:00 INF] HTTP GET /css/site.css responded 200 in 83.7860 ms
[13:08:00 INF] HTTP GET /Biktal.WebMVC.styles.css responded 200 in 43.4098 ms
[13:08:00 INF] HTTP GET /lib/bootstrap/dist/css/bootstrap.min.css responded 200 in 18.1332 ms
[13:08:00 INF] HTTP GET /lib/jquery/dist/jquery.min.js responded 200 in 4.6318 ms
[13:08:00 INF] HTTP GET /js/site.js responded 200 in 0.9626 ms
[13:08:00 INF] HTTP GET /js/pos.js responded 200 in 1.6595 ms
[13:08:00 INF] HTTP GET /lib/bootstrap/dist/js/bootstrap.bundle.min.js responded 200 in 16.2620 ms
[13:08:09 INF] HTTP POST /Pos/CompleteSale responded 200 in 1954.1784 ms
[13:08:12 INF] HTTP GET /Insights responded 302 in 13.3265 ms
[13:08:12 INF] HTTP GET /Insights/Daily responded 200 in 298.7200 ms
[13:08:12 INF] HTTP GET /lib/bootstrap/dist/css/bootstrap.min.css responded 200 in 4.3939 ms
[13:08:12 INF] HTTP GET /Biktal.WebMVC.styles.css responded 200 in 1.0345 ms
[13:08:12 INF] HTTP GET /css/site.css responded 200 in 4.8163 ms
[13:08:12 INF] HTTP GET /lib/jquery/dist/jquery.min.js responded 304 in 34.6709 ms
[13:08:12 INF] HTTP GET /js/site.js responded 304 in 18.8790 ms
[13:08:12 INF] HTTP GET /lib/bootstrap/dist/js/bootstrap.bundle.min.js responded 304 in 188.0791 ms
[13:08:18 INF] HTTP GET / responded 200 in 54.7351 ms
[13:08:18 INF] HTTP GET /lib/bootstrap/dist/css/bootstrap.min.css responded 304 in 0.4845 ms
[13:08:18 INF] HTTP GET /Biktal.WebMVC.styles.css responded 304 in 0.3117 ms
[13:08:18 INF] HTTP GET /css/site.css responded 304 in 0.4471 ms
[13:08:18 INF] HTTP GET /lib/bootstrap/dist/js/bootstrap.bundle.min.js responded 304 in 0.2332 ms
[13:08:18 INF] HTTP GET /lib/jquery/dist/jquery.min.js responded 304 in 0.2490 ms
[13:08:18 INF] HTTP GET /js/site.js responded 304 in 0.3051 ms
[13:08:18 INF] HTTP GET /js/pos.js responded 304 in 0.4272 ms
[13:28:53 INF] Application is shutting down...
