[17:26:41 WRN] Using an in-memory repository. Keys will not be persisted to storage.
[17:26:41 WRN] Neither user profile nor HKLM registry available. Using an ephemeral key repository. Protected data will be unavailable when application exits.
[17:26:41 WRN] No XML encryptor configured. Key {4296e498-e4f0-4711-9bab-d16ca45d38d6} may be persisted to storage in unencrypted form.
[17:26:42 INF] Application started. Press Ctrl+C to shut down.
[17:26:42 INF] Hosting environment: Production
[17:26:42 INF] Content root path: D:\Systems\BiktalSystems\publish
[17:26:42 INF] HTTP POST /Repairs/UpdateTicketEstimate responded 400 in 113.7513 ms
[17:26:42 INF] HTTP POST /Repairs/UpdateTicketEstimate responded 400 in 111.3115 ms
[17:26:55 INF] HTTP POST /Repairs/UpdateTicketEstimate responded 400 in 25.9606 ms
[17:27:01 INF] HTTP GET /Account/Login responded 302 in 44.8725 ms
[17:27:02 ERR] An exception was thrown while deserializing the token.
Microsoft.AspNetCore.Antiforgery.AntiforgeryValidationException: The antiforgery token could not be decrypted.
 ---> System.Security.Cryptography.CryptographicException: The key {f558df08-c2d5-438a-b2eb-6bae1d1a9151} was not found in the key ring. For more information go to https://aka.ms/aspnet/dataprotectionwarning
   at Microsoft.AspNetCore.DataProtection.KeyManagement.KeyRingBasedDataProtector.UnprotectCore(Byte[] protectedData, Boolean allowOperationsOnRevokedKeys, UnprotectStatus& status)
   at Microsoft.AspNetCore.DataProtection.KeyManagement.KeyRingBasedDataProtector.Unprotect(Byte[] protectedData)
   at Microsoft.AspNetCore.Antiforgery.DefaultAntiforgeryTokenSerializer.Deserialize(String serializedToken)
   --- End of inner exception stack trace ---
   at Microsoft.AspNetCore.Antiforgery.DefaultAntiforgeryTokenSerializer.Deserialize(String serializedToken)
   at Microsoft.AspNetCore.Antiforgery.DefaultAntiforgery.GetCookieTokenDoesNotThrow(HttpContext httpContext)
[17:27:02 INF] HTTP GET /lib/bootstrap/dist/css/bootstrap.min.css responded 200 in 30.6380 ms
[17:27:02 INF] HTTP GET /Inventory/Products responded 200 in 718.8590 ms
[17:27:02 INF] HTTP GET /css/site.css responded 200 in 1.9578 ms
[17:27:02 INF] HTTP GET /Biktal.WebMVC.styles.css responded 200 in 1.1803 ms
[17:27:03 INF] HTTP GET /lib/jquery/dist/jquery.min.js responded 200 in 2.1302 ms
[17:27:03 INF] HTTP GET /js/site.js responded 200 in 1.1368 ms
[17:27:03 INF] HTTP GET /lib/bootstrap/dist/js/bootstrap.bundle.min.js responded 200 in 5.5383 ms
[17:27:03 INF] HTTP GET /lib/jquery-validation/dist/jquery.validate.min.js responded 200 in 1.2870 ms
[17:27:03 INF] HTTP GET /lib/jquery-validation-unobtrusive/dist/jquery.validate.unobtrusive.min.js responded 200 in 2.5803 ms
[17:27:03 INF] HTTP GET /js/products-catalog-filter.js responded 200 in 18.8434 ms
[17:27:15 INF] HTTP GET /Repairs responded 200 in 178.8311 ms
[17:27:15 INF] HTTP GET /lib/bootstrap/dist/css/bootstrap.min.css responded 200 in 14.3429 ms
[17:27:15 INF] HTTP GET /Biktal.WebMVC.styles.css responded 200 in 1.6969 ms
[17:27:15 INF] HTTP GET /js/site.js responded 304 in 2.4232 ms
[17:27:15 INF] HTTP GET /css/site.css responded 200 in 11.3451 ms
[17:27:15 INF] HTTP GET /lib/jquery/dist/jquery.min.js responded 304 in 34.4064 ms
[17:27:15 INF] HTTP GET /lib/bootstrap/dist/js/bootstrap.bundle.min.js responded 304 in 155.5708 ms
[17:27:17 INF] HTTP GET /Repairs/Tickets responded 200 in 46.4723 ms
[17:27:17 INF] HTTP GET /lib/bootstrap/dist/css/bootstrap.min.css responded 200 in 25.0439 ms
[17:27:17 INF] HTTP GET /css/site.css responded 200 in 6.5048 ms
[17:27:17 INF] HTTP GET /Biktal.WebMVC.styles.css responded 200 in 24.0433 ms
[17:27:17 INF] HTTP GET /lib/jquery/dist/jquery.min.js responded 304 in 0.3570 ms
[17:27:17 INF] HTTP GET /lib/bootstrap/dist/js/bootstrap.bundle.min.js responded 304 in 0.2078 ms
[17:27:17 INF] HTTP GET /js/site.js responded 304 in 0.4099 ms
[17:27:21 INF] HTTP GET /Repairs/Ticket/019fd736-b062-787d-8f35-f01a710863ab responded 200 in 47.6077 ms
[17:27:21 INF] HTTP GET /lib/bootstrap/dist/css/bootstrap.min.css responded 304 in 2.2693 ms
[17:27:21 INF] HTTP GET /css/site.css responded 304 in 1.8715 ms
[17:27:21 INF] HTTP GET /Biktal.WebMVC.styles.css responded 304 in 0.5000 ms
[17:27:21 INF] HTTP GET /lib/bootstrap/dist/js/bootstrap.bundle.min.js responded 304 in 0.2137 ms
[17:27:21 INF] HTTP GET /lib/jquery/dist/jquery.min.js responded 304 in 0.2349 ms
[17:27:21 INF] HTTP GET /js/site.js responded 304 in 1.9593 ms
[17:27:30 INF] HTTP POST /Repairs/UpdateTicketStatus responded 302 in 149.4359 ms
[17:27:30 INF] HTTP GET /Repairs/Ticket/019fd736-b062-787d-8f35-f01a710863ab responded 200 in 4.2347 ms
[17:27:30 INF] HTTP GET /css/site.css responded 304 in 0.2857 ms
[17:27:30 INF] HTTP GET /lib/bootstrap/dist/css/bootstrap.min.css responded 304 in 9.7267 ms
[17:27:30 INF] HTTP GET /lib/jquery/dist/jquery.min.js responded 304 in 1.6697 ms
[17:27:30 INF] HTTP GET /lib/bootstrap/dist/js/bootstrap.bundle.min.js responded 304 in 0.8695 ms
[17:27:30 INF] HTTP GET /Biktal.WebMVC.styles.css responded 304 in 0.4284 ms
[17:27:30 INF] HTTP GET /js/site.js responded 304 in 0.2334 ms
[17:27:34 INF] HTTP GET /Repairs responded 200 in 11.4209 ms
[17:27:34 INF] HTTP GET /lib/bootstrap/dist/css/bootstrap.min.css responded 200 in 13.1879 ms
[17:27:34 INF] HTTP GET /Biktal.WebMVC.styles.css responded 304 in 1.1688 ms
[17:27:34 INF] HTTP GET /css/site.css responded 304 in 0.2041 ms
[17:27:34 INF] HTTP GET /lib/bootstrap/dist/js/bootstrap.bundle.min.js responded 304 in 0.1841 ms
[17:27:34 INF] HTTP GET /lib/jquery/dist/jquery.min.js responded 304 in 0.1845 ms
[17:27:34 INF] HTTP GET /js/site.js responded 304 in 2.1107 ms
[17:27:37 INF] HTTP GET /Insights responded 302 in 3.1241 ms
[17:27:37 INF] HTTP GET /Insights/Daily responded 200 in 155.8435 ms
[17:27:37 INF] HTTP GET /lib/bootstrap/dist/css/bootstrap.min.css responded 304 in 0.2445 ms
[17:27:37 INF] HTTP GET /css/site.css responded 304 in 0.3019 ms
[17:27:37 INF] HTTP GET /lib/jquery/dist/jquery.min.js responded 304 in 0.2267 ms
[17:27:37 INF] HTTP GET /Biktal.WebMVC.styles.css responded 304 in 1.1381 ms
[17:27:37 INF] HTTP GET /lib/bootstrap/dist/js/bootstrap.bundle.min.js responded 304 in 0.2484 ms
[17:27:37 INF] HTTP GET /js/site.js responded 304 in 0.2196 ms
[17:27:48 INF] HTTP GET /Repairs responded 200 in 9.4118 ms
[17:27:48 INF] HTTP GET /lib/bootstrap/dist/css/bootstrap.min.css responded 200 in 6.6267 ms
[17:27:48 INF] HTTP GET /css/site.css responded 304 in 0.2693 ms
[17:27:48 INF] HTTP GET /Biktal.WebMVC.styles.css responded 304 in 0.1620 ms
[17:27:48 INF] HTTP GET /lib/bootstrap/dist/js/bootstrap.bundle.min.js responded 304 in 0.1070 ms
[17:27:48 INF] HTTP GET /lib/jquery/dist/jquery.min.js responded 304 in 2.8979 ms
[17:27:48 INF] HTTP GET /js/site.js responded 304 in 2.3355 ms
[17:27:50 INF] HTTP GET /Repairs/Tickets responded 200 in 7.6407 ms
[17:27:50 INF] HTTP GET /lib/bootstrap/dist/css/bootstrap.min.css responded 304 in 1.2978 ms
[17:27:50 INF] HTTP GET /css/site.css responded 304 in 0.6464 ms
[17:27:50 INF] HTTP GET /Biktal.WebMVC.styles.css responded 304 in 0.3175 ms
[17:27:50 INF] HTTP GET /lib/jquery/dist/jquery.min.js responded 304 in 0.2821 ms
[17:27:50 INF] HTTP GET /lib/bootstrap/dist/js/bootstrap.bundle.min.js responded 304 in 0.1423 ms
[17:27:50 INF] HTTP GET /js/site.js responded 304 in 0.1321 ms
[17:27:56 INF] HTTP GET /Repairs/Ticket/019fd736-b062-787d-8f35-f01a710863ab responded 200 in 7.9605 ms
[17:27:56 INF] HTTP GET /lib/bootstrap/dist/css/bootstrap.min.css responded 304 in 0.1564 ms
[17:27:56 INF] HTTP GET /css/site.css responded 304 in 0.1424 ms
[17:27:56 INF] HTTP GET /Biktal.WebMVC.styles.css responded 304 in 0.2078 ms
[17:27:56 INF] HTTP GET /lib/jquery/dist/jquery.min.js responded 304 in 0.2065 ms
[17:27:56 INF] HTTP GET /lib/bootstrap/dist/js/bootstrap.bundle.min.js responded 304 in 0.1319 ms
[17:27:56 INF] HTTP GET /js/site.js responded 304 in 0.2399 ms
[17:28:04 INF] HTTP POST /Repairs/UpdateTicketEstimate responded 302 in 25.2332 ms
[17:28:04 INF] HTTP GET /Repairs/Ticket/019fd736-b062-787d-8f35-f01a710863ab responded 200 in 4.9926 ms
[17:28:04 INF] HTTP GET /lib/bootstrap/dist/css/bootstrap.min.css responded 200 in 10.6120 ms
[17:28:04 INF] HTTP GET /css/site.css responded 304 in 0.1196 ms
[17:28:04 INF] HTTP GET /Biktal.WebMVC.styles.css responded 304 in 0.1467 ms
[17:28:04 INF] HTTP GET /lib/jquery/dist/jquery.min.js responded 304 in 2.7002 ms
[17:28:04 INF] HTTP GET /lib/bootstrap/dist/js/bootstrap.bundle.min.js responded 304 in 0.5649 ms
[17:28:04 INF] HTTP GET /js/site.js responded 304 in 0.1584 ms
[17:28:12 INF] HTTP GET /Repairs/Ticket/019fd736-b062-787d-8f35-f01a710863ab responded 200 in 5.4125 ms
[17:28:12 INF] HTTP GET /lib/bootstrap/dist/css/bootstrap.min.css responded 200 in 1.0825 ms
[17:28:14 INF] HTTP GET /Insights responded 302 in 0.5986 ms
[17:28:14 INF] HTTP GET /Insights/Daily responded 200 in 16.1150 ms
[17:28:14 INF] HTTP GET /lib/bootstrap/dist/css/bootstrap.min.css responded 304 in 0.2265 ms
[17:28:14 INF] HTTP GET /css/site.css responded 304 in 0.6360 ms
[17:28:14 INF] HTTP GET /Biktal.WebMVC.styles.css responded 304 in 0.2159 ms
[17:28:14 INF] HTTP GET /lib/jquery/dist/jquery.min.js responded 304 in 0.1980 ms
[17:28:14 INF] HTTP GET /lib/bootstrap/dist/js/bootstrap.bundle.min.js responded 304 in 0.1229 ms
[17:28:14 INF] HTTP GET /js/site.js responded 304 in 0.0767 ms
[17:48:40 INF] Application is shutting down...
