[14:07:18 ERR] Failed executing DbCommand (6ms) [Parameters=[@p0='?' (DbType = Guid), @p1='?' (DbType = DateTime), @p2='?' (DbType = Guid), @p3='?', @p4='?' (DbType = DateTime), @p5='?' (DbType = Int32), @p6='?' (DbType = Int32), @p7='?', @p8='?', @p9='?' (DbType = Guid), @p10='?' (DbType = DateTime), @p11='?' (DbType = Guid), @p12='?', @p13='?' (DbType = DateTime), @p14='?' (DbType = Int32), @p15='?' (DbType = Int32), @p16='?', @p17='?'], CommandType='Text', CommandTimeout='30']
INSERT INTO "CrmSupportTickets" ("Id", "CreatedAtUtc", "CustomerId", "Description", "ModifiedAtUtc", "Priority", "Status", "Subject", "TicketNumber")
VALUES (@p0, @p1, @p2, @p3, @p4, @p5, @p6, @p7, @p8);
INSERT INTO "CrmSupportTickets" ("Id", "CreatedAtUtc", "CustomerId", "Description", "ModifiedAtUtc", "Priority", "Status", "Subject", "TicketNumber")
VALUES (@p9, @p10, @p11, @p12, @p13, @p14, @p15, @p16, @p17);
[14:07:18 ERR] An exception occurred in the database while saving changes for context type 'Biktal.Infrastructure.Persistence.ApplicationDbContext'.
Microsoft.EntityFrameworkCore.DbUpdateException: An error occurred while saving the entity changes. See the inner exception for details.
 ---> Npgsql.PostgresException (0x80004005): 23503: insert or update on table "CrmSupportTickets" violates foreign key constraint "FK_CrmSupportTickets_CrmCustomers_CustomerId"

DETAIL: Detail redacted as it may contain sensitive data. Specify 'Include Error Detail' in the connection string to include this information.
   at Npgsql.Internal.NpgsqlConnector.ReadMessageLong(Boolean async, DataRowLoadingMode dataRowLoadingMode, Boolean readingNotifications, Boolean isReadingPrependedMessage)
   at System.Runtime.CompilerServices.PoolingAsyncValueTaskMethodBuilder`1.StateMachineBox`1.System.Threading.Tasks.Sources.IValueTaskSource<TResult>.GetResult(Int16 token)
   at Npgsql.NpgsqlDataReader.NextResult(Boolean async, Boolean isConsuming, CancellationToken cancellationToken)
   at Npgsql.NpgsqlDataReader.NextResult(Boolean async, Boolean isConsuming, CancellationToken cancellationToken)
   at Npgsql.NpgsqlCommand.ExecuteReader(Boolean async, CommandBehavior behavior, CancellationToken cancellationToken)
   at Npgsql.NpgsqlCommand.ExecuteReader(Boolean async, CommandBehavior behavior, CancellationToken cancellationToken)
   at Npgsql.NpgsqlCommand.ExecuteDbDataReaderAsync(CommandBehavior behavior, CancellationToken cancellationToken)
   at Microsoft.EntityFrameworkCore.Storage.RelationalCommand.ExecuteReaderAsync(RelationalCommandParameterObject parameterObject, CancellationToken cancellationToken)
   at Microsoft.EntityFrameworkCore.Storage.RelationalCommand.ExecuteReaderAsync(RelationalCommandParameterObject parameterObject, CancellationToken cancellationToken)
   at Microsoft.EntityFrameworkCore.Update.ReaderModificationCommandBatch.ExecuteAsync(IRelationalConnection connection, CancellationToken cancellationToken)
  Exception data:
    Severity: ERROR
    SqlState: 23503
    MessageText: insert or update on table "CrmSupportTickets" violates foreign key constraint "FK_CrmSupportTickets_CrmCustomers_CustomerId"
    Detail: Detail redacted as it may contain sensitive data. Specify 'Include Error Detail' in the connection string to include this information.
    SchemaName: public
    TableName: CrmSupportTickets
    ConstraintName: FK_CrmSupportTickets_CrmCustomers_CustomerId
    File: ri_triggers.c
    Line: 2783
    Routine: ri_ReportViolation
   --- End of inner exception stack trace ---
   at Microsoft.EntityFrameworkCore.Update.ReaderModificationCommandBatch.ExecuteAsync(IRelationalConnection connection, CancellationToken cancellationToken)
   at Microsoft.EntityFrameworkCore.Update.Internal.BatchExecutor.ExecuteAsync(IEnumerable`1 commandBatches, IRelationalConnection connection, CancellationToken cancellationToken)
   at Microsoft.EntityFrameworkCore.Update.Internal.BatchExecutor.ExecuteAsync(IEnumerable`1 commandBatches, IRelationalConnection connection, CancellationToken cancellationToken)
   at Microsoft.EntityFrameworkCore.Update.Internal.BatchExecutor.ExecuteAsync(IEnumerable`1 commandBatches, IRelationalConnection connection, CancellationToken cancellationToken)
   at Microsoft.EntityFrameworkCore.Storage.RelationalDatabase.SaveChangesAsync(IList`1 entries, CancellationToken cancellationToken)
   at Microsoft.EntityFrameworkCore.ChangeTracking.Internal.StateManager.SaveChangesAsync(IList`1 entriesToSave, CancellationToken cancellationToken)
   at Microsoft.EntityFrameworkCore.ChangeTracking.Internal.StateManager.SaveChangesAsync(StateManager stateManager, Boolean acceptAllChangesOnSuccess, CancellationToken cancellationToken)
   at Npgsql.EntityFrameworkCore.PostgreSQL.Storage.Internal.NpgsqlExecutionStrategy.ExecuteAsync[TState,TResult](TState state, Func`4 operation, Func`4 verifySucceeded, CancellationToken cancellationToken)
   at Microsoft.EntityFrameworkCore.DbContext.SaveChangesAsync(Boolean acceptAllChangesOnSuccess, CancellationToken cancellationToken)
Microsoft.EntityFrameworkCore.DbUpdateException: An error occurred while saving the entity changes. See the inner exception for details.
 ---> Npgsql.PostgresException (0x80004005): 23503: insert or update on table "CrmSupportTickets" violates foreign key constraint "FK_CrmSupportTickets_CrmCustomers_CustomerId"

DETAIL: Detail redacted as it may contain sensitive data. Specify 'Include Error Detail' in the connection string to include this information.
   at Npgsql.Internal.NpgsqlConnector.ReadMessageLong(Boolean async, DataRowLoadingMode dataRowLoadingMode, Boolean readingNotifications, Boolean isReadingPrependedMessage)
   at System.Runtime.CompilerServices.PoolingAsyncValueTaskMethodBuilder`1.StateMachineBox`1.System.Threading.Tasks.Sources.IValueTaskSource<TResult>.GetResult(Int16 token)
   at Npgsql.NpgsqlDataReader.NextResult(Boolean async, Boolean isConsuming, CancellationToken cancellationToken)
   at Npgsql.NpgsqlDataReader.NextResult(Boolean async, Boolean isConsuming, CancellationToken cancellationToken)
   at Npgsql.NpgsqlCommand.ExecuteReader(Boolean async, CommandBehavior behavior, CancellationToken cancellationToken)
   at Npgsql.NpgsqlCommand.ExecuteReader(Boolean async, CommandBehavior behavior, CancellationToken cancellationToken)
   at Npgsql.NpgsqlCommand.ExecuteDbDataReaderAsync(CommandBehavior behavior, CancellationToken cancellationToken)
   at Microsoft.EntityFrameworkCore.Storage.RelationalCommand.ExecuteReaderAsync(RelationalCommandParameterObject parameterObject, CancellationToken cancellationToken)
   at Microsoft.EntityFrameworkCore.Storage.RelationalCommand.ExecuteReaderAsync(RelationalCommandParameterObject parameterObject, CancellationToken cancellationToken)
   at Microsoft.EntityFrameworkCore.Update.ReaderModificationCommandBatch.ExecuteAsync(IRelationalConnection connection, CancellationToken cancellationToken)
  Exception data:
    Severity: ERROR
    SqlState: 23503
    MessageText: insert or update on table "CrmSupportTickets" violates foreign key constraint "FK_CrmSupportTickets_CrmCustomers_CustomerId"
    Detail: Detail redacted as it may contain sensitive data. Specify 'Include Error Detail' in the connection string to include this information.
    SchemaName: public
    TableName: CrmSupportTickets
    ConstraintName: FK_CrmSupportTickets_CrmCustomers_CustomerId
    File: ri_triggers.c
    Line: 2783
    Routine: ri_ReportViolation
   --- End of inner exception stack trace ---
   at Microsoft.EntityFrameworkCore.Update.ReaderModificationCommandBatch.ExecuteAsync(IRelationalConnection connection, CancellationToken cancellationToken)
   at Microsoft.EntityFrameworkCore.Update.Internal.BatchExecutor.ExecuteAsync(IEnumerable`1 commandBatches, IRelationalConnection connection, CancellationToken cancellationToken)
   at Microsoft.EntityFrameworkCore.Update.Internal.BatchExecutor.ExecuteAsync(IEnumerable`1 commandBatches, IRelationalConnection connection, CancellationToken cancellationToken)
   at Microsoft.EntityFrameworkCore.Update.Internal.BatchExecutor.ExecuteAsync(IEnumerable`1 commandBatches, IRelationalConnection connection, CancellationToken cancellationToken)
   at Microsoft.EntityFrameworkCore.Storage.RelationalDatabase.SaveChangesAsync(IList`1 entries, CancellationToken cancellationToken)
   at Microsoft.EntityFrameworkCore.ChangeTracking.Internal.StateManager.SaveChangesAsync(IList`1 entriesToSave, CancellationToken cancellationToken)
   at Microsoft.EntityFrameworkCore.ChangeTracking.Internal.StateManager.SaveChangesAsync(StateManager stateManager, Boolean acceptAllChangesOnSuccess, CancellationToken cancellationToken)
   at Npgsql.EntityFrameworkCore.PostgreSQL.Storage.Internal.NpgsqlExecutionStrategy.ExecuteAsync[TState,TResult](TState state, Func`4 operation, Func`4 verifySucceeded, CancellationToken cancellationToken)
   at Microsoft.EntityFrameworkCore.DbContext.SaveChangesAsync(Boolean acceptAllChangesOnSuccess, CancellationToken cancellationToken)
[14:07:18 ERR] Database migration or seed failed. Check PostgreSQL is running and ConnectionStrings:DefaultConnection is correct.
Microsoft.EntityFrameworkCore.DbUpdateException: An error occurred while saving the entity changes. See the inner exception for details.
 ---> Npgsql.PostgresException (0x80004005): 23503: insert or update on table "CrmSupportTickets" violates foreign key constraint "FK_CrmSupportTickets_CrmCustomers_CustomerId"

DETAIL: Detail redacted as it may contain sensitive data. Specify 'Include Error Detail' in the connection string to include this information.
   at Npgsql.Internal.NpgsqlConnector.ReadMessageLong(Boolean async, DataRowLoadingMode dataRowLoadingMode, Boolean readingNotifications, Boolean isReadingPrependedMessage)
   at System.Runtime.CompilerServices.PoolingAsyncValueTaskMethodBuilder`1.StateMachineBox`1.System.Threading.Tasks.Sources.IValueTaskSource<TResult>.GetResult(Int16 token)
   at Npgsql.NpgsqlDataReader.NextResult(Boolean async, Boolean isConsuming, CancellationToken cancellationToken)
   at Npgsql.NpgsqlDataReader.NextResult(Boolean async, Boolean isConsuming, CancellationToken cancellationToken)
   at Npgsql.NpgsqlCommand.ExecuteReader(Boolean async, CommandBehavior behavior, CancellationToken cancellationToken)
   at Npgsql.NpgsqlCommand.ExecuteReader(Boolean async, CommandBehavior behavior, CancellationToken cancellationToken)
   at Npgsql.NpgsqlCommand.ExecuteDbDataReaderAsync(CommandBehavior behavior, CancellationToken cancellationToken)
   at Microsoft.EntityFrameworkCore.Storage.RelationalCommand.ExecuteReaderAsync(RelationalCommandParameterObject parameterObject, CancellationToken cancellationToken)
   at Microsoft.EntityFrameworkCore.Storage.RelationalCommand.ExecuteReaderAsync(RelationalCommandParameterObject parameterObject, CancellationToken cancellationToken)
   at Microsoft.EntityFrameworkCore.Update.ReaderModificationCommandBatch.ExecuteAsync(IRelationalConnection connection, CancellationToken cancellationToken)
  Exception data:
    Severity: ERROR
    SqlState: 23503
    MessageText: insert or update on table "CrmSupportTickets" violates foreign key constraint "FK_CrmSupportTickets_CrmCustomers_CustomerId"
    Detail: Detail redacted as it may contain sensitive data. Specify 'Include Error Detail' in the connection string to include this information.
    SchemaName: public
    TableName: CrmSupportTickets
    ConstraintName: FK_CrmSupportTickets_CrmCustomers_CustomerId
    File: ri_triggers.c
    Line: 2783
    Routine: ri_ReportViolation
   --- End of inner exception stack trace ---
   at Microsoft.EntityFrameworkCore.Update.ReaderModificationCommandBatch.ExecuteAsync(IRelationalConnection connection, CancellationToken cancellationToken)
   at Microsoft.EntityFrameworkCore.Update.Internal.BatchExecutor.ExecuteAsync(IEnumerable`1 commandBatches, IRelationalConnection connection, CancellationToken cancellationToken)
   at Microsoft.EntityFrameworkCore.Update.Internal.BatchExecutor.ExecuteAsync(IEnumerable`1 commandBatches, IRelationalConnection connection, CancellationToken cancellationToken)
   at Microsoft.EntityFrameworkCore.Update.Internal.BatchExecutor.ExecuteAsync(IEnumerable`1 commandBatches, IRelationalConnection connection, CancellationToken cancellationToken)
   at Microsoft.EntityFrameworkCore.Storage.RelationalDatabase.SaveChangesAsync(IList`1 entries, CancellationToken cancellationToken)
   at Microsoft.EntityFrameworkCore.ChangeTracking.Internal.StateManager.SaveChangesAsync(IList`1 entriesToSave, CancellationToken cancellationToken)
   at Microsoft.EntityFrameworkCore.ChangeTracking.Internal.StateManager.SaveChangesAsync(StateManager stateManager, Boolean acceptAllChangesOnSuccess, CancellationToken cancellationToken)
   at Npgsql.EntityFrameworkCore.PostgreSQL.Storage.Internal.NpgsqlExecutionStrategy.ExecuteAsync[TState,TResult](TState state, Func`4 operation, Func`4 verifySucceeded, CancellationToken cancellationToken)
   at Microsoft.EntityFrameworkCore.DbContext.SaveChangesAsync(Boolean acceptAllChangesOnSuccess, CancellationToken cancellationToken)
   at Microsoft.EntityFrameworkCore.DbContext.SaveChangesAsync(Boolean acceptAllChangesOnSuccess, CancellationToken cancellationToken)
   at Biktal.Infrastructure.Persistence.CrmDataSeeder.SeedIfEmptyAsync(ApplicationDbContext db, CancellationToken cancellationToken)
   at Program.<Main>$(String[] args) in d:\Systems\BiktalSystems\Program.cs:line 71
[14:07:18 WRN] Continuing without a successful migration/seed. Auth and data pages may fail until the database is available.
[14:07:18 WRN] Using an in-memory repository. Keys will not be persisted to storage.
[14:07:18 WRN] Neither user profile nor HKLM registry available. Using an ephemeral key repository. Protected data will be unavailable when application exits.
[14:07:18 WRN] No XML encryptor configured. Key {9ee8c5c7-6e9f-4462-b521-0a9a0bd2b58e} may be persisted to storage in unencrypted form.
[14:07:18 INF] Application started. Press Ctrl+C to shut down.
[14:07:18 INF] Hosting environment: Production
[14:07:18 INF] Content root path: D:\Systems\BiktalSystems\publish
[14:07:19 INF] HTTP GET /Inventory/Products responded 302 in 82.8353 ms
[14:07:19 ERR] An exception was thrown while deserializing the token.
Microsoft.AspNetCore.Antiforgery.AntiforgeryValidationException: The antiforgery token could not be decrypted.
 ---> System.Security.Cryptography.CryptographicException: The key {125fb8be-bf37-446d-bd51-de142c75e1b9} was not found in the key ring. For more information go to https://aka.ms/aspnet/dataprotectionwarning
   at Microsoft.AspNetCore.DataProtection.KeyManagement.KeyRingBasedDataProtector.UnprotectCore(Byte[] protectedData, Boolean allowOperationsOnRevokedKeys, UnprotectStatus& status)
   at Microsoft.AspNetCore.DataProtection.KeyManagement.KeyRingBasedDataProtector.Unprotect(Byte[] protectedData)
   at Microsoft.AspNetCore.Antiforgery.DefaultAntiforgeryTokenSerializer.Deserialize(String serializedToken)
   --- End of inner exception stack trace ---
   at Microsoft.AspNetCore.Antiforgery.DefaultAntiforgeryTokenSerializer.Deserialize(String serializedToken)
   at Microsoft.AspNetCore.Antiforgery.DefaultAntiforgery.GetCookieTokenDoesNotThrow(HttpContext httpContext)
[14:07:19 INF] HTTP GET /Account/Login responded 200 in 232.0328 ms
[14:07:19 INF] HTTP GET /Biktal.WebMVC.styles.css responded 200 in 92.8842 ms
[14:07:19 INF] HTTP GET /js/site.js responded 200 in 88.7561 ms
[14:07:19 INF] HTTP GET /css/site.css responded 200 in 103.6456 ms
[14:07:19 INF] HTTP GET /lib/bootstrap/dist/css/bootstrap.min.css responded 200 in 102.6951 ms
[14:07:19 INF] HTTP GET /lib/jquery-validation-unobtrusive/dist/jquery.validate.unobtrusive.min.js responded 200 in 54.6882 ms
[14:07:19 INF] HTTP GET /lib/jquery/dist/jquery.min.js responded 200 in 91.6740 ms
[14:07:19 INF] HTTP GET /lib/jquery-validation/dist/jquery.validate.min.js responded 200 in 90.9757 ms
[14:07:19 INF] HTTP GET /lib/bootstrap/dist/js/bootstrap.bundle.min.js responded 200 in 93.5033 ms
[14:07:29 INF] HTTP POST /Account/Login responded 302 in 545.9695 ms
[14:07:30 INF] HTTP GET /Inventory/Products responded 200 in 560.4577 ms
[14:07:30 INF] HTTP GET /Biktal.WebMVC.styles.css responded 304 in 38.5975 ms
[14:07:30 INF] HTTP GET /css/site.css responded 304 in 40.6741 ms
[14:07:30 INF] HTTP GET /lib/bootstrap/dist/css/bootstrap.min.css responded 304 in 106.8872 ms
[14:07:31 INF] HTTP GET /lib/jquery/dist/jquery.min.js responded 304 in 30.6324 ms
[14:07:31 INF] HTTP GET /js/site.js responded 304 in 20.4014 ms
[14:07:31 INF] HTTP GET /js/products-catalog-filter.js responded 200 in 20.7462 ms
[14:07:31 INF] HTTP GET /lib/jquery-validation/dist/jquery.validate.min.js responded 304 in 29.4527 ms
[14:07:31 INF] HTTP GET /lib/jquery-validation-unobtrusive/dist/jquery.validate.unobtrusive.min.js responded 304 in 18.7940 ms
[14:07:31 INF] HTTP GET /lib/bootstrap/dist/js/bootstrap.bundle.min.js responded 304 in 133.6126 ms
[14:08:33 INF] HTTP POST /Inventory/EditProduct responded 302 in 200.2213 ms
[14:08:33 INF] HTTP GET /Inventory/Products responded 200 in 224.4290 ms
[14:08:33 INF] HTTP GET /css/site.css responded 200 in 1.6094 ms
[14:08:33 INF] HTTP GET /lib/bootstrap/dist/css/bootstrap.min.css responded 200 in 2.5556 ms
[14:08:33 INF] HTTP GET /Biktal.WebMVC.styles.css responded 200 in 3.2839 ms
[14:08:34 INF] HTTP GET /lib/jquery/dist/jquery.min.js responded 200 in 1.3266 ms
[14:08:34 INF] HTTP GET /lib/jquery-validation/dist/jquery.validate.min.js responded 200 in 1.3470 ms
[14:08:34 INF] HTTP GET /js/site.js responded 200 in 2.9715 ms
[14:08:34 INF] HTTP GET /lib/bootstrap/dist/js/bootstrap.bundle.min.js responded 200 in 4.0810 ms
[14:08:34 INF] HTTP GET /lib/jquery-validation-unobtrusive/dist/jquery.validate.unobtrusive.min.js responded 200 in 5.8694 ms
[14:08:34 INF] HTTP GET /js/products-catalog-filter.js responded 200 in 2.8693 ms
[14:10:04 INF] HTTP GET /Inventory/Products responded 200 in 83.8613 ms
[14:10:04 INF] HTTP GET /lib/bootstrap/dist/css/bootstrap.min.css responded 200 in 3.0880 ms
[14:10:04 INF] HTTP GET /css/site.css responded 200 in 2.2176 ms
[14:10:04 INF] HTTP GET /Biktal.WebMVC.styles.css responded 200 in 2.0974 ms
[14:10:05 INF] HTTP GET /lib/jquery/dist/jquery.min.js responded 200 in 1.7343 ms
[14:10:05 INF] HTTP GET /lib/bootstrap/dist/js/bootstrap.bundle.min.js responded 200 in 1.4296 ms
[14:10:05 INF] HTTP GET /js/site.js responded 200 in 1.1799 ms
[14:10:05 INF] HTTP GET /lib/jquery-validation-unobtrusive/dist/jquery.validate.unobtrusive.min.js responded 200 in 1.4537 ms
[14:10:05 INF] HTTP GET /lib/jquery-validation/dist/jquery.validate.min.js responded 200 in 1.5514 ms
[14:10:05 INF] HTTP GET /js/products-catalog-filter.js responded 200 in 1.4049 ms
[14:10:10 INF] HTTP POST /Inventory/EditProduct responded 302 in 9.8386 ms
[14:10:10 INF] HTTP GET /Inventory/Products responded 200 in 46.1184 ms
[14:10:10 INF] HTTP GET /lib/bootstrap/dist/css/bootstrap.min.css responded 304 in 1.2047 ms
[14:10:10 INF] HTTP GET /css/site.css responded 304 in 0.9405 ms
[14:10:10 INF] HTTP GET /Biktal.WebMVC.styles.css responded 304 in 2.3052 ms
[14:10:11 INF] HTTP GET /lib/jquery/dist/jquery.min.js responded 304 in 0.6131 ms
[14:10:11 INF] HTTP GET /js/site.js responded 304 in 0.7556 ms
[14:10:11 INF] HTTP GET /lib/jquery-validation/dist/jquery.validate.min.js responded 304 in 0.5925 ms
[14:10:11 INF] HTTP GET /lib/bootstrap/dist/js/bootstrap.bundle.min.js responded 304 in 1.5737 ms
[14:10:11 INF] HTTP GET /lib/jquery-validation-unobtrusive/dist/jquery.validate.unobtrusive.min.js responded 304 in 4.4951 ms
[14:10:11 INF] HTTP GET /js/products-catalog-filter.js responded 304 in 1.8250 ms
[14:13:54 INF] HTTP GET /Inventory/Products responded 200 in 149.2123 ms
[14:13:55 INF] HTTP GET /lib/bootstrap/dist/css/bootstrap.min.css responded 200 in 21.5190 ms
[14:13:55 INF] HTTP GET /css/site.css responded 200 in 4.0768 ms
[14:13:55 INF] HTTP GET /Biktal.WebMVC.styles.css responded 200 in 3.3490 ms
[14:13:56 INF] HTTP GET /lib/jquery/dist/jquery.min.js responded 200 in 1.1639 ms
[14:13:56 INF] HTTP GET /lib/bootstrap/dist/js/bootstrap.bundle.min.js responded 200 in 1.4566 ms
[14:13:56 INF] HTTP GET /js/site.js responded 200 in 0.8279 ms
[14:13:56 INF] HTTP GET /lib/jquery-validation/dist/jquery.validate.min.js responded 200 in 1.0624 ms
[14:13:56 INF] HTTP GET /lib/jquery-validation-unobtrusive/dist/jquery.validate.unobtrusive.min.js responded 200 in 1.5379 ms
[14:13:56 INF] HTTP GET /js/products-catalog-filter.js responded 200 in 1.1580 ms
[14:17:19 INF] HTTP GET /Inventory/Products responded 200 in 71.4423 ms
[14:17:19 INF] HTTP GET /css/site.css responded 200 in 1.9622 ms
[14:17:19 INF] HTTP GET /Biktal.WebMVC.styles.css responded 200 in 1.0155 ms
[14:17:19 INF] HTTP GET /lib/bootstrap/dist/css/bootstrap.min.css responded 200 in 1.0281 ms
[14:17:20 INF] HTTP GET /lib/jquery/dist/jquery.min.js responded 200 in 1.0101 ms
[14:17:20 INF] HTTP GET /js/site.js responded 200 in 1.0394 ms
[14:17:20 INF] HTTP GET /lib/jquery-validation/dist/jquery.validate.min.js responded 200 in 0.8700 ms
[14:17:20 INF] HTTP GET /lib/bootstrap/dist/js/bootstrap.bundle.min.js responded 200 in 11.8964 ms
[14:17:20 INF] HTTP GET /js/products-catalog-filter.js responded 200 in 11.0946 ms
[14:17:20 INF] HTTP GET /lib/jquery-validation-unobtrusive/dist/jquery.validate.unobtrusive.min.js responded 200 in 11.4947 ms
[14:27:15 INF] HTTP GET /Inventory/Products responded 200 in 149.3177 ms
[14:27:15 INF] HTTP GET /lib/bootstrap/dist/css/bootstrap.min.css responded 200 in 1.0630 ms
[14:27:15 INF] HTTP GET /Biktal.WebMVC.styles.css responded 200 in 0.8982 ms
[14:27:15 INF] HTTP GET /css/site.css responded 200 in 0.8941 ms
[14:27:16 INF] HTTP GET /lib/jquery/dist/jquery.min.js responded 200 in 0.7353 ms
[14:27:16 INF] HTTP GET /lib/bootstrap/dist/js/bootstrap.bundle.min.js responded 200 in 6.3894 ms
[14:27:16 INF] HTTP GET /js/site.js responded 200 in 6.7382 ms
[14:27:16 INF] HTTP GET /lib/jquery-validation/dist/jquery.validate.min.js responded 200 in 5.3512 ms
[14:27:16 INF] HTTP GET /lib/jquery-validation-unobtrusive/dist/jquery.validate.unobtrusive.min.js responded 200 in 3.3308 ms
[14:27:16 INF] HTTP GET /js/products-catalog-filter.js responded 200 in 3.0583 ms
[14:27:31 INF] HTTP GET /Inventory/Products responded 200 in 69.0574 ms
[14:27:31 INF] HTTP GET /lib/bootstrap/dist/css/bootstrap.min.css responded 200 in 1.6901 ms
[14:27:31 INF] HTTP GET /css/site.css responded 200 in 0.8119 ms
[14:27:31 INF] HTTP GET /Biktal.WebMVC.styles.css responded 200 in 1.1732 ms
[14:27:32 INF] HTTP GET /lib/jquery/dist/jquery.min.js responded 200 in 2.7011 ms
[14:27:32 INF] HTTP GET /lib/bootstrap/dist/js/bootstrap.bundle.min.js responded 200 in 1.7368 ms
[14:27:32 INF] HTTP GET /js/site.js responded 200 in 1.2002 ms
[14:27:32 INF] HTTP GET /lib/jquery-validation-unobtrusive/dist/jquery.validate.unobtrusive.min.js responded 200 in 1.5532 ms
[14:27:32 INF] HTTP GET /lib/jquery-validation/dist/jquery.validate.min.js responded 200 in 1.9142 ms
[14:27:32 INF] HTTP GET /js/products-catalog-filter.js responded 200 in 1.1000 ms
[14:47:37 INF] Application is shutting down...
