[16:02:33 WRN] Using an in-memory repository. Keys will not be persisted to storage.
[16:02:33 WRN] Neither user profile nor HKLM registry available. Using an ephemeral key repository. Protected data will be unavailable when application exits.
[16:02:33 WRN] No XML encryptor configured. Key {bcfa69d9-1543-419e-8b97-5c013615caef} may be persisted to storage in unencrypted form.
[16:02:33 INF] Application started. Press Ctrl+C to shut down.
[16:02:33 INF] Hosting environment: Production
[16:02:33 INF] Content root path: D:\Systems\BiktalSystems\publish
[16:02:34 INF] HTTP GET /Insights/Daily responded 200 in 537.7581 ms
[16:02:34 INF] HTTP GET /Biktal.WebMVC.styles.css responded 200 in 53.0596 ms
[16:02:34 INF] HTTP GET /css/site.css responded 200 in 56.5693 ms
[16:02:34 INF] HTTP GET /lib/bootstrap/dist/css/bootstrap.min.css responded 200 in 62.0250 ms
[16:02:34 INF] HTTP GET /js/site.js responded 200 in 1.5391 ms
[16:02:34 INF] HTTP GET /lib/jquery/dist/jquery.min.js responded 200 in 6.3604 ms
[16:02:34 INF] HTTP GET /lib/bootstrap/dist/js/bootstrap.bundle.min.js responded 200 in 6.8938 ms
[16:02:48 INF] HTTP GET /Insights/Daily responded 200 in 126.9314 ms
[16:02:49 INF] HTTP GET /lib/bootstrap/dist/css/bootstrap.min.css responded 304 in 20.4391 ms
[16:02:49 INF] HTTP GET /css/site.css responded 304 in 30.1448 ms
[16:02:49 INF] HTTP GET /Biktal.WebMVC.styles.css responded 304 in 0.4305 ms
[16:02:49 INF] HTTP GET /lib/jquery/dist/jquery.min.js responded 304 in 46.4545 ms
[16:02:49 INF] HTTP GET /js/site.js responded 304 in 40.8740 ms
[16:02:49 INF] HTTP GET /lib/bootstrap/dist/js/bootstrap.bundle.min.js responded 304 in 182.0588 ms
[16:03:04 INF] HTTP GET /Insights/Daily responded 200 in 23.7556 ms
[16:03:04 INF] HTTP GET /lib/bootstrap/dist/css/bootstrap.min.css responded 200 in 2.3606 ms
[16:03:04 INF] HTTP GET /css/site.css responded 304 in 1.0846 ms
[16:03:04 INF] HTTP GET /Biktal.WebMVC.styles.css responded 304 in 0.4772 ms
[16:03:04 INF] HTTP GET /js/site.js responded 304 in 0.5053 ms
[16:03:04 INF] HTTP GET /lib/bootstrap/dist/js/bootstrap.bundle.min.js responded 304 in 0.2941 ms
[16:03:04 INF] HTTP GET /lib/jquery/dist/jquery.min.js responded 304 in 0.6119 ms
[16:03:36 INF] HTTP GET /Insights/Daily responded 200 in 28.3941 ms
[16:03:36 INF] HTTP GET /lib/bootstrap/dist/css/bootstrap.min.css responded 200 in 2.7989 ms
[16:03:36 INF] HTTP GET /Biktal.WebMVC.styles.css responded 304 in 0.3215 ms
[16:03:36 INF] HTTP GET /css/site.css responded 304 in 0.1969 ms
[16:03:36 INF] HTTP GET /lib/jquery/dist/jquery.min.js responded 304 in 0.4847 ms
[16:03:36 INF] HTTP GET /lib/bootstrap/dist/js/bootstrap.bundle.min.js responded 304 in 0.4031 ms
[16:03:36 INF] HTTP GET /js/site.js responded 304 in 0.4808 ms
[16:15:26 WRN] The query uses the 'First'/'FirstOrDefault' operator without 'OrderBy' and filter operators. This may lead to unpredictable results.
[16:15:26 ERR] An exception was thrown while deserializing the token.
Microsoft.AspNetCore.Antiforgery.AntiforgeryValidationException: The antiforgery token could not be decrypted.
 ---> System.Security.Cryptography.CryptographicException: The key {7a9d9e1a-049c-4616-a83d-43e1c376dbf0} was not found in the key ring. For more information go to https://aka.ms/aspnet/dataprotectionwarning
   at Microsoft.AspNetCore.DataProtection.KeyManagement.KeyRingBasedDataProtector.UnprotectCore(Byte[] protectedData, Boolean allowOperationsOnRevokedKeys, UnprotectStatus& status)
   at Microsoft.AspNetCore.DataProtection.KeyManagement.KeyRingBasedDataProtector.Unprotect(Byte[] protectedData)
   at Microsoft.AspNetCore.Antiforgery.DefaultAntiforgeryTokenSerializer.Deserialize(String serializedToken)
   --- End of inner exception stack trace ---
   at Microsoft.AspNetCore.Antiforgery.DefaultAntiforgeryTokenSerializer.Deserialize(String serializedToken)
   at Microsoft.AspNetCore.Antiforgery.DefaultAntiforgery.GetCookieTokenDoesNotThrow(HttpContext httpContext)
[16:15:26 INF] HTTP GET / responded 200 in 209.1453 ms
[16:15:26 INF] HTTP GET /lib/bootstrap/dist/css/bootstrap.min.css responded 200 in 0.9588 ms
[16:15:26 INF] HTTP GET /css/site.css responded 200 in 0.7155 ms
[16:15:26 INF] HTTP GET /Biktal.WebMVC.styles.css responded 200 in 0.5771 ms
[16:15:26 INF] HTTP GET /lib/jquery/dist/jquery.min.js responded 200 in 2.4682 ms
[16:15:26 INF] HTTP GET /lib/bootstrap/dist/js/bootstrap.bundle.min.js responded 200 in 4.1337 ms
[16:15:26 INF] HTTP GET /js/site.js responded 200 in 7.4754 ms
[16:15:26 INF] HTTP GET /js/pos.js responded 200 in 12.1602 ms
[16:35:38 INF] Application is shutting down...
