[20:30:49 ERR] Failed executing DbCommand (7ms) [Parameters=[@p0='?' (DbType = Guid), @p1='?' (DbType = DateTime), @p2='?' (DbType = Guid), @p3='?', @p4='?' (DbType = DateTime), @p5='?' (DbType = Int32), @p6='?' (DbType = Int32), @p7='?', @p8='?', @p9='?' (DbType = Guid), @p10='?' (DbType = DateTime), @p11='?' (DbType = Guid), @p12='?', @p13='?' (DbType = DateTime), @p14='?' (DbType = Int32), @p15='?' (DbType = Int32), @p16='?', @p17='?'], CommandType='Text', CommandTimeout='30']
INSERT INTO "CrmSupportTickets" ("Id", "CreatedAtUtc", "CustomerId", "Description", "ModifiedAtUtc", "Priority", "Status", "Subject", "TicketNumber")
VALUES (@p0, @p1, @p2, @p3, @p4, @p5, @p6, @p7, @p8);
INSERT INTO "CrmSupportTickets" ("Id", "CreatedAtUtc", "CustomerId", "Description", "ModifiedAtUtc", "Priority", "Status", "Subject", "TicketNumber")
VALUES (@p9, @p10, @p11, @p12, @p13, @p14, @p15, @p16, @p17);
[20:30:49 ERR] An exception occurred in the database while saving changes for context type 'Biktal.Infrastructure.Persistence.ApplicationDbContext'.
Microsoft.EntityFrameworkCore.DbUpdateException: An error occurred while saving the entity changes. See the inner exception for details.
 ---> Npgsql.PostgresException (0x80004005): 23503: insert or update on table "CrmSupportTickets" violates foreign key constraint "FK_CrmSupportTickets_CrmCustomers_CustomerId"

DETAIL: Detail redacted as it may contain sensitive data. Specify 'Include Error Detail' in the connection string to include this information.
   at Npgsql.Internal.NpgsqlConnector.ReadMessageLong(Boolean async, DataRowLoadingMode dataRowLoadingMode, Boolean readingNotifications, Boolean isReadingPrependedMessage)
   at System.Runtime.CompilerServices.PoolingAsyncValueTaskMethodBuilder`1.StateMachineBox`1.System.Threading.Tasks.Sources.IValueTaskSource<TResult>.GetResult(Int16 token)
   at Npgsql.NpgsqlDataReader.NextResult(Boolean async, Boolean isConsuming, CancellationToken cancellationToken)
   at Npgsql.NpgsqlDataReader.NextResult(Boolean async, Boolean isConsuming, CancellationToken cancellationToken)
   at Npgsql.NpgsqlCommand.ExecuteReader(Boolean async, CommandBehavior behavior, CancellationToken cancellationToken)
   at Npgsql.NpgsqlCommand.ExecuteReader(Boolean async, CommandBehavior behavior, CancellationToken cancellationToken)
   at Npgsql.NpgsqlCommand.ExecuteDbDataReaderAsync(CommandBehavior behavior, CancellationToken cancellationToken)
   at Microsoft.EntityFrameworkCore.Storage.RelationalCommand.ExecuteReaderAsync(RelationalCommandParameterObject parameterObject, CancellationToken cancellationToken)
   at Microsoft.EntityFrameworkCore.Storage.RelationalCommand.ExecuteReaderAsync(RelationalCommandParameterObject parameterObject, CancellationToken cancellationToken)
   at Microsoft.EntityFrameworkCore.Update.ReaderModificationCommandBatch.ExecuteAsync(IRelationalConnection connection, CancellationToken cancellationToken)
  Exception data:
    Severity: ERROR
    SqlState: 23503
    MessageText: insert or update on table "CrmSupportTickets" violates foreign key constraint "FK_CrmSupportTickets_CrmCustomers_CustomerId"
    Detail: Detail redacted as it may contain sensitive data. Specify 'Include Error Detail' in the connection string to include this information.
    SchemaName: public
    TableName: CrmSupportTickets
    ConstraintName: FK_CrmSupportTickets_CrmCustomers_CustomerId
    File: ri_triggers.c
    Line: 2783
    Routine: ri_ReportViolation
   --- End of inner exception stack trace ---
   at Microsoft.EntityFrameworkCore.Update.ReaderModificationCommandBatch.ExecuteAsync(IRelationalConnection connection, CancellationToken cancellationToken)
   at Microsoft.EntityFrameworkCore.Update.Internal.BatchExecutor.ExecuteAsync(IEnumerable`1 commandBatches, IRelationalConnection connection, CancellationToken cancellationToken)
   at Microsoft.EntityFrameworkCore.Update.Internal.BatchExecutor.ExecuteAsync(IEnumerable`1 commandBatches, IRelationalConnection connection, CancellationToken cancellationToken)
   at Microsoft.EntityFrameworkCore.Update.Internal.BatchExecutor.ExecuteAsync(IEnumerable`1 commandBatches, IRelationalConnection connection, CancellationToken cancellationToken)
   at Microsoft.EntityFrameworkCore.Storage.RelationalDatabase.SaveChangesAsync(IList`1 entries, CancellationToken cancellationToken)
   at Microsoft.EntityFrameworkCore.ChangeTracking.Internal.StateManager.SaveChangesAsync(IList`1 entriesToSave, CancellationToken cancellationToken)
   at Microsoft.EntityFrameworkCore.ChangeTracking.Internal.StateManager.SaveChangesAsync(StateManager stateManager, Boolean acceptAllChangesOnSuccess, CancellationToken cancellationToken)
   at Npgsql.EntityFrameworkCore.PostgreSQL.Storage.Internal.NpgsqlExecutionStrategy.ExecuteAsync[TState,TResult](TState state, Func`4 operation, Func`4 verifySucceeded, CancellationToken cancellationToken)
   at Microsoft.EntityFrameworkCore.DbContext.SaveChangesAsync(Boolean acceptAllChangesOnSuccess, CancellationToken cancellationToken)
Microsoft.EntityFrameworkCore.DbUpdateException: An error occurred while saving the entity changes. See the inner exception for details.
 ---> Npgsql.PostgresException (0x80004005): 23503: insert or update on table "CrmSupportTickets" violates foreign key constraint "FK_CrmSupportTickets_CrmCustomers_CustomerId"

DETAIL: Detail redacted as it may contain sensitive data. Specify 'Include Error Detail' in the connection string to include this information.
   at Npgsql.Internal.NpgsqlConnector.ReadMessageLong(Boolean async, DataRowLoadingMode dataRowLoadingMode, Boolean readingNotifications, Boolean isReadingPrependedMessage)
   at System.Runtime.CompilerServices.PoolingAsyncValueTaskMethodBuilder`1.StateMachineBox`1.System.Threading.Tasks.Sources.IValueTaskSource<TResult>.GetResult(Int16 token)
   at Npgsql.NpgsqlDataReader.NextResult(Boolean async, Boolean isConsuming, CancellationToken cancellationToken)
   at Npgsql.NpgsqlDataReader.NextResult(Boolean async, Boolean isConsuming, CancellationToken cancellationToken)
   at Npgsql.NpgsqlCommand.ExecuteReader(Boolean async, CommandBehavior behavior, CancellationToken cancellationToken)
   at Npgsql.NpgsqlCommand.ExecuteReader(Boolean async, CommandBehavior behavior, CancellationToken cancellationToken)
   at Npgsql.NpgsqlCommand.ExecuteDbDataReaderAsync(CommandBehavior behavior, CancellationToken cancellationToken)
   at Microsoft.EntityFrameworkCore.Storage.RelationalCommand.ExecuteReaderAsync(RelationalCommandParameterObject parameterObject, CancellationToken cancellationToken)
   at Microsoft.EntityFrameworkCore.Storage.RelationalCommand.ExecuteReaderAsync(RelationalCommandParameterObject parameterObject, CancellationToken cancellationToken)
   at Microsoft.EntityFrameworkCore.Update.ReaderModificationCommandBatch.ExecuteAsync(IRelationalConnection connection, CancellationToken cancellationToken)
  Exception data:
    Severity: ERROR
    SqlState: 23503
    MessageText: insert or update on table "CrmSupportTickets" violates foreign key constraint "FK_CrmSupportTickets_CrmCustomers_CustomerId"
    Detail: Detail redacted as it may contain sensitive data. Specify 'Include Error Detail' in the connection string to include this information.
    SchemaName: public
    TableName: CrmSupportTickets
    ConstraintName: FK_CrmSupportTickets_CrmCustomers_CustomerId
    File: ri_triggers.c
    Line: 2783
    Routine: ri_ReportViolation
   --- End of inner exception stack trace ---
   at Microsoft.EntityFrameworkCore.Update.ReaderModificationCommandBatch.ExecuteAsync(IRelationalConnection connection, CancellationToken cancellationToken)
   at Microsoft.EntityFrameworkCore.Update.Internal.BatchExecutor.ExecuteAsync(IEnumerable`1 commandBatches, IRelationalConnection connection, CancellationToken cancellationToken)
   at Microsoft.EntityFrameworkCore.Update.Internal.BatchExecutor.ExecuteAsync(IEnumerable`1 commandBatches, IRelationalConnection connection, CancellationToken cancellationToken)
   at Microsoft.EntityFrameworkCore.Update.Internal.BatchExecutor.ExecuteAsync(IEnumerable`1 commandBatches, IRelationalConnection connection, CancellationToken cancellationToken)
   at Microsoft.EntityFrameworkCore.Storage.RelationalDatabase.SaveChangesAsync(IList`1 entries, CancellationToken cancellationToken)
   at Microsoft.EntityFrameworkCore.ChangeTracking.Internal.StateManager.SaveChangesAsync(IList`1 entriesToSave, CancellationToken cancellationToken)
   at Microsoft.EntityFrameworkCore.ChangeTracking.Internal.StateManager.SaveChangesAsync(StateManager stateManager, Boolean acceptAllChangesOnSuccess, CancellationToken cancellationToken)
   at Npgsql.EntityFrameworkCore.PostgreSQL.Storage.Internal.NpgsqlExecutionStrategy.ExecuteAsync[TState,TResult](TState state, Func`4 operation, Func`4 verifySucceeded, CancellationToken cancellationToken)
   at Microsoft.EntityFrameworkCore.DbContext.SaveChangesAsync(Boolean acceptAllChangesOnSuccess, CancellationToken cancellationToken)
[20:30:49 ERR] Database migration or seed failed. Check PostgreSQL is running and ConnectionStrings:DefaultConnection is correct.
Microsoft.EntityFrameworkCore.DbUpdateException: An error occurred while saving the entity changes. See the inner exception for details.
 ---> Npgsql.PostgresException (0x80004005): 23503: insert or update on table "CrmSupportTickets" violates foreign key constraint "FK_CrmSupportTickets_CrmCustomers_CustomerId"

DETAIL: Detail redacted as it may contain sensitive data. Specify 'Include Error Detail' in the connection string to include this information.
   at Npgsql.Internal.NpgsqlConnector.ReadMessageLong(Boolean async, DataRowLoadingMode dataRowLoadingMode, Boolean readingNotifications, Boolean isReadingPrependedMessage)
   at System.Runtime.CompilerServices.PoolingAsyncValueTaskMethodBuilder`1.StateMachineBox`1.System.Threading.Tasks.Sources.IValueTaskSource<TResult>.GetResult(Int16 token)
   at Npgsql.NpgsqlDataReader.NextResult(Boolean async, Boolean isConsuming, CancellationToken cancellationToken)
   at Npgsql.NpgsqlDataReader.NextResult(Boolean async, Boolean isConsuming, CancellationToken cancellationToken)
   at Npgsql.NpgsqlCommand.ExecuteReader(Boolean async, CommandBehavior behavior, CancellationToken cancellationToken)
   at Npgsql.NpgsqlCommand.ExecuteReader(Boolean async, CommandBehavior behavior, CancellationToken cancellationToken)
   at Npgsql.NpgsqlCommand.ExecuteDbDataReaderAsync(CommandBehavior behavior, CancellationToken cancellationToken)
   at Microsoft.EntityFrameworkCore.Storage.RelationalCommand.ExecuteReaderAsync(RelationalCommandParameterObject parameterObject, CancellationToken cancellationToken)
   at Microsoft.EntityFrameworkCore.Storage.RelationalCommand.ExecuteReaderAsync(RelationalCommandParameterObject parameterObject, CancellationToken cancellationToken)
   at Microsoft.EntityFrameworkCore.Update.ReaderModificationCommandBatch.ExecuteAsync(IRelationalConnection connection, CancellationToken cancellationToken)
  Exception data:
    Severity: ERROR
    SqlState: 23503
    MessageText: insert or update on table "CrmSupportTickets" violates foreign key constraint "FK_CrmSupportTickets_CrmCustomers_CustomerId"
    Detail: Detail redacted as it may contain sensitive data. Specify 'Include Error Detail' in the connection string to include this information.
    SchemaName: public
    TableName: CrmSupportTickets
    ConstraintName: FK_CrmSupportTickets_CrmCustomers_CustomerId
    File: ri_triggers.c
    Line: 2783
    Routine: ri_ReportViolation
   --- End of inner exception stack trace ---
   at Microsoft.EntityFrameworkCore.Update.ReaderModificationCommandBatch.ExecuteAsync(IRelationalConnection connection, CancellationToken cancellationToken)
   at Microsoft.EntityFrameworkCore.Update.Internal.BatchExecutor.ExecuteAsync(IEnumerable`1 commandBatches, IRelationalConnection connection, CancellationToken cancellationToken)
   at Microsoft.EntityFrameworkCore.Update.Internal.BatchExecutor.ExecuteAsync(IEnumerable`1 commandBatches, IRelationalConnection connection, CancellationToken cancellationToken)
   at Microsoft.EntityFrameworkCore.Update.Internal.BatchExecutor.ExecuteAsync(IEnumerable`1 commandBatches, IRelationalConnection connection, CancellationToken cancellationToken)
   at Microsoft.EntityFrameworkCore.Storage.RelationalDatabase.SaveChangesAsync(IList`1 entries, CancellationToken cancellationToken)
   at Microsoft.EntityFrameworkCore.ChangeTracking.Internal.StateManager.SaveChangesAsync(IList`1 entriesToSave, CancellationToken cancellationToken)
   at Microsoft.EntityFrameworkCore.ChangeTracking.Internal.StateManager.SaveChangesAsync(StateManager stateManager, Boolean acceptAllChangesOnSuccess, CancellationToken cancellationToken)
   at Npgsql.EntityFrameworkCore.PostgreSQL.Storage.Internal.NpgsqlExecutionStrategy.ExecuteAsync[TState,TResult](TState state, Func`4 operation, Func`4 verifySucceeded, CancellationToken cancellationToken)
   at Microsoft.EntityFrameworkCore.DbContext.SaveChangesAsync(Boolean acceptAllChangesOnSuccess, CancellationToken cancellationToken)
   at Microsoft.EntityFrameworkCore.DbContext.SaveChangesAsync(Boolean acceptAllChangesOnSuccess, CancellationToken cancellationToken)
   at Biktal.Infrastructure.Persistence.CrmDataSeeder.SeedIfEmptyAsync(ApplicationDbContext db, CancellationToken cancellationToken)
   at Program.<Main>$(String[] args) in d:\Systems\BiktalSystems\Program.cs:line 71
[20:30:49 WRN] Continuing without a successful migration/seed. Auth and data pages may fail until the database is available.
[20:30:49 WRN] Using an in-memory repository. Keys will not be persisted to storage.
[20:30:49 WRN] Neither user profile nor HKLM registry available. Using an ephemeral key repository. Protected data will be unavailable when application exits.
[20:30:49 WRN] No XML encryptor configured. Key {226393dc-93f0-49cb-8ec3-bfab6fb6216a} may be persisted to storage in unencrypted form.
[20:30:49 INF] Application started. Press Ctrl+C to shut down.
[20:30:49 INF] Hosting environment: Production
[20:30:49 INF] Content root path: D:\Systems\BiktalSystems\publish
[20:30:50 INF] HTTP GET /Pos responded 302 in 89.7005 ms
[20:30:50 ERR] An exception was thrown while deserializing the token.
Microsoft.AspNetCore.Antiforgery.AntiforgeryValidationException: The antiforgery token could not be decrypted.
 ---> System.Security.Cryptography.CryptographicException: The key {e3fd8e81-94d1-496d-ad62-5d6386a54500} was not found in the key ring. For more information go to https://aka.ms/aspnet/dataprotectionwarning
   at Microsoft.AspNetCore.DataProtection.KeyManagement.KeyRingBasedDataProtector.UnprotectCore(Byte[] protectedData, Boolean allowOperationsOnRevokedKeys, UnprotectStatus& status)
   at Microsoft.AspNetCore.DataProtection.KeyManagement.KeyRingBasedDataProtector.Unprotect(Byte[] protectedData)
   at Microsoft.AspNetCore.Antiforgery.DefaultAntiforgeryTokenSerializer.Deserialize(String serializedToken)
   --- End of inner exception stack trace ---
   at Microsoft.AspNetCore.Antiforgery.DefaultAntiforgeryTokenSerializer.Deserialize(String serializedToken)
   at Microsoft.AspNetCore.Antiforgery.DefaultAntiforgery.GetCookieTokenDoesNotThrow(HttpContext httpContext)
[20:30:50 INF] HTTP GET /Account/Login responded 200 in 281.6579 ms
[20:30:50 INF] HTTP GET /Biktal.WebMVC.styles.css responded 200 in 99.5841 ms
[20:30:50 INF] HTTP GET /css/site.css responded 200 in 133.1325 ms
[20:30:50 INF] HTTP GET /js/site.js responded 200 in 91.5638 ms
[20:30:50 INF] HTTP GET /lib/jquery-validation-unobtrusive/dist/jquery.validate.unobtrusive.min.js responded 200 in 65.7546 ms
[20:30:50 INF] HTTP GET /lib/jquery-validation/dist/jquery.validate.min.js responded 200 in 92.7955 ms
[20:30:50 INF] HTTP GET /lib/jquery/dist/jquery.min.js responded 200 in 99.1836 ms
[20:30:50 INF] HTTP GET /lib/bootstrap/dist/css/bootstrap.min.css responded 200 in 105.6865 ms
[20:30:50 INF] HTTP GET /lib/bootstrap/dist/js/bootstrap.bundle.min.js responded 200 in 99.6159 ms
[20:30:57 INF] HTTP POST /Account/Login responded 302 in 533.9356 ms
[20:30:57 WRN] The query uses the 'First'/'FirstOrDefault' operator without 'OrderBy' and filter operators. This may lead to unpredictable results.
[20:30:57 INF] HTTP GET /Pos responded 200 in 109.6622 ms
[20:30:57 INF] HTTP GET /Biktal.WebMVC.styles.css responded 200 in 3.0481 ms
[20:30:58 INF] HTTP GET /lib/bootstrap/dist/css/bootstrap.min.css responded 200 in 8.3958 ms
[20:30:58 INF] HTTP GET /lib/jquery/dist/jquery.min.js responded 304 in 35.7793 ms
[20:30:58 INF] HTTP GET /css/site.css responded 200 in 43.2852 ms
[20:30:58 INF] HTTP GET /js/site.js responded 304 in 23.2953 ms
[20:30:58 INF] HTTP GET /js/pos.js responded 200 in 17.6574 ms
[20:30:58 INF] HTTP GET /lib/bootstrap/dist/js/bootstrap.bundle.min.js responded 304 in 192.3118 ms
[20:31:04 INF] HTTP GET /Inventory responded 200 in 263.5093 ms
[20:31:04 INF] HTTP GET /lib/bootstrap/dist/css/bootstrap.min.css responded 304 in 12.1816 ms
[20:31:04 INF] HTTP GET /css/site.css responded 304 in 2.5127 ms
[20:31:04 INF] HTTP GET /lib/jquery/dist/jquery.min.js responded 304 in 1.3151 ms
[20:31:04 INF] HTTP GET /js/site.js responded 304 in 2.7587 ms
[20:31:04 INF] HTTP GET /Biktal.WebMVC.styles.css responded 304 in 2.0598 ms
[20:31:04 INF] HTTP GET /lib/bootstrap/dist/js/bootstrap.bundle.min.js responded 304 in 2.5736 ms
[20:31:08 INF] HTTP GET /Inventory/Products responded 200 in 270.2250 ms
[20:31:08 INF] HTTP GET /lib/bootstrap/dist/css/bootstrap.min.css responded 200 in 5.0354 ms
[20:31:08 INF] HTTP GET /css/site.css responded 304 in 1.0647 ms
[20:31:08 INF] HTTP GET /Biktal.WebMVC.styles.css responded 304 in 0.9634 ms
[20:31:09 INF] HTTP GET /lib/jquery/dist/jquery.min.js responded 304 in 0.6056 ms
[20:31:09 INF] HTTP GET /lib/bootstrap/dist/js/bootstrap.bundle.min.js responded 304 in 0.6222 ms
[20:31:09 INF] HTTP GET /js/site.js responded 304 in 0.5358 ms
[20:31:09 INF] HTTP GET /lib/jquery-validation-unobtrusive/dist/jquery.validate.unobtrusive.min.js responded 304 in 11.4891 ms
[20:31:09 INF] HTTP GET /js/products-catalog-filter.js responded 200 in 1.4853 ms
[20:31:09 INF] HTTP GET /lib/jquery-validation/dist/jquery.validate.min.js responded 304 in 22.6227 ms
[20:31:37 INF] HTTP GET /Inventory responded 200 in 33.3780 ms
[20:31:38 INF] HTTP GET /lib/bootstrap/dist/css/bootstrap.min.css responded 200 in 14.1218 ms
[20:31:38 INF] HTTP GET /css/site.css responded 304 in 2.2071 ms
[20:31:38 INF] HTTP GET /js/site.js responded 304 in 0.6128 ms
[20:31:38 INF] HTTP GET /lib/bootstrap/dist/js/bootstrap.bundle.min.js responded 304 in 0.7165 ms
[20:31:38 INF] HTTP GET /lib/jquery/dist/jquery.min.js responded 304 in 3.0382 ms
[20:31:38 INF] HTTP GET /Biktal.WebMVC.styles.css responded 304 in 1.0754 ms
[20:31:40 INF] HTTP GET /Inventory/Products responded 200 in 104.3783 ms
[20:31:40 INF] HTTP GET /lib/bootstrap/dist/css/bootstrap.min.css responded 304 in 2.7403 ms
[20:31:40 INF] HTTP GET /Biktal.WebMVC.styles.css responded 304 in 0.9610 ms
[20:31:40 INF] HTTP GET /css/site.css responded 304 in 0.5269 ms
[20:31:41 INF] HTTP GET /lib/jquery/dist/jquery.min.js responded 304 in 0.8153 ms
[20:31:41 INF] HTTP GET /lib/bootstrap/dist/js/bootstrap.bundle.min.js responded 304 in 0.5794 ms
[20:31:41 INF] HTTP GET /js/site.js responded 304 in 0.6499 ms
[20:31:41 INF] HTTP GET /lib/jquery-validation-unobtrusive/dist/jquery.validate.unobtrusive.min.js responded 304 in 0.5341 ms
[20:31:41 INF] HTTP GET /js/products-catalog-filter.js responded 304 in 0.4683 ms
[20:31:41 INF] HTTP GET /lib/jquery-validation/dist/jquery.validate.min.js responded 304 in 0.6141 ms
[20:33:03 INF] HTTP POST /Inventory/AddProduct responded 302 in 274.7533 ms
[20:33:03 INF] HTTP GET /Inventory/Products responded 200 in 100.8249 ms
[20:33:03 INF] HTTP GET /Biktal.WebMVC.styles.css responded 200 in 1.1271 ms
[20:33:03 INF] HTTP GET /lib/bootstrap/dist/css/bootstrap.min.css responded 200 in 2.8529 ms
[20:33:03 INF] HTTP GET /css/site.css responded 200 in 0.9299 ms
[20:33:04 INF] HTTP GET /lib/jquery/dist/jquery.min.js responded 200 in 1.2006 ms
[20:33:04 INF] HTTP GET /js/site.js responded 200 in 1.2124 ms
[20:33:04 INF] HTTP GET /lib/bootstrap/dist/js/bootstrap.bundle.min.js responded 200 in 1.6071 ms
[20:33:04 INF] HTTP GET /lib/jquery-validation/dist/jquery.validate.min.js responded 200 in 1.2306 ms
[20:33:04 INF] HTTP GET /lib/jquery-validation-unobtrusive/dist/jquery.validate.unobtrusive.min.js responded 200 in 1.0212 ms
[20:33:04 INF] HTTP GET /js/products-catalog-filter.js responded 200 in 1.8738 ms
[20:33:06 INF] HTTP GET /Pos responded 200 in 25.4862 ms
[20:33:06 INF] HTTP GET /Biktal.WebMVC.styles.css responded 200 in 1.3697 ms
[20:33:06 INF] HTTP GET /css/site.css responded 200 in 1.7827 ms
[20:33:06 INF] HTTP GET /lib/bootstrap/dist/css/bootstrap.min.css responded 200 in 7.2501 ms
[20:33:06 INF] HTTP GET /js/site.js responded 304 in 0.5319 ms
[20:33:06 INF] HTTP GET /js/pos.js responded 200 in 2.2774 ms
[20:33:06 INF] HTTP GET /lib/jquery/dist/jquery.min.js responded 304 in 0.4848 ms
[20:33:06 INF] HTTP GET /lib/bootstrap/dist/js/bootstrap.bundle.min.js responded 304 in 0.8909 ms
[20:33:26 INF] HTTP POST /Pos/CompleteSale responded 200 in 765.6362 ms
[20:33:45 INF] HTTP GET /Dashboard responded 200 in 88.4049 ms
[20:33:45 INF] HTTP GET /css/site.css responded 200 in 1.5491 ms
[20:33:45 INF] HTTP GET /Biktal.WebMVC.styles.css responded 200 in 3.0943 ms
[20:33:45 INF] HTTP GET /lib/jquery/dist/jquery.min.js responded 304 in 0.9744 ms
[20:33:45 INF] HTTP GET /lib/bootstrap/dist/css/bootstrap.min.css responded 200 in 16.6305 ms
[20:33:45 INF] HTTP GET /js/site.js responded 304 in 0.4754 ms
[20:33:45 INF] HTTP GET /lib/bootstrap/dist/js/bootstrap.bundle.min.js responded 304 in 1.6646 ms
[20:34:37 INF] HTTP GET /Inventory responded 200 in 26.6942 ms
[20:34:37 INF] HTTP GET /css/site.css responded 304 in 0.6027 ms
[20:34:37 INF] HTTP GET /Biktal.WebMVC.styles.css responded 304 in 3.3872 ms
[20:34:37 INF] HTTP GET /lib/jquery/dist/jquery.min.js responded 304 in 1.2490 ms
[20:34:37 INF] HTTP GET /lib/bootstrap/dist/css/bootstrap.min.css responded 304 in 1.7824 ms
[20:34:37 INF] HTTP GET /lib/bootstrap/dist/js/bootstrap.bundle.min.js responded 304 in 0.3964 ms
[20:34:37 INF] HTTP GET /js/site.js responded 304 in 1.9141 ms
[20:34:40 INF] HTTP GET /Inventory/Products responded 200 in 104.0088 ms
[20:34:40 INF] HTTP GET /lib/bootstrap/dist/css/bootstrap.min.css responded 304 in 0.5925 ms
[20:34:40 INF] HTTP GET /Biktal.WebMVC.styles.css responded 304 in 0.6591 ms
[20:34:40 INF] HTTP GET /css/site.css responded 304 in 0.7062 ms
[20:34:41 INF] HTTP GET /lib/jquery/dist/jquery.min.js responded 304 in 0.2780 ms
[20:34:41 INF] HTTP GET /lib/bootstrap/dist/js/bootstrap.bundle.min.js responded 304 in 0.5351 ms
[20:34:41 INF] HTTP GET /js/site.js responded 304 in 1.4839 ms
[20:34:41 INF] HTTP GET /lib/jquery-validation/dist/jquery.validate.min.js responded 304 in 0.3219 ms
[20:34:41 INF] HTTP GET /lib/jquery-validation-unobtrusive/dist/jquery.validate.unobtrusive.min.js responded 304 in 0.4502 ms
[20:34:41 INF] HTTP GET /js/products-catalog-filter.js responded 304 in 0.5239 ms
[20:34:42 INF] HTTP GET /Inventory responded 200 in 29.8523 ms
[20:34:42 INF] HTTP GET /lib/bootstrap/dist/css/bootstrap.min.css responded 304 in 0.6773 ms
[20:34:42 INF] HTTP GET /css/site.css responded 304 in 0.7828 ms
[20:34:42 INF] HTTP GET /Biktal.WebMVC.styles.css responded 304 in 0.8289 ms
[20:34:42 INF] HTTP GET /lib/jquery/dist/jquery.min.js responded 304 in 5.8755 ms
[20:34:42 INF] HTTP GET /lib/bootstrap/dist/js/bootstrap.bundle.min.js responded 304 in 0.4308 ms
[20:34:42 INF] HTTP GET /js/site.js responded 304 in 0.8155 ms
[20:34:44 INF] HTTP GET /Inventory/Products responded 200 in 105.8722 ms
[20:34:44 INF] HTTP GET /lib/bootstrap/dist/css/bootstrap.min.css responded 304 in 0.5379 ms
[20:34:44 INF] HTTP GET /css/site.css responded 304 in 0.6506 ms
[20:34:44 INF] HTTP GET /Biktal.WebMVC.styles.css responded 304 in 0.4678 ms
[20:34:45 INF] HTTP GET /lib/jquery/dist/jquery.min.js responded 304 in 0.3570 ms
[20:34:45 INF] HTTP GET /lib/bootstrap/dist/js/bootstrap.bundle.min.js responded 304 in 0.4502 ms
[20:34:45 INF] HTTP GET /js/site.js responded 304 in 0.4903 ms
[20:34:45 INF] HTTP GET /lib/jquery-validation/dist/jquery.validate.min.js responded 304 in 0.4194 ms
[20:34:45 INF] HTTP GET /js/products-catalog-filter.js responded 304 in 0.2392 ms
[20:34:45 INF] HTTP GET /lib/jquery-validation-unobtrusive/dist/jquery.validate.unobtrusive.min.js responded 304 in 0.2907 ms
[20:35:12 INF] HTTP GET /Inventory responded 200 in 20.5871 ms
[20:35:12 INF] HTTP GET /css/site.css responded 304 in 1.1296 ms
[20:35:12 INF] HTTP GET /Biktal.WebMVC.styles.css responded 304 in 0.4792 ms
[20:35:12 INF] HTTP GET /lib/jquery/dist/jquery.min.js responded 304 in 0.3569 ms
[20:35:12 INF] HTTP GET /lib/bootstrap/dist/css/bootstrap.min.css responded 200 in 1.0633 ms
[20:35:12 INF] HTTP GET /js/site.js responded 304 in 0.4564 ms
[20:35:12 INF] HTTP GET /lib/bootstrap/dist/js/bootstrap.bundle.min.js responded 304 in 0.4362 ms
[20:35:31 INF] HTTP GET /Inventory/Products responded 200 in 114.6178 ms
[20:35:31 INF] HTTP GET /css/site.css responded 304 in 0.5216 ms
[20:35:31 INF] HTTP GET /lib/bootstrap/dist/css/bootstrap.min.css responded 200 in 1.0678 ms
[20:35:31 INF] HTTP GET /Biktal.WebMVC.styles.css responded 304 in 0.4242 ms
[20:35:32 INF] HTTP GET /lib/jquery/dist/jquery.min.js responded 304 in 0.3169 ms
[20:35:32 INF] HTTP GET /lib/bootstrap/dist/js/bootstrap.bundle.min.js responded 304 in 0.5697 ms
[20:35:32 INF] HTTP GET /js/site.js responded 304 in 0.3177 ms
[20:35:32 INF] HTTP GET /lib/jquery-validation/dist/jquery.validate.min.js responded 304 in 0.4631 ms
[20:35:32 INF] HTTP GET /lib/jquery-validation-unobtrusive/dist/jquery.validate.unobtrusive.min.js responded 304 in 0.4558 ms
[20:35:32 INF] HTTP GET /js/products-catalog-filter.js responded 304 in 0.2576 ms
[20:35:33 INF] HTTP GET /Dashboard responded 200 in 7.5907 ms
[20:35:33 INF] HTTP GET /css/site.css responded 304 in 0.5880 ms
[20:35:33 INF] HTTP GET /lib/bootstrap/dist/css/bootstrap.min.css responded 304 in 0.8088 ms
[20:35:33 INF] HTTP GET /lib/jquery/dist/jquery.min.js responded 304 in 0.6525 ms
[20:35:33 INF] HTTP GET /lib/bootstrap/dist/js/bootstrap.bundle.min.js responded 304 in 0.4331 ms
[20:35:33 INF] HTTP GET /js/site.js responded 304 in 0.4707 ms
[20:35:33 INF] HTTP GET /Biktal.WebMVC.styles.css responded 304 in 3.6924 ms
[20:36:27 INF] HTTP GET /Pos responded 200 in 262.4640 ms
[20:36:28 INF] HTTP GET /lib/bootstrap/dist/css/bootstrap.min.css responded 200 in 34.7810 ms
[20:36:28 INF] HTTP GET /lib/bootstrap/dist/js/bootstrap.bundle.min.js responded 200 in 2.3222 ms
[20:36:28 INF] HTTP GET /js/pos.js responded 200 in 2.2435 ms
[20:36:28 INF] HTTP GET /css/site.css responded 200 in 1.6201 ms
[20:36:28 INF] HTTP GET /lib/jquery/dist/jquery.min.js responded 200 in 1.7648 ms
[20:36:28 INF] HTTP GET /Biktal.WebMVC.styles.css responded 200 in 14.7456 ms
[20:36:28 INF] HTTP GET /js/site.js responded 200 in 8.8289 ms
[20:36:30 INF] HTTP GET /Inventory responded 200 in 49.8880 ms
[20:36:30 INF] HTTP GET /css/site.css responded 200 in 6.2154 ms
[20:36:30 INF] HTTP GET /lib/bootstrap/dist/css/bootstrap.min.css responded 200 in 6.5216 ms
[20:36:30 INF] HTTP GET /Biktal.WebMVC.styles.css responded 200 in 1.5874 ms
[20:36:30 INF] HTTP GET /lib/jquery/dist/jquery.min.js responded 200 in 1.4630 ms
[20:36:30 INF] HTTP GET /js/site.js responded 200 in 7.0008 ms
[20:36:30 INF] HTTP GET /lib/bootstrap/dist/js/bootstrap.bundle.min.js responded 200 in 7.4219 ms
[20:44:49 INF] HTTP GET /Inventory/Products responded 200 in 294.5350 ms
[20:44:49 INF] HTTP GET /Biktal.WebMVC.styles.css responded 200 in 3.8559 ms
[20:44:49 INF] HTTP GET /lib/bootstrap/dist/css/bootstrap.min.css responded 200 in 2.1251 ms
[20:44:49 INF] HTTP GET /css/site.css responded 200 in 0.9469 ms
[20:44:51 INF] HTTP GET /lib/jquery/dist/jquery.min.js responded 200 in 0.7747 ms
[20:44:51 INF] HTTP GET /js/site.js responded 200 in 1.3942 ms
[20:44:51 INF] HTTP GET /lib/bootstrap/dist/js/bootstrap.bundle.min.js responded 200 in 1.2603 ms
[20:44:51 INF] HTTP GET /lib/jquery-validation-unobtrusive/dist/jquery.validate.unobtrusive.min.js responded 200 in 1.1429 ms
[20:44:51 INF] HTTP GET /lib/jquery-validation/dist/jquery.validate.min.js responded 200 in 1.2187 ms
[20:44:51 INF] HTTP GET /js/products-catalog-filter.js responded 200 in 1.6968 ms
[20:44:52 INF] HTTP GET /Inventory responded 200 in 37.9021 ms
[20:44:53 INF] HTTP GET /css/site.css r