[18:36:42 WRN] Using an in-memory repository. Keys will not be persisted to storage.
[18:36:42 WRN] Neither user profile nor HKLM registry available. Using an ephemeral key repository. Protected data will be unavailable when application exits.
[18:36:42 WRN] No XML encryptor configured. Key {8ea43f08-7dd9-467d-91fb-307270329c32} may be persisted to storage in unencrypted form.
[18:36:42 INF] Application started. Press Ctrl+C to shut down.
[18:36:42 INF] Hosting environment: Production
[18:36:42 INF] Content root path: D:\Systems\BiktalSystems\publish
[18:36:43 WRN] The query uses the 'First'/'FirstOrDefault' operator without 'OrderBy' and filter operators. This may lead to unpredictable results.
[18:36:43 ERR] An exception was thrown while deserializing the token.
Microsoft.AspNetCore.Antiforgery.AntiforgeryValidationException: The antiforgery token could not be decrypted.
 ---> System.Security.Cryptography.CryptographicException: The key {393fbb1a-5f6f-469f-8676-714c769f74ef} was not found in the key ring. For more information go to https://aka.ms/aspnet/dataprotectionwarning
   at Microsoft.AspNetCore.DataProtection.KeyManagement.KeyRingBasedDataProtector.UnprotectCore(Byte[] protectedData, Boolean allowOperationsOnRevokedKeys, UnprotectStatus& status)
   at Microsoft.AspNetCore.DataProtection.KeyManagement.KeyRingBasedDataProtector.Unprotect(Byte[] protectedData)
   at Microsoft.AspNetCore.Antiforgery.DefaultAntiforgeryTokenSerializer.Deserialize(String serializedToken)
   --- End of inner exception stack trace ---
   at Microsoft.AspNetCore.Antiforgery.DefaultAntiforgeryTokenSerializer.Deserialize(String serializedToken)
   at Microsoft.AspNetCore.Antiforgery.DefaultAntiforgery.GetCookieTokenDoesNotThrow(HttpContext httpContext)
[18:36:43 INF] HTTP GET / responded 200 in 442.9902 ms
[18:36:43 INF] HTTP GET /css/site.css responded 200 in 20.8880 ms
[18:36:43 INF] HTTP GET /Biktal.WebMVC.styles.css responded 200 in 28.3437 ms
[18:36:43 INF] HTTP GET /lib/bootstrap/dist/css/bootstrap.min.css responded 200 in 39.0214 ms
[18:36:43 INF] HTTP GET /js/site.js responded 200 in 21.6998 ms
[18:36:43 INF] HTTP GET /lib/jquery/dist/jquery.min.js responded 200 in 23.1992 ms
[18:36:43 INF] HTTP GET /lib/bootstrap/dist/js/bootstrap.bundle.min.js responded 200 in 44.6256 ms
[18:36:43 INF] HTTP GET /js/pos.js responded 200 in 39.8453 ms
[18:37:11 INF] HTTP POST /Pos/CompleteSale responded 200 in 1013.0273 ms
[18:37:37 INF] HTTP GET /Insights responded 302 in 11.1513 ms
[18:37:38 INF] HTTP GET /Insights/Daily responded 200 in 205.5913 ms
[18:37:38 INF] HTTP GET /lib/bootstrap/dist/css/bootstrap.min.css responded 200 in 36.9928 ms
[18:37:38 INF] HTTP GET /Biktal.WebMVC.styles.css responded 200 in 1.2160 ms
[18:37:38 INF] HTTP GET /css/site.css responded 200 in 3.4676 ms
[18:37:38 INF] HTTP GET /js/site.js responded 304 in 37.7254 ms
[18:37:38 INF] HTTP GET /lib/jquery/dist/jquery.min.js responded 304 in 42.9603 ms
[18:37:38 INF] HTTP GET /lib/bootstrap/dist/js/bootstrap.bundle.min.js responded 304 in 155.8555 ms
[18:37:49 INF] HTTP GET /Insights/Monthly responded 200 in 66.5107 ms
[18:37:49 INF] HTTP GET /lib/bootstrap/dist/css/bootstrap.min.css responded 200 in 18.9252 ms
[18:37:49 INF] HTTP GET /css/site.css responded 200 in 1.6437 ms
[18:37:49 INF] HTTP GET /Biktal.WebMVC.styles.css responded 200 in 0.7864 ms
[18:37:49 INF] HTTP GET /lib/jquery/dist/jquery.min.js responded 304 in 0.3171 ms
[18:37:49 INF] HTTP GET /lib/bootstrap/dist/js/bootstrap.bundle.min.js responded 304 in 0.5009 ms
[18:37:49 INF] HTTP GET /js/site.js responded 304 in 0.4315 ms
[18:37:51 INF] HTTP GET /Insights/Daily responded 200 in 22.7051 ms
[18:37:51 INF] HTTP GET /lib/bootstrap/dist/css/bootstrap.min.css responded 304 in 0.2800 ms
[18:37:51 INF] HTTP GET /css/site.css responded 304 in 0.2778 ms
[18:37:51 INF] HTTP GET /Biktal.WebMVC.styles.css responded 304 in 0.2402 ms
[18:37:51 INF] HTTP GET /lib/bootstrap/dist/js/bootstrap.bundle.min.js responded 304 in 0.1641 ms
[18:37:51 INF] HTTP GET /lib/jquery/dist/jquery.min.js responded 304 in 0.4678 ms
[18:37:51 INF] HTTP GET /js/site.js responded 304 in 0.4823 ms
[18:37:52 INF] HTTP GET / responded 200 in 33.8821 ms
[18:37:52 INF] HTTP GET /lib/bootstrap/dist/css/bootstrap.min.css responded 304 in 0.3706 ms
[18:37:52 INF] HTTP GET /css/site.css responded 304 in 0.2446 ms
[18:37:52 INF] HTTP GET /Biktal.WebMVC.styles.css responded 304 in 0.1620 ms
[18:37:52 INF] HTTP GET /lib/jquery/dist/jquery.min.js responded 304 in 0.2520 ms
[18:37:52 INF] HTTP GET /lib/bootstrap/dist/js/bootstrap.bundle.min.js responded 304 in 0.2717 ms
[18:37:52 INF] HTTP GET /js/site.js responded 304 in 0.8132 ms
[18:37:52 INF] HTTP GET /js/pos.js responded 304 in 0.5260 ms
[18:58:19 INF] Application is shutting down...
