[16:20:06 WRN] Using an in-memory repository. Keys will not be persisted to storage.
[16:20:06 WRN] Neither user profile nor HKLM registry available. Using an ephemeral key repository. Protected data will be unavailable when application exits.
[16:20:06 WRN] No XML encryptor configured. Key {fccd0468-b772-433a-bb59-b7eeffad4fb8} may be persisted to storage in unencrypted form.
[16:20:06 INF] Application started. Press Ctrl+C to shut down.
[16:20:06 INF] Hosting environment: Production
[16:20:06 INF] Content root path: D:\Systems\BiktalSystems\publish
[16:20:06 ERR] An exception was thrown while deserializing the token.
Microsoft.AspNetCore.Antiforgery.AntiforgeryValidationException: The antiforgery token could not be decrypted.
 ---> System.Security.Cryptography.CryptographicException: The key {89cce94e-c2ea-4b5b-be52-b145f8a4799e} was not found in the key ring. For more information go to https://aka.ms/aspnet/dataprotectionwarning
   at Microsoft.AspNetCore.DataProtection.KeyManagement.KeyRingBasedDataProtector.UnprotectCore(Byte[] protectedData, Boolean allowOperationsOnRevokedKeys, UnprotectStatus& status)
   at Microsoft.AspNetCore.DataProtection.KeyManagement.KeyRingBasedDataProtector.Unprotect(Byte[] protectedData)
   at Microsoft.AspNetCore.Antiforgery.DefaultAntiforgeryTokenSerializer.Deserialize(String serializedToken)
   --- End of inner exception stack trace ---
   at Microsoft.AspNetCore.Antiforgery.DefaultAntiforgeryTokenSerializer.Deserialize(String serializedToken)
   at Microsoft.AspNetCore.Antiforgery.DefaultAntiforgery.GetCookieTokenDoesNotThrow(HttpContext httpContext)
[16:20:07 INF] HTTP GET /Inventory/Products responded 200 in 666.2984 ms
[16:20:07 INF] HTTP GET /lib/bootstrap/dist/css/bootstrap.min.css responded 200 in 42.0998 ms
[16:20:07 INF] HTTP GET /css/site.css responded 200 in 42.0961 ms
[16:20:07 INF] HTTP GET /Biktal.WebMVC.styles.css responded 200 in 41.5303 ms
[16:20:08 INF] HTTP GET /lib/jquery/dist/jquery.min.js responded 200 in 6.4674 ms
[16:20:08 INF] HTTP GET /js/site.js responded 200 in 2.6279 ms
[16:20:08 INF] HTTP GET /lib/jquery-validation/dist/jquery.validate.min.js responded 200 in 2.3105 ms
[16:20:08 INF] HTTP GET /js/products-catalog-filter.js responded 200 in 2.1861 ms
[16:20:08 INF] HTTP GET /lib/jquery-validation-unobtrusive/dist/jquery.validate.unobtrusive.min.js responded 200 in 68.6362 ms
[16:20:08 INF] HTTP GET /lib/bootstrap/dist/js/bootstrap.bundle.min.js responded 200 in 4.2406 ms
[16:20:42 INF] HTTP POST /Inventory/AddProduct responded 302 in 386.7357 ms
[16:20:42 INF] HTTP GET /Inventory/Products responded 200 in 237.1458 ms
[16:20:42 INF] HTTP GET /lib/bootstrap/dist/css/bootstrap.min.css responded 200 in 1.7491 ms
[16:20:42 INF] HTTP GET /Biktal.WebMVC.styles.css responded 200 in 2.1000 ms
[16:20:42 INF] HTTP GET /css/site.css responded 200 in 5.7479 ms
[16:20:43 INF] HTTP GET /lib/jquery/dist/jquery.min.js responded 304 in 30.0460 ms
[16:20:43 INF] HTTP GET /js/site.js responded 304 in 20.4413 ms
[16:20:43 INF] HTTP GET /js/products-catalog-filter.js responded 304 in 0.3108 ms
[16:20:43 INF] HTTP GET /lib/jquery-validation-unobtrusive/dist/jquery.validate.unobtrusive.min.js responded 304 in 15.4700 ms
[16:20:43 INF] HTTP GET /lib/jquery-validation/dist/jquery.validate.min.js responded 304 in 22.6452 ms
[16:20:43 INF] HTTP GET /lib/bootstrap/dist/js/bootstrap.bundle.min.js responded 304 in 118.7166 ms
[16:23:31 INF] HTTP POST /Inventory/AddProduct responded 302 in 25.6267 ms
[16:23:31 INF] HTTP GET /Inventory/Products responded 200 in 222.1728 ms
[16:23:31 INF] HTTP GET /lib/bootstrap/dist/css/bootstrap.min.css responded 200 in 2.8907 ms
[16:23:31 INF] HTTP GET /Biktal.WebMVC.styles.css responded 200 in 0.8751 ms
[16:23:31 INF] HTTP GET /css/site.css responded 200 in 1.8145 ms
[16:23:32 INF] HTTP GET /lib/jquery/dist/jquery.min.js responded 200 in 0.9521 ms
[16:23:32 INF] HTTP GET /js/site.js responded 200 in 0.7778 ms
[16:23:32 INF] HTTP GET /lib/bootstrap/dist/js/bootstrap.bundle.min.js responded 200 in 1.2487 ms
[16:23:32 INF] HTTP GET /js/products-catalog-filter.js responded 200 in 0.7257 ms
[16:23:32 INF] HTTP GET /lib/jquery-validation-unobtrusive/dist/jquery.validate.unobtrusive.min.js responded 200 in 1.5995 ms
[16:23:32 INF] HTTP GET /lib/jquery-validation/dist/jquery.validate.min.js responded 200 in 1.5263 ms
[16:23:34 WRN] The query uses the 'First'/'FirstOrDefault' operator without 'OrderBy' and filter operators. This may lead to unpredictable results.
[16:23:34 INF] HTTP GET / responded 200 in 96.5197 ms
[16:23:34 INF] HTTP GET /lib/bootstrap/dist/css/bootstrap.min.css responded 304 in 0.3632 ms
[16:23:34 INF] HTTP GET /css/site.css responded 304 in 0.2499 ms
[16:23:34 INF] HTTP GET /Biktal.WebMVC.styles.css responded 304 in 0.3643 ms
[16:23:34 INF] HTTP GET /lib/bootstrap/dist/js/bootstrap.bundle.min.js responded 304 in 0.3028 ms
[16:23:34 INF] HTTP GET /lib/jquery/dist/jquery.min.js responded 304 in 0.2844 ms
[16:23:34 INF] HTTP GET /js/site.js responded 304 in 0.7021 ms
[16:23:34 INF] HTTP GET /js/pos.js responded 200 in 2.7115 ms
[16:24:10 INF] HTTP POST /Pos/CompleteSale responded 200 in 671.8388 ms
[16:24:14 WRN] The query uses the 'First'/'FirstOrDefault' operator without 'OrderBy' and filter operators. This may lead to unpredictable results.
[16:24:14 WRN] The query uses the 'First'/'FirstOrDefault' operator without 'OrderBy' and filter operators. This may lead to unpredictable results.
[16:24:14 INF] HTTP GET /Operations responded 200 in 130.9374 ms
[16:24:14 INF] HTTP GET /lib/bootstrap/dist/css/bootstrap.min.css responded 200 in 1.4294 ms
[16:24:14 INF] HTTP GET /css/site.css responded 200 in 0.7501 ms
[16:24:14 INF] HTTP GET /Biktal.WebMVC.styles.css responded 200 in 0.6578 ms
[16:24:14 INF] HTTP GET /lib/jquery/dist/jquery.min.js responded 200 in 2.8217 ms
[16:24:14 INF] HTTP GET /lib/bootstrap/dist/js/bootstrap.bundle.min.js responded 200 in 0.6266 ms
[16:24:14 INF] HTTP GET /js/site.js responded 200 in 0.9142 ms
[16:24:18 INF] HTTP GET /Operations/DailySales responded 200 in 58.1286 ms
[16:24:18 INF] HTTP GET /lib/bootstrap/dist/css/bootstrap.min.css responded 304 in 0.3833 ms
[16:24:18 INF] HTTP GET /css/site.css responded 304 in 0.2546 ms
[16:24:18 INF] HTTP GET /Biktal.WebMVC.styles.css responded 304 in 0.6843 ms
[16:24:18 INF] HTTP GET /lib/jquery/dist/jquery.min.js responded 304 in 0.4573 ms
[16:24:18 INF] HTTP GET /lib/bootstrap/dist/js/bootstrap.bundle.min.js responded 304 in 0.2703 ms
[16:24:18 INF] HTTP GET /js/site.js responded 304 in 0.1870 ms
[16:24:22 INF] HTTP GET /Insights responded 302 in 2.4771 ms
[16:24:22 INF] HTTP GET /Insights/Daily responded 200 in 127.5871 ms
[16:24:22 INF] HTTP GET /lib/bootstrap/dist/css/bootstrap.min.css responded 304 in 0.1725 ms
[16:24:22 INF] HTTP GET /css/site.css responded 304 in 0.2639 ms
[16:24:22 INF] HTTP GET /Biktal.WebMVC.styles.css responded 304 in 0.2043 ms
[16:24:22 INF] HTTP GET /lib/bootstrap/dist/js/bootstrap.bundle.min.js responded 304 in 0.2526 ms
[16:24:22 INF] HTTP GET /lib/jquery/dist/jquery.min.js responded 304 in 0.1896 ms
[16:24:22 INF] HTTP GET /js/site.js responded 304 in 2.1709 ms
[16:25:03 INF] HTTP GET /Insights/Monthly responded 200 in 54.3899 ms
[16:25:03 INF] HTTP GET /css/site.css responded 304 in 0.1679 ms
[16:25:03 INF] HTTP GET /Biktal.WebMVC.styles.css responded 304 in 0.1524 ms
[16:25:03 INF] HTTP GET /lib/jquery/dist/jquery.min.js responded 304 in 0.1322 ms
[16:25:03 INF] HTTP GET /lib/bootstrap/dist/js/bootstrap.bundle.min.js responded 304 in 0.1101 ms
[16:25:03 INF] HTTP GET /js/site.js responded 304 in 0.1027 ms
[16:25:03 INF] HTTP GET /lib/bootstrap/dist/css/bootstrap.min.css responded 200 in 21.7965 ms
[16:25:49 INF] HTTP GET /Operations responded 200 in 85.1999 ms
[16:25:50 INF] HTTP GET /lib/bootstrap/dist/css/bootstrap.min.css responded 200 in 0.7750 ms
[16:25:50 INF] HTTP GET /css/site.css responded 200 in 0.6355 ms
[16:25:50 INF] HTTP GET /Biktal.WebMVC.styles.css responded 200 in 1.1671 ms
[16:25:50 INF] HTTP GET /lib/jquery/dist/jquery.min.js responded 200 in 0.8232 ms
[16:25:50 INF] HTTP GET /js/site.js responded 200 in 0.7138 ms
[16:25:50 INF] HTTP GET /lib/bootstrap/dist/js/bootstrap.bundle.min.js responded 200 in 0.9550 ms
[16:25:53 INF] HTTP GET /Finance responded 200 in 47.2744 ms
[16:25:53 INF] HTTP GET /lib/bootstrap/dist/css/bootstrap.min.css responded 304 in 0.4945 ms
[16:25:53 INF] HTTP GET /css/site.css responded 304 in 0.2536 ms
[16:25:53 INF] HTTP GET /Biktal.WebMVC.styles.css responded 304 in 0.9819 ms
[16:25:53 INF] HTTP GET /js/site.js responded 304 in 0.4088 ms
[16:25:53 INF] HTTP GET /lib/jquery/dist/jquery.min.js responded 304 in 0.1658 ms
[16:25:53 INF] HTTP GET /lib/bootstrap/dist/js/bootstrap.bundle.min.js responded 304 in 0.1944 ms
[16:26:13 INF] HTTP GET /Crm responded 200 in 77.2437 ms
[16:26:13 INF] HTTP GET /lib/bootstrap/dist/css/bootstrap.min.css responded 200 in 4.5752 ms
[16:26:13 INF] HTTP GET /css/site.css responded 304 in 0.2765 ms
[16:26:13 INF] HTTP GET /Biktal.WebMVC.styles.css responded 304 in 0.3004 ms
[16:26:13 INF] HTTP GET /lib/jquery/dist/jquery.min.js responded 304 in 0.1353 ms
[16:26:13 INF] HTTP GET /js/site.js responded 304 in 0.1256 ms
[16:26:13 INF] HTTP GET /lib/bootstrap/dist/js/bootstrap.bundle.min.js responded 304 in 0.3749 ms
[16:26:17 INF] HTTP GET /Installments responded 200 in 96.8984 ms
[16:26:17 INF] HTTP GET /lib/bootstrap/dist/css/bootstrap.min.css responded 304 in 0.1621 ms
[16:26:17 INF] HTTP GET /Biktal.WebMVC.styles.css responded 304 in 0.1293 ms
[16:26:17 INF] HTTP GET /css/site.css responded 304 in 0.1271 ms
[16:26:17 INF] HTTP GET /lib/bootstrap/dist/js/bootstrap.bundle.min.js responded 304 in 0.1523 ms
[16:26:17 INF] HTTP GET /lib/jquery/dist/jquery.min.js responded 304 in 1.9674 ms
[16:26:17 INF] HTTP GET /js/site.js responded 304 in 0.1282 ms
[16:26:22 WRN] Compiling a query which loads related collections for more than one collection navigation, either via 'Include' or through projection, but no 'QuerySplittingBehavior' has been configured. By default, Entity Framework will use 'QuerySplittingBehavior.SingleQuery', which can potentially result in slow query performance. See https://go.microsoft.com/fwlink/?linkid=2134277 for more information. To identify the query that's triggering this warning call 'ConfigureWarnings(w => w.Throw(RelationalEventId.MultipleCollectionIncludeWarning))'.
[16:26:22 INF] HTTP GET /Installments/Detail/a23fa99f-6a75-497f-bb6e-894f812472ea responded 200 in 90.6263 ms
[16:26:22 INF] HTTP GET /lib/bootstrap/dist/css/bootstrap.min.css responded 304 in 0.1525 ms
[16:26:22 INF] HTTP GET /css/site.css responded 304 in 0.1537 ms
[16:26:22 INF] HTTP GET /Biktal.WebMVC.styles.css responded 304 in 0.1327 ms
[16:26:22 INF] HTTP GET /lib/jquery/dist/jquery.min.js responded 304 in 0.1060 ms
[16:26:22 INF] HTTP GET /lib/bootstrap/dist/js/bootstrap.bundle.min.js responded 304 in 0.0928 ms
[16:26:22 INF] HTTP GET /js/site.js responded 304 in 0.2649 ms
[16:26:22 INF] HTTP GET /lib/jquery-validation/dist/jquery.validate.min.js responded 200 in 2.0683 ms
[16:26:22 INF] HTTP GET /lib/jquery-validation-unobtrusive/dist/jquery.validate.unobtrusive.min.js responded 200 in 1.0228 ms
[16:26:35 INF] HTTP GET /Installments responded 200 in 14.8271 ms
[16:26:35 INF] HTTP GET /lib/bootstrap/dist/css/bootstrap.min.css responded 200 in 0.6946 ms
[16:26:35 INF] HTTP GET /css/site.css responded 304 in 0.3015 ms
[16:26:35 INF] HTTP GET /lib/jquery/dist/jquery.min.js responded 304 in 0.1022 ms
[16:26:35 INF] HTTP GET /lib/bootstrap/dist/js/bootstrap.bundle.min.js responded 304 in 0.0905 ms
[16:26:35 INF] HTTP GET /js/site.js responded 304 in 0.0977 ms
[16:26:35 INF] HTTP GET /Biktal.WebMVC.styles.css responded 304 in 4.0373 ms
[16:26:40 INF] HTTP GET /Installments/Detail/a23fa99f-6a75-497f-bb6e-894f812472ea responded 200 in 8.4230 ms
[16:26:40 INF] HTTP GET /lib/bootstrap/dist/css/bootstrap.min.css responded 304 in 0.1639 ms
[16:26:40 INF] HTTP GET /css/site.css responded 304 in 0.2030 ms
[16:26:40 INF] HTTP GET /Biktal.WebMVC.styles.css responded 304 in 0.2175 ms
[16:26:40 INF] HTTP GET /lib/jquery/dist/jquery.min.js responded 304 in 0.3576 ms
[16:26:40 INF] HTTP GET /lib/bootstrap/dist/js/bootstrap.bundle.min.js responded 304 in 0.1560 ms
[16:26:40 INF] HTTP GET /lib/jquery-validation/dist/jquery.validate.min.js responded 304 in 0.1485 ms
[16:26:40 INF] HTTP GET /js/site.js responded 304 in 0.1096 ms
[16:26:40 INF] HTTP GET /lib/jquery-validation-unobtrusive/dist/jquery.validate.unobtrusive.min.js responded 304 in 0.1813 ms
[16:26:43 INF] HTTP GET /Installments responded 200 in 10.0126 ms
[16:26:43 INF] HTTP GET /lib/bootstrap/dist/css/bootstrap.min.css responded 200 in 0.7734 ms
[16:26:43 INF] HTTP GET /Biktal.WebMVC.styles.css responded 304 in 0.1498 ms
[16:26:43 INF] HTTP GET /css/site.css responded 304 in 0.1233 ms
[16:26:43 INF] HTTP GET /lib/jquery/dist/jquery.min.js responded 304 in 0.1524 ms
[16:26:43 INF] HTTP GET /lib/bootstrap/dist/js/bootstrap.bundle.min.js responded 304 in 0.1637 ms
[16:26:43 INF] HTTP GET /js/site.js responded 304 in 0.2430 ms
[16:26:44 INF] HTTP GET /Installments/New responded 200 in 100.6091 ms
[16:26:44 INF] HTTP GET /css/site.css responded 304 in 0.8578 ms
[16:26:44 INF] HTTP GET /lib/bootstrap/dist/css/bootstrap.min.css responded 304 in 0.1709 ms
[16:26:44 INF] HTTP GET /Biktal.WebMVC.styles.css responded 304 in 0.0828 ms
[16:26:44 INF] HTTP GET /lib/jquery/dist/jquery.min.js responded 304 in 0.1149 ms
[16:26:44 INF] HTTP GET /lib/bootstrap/dist/js/bootstrap.bundle.min.js responded 304 in 0.1268 ms
[16:26:44 INF] HTTP GET /js/site.js responded 304 in 0.1869 ms
[16:26:44 INF] HTTP GET /lib/jquery-validation-unobtrusive/dist/jquery.validate.unobtrusive.min.js responded 304 in 0.1425 ms
[16:26:44 INF] HTTP GET /lib/jquery-validation/dist/jquery.validate.min.js responded 304 in 1.2302 ms
[16:28:40 INF] HTTP POST /Installments/Create responded 302 in 205.2510 ms
[16:28:40 INF] HTTP GET /Installments/Detail/c7b633f1-904e-42a2-a20e-068366f3a28a responded 200 in 34.4173 ms
[16:28:40 INF] HTTP GET /lib/bootstrap/dist/css/bootstrap.min.css responded 200 in 2.2033 ms
[16:28:40 INF] HTTP GET /css/site.css responded 200 in 1.6304 ms
[16:28:40 INF] HTTP GET /Biktal.WebMVC.styles.css responded 200 in 0.5898 ms
[16:28:40 INF] HTTP GET /lib/jquery/dist/jquery.min.js responded 200 in 2.0052 ms
[16:28:40 INF] HTTP GET /lib/bootstrap/dist/js/bootstrap.bundle.min.js responded 200 in 0.8704 ms
[16:28:40 INF] HTTP GET /lib/jquery-validation/dist/jquery.validate.min.js responded 200 in 5.0760 ms
[16:28:40 INF] HTTP GET /js/site.js responded 200 in 44.1789 ms
[16:28:40 INF] HTTP GET /lib/jquery-validation-unobtrusive/dist/jquery.validate.unobtrusive.min.js responded 200 in 0.5200 ms
[16:34:15 INF] HTTP GET /Installments responded 200 in 88.0595 ms
[16:34:15 INF] HTTP GET /lib/bootstrap/dist/css/bootstrap.min.css responded 200 in 0.8789 ms
[16:34:15 INF] HTTP GET /css/site.css responded 200 in 1.3666 ms
[16:34:15 INF] HTTP GET /Biktal.WebMVC.styles.css responded 200 in 0.5321 ms
[16:34:15 INF] HTTP GET /js/site.js responded 200 in 1.7023 ms
[16:34:15 INF] HTTP GET /lib/jquery/dist/jquery.min.js responded 200 in 14.5930 ms
[16:34:15 INF] HTTP GET /lib/bootstrap/dist/js/bootstrap.bundle.min.js responded 200 in 5.1692 ms
[16:54:17 INF] Application is shutting down...
