[17:15:55 WRN] Using an in-memory repository. Keys will not be persisted to storage.
[17:15:55 WRN] Neither user profile nor HKLM registry available. Using an ephemeral key repository. Protected data will be unavailable when application exits.
[17:15:56 WRN] No XML encryptor configured. Key {40adc4fc-f182-43bf-9fb3-f4e5466f0681} may be persisted to storage in unencrypted form.
[17:15:56 INF] Application started. Press Ctrl+C to shut down.
[17:15:56 INF] Hosting environment: Production
[17:15:56 INF] Content root path: D:\Systems\BiktalSystems\publish
[17:15:56 WRN] The query uses the 'First'/'FirstOrDefault' operator without 'OrderBy' and filter operators. This may lead to unpredictable results.
[17:15:56 ERR] An exception was thrown while deserializing the token.
Microsoft.AspNetCore.Antiforgery.AntiforgeryValidationException: The antiforgery token could not be decrypted.
 ---> System.Security.Cryptography.CryptographicException: The key {7c76890b-4f77-4886-9c9e-3bc2bfac5ce8} was not found in the key ring. For more information go to https://aka.ms/aspnet/dataprotectionwarning
   at Microsoft.AspNetCore.DataProtection.KeyManagement.KeyRingBasedDataProtector.UnprotectCore(Byte[] protectedData, Boolean allowOperationsOnRevokedKeys, UnprotectStatus& status)
   at Microsoft.AspNetCore.DataProtection.KeyManagement.KeyRingBasedDataProtector.Unprotect(Byte[] protectedData)
   at Microsoft.AspNetCore.Antiforgery.DefaultAntiforgeryTokenSerializer.Deserialize(String serializedToken)
   --- End of inner exception stack trace ---
   at Microsoft.AspNetCore.Antiforgery.DefaultAntiforgeryTokenSerializer.Deserialize(String serializedToken)
   at Microsoft.AspNetCore.Antiforgery.DefaultAntiforgery.GetCookieTokenDoesNotThrow(HttpContext httpContext)
[17:15:56 INF] HTTP GET / responded 200 in 429.7627 ms
[17:15:56 INF] HTTP GET /css/site.css responded 200 in 61.0538 ms
[17:15:56 INF] HTTP GET /lib/bootstrap/dist/css/bootstrap.min.css responded 200 in 72.1754 ms
[17:15:56 INF] HTTP GET /Biktal.WebMVC.styles.css responded 200 in 19.2909 ms
[17:15:57 INF] HTTP GET /js/site.js responded 200 in 1.5496 ms
[17:15:57 INF] HTTP GET /lib/jquery/dist/jquery.min.js responded 200 in 4.3120 ms
[17:15:57 INF] HTTP GET /lib/bootstrap/dist/js/bootstrap.bundle.min.js responded 200 in 4.8507 ms
[17:15:57 INF] HTTP GET /js/pos.js responded 200 in 26.0662 ms
[17:19:50 INF] HTTP GET /lib/bootstrap/dist/css/bootstrap.min.css responded 200 in 1.0706 ms
[17:19:50 INF] HTTP GET /css/site.css responded 200 in 5.9973 ms
[17:19:50 INF] HTTP GET /Inventory/Products responded 200 in 643.1391 ms
[17:19:50 INF] HTTP GET /Biktal.WebMVC.styles.css responded 200 in 1.4256 ms
[17:19:51 INF] HTTP GET /lib/jquery/dist/jquery.min.js responded 200 in 25.6241 ms
[17:19:51 INF] HTTP GET /lib/jquery-validation-unobtrusive/dist/jquery.validate.unobtrusive.min.js responded 200 in 1.8894 ms
[17:19:51 INF] HTTP GET /lib/jquery-validation/dist/jquery.validate.min.js responded 200 in 4.4136 ms
[17:19:51 INF] HTTP GET /js/site.js responded 200 in 21.3051 ms
[17:19:51 INF] HTTP GET /js/products-catalog-filter.js responded 200 in 21.3051 ms
[17:19:51 INF] HTTP GET /lib/bootstrap/dist/js/bootstrap.bundle.min.js responded 200 in 120.7475 ms
[17:20:08 INF] HTTP GET /Inventory/Products responded 200 in 225.2507 ms
[17:20:08 INF] HTTP GET /css/site.css responded 200 in 1.0027 ms
[17:20:08 INF] HTTP GET /lib/bootstrap/dist/css/bootstrap.min.css responded 200 in 3.0270 ms
[17:20:08 INF] HTTP GET /Biktal.WebMVC.styles.css responded 200 in 2.8558 ms
[17:20:09 INF] HTTP GET /lib/jquery/dist/jquery.min.js responded 304 in 2.0411 ms
[17:20:09 INF] HTTP GET /lib/bootstrap/dist/js/bootstrap.bundle.min.js responded 304 in 0.5103 ms
[17:20:09 INF] HTTP GET /js/site.js responded 304 in 0.2206 ms
[17:20:09 INF] HTTP GET /js/products-catalog-filter.js responded 304 in 2.4440 ms
[17:20:09 INF] HTTP GET /lib/jquery-validation-unobtrusive/dist/jquery.validate.unobtrusive.min.js responded 304 in 11.1646 ms
[17:20:09 INF] HTTP GET /lib/jquery-validation/dist/jquery.validate.min.js responded 304 in 20.6853 ms
[17:22:55 INF] HTTP GET /Inventory/Products responded 200 in 144.3660 ms
[17:22:55 INF] HTTP GET /css/site.css responded 200 in 1.2763 ms
[17:22:55 INF] HTTP GET /lib/bootstrap/dist/css/bootstrap.min.css responded 200 in 2.8090 ms
[17:22:55 INF] HTTP GET /Biktal.WebMVC.styles.css responded 200 in 0.8444 ms
[17:22:56 INF] HTTP GET /lib/jquery/dist/jquery.min.js responded 200 in 1.5690 ms
[17:22:56 INF] HTTP GET /lib/bootstrap/dist/js/bootstrap.bundle.min.js responded 200 in 0.9717 ms
[17:22:56 INF] HTTP GET /lib/jquery-validation/dist/jquery.validate.min.js responded 200 in 0.8567 ms
[17:22:56 INF] HTTP GET /js/site.js responded 200 in 0.5283 ms
[17:22:56 INF] HTTP GET /lib/jquery-validation-unobtrusive/dist/jquery.validate.unobtrusive.min.js responded 200 in 1.7597 ms
[17:22:56 INF] HTTP GET /js/products-catalog-filter.js responded 200 in 0.7294 ms
[17:23:09 INF] HTTP POST /Inventory/EditProduct responded 302 in 247.8278 ms
[17:23:09 INF] HTTP GET /Inventory/Products responded 200 in 48.8617 ms
[17:23:09 INF] HTTP GET /Biktal.WebMVC.styles.css responded 200 in 0.6874 ms
[17:23:09 INF] HTTP GET /css/site.css responded 200 in 1.2518 ms
[17:23:09 INF] HTTP GET /lib/bootstrap/dist/css/bootstrap.min.css responded 200 in 1.7122 ms
[17:23:10 INF] HTTP GET /lib/jquery/dist/jquery.min.js responded 304 in 0.5805 ms
[17:23:10 INF] HTTP GET /lib/bootstrap/dist/js/bootstrap.bundle.min.js responded 304 in 0.1758 ms
[17:23:10 INF] HTTP GET /js/site.js responded 304 in 0.1541 ms
[17:23:10 INF] HTTP GET /lib/jquery-validation-unobtrusive/dist/jquery.validate.unobtrusive.min.js responded 304 in 0.1835 ms
[17:23:10 INF] HTTP GET /js/products-catalog-filter.js responded 304 in 0.1087 ms
[17:23:10 INF] HTTP GET /lib/jquery-validation/dist/jquery.validate.min.js responded 304 in 0.1355 ms
[17:24:26 INF] HTTP GET /Inventory/Products responded 200 in 91.7526 ms
[17:24:26 INF] HTTP GET /lib/bootstrap/dist/css/bootstrap.min.css responded 200 in 7.3776 ms
[17:24:26 INF] HTTP GET /Biktal.WebMVC.styles.css responded 200 in 1.3547 ms
[17:24:26 INF] HTTP GET /css/site.css responded 200 in 1.7740 ms
[17:24:27 INF] HTTP GET /lib/jquery/dist/jquery.min.js responded 200 in 0.8465 ms
[17:24:27 INF] HTTP GET /js/site.js responded 200 in 0.5551 ms
[17:24:27 INF] HTTP GET /lib/bootstrap/dist/js/bootstrap.bundle.min.js responded 200 in 1.3297 ms
[17:24:27 INF] HTTP GET /lib/jquery-validation-unobtrusive/dist/jquery.validate.unobtrusive.min.js responded 200 in 0.6293 ms
[17:24:27 INF] HTTP GET /js/products-catalog-filter.js responded 200 in 0.5942 ms
[17:24:27 INF] HTTP GET /lib/jquery-validation/dist/jquery.validate.min.js responded 200 in 0.5157 ms
[17:24:45 INF] HTTP GET /Inventory/Products responded 200 in 89.7544 ms
[17:24:45 INF] HTTP GET /lib/bootstrap/dist/css/bootstrap.min.css responded 304 in 0.2177 ms
[17:24:45 INF] HTTP GET /Biktal.WebMVC.styles.css responded 304 in 0.1800 ms
[17:24:45 INF] HTTP GET /css/site.css responded 304 in 0.2336 ms
[17:24:45 INF] HTTP GET /lib/jquery/dist/jquery.min.js responded 304 in 0.1796 ms
[17:24:46 INF] HTTP GET /lib/bootstrap/dist/js/bootstrap.bundle.min.js responded 304 in 0.1873 ms
[17:24:46 INF] HTTP GET /js/site.js responded 304 in 0.4633 ms
[17:24:46 INF] HTTP GET /lib/jquery-validation-unobtrusive/dist/jquery.validate.unobtrusive.min.js responded 304 in 0.1646 ms
[17:24:46 INF] HTTP GET /lib/jquery-validation/dist/jquery.validate.min.js responded 304 in 0.2408 ms
[17:24:46 INF] HTTP GET /js/products-catalog-filter.js responded 304 in 1.7398 ms
[17:30:11 INF] HTTP GET / responded 200 in 126.8157 ms
[17:30:12 INF] HTTP GET /lib/bootstrap/dist/css/bootstrap.min.css responded 200 in 5.4188 ms
[17:30:12 INF] HTTP GET /css/site.css responded 200 in 0.8289 ms
[17:30:12 INF] HTTP GET /lib/jquery/dist/jquery.min.js responded 200 in 0.9004 ms
[17:30:12 INF] HTTP GET /Biktal.WebMVC.styles.css responded 200 in 0.8574 ms
[17:30:12 INF] HTTP GET /lib/bootstrap/dist/js/bootstrap.bundle.min.js responded 200 in 1.3437 ms
[17:30:12 INF] HTTP GET /js/site.js responded 200 in 0.5853 ms
[17:30:12 INF] HTTP GET /js/pos.js responded 200 in 0.6310 ms
[17:30:20 INF] HTTP GET /Inventory/Products responded 200 in 66.9801 ms
[17:30:20 INF] HTTP GET /lib/bootstrap/dist/css/bootstrap.min.css responded 200 in 1.0077 ms
[17:30:20 INF] HTTP GET /css/site.css responded 200 in 0.9729 ms
[17:30:20 INF] HTTP GET /Biktal.WebMVC.styles.css responded 200 in 0.8261 ms
[17:30:21 INF] HTTP GET /lib/jquery/dist/jquery.min.js responded 304 in 0.1411 ms
[17:30:21 INF] HTTP GET /lib/bootstrap/dist/js/bootstrap.bundle.min.js responded 304 in 0.1760 ms
[17:30:21 INF] HTTP GET /js/site.js responded 304 in 0.1703 ms
[17:30:21 INF] HTTP GET /lib/jquery-validation/dist/jquery.validate.min.js responded 200 in 0.8710 ms
[17:30:21 INF] HTTP GET /js/products-catalog-filter.js responded 200 in 0.5653 ms
[17:30:21 INF] HTTP GET /lib/jquery-validation-unobtrusive/dist/jquery.validate.unobtrusive.min.js responded 200 in 0.5140 ms
[17:36:11 INF] HTTP POST /Inventory/AddProduct responded 302 in 127.4996 ms
[17:36:11 INF] HTTP GET /Inventory/Products responded 200 in 98.7439 ms
[17:36:11 INF] HTTP GET /css/site.css responded 200 in 0.5637 ms
[17:36:11 INF] HTTP GET /lib/bootstrap/dist/css/bootstrap.min.css responded 200 in 0.6099 ms
[17:36:11 INF] HTTP GET /Biktal.WebMVC.styles.css responded 200 in 0.7350 ms
[17:36:13 INF] HTTP GET /lib/jquery/dist/jquery.min.js responded 200 in 0.5935 ms
[17:36:13 INF] HTTP GET /lib/bootstrap/dist/js/bootstrap.bundle.min.js responded 200 in 0.7397 ms
[17:36:13 INF] HTTP GET /js/site.js responded 200 in 0.5559 ms
[17:36:13 INF] HTTP GET /lib/jquery-validation-unobtrusive/dist/jquery.validate.unobtrusive.min.js responded 200 in 0.6300 ms
[17:36:13 INF] HTTP GET /js/products-catalog-filter.js responded 200 in 0.4994 ms
[17:36:13 INF] HTTP GET /lib/jquery-validation/dist/jquery.validate.min.js responded 200 in 0.5593 ms
[17:36:14 INF] HTTP GET / responded 200 in 28.9665 ms
[17:36:14 INF] HTTP GET /css/site.css responded 304 in 0.1440 ms
[17:36:14 INF] HTTP GET /Biktal.WebMVC.styles.css responded 304 in 0.1024 ms
[17:36:14 INF] HTTP GET /lib/bootstrap/dist/css/bootstrap.min.css responded 304 in 0.0900 ms
[17:36:14 INF] HTTP GET /lib/jquery/dist/jquery.min.js responded 304 in 0.3514 ms
[17:36:14 INF] HTTP GET /lib/bootstrap/dist/js/bootstrap.bundle.min.js responded 304 in 0.3050 ms
[17:36:14 INF] HTTP GET /js/site.js responded 304 in 0.1699 ms
[17:36:14 INF] HTTP GET /js/pos.js responded 200 in 0.6456 ms
[17:36:44 INF] HTTP POST /Pos/CompleteSale responded 200 in 664.0741 ms
[17:39:52 INF] HTTP GET /Inventory/Products responded 200 in 138.0857 ms
[17:39:52 INF] HTTP GET /css/site.css responded 200 in 0.5647 ms
[17:39:52 INF] HTTP GET /lib/bootstrap/dist/css/bootstrap.min.css responded 200 in 0.6904 ms
[17:39:52 INF] HTTP GET /Biktal.WebMVC.styles.css responded 200 in 0.6039 ms
[17:39:53 INF] HTTP GET /lib/jquery/dist/jquery.min.js responded 200 in 0.4958 ms
[17:39:53 INF] HTTP GET /js/site.js responded 200 in 1.0373 ms
[17:39:53 INF] HTTP GET /lib/bootstrap/dist/js/bootstrap.bundle.min.js responded 200 in 1.6920 ms
[17:39:53 INF] HTTP GET /lib/jquery-validation/dist/jquery.validate.min.js responded 200 in 1.1911 ms
[17:39:53 INF] HTTP GET /lib/jquery-validation-unobtrusive/dist/jquery.validate.unobtrusive.min.js responded 200 in 0.4313 ms
[17:39:53 INF] HTTP GET /js/products-catalog-filter.js responded 200 in 0.5862 ms
[17:40:00 INF] HTTP GET /Inventory/Products responded 200 in 93.8404 ms
[17:40:00 INF] HTTP GET /lib/bootstrap/dist/css/bootstrap.min.css responded 200 in 0.9062 ms
[17:40:00 INF] HTTP GET /css/site.css responded 200 in 0.6743 ms
[17:40:00 INF] HTTP GET /Biktal.WebMVC.styles.css responded 200 in 1.6042 ms
[17:40:01 INF] HTTP GET /lib/jquery/dist/jquery.min.js responded 304 in 0.1021 ms
[17:40:01 INF] HTTP GET /lib/bootstrap/dist/js/bootstrap.bundle.min.js responded 304 in 0.1534 ms
[17:40:01 INF] HTTP GET /js/site.js responded 304 in 0.1230 ms
[17:40:01 INF] HTTP GET /lib/jquery-validation/dist/jquery.validate.min.js responded 304 in 0.1474 ms
[17:40:01 INF] HTTP GET /js/products-catalog-filter.js responded 304 in 0.0805 ms
[17:40:01 INF] HTTP GET /lib/jquery-validation-unobtrusive/dist/jquery.validate.unobtrusive.min.js responded 304 in 0.1748 ms
[17:44:48 INF] HTTP GET / responded 200 in 81.7532 ms
[17:44:48 INF] HTTP GET /css/site.css responded 200 in 0.9725 ms
[17:44:48 INF] HTTP GET /lib/bootstrap/dist/css/bootstrap.min.css responded 200 in 0.7452 ms
[17:44:48 INF] HTTP GET /lib/jquery/dist/jquery.min.js responded 200 in 14.6966 ms
[17:44:48 INF] HTTP GET /lib/bootstrap/dist/js/bootstrap.bundle.min.js responded 200 in 0.7246 ms
[17:44:48 INF] HTTP GET /Biktal.WebMVC.styles.css responded 200 in 0.6923 ms
[17:44:48 INF] HTTP GET /js/site.js responded 200 in 0.5556 ms
[17:44:48 INF] HTTP GET /js/pos.js responded 200 in 0.8481 ms
[17:46:32 INF] HTTP GET /Inventory/Products responded 200 in 118.2477 ms
[17:46:32 INF] HTTP GET /lib/bootstrap/dist/css/bootstrap.min.css responded 200 in 0.9153 ms
[17:46:32 INF] HTTP GET /css/site.css responded 200 in 1.9264 ms
[17:46:32 INF] HTTP GET /Biktal.WebMVC.styles.css responded 200 in 0.6759 ms
[17:46:33 INF] HTTP GET /lib/jquery/dist/jquery.min.js responded 200 in 0.5325 ms
[17:46:33 INF] HTTP GET /lib/bootstrap/dist/js/bootstrap.bundle.min.js responded 200 in 0.6414 ms
[17:46:33 INF] HTTP GET /js/site.js responded 200 in 0.8239 ms
[17:46:33 INF] HTTP GET /js/products-catalog-filter.js responded 200 in 0.6537 ms
[17:46:33 INF] HTTP GET /lib/jquery-validation/dist/jquery.validate.min.js responded 200 in 0.7530 ms
[17:46:33 INF] HTTP GET /lib/jquery-validation-unobtrusive/dist/jquery.validate.unobtrusive.min.js responded 200 in 0.5883 ms
[17:47:18 INF] HTTP GET /Inventory/Products responded 200 in 112.3767 ms
[17:47:18 INF] HTTP GET /lib/bootstrap/dist/css/bootstrap.min.css responded 200 in 1.1477 ms
[17:47:18 INF] HTTP GET /css/site.css responded 200 in 3.6007 ms
[17:47:18 INF] HTTP GET /Biktal.WebMVC.styles.css responded 200 in 1.6185 ms
[17:47:18 INF] HTTP GET /lib/jquery/dist/jquery.min.js responded 200 in 0.5696 ms
[17:47:18 INF] HTTP GET /lib/bootstrap/dist/js/bootstrap.bundle.min.js responded 200 in 1.7159 ms
[17:47:18 INF] HTTP GET /lib/jquery-validation/dist/jquery.validate.min.js responded 200 in 1.8996 ms
[17:47:18 INF] HTTP GET /js/site.js responded 200 in 0.4300 ms
[17:47:18 INF] HTTP GET /lib/jquery-validation-unobtrusive/dist/jquery.validate.unobtrusive.min.js responded 200 in 0.6043 ms
[17:47:18 INF] HTTP GET /js/products-catalog-filter.js responded 200 in 0.6561 ms
[17:47:24 INF] HTTP POST /Inventory/EditProduct responded 302 in 21.7972 ms
[17:47:24 INF] HTTP GET /Inventory/Products responded 200 in 67.6341 ms
[17:47:24 INF] HTTP GET /lib/bootstrap/dist/css/bootstrap.min.css responded 200 in 0.7274 ms
[17:47:24 INF] HTTP GET /Biktal.WebMVC.styles.css responded 200 in 0.4134 ms
[17:47:24 INF] HTTP GET /css/site.css responded 200 in 0.5123 ms
[17:47:25 INF] HTTP GET /lib/jquery/dist/jquery.min.js responded 200 in 0.9117 ms
[17:47:25 INF] HTTP GET /lib/bootstrap/dist/js/bootstrap.bundle.min.js responded 200 in 0.8366 ms
[17:47:25 INF] HTTP GET /js/site.js responded 200 in 0.5496 ms
[17:47:25 INF] HTTP GET /lib/jquery-validation/dist/jquery.validate.min.js responded 200 in 1.0792 ms
[17:47:25 INF] HTTP GET /lib/jquery-validation-unobtrusive/dist/jquery.validate.unobtrusive.min.js responded 200 in 0.5302 ms
[17:47:25 INF] HTTP GET /js/products-catalog-filter.js responded 200 in 0.5240 ms
[17:51:37 INF] HTTP POST /Inventory/AddProduct responded 302 in 92.6033 ms
[17:51:37 INF] HTTP GET /Inventory/Products responded 200 in 188.4676 ms
[17:51:37 INF] HTTP GET /css/site.css responded 200 in 3.1701 ms
[17:51:37 INF] HTTP GET /Biktal.WebMVC.styles.css responded 200 in 0.5750 ms
[17:51:37 INF] HTTP GET /lib/bootstrap/dist/css/bootstrap.min.css responded 200 in 5.3555 ms
[17:51:38 INF] HTTP GET /lib/jquery/dist/jquery.min.js responded 200 in 0.5545 ms
[17:51:38 INF] HTTP GET /js/site.js responded 200 in 0.4414 ms
[17:51:38 INF] HTTP GET /lib/bootstrap/dist/js/bootstrap.bundle.min.js responded 200 in 0.8661 ms
[17:51:38 INF] HTTP GET /lib/jquery-validation/dist/jquery.validate.min.js responded 200 in 0.7342 ms
[17:51:38 INF] HTTP GET /lib/jquery-validation-unobtrusive/dist/jquery.validate.unobtrusive.min.js responded 200 in 0.6058 ms
[17:51:38 INF] HTTP GET /js/products-catalog-filter.js responded 200 in 4.8973 ms
[17:54:22 INF] HTTP GET /Inventory/Products responded 200 in 89.7885 ms
[17:54:22 INF] HTTP GET /lib/bootstrap/dist/css/bootstrap.min.css responded 200 in 0.6128 ms
[17:54:23 INF] HTTP GET /css/site.css responded 200 in 0.6077 ms
[17:54:23 INF] HTTP GET /Biktal.WebMVC.styles.css responded 200 in 0.5130 ms
[17:54:23 INF] HTTP GET /lib/jquery/dist/jquery.min.js responded 200 in 0.6234 ms
[17:54:24 INF] HTTP GET /lib/bootstrap/dist/js/bootstrap.bundle.min.js responded 200 in 0.7173 ms
[17:54:24 INF] HTTP GET /js/site.js responded 200 in 1.4152 ms
[17:54:24 INF] HTTP GET /lib/jquery-validation/dist/jquery.validate.min.js responded 200 in 0.4949 ms
[17:54:24 INF] HTTP GET /lib/jquery-validation-unobtrusive/dist/jquery.validate.unobtrusive.min.js responded 200 in 0.4914 ms
[17:54:24 INF] HTTP GET /js/products-catalog-filter.js responded 200 in 0.7021 ms
[17:54:28 INF] HTTP POST /Inventory/EditProduct responded 302 in 25.4057 ms
[17:54:28 INF] HTTP GET /Inventory/Products responded 200 in 61.0981 ms
[17:54:28 INF] HTTP GET /css/site.css responded 304 in 0.1362 ms
[17:54:28 INF] HTTP GET /Biktal.WebMVC.styles.css responded 304 in 0.2103 ms
[17:54:28 INF] HTTP GET /lib/bootstrap/dist/css/bootstrap.min.css responded 304 in 0.1449 ms
[17:54:29 INF] HTTP GET /lib/jquery/dist/jquery.min.js responded 304 in 0.0930 ms
[17:54:29 INF] HTTP GET /lib/bootstrap/dist/js/bootstrap.bundle.min.js responded 304 in 0.1564 ms
[17:54:29 INF] HTTP GET /js/site.js responded 304 in 0.1205 ms
[17:54:29 INF] HTTP GET /lib/jquery-validation/dist/jquery.validate.min.js responded 304 in 0.0852 ms
[17:54:29 INF] HTTP GET /lib/jquery-validation-unobtrusive/dist/jquery.validate.unobtrusive.min.js responded 304 in 0.1537 ms
[17:54:29 INF] HTTP GET /js/products-catalog-filter.js responded 304 in 0.2182 ms
[17:55:27 INF] HTTP GET /Inventory/Products responded 200 in 67.8526 ms
[17:55:27 INF] HTTP GET /lib/bootstrap/dist/css/bootstrap.min.css responded 200 in 0.8340 ms
[17:55:27 INF] HTTP GET /css/site.css responded 200 in 1.1406 ms
[17:55:27 INF] HTTP GET /Biktal.WebMVC.styles.css responded 200 in 1.1254 ms
[17:55:27 INF] HTTP GET /lib/jquery/dist/jquery.min.js responded 200 in 0.5413 ms
[17:55:27 INF] HTTP GET /lib/bootstrap/dist/js/bootstrap.bundle.min.js responded 200 in 0.7594 ms
[17:55:27 INF] HTTP GET /lib/jquery-validation/dist/jquery.validate.min.js responded 200 in 1.5655 ms
[17:55:27 INF] HTTP GET /lib/jquery-validation-unobtrusive/dist/jquery.validate.unobtrusive.min.js responded 200 in 0.7900 ms
[17:55:27 INF] HTTP GET /js/products-catalog-filter.js responded 200 in 0.7170 ms
[17:55:27 INF] HTTP GET /js/site.js responded 200 in 0.5046 ms
[17:55:33 INF] HTTP POST /Inventory/EditProduct responded 302 in 15.9008 ms
[17:55:33 INF] HTTP GET /Inventory/Products responded 200 in 75.0191 ms
[17:55:33 INF] HTTP GET /css/site.css responded 304 in 0.3259 ms
[17:55:33 INF] HTTP GET /lib/bootstrap/dist/css/bootstrap.min.css responded 304 in 0.0946 ms
[17:55:33 INF] HTTP GET /Biktal.WebMVC.styles.css responded 304 in 0.1392 ms
[17:55:34 INF] HTTP GET /lib/jquery/dist/jquery.min.js responded 304 in 0.0900 ms
[17:55:34 INF] HTTP GET /lib/bootstrap/dist/js/bootstrap.bundle.min.js responded 304 in 0.1471 ms
[17:55:34 INF] HTTP GET /js/site.js responded 304 in 0.1176 ms
[17:55:34 INF] HTTP GET /lib/jquery-validation/dist/jquery.validate.min.js responded 304 in 0.1000 ms
[17:55:34 INF] HTTP GET /js/products-catalog-filter.js responded 304 in 0.1323 ms
[17:55:34 INF] HTTP GET /lib/jquery-validation-unobtrusive/dist/jquery.validate.unobtrusive.min.js responded 304 in 0.1214 ms
[18:01:25 INF] HTTP POST /Inventory/AddProduct responded 302 in 200.0390 ms
[18:01:25 INF] HTTP GET /Inventory/Products responded 200 in 65.7348 ms
[18:01:25 INF] HTTP GET /lib/bootstrap/dist/css/bootstrap.min.css responded 200 in 1.4528 ms
[18:01:25 INF] HTTP GET /Biktal.WebMVC.styles.css responded 200 in 0.5252 ms
[18:01:25 INF] HTTP GET /css/site.css responded 200 in 3.4834 ms
[18:01:26 INF] HTTP GET /lib/jquery/dist/jquery.min.js responded 200 in 0.5011 ms
[18:01:26 INF] HTTP GET /js/site.js responded 200 in 3.1307 ms
[18:01:26 INF] HTTP GET /lib/jquery-validation-unobtrusive/dist/jquery.validate.unobtrusive.min.js responded 200 in 0.5832 ms
[18:01:26 INF] HTTP GET /lib/bootstrap/dist/js/bootstrap.bundle.min.js responded 200 in 0.6797 ms
[18:01:26 INF] HTTP GET /lib/jquery-validation/dist/jquery.validate.min.js responded 200 in 0.6665 ms
[18:01:26 INF] HTTP GET /js/products-catalog-filter.js responded 200 in 0.6358 ms
[18:01:38 INF] HTTP GET /Inventory/Products responded 200 in 80.5412 ms
[18:01:38 INF] HTTP GET /lib/bootstrap/dist/css/bootstrap.min.css responded 200 in 6.3724 ms
[18:01:38 INF] HTTP GET /css/site.css responded 200 in 1.1134 ms
[18:01:38 INF] HTTP GET /Biktal.WebMVC.styles.css responded 200 in 0.9368 ms
[18:01:39 INF] HTTP GET /lib/jquery/dist/jquery.min.js responded 304 in 0.0899 ms
[18:01:39 INF] HTTP GET /lib/bootstrap/dist/js/bootstrap.bundle.min.js responded 304 in 0.4383 ms
[18:01:39 INF] HTTP GET /js/site.js responded 304 in 0.1203 ms
[18:01:39 INF] HTTP GET /lib/jquery-validation/dist/jquery.validate.min.js responded 304 in 1.0608 ms
[18:01:39 INF] HTTP GET /js/products-catalog-filter.js responded 304 in 0.1262 ms
[18:01:39 INF] HTTP GET /lib/jquery-validation-unobtrusive/dist/jquery.validate.unobtrusive.min.js responded 304 in 0.2367 ms
[18:01:50 INF] HTTP POST /Inventory/EditProduct responded 302 in 15.5435 ms
[18:01:50 INF] HTTP GET /Inventory/Products responded 200 in 59.4221 ms
[18:01:50 INF] HTTP GET /lib/bootstrap/dist/css/bootstrap.min.css responded 304 in 0.1555 ms
[18:01:50 INF] HTTP GET /css/site.css responded 304 in 0.1100 ms
[18:01:50 INF] HTTP GET /Biktal.WebMVC.styles.css responded 304 in 0.1057 ms
[18:01:51 INF] HTTP GET /lib/jquery/dist/jquery.min.js responded 304 in 0.0847 ms
[18:01:51 INF] HTTP GET /lib/bootstrap/dist/js/bootstrap.bundle.min.js responded 304 in 0.1208 ms
[18:01:51 INF] HTTP GET /js/site.js responded 304 in 1.6146 ms
[18:01:51 INF] HTTP GET /lib/jquery-validation/dist/jquery.validate.min.js responded 304 in 0.1270 ms
[18:01:51 INF] HTTP GET /lib/jquery-validation-unobtrusive/dist/jquery.validate.unobtrusive.min.js responded 304 in 0.1468 ms
[18:01:51 INF] HTTP GET /js/products-catalog-filter.js responded 304 in 0.1507 ms
[18:03:34 INF] HTTP GET /Inventory/Products responded 200 in 84.0343 ms
[18:03:34 INF] HTTP GET /css/site.css responded 200 in 0.5251 ms
[18:03:34 INF] HTTP GET /Biktal.WebMVC.styles.css responded 200 in 0.4142 ms
[18:03:34 INF] HTTP GET /lib/bootstrap/dist/css/bootstrap.min.css responded 200 in 1.7851 ms
[18:03:35 INF] HTTP GET /lib/jquery/dist/jquery.min.js responded 200 in 0.5955 ms
[18:03:35 INF] HTTP GET /js/site.js responded 200 in 0.5361 ms
[18:03:35 INF] HTTP GET /lib/bootstrap/dist/js/bootstrap.bundle.min.js responded 200 in 7.0802 ms
[18:03:35 INF] HTTP GET /lib/jquery-validation/dist/jquery.validate.min.js responded 200 in 5.1187 ms
[18:03:35 INF] HTTP GET /lib/jquery-validation-unobtrusive/dist/jquery.validate.unobtrusive.min.js responded 200 in 0.7963 ms
[18:03:35 INF] HTTP GET /js/products-catalog-filter.js responded 200 in 0.5660 ms
[18:04:00 INF] HTTP POST /Inventory/EditProduct responded 302 in 14.3302 ms
[18:04:00 INF] HTTP GET /Inventory/Products responded 200 in 96.9307 ms
[18:04:00 INF] HTTP GET /lib/bootstrap/dist/css/bootstrap.min.css responded 200 in 1.0974 ms
[18:04:00 INF] HTTP GET /css/site.css responded 200 in 0.6513 ms
[18:04:00 INF] HTTP GET /Biktal.WebMVC.styles.css responded 200 in 0.4765 ms
[18:04:01 INF] HTTP GET /lib/jquery/dist/jquery.min.js responded 304 in 0.1110 ms
[18:04:01 INF] HTTP GET /lib/bootstrap/dist/js/bootstrap.bundle.min.js responded 304 in 0.1211 ms
[18:04:01 INF] HTTP GET /js/site.js responded 304 in 0.0908 ms
[18:04:01 INF] HTTP GET /lib/jquery-validation/dist/jquery.validate.min.js responded 304 in 0.0622 ms
[18:04:01 INF] HTTP GET /lib/jquery-validation-unobtrusive/dist/jquery.validate.unobtrusive.min.js responded 304 in 0.1472 ms
[18:04:01 INF] HTTP GET /js/products-catalog-filter.js responded 304 in 0.3269 ms
[18:05:20 INF] HTTP POST /Inventory/AddProduct responded 302 in 13.3241 ms
[18:05:20 INF] HTTP GET /Inventory/Products responded 200 in 66.2944 ms
[18:05:20 INF] HTTP GET /lib/bootstrap/dist/css/bootstrap.min.css responded 200 in 4.5754 ms
[18:05:20 INF] HTTP GET /Biktal.WebMVC.styles.css responded 200 in 2.0442 ms
[18:05:20 INF] HTTP GET /css/site.css responded 200 in 0.9336 ms
[18:05:21 INF] HTTP GET /lib/jquery/dist/jquery.min.js responded 304 in 0.0875 ms
[18:05:21 INF] HTTP GET /lib/bootstrap/dist/js/bootstrap.bundle.min.js responded 304 in 0.1170 ms
[18:05:21 INF] HTTP GET /js/site.js responded 304 in 0.1419 ms
[18:05:21 INF] HTTP GET /lib/jquery-validation/dist/jquery.validate.min.js responded 304 in 0.0930 ms
[18:05:21 INF] HTTP GET /lib/jquery-validation-unobtrusive/dist/jquery.validate.unobtrusive.min.js responded 304 in 0.1722 ms
[18:05:21 INF] HTTP GET /js/products-catalog-filter.js responded 304 in 0.1355 ms
[18:09:50 INF] HTTP GET / responded 200 in 98.2929 ms
[18:09:50 INF] HTTP GET /css/site.css responded 200 in 0.5322 ms
[18:09:50 INF] HTTP GET /Biktal.WebMVC.styles.css responded 200 in 0.4242 ms
[18:09:50 INF] HTTP GET /lib/bootstrap/dist/css/bootstrap.min.css responded 200 in 0.4973 ms
[18:09:50 INF] HTTP GET /lib/jquery/dist/jquery.min.js responded 200 in 0.6674 ms
[18:09:50 INF] HTTP GET /js/pos.js responded 200 in 1.1518 ms
[18:09:50 INF] HTTP GET /lib/bootstrap/dist/js/bootstrap.bundle.min.js responded 200 in 0.7322 ms
[18:09:50 INF] HTTP GET /js/site.js responded 200 in 0.4823 ms
[18:12:05 INF] HTTP POST /Pos/CompleteSale responded 200 in 135.7109 ms
[18:13:05 INF] HTTP POST /Pos/CompleteSale responded 200 in 37.7348 ms
[18:33:17 INF] Application is shutting down...
