[13:46:54 WRN] Using an in-memory repository. Keys will not be persisted to storage.
[13:46:54 WRN] Neither user profile nor HKLM registry available. Using an ephemeral key repository. Protected data will be unavailable when application exits.
[13:46:55 WRN] No XML encryptor configured. Key {ae768cc9-6225-4c77-b843-b3fe042956b8} may be persisted to storage in unencrypted form.
[13:46:55 INF] Application started. Press Ctrl+C to shut down.
[13:46:55 INF] Hosting environment: Production
[13:46:55 INF] Content root path: D:\Systems\BiktalSystems\publish
[13:46:55 ERR] An exception was thrown while deserializing the token.
Microsoft.AspNetCore.Antiforgery.AntiforgeryValidationException: The antiforgery token could not be decrypted.
 ---> System.Security.Cryptography.CryptographicException: The key {7ebab597-ff38-4bf4-8584-299c69c1ae42} was not found in the key ring. For more information go to https://aka.ms/aspnet/dataprotectionwarning
   at Microsoft.AspNetCore.DataProtection.KeyManagement.KeyRingBasedDataProtector.UnprotectCore(Byte[] protectedData, Boolean allowOperationsOnRevokedKeys, UnprotectStatus& status)
   at Microsoft.AspNetCore.DataProtection.KeyManagement.KeyRingBasedDataProtector.Unprotect(Byte[] protectedData)
   at Microsoft.AspNetCore.Antiforgery.DefaultAntiforgeryTokenSerializer.Deserialize(String serializedToken)
   --- End of inner exception stack trace ---
   at Microsoft.AspNetCore.Antiforgery.DefaultAntiforgeryTokenSerializer.Deserialize(String serializedToken)
   at Microsoft.AspNetCore.Antiforgery.DefaultAntiforgery.GetCookieTokenDoesNotThrow(HttpContext httpContext)
[13:46:55 INF] HTTP GET /lib/bootstrap/dist/css/bootstrap.min.css responded 200 in 136.8678 ms
[13:46:55 INF] HTTP GET /Inventory/Products responded 200 in 771.5770 ms
[13:46:55 INF] HTTP GET /Biktal.WebMVC.styles.css responded 200 in 25.3341 ms
[13:46:55 INF] HTTP GET /css/site.css responded 200 in 27.5311 ms
[13:46:57 INF] HTTP GET /lib/jquery/dist/jquery.min.js responded 200 in 7.1690 ms
[13:46:57 INF] HTTP GET /js/site.js responded 200 in 1.2010 ms
[13:46:57 INF] HTTP GET /lib/bootstrap/dist/js/bootstrap.bundle.min.js responded 200 in 6.6835 ms
[13:46:57 INF] HTTP GET /lib/jquery-validation/dist/jquery.validate.min.js responded 200 in 33.0767 ms
[13:46:57 INF] HTTP GET /lib/jquery-validation-unobtrusive/dist/jquery.validate.unobtrusive.min.js responded 200 in 35.0919 ms
[13:46:57 INF] HTTP GET /js/products-catalog-filter.js responded 200 in 42.9962 ms
[13:46:58 INF] HTTP GET /favicon.ico responded 200 in 23.3693 ms
[13:56:40 INF] HTTP GET /Account/Login responded 302 in 31.4212 ms
[13:56:41 INF] HTTP GET /css/site.css responded 200 in 3.3285 ms
[13:56:41 INF] HTTP GET /Inventory/Products responded 200 in 429.0194 ms
[13:56:41 INF] HTTP GET /lib/bootstrap/dist/css/bootstrap.min.css responded 200 in 1.1481 ms
[13:56:41 INF] HTTP GET /Biktal.WebMVC.styles.css responded 200 in 0.8596 ms
[13:56:42 INF] HTTP GET /lib/jquery/dist/jquery.min.js responded 200 in 20.9127 ms
[13:56:42 INF] HTTP GET /js/site.js responded 200 in 0.8591 ms
[13:56:42 INF] HTTP GET /js/products-catalog-filter.js responded 200 in 0.7253 ms
[13:56:42 INF] HTTP GET /lib/jquery-validation-unobtrusive/dist/jquery.validate.unobtrusive.min.js responded 200 in 12.4117 ms
[13:56:42 INF] HTTP GET /lib/jquery-validation/dist/jquery.validate.min.js responded 200 in 25.5689 ms
[13:56:42 INF] HTTP GET /lib/bootstrap/dist/js/bootstrap.bundle.min.js responded 200 in 181.0741 ms
[14:16:55 INF] Application is shutting down...
