[20:18:24 WRN] Using an in-memory repository. Keys will not be persisted to storage.
[20:18:24 WRN] Neither user profile nor HKLM registry available. Using an ephemeral key repository. Protected data will be unavailable when application exits.
[20:18:24 WRN] No XML encryptor configured. Key {7d765d7a-1ed7-4d98-b31d-a20793adba24} may be persisted to storage in unencrypted form.
[20:18:24 INF] Application started. Press Ctrl+C to shut down.
[20:18:24 INF] Hosting environment: Production
[20:18:24 INF] Content root path: D:\Systems\BiktalSystems\publish
[20:18:25 WRN] The query uses the 'First'/'FirstOrDefault' operator without 'OrderBy' and filter operators. This may lead to unpredictable results.
[20:18:25 ERR] An exception was thrown while deserializing the token.
Microsoft.AspNetCore.Antiforgery.AntiforgeryValidationException: The antiforgery token could not be decrypted.
 ---> System.Security.Cryptography.CryptographicException: The key {bd460cbb-98df-49f0-b5a0-183af07942a0} was not found in the key ring. For more information go to https://aka.ms/aspnet/dataprotectionwarning
   at Microsoft.AspNetCore.DataProtection.KeyManagement.KeyRingBasedDataProtector.UnprotectCore(Byte[] protectedData, Boolean allowOperationsOnRevokedKeys, UnprotectStatus& status)
   at Microsoft.AspNetCore.DataProtection.KeyManagement.KeyRingBasedDataProtector.Unprotect(Byte[] protectedData)
   at Microsoft.AspNetCore.Antiforgery.DefaultAntiforgeryTokenSerializer.Deserialize(String serializedToken)
   --- End of inner exception stack trace ---
   at Microsoft.AspNetCore.Antiforgery.DefaultAntiforgeryTokenSerializer.Deserialize(String serializedToken)
   at Microsoft.AspNetCore.Antiforgery.DefaultAntiforgery.GetCookieTokenDoesNotThrow(HttpContext httpContext)
[20:18:25 INF] HTTP GET / responded 200 in 395.1696 ms
[20:18:25 INF] HTTP GET /lib/bootstrap/dist/css/bootstrap.min.css responded 200 in 48.1177 ms
[20:18:25 INF] HTTP GET /Biktal.WebMVC.styles.css responded 200 in 20.2125 ms
[20:18:25 INF] HTTP GET /css/site.css responded 200 in 20.7976 ms
[20:18:26 INF] HTTP GET /lib/jquery/dist/jquery.min.js responded 200 in 6.9363 ms
[20:18:26 INF] HTTP GET /js/site.js responded 200 in 9.9657 ms
[20:18:26 INF] HTTP GET /lib/bootstrap/dist/js/bootstrap.bundle.min.js responded 200 in 18.0492 ms
[20:18:26 INF] HTTP GET /js/pos.js responded 200 in 16.2910 ms
[20:38:46 INF] Application is shutting down...
