[09:20:28 WRN] Using an in-memory repository. Keys will not be persisted to storage.
[09:20:28 WRN] Neither user profile nor HKLM registry available. Using an ephemeral key repository. Protected data will be unavailable when application exits.
[09:20:28 WRN] No XML encryptor configured. Key {c3e30b4b-8543-4276-926c-561e7e0ef0d4} may be persisted to storage in unencrypted form.
[09:20:28 INF] Application started. Press Ctrl+C to shut down.
[09:20:28 INF] Hosting environment: Production
[09:20:28 INF] Content root path: D:\Systems\BiktalSystems\publish
[09:20:28 INF] HTTP GET /Account/Login responded 302 in 104.8969 ms
[09:20:29 INF] HTTP GET /Inventory/Products responded 200 in 750.0179 ms
[09:20:29 INF] HTTP GET /Biktal.WebMVC.styles.css responded 200 in 41.9690 ms
[09:20:29 INF] HTTP GET /css/site.css responded 200 in 49.6764 ms
[09:20:29 INF] HTTP GET /lib/bootstrap/dist/css/bootstrap.min.css responded 200 in 49.8680 ms
[09:20:30 INF] HTTP GET /lib/jquery/dist/jquery.min.js responded 200 in 22.3686 ms
[09:20:30 INF] HTTP GET /lib/jquery-validation/dist/jquery.validate.min.js responded 200 in 21.3907 ms
[09:20:30 INF] HTTP GET /lib/bootstrap/dist/js/bootstrap.bundle.min.js responded 200 in 28.2287 ms
[09:20:30 INF] HTTP GET /lib/jquery-validation-unobtrusive/dist/jquery.validate.unobtrusive.min.js responded 200 in 25.7608 ms
[09:20:30 INF] HTTP GET /js/site.js responded 200 in 55.2709 ms
[09:20:30 INF] HTTP GET /js/products-catalog-filter.js responded 200 in 30.4588 ms
[09:21:36 INF] HTTP GET /Finance responded 200 in 297.6129 ms
[09:21:36 INF] HTTP GET /Biktal.WebMVC.styles.css responded 200 in 23.6545 ms
[09:21:36 INF] HTTP GET /css/site.css responded 200 in 25.0026 ms
[09:21:36 INF] HTTP GET /lib/bootstrap/dist/css/bootstrap.min.css responded 200 in 31.7439 ms
[09:21:36 INF] HTTP GET /js/site.js responded 200 in 8.4474 ms
[09:21:36 INF] HTTP GET /lib/jquery/dist/jquery.min.js responded 200 in 66.0567 ms
[09:21:36 INF] HTTP GET /lib/bootstrap/dist/js/bootstrap.bundle.min.js responded 200 in 361.2700 ms
[09:21:38 INF] HTTP GET /Finance/Cashbox responded 200 in 349.2222 ms
[09:21:38 INF] HTTP GET /lib/bootstrap/dist/css/bootstrap.min.css responded 304 in 1.7766 ms
[09:21:38 INF] HTTP GET /Biktal.WebMVC.styles.css responded 304 in 0.2606 ms
[09:21:38 INF] HTTP GET /css/site.css responded 304 in 0.2575 ms
[09:21:38 INF] HTTP GET /lib/jquery/dist/jquery.min.js responded 304 in 0.2138 ms
[09:21:38 INF] HTTP GET /lib/bootstrap/dist/js/bootstrap.bundle.min.js responded 304 in 0.2642 ms
[09:21:38 INF] HTTP GET /js/site.js responded 304 in 0.2193 ms
[09:21:38 INF] HTTP GET /lib/jquery-validation-unobtrusive/dist/jquery.validate.unobtrusive.min.js responded 200 in 16.2458 ms
[09:21:38 INF] HTTP GET /lib/jquery-validation/dist/jquery.validate.min.js responded 200 in 29.4327 ms
[09:22:11 INF] HTTP GET /Repairs responded 200 in 62.2146 ms
[09:22:11 INF] HTTP GET /css/site.css responded 304 in 0.3878 ms
[09:22:11 INF] HTTP GET /lib/bootstrap/dist/css/bootstrap.min.css responded 200 in 1.7222 ms
[09:22:11 INF] HTTP GET /Biktal.WebMVC.styles.css responded 304 in 0.3108 ms
[09:22:11 INF] HTTP GET /lib/jquery/dist/jquery.min.js responded 304 in 0.6099 ms
[09:22:11 INF] HTTP GET /js/site.js responded 304 in 0.3501 ms
[09:22:11 INF] HTTP GET /lib/bootstrap/dist/js/bootstrap.bundle.min.js responded 304 in 0.2166 ms
[09:22:14 INF] HTTP GET /Repairs/Tickets responded 200 in 49.7399 ms
[09:22:14 INF] HTTP GET /lib/bootstrap/dist/css/bootstrap.min.css responded 304 in 0.3268 ms
[09:22:14 INF] HTTP GET /lib/jquery/dist/jquery.min.js responded 304 in 0.1634 ms
[09:22:14 INF] HTTP GET /css/site.css responded 304 in 2.8606 ms
[09:22:14 INF] HTTP GET /Biktal.WebMVC.styles.css responded 304 in 0.1928 ms
[09:22:14 INF] HTTP GET /lib/bootstrap/dist/js/bootstrap.bundle.min.js responded 304 in 0.1385 ms
[09:22:14 INF] HTTP GET /js/site.js responded 304 in 0.2073 ms
[09:22:22 INF] HTTP GET /Repairs/Ticket/019ff57f-73b3-7b4a-ad18-26071a71d305 responded 200 in 38.5328 ms
[09:22:22 INF] HTTP GET /lib/bootstrap/dist/css/bootstrap.min.css responded 200 in 3.1242 ms
[09:22:22 INF] HTTP GET /Biktal.WebMVC.styles.css responded 200 in 1.8309 ms
[09:22:22 INF] HTTP GET /lib/jquery/dist/jquery.min.js responded 200 in 2.0264 ms
[09:22:22 INF] HTTP GET /css/site.css responded 200 in 1.8159 ms
[09:22:22 INF] HTTP GET /lib/bootstrap/dist/js/bootstrap.bundle.min.js responded 200 in 1.6633 ms
[09:22:22 INF] HTTP GET /js/site.js responded 200 in 5.0695 ms
[09:26:44 INF] HTTP GET /Insights responded 302 in 4.6208 ms
[09:26:44 INF] HTTP GET /Insights/Daily responded 200 in 334.3830 ms
[09:26:44 INF] HTTP GET /Biktal.WebMVC.styles.css responded 200 in 0.7153 ms
[09:26:44 INF] HTTP GET /lib/bootstrap/dist/css/bootstrap.min.css responded 200 in 0.6968 ms
[09:26:44 INF] HTTP GET /css/site.css responded 200 in 2.5163 ms
[09:26:44 INF] HTTP GET /lib/jquery/dist/jquery.min.js responded 200 in 0.7526 ms
[09:26:44 INF] HTTP GET /lib/bootstrap/dist/js/bootstrap.bundle.min.js responded 200 in 0.9758 ms
[09:26:44 INF] HTTP GET /js/site.js responded 200 in 0.7793 ms
[09:26:48 INF] HTTP GET /Insights/Monthly responded 200 in 57.3005 ms
[09:26:48 INF] HTTP GET /lib/bootstrap/dist/css/bootstrap.min.css responded 304 in 5.6895 ms
[09:26:48 INF] HTTP GET /Biktal.WebMVC.styles.css responded 304 in 0.1615 ms
[09:26:48 INF] HTTP GET /css/site.css responded 304 in 0.1616 ms
[09:26:48 INF] HTTP GET /lib/jquery/dist/jquery.min.js responded 304 in 0.1466 ms
[09:26:48 INF] HTTP GET /lib/bootstrap/dist/js/bootstrap.bundle.min.js responded 304 in 0.9429 ms
[09:26:48 INF] HTTP GET /js/site.js responded 304 in 0.1465 ms
[09:27:36 INF] HTTP GET /Insights/Daily responded 200 in 24.1870 ms
[09:27:37 INF] HTTP GET /lib/bootstrap/dist/css/bootstrap.min.css responded 200 in 1.0999 ms
[09:27:37 INF] HTTP GET /css/site.css responded 304 in 0.7586 ms
[09:27:37 INF] HTTP GET /Biktal.WebMVC.styles.css responded 304 in 0.1906 ms
[09:27:37 INF] HTTP GET /lib/jquery/dist/jquery.min.js responded 304 in 0.1792 ms
[09:27:37 INF] HTTP GET /lib/bootstrap/dist/js/bootstrap.bundle.min.js responded 304 in 0.1848 ms
[09:27:37 INF] HTTP GET /js/site.js responded 304 in 0.1783 ms
[09:27:46 INF] HTTP GET /Insights/Daily responded 200 in 24.7572 ms
[09:27:46 INF] HTTP GET /css/site.css responded 200 in 1.6327 ms
[09:27:46 INF] HTTP GET /Biktal.WebMVC.styles.css responded 200 in 0.7464 ms
[09:27:46 INF] HTTP GET /lib/jquery/dist/jquery.min.js responded 200 in 0.8175 ms
[09:27:46 INF] HTTP GET /lib/bootstrap/dist/css/bootstrap.min.css responded 200 in 4.5303 ms
[09:27:46 INF] HTTP GET /lib/bootstrap/dist/js/bootstrap.bundle.min.js responded 200 in 0.8162 ms
[09:27:46 INF] HTTP GET /js/site.js responded 200 in 0.6413 ms
[09:27:58 INF] HTTP GET /Insights/Sale responded 200 in 98.1302 ms
[09:27:58 INF] HTTP GET /lib/bootstrap/dist/css/bootstrap.min.css responded 304 in 7.5328 ms
[09:27:58 INF] HTTP GET /css/site.css responded 304 in 0.1597 ms
[09:27:58 INF] HTTP GET /Biktal.WebMVC.styles.css responded 304 in 0.0941 ms
[09:27:58 INF] HTTP GET /lib/jquery/dist/jquery.min.js responded 304 in 0.1533 ms
[09:27:58 INF] HTTP GET /js/site.js responded 304 in 0.1223 ms
[09:27:58 INF] HTTP GET /lib/bootstrap/dist/js/bootstrap.bundle.min.js responded 304 in 0.1275 ms
[09:28:25 INF] HTTP GET /Insights/Sale responded 200 in 6.6775 ms
[09:28:25 INF] HTTP GET /lib/bootstrap/dist/css/bootstrap.min.css responded 200 in 3.1888 ms
[09:28:25 INF] HTTP GET /css/site.css responded 304 in 0.1804 ms
[09:28:25 INF] HTTP GET /Biktal.WebMVC.styles.css responded 304 in 0.6341 ms
[09:28:25 INF] HTTP GET /lib/jquery/dist/jquery.min.js responded 304 in 0.7051 ms
[09:28:25 INF] HTTP GET /lib/bootstrap/dist/js/bootstrap.bundle.min.js responded 304 in 0.1447 ms
[09:28:25 INF] HTTP GET /js/site.js responded 304 in 0.1800 ms
[09:28:33 WRN] The query uses the 'First'/'FirstOrDefault' operator without 'OrderBy' and filter operators. This may lead to unpredictable results.
[09:28:33 INF] HTTP GET / responded 200 in 119.4775 ms
[09:28:33 INF] HTTP GET /lib/bootstrap/dist/css/bootstrap.min.css responded 304 in 0.2774 ms
[09:28:33 INF] HTTP GET /css/site.css responded 304 in 0.1316 ms
[09:28:33 INF] HTTP GET /Biktal.WebMVC.styles.css responded 304 in 0.1523 ms
[09:28:33 INF] HTTP GET /lib/jquery/dist/jquery.min.js responded 304 in 0.1314 ms
[09:28:33 INF] HTTP GET /lib/bootstrap/dist/js/bootstrap.bundle.min.js responded 304 in 0.2615 ms
[09:28:33 INF] HTTP GET /js/site.js responded 304 in 0.1316 ms
[09:28:33 INF] HTTP GET /js/pos.js responded 200 in 45.1916 ms
[09:28:49 INF] HTTP GET /Inventory/Products responded 200 in 111.2277 ms
[09:28:50 INF] HTTP GET /lib/bootstrap/dist/css/bootstrap.min.css responded 304 in 0.1577 ms
[09:28:50 INF] HTTP GET /css/site.css responded 304 in 0.3010 ms
[09:28:50 INF] HTTP GET /Biktal.WebMVC.styles.css responded 304 in 0.1066 ms
[09:28:50 INF] HTTP GET /lib/jquery/dist/jquery.min.js responded 304 in 0.0961 ms
[09:28:50 INF] HTTP GET /lib/bootstrap/dist/js/bootstrap.bundle.min.js responded 304 in 0.1370 ms
[09:28:50 INF] HTTP GET /js/site.js responded 304 in 0.1233 ms
[09:28:50 INF] HTTP GET /lib/jquery-validation/dist/jquery.validate.min.js responded 200 in 0.8758 ms
[09:28:50 INF] HTTP GET /lib/jquery-validation-unobtrusive/dist/jquery.validate.unobtrusive.min.js responded 200 in 0.5679 ms
[09:28:50 INF] HTTP GET /js/products-catalog-filter.js responded 200 in 5.1932 ms
[09:30:23 INF] HTTP POST /Inventory/AddProduct responded 302 in 380.7677 ms
[09:30:23 INF] HTTP GET /Inventory/Products responded 200 in 69.5915 ms
[09:30:23 INF] HTTP GET /lib/bootstrap/dist/css/bootstrap.min.css responded 200 in 0.8761 ms
[09:30:23 INF] HTTP GET /Biktal.WebMVC.styles.css responded 200 in 0.5175 ms
[09:30:23 INF] HTTP GET /css/site.css responded 200 in 1.2969 ms
[09:30:24 INF] HTTP GET /lib/jquery/dist/jquery.min.js responded 200 in 0.5798 ms
[09:30:24 INF] HTTP GET /lib/bootstrap/dist/js/bootstrap.bundle.min.js responded 200 in 1.4459 ms
[09:30:24 INF] HTTP GET /js/site.js responded 200 in 0.8021 ms
[09:30:24 INF] HTTP GET /lib/jquery-validation/dist/jquery.validate.min.js responded 200 in 0.9841 ms
[09:30:24 INF] HTTP GET /lib/jquery-validation-unobtrusive/dist/jquery.validate.unobtrusive.min.js responded 200 in 0.5811 ms
[09:30:24 INF] HTTP GET /js/products-catalog-filter.js responded 200 in 0.7821 ms
[09:30:25 INF] HTTP GET / responded 200 in 28.9756 ms
[09:30:25 INF] HTTP GET /lib/bootstrap/dist/css/bootstrap.min.css responded 304 in 0.1916 ms
[09:30:25 INF] HTTP GET /css/site.css responded 304 in 0.1522 ms
[09:30:25 INF] HTTP GET /Biktal.WebMVC.styles.css responded 304 in 0.5132 ms
[09:30:25 INF] HTTP GET /lib/jquery/dist/jquery.min.js responded 200 in 0.7117 ms
[09:30:25 INF] HTTP GET /lib/bootstrap/dist/js/bootstrap.bundle.min.js responded 200 in 3.0693 ms
[09:30:25 INF] HTTP GET /js/site.js responded 200 in 0.6075 ms
[09:30:25 INF] HTTP GET /js/pos.js responded 200 in 0.7528 ms
[09:30:56 INF] HTTP POST /Pos/CompleteSale responded 200 in 626.7261 ms
[09:32:35 INF] HTTP GET /Finance responded 200 in 158.5193 ms
[09:32:35 INF] HTTP GET /lib/jquery/dist/jquery.min.js responded 200 in 15.2111 ms
[09:32:35 INF] HTTP GET /lib/bootstrap/dist/css/bootstrap.min.css responded 200 in 44.5278 ms
[09:32:35 INF] HTTP GET /css/site.css responded 200 in 69.1322 ms
[09:32:35 INF] HTTP GET /Biktal.WebMVC.styles.css responded 200 in 48.7473 ms
[09:32:35 INF] HTTP GET /js/site.js responded 200 in 38.4583 ms
[09:32:35 INF] HTTP GET /lib/bootstrap/dist/js/bootstrap.bundle.min.js responded 200 in 52.4418 ms
[09:32:37 INF] HTTP GET /Finance/Cashbox responded 200 in 45.7919 ms
[09:32:37 INF] HTTP GET /css/site.css responded 200 in 1.3819 ms
[09:32:37 INF] HTTP GET /Biktal.WebMVC.styles.css responded 200 in 0.3762 ms
[09:32:37 INF] HTTP GET /lib/bootstrap/dist/css/bootstrap.min.css responded 200 in 3.0705 ms
[09:32:37 INF] HTTP GET /lib/jquery/dist/jquery.min.js responded 200 in 0.9938 ms
[09:32:37 INF] HTTP GET /lib/bootstrap/dist/js/bootstrap.bundle.min.js responded 200 in 0.7069 ms
[09:32:37 INF] HTTP GET /js/site.js responded 200 in 0.5225 ms
[09:32:37 INF] HTTP GET /lib/jquery-validation-unobtrusive/dist/jquery.validate.unobtrusive.min.js responded 200 in 21.1051 ms
[09:32:37 INF] HTTP GET /lib/jquery-validation/dist/jquery.validate.min.js responded 200 in 33.7938 ms
[09:32:44 INF] HTTP GET /Repairs responded 200 in 16.5787 ms
[09:32:44 INF] HTTP GET /lib/bootstrap/dist/css/bootstrap.min.css responded 304 in 0.1611 ms
[09:32:44 INF] HTTP GET /css/site.css responded 304 in 0.8615 ms
[09:32:44 INF] HTTP GET /Biktal.WebMVC.styles.css responded 304 in 0.1396 ms
[09:32:44 INF] HTTP GET /lib/bootstrap/dist/js/bootstrap.bundle.min.js responded 304 in 0.1920 ms
[09:32:44 INF] HTTP GET /lib/jquery/dist/jquery.min.js responded 304 in 0.4721 ms
[09:32:44 INF] HTTP GET /js/site.js responded 304 in 0.1193 ms
[09:32:50 INF] HTTP GET /Finance responded 200 in 9.8158 ms
[09:32:50 INF] HTTP GET /lib/bootstrap/dist/css/bootstrap.min.css responded 304 in 0.1745 ms
[09:32:50 INF] HTTP GET /css/site.css responded 304 in 0.1584 ms
[09:32:50 INF] HTTP GET /Biktal.WebMVC.styles.css responded 304 in 0.1494 ms
[09:32:50 INF] HTTP GET /js/site.js responded 304 in 0.1441 ms
[09:32:50 INF] HTTP GET /lib/jquery/dist/jquery.min.js responded 304 in 0.0965 ms
[09:32:50 INF] HTTP GET /lib/bootstrap/dist/js/bootstrap.bundle.min.js responded 304 in 0.5907 ms
[09:32:52 INF] HTTP GET /Finance/Cashbox responded 200 in 19.5734 ms
[09:32:52 INF] HTTP GET /lib/bootstrap/dist/css/bootstrap.min.css responded 304 in 0.1412 ms
[09:32:52 INF] HTTP GET /css/site.css responded 304 in 0.3597 ms
[09:32:52 INF] HTTP GET /Biktal.WebMVC.styles.css responded 304 in 0.9774 ms
[09:32:52 INF] HTTP GET /lib/jquery/dist/jquery.min.js responded 304 in 1.8128 ms
[09:32:52 INF] HTTP GET /js/site.js responded 304 in 0.1248 ms
[09:32:52 INF] HTTP GET /lib/jquery-validation/dist/jquery.validate.min.js responded 304 in 0.1204 ms
[09:32:52 INF] HTTP GET /lib/bootstrap/dist/js/bootstrap.bundle.min.js responded 304 in 0.7616 ms
[09:32:52 INF] HTTP GET /lib/jquery-validation-unobtrusive/dist/jquery.validate.unobtrusive.min.js responded 304 in 0.1207 ms
[09:33:27 INF] HTTP GET /Crm responded 200 in 123.2780 ms
[09:33:27 INF] HTTP GET /css/site.css responded 304 in 0.0993 ms
[09:33:27 INF] HTTP GET /Biktal.WebMVC.styles.css responded 304 in 0.1722 ms
[09:33:27 INF] HTTP GET /lib/jquery/dist/jquery.min.js responded 304 in 0.1540 ms
[09:33:27 INF] HTTP GET /lib/bootstrap/dist/css/bootstrap.min.css responded 200 in 7.7778 ms
[09:33:27 INF] HTTP GET /lib/bootstrap/dist/js/bootstrap.bundle.min.js responded 304 in 0.1181 ms
[09:33:27 INF] HTTP GET /js/site.js responded 304 in 0.1391 ms
[09:33:28 INF] HTTP GET /Insights responded 302 in 1.5120 ms
[09:33:28 INF] HTTP GET /Insights/Daily responded 200 in 31.4767 ms
[09:33:28 INF] HTTP GET /lib/bootstrap/dist/css/bootstrap.min.css responded 200 in 0.8681 ms
[09:33:28 INF] HTTP GET /css/site.css responded 200 in 0.8107 ms
[09:33:28 INF] HTTP GET /Biktal.WebMVC.styles.css responded 200 in 0.8706 ms
[09:33:28 INF] HTTP GET /lib/jquery/dist/jquery.min.js responded 200 in 0.7628 ms
[09:33:28 INF] HTTP GET /lib/bootstrap/dist/js/bootstrap.bundle.min.js responded 200 in 1.2672 ms
[09:33:28 INF] HTTP GET /js/site.js responded 200 in 0.6527 ms
[09:33:34 INF] HTTP GET /Insights/Daily responded 200 in 15.3693 ms
[09:33:34 INF] HTTP GET /lib/bootstrap/dist/css/bootstrap.min.css responded 304 in 0.2233 ms
[09:33:34 INF] HTTP GET /css/site.css responded 304 in 0.1490 ms
[09:33:34 INF] HTTP GET /Biktal.WebMVC.styles.css responded 304 in 0.0992 ms
[09:33:34 INF] HTTP GET /lib/jquery/dist/jquery.min.js responded 304 in 0.0766 ms
[09:33:34 INF] HTTP GET /lib/bootstrap/dist/js/bootstrap.bundle.min.js responded 304 in 4.4837 ms
[09:33:34 INF] HTTP GET /js/site.js responded 304 in 0.1373 ms
[09:53:48 INF] Application is shutting down...
