[11:21:32 WRN] Using an in-memory repository. Keys will not be persisted to storage.
[11:21:32 WRN] Neither user profile nor HKLM registry available. Using an ephemeral key repository. Protected data will be unavailable when application exits.
[11:21:32 WRN] No XML encryptor configured. Key {fdee92e0-4aea-445e-a68d-c08e8c7db379} may be persisted to storage in unencrypted form.
[11:21:32 INF] Application started. Press Ctrl+C to shut down.
[11:21:32 INF] Hosting environment: Production
[11:21:32 INF] Content root path: D:\Systems\BiktalSystems\publish
[11:21:32 ERR] An exception was thrown while deserializing the token.
Microsoft.AspNetCore.Antiforgery.AntiforgeryValidationException: The antiforgery token could not be decrypted.
 ---> System.Security.Cryptography.CryptographicException: The key {1418b240-8057-4816-9c94-41a9f7f7e832} was not found in the key ring. For more information go to https://aka.ms/aspnet/dataprotectionwarning
   at Microsoft.AspNetCore.DataProtection.KeyManagement.KeyRingBasedDataProtector.UnprotectCore(Byte[] protectedData, Boolean allowOperationsOnRevokedKeys, UnprotectStatus& status)
   at Microsoft.AspNetCore.DataProtection.KeyManagement.KeyRingBasedDataProtector.Unprotect(Byte[] protectedData)
   at Microsoft.AspNetCore.Antiforgery.DefaultAntiforgeryTokenSerializer.Deserialize(String serializedToken)
   --- End of inner exception stack trace ---
   at Microsoft.AspNetCore.Antiforgery.DefaultAntiforgeryTokenSerializer.Deserialize(String serializedToken)
   at Microsoft.AspNetCore.Antiforgery.DefaultAntiforgery.GetCookieTokenDoesNotThrow(HttpContext httpContext)
[11:21:33 INF] HTTP GET /Inventory/Products responded 200 in 828.4381 ms
[11:21:33 INF] HTTP GET /css/site.css responded 200 in 50.3557 ms
[11:21:33 INF] HTTP GET /lib/bootstrap/dist/css/bootstrap.min.css responded 200 in 62.9024 ms
[11:21:33 INF] HTTP GET /Biktal.WebMVC.styles.css responded 200 in 37.6434 ms
[11:21:34 INF] HTTP GET /lib/jquery/dist/jquery.min.js responded 200 in 18.9100 ms
[11:21:34 INF] HTTP GET /lib/jquery-validation-unobtrusive/dist/jquery.validate.unobtrusive.min.js responded 200 in 20.2553 ms
[11:21:34 INF] HTTP GET /lib/jquery-validation/dist/jquery.validate.min.js responded 200 in 25.6295 ms
[11:21:34 INF] HTTP GET /js/site.js responded 200 in 26.6319 ms
[11:21:34 INF] HTTP GET /js/products-catalog-filter.js responded 200 in 93.0318 ms
[11:21:34 INF] HTTP GET /lib/bootstrap/dist/js/bootstrap.bundle.min.js responded 200 in 94.9188 ms
[11:21:38 INF] HTTP GET /Finance responded 200 in 203.0874 ms
[11:21:38 INF] HTTP GET /lib/bootstrap/dist/css/bootstrap.min.css responded 304 in 15.7720 ms
[11:21:38 INF] HTTP GET /Biktal.WebMVC.styles.css responded 304 in 0.4286 ms
[11:21:38 INF] HTTP GET /css/site.css responded 304 in 7.9683 ms
[11:21:38 INF] HTTP GET /lib/jquery/dist/jquery.min.js responded 304 in 37.2733 ms
[11:21:38 INF] HTTP GET /js/site.js responded 304 in 22.8438 ms
[11:21:38 INF] HTTP GET /lib/bootstrap/dist/js/bootstrap.bundle.min.js responded 304 in 179.1474 ms
[11:21:40 INF] HTTP GET /Finance/Cashbox responded 200 in 425.9254 ms
[11:21:40 INF] HTTP GET /lib/bootstrap/dist/css/bootstrap.min.css responded 200 in 4.3017 ms
[11:21:40 INF] HTTP GET /css/site.css responded 304 in 0.3773 ms
[11:21:40 INF] HTTP GET /Biktal.WebMVC.styles.css responded 304 in 1.2081 ms
[11:21:40 INF] HTTP GET /lib/jquery/dist/jquery.min.js responded 304 in 0.6951 ms
[11:21:40 INF] HTTP GET /lib/bootstrap/dist/js/bootstrap.bundle.min.js responded 304 in 0.3472 ms
[11:21:40 INF] HTTP GET /js/site.js responded 304 in 0.3163 ms
[11:21:40 INF] HTTP GET /lib/jquery-validation-unobtrusive/dist/jquery.validate.unobtrusive.min.js responded 304 in 11.3968 ms
[11:21:40 INF] HTTP GET /lib/jquery-validation/dist/jquery.validate.min.js responded 304 in 28.9605 ms
[11:21:49 INF] HTTP GET /Insights responded 302 in 3.4337 ms
[11:21:49 INF] HTTP GET /Insights/Daily responded 200 in 138.2670 ms
[11:21:49 INF] HTTP GET /css/site.css responded 304 in 2.7965 ms
[11:21:49 INF] HTTP GET /lib/bootstrap/dist/css/bootstrap.min.css responded 304 in 0.2996 ms
[11:21:49 INF] HTTP GET /Biktal.WebMVC.styles.css responded 304 in 0.1796 ms
[11:21:49 INF] HTTP GET /lib/jquery/dist/jquery.min.js responded 304 in 1.7218 ms
[11:21:49 INF] HTTP GET /lib/bootstrap/dist/js/bootstrap.bundle.min.js responded 304 in 1.7555 ms
[11:21:49 INF] HTTP GET /js/site.js responded 304 in 0.5603 ms
[11:22:00 INF] HTTP GET /Insights/Daily responded 200 in 42.2385 ms
[11:22:00 INF] HTTP GET /lib/bootstrap/dist/css/bootstrap.min.css responded 200 in 1.4176 ms
[11:22:00 INF] HTTP GET /Biktal.WebMVC.styles.css responded 304 in 0.2641 ms
[11:22:00 INF] HTTP GET /lib/jquery/dist/jquery.min.js responded 304 in 0.3197 ms
[11:22:00 INF] HTTP GET /css/site.css responded 304 in 0.4405 ms
[11:22:00 INF] HTTP GET /lib/bootstrap/dist/js/bootstrap.bundle.min.js responded 304 in 0.4333 ms
[11:22:00 INF] HTTP GET /js/site.js responded 304 in 0.2236 ms
[11:22:06 INF] HTTP GET /Finance responded 200 in 15.8252 ms
[11:22:06 INF] HTTP GET /lib/bootstrap/dist/css/bootstrap.min.css responded 200 in 17.9454 ms
[11:22:06 INF] HTTP GET /css/site.css responded 304 in 1.0182 ms
[11:22:06 INF] HTTP GET /lib/jquery/dist/jquery.min.js responded 304 in 0.2315 ms
[11:22:06 INF] HTTP GET /Biktal.WebMVC.styles.css responded 304 in 0.3163 ms
[11:22:06 INF] HTTP GET /lib/bootstrap/dist/js/bootstrap.bundle.min.js responded 304 in 0.3691 ms
[11:22:06 INF] HTTP GET /js/site.js responded 304 in 0.6155 ms
[11:23:08 INF] HTTP GET /Finance/Cashbox responded 200 in 53.2498 ms
[11:23:08 INF] HTTP GET /css/site.css responded 304 in 0.2005 ms
[11:23:08 INF] HTTP GET /lib/bootstrap/dist/css/bootstrap.min.css responded 200 in 1.6860 ms
[11:23:08 INF] HTTP GET /Biktal.WebMVC.styles.css responded 304 in 0.2705 ms
[11:23:08 INF] HTTP GET /lib/jquery/dist/jquery.min.js responded 304 in 0.1864 ms
[11:23:08 INF] HTTP GET /lib/bootstrap/dist/js/bootstrap.bundle.min.js responded 304 in 0.6270 ms
[11:23:08 INF] HTTP GET /js/site.js responded 304 in 0.2343 ms
[11:23:08 INF] HTTP GET /lib/jquery-validation-unobtrusive/dist/jquery.validate.unobtrusive.min.js responded 304 in 0.1261 ms
[11:23:08 INF] HTTP GET /lib/jquery-validation/dist/jquery.validate.min.js responded 304 in 0.1707 ms
[11:24:45 INF] HTTP GET /Insights responded 302 in 1.2008 ms
[11:24:45 INF] HTTP GET /Insights/Daily responded 200 in 16.3709 ms
[11:24:45 INF] HTTP GET /css/site.css responded 200 in 2.9271 ms
[11:24:45 INF] HTTP GET /Biktal.WebMVC.styles.css responded 200 in 2.9035 ms
[11:24:45 INF] HTTP GET /lib/bootstrap/dist/css/bootstrap.min.css responded 200 in 1.8060 ms
[11:24:45 INF] HTTP GET /lib/bootstrap/dist/js/bootstrap.bundle.min.js responded 200 in 1.3751 ms
[11:24:45 INF] HTTP GET /lib/jquery/dist/jquery.min.js responded 200 in 2.2600 ms
[11:24:45 INF] HTTP GET /js/site.js responded 200 in 0.9947 ms
[11:24:50 INF] HTTP GET /Insights/Daily responded 200 in 23.6195 ms
[11:24:51 INF] HTTP GET /lib/bootstrap/dist/css/bootstrap.min.css responded 200 in 4.4054 ms
[11:24:51 INF] HTTP GET /lib/bootstrap/dist/js/bootstrap.bundle.min.js responded 304 in 0.1240 ms
[11:24:51 INF] HTTP GET /lib/jquery/dist/jquery.min.js responded 304 in 0.1336 ms
[11:24:51 INF] HTTP GET /css/site.css responded 200 in 0.8588 ms
[11:24:51 INF] HTTP GET /Biktal.WebMVC.styles.css responded 200 in 1.1236 ms
[11:24:51 INF] HTTP GET /js/site.js responded 304 in 0.1003 ms
[11:24:55 INF] HTTP GET /Insights/Sale responded 200 in 93.6463 ms
[11:24:55 INF] HTTP GET /lib/bootstrap/dist/css/bootstrap.min.css responded 304 in 0.2308 ms
[11:24:55 INF] HTTP GET /css/site.css responded 304 in 0.8628 ms
[11:24:55 INF] HTTP GET /Biktal.WebMVC.styles.css responded 304 in 0.1692 ms
[11:24:55 INF] HTTP GET /lib/jquery/dist/jquery.min.js responded 304 in 0.2126 ms
[11:24:55 INF] HTTP GET /lib/bootstrap/dist/js/bootstrap.bundle.min.js responded 304 in 0.8507 ms
[11:24:55 INF] HTTP GET /js/site.js responded 304 in 0.3648 ms
[11:25:00 INF] HTTP GET /Insights/Sale responded 200 in 6.2931 ms
[11:25:00 INF] HTTP GET /lib/bootstrap/dist/css/bootstrap.min.css responded 304 in 0.1741 ms
[11:25:00 INF] HTTP GET /css/site.css responded 304 in 0.1273 ms
[11:25:00 INF] HTTP GET /Biktal.WebMVC.styles.css responded 304 in 1.1757 ms
[11:25:00 INF] HTTP GET /js/site.js responded 304 in 0.0501 ms
[11:25:00 INF] HTTP GET /lib/jquery/dist/jquery.min.js responded 304 in 0.0852 ms
[11:25:00 INF] HTTP GET /lib/bootstrap/dist/js/bootstrap.bundle.min.js responded 304 in 0.1030 ms
[11:25:10 INF] HTTP GET /Insights/Sale responded 200 in 5.4788 ms
[11:25:10 INF] HTTP GET /lib/bootstrap/dist/css/bootstrap.min.css responded 304 in 0.1516 ms
[11:25:10 INF] HTTP GET /css/site.css responded 304 in 0.1144 ms
[11:25:10 INF] HTTP GET /Biktal.WebMVC.styles.css responded 304 in 0.2085 ms
[11:25:10 INF] HTTP GET /lib/jquery/dist/jquery.min.js responded 304 in 0.1853 ms
[11:25:10 INF] HTTP GET /js/site.js responded 304 in 0.1047 ms
[11:25:10 INF] HTTP GET /lib/bootstrap/dist/js/bootstrap.bundle.min.js responded 304 in 0.1013 ms
[11:26:33 INF] HTTP GET /Insights/Daily responded 200 in 122.9880 ms
[11:26:33 INF] HTTP GET /lib/bootstrap/dist/css/bootstrap.min.css responded 200 in 19.0382 ms
[11:26:33 INF] HTTP GET /css/site.css responded 200 in 23.0850 ms
[11:26:33 INF] HTTP GET /lib/jquery/dist/jquery.min.js responded 200 in 16.7144 ms
[11:26:33 INF] HTTP GET /Biktal.WebMVC.styles.css responded 200 in 37.0923 ms
[11:26:33 INF] HTTP GET /js/site.js responded 200 in 29.9908 ms
[11:26:33 INF] HTTP GET /lib/bootstrap/dist/js/bootstrap.bundle.min.js responded 200 in 56.4531 ms
[11:26:49 INF] HTTP GET /Insights/Sale responded 200 in 10.7335 ms
[11:26:49 INF] HTTP GET /css/site.css responded 304 in 0.1509 ms
[11:26:49 INF] HTTP GET /lib/bootstrap/dist/css/bootstrap.min.css responded 304 in 0.1243 ms
[11:26:49 INF] HTTP GET /Biktal.WebMVC.styles.css responded 304 in 0.1684 ms
[11:26:49 INF] HTTP GET /js/site.js responded 304 in 0.1639 ms
[11:26:49 INF] HTTP GET /lib/jquery/dist/jquery.min.js responded 304 in 0.3054 ms
[11:26:49 INF] HTTP GET /lib/bootstrap/dist/js/bootstrap.bundle.min.js responded 304 in 0.1680 ms
[11:27:00 INF] HTTP GET /Insights/Sale responded 200 in 6.3774 ms
[11:27:00 INF] HTTP GET /lib/bootstrap/dist/css/bootstrap.min.css responded 304 in 0.1308 ms
[11:27:00 INF] HTTP GET /css/site.css responded 304 in 0.1302 ms
[11:27:00 INF] HTTP GET /Biktal.WebMVC.styles.css responded 304 in 0.1008 ms
[11:27:00 INF] HTTP GET /lib/jquery/dist/jquery.min.js responded 304 in 0.0607 ms
[11:27:00 INF] HTTP GET /js/site.js responded 304 in 0.0659 ms
[11:27:00 INF] HTTP GET /lib/bootstrap/dist/js/bootstrap.bundle.min.js responded 304 in 0.0620 ms
[11:27:24 INF] HTTP GET /Insights/Sale responded 200 in 4.0785 ms
[11:27:24 INF] HTTP GET /lib/bootstrap/dist/css/bootstrap.min.css responded 200 in 13.4243 ms
[11:27:24 INF] HTTP GET /css/site.css responded 304 in 0.1114 ms
[11:27:24 INF] HTTP GET /Biktal.WebMVC.styles.css responded 304 in 0.1181 ms
[11:27:24 INF] HTTP GET /lib/bootstrap/dist/js/bootstrap.bundle.min.js responded 304 in 0.1143 ms
[11:27:24 INF] HTTP GET /lib/jquery/dist/jquery.min.js responded 304 in 0.1043 ms
[11:27:24 INF] HTTP GET /js/site.js responded 304 in 0.1543 ms
[11:27:48 INF] HTTP GET /Insights/Sale responded 200 in 7.5353 ms
[11:27:48 INF] HTTP GET /lib/bootstrap/dist/js/bootstrap.bundle.min.js responded 304 in 0.1327 ms
[11:27:48 INF] HTTP GET /lib/bootstrap/dist/css/bootstrap.min.css responded 304 in 0.2305 ms
[11:27:48 INF] HTTP GET /lib/jquery/dist/jquery.min.js responded 304 in 0.3753 ms
[11:27:48 INF] HTTP GET /Biktal.WebMVC.styles.css responded 304 in 0.0543 ms
[11:27:48 INF] HTTP GET /css/site.css responded 304 in 0.0591 ms
[11:27:48 INF] HTTP GET /js/site.js responded 304 in 0.0612 ms
[11:27:55 INF] HTTP GET /Insights/Sale responded 200 in 5.2540 ms
[11:27:55 INF] HTTP GET /lib/bootstrap/dist/css/bootstrap.min.css responded 304 in 0.1571 ms
[11:27:55 INF] HTTP GET /css/site.css responded 304 in 0.1357 ms
[11:27:55 INF] HTTP GET /Biktal.WebMVC.styles.css responded 304 in 0.0977 ms
[11:27:55 INF] HTTP GET /lib/bootstrap/dist/js/bootstrap.bundle.min.js responded 304 in 0.0729 ms
[11:27:55 INF] HTTP GET /js/site.js responded 304 in 0.0752 ms
[11:27:55 INF] HTTP GET /lib/jquery/dist/jquery.min.js responded 304 in 1.1342 ms
[11:28:01 INF] HTTP GET /Insights/Sale responded 200 in 3.8140 ms
[11:28:01 INF] HTTP GET /lib/bootstrap/dist/css/bootstrap.min.css responded 304 in 0.1919 ms
[11:28:01 INF] HTTP GET /css/site.css responded 304 in 0.1345 ms
[11:28:01 INF] HTTP GET /Biktal.WebMVC.styles.css responded 304 in 0.1336 ms
[11:28:01 INF] HTTP GET /lib/jquery/dist/jquery.min.js responded 304 in 0.1318 ms
[11:28:01 INF] HTTP GET /lib/bootstrap/dist/js/bootstrap.bundle.min.js responded 304 in 0.1280 ms
[11:28:01 INF] HTTP GET /js/site.js responded 304 in 0.0948 ms
[11:28:44 INF] HTTP GET /Finance responded 200 in 22.1061 ms
[11:28:44 INF] HTTP GET /lib/bootstrap/dist/css/bootstrap.min.css responded 200 in 2.0951 ms
[11:28:44 INF] HTTP GET /Biktal.WebMVC.styles.css responded 304 in 0.1199 ms
[11:28:44 INF] HTTP GET /lib/jquery/dist/jquery.min.js responded 304 in 0.0895 ms
[11:28:44 INF] HTTP GET /css/site.css responded 304 in 0.0806 ms
[11:28:44 INF] HTTP GET /lib/bootstrap/dist/js/bootstrap.bundle.min.js responded 304 in 0.1198 ms
[11:28:44 INF] HTTP GET /js/site.js responded 304 in 0.1619 ms
[11:28:46 INF] HTTP GET /Finance/Cashbox responded 200 in 36.4211 ms
[11:28:46 INF] HTTP GET /lib/bootstrap/dist/css/bootstrap.min.css responded 304 in 0.1657 ms
[11:28:46 INF] HTTP GET /Biktal.WebMVC.styles.css responded 304 in 0.1218 ms
[11:28:46 INF] HTTP GET /css/site.css responded 304 in 0.0933 ms
[11:28:46 INF] HTTP GET /lib/jquery/dist/jquery.min.js responded 304 in 0.0639 ms
[11:28:46 INF] HTTP GET /lib/bootstrap/dist/js/bootstrap.bundle.min.js responded 304 in 0.0880 ms
[11:28:46 INF] HTTP GET /js/site.js responded 304 in 0.3917 ms
[11:28:46 INF] HTTP GET /lib/jquery-validation-unobtrusive/dist/jquery.validate.unobtrusive.min.js responded 200 in 19.8033 ms
[11:28:46 INF] HTTP GET /lib/jquery-validation/dist/jquery.validate.min.js responded 200 in 20.3154 ms
[11:31:13 INF] HTTP POST /Finance/CloseCashboxSession responded 302 in 342.0688 ms
[11:31:13 INF] HTTP GET /Finance/Cashbox responded 200 in 18.0582 ms
[11:31:13 INF] HTTP GET /lib/bootstrap/dist/css/bootstrap.min.css responded 200 in 2.0642 ms
[11:31:13 INF] HTTP GET /css/site.css responded 200 in 0.5241 ms
[11:31:13 INF] HTTP GET /lib/bootstrap/dist/js/bootstrap.bundle.min.js responded 200 in 1.3031 ms
[11:31:13 INF] HTTP GET /js/site.js responded 200 in 1.5406 ms
[11:31:13 INF] HTTP GET /lib/jquery-validation/dist/jquery.validate.min.js responded 200 in 0.5417 ms
[11:31:13 INF] HTTP GET /Biktal.WebMVC.styles.css responded 200 in 0.4244 ms
[11:31:13 INF] HTTP GET /lib/jquery/dist/jquery.min.js responded 200 in 0.5832 ms
[11:31:13 INF] HTTP GET /lib/jquery-validation-unobtrusive/dist/jquery.validate.unobtrusive.min.js responded 200 in 0.9469 ms
[11:31:30 INF] HTTP POST /Finance/OpenCashboxSession responded 302 in 97.8276 ms
[11:31:30 INF] HTTP GET /Finance/Cashbox responded 200 in 15.7587 ms
[11:31:30 INF] HTTP GET /lib/bootstrap/dist/css/bootstrap.min.css responded 200 in 3.0380 ms
[11:31:30 INF] HTTP GET /css/site.css responded 200 in 0.8840 ms
[11:31:30 INF] HTTP GET /Biktal.WebMVC.styles.css responded 200 in 0.9999 ms
[11:31:30 INF] HTTP GET /lib/jquery/dist/jquery.min.js responded 304 in 0.1128 ms
[11:31:30 INF] HTTP GET /lib/bootstrap/dist/js/bootstrap.bundle.min.js responded 304 in 0.7643 ms
[11:31:30 INF] HTTP GET /js/site.js responded 304 in 0.6457 ms
[11:31:30 INF] HTTP GET /lib/jquery-validation/dist/jquery.validate.min.js responded 304 in 0.1259 ms
[11:31:30 INF] HTTP GET /lib/jquery-validation-unobtrusive/dist/jquery.validate.unobtrusive.min.js responded 304 in 0.1982 ms
[11:52:14 INF] Application is shutting down...
