[14:24:09 WRN] Using an in-memory repository. Keys will not be persisted to storage.
[14:24:09 WRN] Neither user profile nor HKLM registry available. Using an ephemeral key repository. Protected data will be unavailable when application exits.
[14:24:09 WRN] No XML encryptor configured. Key {5f60954b-2374-496c-b795-1c4cddf858fb} may be persisted to storage in unencrypted form.
[14:24:10 INF] Application started. Press Ctrl+C to shut down.
[14:24:10 INF] Hosting environment: Production
[14:24:10 INF] Content root path: D:\Systems\BiktalSystems\publish
[14:24:10 ERR] An exception was thrown while deserializing the token.
Microsoft.AspNetCore.Antiforgery.AntiforgeryValidationException: The antiforgery token could not be decrypted.
 ---> System.Security.Cryptography.CryptographicException: The key {7dbb7570-8258-4a5e-9c82-e38c2c14f013} was not found in the key ring. For more information go to https://aka.ms/aspnet/dataprotectionwarning
   at Microsoft.AspNetCore.DataProtection.KeyManagement.KeyRingBasedDataProtector.UnprotectCore(Byte[] protectedData, Boolean allowOperationsOnRevokedKeys, UnprotectStatus& status)
   at Microsoft.AspNetCore.DataProtection.KeyManagement.KeyRingBasedDataProtector.Unprotect(Byte[] protectedData)
   at Microsoft.AspNetCore.Antiforgery.DefaultAntiforgeryTokenSerializer.Deserialize(String serializedToken)
   --- End of inner exception stack trace ---
   at Microsoft.AspNetCore.Antiforgery.DefaultAntiforgeryTokenSerializer.Deserialize(String serializedToken)
   at Microsoft.AspNetCore.Antiforgery.DefaultAntiforgery.GetCookieTokenDoesNotThrow(HttpContext httpContext)
[14:24:11 INF] HTTP GET /Inventory/Products responded 200 in 1668.7472 ms
[14:24:11 INF] HTTP GET /css/site.css responded 200 in 42.5491 ms
[14:24:11 INF] HTTP GET /Biktal.WebMVC.styles.css responded 200 in 26.4174 ms
[14:24:11 INF] HTTP GET /lib/bootstrap/dist/css/bootstrap.min.css responded 200 in 69.9449 ms
[14:24:13 INF] HTTP GET /lib/jquery/dist/jquery.min.js responded 200 in 6.3056 ms
[14:24:13 INF] HTTP GET /js/site.js responded 200 in 2.2934 ms
[14:24:13 INF] HTTP GET /lib/jquery-validation/dist/jquery.validate.min.js responded 200 in 2.0988 ms
[14:24:13 INF] HTTP GET /lib/bootstrap/dist/js/bootstrap.bundle.min.js responded 200 in 6.9478 ms
[14:24:13 INF] HTTP GET /lib/jquery-validation-unobtrusive/dist/jquery.validate.unobtrusive.min.js responded 200 in 0.9198 ms
[14:24:13 INF] HTTP GET /js/products-catalog-filter.js responded 200 in 25.2676 ms
[14:45:01 INF] Application is shutting down...
