[14:32:32 WRN] Using an in-memory repository. Keys will not be persisted to storage.
[14:32:32 WRN] Neither user profile nor HKLM registry available. Using an ephemeral key repository. Protected data will be unavailable when application exits.
[14:32:32 WRN] No XML encryptor configured. Key {a159da29-9f8f-4a5a-b9c5-a862b5a3b4e4} may be persisted to storage in unencrypted form.
[14:32:32 INF] Application started. Press Ctrl+C to shut down.
[14:32:32 INF] Hosting environment: Production
[14:32:32 INF] Content root path: D:\Systems\BiktalSystems\publish
[14:32:32 ERR] HTTP GET /Finance responded 500 in 279.8645 ms
System.OperationCanceledException: The operation was canceled.
   at System.Threading.CancellationToken.ThrowOperationCanceledException()
   at System.Threading.CancellationToken.ThrowIfCancellationRequested()
   at Npgsql.NpgsqlCommand.ExecuteReader(Boolean async, CommandBehavior behavior, CancellationToken cancellationToken)
   at Npgsql.NpgsqlCommand.ExecuteReader(Boolean async, CommandBehavior behavior, CancellationToken cancellationToken)
   at Npgsql.NpgsqlCommand.ExecuteDbDataReaderAsync(CommandBehavior behavior, CancellationToken cancellationToken)
   at Microsoft.EntityFrameworkCore.Storage.RelationalCommand.ExecuteReaderAsync(RelationalCommandParameterObject parameterObject, CancellationToken cancellationToken)
   at Microsoft.EntityFrameworkCore.Storage.RelationalCommand.ExecuteReaderAsync(RelationalCommandParameterObject parameterObject, CancellationToken cancellationToken)
   at Microsoft.EntityFrameworkCore.Query.Internal.SingleQueryingEnumerable`1.AsyncEnumerator.InitializeReaderAsync(AsyncEnumerator enumerator, CancellationToken cancellationToken)
   at Npgsql.EntityFrameworkCore.PostgreSQL.Storage.Internal.NpgsqlExecutionStrategy.ExecuteAsync[TState,TResult](TState state, Func`4 operation, Func`4 verifySucceeded, CancellationToken cancellationToken)
   at Microsoft.EntityFrameworkCore.Query.Internal.SingleQueryingEnumerable`1.AsyncEnumerator.MoveNextAsync()
   at Microsoft.EntityFrameworkCore.Query.ShapedQueryCompilingExpressionVisitor.SingleAsync[TSource](IAsyncEnumerable`1 asyncEnumerable, CancellationToken cancellationToken)
   at Microsoft.EntityFrameworkCore.Query.ShapedQueryCompilingExpressionVisitor.SingleAsync[TSource](IAsyncEnumerable`1 asyncEnumerable, CancellationToken cancellationToken)
   at Biktal.WebMVC.Controllers.FinanceController.Index(CancellationToken cancellationToken) in D:\Systems\BiktalSystems\Controllers\FinanceController.cs:line 34
   at Microsoft.AspNetCore.Mvc.Infrastructure.ActionMethodExecutor.TaskOfIActionResultExecutor.Execute(ActionContext actionContext, IActionResultTypeMapper mapper, ObjectMethodExecutor executor, Object controller, Object[] arguments)
   at Microsoft.AspNetCore.Mvc.Infrastructure.ControllerActionInvoker.<InvokeActionMethodAsync>g__Awaited|12_0(ControllerActionInvoker invoker, ValueTask`1 actionResultValueTask)
   at Microsoft.AspNetCore.Mvc.Infrastructure.ControllerActionInvoker.<InvokeNextActionFilterAsync>g__Awaited|10_0(ControllerActionInvoker invoker, Task lastTask, State next, Scope scope, Object state, Boolean isCompleted)
   at Microsoft.AspNetCore.Mvc.Infrastructure.ControllerActionInvoker.Rethrow(ActionExecutedContextSealed context)
   at Microsoft.AspNetCore.Mvc.Infrastructure.ControllerActionInvoker.Next(State& next, Scope& scope, Object& state, Boolean& isCompleted)
   at Microsoft.AspNetCore.Mvc.Infrastructure.ControllerActionInvoker.InvokeInnerFilterAsync()
--- End of stack trace from previous location ---
   at Microsoft.AspNetCore.Mvc.Infrastructure.ResourceInvoker.<InvokeNextResourceFilter>g__Awaited|25_0(ResourceInvoker invoker, Task lastTask, State next, Scope scope, Object state, Boolean isCompleted)
   at Microsoft.AspNetCore.Mvc.Infrastructure.ResourceInvoker.Rethrow(ResourceExecutedContextSealed context)
   at Microsoft.AspNetCore.Mvc.Infrastructure.ResourceInvoker.Next(State& next, Scope& scope, Object& state, Boolean& isCompleted)
   at Microsoft.AspNetCore.Mvc.Infrastructure.ResourceInvoker.InvokeFilterPipelineAsync()
--- End of stack trace from previous location ---
   at Microsoft.AspNetCore.Mvc.Infrastructure.ResourceInvoker.<InvokeAsync>g__Awaited|17_0(ResourceInvoker invoker, Task task, IDisposable scope)
   at Microsoft.AspNetCore.Mvc.Infrastructure.ResourceInvoker.<InvokeAsync>g__Awaited|17_0(ResourceInvoker invoker, Task task, IDisposable scope)
   at Microsoft.AspNetCore.Authorization.AuthorizationMiddleware.Invoke(HttpContext context)
   at Program.<>c.<<<Main>$>b__0_2>d.MoveNext() in D:\Systems\BiktalSystems\Program.cs:line 71
--- End of stack trace from previous location ---
   at Microsoft.AspNetCore.Authentication.AuthenticationMiddleware.Invoke(HttpContext context)
   at Microsoft.AspNetCore.Routing.EndpointRoutingMiddleware.<Invoke>g__AwaitMatcher|10_0(EndpointRoutingMiddleware middleware, HttpContext httpContext, Task`1 matcherTask)
   at Serilog.AspNetCore.RequestLoggingMiddleware.Invoke(HttpContext httpContext)
[14:32:33 INF] HTTP GET /Crm responded 200 in 561.8265 ms
[14:32:33 INF] HTTP GET /js/site.js responded 200 in 59.1416 ms
[14:32:33 INF] HTTP GET /lib/bootstrap/dist/js/bootstrap.bundle.min.js responded 200 in 60.5172 ms
[14:32:33 INF] HTTP GET /lib/bootstrap/dist/css/bootstrap.min.css responded 200 in 62.4894 ms
[14:32:33 INF] HTTP GET /css/site.css responded 200 in 61.1026 ms
[14:32:33 INF] HTTP GET /Biktal.WebMVC.styles.css responded 200 in 61.5239 ms
[14:32:33 INF] HTTP GET /lib/jquery/dist/jquery.min.js responded 200 in 6.4959 ms
[14:32:35 INF] HTTP GET /Installments responded 200 in 301.6804 ms
[14:32:35 INF] HTTP GET /css/site.css responded 304 in 5.7505 ms
[14:32:35 INF] HTTP GET /lib/bootstrap/dist/css/bootstrap.min.css responded 304 in 11.9694 ms
[14:32:35 INF] HTTP GET /js/site.js responded 304 in 16.5586 ms
[14:32:35 INF] HTTP GET /Biktal.WebMVC.styles.css responded 304 in 19.8896 ms
[14:32:35 INF] HTTP GET /lib/jquery/dist/jquery.min.js responded 304 in 36.0187 ms
[14:32:35 INF] HTTP GET /lib/bootstrap/dist/js/bootstrap.bundle.min.js responded 304 in 161.9086 ms
[14:35:20 WRN] Compiling a query which loads related collections for more than one collection navigation, either via 'Include' or through projection, but no 'QuerySplittingBehavior' has been configured. By default, Entity Framework will use 'QuerySplittingBehavior.SingleQuery', which can potentially result in slow query performance. See https://go.microsoft.com/fwlink/?linkid=2134277 for more information. To identify the query that's triggering this warning call 'ConfigureWarnings(w => w.Throw(RelationalEventId.MultipleCollectionIncludeWarning))'.
[14:35:20 ERR] An exception was thrown while deserializing the token.
Microsoft.AspNetCore.Antiforgery.AntiforgeryValidationException: The antiforgery token could not be decrypted.
 ---> System.Security.Cryptography.CryptographicException: The key {e565b6c9-0d48-4b69-8468-7a723d36f347} was not found in the key ring. For more information go to https://aka.ms/aspnet/dataprotectionwarning
   at Microsoft.AspNetCore.DataProtection.KeyManagement.KeyRingBasedDataProtector.UnprotectCore(Byte[] protectedData, Boolean allowOperationsOnRevokedKeys, UnprotectStatus& status)
   at Microsoft.AspNetCore.DataProtection.KeyManagement.KeyRingBasedDataProtector.Unprotect(Byte[] protectedData)
   at Microsoft.AspNetCore.Antiforgery.DefaultAntiforgeryTokenSerializer.Deserialize(String serializedToken)
   --- End of inner exception stack trace ---
   at Microsoft.AspNetCore.Antiforgery.DefaultAntiforgeryTokenSerializer.Deserialize(String serializedToken)
   at Microsoft.AspNetCore.Antiforgery.DefaultAntiforgery.GetCookieTokenDoesNotThrow(HttpContext httpContext)
[14:35:20 INF] HTTP GET /Installments/Detail/9a4fbf4a-95c1-4f2d-9232-fa6bcf719eac responded 200 in 235.2065 ms
[14:35:20 INF] HTTP GET /lib/bootstrap/dist/css/bootstrap.min.css responded 200 in 1.6013 ms
[14:35:20 INF] HTTP GET /Biktal.WebMVC.styles.css responded 200 in 2.0109 ms
[14:35:20 INF] HTTP GET /css/site.css responded 200 in 3.2949 ms
[14:35:20 INF] HTTP GET /lib/jquery/dist/jquery.min.js responded 200 in 1.6911 ms
[14:35:20 INF] HTTP GET /lib/bootstrap/dist/js/bootstrap.bundle.min.js responded 200 in 4.3978 ms
[14:35:20 INF] HTTP GET /js/site.js responded 200 in 0.8278 ms
[14:35:20 INF] HTTP GET /lib/jquery-validation/dist/jquery.validate.min.js responded 200 in 1.0774 ms
[14:35:20 INF] HTTP GET /lib/jquery-validation-unobtrusive/dist/jquery.validate.unobtrusive.min.js responded 200 in 40.4832 ms
[14:38:05 INF] HTTP POST /Installments/RecordPayment responded 302 in 623.9548 ms
[14:38:06 INF] HTTP GET /Installments/Detail/9a4fbf4a-95c1-4f2d-9232-fa6bcf719eac responded 200 in 55.2435 ms
[14:38:06 INF] HTTP GET /lib/bootstrap/dist/css/bootstrap.min.css responded 200 in 2.8057 ms
[14:38:06 INF] HTTP GET /css/site.css responded 200 in 7.2137 ms
[14:38:06 INF] HTTP GET /Biktal.WebMVC.styles.css responded 200 in 1.0255 ms
[14:38:06 INF] HTTP GET /lib/jquery/dist/jquery.min.js responded 200 in 1.8405 ms
[14:38:06 INF] HTTP GET /lib/bootstrap/dist/js/bootstrap.bundle.min.js responded 200 in 6.0856 ms
[14:38:06 INF] HTTP GET /js/site.js responded 200 in 0.9043 ms
[14:38:06 INF] HTTP GET /lib/jquery-validation/dist/jquery.validate.min.js responded 200 in 27.1328 ms
[14:38:06 INF] HTTP GET /lib/jquery-validation-unobtrusive/dist/jquery.validate.unobtrusive.min.js responded 200 in 30.9586 ms
[14:38:09 INF] HTTP GET /Installments/Detail/9a4fbf4a-95c1-4f2d-9232-fa6bcf719eac responded 200 in 8.3219 ms
[14:38:09 INF] HTTP GET /lib/bootstrap/dist/css/bootstrap.min.css responded 200 in 8.0809 ms
[14:38:09 INF] HTTP GET /css/site.css responded 200 in 0.8678 ms
[14:38:09 INF] HTTP GET /Biktal.WebMVC.styles.css responded 200 in 1.1049 ms
[14:46:13 WRN] The query uses the 'First'/'FirstOrDefault' operator without 'OrderBy' and filter operators. This may lead to unpredictable results.
[14:46:13 INF] HTTP GET / responded 200 in 161.5493 ms
[14:46:13 INF] HTTP GET /lib/bootstrap/dist/css/bootstrap.min.css responded 200 in 1.6658 ms
[14:46:13 INF] HTTP GET /Biktal.WebMVC.styles.css responded 200 in 0.8350 ms
[14:46:13 INF] HTTP GET /css/site.css responded 200 in 0.7119 ms
[14:46:13 INF] HTTP GET /lib/jquery/dist/jquery.min.js responded 200 in 1.2669 ms
[14:46:13 INF] HTTP GET /js/site.js responded 200 in 0.5206 ms
[14:46:13 INF] HTTP GET /lib/bootstrap/dist/js/bootstrap.bundle.min.js responded 200 in 0.7598 ms
[14:46:13 INF] HTTP GET /js/pos.js responded 200 in 4.0472 ms
[14:50:18 INF] HTTP POST /Pos/CompleteSale responded 200 in 554.9286 ms
[15:10:27 INF] Application is shutting down...
