[10:29:26 WRN] Using an in-memory repository. Keys will not be persisted to storage.
[10:29:26 WRN] Neither user profile nor HKLM registry available. Using an ephemeral key repository. Protected data will be unavailable when application exits.
[10:29:27 WRN] No XML encryptor configured. Key {8bcc0dee-5589-4165-bf90-0df64bf975b9} may be persisted to storage in unencrypted form.
[10:29:27 INF] Application started. Press Ctrl+C to shut down.
[10:29:27 INF] Hosting environment: Production
[10:29:27 INF] Content root path: D:\Systems\BiktalSystems\publish
[10:29:27 WRN] The query uses the 'First'/'FirstOrDefault' operator without 'OrderBy' and filter operators. This may lead to unpredictable results.
[10:29:27 ERR] An exception was thrown while deserializing the token.
Microsoft.AspNetCore.Antiforgery.AntiforgeryValidationException: The antiforgery token could not be decrypted.
 ---> System.Security.Cryptography.CryptographicException: The key {a1148b37-9e82-491d-9657-50004684b05b} was not found in the key ring. For more information go to https://aka.ms/aspnet/dataprotectionwarning
   at Microsoft.AspNetCore.DataProtection.KeyManagement.KeyRingBasedDataProtector.UnprotectCore(Byte[] protectedData, Boolean allowOperationsOnRevokedKeys, UnprotectStatus& status)
   at Microsoft.AspNetCore.DataProtection.KeyManagement.KeyRingBasedDataProtector.Unprotect(Byte[] protectedData)
   at Microsoft.AspNetCore.Antiforgery.DefaultAntiforgeryTokenSerializer.Deserialize(String serializedToken)
   --- End of inner exception stack trace ---
   at Microsoft.AspNetCore.Antiforgery.DefaultAntiforgeryTokenSerializer.Deserialize(String serializedToken)
   at Microsoft.AspNetCore.Antiforgery.DefaultAntiforgery.GetCookieTokenDoesNotThrow(HttpContext httpContext)
[10:29:27 INF] HTTP GET / responded 200 in 486.0772 ms
[10:29:27 INF] HTTP GET /css/site.css responded 200 in 66.6484 ms
[10:29:27 INF] HTTP GET /lib/bootstrap/dist/css/bootstrap.min.css responded 200 in 89.3685 ms
[10:29:27 INF] HTTP GET /Biktal.WebMVC.styles.css responded 200 in 90.4876 ms
[10:29:28 INF] HTTP GET /js/pos.js responded 200 in 48.7249 ms
[10:29:28 INF] HTTP GET /lib/jquery/dist/jquery.min.js responded 200 in 51.8773 ms
[10:29:28 INF] HTTP GET /js/site.js responded 200 in 50.6795 ms
[10:29:28 INF] HTTP GET /lib/bootstrap/dist/js/bootstrap.bundle.min.js responded 200 in 68.1810 ms
[10:30:05 INF] HTTP POST /Pos/CompleteSale responded 200 in 1094.0616 ms
[10:50:38 INF] Application is shutting down...
