[13:45:55 WRN] Using an in-memory repository. Keys will not be persisted to storage.
[13:45:55 WRN] Neither user profile nor HKLM registry available. Using an ephemeral key repository. Protected data will be unavailable when application exits.
[13:45:55 WRN] No XML encryptor configured. Key {5969d220-baf5-489f-88df-d83f181921e9} may be persisted to storage in unencrypted form.
[13:45:55 INF] Application started. Press Ctrl+C to shut down.
[13:45:55 INF] Hosting environment: Production
[13:45:55 INF] Content root path: D:\Systems\BiktalSystems\publish
[13:45:56 ERR] An exception was thrown while deserializing the token.
Microsoft.AspNetCore.Antiforgery.AntiforgeryValidationException: The antiforgery token could not be decrypted.
 ---> System.Security.Cryptography.CryptographicException: The key {51040d04-6bc2-4de6-9351-2f893007bbf9} was not found in the key ring. For more information go to https://aka.ms/aspnet/dataprotectionwarning
   at Microsoft.AspNetCore.DataProtection.KeyManagement.KeyRingBasedDataProtector.UnprotectCore(Byte[] protectedData, Boolean allowOperationsOnRevokedKeys, UnprotectStatus& status)
   at Microsoft.AspNetCore.DataProtection.KeyManagement.KeyRingBasedDataProtector.Unprotect(Byte[] protectedData)
   at Microsoft.AspNetCore.Antiforgery.DefaultAntiforgeryTokenSerializer.Deserialize(String serializedToken)
   --- End of inner exception stack trace ---
   at Microsoft.AspNetCore.Antiforgery.DefaultAntiforgeryTokenSerializer.Deserialize(String serializedToken)
   at Microsoft.AspNetCore.Antiforgery.DefaultAntiforgery.GetCookieTokenDoesNotThrow(HttpContext httpContext)
[13:45:56 INF] HTTP GET /Inventory/Products responded 200 in 773.9734 ms
[13:45:56 INF] HTTP GET /Biktal.WebMVC.styles.css responded 200 in 31.0174 ms
[13:45:56 INF] HTTP GET /css/site.css responded 200 in 31.7848 ms
[13:45:56 INF] HTTP GET /lib/bootstrap/dist/css/bootstrap.min.css responded 200 in 51.4783 ms
[13:45:57 INF] HTTP GET /lib/jquery/dist/jquery.min.js responded 200 in 8.9686 ms
[13:45:57 INF] HTTP GET /lib/jquery-validation/dist/jquery.validate.min.js responded 200 in 2.2383 ms
[13:45:57 INF] HTTP GET /js/site.js responded 200 in 2.2650 ms
[13:45:57 INF] HTTP GET /lib/bootstrap/dist/js/bootstrap.bundle.min.js responded 200 in 6.1577 ms
[13:45:57 INF] HTTP GET /lib/jquery-validation-unobtrusive/dist/jquery.validate.unobtrusive.min.js responded 200 in 8.0421 ms
[13:45:57 INF] HTTP GET /js/products-catalog-filter.js responded 200 in 39.2121 ms
[14:03:22 WRN] The query uses the 'First'/'FirstOrDefault' operator without 'OrderBy' and filter operators. This may lead to unpredictable results.
[14:03:22 INF] HTTP GET / responded 200 in 372.6137 ms
[14:03:23 INF] HTTP GET /css/site.css responded 200 in 9.1913 ms
[14:03:23 INF] HTTP GET /Biktal.WebMVC.styles.css responded 200 in 1.6477 ms
[14:03:23 INF] HTTP GET /js/pos.js responded 200 in 36.7864 ms
[14:03:23 INF] HTTP GET /lib/jquery/dist/jquery.min.js responded 200 in 89.2405 ms
[14:03:23 INF] HTTP GET /lib/bootstrap/dist/css/bootstrap.min.css responded 200 in 32.7851 ms
[14:03:23 INF] HTTP GET /js/site.js responded 200 in 1.1097 ms
[14:03:23 INF] HTTP GET /lib/bootstrap/dist/js/bootstrap.bundle.min.js responded 200 in 206.2105 ms
[14:23:32 INF] Application is shutting down...
