[12:40:16 WRN] Using an in-memory repository. Keys will not be persisted to storage.
[12:40:16 WRN] Neither user profile nor HKLM registry available. Using an ephemeral key repository. Protected data will be unavailable when application exits.
[12:40:16 WRN] No XML encryptor configured. Key {995995a3-fa9f-408a-a8ec-dbfa01262f7b} may be persisted to storage in unencrypted form.
[12:40:16 INF] Application started. Press Ctrl+C to shut down.
[12:40:16 INF] Hosting environment: Production
[12:40:16 INF] Content root path: D:\Systems\BiktalSystems\publish
[12:40:17 INF] HTTP GET /Finance responded 200 in 727.1038 ms
[12:40:17 INF] HTTP GET /css/site.css responded 200 in 16.3204 ms
[12:40:17 INF] HTTP GET /js/site.js responded 200 in 14.6716 ms
[12:40:17 INF] HTTP GET /lib/bootstrap/dist/js/bootstrap.bundle.min.js responded 200 in 49.5326 ms
[12:40:17 INF] HTTP GET /lib/bootstrap/dist/css/bootstrap.min.css responded 200 in 74.8432 ms
[12:40:17 INF] HTTP GET /Biktal.WebMVC.styles.css responded 200 in 7.6180 ms
[12:40:17 INF] HTTP GET /lib/jquery/dist/jquery.min.js responded 200 in 10.3129 ms
[12:40:27 ERR] An exception was thrown while deserializing the token.
Microsoft.AspNetCore.Antiforgery.AntiforgeryValidationException: The antiforgery token could not be decrypted.
 ---> System.Security.Cryptography.CryptographicException: The key {3aeb48ee-2f92-42fb-ab21-f38b2fa1fd1e} was not found in the key ring. For more information go to https://aka.ms/aspnet/dataprotectionwarning
   at Microsoft.AspNetCore.DataProtection.KeyManagement.KeyRingBasedDataProtector.UnprotectCore(Byte[] protectedData, Boolean allowOperationsOnRevokedKeys, UnprotectStatus& status)
   at Microsoft.AspNetCore.DataProtection.KeyManagement.KeyRingBasedDataProtector.Unprotect(Byte[] protectedData)
   at Microsoft.AspNetCore.Antiforgery.DefaultAntiforgeryTokenSerializer.Deserialize(String serializedToken)
   --- End of inner exception stack trace ---
   at Microsoft.AspNetCore.Antiforgery.DefaultAntiforgeryTokenSerializer.Deserialize(String serializedToken)
   at Microsoft.AspNetCore.Antiforgery.DefaultAntiforgery.GetCookieTokenDoesNotThrow(HttpContext httpContext)
[12:40:27 INF] HTTP GET /Finance/Cashbox responded 200 in 1062.0327 ms
[12:40:27 INF] HTTP GET /lib/bootstrap/dist/css/bootstrap.min.css responded 200 in 16.4010 ms
[12:40:27 INF] HTTP GET /Biktal.WebMVC.styles.css responded 200 in 2.9241 ms
[12:40:27 INF] HTTP GET /css/site.css responded 200 in 8.9839 ms
[12:40:27 INF] HTTP GET /lib/jquery/dist/jquery.min.js responded 304 in 33.2917 ms
[12:40:27 INF] HTTP GET /js/site.js responded 304 in 23.7704 ms
[12:40:27 INF] HTTP GET /lib/jquery-validation/dist/jquery.validate.min.js responded 200 in 1.8589 ms
[12:40:27 INF] HTTP GET /lib/jquery-validation-unobtrusive/dist/jquery.validate.unobtrusive.min.js responded 200 in 1.7004 ms
[12:40:27 INF] HTTP GET /lib/bootstrap/dist/js/bootstrap.bundle.min.js responded 304 in 176.8942 ms
[12:42:48 INF] HTTP POST /Finance/CloseCashboxSession responded 302 in 509.0614 ms
[12:42:49 INF] HTTP GET /Finance/Cashbox responded 200 in 69.8546 ms
[12:42:49 INF] HTTP GET /css/site.css responded 200 in 4.1634 ms
[12:42:49 INF] HTTP GET /lib/bootstrap/dist/css/bootstrap.min.css responded 200 in 1.7449 ms
[12:42:49 INF] HTTP GET /lib/bootstrap/dist/js/bootstrap.bundle.min.js responded 200 in 1.5595 ms
[12:42:49 INF] HTTP GET /lib/jquery/dist/jquery.min.js responded 200 in 1.5675 ms
[12:42:49 INF] HTTP GET /js/site.js responded 200 in 6.3685 ms
[12:42:49 INF] HTTP GET /Biktal.WebMVC.styles.css responded 200 in 1.0578 ms
[12:42:49 INF] HTTP GET /lib/jquery-validation/dist/jquery.validate.min.js responded 200 in 24.7264 ms
[12:42:49 INF] HTTP GET /lib/jquery-validation-unobtrusive/dist/jquery.validate.unobtrusive.min.js responded 200 in 18.6576 ms
[12:43:11 INF] HTTP POST /Finance/OpenCashboxSession responded 302 in 153.6251 ms
[12:43:11 INF] HTTP GET /Finance/Cashbox responded 200 in 119.2539 ms
[12:43:11 INF] HTTP GET /lib/bootstrap/dist/css/bootstrap.min.css responded 200 in 4.5223 ms
[12:43:11 INF] HTTP GET /Biktal.WebMVC.styles.css responded 200 in 1.2667 ms
[12:43:11 INF] HTTP GET /css/site.css responded 200 in 1.2473 ms
[12:43:11 INF] HTTP GET /js/site.js responded 304 in 0.3408 ms
[12:43:11 INF] HTTP GET /lib/jquery/dist/jquery.min.js responded 304 in 0.1760 ms
[12:43:11 INF] HTTP GET /lib/jquery-validation/dist/jquery.validate.min.js responded 304 in 1.1012 ms
[12:43:11 INF] HTTP GET /lib/bootstrap/dist/js/bootstrap.bundle.min.js responded 304 in 0.2872 ms
[12:43:11 INF] HTTP GET /lib/jquery-validation-unobtrusive/dist/jquery.validate.unobtrusive.min.js responded 304 in 0.2988 ms
[13:03:24 INF] Application is shutting down...
