[19:31:26 WRN] Using an in-memory repository. Keys will not be persisted to storage.
[19:31:27 WRN] Neither user profile nor HKLM registry available. Using an ephemeral key repository. Protected data will be unavailable when application exits.
[19:31:27 WRN] No XML encryptor configured. Key {50bbd456-641b-452b-b7f9-36d75da6fdc2} may be persisted to storage in unencrypted form.
[19:31:27 INF] Application started. Press Ctrl+C to shut down.
[19:31:27 INF] Hosting environment: Production
[19:31:27 INF] Content root path: D:\Systems\BiktalSystems\publish
[19:31:27 INF] HTTP GET /Account/Login responded 302 in 125.5393 ms
[19:31:27 ERR] An exception was thrown while deserializing the token.
Microsoft.AspNetCore.Antiforgery.AntiforgeryValidationException: The antiforgery token could not be decrypted.
 ---> System.Security.Cryptography.CryptographicException: The key {2e9f063f-a2a4-4f65-8a60-2a1170c6e0b9} was not found in the key ring. For more information go to https://aka.ms/aspnet/dataprotectionwarning
   at Microsoft.AspNetCore.DataProtection.KeyManagement.KeyRingBasedDataProtector.UnprotectCore(Byte[] protectedData, Boolean allowOperationsOnRevokedKeys, UnprotectStatus& status)
   at Microsoft.AspNetCore.DataProtection.KeyManagement.KeyRingBasedDataProtector.Unprotect(Byte[] protectedData)
   at Microsoft.AspNetCore.Antiforgery.DefaultAntiforgeryTokenSerializer.Deserialize(String serializedToken)
   --- End of inner exception stack trace ---
   at Microsoft.AspNetCore.Antiforgery.DefaultAntiforgeryTokenSerializer.Deserialize(String serializedToken)
   at Microsoft.AspNetCore.Antiforgery.DefaultAntiforgery.GetCookieTokenDoesNotThrow(HttpContext httpContext)
[19:31:28 INF] HTTP GET /Inventory/Products responded 200 in 893.5915 ms
[19:31:28 INF] HTTP GET /css/site.css responded 200 in 43.0866 ms
[19:31:28 INF] HTTP GET /lib/bootstrap/dist/css/bootstrap.min.css responded 200 in 42.9575 ms
[19:31:28 INF] HTTP GET /Biktal.WebMVC.styles.css responded 200 in 40.5197 ms
[19:31:29 INF] HTTP GET /lib/jquery/dist/jquery.min.js responded 200 in 19.3329 ms
[19:31:29 INF] HTTP GET /lib/jquery-validation/dist/jquery.validate.min.js responded 200 in 24.8785 ms
[19:31:29 INF] HTTP GET /lib/jquery-validation-unobtrusive/dist/jquery.validate.unobtrusive.min.js responded 200 in 24.5756 ms
[19:31:29 INF] HTTP GET /lib/bootstrap/dist/js/bootstrap.bundle.min.js responded 200 in 25.8672 ms
[19:31:29 INF] HTTP GET /js/products-catalog-filter.js responded 200 in 32.6423 ms
[19:31:29 INF] HTTP GET /js/site.js responded 200 in 43.1151 ms
[19:31:41 WRN] The query uses the 'First'/'FirstOrDefault' operator without 'OrderBy' and filter operators. This may lead to unpredictable results.
[19:31:41 INF] HTTP GET / responded 200 in 381.2881 ms
[19:31:41 INF] HTTP GET /css/site.css responded 200 in 5.0689 ms
[19:31:41 INF] HTTP GET /lib/bootstrap/dist/css/bootstrap.min.css responded 200 in 2.8324 ms
[19:31:41 INF] HTTP GET /Biktal.WebMVC.styles.css responded 200 in 0.7221 ms
[19:31:41 INF] HTTP GET /lib/jquery/dist/jquery.min.js responded 304 in 26.3555 ms
[19:31:41 INF] HTTP GET /js/site.js responded 304 in 21.4124 ms
[19:31:41 INF] HTTP GET /js/pos.js responded 200 in 40.8901 ms
[19:31:42 INF] HTTP GET /lib/bootstrap/dist/js/bootstrap.bundle.min.js responded 304 in 224.0766 ms
[19:31:43 INF] HTTP GET /Inventory/Products responded 200 in 382.1844 ms
[19:31:43 INF] HTTP GET /Inventory/Products responded 200 in 295.9612 ms
[19:31:43 INF] HTTP GET /lib/bootstrap/dist/css/bootstrap.min.css responded 200 in 1.2056 ms
[19:31:43 INF] HTTP GET /Biktal.WebMVC.styles.css responded 200 in 0.7854 ms
[19:31:43 INF] HTTP GET /css/site.css responded 200 in 1.3056 ms
[19:31:44 INF] HTTP GET /lib/jquery/dist/jquery.min.js responded 304 in 0.2779 ms
[19:31:44 INF] HTTP GET /lib/bootstrap/dist/js/bootstrap.bundle.min.js responded 304 in 0.6087 ms
[19:31:44 INF] HTTP GET /js/site.js responded 304 in 0.3206 ms
[19:31:44 INF] HTTP GET /js/products-catalog-filter.js responded 304 in 0.2991 ms
[19:31:44 INF] HTTP GET /lib/jquery-validation-unobtrusive/dist/jquery.validate.unobtrusi