[14:12:06 WRN] Using an in-memory repository. Keys will not be persisted to storage.
[14:12:06 WRN] Neither user profile nor HKLM registry available. Using an ephemeral key repository. Protected data will be unavailable when application exits.
[14:12:07 WRN] No XML encryptor configured. Key {a4cfd6b6-7a0b-4277-adda-92ee367777aa} may be persisted to storage in unencrypted form.
[14:12:07 INF] Application started. Press Ctrl+C to shut down.
[14:12:07 INF] Hosting environment: Production
[14:12:07 INF] Content root path: D:\Systems\BiktalSystems\publish
[14:12:07 WRN] The query uses the 'First'/'FirstOrDefault' operator without 'OrderBy' and filter operators. This may lead to unpredictable results.
[14:12:07 ERR] An exception was thrown while deserializing the token.
Microsoft.AspNetCore.Antiforgery.AntiforgeryValidationException: The antiforgery token could not be decrypted.
 ---> System.Security.Cryptography.CryptographicException: The key {d92ec6db-730c-4935-a5f9-e5043f924ba4} was not found in the key ring. For more information go to https://aka.ms/aspnet/dataprotectionwarning
   at Microsoft.AspNetCore.DataProtection.KeyManagement.KeyRingBasedDataProtector.UnprotectCore(Byte[] protectedData, Boolean allowOperationsOnRevokedKeys, UnprotectStatus& status)
   at Microsoft.AspNetCore.DataProtection.KeyManagement.KeyRingBasedDataProtector.Unprotect(Byte[] protectedData)
   at Microsoft.AspNetCore.Antiforgery.DefaultAntiforgeryTokenSerializer.Deserialize(String serializedToken)
   --- End of inner exception stack trace ---
   at Microsoft.AspNetCore.Antiforgery.DefaultAntiforgeryTokenSerializer.Deserialize(String serializedToken)
   at Microsoft.AspNetCore.Antiforgery.DefaultAntiforgery.GetCookieTokenDoesNotThrow(HttpContext httpContext)
[14:12:07 INF] HTTP GET / responded 200 in 371.5214 ms
[14:12:07 INF] HTTP GET /css/site.css responded 200 in 7.2382 ms
[14:12:07 INF] HTTP GET /Biktal.WebMVC.styles.css responded 200 in 20.2987 ms
[14:12:07 INF] HTTP GET /lib/bootstrap/dist/css/bootstrap.min.css responded 200 in 36.3737 ms
[14:12:08 INF] HTTP GET /js/pos.js responded 200 in 44.5646 ms
[14:12:08 INF] HTTP GET /lib/bootstrap/dist/js/bootstrap.bundle.min.js responded 200 in 45.3306 ms
[14:12:08 INF] HTTP GET /js/site.js responded 200 in 45.0424 ms
[14:12:08 INF] HTTP GET /lib/jquery/dist/jquery.min.js responded 200 in 46.4592 ms
[14:12:44 INF] HTTP POST /Pos/CompleteSale responded 400 in 290.1540 ms
[14:12:57 INF] HTTP POST /Pos/CompleteSale responded 400 in 14.8654 ms
[14:12:58 INF] HTTP POST /Pos/CompleteSale responded 400 in 7.4691 ms
[14:13:06 INF] HTTP POST /Pos/CompleteSale responded 400 in 7.8514 ms
[14:13:31 INF] HTTP POST /Pos/CompleteSale responded 200 in 756.4030 ms
[14:18:52 INF] HTTP GET /css/site.css responded 200 in 5.6930 ms
[14:18:52 INF] HTTP GET /lib/bootstrap/dist/css/bootstrap.min.css responded 200 in 0.9590 ms
[14:18:52 INF] HTTP GET /Biktal.WebMVC.styles.css responded 200 in 0.9287 ms
[14:18:52 INF] HTTP GET /Inventory/Products responded 200 in 514.5673 ms
[14:18:53 INF] HTTP GET /lib/jquery/dist/jquery.min.js responded 200 in 26.1842 ms
[14:18:53 INF] HTTP GET /lib/jquery-validation-unobtrusive/dist/jquery.validate.unobtrusive.min.js responded 200 in 1.4568 ms
[14:18:53 INF] HTTP GET /lib/jquery-validation/dist/jquery.validate.min.js responded 200 in 1.7778 ms
[14:18:53 INF] HTTP GET /js/site.js responded 200 in 22.8886 ms
[14:18:53 INF] HTTP GET /js/products-catalog-filter.js responded 200 in 34.8866 ms
[14:18:53 INF] HTTP GET /lib/bootstrap/dist/js/bootstrap.bundle.min.js responded 200 in 143.6546 ms
[14:27:24 INF] HTTP GET /Inventory/Products responded 200 in 252.3761 ms
[14:27:24 INF] HTTP GET /css/site.css responded 200 in 1.0142 ms
[14:27:24 INF] HTTP GET /lib/bootstrap/dist/css/bootstrap.min.css responded 200 in 1.4586 ms
[14:27:24 INF] HTTP GET /Biktal.WebMVC.styles.css responded 200 in 1.4204 ms
[14:27:25 INF] HTTP GET /lib/jquery/dist/jquery.min.js responded 200 in 1.3192 ms
[14:27:25 INF] HTTP GET /lib/bootstrap/dist/js/bootstrap.bundle.min.js responded 200 in 1.1377 ms
[14:27:25 INF] HTTP GET /js/site.js responded 200 in 0.6931 ms
[14:27:25 INF] HTTP GET /js/products-catalog-filter.js responded 200 in 0.7496 ms
[14:27:25 INF] HTTP GET /lib/jquery-validation-unobtrusive/dist/jquery.validate.unobtrusive.min.js responded 200 in 18.6218 ms
[14:27:25 INF] HTTP GET /lib/jquery-validation/dist/jquery.validate.min.js responded 200 in 31.7543 ms
[14:27:37 INF] HTTP POST /Inventory/EditProduct responded 302 in 101.0729 ms
[14:27:37 INF] HTTP GET /Inventory/Products responded 200 in 56.2858 ms
[14:27:37 INF] HTTP GET /Biktal.WebMVC.styles.css responded 200 in 1.5909 ms
[14:27:37 INF] HTTP GET /css/site.css responded 200 in 2.0620 ms
[14:27:37 INF] HTTP GET /lib/bootstrap/dist/css/bootstrap.min.css responded 200 in 1.6177 ms
[14:27:38 INF] HTTP GET /lib/jquery/dist/jquery.min.js responded 304 in 2.3031 ms
[14:27:38 INF] HTTP GET /lib/bootstrap/dist/js/bootstrap.bundle.min.js responded 304 in 0.4044 ms
[14:27:38 INF] HTTP GET /lib/jquery-validation/dist/jquery.validate.min.js responded 304 in 0.2576 ms
[14:27:38 INF] HTTP GET /js/site.js responded 304 in 0.2453 ms
[14:27:38 INF] HTTP GET /js/products-catalog-filter.js responded 304 in 0.1847 ms
[14:27:38 INF] HTTP GET /lib/jquery-validation-unobtrusive/dist/jquery.validate.unobtrusive.min.js responded 304 in 0.7530 ms
[14:27:45 INF] HTTP GET /Inventory/Products responded 200 in 90.3491 ms
[14:27:45 INF] HTTP GET /Inventory/Products responded 200 in 56.2614 ms
[14:27:45 INF] HTTP GET /lib/bootstrap/dist/css/bootstrap.min.css responded 304 in 37.5886 ms
[14:27:45 INF] HTTP GET /css/site.css responded 304 in 0.1736 ms
[14:27:45 INF] HTTP GET /Biktal.WebMVC.styles.css responded 304 in 0.1650 ms
[14:27:46 INF] HTTP GET /lib/jquery/dist/jquery.min.js responded 304 in 0.1544 ms
[14:27:46 INF] HTTP GET /lib/bootstrap/dist/js/bootstrap.bundle.min.js responded 304 in 0.5386 ms
[14:27:46 INF] HTTP GET /js/site.js responded 304 in 0.2016 ms
[14:27:46 INF] HTTP GET /lib/jquery-validation-unobtrusive/dist/jquery.validate.unobtrusive.min.js responded 304 in 0.1961 ms
[14:27:46 INF] HTTP GET /lib/jquery-validation/dist/jquery.validate.min.js responded 304 in 0.3650 ms
[14:27:46 INF] HTTP GET /js/products-catalog-filter.js responded 304 in 0.4594 ms
[14:27:49 INF] HTTP POST /Inventory/EditProduct responded 302 in 23.1361 ms
[14:27:49 INF] HTTP GET /Inventory/Products responded 200 in 63.4143 ms
[14:27:49 INF] HTTP GET /css/site.css responded 304 in 0.2182 ms
[14:27:49 INF] HTTP GET /Biktal.WebMVC.styles.css responded 304 in 0.1482 ms
[14:27:49 INF] HTTP GET /lib/bootstrap/dist/css/bootstrap.min.css responded 304 in 0.1178 ms
[14:27:50 INF] HTTP GET /lib/jquery/dist/jquery.min.js responded 304 in 0.1793 ms
[14:27:50 INF] HTTP GET /lib/bootstrap/dist/js/bootstrap.bundle.min.js responded 304 in 0.1805 ms
[14:27:50 INF] HTTP GET /js/site.js responded 304 in 0.1509 ms
[14:27:50 INF] HTTP GET /lib/jquery-validation/dist/jquery.validate.min.js responded 304 in 0.8825 ms
[14:27:50 INF] HTTP GET /lib/jquery-validation-unobtrusive/dist/jquery.validate.unobtrusive.min.js responded 304 in 0.2056 ms
[14:27:50 INF] HTTP GET /js/products-catalog-filter.js responded 304 in 0.2457 ms
[14:30:20 INF] HTTP GET /Inventory/Products responded 200 in 100.6105 ms
[14:30:20 INF] HTTP GET /Biktal.WebMVC.styles.css responded 200 in 1.5398 ms
[14:30:20 INF] HTTP GET /css/site.css responded 200 in 2.7514 ms
[14:30:20 INF] HTTP GET /lib/bootstrap/dist/css/bootstrap.min.css responded 200 in 3.0177 ms
[14:30:21 INF] HTTP GET /lib/jquery/dist/jquery.min.js responded 200 in 0.7738 ms
[14:30:21 INF] HTTP GET /lib/bootstrap/dist/js/bootstrap.bundle.min.js responded 200 in 1.4839 ms
[14:30:21 INF] HTTP GET /js/site.js responded 200 in 1.5683 ms
[14:30:21 INF] HTTP GET /lib/jquery-validation/dist/jquery.validate.min.js responded 200 in 5.3487 ms
[14:30:21 INF] HTTP GET /lib/jquery-validation-unobtrusive/dist/jquery.validate.unobtrusive.min.js responded 200 in 0.5615 ms
[14:30:21 INF] HTTP GET /js/products-catalog-filter.js responded 200 in 2.4230 ms
[14:30:26 INF] HTTP POST /Inventory/EditProduct responded 302 in 17.6425 ms
[14:30:26 INF] HTTP GET /Inventory/Products responded 200 in 55.1075 ms
[14:30:27 INF] HTTP GET /css/site.css responded 304 in 0.2840 ms
[14:30:27 INF] HTTP GET /lib/bootstrap/dist/css/bootstrap.min.css responded 304 in 0.4279 ms
[14:30:27 INF] HTTP GET /Biktal.WebMVC.styles.css responded 304 in 0.2515 ms
[14:30:27 INF] HTTP GET /lib/jquery/dist/jquery.min.js responded 304 in 0.1324 ms
[14:30:27 INF] HTTP GET /lib/bootstrap/dist/js/bootstrap.bundle.min.js responded 304 in 0.4843 ms
[14:30:27 INF] HTTP GET /js/site.js responded 304 in 0.1719 ms
[14:30:27 INF] HTTP GET /lib/jquery-validation/dist/jquery.validate.min.js responded 304 in 0.1296 ms
[14:30:27 INF] HTTP GET /lib/jquery-validation-unobtrusive/dist/jquery.validate.unobtrusive.min.js responded 304 in 0.1275 ms
[14:30:27 INF] HTTP GET /js/products-catalog-filter.js responded 304 in 3.2207 ms
[14:30:44 INF] HTTP GET /Inventory/Products responded 200 in 62.2073 ms
[14:30:44 INF] HTTP GET /lib/bootstrap/dist/css/bootstrap.min.css responded 304 in 2.8780 ms
[14:30:44 INF] HTTP GET /css/site.css responded 304 in 0.1292 ms
[14:30:44 INF] HTTP GET /Biktal.WebMVC.styles.css responded 304 in 0.1265 ms
[14:30:44 INF] HTTP GET /lib/jquery/dist/jquery.min.js responded 304 in 0.1183 ms
[14:30:44 INF] HTTP GET /lib/bootstrap/dist/js/bootstrap.bundle.min.js responded 304 in 0.1200 ms
[14:30:44 INF] HTTP GET /js/site.js responded 304 in 2.9478 ms
[14:30:44 INF] HTTP GET /lib/jquery-validation/dist/jquery.validate.min.js responded 304 in 2.4572 ms
[14:30:44 INF] HTTP GET /lib/jquery-validation-unobtrusive/dist/jquery.validate.unobtrusive.min.js responded 304 in 0.1361 ms
[14:30:44 INF] HTTP GET /js/products-catalog-filter.js responded 304 in 0.3100 ms
[14:30:48 INF] HTTP POST /Inventory/EditProduct responded 302 in 18.4793 ms
[14:30:48 INF] HTTP GET /Inventory/Products responded 200 in 60.5862 ms
[14:30:48 INF] HTTP GET /lib/bootstrap/dist/css/bootstrap.min.css responded 304 in 0.1375 ms
[14:30:48 INF] HTTP GET /css/site.css responded 304 in 0.1435 ms
[14:30:48 INF] HTTP GET /Biktal.WebMVC.styles.css responded 304 in 0.0828 ms
[14:30:49 INF] HTTP GET /lib/jquery/dist/jquery.min.js responded 304 in 0.0943 ms
[14:30:49 INF] HTTP GET /lib/bootstrap/dist/js/bootstrap.bundle.min.js responded 304 in 0.1511 ms
[14:30:49 INF] HTTP GET /lib/jquery-validation/dist/jquery.validate.min.js responded 304 in 0.0944 ms
[14:30:49 INF] HTTP GET /js/site.js responded 304 in 0.1107 ms
[14:30:49 INF] HTTP GET /lib/jquery-validation-unobtrusive/dist/jquery.validate.unobtrusive.min.js responded 304 in 0.1232 ms
[14:30:49 INF] HTTP GET /js/products-catalog-filter.js responded 304 in 0.1369 ms
[14:31:28 INF] HTTP GET /Inventory/Products responded 200 in 81.7425 ms
[14:31:28 INF] HTTP GET /css/site.css responded 304 in 0.1753 ms
[14:31:28 INF] HTTP GET /Biktal.WebMVC.styles.css responded 304 in 0.1101 ms
[14:31:28 INF] HTTP GET /lib/bootstrap/dist/css/bootstrap.min.css responded 200 in 3.3082 ms
[14:31:29 INF] HTTP GET /lib/jquery/dist/jquery.min.js responded 304 in 0.0917 ms
[14:31:29 INF] HTTP GET /lib/bootstrap/dist/js/bootstrap.bundle.min.js responded 304 in 0.1473 ms
[14:31:29 INF] HTTP GET /js/site.js responded 304 in 0.1461 ms
[14:31:29 INF] HTTP GET /lib/jquery-validation/dist/jquery.validate.min.js responded 304 in 0.2023 ms
[14:31:29 INF] HTTP GET /lib/jquery-validation-unobtrusive/dist/jquery.validate.unobtrusive.min.js responded 304 in 0.1400 ms
[14:31:29 INF] HTTP GET /js/products-catalog-filter.js responded 304 in 0.1301 ms
[14:31:32 INF] HTTP POST /Inventory/EditProduct responded 302 in 22.2092 ms
[14:31:32 INF] HTTP GET /Inventory/Products responded 200 in 77.2338 ms
[14:31:32 INF] HTTP GET /lib/bootstrap/dist/css/bootstrap.min.css responded 304 in 0.1699 ms
[14:31:32 INF] HTTP GET /Biktal.WebMVC.styles.css responded 304 in 0.1149 ms
[14:31:32 INF] HTTP GET /css/site.css responded 304 in 0.1689 ms
[14:31:33 INF] HTTP GET /lib/jquery/dist/jquery.min.js responded 304 in 0.1063 ms
[14:31:33 INF] HTTP GET /lib/bootstrap/dist/js/bootstrap.bundle.min.js responded 304 in 0.3889 ms
[14:31:33 INF] HTTP GET /js/site.js responded 304 in 0.1461 ms
[14:31:33 INF] HTTP GET /lib/jquery-validation/dist/jquery.validate.min.js responded 304 in 0.1546 ms
[14:31:33 INF] HTTP GET /lib/jquery-validation-unobtrusive/dist/jquery.validate.unobtrusive.min.js responded 304 in 0.1517 ms
[14:31:33 INF] HTTP GET /js/products-catalog-filter.js responded 304 in 0.1114 ms
[14:31:50 INF] HTTP GET /lib/bootstrap/dist/css/bootstrap.min.css responded 200 in 1.1645 ms
[14:31:50 INF] HTTP GET /css/site.css responded 304 in 0.7119 ms
[14:31:50 INF] HTTP GET /Biktal.WebMVC.styles.css responded 304 in 0.1324 ms
[14:31:51 INF] HTTP GET /lib/bootstrap/dist/js/bootstrap.bundle.min.js.map responded 200 in 15.9671 ms
[14:31:51 INF] HTTP GET /lib/bootstrap/dist/css/bootstrap.min.css.map responded 200 in 36.1782 ms
[14:34:52 INF] HTTP POST /Inventory/AddProduct responded 302 in 184.9050 ms
[14:34:52 INF] HTTP GET /Inventory/Products responded 200 in 85.3907 ms
[14:34:52 INF] HTTP GET /css/site.css responded 200 in 1.3253 ms
[14:34:52 INF] HTTP GET /Biktal.WebMVC.styles.css responded 200 in 0.4682 ms
[14:34:52 INF] HTTP GET /lib/bootstrap/dist/css/bootstrap.min.css responded 200 in 1.3816 ms
[14:34:53 INF] HTTP GET /lib/jquery/dist/jquery.min.js responded 200 in 0.6902 ms
[14:34:53 INF] HTTP GET /lib/bootstrap/dist/js/bootstrap.bundle.min.js responded 200 in 1.3006 ms
[14:34:53 INF] HTTP GET /js/site.js responded 200 in 0.6051 ms
[14:34:53 INF] HTTP GET /lib/jquery-validation/dist/jquery.validate.min.js responded 200 in 0.6148 ms
[14:34:53 INF] HTTP GET /lib/jquery-validation-unobtrusive/dist/jquery.validate.unobtrusive.min.js responded 200 in 0.4013 ms
[14:34:53 INF] HTTP GET /js/products-catalog-filter.js responded 200 in 0.5445 ms
[14:38:09 INF] HTTP POST /Inventory/AddProduct responded 302 in 8.0168 ms
[14:38:09 INF] HTTP GET /Inventory/Products responded 200 in 67.5917 ms
[14:38:09 INF] HTTP GET /lib/bootstrap/dist/css/bootstrap.min.css responded 200 in 1.2349 ms
[14:38:09 INF] HTTP GET /css/site.css responded 200 in 1.0763 ms
[14:38:09 INF] HTTP GET /Biktal.WebMVC.styles.css responded 200 in 0.4747 ms
[14:38:10 INF] HTTP GET /lib/jquery/dist/jquery.min.js responded 200 in 0.5366 ms
[14:38:10 INF] HTTP GET /lib/bootstrap/dist/js/bootstrap.bundle.min.js responded 200 in 0.7452 ms
[14:38:10 INF] HTTP GET /lib/jquery-validation-unobtrusive/dist/jquery.validate.unobtrusive.min.js responded 200 in 0.5118 ms
[14:38:10 INF] HTTP GET /js/site.js responded 200 in 1.1054 ms
[14:38:10 INF] HTTP GET /lib/jquery-validation/dist/jquery.validate.min.js responded 200 in 0.6410 ms
[14:38:10 INF] HTTP GET /js/products-catalog-filter.js responded 200 in 0.5640 ms
[14:39:40 INF] HTTP GET /Inventory/Products responded 200 in 79.5938 ms
[14:39:40 INF] HTTP GET /Biktal.WebMVC.styles.css responded 200 in 1.3738 ms
[14:39:40 INF] HTTP GET /lib/bootstrap/dist/css/bootstrap.min.css responded 200 in 0.8260 ms
[14:39:40 INF] HTTP GET /css/site.css responded 200 in 0.6863 ms
[14:39:41 INF] HTTP GET /lib/jquery/dist/jquery.min.js responded 200 in 0.6319 ms
[14:39:41 INF] HTTP GET /js/site.js responded 200 in 0.5073 ms
[14:39:41 INF] HTTP GET /lib/bootstrap/dist/js/bootstrap.bundle.min.js responded 200 in 0.4853 ms
[14:39:41 INF] HTTP GET /lib/jquery-validation/dist/jquery.validate.min.js responded 200 in 0.9142 ms
[14:39:41 INF] HTTP GET /lib/jquery-validation-unobtrusive/dist/jquery.validate.unobtrusive.min.js responded 200 in 0.5212 ms
[14:39:41 INF] HTTP GET /js/products-catalog-filter.js responded 200 in 0.5412 ms
[14:39:49 INF] HTTP POST /Inventory/EditProduct responded 302 in 9.8851 ms
[14:39:49 INF] HTTP GET /Inventory/Products responded 200 in 56.3087 ms
[14:39:49 INF] HTTP GET /lib/bootstrap/dist/css/bootstrap.min.css responded 304 in 0.1283 ms
[14:39:49 INF] HTTP GET /css/site.css responded 304 in 0.1078 ms
[14:39:49 INF] HTTP GET /Biktal.WebMVC.styles.css responded 304 in 0.0783 ms
[14:39:50 INF] HTTP GET /lib/jquery/dist/jquery.min.js responded 304 in 0.0984 ms
[14:39:50 INF] HTTP GET /lib/bootstrap/dist/js/bootstrap.bundle.min.js responded 304 in 0.0554 ms
[14:39:50 INF] HTTP GET /js/site.js responded 304 in 0.1241 ms
[14:39:50 INF] HTTP GET /lib/jquery-validation/dist/jquery.validate.min.js responded 304 in 0.2251 ms
[14:39:50 INF] HTTP GET /lib/jquery-validation-unobtrusive/dist/jquery.validate.unobtrusive.min.js responded 304 in 0.3217 ms
[14:39:50 INF] HTTP GET /js/products-catalog-filter.js responded 304 in 0.9141 ms
[14:40:12 INF] HTTP GET /Inventory/Products responded 200 in 114.9008 ms
[14:40:12 INF] HTTP GET /lib/bootstrap/dist/css/bootstrap.min.css responded 200 in 2.4407 ms
[14:40:12 INF] HTTP GET /css/site.css responded 304 in 0.1425 ms
[14:40:12 INF] HTTP GET /Biktal.WebMVC.styles.css responded 304 in 0.1229 ms
[14:40:13 INF] HTTP GET /lib/jquery/dist/jquery.min.js responded 304 in 0.0865 ms
[14:40:13 INF] HTTP GET /lib/bootstrap/dist/js/bootstrap.bundle.min.js responded 304 in 0.1474 ms
[14:40:13 INF] HTTP GET /js/site.js responded 304 in 0.0885 ms
[14:40:13 INF] HTTP GET /lib/jquery-validation/dist/jquery.validate.min.js responded 304 in 0.1075 ms
[14:40:13 INF] HTTP GET /lib/jquery-validation-unobtrusive/dist/jquery.validate.unobtrusive.min.js responded 304 in 0.1333 ms
[14:40:13 INF] HTTP GET /js/products-catalog-filter.js responded 304 in 0.0752 ms
[14:40:18 INF] HTTP POST /Inventory/EditProduct responded 302 in 10.4332 ms
[14:40:18 INF] HTTP GET /Inventory/Products responded 200 in 35.6823 ms
[14:40:18 INF] HTTP GET /lib/bootstrap/dist/css/bootstrap.min.css responded 304 in 0.1853 ms
[14:40:18 INF] HTTP GET /Biktal.WebMVC.styles.css responded 304 in 0.0913 ms
[14:40:18 INF] HTTP GET /css/site.css responded 304 in 0.0975 ms
[14:40:19 INF] HTTP GET /lib/jquery/dist/jquery.min.js responded 304 in 0.0944 ms
[14:40:19 INF] HTTP GET /lib/bootstrap/dist/js/bootstrap.bundle.min.js responded 304 in 0.1204 ms
[14:40:19 INF] HTTP GET /js/site.js responded 304 in 0.2310 ms
[14:40:19 INF] HTTP GET /lib/jquery-validation/dist/jquery.validate.min.js responded 304 in 0.1335 ms
[14:40:19 INF] HTTP GET /lib/jquery-validation-unobtrusive/dist/jquery.validate.unobtrusive.min.js responded 304 in 0.1839 ms
[14:40:19 INF] HTTP GET /js/products-catalog-filter.js responded 304 in 0.1889 ms
[15:01:07 INF] Application is shutting down...
