[20:08:55 WRN] Using an in-memory repository. Keys will not be persisted to storage.
[20:08:55 WRN] Neither user profile nor HKLM registry available. Using an ephemeral key repository. Protected data will be unavailable when application exits.
[20:08:55 WRN] No XML encryptor configured. Key {695358a8-09c0-486c-9d3a-4e6df2e9defc} may be persisted to storage in unencrypted form.
[20:08:55 INF] Application started. Press Ctrl+C to shut down.
[20:08:55 INF] Hosting environment: Production
[20:08:55 INF] Content root path: D:\Systems\BiktalSystems\publish
[20:08:56 INF] HTTP GET /Crm responded 200 in 423.3374 ms
[20:08:56 INF] HTTP GET /lib/jquery/dist/jquery.min.js responded 200 in 61.2517 ms
[20:08:56 INF] HTTP GET /css/site.css responded 200 in 48.2905 ms
[20:08:56 INF] HTTP GET /Biktal.WebMVC.styles.css responded 200 in 63.1564 ms
[20:08:56 INF] HTTP GET /lib/bootstrap/dist/css/bootstrap.min.css responded 200 in 67.0242 ms
[20:08:56 INF] HTTP GET /lib/bootstrap/dist/js/bootstrap.bundle.min.js responded 200 in 49.8722 ms
[20:08:56 INF] HTTP GET /js/site.js responded 200 in 4.9952 ms
[20:09:04 INF] HTTP GET /Installments responded 200 in 279.6667 ms
[20:09:04 INF] HTTP GET /Biktal.WebMVC.styles.css responded 200 in 0.9714 ms
[20:09:04 INF] HTTP GET /lib/bootstrap/dist/css/bootstrap.min.css responded 200 in 20.1560 ms
[20:09:04 INF] HTTP GET /css/site.css responded 200 in 10.9081 ms
[20:09:04 INF] HTTP GET /lib/jquery/dist/jquery.min.js responded 304 in 27.1962 ms
[20:09:04 INF] HTTP GET /js/site.js responded 304 in 18.7646 ms
[20:09:04 INF] HTTP GET /lib/bootstrap/dist/js/bootstrap.bundle.min.js responded 304 in 157.5826 ms
[20:09:06 ERR] An exception was thrown while deserializing the token.
Microsoft.AspNetCore.Antiforgery.AntiforgeryValidationException: The antiforgery token could not be decrypted.
 ---> System.Security.Cryptography.CryptographicException: The key {798c69f0-3c87-48d0-bdb3-272df98a15bd} was not found in the key ring. For more information go to https://aka.ms/aspnet/dataprotectionwarning
   at Microsoft.AspNetCore.DataProtection.KeyManagement.KeyRingBasedDataProtector.UnprotectCore(Byte[] protectedData, Boolean allowOperationsOnRevokedKeys, UnprotectStatus& status)
   at Microsoft.AspNetCore.DataProtection.KeyManagement.KeyRingBasedDataProtector.Unprotect(Byte[] protectedData)
   at Microsoft.AspNetCore.Antiforgery.DefaultAntiforgeryTokenSerializer.Deserialize(String serializedToken)
   --- End of inner exception stack trace ---
   at Microsoft.AspNetCore.Antiforgery.DefaultAntiforgeryTokenSerializer.Deserialize(String serializedToken)
   at Microsoft.AspNetCore.Antiforgery.DefaultAntiforgery.GetCookieTokenDoesNotThrow(HttpContext httpContext)
[20:09:06 INF] HTTP GET /Installments/New responded 200 in 172.6871 ms
[20:09:06 INF] HTTP GET /lib/bootstrap/dist/css/bootstrap.min.css responded 304 in 1.0931 ms
[20:09:06 INF] HTTP GET /Biktal.WebMVC.styles.css responded 304 in 0.7065 ms
[20:09:06 INF] HTTP GET /css/site.css responded 304 in 1.5631 ms
[20:09:06 INF] HTTP GET /lib/jquery/dist/jquery.min.js responded 304 in 1.4834 ms
[20:09:06 INF] HTTP GET /lib/bootstrap/dist/js/bootstrap.bundle.min.js responded 304 in 0.9668 ms
[20:09:06 INF] HTTP GET /js/site.js responded 304 in 0.3698 ms
[20:09:06 INF] HTTP GET /lib/jquery-validation/dist/jquery.validate.min.js responded 200 in 4.0793 ms
[20:09:06 INF] HTTP GET /lib/jquery-validation-unobtrusive/dist/jquery.validate.unobtrusive.min.js responded 200 in 0.9137 ms
[20:11:01 INF] HTTP POST /Installments/Create responded 302 in 447.6160 ms
[20:11:01 WRN] Compiling a query which loads related collections for more than one collection navigation, either via 'Include' or through projection, but no 'QuerySplittingBehavior' has been configured. By default, Entity Framework will use 'QuerySplittingBehavior.SingleQuery', which can potentially result in slow query performance. See https://go.microsoft.com/fwlink/?linkid=2134277 for more information. To identify the query that's triggering this warning call 'ConfigureWarnings(w => w.Throw(RelationalEventId.MultipleCollectionIncludeWarning))'.
[20:11:01 INF] HTTP GET /Installments/Detail/04cb19ca-edfe-4e8e-a2a4-7d1126c7e157 responded 200 in 176.4012 ms
[20:11:01 INF] HTTP GET /lib/bootstrap/dist/css/bootstrap.min.css responded 200 in 0.8298 ms
[20:11:01 INF] HTTP GET /Biktal.WebMVC.styles.css responded 200 in 1.7348 ms
[20:11:01 INF] HTTP GET /css/site.css responded 200 in 0.7009 ms
[20:11:01 INF] HTTP GET /lib/bootstrap/dist/js/bootstrap.bundle.min.js responded 200 in 1.0499 ms
[20:11:01 INF] HTTP GET /js/site.js responded 200 in 1.1846 ms
[20:11:01 INF] HTTP GET /lib/jquery/dist/jquery.min.js responded 200 in 0.8194 ms
[20:11:01 INF] HTTP GET /lib/jquery-validation-unobtrusive/dist/jquery.validate.unobtrusive.min.js responded 200 in 17.6590 ms
[20:11:01 INF] HTTP GET /lib/jquery-validation/dist/jquery.validate.min.js responded 200 in 34.5051 ms
[20:11:05 INF] HTTP GET /Crm responded 200 in 13.2897 ms
[20:11:05 INF] HTTP GET /lib/bootstrap/dist/css/bootstrap.min.css responded 304 in 1.4527 ms
[20:11:05 INF] HTTP GET /css/site.css responded 304 in 0.2467 ms
[20:11:05 INF] HTTP GET /lib/bootstrap/dist/js/bootstrap.bundle.min.js responded 304 in 0.3308 ms
[20:11:05 INF] HTTP GET /lib/jquery/dist/jquery.min.js responded 304 in 0.4516 ms
[20:11:05 INF] HTTP GET /Biktal.WebMVC.styles.css responded 304 in 1.1474 ms
[20:11:05 INF] HTTP GET /js/site.js responded 304 in 0.3142 ms
[20:11:07 INF] HTTP GET /Crm/Customers responded 200 in 39.2505 ms
[20:11:07 INF] HTTP GET /lib/bootstrap/dist/css/bootstrap.min.css responded 304 in 12.2429 ms
[20:11:07 INF] HTTP GET /css/site.css responded 304 in 0.8372 ms
[20:11:07 INF] HTTP GET /Biktal.WebMVC.styles.css responded 304 in 0.2528 ms
[20:11:07 INF] HTTP GET /lib/jquery/dist/jquery.min.js responded 304 in 0.8761 ms
[20:11:07 INF] HTTP GET /lib/bootstrap/dist/js/bootstrap.bundle.min.js responded 304 in 1.4939 ms
[20:11:07 INF] HTTP GET /js/site.js responded 304 in 0.3088 ms
[20:11:16 INF] HTTP GET /Crm responded 200 in 13.9685 ms
[20:11:16 INF] HTTP GET /lib/bootstrap/dist/css/bootstrap.min.css responded 200 in 2.5932 ms
[20:11:16 INF] HTTP GET /Biktal.WebMVC.styles.css responded 304 in 0.4325 ms
[20:11:16 INF] HTTP GET /css/site.css responded 304 in 0.2696 ms
[20:11:16 INF] HTTP GET /lib/bootstrap/dist/js/bootstrap.bundle.min.js responded 304 in 0.4663 ms
[20:11:16 INF] HTTP GET /lib/jquery/dist/jquery.min.js responded 304 in 3.4399 ms
[20:11:16 INF] HTTP GET /js/site.js responded 304 in 0.2726 ms
[20:11:17 INF] HTTP GET /Installments responded 200 in 15.6239 ms
[20:11:18 INF] HTTP GET /lib/bootstrap/dist/css/bootstrap.min.css responded 304 in 10.7366 ms
[20:11:18 INF] HTTP GET /Biktal.WebMVC.styles.css responded 304 in 0.0948 ms
[20:11:18 INF] HTTP GET /css/site.css responded 304 in 0.2505 ms
[20:11:18 INF] HTTP GET /lib/bootstrap/dist/js/bootstrap.bundle.min.js responded 304 in 2.0827 ms
[20:11:18 INF] HTTP GET /lib/jquery/dist/jquery.min.js responded 304 in 0.1677 ms
[20:11:18 INF] HTTP GET /js/site.js responded 304 in 1.6787 ms
[20:11:21 INF] HTTP GET /Installments responded 200 in 14.2654 ms
[20:11:21 INF] HTTP GET /lib/bootstrap/dist/css/bootstrap.min.css responded 304 in 0.2420 ms
[20:11:21 INF] HTTP GET /lib/jquery/dist/jquery.min.js responded 304 in 0.3178 ms
[20:11:21 INF] HTTP GET /lib/bootstrap/dist/js/bootstrap.bundle.min.js responded 304 in 0.2291 ms
[20:11:21 INF] HTTP GET /Biktal.WebMVC.styles.css responded 304 in 2.0545 ms
[20:11:21 INF] HTTP GET /js/site.js responded 304 in 0.1502 ms
[20:11:21 INF] HTTP GET /css/site.css responded 304 in 0.1589 ms
[20:11:23 INF] HTTP GET /Crm/Customers responded 200 in 14.8750 ms
[20:11:23 INF] HTTP GET /lib/bootstrap/dist/css/bootstrap.min.css responded 304 in 1.0966 ms
[20:11:23 INF] HTTP GET /css/site.css responded 304 in 0.7279 ms
[20:11:23 INF] HTTP GET /lib/jquery/dist/jquery.min.js responded 304 in 0.2362 ms
[20:11:23 INF] HTTP GET /js/site.js responded 304 in 0.1969 ms
[20:11:23 INF] HTTP GET /Biktal.WebMVC.styles.css responded 304 in 0.9617 ms
[20:11:23 INF] HTTP GET /lib/bootstrap/dist/js/bootstrap.bundle.min.js responded 304 in 0.1464 ms
[20:11:30 INF] HTTP GET /Crm responded 200 in 12.6070 ms
[20:11:30 INF] HTTP GET /lib/bootstrap/dist/css/bootstrap.min.css responded 304 in 0.1874 ms
[20:11:30 INF] HTTP GET /css/site.css responded 304 in 0.1359 ms
[20:11:30 INF] HTTP GET /Biktal.WebMVC.styles.css responded 304 in 0.5511 ms
[20:11:30 INF] HTTP GET /lib/jquery/dist/jquery.min.js responded 304 in 0.1422 ms
[20:11:30 INF] HTTP GET /js/site.js responded 304 in 0.4538 ms
[20:11:30 INF] HTTP GET /lib/bootstrap/dist/js/bootstrap.bundle.min.js responded 304 in 1.1276 ms
[20:11:41 INF] HTTP GET /Installments responded 200 in 38.6805 ms
[20:11:41 INF] HTTP GET /lib/bootstrap/dist/css/bootstrap.min.css responded 200 in 0.8410 ms
[20:11:41 INF] HTTP GET /css/site.css responded 304 in 0.2254 ms
[20:11:41 INF] HTTP GET /Biktal.WebMVC.styles.css responded 304 in 0.0988 ms
[20:11:41 INF] HTTP GET /lib/bootstrap/dist/js/bootstrap.bundle.min.js responded 304 in 0.1984 ms
[20:11:41 INF] HTTP GET /lib/jquery/dist/jquery.min.js responded 304 in 0.8595 ms
[20:11:41 INF] HTTP GET /js/site.js responded 304 in 0.6561 ms
[20:11:55 INF] HTTP GET /Crm/Customers responded 200 in 10.9845 ms
[20:11:55 INF] HTTP GET /lib/bootstrap/dist/css/bootstrap.min.css responded 304 in 0.1679 ms
[20:11:55 INF] HTTP GET /css/site.css responded 304 in 0.3150 ms
[20:11:55 INF] HTTP GET /lib/jquery/dist/jquery.min.js responded 304 in 0.1181 ms
[20:11:55 INF] HTTP GET /Biktal.WebMVC.styles.css responded 304 in 1.2133 ms
[20:11:55 INF] HTTP GET /lib/bootstrap/dist/js/bootstrap.bundle.min.js responded 304 in 0.2557 ms
[20:11:55 INF] HTTP GET /js/site.js responded 304 in 0.1003 ms
[20:11:58 INF] HTTP GET /Crm responded 200 in 8.1093 ms
[20:11:58 INF] HTTP GET /lib/bootstrap/dist/css/bootstrap.min.css responded 304 in 0.1447 ms
[20:11:58 INF] HTTP GET /Biktal.WebMVC.styles.css responded 304 in 0.1041 ms
[20:11:58 INF] HTTP GET /css/site.css responded 304 in 0.0941 ms
[20:11:58 INF] HTTP GET /lib/jquery/dist/jquery.min.js responded 304 in 0.1266 ms
[20:11:58 INF] HTTP GET /lib/bootstrap/dist/js/bootstrap.bundle.min.js responded 304 in 0.1640 ms
[20:11:58 INF] HTTP GET /js/site.js responded 304 in 0.0726 ms
[20:12:05 WRN] The query uses the 'First'/'FirstOrDefault' operator without 'OrderBy' and filter operators. This may lead to unpredictable results.
[20:12:05 INF] HTTP GET / responded 200 in 93.3029 ms
[20:12:05 INF] HTTP GET /lib/bootstrap/dist/css/bootstrap.min.css responded 304 in 0.2082 ms
[20:12:05 INF] HTTP GET /css/site.css responded 304 in 0.1239 ms
[20:12:05 INF] HTTP GET /lib/jquery/dist/jquery.min.js responded 304 in 0.1122 ms
[20:12:05 INF] HTTP GET /Biktal.WebMVC.styles.css responded 304 in 0.1132 ms
[20:12:05 INF] HTTP GET /lib/bootstrap/dist/js/bootstrap.bundle.min.js responded 304 in 0.1497 ms
[20:12:05 INF] HTTP GET /js/site.js responded 304 in 2.5854 ms
[20:12:05 INF] HTTP GET /js/pos.js responded 200 in 2.3058 ms
[20:33:03 INF] Application is shutting down...
