[18:36:59 WRN] Using an in-memory repository. Keys will not be persisted to storage.
[18:36:59 WRN] Neither user profile nor HKLM registry available. Using an ephemeral key repository. Protected data will be unavailable when application exits.
[18:36:59 WRN] No XML encryptor configured. Key {4ba20606-4c52-408d-ba0b-4afaeeed0667} may be persisted to storage in unencrypted form.
[18:36:59 INF] Application started. Press Ctrl+C to shut down.
[18:36:59 INF] Hosting environment: Production
[18:36:59 INF] Content root path: D:\Systems\BiktalSystems\publish
[18:36:59 INF] HTTP POST /Pos/CompleteSale responded 400 in 91.2298 ms
[18:37:28 INF] HTTP POST /Pos/CompleteSale responded 400 in 15.7749 ms
[18:38:31 INF] HTTP POST /Pos/CompleteSale responded 400 in 5.8515 ms
[18:38:37 INF] HTTP POST /Pos/CompleteSale responded 400 in 1.1304 ms
[18:38:43 WRN] The query uses the 'First'/'FirstOrDefault' operator without 'OrderBy' and filter operators. This may lead to unpredictable results.
[18:38:43 ERR] An exception was thrown while deserializing the token.
Microsoft.AspNetCore.Antiforgery.AntiforgeryValidationException: The antiforgery token could not be decrypted.
 ---> System.Security.Cryptography.CryptographicException: The key {a3054c12-ce90-4b5c-9191-5d938f42d633} was not found in the key ring. For more information go to https://aka.ms/aspnet/dataprotectionwarning
   at Microsoft.AspNetCore.DataProtection.KeyManagement.KeyRingBasedDataProtector.UnprotectCore(Byte[] protectedData, Boolean allowOperationsOnRevokedKeys, UnprotectStatus& status)
   at Microsoft.AspNetCore.DataProtection.KeyManagement.KeyRingBasedDataProtector.Unprotect(Byte[] protectedData)
   at Microsoft.AspNetCore.Antiforgery.DefaultAntiforgeryTokenSerializer.Deserialize(String serializedToken)
   --- End of inner exception stack trace ---
   at Microsoft.AspNetCore.Antiforgery.DefaultAntiforgeryTokenSerializer.Deserialize(String serializedToken)
   at Microsoft.AspNetCore.Antiforgery.DefaultAntiforgery.GetCookieTokenDoesNotThrow(HttpContext httpContext)
[18:38:43 INF] HTTP GET / responded 200 in 320.7986 ms
[18:38:43 INF] HTTP GET /css/site.css responded 200 in 23.9579 ms
[18:38:43 INF] HTTP GET /Biktal.WebMVC.styles.css responded 200 in 21.5109 ms
[18:38:43 INF] HTTP GET /lib/bootstrap/dist/css/bootstrap.min.css responded 200 in 24.6670 ms
[18:38:44 INF] HTTP GET /js/site.js responded 200 in 6.1620 ms
[18:38:44 INF] HTTP GET /lib/jquery/dist/jquery.min.js responded 200 in 14.6323 ms
[18:38:44 INF] HTTP GET /lib/bootstrap/dist/js/bootstrap.bundle.min.js responded 200 in 16.3522 ms
[18:38:44 INF] HTTP GET /js/pos.js responded 200 in 40.4966 ms
[18:38:44 INF] HTTP GET /favicon.ico responded 200 in 28.2904 ms
[18:38:57 INF] HTTP POST /Pos/CompleteSale responded 200 in 993.7195 ms
[18:39:01 INF] HTTP GET /Insights responded 302 in 7.7742 ms
[18:39:01 INF] HTTP GET /Insights/Daily responded 200 in 187.0883 ms
[18:39:01 INF] HTTP GET /lib/bootstrap/dist/css/bootstrap.min.css responded 200 in 4.5821 ms
[18:39:01 INF] HTTP GET /js/site.js responded 304 in 1.6023 ms
[18:39:01 INF] HTTP GET /css/site.css responded 200 in 4.9846 ms
[18:39:01 INF] HTTP GET /Biktal.WebMVC.styles.css responded 200 in 4.6563 ms
[18:39:01 INF] HTTP GET /lib/jquery/dist/jquery.min.js responded 304 in 30.6210 ms
[18:39:02 INF] HTTP GET /lib/bootstrap/dist/js/bootstrap.bundle.min.js responded 304 in 204.9719 ms
[18:41:28 INF] HTTP GET /Repairs responded 200 in 74.7124 ms
[18:41:28 INF] HTTP GET /lib/bootstrap/dist/css/bootstrap.min.css responded 200 in 1.3993 ms
[18:41:28 INF] HTTP GET /css/site.css responded 200 in 1.5972 ms
[18:41:28 INF] HTTP GET /Biktal.WebMVC.styles.css responded 200 in 0.9762 ms
[18:41:28 INF] HTTP GET /lib/jquery/dist/jquery.min.js responded 200 in 3.9175 ms
[18:41:28 INF] HTTP GET /js/site.js responded 200 in 0.9545 ms
[18:41:28 INF] HTTP GET /lib/bootstrap/dist/js/bootstrap.bundle.min.js responded 200 in 5.3578 ms
[18:41:31 INF] HTTP GET /Repairs/New responded 200 in 81.2065 ms
[18:41:31 INF] HTTP GET /lib/bootstrap/dist/css/bootstrap.min.css responded 200 in 9.1605 ms
[18:41:31 INF] HTTP GET /Biktal.WebMVC.styles.css responded 200 in 1.1069 ms
[18:41:31 INF] HTTP GET /css/site.css responded 200 in 1.1247 ms
[18:41:31 INF] HTTP GET /lib/bootstrap/dist/js/bootstrap.bundle.min.js responded 304 in 0.2610 ms
[18:41:31 INF] HTTP GET /lib/jquery/dist/jquery.min.js responded 304 in 0.1853 ms
[18:41:31 INF] HTTP GET /js/site.js responded 304 in 0.2023 ms
[18:41:31 INF] HTTP GET /lib/jquery-validation-unobtrusive/dist/jquery.validate.unobtrusive.min.js responded 200 in 7.2326 ms
[18:41:31 INF] HTTP GET /lib/jquery-validation/dist/jquery.validate.min.js responded 200 in 8.9250 ms
[18:41:34 INF] HTTP GET /Repairs/Tickets responded 200 in 49.1149 ms
[18:41:34 INF] HTTP GET /lib/bootstrap/dist/css/bootstrap.min.css responded 304 in 0.3077 ms
[18:41:34 INF] HTTP GET /css/site.css responded 304 in 0.2409 ms
[18:41:34 INF] HTTP GET /Biktal.WebMVC.styles.css responded 304 in 0.2914 ms
[18:41:34 INF] HTTP GET /lib/jquery/dist/jquery.min.js responded 304 in 0.2325 ms
[18:41:34 INF] HTTP GET /lib/bootstrap/dist/js/bootstrap.bundle.min.js responded 304 in 0.4212 ms
[18:41:34 INF] HTTP GET /js/site.js responded 304 in 0.2528 ms
[18:41:43 INF] HTTP GET /Repairs/New responded 200 in 10.5014 ms
[18:41:43 INF] HTTP GET /lib/bootstrap/dist/css/bootstrap.min.css responded 304 in 0.5113 ms
[18:41:43 INF] HTTP GET /css/site.css responded 304 in 0.3215 ms
[18:41:43 INF] HTTP GET /Biktal.WebMVC.styles.css responded 304 in 4.5489 ms
[18:41:43 INF] HTTP GET /lib/jquery/dist/jquery.min.js responded 304 in 0.2226 ms
[18:41:43 INF] HTTP GET /lib/bootstrap/dist/js/bootstrap.bundle.min.js responded 304 in 0.2077 ms
[18:41:43 INF] HTTP GET /js/site.js responded 304 in 0.2030 ms
[18:41:43 INF] HTTP GET /lib/jquery-validation-unobtrusive/dist/jquery.validate.unobtrusive.min.js responded 304 in 13.5085 ms
[18:41:44 INF] HTTP GET /lib/jquery-validation/dist/jquery.validate.min.js responded 304 in 23.5441 ms
[18:43:04 INF] HTTP POST /Repairs/CreateTicket responded 302 in 124.3458 ms
[18:43:04 INF] HTTP GET /Repairs/Ticket/019fae8b-2e8b-7ae3-88c4-67dc2904f125 responded 200 in 34.8885 ms
[18:43:04 INF] HTTP GET /css/site.css responded 200 in 0.7590 ms
[18:43:04 INF] HTTP GET /Biktal.WebMVC.styles.css responded 200 in 0.6997 ms
[18:43:04 INF] HTTP GET /lib/jquery/dist/jquery.min.js responded 200 in 1.2756 ms
[18:43:04 INF] HTTP GET /lib/bootstrap/dist/css/bootstrap.min.css responded 200 in 8.2829 ms
[18:43:04 INF] HTTP GET /js/site.js responded 200 in 4.0276 ms
[18:43:04 INF] HTTP GET /lib/bootstrap/dist/js/bootstrap.bundle.min.js responded 200 in 8.9105 ms
[18:44:28 INF] HTTP POST /Repairs/UpdateTicketStatus responded 302 in 31.0867 ms
[18:44:28 INF] HTTP GET /Repairs/Ticket/019fae8b-2e8b-7ae3-88c4-67dc2904f125 responded 200 in 11.7972 ms
[18:44:28 INF] HTTP GET /lib/bootstrap/dist/css/bootstrap.min.css responded 200 in 2.4797 ms
[18:44:28 INF] HTTP GET /css/site.css responded 200 in 0.7300 ms
[18:44:28 INF] HTTP GET /Biktal.WebMVC.styles.css responded 200 in 0.5700 ms
[18:44:28 INF] HTTP GET /lib/jquery/dist/jquery.min.js responded 200 in 3.1647 ms
[18:44:28 INF] HTTP GET /js/site.js responded 200 in 0.9556 ms
[18:44:28 INF] HTTP GET /lib/bootstrap/dist/js/bootstrap.bundle.min.js responded 200 in 3.8253 ms
[18:44:33 INF] HTTP GET /Inventory/Products responded 200 in 250.2705 ms
[18:44:34 INF] HTTP GET /lib/bootstrap/dist/css/bootstrap.min.css responded 200 in 1.1511 ms
[18:44:34 INF] HTTP GET /css/site.css responded 200 in 1.5449 ms
[18:44:34 INF] HTTP GET /Biktal.WebMVC.styles.css responded 200 in 0.7014 ms
[18:44:34 INF] HTTP GET /lib/jquery/dist/jquery.min.js responded 304 in 0.1461 ms
[18:44:34 INF] HTTP GET /lib/jquery-validation/dist/jquery.validate.min.js responded 200 in 0.5995 ms
[18:44:34 INF] HTTP GET /lib/jquery-validation-unobtrusive/dist/jquery.validate.unobtrusive.min.js responded 200 in 0.5073 ms
[18:44:34 INF] HTTP GET /lib/bootstrap/dist/js/bootstrap.bundle.min.js responded 304 in 0.1358 ms
[18:44:34 INF] HTTP GET /js/site.js responded 304 in 1.2310 ms
[18:44:34 INF] HTTP GET /js/products-catalog-filter.js responded 200 in 8.5273 ms
[18:44:35 INF] HTTP GET /Repairs responded 200 in 18.7689 ms
[18:44:35 INF] HTTP GET /lib/bootstrap/dist/css/bootstrap.min.css responded 304 in 0.2845 ms
[18:44:35 INF] HTTP GET /css/site.css responded 304 in 1.7631 ms
[18:44:35 INF] HTTP GET /Biktal.WebMVC.styles.css responded 304 in 0.2000 ms
[18:44:35 INF] HTTP GET /lib/jquery/dist/jquery.min.js responded 304 in 1.8905 ms
[18:44:35 INF] HTTP GET /lib/bootstrap/dist/js/bootstrap.bundle.min.js responded 200 in 0.6746 ms
[18:44:35 INF] HTTP GET /js/site.js responded 200 in 0.5142 ms
[18:44:39 INF] HTTP GET /Repairs/Tickets responded 200 in 11.9456 ms
[18:44:39 INF] HTTP GET /lib/bootstrap/dist/css/bootstrap.min.css responded 200 in 4.0687 ms
[18:44:39 INF] HTTP GET /css/site.css responded 304 in 0.3635 ms
[18:44:39 INF] HTTP GET /Biktal.WebMVC.styles.css responded 304 in 0.1163 ms
[18:44:39 INF] HTTP GET /lib/jquery/dist/jquery.min.js responded 304 in 0.1091 ms
[18:44:39 INF] HTTP GET /lib/bootstrap/dist/js/bootstrap.bundle.min.js responded 304 in 0.0957 ms
[18:44:39 INF] HTTP GET /js/site.js responded 304 in 0.0957 ms
[18:44:56 INF] HTTP GET /Repairs/Ticket/019fac85-6682-79da-86c9-cd8c65a3a8fc responded 200 in 7.9940 ms
[18:44:56 INF] HTTP GET /css/site.css responded 304 in 0.9495 ms
[18:44:56 INF] HTTP GET /Biktal.WebMVC.styles.css responded 304 in 0.1112 ms
[18:44:56 INF] HTTP GET /lib/bootstrap/dist/js/bootstrap.bundle.min.js responded 304 in 0.0858 ms
[18:44:56 INF] HTTP GET /lib/jquery/dist/jquery.min.js responded 304 in 0.0860 ms
[18:44:56 INF] HTTP GET /lib/bootstrap/dist/css/bootstrap.min.css responded 200 in 2.4225 ms
[18:44:56 INF] HTTP GET /js/site.js responded 304 in 0.1469 ms
[18:52:02 INF] HTTP GET /Insights responded 302 in 0.9501 ms
[18:52:03 INF] HTTP GET /Insights/Daily responded 200 in 88.0311 ms
[18:52:03 INF] HTTP GET /lib/bootstrap/dist/css/bootstrap.min.css responded 200 in 1.1637 ms
[18:52:03 INF] HTTP GET /css/site.css responded 200 in 0.7423 ms
[18:52:03 INF] HTTP GET /Biktal.WebMVC.styles.css responded 200 in 0.6604 ms
[18:52:03 INF] HTTP GET /lib/jquery/dist/jquery.min.js responded 200 in 6.0143 ms
[18:52:03 INF] HTTP GET /js/site.js responded 200 in 0.5977 ms
[18:52:03 INF] HTTP GET /lib/bootstrap/dist/js/bootstrap.bundle.min.js responded 200 in 0.7131 ms
[18:53:09 INF] HTTP GET /Inventory/Products responded 200 in 129.1871 ms
[18:53:09 INF] HTTP GET /lib/bootstrap/dist/css/bootstrap.min.css responded 200 in 1.1458 ms
[18:53:09 INF] HTTP GET /Biktal.WebMVC.styles.css responded 200 in 0.6341 ms
[18:53:09 INF] HTTP GET /css/site.css responded 200 in 1.9108 ms
[18:53:10 INF] HTTP GET /lib/jquery/dist/jquery.min.js responded 200 in 0.6008 ms
[18:53:10 INF] HTTP GET /js/site.js responded 200 in 0.7352 ms
[18:53:10 INF] HTTP GET /lib/bootstrap/dist/js/bootstrap.bundle.min.js responded 200 in 1.6353 ms
[18:53:10 INF] HTTP GET /lib/jquery-validation/dist/jquery.validate.min.js responded 200 in 0.8747 ms
[18:53:10 INF] HTTP GET /lib/jquery-validation-unobtrusive/dist/jquery.validate.unobtrusive.min.js responded 200 in 0.6432 ms
[18:53:10 INF] HTTP GET /js/products-catalog-filter.js responded 200 in 0.9491 ms
[18:53:37 INF] HTTP GET /Inventory/Stock responded 200 in 143.6443 ms
[18:53:37 INF] HTTP GET /css/site.css responded 200 in 1.0241 ms
[18:53:37 INF] HTTP GET /lib/bootstrap/dist/css/bootstrap.min.css responded 200 in 2.3587 ms
[18:53:37 INF] HTTP GET /Biktal.WebMVC.styles.css responded 200 in 1.2183 ms
[18:53:38 INF] HTTP GET /lib/jquery/dist/jquery.min.js responded 200 in 0.9465 ms
[18:53:38 INF] HTTP GET /lib/bootstrap/dist/js/bootstrap.bundle.min.js responded 200 in 2.2336 ms
[18:53:38 INF] HTTP GET /js/site.js responded 200 in 0.7361 ms
[18:53:38 INF] HTTP GET /js/stock-catalog-filter.js responded 200 in 24.5132 ms
[18:53:39 WRN] The query uses the 'First'/'FirstOrDefault' operator without 'OrderBy' and filter operators. This may lead to unpredictable results.
[18:53:39 WRN] The query uses the 'First'/'FirstOrDefault' operator without 'OrderBy' and filter operators. This may lead to unpredictable results.
[18:53:39 INF] HTTP GET /Operations responded 200 in 153.0842 ms
[18:53:39 INF] HTTP GET /lib/bootstrap/dist/css/bootstrap.min.css responded 304 in 0.1631 ms
[18:53:39 INF] HTTP GET /css/site.css responded 304 in 0.1763 ms
[18:53:39 INF] HTTP GET /Biktal.WebMVC.styles.css responded 304 in 0.0861 ms
[18:53:39 INF] HTTP GET /lib/jquery/dist/jquery.min.js responded 304 in 0.0913 ms
[18:53:39 INF] HTTP GET /lib/bootstrap/dist/js/bootstrap.bundle.min.js responded 304 in 0.0552 ms
[18:53:39 INF] HTTP GET /js/site.js responded 304 in 0.1244 ms
[18:53:44 INF] HTTP GET /Operations/Inventory responded 200 in 118.2642 ms
[18:53:44 INF] HTTP GET /lib/bootstrap/dist/css/bootstrap.min.css responded 304 in 0.1579 ms
[18:53:44 INF] HTTP GET /css/site.css responded 304 in 0.2487 ms
[18:53:44 INF] HTTP GET /Biktal.WebMVC.styles.css responded 304 in 0.3375 ms
[18:53:44 INF] HTTP GET /lib/jquery/dist/jquery.min.js responded 304 in 0.1420 ms
[18:53:44 INF] HTTP GET /lib/bootstrap/dist/js/bootstrap.bundle.min.js responded 304 in 0.2356 ms
[18:53:44 INF] HTTP GET /js/site.js responded 304 in 0.2338 ms
[18:53:53 INF] HTTP GET /Inventory/Products responded 200 in 80.3651 ms
[18:53:53 INF] HTTP GET /lib/bootstrap/dist/css/bootstrap.min.css responded 304 in 0.3623 ms
[18:53:53 INF] HTTP GET /css/site.css responded 304 in 0.2089 ms
[18:53:53 INF] HTTP GET /Biktal.WebMVC.styles.css responded 304 in 0.1880 ms
[18:53:54 INF] HTTP GET /lib/jquery/dist/jquery.min.js responded 304 in 0.0999 ms
[18:53:54 INF] HTTP GET /js/site.js responded 304 in 0.2247 ms
[18:53:54 INF] HTTP GET /lib/bootstrap/dist/js/bootstrap.bundle.min.js responded 304 in 0.4597 ms
[18:53:54 INF] HTTP GET /lib/jquery-validation/dist/jquery.validate.min.js responded 200 in 0.8127 ms
[18:53:54 INF] HTTP GET /js/products-catalog-filter.js responded 200 in 1.7956 ms
[18:53:54 INF] HTTP GET /lib/jquery-validation-unobtrusive/dist/jquery.validate.unobtrusive.min.js responded 200 in 0.5461 ms
[19:02:49 INF] HTTP POST /Inventory/AddProduct responded 302 in 174.1058 ms
[19:02:49 INF] HTTP GET /Inventory/Products responded 200 in 85.0298 ms
[19:02:49 INF] HTTP GET /lib/bootstrap/dist/css/bootstrap.min.css responded 200 in 1.0678 ms
[19:02:49 INF] HTTP GET /css/site.css responded 200 in 1.3758 ms
[19:02:49 INF] HTTP GET /Biktal.WebMVC.styles.css responded 200 in 0.6279 ms
[19:02:50 INF] HTTP GET /lib/jquery/dist/jquery.min.js responded 200 in 0.6378 ms
[19:02:50 INF] HTTP GET /lib/bootstrap/dist/js/bootstrap.bundle.min.js responded 200 in 0.7390 ms
[19:02:50 INF] HTTP GET /lib/jquery-validation/dist/jquery.validate.min.js responded 200 in 0.8013 ms
[19:02:50 INF] HTTP GET /js/site.js responded 200 in 0.6407 ms
[19:02:50 INF] HTTP GET /lib/jquery-validation-unobtrusive/dist/jquery.validate.unobtrusive.min.js responded 200 in 0.5543 ms
[19:02:50 INF] HTTP GET /js/products-catalog-filter.js responded 200 in 0.5289 ms
[19:04:19 INF] HTTP POST /Inventory/AddProduct responded 302 in 17.3500 ms
[19:04:19 INF] HTTP GET /Inventory/Products responded 200 in 127.4658 ms
[19:04:19 INF] HTTP GET /css/site.css responded 200 in 0.5580 ms
[19:04:19 INF] HTTP GET /lib/bootstrap/dist/css/bootstrap.min.css responded 200 in 2.2709 ms
[19:04:19 INF] HTTP GET /Biktal.WebMVC.styles.css responded 200 in 2.0265 ms
[19:04:20 INF] HTTP GET /lib/jquery/dist/jquery.min.js responded 200 in 0.5335 ms
[19:04:20 INF] HTTP GET /lib/bootstrap/dist/js/bootstrap.bundle.min.js responded 200 in 0.8139 ms
[19:04:20 INF] HTTP GET /js/site.js responded 200 in 0.8136 ms
[19:04:20 INF] HTTP GET /lib/jquery-validation-unobtrusive/dist/jquery.validate.unobtrusive.min.js responded 200 in 0.4599 ms
[19:04:20 INF] HTTP GET /lib/jquery-validation/dist/jquery.validate.min.js responded 200 in 0.3672 ms
[19:04:20 INF] HTTP GET /js/products-catalog-filter.js responded 200 in 0.5231 ms
[19:04:23 INF] HTTP GET / responded 200 in 31.3740 ms
[19:04:23 INF] HTTP GET /lib/bootstrap/dist/css/bootstrap.min.css responded 200 in 0.8306 ms
[19:04:23 INF] HTTP GET /Biktal.WebMVC.styles.css responded 200 in 0.3158 ms
[19:04:23 INF] HTTP GET /css/site.css responded 200 in 0.5655 ms
[19:04:23 INF] HTTP GET /js/site.js responded 200 in 0.5443 ms
[19:04:23 INF] HTTP GET /js/pos.js responded 200 in 1.1865 ms
[19:04:23 INF] HTTP GET /lib/jquery/dist/jquery.min.js responded 200 in 0.6100 ms
[19:04:23 INF] HTTP GET /lib/bootstrap/dist/js/bootstrap.bundle.min.js responded 200 in 0.6426 ms
[19:22:01 INF] HTTP GET /Inventory/Products responded 200 in 121.2493 ms
[19:22:01 INF] HTTP GET /lib/bootstrap/dist/css/bootstrap.min.css responded 200 in 49.5098 ms
[19:22:01 INF] HTTP GET /css/site.css responded 200 in 1.3539 ms
[19:22:01 INF] HTTP GET /Biktal.WebMVC.styles.css responded 200 in 0.9111 ms
[19:22:03 INF] HTTP GET /lib/jquery/dist/jquery.min.js responded 200 in 0.4843 ms
[19:22:03 INF] HTTP GET /lib/bootstrap/dist/js/bootstrap.bundle.min.js responded 200 in 1.4344 ms
[19:22:03 INF] HTTP GET /js/site.js responded 200 in 0.5911 ms
[19:22:03 INF] HTTP GET /lib/jquery-validation/dist/jquery.validate.min.js responded 200 in 1.0246 ms
[19:22:03 INF] HTTP GET /lib/jquery-validation-unobtrusive/dist/jquery.validate.unobtrusive.min.js responded 200 in 0.5690 ms
[19:22:03 INF] HTTP GET /js/products-catalog-filter.js responded 200 in 0.8089 ms
[19:22:45 INF] HTTP GET /Inventory/Products responded 200 in 130.0468 ms
[19:22:45 INF] HTTP GET /lib/bootstrap/dist/css/bootstrap.min.css responded 200 in 1.2165 ms
[19:22:45 INF] HTTP GET /css/site.css responded 200 in 0.9696 ms
[19:22:45 INF] HTTP GET /Biktal.WebMVC.styles.css responded 200 in 0.5460 ms
[19:22:46 INF] HTTP GET /lib/jquery/dist/jquery.min.js responded 304 in 0.0941 ms
[19:22:46 INF] HTTP GET /lib/bootstrap/dist/js/bootstrap.bundle.min.js responded 304 in 0.1625 ms
[19:22:46 INF] HTTP GET /js/site.js responded 304 in 0.0917 ms
[19:22:46 INF] HTTP GET /lib/jquery-validation/dist/jquery.validate.min.js responded 304 in 0.1176 ms
[19:22:46 INF] HTTP GET /js/products-catalog-filter.js responded 304 in 0.1092 ms
[19:22:46 INF] HTTP GET /lib/jquery-validation-unobtrusive/dist/jquery.validate.unobtrusive.min.js responded 304 in 0.1514 ms
[19:23:03 INF] HTTP POST /Inventory/EditProduct responded 302 in 49.6430 ms
[19:23:04 INF] HTTP GET /Inventory/Products responded 200 in 53.3040 ms
[19:23:04 INF] HTTP GET /lib/bootstrap/dist/css/bootstrap.min.css responded 200 in 0.7672 ms
[19:23:04 INF] HTTP GET /css/site.css responded 200 in 0.4994 ms
[19:23:04 INF] HTTP GET /Biktal.WebMVC.styles.css responded 200 in 0.4026 ms
[19:23:04 INF] HTTP GET /lib/jquery/dist/jquery.min.js responded 304 in 0.1046 ms
[19:23:05 INF] HTTP GET /lib/bootstrap/dist/js/bootstrap.bundle.min.js responded 304 in 0.3784 ms
[19:23:05 INF] HTTP GET /js/site.js responded 304 in 0.1526 ms
[19:23:05 INF] HTTP GET /lib/jquery-validation/dist/jquery.validate.min.js responded 304 in 0.1647 ms
[19:23:05 INF] HTTP GET /lib/jquery-validation-unobtrusive/dist/jquery.validate.unobtrusive.min.js responded 304 in 0.1439 ms
[19:23:05 INF] HTTP GET /js/products-catalog-filter.js responded 304 in 0.1466 ms
[19:23:21 INF] HTTP GET /Inventory/Products responded 200 in 80.0376 ms
[19:23:21 INF] HTTP GET /css/site.css responded 200 in 1.3154 ms
[19:23:21 INF] HTTP GET /Biktal.WebMVC.styles.css responded 200 in 1.2638 ms
[19:23:21 INF] HTTP GET /lib/bootstrap/dist/css/bootstrap.min.css responded 200 in 1.7689 ms
[19:23:22 INF] HTTP GET /lib/jquery/dist/jquery.min.js responded 304 in 0.0809 ms
[19:23:22 INF] HTTP GET /js/site.js responded 304 in 0.1109 ms
[19:23:22 INF] HTTP GET /lib/bootstrap/dist/js/bootstrap.bundle.min.js responded 304 in 0.2092 ms
[19:23:22 INF] HTTP GET /lib/jquery-validation/dist/jquery.validate.min.js responded 304 in 0.0846 ms
[19:23:22 INF] HTTP GET /lib/jquery-validation-unobtrusive/dist/jquery.validate.unobtrusive.min.js responded 304 in 0.0845 ms
[19:23:22 INF] HTTP GET /js/products-catalog-filter.js responded 304 in 0.2056 ms
[19:23:28 INF] HTTP POST /Inventory/EditProduct responded 302 in 17.2623 ms
[19:23:28 INF] HTTP GET /Inventory/Products responded 200 in 73.1482 ms
[19:23:28 INF] HTTP GET /css/site.css responded 304 in 0.1189 ms
[19:23:28 INF] HTTP GET /Biktal.WebMVC.styles.css responded 304 in 0.0959 ms
[19:23:28 INF] HTTP GET /lib/bootstrap/dist/css/bootstrap.min.css responded 304 in 0.0963 ms
[19:23:29 INF] HTTP GET /lib/jquery/dist/jquery.min.js responded 304 in 0.0860 ms
[19:23:29 INF] HTTP GET /js/site.js responded 304 in 0.0736 ms
[19:23:29 INF] HTTP GET /lib/bootstrap/dist/js/bootstrap.bundle.min.js responded 304 in 0.1288 ms
[19:23:29 INF] HTTP GET /lib/jquery-validation/dist/jquery.validate.min.js responded 304 in 0.0789 ms
[19:23:29 INF] HTTP GET /lib/jquery-validation-unobtrusive/dist/jquery.validate.unobtrusive.min.js responded 304 in 0.1419 ms
[19:23:29 INF] HTTP GET /js/products-catalog-filter.js responded 304 in 0.1511 ms
[19:23:38 INF] HTTP GET /Inventory/Products responded 200 in 182.9984 ms
[19:23:39 INF] HTTP GET /lib/bootstrap/dist/css/bootstrap.min.css responded 200 in 0.6909 ms
[19:23:39 INF] HTTP GET /css/site.css responded 304 in 0.1176 ms
[19:23:39 INF] HTTP GET /Biktal.WebMVC.styles.css responded 304 in 0.1097 ms
[19:23:39 INF] HTTP GET /lib/jquery/dist/jquery.min.js responded 304 in 0.0868 ms
[19:23:39 INF] HTTP GET /lib/bootstrap/dist/js/bootstrap.bundle.min.js responded 304 in 0.1248 ms
[19:23:39 INF] HTTP GET /js/site.js responded 304 in 0.1014 ms
[19:23:39 INF] HTTP GET /lib/jquery-validation/dist/jquery.validate.min.js responded 304 in 0.2228 ms
[19:23:39 INF] HTTP GET /lib/jquery-validation-unobtrusive/dist/jquery.validate.unobtrusive.min.js responded 304 in 0.3996 ms
[19:23:39 INF] HTTP GET /js/products-catalog-filter.js responded 304 in 0.1552 ms
[19:23:53 INF] HTTP POST /Inventory/EditProduct responded 302 in 18.7977 ms
[19:23:53 INF] HTTP GET /Inventory/Products responded 200 in 77.6147 ms
[19:23:53 INF] HTTP GET /lib/bootstrap/dist/css/bootstrap.min.css responded 200 in 0.9159 ms
[19:23:53 INF] HTTP GET /Biktal.WebMVC.styles.css responded 304 in 0.2231 ms
[19:23:53 INF] HTTP GET /css/site.css responded 304 in 0.1396 ms
[19:23:54 INF] HTTP GET /lib/jquery/dist/jquery.min.js responded 304 in 0.0961 ms
[19:23:54 INF] HTTP GET /lib/bootstrap/dist/js/bootstrap.bundle.min.js responded 304 in 0.3006 ms
[19:23:54 INF] HTTP GET /js/site.js responded 304 in 0.5992 ms
[19:23:54 INF] HTTP GET /lib/jquery-validation-unobtrusive/dist/jquery.validate.unobtrusive.min.js responded 304 in 0.1316 ms
[19:23:54 INF] HTTP GET /js/products-catalog-filter.js responded 304 in 0.0805 ms
[19:23:54 INF] HTTP GET /lib/jquery-validation/dist/jquery.validate.min.js responded 304 in 0.1126 ms
[19:24:13 INF] HTTP GET /Inventory/Products responded 200 in 82.2534 ms
[19:24:13 INF] HTTP GET /lib/bootstrap/dist/css/bootstrap.min.css responded 304 in 0.1356 ms
[19:24:13 INF] HTTP GET /css/site.css responded 304 in 0.3706 ms
[19:24:13 INF] HTTP GET /Biktal.WebMVC.styles.css responded 304 in 0.1640 ms
[19:24:14 INF] HTTP GET /lib/jquery/dist/jquery.min.js responded 304 in 0.1070 ms
[19:24:14 INF] HTTP GET /lib/bootstrap/dist/js/bootstrap.bundle.min.js responded 304 in 0.2689 ms
[19:24:14 INF] HTTP GET /js/site.js responded 304 in 0.1647 ms
[19:24:14 INF] HTTP GET /lib/jquery-validation/dist/jquery.validate.min.js responded 304 in 0.2495 ms
[19:24:14 INF] HTTP GET /lib/jquery-validation-unobtrusive/dist/jquery.validate.unobtrusive.min.js responded 304 in 0.1691 ms
[19:24:14 INF] HTTP GET /js/products-catalog-filter.js responded 304 in 0.1287 ms
[19:24:41 INF] HTTP POST /Inventory/EditProduct responded 302 in 14.4580 ms
[19:24:42 INF] HTTP GET /Inventory/Products responded 200 in 80.0256 ms
[19:24:42 INF] HTTP GET /lib/bootstrap/dist/css/bootstrap.min.css responded 200 in 0.9221 ms
[19:24:42 INF] HTTP GET /css/site.css responded 304 in 0.1588 ms
[19:24:42 INF] HTTP GET /Biktal.WebMVC.styles.css responded 304 in 0.3199 ms
[19:24:42 INF] HTTP GET /lib/jquery/dist/jquery.min.js responded 304 in 0.0951 ms
[19:24:43 INF] HTTP GET /lib/bootstrap/dist/js/bootstrap.bundle.min.js responded 304 in 0.1390 ms
[19:24:43 INF] HTTP GET /js/site.js responded 304 in 0.1921 ms
[19:24:43 INF] HTTP GET /lib/jquery-validation/dist/jquery.validate.min.js responded 304 in 0.1395 ms
[19:24:43 INF] HTTP GET /lib/jquery-validation-unobtrusive/dist/jquery.validate.unobtrusive.min.js responded 304 in 0.3035 ms
[19:24:43 INF] HTTP GET /js/products-catalog-filter.js responded 304 in 0.1813 ms
[19:24:59 INF] HTTP GET /Inventory/Products responded 200 in 74.3556 ms
[19:24:59 INF] HTTP GET /lib/bootstrap/dist/css/bootstrap.min.css responded 304 in 0.2189 ms
[19:24:59 INF] HTTP GET /css/site.css responded 304 in 0.0958 ms
[19:24:59 INF] HTTP GET /Biktal.WebMVC.styles.css responded 304 in 0.0959 ms
[19:25:00 INF] HTTP GET /lib/jquery/dist/jquery.min.js responded 304 in 0.0898 ms
[19:25:00 INF] HTTP GET /lib/bootstrap/dist/js/bootstrap.bundle.min.js responded 304 in 0.1432 ms
[19:25:00 INF] HTTP GET /js/site.js responded 304 in 0.1392 ms
[19:25:00 INF] HTTP GET /lib/jquery-validation/dist/jquery.validate.min.js responded 304 in 0.1127 ms
[19:25:00 INF] HTTP GET /lib/jquery-validation-unobtrusive/dist/jquery.validate.unobtrusive.min.js responded 304 in 0.1244 ms
[19:25:00 INF] HTTP GET /js/products-catalog-filter.js responded 304 in 0.1409 ms
[19:25:11 INF] HTTP POST /Inventory/EditProduct responded 302 in 16.5928 ms
[19:25:12 INF] HTTP GET /Inventory/Products responded 200 in 80.3543 ms
[19:25:12 INF] HTTP GET /lib/bootstrap/dist/css/bootstrap.min.css responded 200 in 6.9546 ms
[19:25:12 INF] HTTP GET /css/site.css responded 304 in 0.1055 ms
[19:25:12 INF] HTTP GET /Biktal.WebMVC.styles.css responded 304 in 0.0603 ms
[19:25:12 INF] HTTP GET /lib/jquery/dist/jquery.min.js responded 304 in 0.0906 ms
[19:25:12 INF] HTTP GET /lib/bootstrap/dist/js/bootstrap.bundle.min.js responded 304 in 0.1450 ms
[19:25:12 INF] HTTP GET /js/site.js responded 304 in 0.1025 ms
[19:25:12 INF] HTTP GET /lib/jquery-validation/dist/jquery.validate.min.js responded 304 in 0.1427 ms
[19:25:12 INF] HTTP GET /lib/jquery-validation-unobtrusive/dist/jquery.validate.unobtrusive.min.js responded 304 in 0.1687 ms
[19:25:12 INF] HTTP GET /js/products-catalog-filter.js responded 304 in 0.4047 ms
[19:25:28 INF] HTTP GET /Inventory/Products responded 200 in 105.8697 ms
[19:25:28 INF] HTTP GET /css/site.css responded 304 in 0.1758 ms
[19:25:28 INF] HTTP GET /lib/bootstrap/dist/css/bootstrap.min.css responded 304 in 0.3502 ms
[19:25:28 INF] HTTP GET /Biktal.WebMVC.styles.css responded 304 in 0.6627 ms
[19:25:29 INF] HTTP GET /lib/jquery/dist/jquery.min.js responded 304 in 0.0891 ms
[19:25:29 INF] HTTP GET /lib/bootstrap/dist/js/bootstrap.bundle.min.js responded 304 in 0.1198 ms
[19:25:29 INF] HTTP GET /js/site.js responded 304 in 0.4869 ms
[19:25:29 INF] HTTP GET /lib/jquery-validation/dist/jquery.validate.min.js responded 304 in 0.2279 ms
[19:25:29 INF] HTTP GET /lib/jquery-validation-unobtrusive/dist/jquery.validate.unobtrusive.min.js responded 304 in 0.1227 ms
[19:25:29 INF] HTTP GET /js/products-catalog-filter.js responded 304 in 0.1414 ms
[19:25:39 INF] HTTP POST /Inventory/EditProduct responded 302 in 22.6214 ms
[19:25:39 INF] HTTP GET /Inventory/Products responded 200 in 60.1161 ms
[19:25:40 INF] HTTP GET /lib/bootstrap/dist/css/bootstrap.min.css responded 304 in 0.1842 ms
[19:25:40 INF] HTTP GET /Biktal.WebMVC.styles.css responded 304 in 0.0849 ms
[19:25:40 INF] HTTP GET /css/site.css responded 304 in 0.1191 ms
[19:25:40 INF] HTTP GET /lib/jquery/dist/jquery.min.js responded 304 in 0.1606 ms
[19:25:40 INF] HTTP GET /lib/bootstrap/dist/js/bootstrap.bundle.min.js responded 304 in 0.1925 ms
[19:25:40 INF] HTTP GET /js/site.js responded 304 in 0.0921 ms
[19:25:40 INF] HTTP GET /lib/jquery-validation/dist/jquery.validate.min.js responded 304 in 0.0816 ms
[19:25:40 INF] HTTP GET /lib/jquery-validation-unobtrusive/dist/jquery.validate.unobtrusive.min.js responded 304 in 0.2066 ms
[19:25:40 INF] HTTP GET /js/products-catalog-filter.js responded 304 in 0.1460 ms
[19:26:03 INF] HTTP GET /Inventory/Products responded 200 in 60.6129 ms
[19:26:03 INF] HTTP GET /lib/bootstrap/dist/css/bootstrap.min.css responded 200 in 1.0517 ms
[19:26:03 INF] HTTP GET /css/site.css responded 304 in 0.2479 ms
[19:26:03 INF] HTTP GET /Biktal.WebMVC.styles.css responded 304 in 0.2434 ms
[19:26:04 INF] HTTP GET /lib/jquery/dist/jquery.min.js responded 304 in 0.1319 ms
[19:26:04 INF] HTTP GET /lib/bootstrap/dist/js/bootstrap.bundle.min.js responded 304 in 0.1244 ms
[19:26:04 INF] HTTP GET /lib/jquery-validation/dist/jquery.validate.min.js responded 304 in 0.0793 ms
[19:26:04 INF] HTTP GET /js/site.js responded 304 in 0.1100 ms
[19:26:04 INF] HTTP GET /lib/jquery-validation-unobtrusive/dist/jquery.validate.unobtrusive.min.js responded 304 in 0.1100 ms
[19:26:04 INF] HTTP GET /js/products-catalog-filter.js responded 304 in 0.2545 ms
[19:26:19 INF] HTTP POST /Inventory/EditProduct responded 302 in 16.9198 ms
[19:26:19 INF] HTTP GET /Inventory/Products responded 200 in 85.0799 ms
[19:26:19 INF] HTTP GET /lib/bootstrap/dist/css/bootstrap.min.css responded 304 in 0.1594 ms
[19:26:19 INF] HTTP GET /css/site.css responded 304 in 0.1409 ms
[19:26:19 INF] HTTP GET /Biktal.WebMVC.styles.css responded 304 in 0.1000 ms
[19:26:20 INF] HTTP GET /lib/jquery/dist/jquery.min.js responded 304 in 0.1423 ms
[19:26:20 INF] HTTP GET /lib/bootstrap/dist/js/bootstrap.bundle.min.js responded 304 in 0.3000 ms
[19:26:20 INF] HTTP GET /js/site.js responded 304 in 0.1264 ms
[19:26:20 INF] HTTP GET /lib/jquery-validation/dist/jquery.validate.min.js responded 304 in 0.1273 ms
[19:26:20 INF] HTTP GET /lib/jquery-validation-unobtrusive/dist/jquery.validate.unobtrusive.min.js responded 304 in 0.1489 ms
[19:26:20 INF] HTTP GET /js/products-catalog-filter.js responded 304 in 0.0955 ms
[19:26:37 INF] HTTP GET /Inventory/Products responded 200 in 115.2924 ms
[19:26:37 INF] HTTP GET /lib/bootstrap/dist/css/bootstrap.min.css responded 304 in 0.1920 ms
[19:26:37 INF] HTTP GET /Biktal.WebMVC.styles.css responded 304 in 0.0492 ms
[19:26:37 INF] HTTP GET /css/site.css responded 304 in 0.1091 ms
[19:26:38 INF] HTTP GET /lib/jquery/dist/jquery.min.js responded 304 in 0.0888 ms
[19:26:38 INF] HTTP GET /lib/bootstrap/dist/js/bootstrap.bundle.min.js responded 304 in 0.4812 ms
[19:26:38 INF] HTTP GET /js/site.js responded 304 in 0.2128 ms
[19:26:38 INF] HTTP GET /lib/jquery-validation/dist/jquery.validate.min.js responded 304 in 0.1794 ms
[19:26:38 INF] HTTP GET /lib/jquery-validation-unobtrusive/dist/jquery.validate.unobtrusive.min.js responded 304 in 0.4557 ms
[19:26:38 INF] HTTP GET /js/products-catalog-filter.js responded 304 in 0.1152 ms
[19:26:43 INF] HTTP POST /Inventory/EditProduct responded 302 in 15.7163 ms
[19:26:43 INF] HTTP GET /Inventory/Products responded 200 in 65.7673 ms
[19:26:43 INF] HTTP GET /lib/bootstrap/dist/css/bootstrap.min.css responded 304 in 0.1631 ms
[19:26:43 INF] HTTP GET /Biktal.WebMVC.styles.css responded 304 in 0.1056 ms
[19:26:43 INF] HTTP GET /css/site.css responded 304 in 0.2030 ms
[19:26:44 INF] HTTP GET /lib/jquery/dist/jquery.min.js responded 304 in 0.0798 ms
[19:26:44 INF] HTTP GET /lib/bootstrap/dist/js/bootstrap.bundle.min.js responded 304 in 0.1383 ms
[19:26:44 INF] HTTP GET /js/site.js responded 304 in 0.1401 ms
[19:26:44 INF] HTTP GET /lib/jquery-validation/dist/jquery.validate.min.js responded 304 in 0.2115 ms
[19:26:44 INF] HTTP GET /lib/jquery-validation-unobtrusive/dist/jquery.validate.unobtrusive.min.js responded 304 in 0.0965 ms
[19:26:44 INF] HTTP GET /js/products-catalog-filter.js responded 304 in 0.2394 ms
[19:26:45 INF] HTTP GET / responded 200 in 36.8690 ms
[19:26:46 INF] HTTP GET /lib/bootstrap/dist/css/bootstrap.min.css responded 304 in 0.6634 ms
[19:26:46 INF] HTTP GET /Biktal.WebMVC.styles.css responded 304 in 0.2066 ms
[19:26:46 INF] HTTP GET /css/site.css responded 304 in 0.4021 ms
[19:26:46 INF] HTTP GET /lib/jquery/dist/jquery.min.js responded 304 in 0.3217 ms
[19:26:46 INF] HTTP GET /lib/bootstrap/dist/js/bootstrap.bundle.min.js responded 304 in 0.1286 ms
[19:26:46 INF] HTTP GET /js/site.js responded 304 in 0.1964 ms
[19:26:46 INF] HTTP GET /js/pos.js responded 200 in 1.2803 ms
[19:46:58 INF] HTTP GET /Inventory/Products responded 200 in 140.9823 ms
[19:46:58 INF] HTTP GET /css/site.css responded 200 in 1.0877 ms
[19:46:58 INF] HTTP GET /lib/bootstrap/dist/css/bootstrap.min.css responded 200 in 0.8064 ms
[19:46:58 INF] HTTP GET /Biktal.WebMVC.styles.css responded 200 in 37.6139 ms
[19:47:00 INF] HTTP GET / responded 200 in 41.8865 ms
[19:47:00 INF] HTTP GET /lib/bootstrap/dist/css/bootstrap.min.css responded 304 in 0.1304 ms
[19:47:00 INF] HTTP GET /css/site.css responded 304 in 0.1164 ms
[19:47:00 INF] HTTP GET /Biktal.WebMVC.styles.css responded 304 in 0.1186 ms
[19:47:00 INF] HTTP GET /lib/jquery/dist/jquery.min.js responded 200 in 1.5456 ms
[19:47:00 INF] HTTP GET /lib/bootstrap/dist/js/bootstrap.bundle.min.js responded 200 in 2.1902 ms
[19:47:00 INF] HTTP GET /js/site.js responded 200 in 0.6982 ms
[19:47:00 INF] HTTP GET /js/pos.js responded 200 in 1.3423 ms
[19:53:57 INF] HTTP GET /Inventory/Products responded 200 in 161.6402 ms
[19:53:57 INF] HTTP GET /lib/bootstrap/dist/css/bootstrap.min.css responded 200 in 0.6121 ms
[19:53:57 INF] HTTP GET /Biktal.WebMVC.styles.css responded 200 in 0.4491 ms
[19:53:57 INF] HTTP GET /css/site.css responded 200 in 1.3767 ms
[19:53:58 INF] HTTP GET /lib/jquery/dist/jquery.min.js responded 200 in 0.6423 ms
[19:53:58 INF] HTTP GET /lib/bootstrap/dist/js/bootstrap.bundle.min.js responded 200 in 0.7469 ms
[19:53:58 INF] HTTP GET /js/site.js responded 200 in 1.1250 ms
[19:53:58 INF] HTTP GET /lib/jquery-validation/dist/jquery.validate.min.js responded 200 in 0.6008 ms
[19:53:58 INF] HTTP GET /js/products-catalog-filter.js responded 200 in 0.4684 ms
[19:53:58 INF] HTTP GET /lib/jquery-validation-unobtrusive/dist/jquery.validate.unobtrusive.min.js responded 200 in 0.7924 ms
[19:54:22 INF] HTTP GET /Inventory/Products responded 200 in 78.7156 ms
[19:54:22 INF] HTTP GET /Biktal.WebMVC.styles.css responded 200 in 1.2472 ms
[19:54:22 INF] HTTP GET /css/site.css responded 200 in 0.9456 ms
[19:54:22 INF] HTTP GET /lib/bootstrap/dist/css/bootstrap.min.css responded 200 in 3.4933 ms
[19:54:23 INF] HTTP GET /lib/jquery/dist/jquery.min.js responded 200 in 0.5213 ms
[19:54:23 INF] HTTP GET /lib/bootstrap/dist/js/bootstrap.bundle.min.js responded 200 in 2.0405 ms
[19:54:23 INF] HTTP GET /lib/jquery-validation/dist/jquery.validate.min.js responded 200 in 0.3897 ms
[19:54:23 INF] HTTP GET /js/site.js responded 200 in 0.4338 ms
[19:54:23 INF] HTTP GET /lib/jquery-validation-unobtrusive/dist/jquery.validate.unobtrusive.min.js responded 200 in 0.6611 ms
[19:54:23 INF] HTTP GET /js/products-catalog-filter.js responded 200 in 1.3392 ms
[19:54:29 INF] HTTP GET /Inventory/Products responded 200 in 75.5768 ms
[19:54:29 INF] HTTP GET /lib/bootstrap/dist/css/bootstrap.min.css responded 304 in 0.1488 ms
[19:54:29 INF] HTTP GET /Biktal.WebMVC.styles.css responded 304 in 0.1284 ms
[19:54:29 INF] HTTP GET /css/site.css responded 304 in 0.0866 ms
[19:54:30 INF] HTTP GET /lib/jquery/dist/jquery.min.js responded 304 in 0.0887 ms
[19:54:30 INF] HTTP GET /lib/bootstrap/dist/js/bootstrap.bundle.min.js responded 304 in 0.2584 ms
[19:54:30 INF] HTTP GET /js/site.js responded 304 in 0.1246 ms
[19:54:30 INF] HTTP GET /lib/jquery-validation/dist/jquery.validate.min.js responded 304 in 0.1799 ms
[19:54:30 INF] HTTP GET /lib/jquery-validation-unobtrusive/dist/jquery.validate.unobtrusive.min.js responded 304 in 0.1144 ms
[19:54:30 INF] HTTP GET /js/products-catalog-filter.js responded 304 in 0.1667 ms
[19:54:31 INF] HTTP GET / responded 200 in 26.4622 ms
[19:54:31 INF] HTTP GET /lib/bootstrap/dist/css/bootstrap.min.css responded 304 in 0.1321 ms
[19:54:31 INF] HTTP GET /css/site.css responded 304 in 0.5651 ms
[19:54:31 INF] HTTP GET /Biktal.WebMVC.styles.css responded 304 in 0.5460 ms
[19:54:31 INF] HTTP GET /lib/jquery/dist/jquery.min.js responded 304 in 0.1150 ms
[19:54:31 INF] HTTP GET /lib/bootstrap/dist/js/bootstrap.bundle.min.js responded 304 in 0.1375 ms
[19:54:31 INF] HTTP GET /js/site.js responded 304 in 0.0982 ms
[19:54:31 INF] HTTP GET /js/pos.js responded 200 in 0.5740 ms
[19:54:49 INF] HTTP POST /Pos/CompleteSale responded 200 in 70.6121 ms
[19:54:52 INF] HTTP GET /Insights responded 302 in 0.5528 ms
[19:54:53 INF] HTTP GET /Insights/Daily responded 200 in 25.8169 ms
[19:54:53 INF] HTTP GET /css/site.css responded 304 in 0.1396 ms
[19:54:53 INF] HTTP GET /Biktal.WebMVC.styles.css responded 304 in 1.0672 ms
[19:54:53 INF] HTTP GET /lib/bootstrap/dist/css/bootstrap.min.css responded 200 in 2.9214 ms
[19:54:53 INF] HTTP GET /lib/bootstrap/dist/js/bootstrap.bundle.min.js responded 304 in 0.1544 ms
[19:54:53 INF] HTTP GET /js/site.js responded 304 in 0.2068 ms
[19:54:53 INF] HTTP GET /lib/jquery/dist/jquery.min.js responded 304 in 0.1921 ms
[19:54:56 INF] HTTP GET /Insights/Monthly responded 200 in 55.0284 ms
[19:54:56 INF] HTTP GET /lib/bootstrap/dist/css/bootstrap.min.css responded 200 in 1.6358 ms
[19:54:56 INF] HTTP GET /css/site.css responded 304 in 0.1910 ms
[19:54:56 INF] HTTP GET /Biktal.WebMVC.styles.css responded 304 in 0.1833 ms
[19:54:56 INF] HTTP GET /lib/bootstrap/dist/js/bootstrap.bundle.min.js responded 304 in 0.1380 ms
[19:54:56 INF] HTTP GET /lib/jquery/dist/jquery.min.js responded 304 in 0.0977 ms
[19:54:56 INF] HTTP GET /js/site.js responded 304 in 1.0159 ms
[20:02:34 INF] HTTP GET /Inventory/Products responded 200 in 275.0213 ms
[20:02:34 INF] HTTP GET /css/site.css responded 200 in 0.6621 ms
[20:02:34 INF] HTTP GET /Biktal.WebMVC.styles.css responded 200 in 0.5021 ms
[20:02:34 INF] HTTP GET /lib/bootstrap/dist/css/bootstrap.min.css responded 200 in 0.4751 ms
[20:02:35 INF] HTTP GET / responded 200 in 33.2089 ms
[20:02:35 INF] HTTP GET /lib/bootstrap/dist/css/bootstrap.min.css responded 304 in 0.1261 ms
[20:02:35 INF] HTTP GET /css/site.css responded 304 in 0.0764 ms
[20:02:35 INF] HTTP GET /Biktal.WebMVC.styles.css responded 304 in 0.1215 ms
[20:02:35 INF] HTTP GET /js/pos.js responded 200 in 2.9382 ms
[20:02:35 INF] HTTP GET /lib/jquery/dist/jquery.min.js responded 200 in 4.2501 ms
[20:02:35 INF] HTTP GET /lib/bootstrap/dist/js/bootstrap.bundle.min.js responded 200 in 3.4965 ms
[20:02:35 INF] HTTP GET /js/site.js responded 200 in 4.3686 ms
[20:23:23 INF] Application is shutting down...
