[09:51:48 WRN] Using an in-memory repository. Keys will not be persisted to storage.
[09:51:48 WRN] Neither user profile nor HKLM registry available. Using an ephemeral key repository. Protected data will be unavailable when application exits.
[09:51:48 WRN] No XML encryptor configured. Key {65b80561-1f60-4e08-810e-e4b735a70b52} may be persisted to storage in unencrypted form.
[09:51:48 INF] Application started. Press Ctrl+C to shut down.
[09:51:48 INF] Hosting environment: Production
[09:51:48 INF] Content root path: D:\Systems\BiktalSystems\publish
[09:51:49 ERR] An exception was thrown while deserializing the token.
Microsoft.AspNetCore.Antiforgery.AntiforgeryValidationException: The antiforgery token could not be decrypted.
 ---> System.Security.Cryptography.CryptographicException: The key {df8d052f-02d9-4917-b1f7-caad5b1df2c7} was not found in the key ring. For more information go to https://aka.ms/aspnet/dataprotectionwarning
   at Microsoft.AspNetCore.DataProtection.KeyManagement.KeyRingBasedDataProtector.UnprotectCore(Byte[] protectedData, Boolean allowOperationsOnRevokedKeys, UnprotectStatus& status)
   at Microsoft.AspNetCore.DataProtection.KeyManagement.KeyRingBasedDataProtector.Unprotect(Byte[] protectedData)
   at Microsoft.AspNetCore.Antiforgery.DefaultAntiforgeryTokenSerializer.Deserialize(String serializedToken)
   --- End of inner exception stack trace ---
   at Microsoft.AspNetCore.Antiforgery.DefaultAntiforgeryTokenSerializer.Deserialize(String serializedToken)
   at Microsoft.AspNetCore.Antiforgery.DefaultAntiforgery.GetCookieTokenDoesNotThrow(HttpContext httpContext)
[09:51:49 INF] HTTP GET /css/site.css responded 200 in 66.5089 ms
[09:51:49 INF] HTTP GET /Biktal.WebMVC.styles.css responded 200 in 67.5356 ms
[09:51:49 INF] HTTP GET /lib/bootstrap/dist/css/bootstrap.min.css responded 200 in 67.2309 ms
[09:51:49 INF] HTTP GET /Inventory/Products responded 200 in 950.8164 ms
[09:51:50 INF] HTTP GET /lib/jquery/dist/jquery.min.js responded 200 in 45.2482 ms
[09:51:50 INF] HTTP GET /lib/jquery-validation/dist/jquery.validate.min.js responded 200 in 16.6237 ms
[09:51:50 INF] HTTP GET /lib/bootstrap/dist/js/bootstrap.bundle.min.js responded 200 in 34.3880 ms
[09:51:50 INF] HTTP GET /lib/jquery-validation-unobtrusive/dist/jquery.validate.unobtrusive.min.js responded 200 in 32.4222 ms
[09:51:50 INF] HTTP GET /js/products-catalog-filter.js responded 200 in 48.1746 ms
[09:51:50 INF] HTTP GET /js/site.js responded 200 in 73.7266 ms
[09:52:17 INF] HTTP GET /Finance responded 200 in 189.7766 ms
[09:52:17 INF] HTTP GET /lib/bootstrap/dist/css/bootstrap.min.css responded 304 in 7.5397 ms
[09:52:17 INF] HTTP GET /css/site.css responded 304 in 11.1555 ms
[09:52:17 INF] HTTP GET /Biktal.WebMVC.styles.css responded 304 in 0.4360 ms
[09:52:17 INF] HTTP GET /js/site.js responded 304 in 4.9851 ms
[09:52:17 INF] HTTP GET /lib/jquery/dist/jquery.min.js responded 304 in 31.3315 ms
[09:52:18 INF] HTTP GET /lib/bootstrap/dist/js/bootstrap.bundle.min.js responded 304 in 204.6755 ms
[09:52:19 INF] HTTP GET /Finance/Cashbox responded 200 in 368.3112 ms
[09:52:19 INF] HTTP GET /lib/bootstrap/dist/css/bootstrap.min.css responded 304 in 1.1619 ms
[09:52:19 INF] HTTP GET /Biktal.WebMVC.styles.css responded 304 in 0.2096 ms
[09:52:19 INF] HTTP GET /css/site.css responded 304 in 0.2702 ms
[09:52:19 INF] HTTP GET /lib/jquery/dist/jquery.min.js responded 304 in 0.3410 ms
[09:52:19 INF] HTTP GET /js/site.js responded 304 in 0.3111 ms
[09:52:19 INF] HTTP GET /lib/bootstrap/dist/js/bootstrap.bundle.min.js responded 304 in 0.2363 ms
[09:52:19 INF] HTTP GET /lib/jquery-validation-unobtrusive/dist/jquery.validate.unobtrusive.min.js responded 304 in 13.7572 ms
[09:52:19 INF] HTTP GET /lib/jquery-validation/dist/jquery.validate.min.js responded 304 in 24.4211 ms
[09:52:45 INF] HTTP GET /Insights responded 302 in 4.2334 ms
[09:52:45 INF] HTTP GET /Insights/Daily responded 200 in 178.4595 ms
[09:52:45 INF] HTTP GET /Biktal.WebMVC.styles.css responded 200 in 5.3463 ms
[09:52:45 INF] HTTP GET /css/site.css responded 200 in 22.8068 ms
[09:52:45 INF] HTTP GET /lib/bootstrap/dist/css/bootstrap.min.css responded 200 in 22.1846 ms
[09:52:45 INF] HTTP GET /js/site.js responded 200 in 6.8326 ms
[09:52:45 INF] HTTP GET /lib/jquery/dist/jquery.min.js responded 200 in 29.3440 ms
[09:52:45 INF] HTTP GET /lib/bootstrap/dist/js/bootstrap.bundle.min.js responded 200 in 26.2836 ms
[09:52:52 INF] HTTP GET /Insights/Daily responded 200 in 40.0828 ms
[09:52:52 INF] HTTP GET /lib/bootstrap/dist/css/bootstrap.min.css responded 200 in 9.5799 ms
[09:52:52 INF] HTTP GET /lib/jquery/dist/jquery.min.js responded 304 in 0.6778 ms
[09:52:52 INF] HTTP GET /css/site.css responded 200 in 1.3260 ms
[09:52:52 INF] HTTP GET /js/site.js responded 304 in 0.2105 ms
[09:52:52 INF] HTTP GET /lib/bootstrap/dist/js/bootstrap.bundle.min.js responded 304 in 0.2396 ms
[09:52:52 INF] HTTP GET /Biktal.WebMVC.styles.css responded 200 in 1.2931 ms
[09:52:55 INF] HTTP GET /Insights/Sale responded 200 in 108.5566 ms
[09:52:55 INF] HTTP GET /lib/bootstrap/dist/css/bootstrap.min.css responded 304 in 1.2717 ms
[09:52:55 INF] HTTP GET /css/site.css responded 304 in 0.6696 ms
[09:52:55 INF] HTTP GET /lib/jquery/dist/jquery.min.js responded 304 in 0.1727 ms
[09:52:55 INF] HTTP GET /lib/bootstrap/dist/js/bootstrap.bundle.min.js responded 304 in 0.1294 ms
[09:52:55 INF] HTTP GET /Biktal.WebMVC.styles.css responded 304 in 0.0729 ms
[09:52:55 INF] HTTP GET /js/site.js responded 304 in 0.0958 ms
[09:53:01 WRN] The query uses the 'First'/'FirstOrDefault' operator without 'OrderBy' and filter operators. This may lead to unpredictable results.
[09:53:01 INF] HTTP GET / responded 200 in 128.5785 ms
[09:53:01 INF] HTTP GET /lib/bootstrap/dist/css/bootstrap.min.css responded 200 in 6.5691 ms
[09:53:01 INF] HTTP GET /Biktal.WebMVC.styles.css responded 304 in 0.2861 ms
[09:53:01 INF] HTTP GET /css/site.css responded 304 in 0.3248 ms
[09:53:01 INF] HTTP GET /lib/jquery/dist/jquery.min.js responded 304 in 0.2047 ms
[09:53:01 INF] HTTP GET /lib/bootstrap/dist/js/bootstrap.bundle.min.js responded 304 in 0.7777 ms
[09:53:01 INF] HTTP GET /js/site.js responded 304 in 1.5632 ms
[09:53:01 INF] HTTP GET /js/pos.js responded 200 in 17.8258 ms
[09:53:35 INF] HTTP POST /Pos/CompleteSale responded 200 in 1172.7086 ms
[09:54:15 INF] HTTP GET /Finance responded 200 in 27.2820 ms
[09:54:15 INF] HTTP GET /lib/bootstrap/dist/css/bootstrap.min.css responded 200 in 5.7244 ms
[09:54:15 INF] HTTP GET /css/site.css responded 200 in 2.7090 ms
[09:54:15 INF] HTTP GET /Biktal.WebMVC.styles.css responded 200 in 1.1371 ms
[09:54:15 INF] HTTP GET /lib/jquery/dist/jquery.min.js responded 200 in 1.0731 ms
[09:54:15 INF] HTTP GET /lib/bootstrap/dist/js/bootstrap.bundle.min.js responded 200 in 1.1169 ms
[09:54:15 INF] HTTP GET /js/site.js responded 200 in 1.4735 ms
[09:54:17 INF] HTTP GET /Finance/Cashbox responded 200 in 28.5477 ms
[09:54:17 INF] HTTP GET /css/site.css responded 200 in 0.7278 ms
[09:54:17 INF] HTTP GET /lib/bootstrap/dist/css/bootstrap.min.css responded 200 in 1.3320 ms
[09:54:17 INF] HTTP GET /Biktal.WebMVC.styles.css responded 200 in 0.9443 ms
[09:54:17 INF] HTTP GET /lib/bootstrap/dist/js/bootstrap.bundle.min.js responded 200 in 0.8352 ms
[09:54:17 INF] HTTP GET /lib/jquery/dist/jquery.min.js responded 200 in 1.3710 ms
[09:54:17 INF] HTTP GET /js/site.js responded 200 in 1.0455 ms
[09:54:17 INF] HTTP GET /lib/jquery-validation-unobtrusive/dist/jquery.validate.unobtrusive.min.js responded 200 in 9.8029 ms
[09:54:17 INF] HTTP GET /lib/jquery-validation/dist/jquery.validate.min.js responded 200 in 15.7680 ms
[10:14:50 INF] Application is shutting down...
