[11:20:43 WRN] Using an in-memory repository. Keys will not be persisted to storage.
[11:20:43 WRN] Neither user profile nor HKLM registry available. Using an ephemeral key repository. Protected data will be unavailable when application exits.
[11:20:44 WRN] No XML encryptor configured. Key {e55256d1-728f-4364-a321-c44aa9a4270b} may be persisted to storage in unencrypted form.
[11:20:44 INF] Application started. Press Ctrl+C to shut down.
[11:20:44 INF] Hosting environment: Production
[11:20:44 INF] Content root path: D:\Systems\BiktalSystems\publish
[11:20:44 WRN] The query uses the 'First'/'FirstOrDefault' operator without 'OrderBy' and filter operators. This may lead to unpredictable results.
[11:20:44 ERR] An exception was thrown while deserializing the token.
Microsoft.AspNetCore.Antiforgery.AntiforgeryValidationException: The antiforgery token could not be decrypted.
 ---> System.Security.Cryptography.CryptographicException: The key {00897886-18c8-409a-9a8a-5bc94a42d3fa} was not found in the key ring. For more information go to https://aka.ms/aspnet/dataprotectionwarning
   at Microsoft.AspNetCore.DataProtection.KeyManagement.KeyRingBasedDataProtector.UnprotectCore(Byte[] protectedData, Boolean allowOperationsOnRevokedKeys, UnprotectStatus& status)
   at Microsoft.AspNetCore.DataProtection.KeyManagement.KeyRingBasedDataProtector.Unprotect(Byte[] protectedData)
   at Microsoft.AspNetCore.Antiforgery.DefaultAntiforgeryTokenSerializer.Deserialize(String serializedToken)
   --- End of inner exception stack trace ---
   at Microsoft.AspNetCore.Antiforgery.DefaultAntiforgeryTokenSerializer.Deserialize(String serializedToken)
   at Microsoft.AspNetCore.Antiforgery.DefaultAntiforgery.GetCookieTokenDoesNotThrow(HttpContext httpContext)
[11:20:44 INF] HTTP GET / responded 200 in 500.5233 ms
[11:20:44 INF] HTTP GET /lib/bootstrap/dist/css/bootstrap.min.css responded 200 in 50.3217 ms
[11:20:44 INF] HTTP GET /css/site.css responded 200 in 43.3905 ms
[11:20:44 INF] HTTP GET /Biktal.WebMVC.styles.css responded 200 in 34.4051 ms
[11:20:45 INF] HTTP GET /js/site.js responded 200 in 38.9692 ms
[11:20:45 INF] HTTP GET /lib/bootstrap/dist/js/bootstrap.bundle.min.js responded 200 in 43.4980 ms
[11:20:45 INF] HTTP GET /lib/jquery/dist/jquery.min.js responded 200 in 48.6246 ms
[11:20:45 INF] HTTP GET /js/pos.js responded 200 in 49.2631 ms
[11:23:49 INF] HTTP POST /Pos/CompleteSale responded 200 in 984.8833 ms
[11:44:23 INF] Application is shutting down...
