[11:48:55 WRN] Using an in-memory repository. Keys will not be persisted to storage.
[11:48:55 WRN] Neither user profile nor HKLM registry available. Using an ephemeral key repository. Protected data will be unavailable when application exits.
[11:48:55 WRN] No XML encryptor configured. Key {51040d04-6bc2-4de6-9351-2f893007bbf9} may be persisted to storage in unencrypted form.
[11:48:55 INF] Application started. Press Ctrl+C to shut down.
[11:48:55 INF] Hosting environment: Production
[11:48:55 INF] Content root path: D:\Systems\BiktalSystems\publish
[11:48:55 INF] HTTP GET /Finance responded 200 in 401.4309 ms
[11:48:56 INF] HTTP GET /css/site.css responded 200 in 37.3097 ms
[11:48:56 INF] HTTP GET /Biktal.WebMVC.styles.css responded 200 in 23.4828 ms
[11:48:56 INF] HTTP GET /lib/bootstrap/dist/css/bootstrap.min.css responded 200 in 86.7089 ms
[11:48:56 INF] HTTP GET /lib/bootstrap/dist/js/bootstrap.bundle.min.js responded 200 in 18.5101 ms
[11:48:56 INF] HTTP GET /js/site.js responded 200 in 10.9518 ms
[11:48:56 INF] HTTP GET /lib/jquery/dist/jquery.min.js responded 200 in 3.4775 ms
[11:53:12 WRN] The query uses the 'First'/'FirstOrDefault' operator without 'OrderBy' and filter operators. This may lead to unpredictable results.
[11:53:12 ERR] An exception was thrown while deserializing the token.
Microsoft.AspNetCore.Antiforgery.AntiforgeryValidationException: The antiforgery token could not be decrypted.
 ---> System.Security.Cryptography.CryptographicException: The key {e55256d1-728f-4364-a321-c44aa9a4270b} was not found in the key ring. For more information go to https://aka.ms/aspnet/dataprotectionwarning
   at Microsoft.AspNetCore.DataProtection.KeyManagement.KeyRingBasedDataProtector.UnprotectCore(Byte[] protectedData, Boolean allowOperationsOnRevokedKeys, UnprotectStatus& status)
   at Microsoft.AspNetCore.DataProtection.KeyManagement.KeyRingBasedDataProtector.Unprotect(Byte[] protectedData)
   at Microsoft.AspNetCore.Antiforgery.DefaultAntiforgeryTokenSerializer.Deserialize(String serializedToken)
   --- End of inner exception stack trace ---
   at Microsoft.AspNetCore.Antiforgery.DefaultAntiforgeryTokenSerializer.Deserialize(String serializedToken)
   at Microsoft.AspNetCore.Antiforgery.DefaultAntiforgery.GetCookieTokenDoesNotThrow(HttpContext httpContext)
[11:53:12 INF] HTTP GET / responded 200 in 239.1838 ms
[11:53:12 INF] HTTP GET /css/site.css responded 200 in 3.5560 ms
[11:53:12 INF] HTTP GET /js/site.js responded 200 in 32.4349 ms
[11:53:12 INF] HTTP GET /js/pos.js responded 200 in 0.9260 ms
[11:53:12 INF] HTTP GET /Biktal.WebMVC.styles.css responded 200 in 1.4722 ms
[11:53:12 INF] HTTP GET /lib/bootstrap/dist/css/bootstrap.min.css responded 200 in 5.7077 ms
[11:53:12 INF] HTTP GET /lib/jquery/dist/jquery.min.js responded 200 in 30.9389 ms
[11:53:13 INF] HTTP GET /lib/bootstrap/dist/js/bootstrap.bundle.min.js responded 200 in 227.7505 ms
[11:53:17 INF] HTTP GET /Finance responded 200 in 20.7241 ms
[11:53:18 INF] HTTP GET /lib/bootstrap/dist/css/bootstrap.min.css responded 200 in 8.7187 ms
[11:53:18 INF] HTTP GET /css/site.css responded 200 in 1.1981 ms
[11:53:18 INF] HTTP GET /Biktal.WebMVC.styles.css responded 200 in 1.4392 ms
[11:53:18 INF] HTTP GET /lib/jquery/dist/jquery.min.js responded 304 in 1.4007 ms
[11:53:18 INF] HTTP GET /js/site.js responded 304 in 1.0441 ms
[11:53:18 INF] HTTP GET /lib/bootstrap/dist/js/bootstrap.bundle.min.js responded 304 in 1.2466 ms
[11:53:25 INF] HTTP GET /Finance/Cashbox responded 200 in 430.3816 ms
[11:53:25 INF] HTTP GET /lib/bootstrap/dist/css/bootstrap.min.css responded 200 in 4.1276 ms
[11:53:25 INF] HTTP GET /css/site.css responded 200 in 1.5965 ms
[11:53:25 INF] HTTP GET /Biktal.WebMVC.styles.css responded 200 in 1.7935 ms
[11:53:25 INF] HTTP GET /lib/jquery/dist/jquery.min.js responded 304 in 0.6351 ms
[11:53:25 INF] HTTP GET /lib/bootstrap/dist/js/bootstrap.bundle.min.js responded 304 in 0.7464 ms
[11:53:25 INF] HTTP GET /js/site.js responded 304 in 0.3032 ms
[11:53:25 INF] HTTP GET /lib/jquery-validation-unobtrusive/dist/jquery.validate.unobtrusive.min.js responded 200 in 16.0772 ms
[11:53:25 INF] HTTP GET /lib/jquery-validation/dist/jquery.validate.min.js responded 200 in 19.4834 ms
[12:14:10 INF] HTTP GET / responded 200 in 94.5085 ms
[12:14:10 INF] HTTP GET /lib/bootstrap/dist/css/bootstrap.min.css responded 200 in 4.3156 ms
[12:14:10 INF] HTTP GET /Biktal.WebMVC.styles.css responded 200 in 0.7225 ms
[12:14:10 INF] HTTP GET /lib/bootstrap/dist/js/bootstrap.bundle.min.js responded 200 in 1.0240 ms
[12:14:10 INF] HTTP GET /js/site.js responded 200 in 0.7312 ms
[12:14:10 INF] HTTP GET /js/pos.js responded 200 in 0.7968 ms
[12:14:10 INF] HTTP GET /lib/jquery/dist/jquery.min.js responded 200 in 5.1290 ms
[12:14:10 INF] HTTP GET /css/site.css responded 200 in 9.4127 ms
[12:34:25 INF] Application is shutting down...
