[19:30:11 WRN] Using an in-memory repository. Keys will not be persisted to storage.
[19:30:11 WRN] Neither user profile nor HKLM registry available. Using an ephemeral key repository. Protected data will be unavailable when application exits.
[19:30:11 WRN] No XML encryptor configured. Key {d95c4c45-95fd-439f-bc57-208dd8a3bd06} may be persisted to storage in unencrypted form.
[19:30:11 INF] Application started. Press Ctrl+C to shut down.
[19:30:11 INF] Hosting environment: Production
[19:30:11 INF] Content root path: D:\Systems\BiktalSystems\publish
[19:30:11 WRN] The query uses the 'First'/'FirstOrDefault' operator without 'OrderBy' and filter operators. This may lead to unpredictable results.
[19:30:11 ERR] An exception was thrown while deserializing the token.
Microsoft.AspNetCore.Antiforgery.AntiforgeryValidationException: The antiforgery token could not be decrypted.
 ---> System.Security.Cryptography.CryptographicException: The key {b176466c-54e4-42af-aa3e-86ea8ed540db} was not found in the key ring. For more information go to https://aka.ms/aspnet/dataprotectionwarning
   at Microsoft.AspNetCore.DataProtection.KeyManagement.KeyRingBasedDataProtector.UnprotectCore(Byte[] protectedData, Boolean allowOperationsOnRevokedKeys, UnprotectStatus& status)
   at Microsoft.AspNetCore.DataProtection.KeyManagement.KeyRingBasedDataProtector.Unprotect(Byte[] protectedData)
   at Microsoft.AspNetCore.Antiforgery.DefaultAntiforgeryTokenSerializer.Deserialize(String serializedToken)
   --- End of inner exception stack trace ---
   at Microsoft.AspNetCore.Antiforgery.DefaultAntiforgeryTokenSerializer.Deserialize(String serializedToken)
   at Microsoft.AspNetCore.Antiforgery.DefaultAntiforgery.GetCookieTokenDoesNotThrow(HttpContext httpContext)
[19:30:11 INF] HTTP GET / responded 200 in 507.5665 ms
[19:30:12 INF] HTTP GET /Biktal.WebMVC.styles.css responded 200 in 84.3497 ms
[19:30:12 INF] HTTP GET /css/site.css responded 200 in 93.9944 ms
[19:30:12 INF] HTTP GET /lib/bootstrap/dist/css/bootstrap.min.css responded 200 in 95.9878 ms
[19:30:12 INF] HTTP GET /js/site.js responded 200 in 38.5166 ms
[19:30:12 INF] HTTP GET /lib/bootstrap/dist/js/bootstrap.bundle.min.js responded 200 in 106.3821 ms
[19:30:12 INF] HTTP GET /js/pos.js responded 200 in 119.4404 ms
[19:30:12 INF] HTTP GET /lib/jquery/dist/jquery.min.js responded 200 in 127.3145 ms
[19:30:12 INF] HTTP GET /favicon.ico responded 200 in 3.3610 ms
[19:30:16 INF] HTTP GET /Biktal.WebMVC.styles.css responded 200 in 1.2418 ms
[19:30:16 INF] HTTP GET /lib/bootstrap/dist/css/bootstrap.min.css responded 200 in 1.7128 ms
[19:30:16 INF] HTTP GET /css/site.css responded 200 in 8.5265 ms
[19:30:16 INF] HTTP GET /Inventory/Products responded 200 in 582.6037 ms
[19:30:17 INF] HTTP GET /lib/jquery/dist/jquery.min.js responded 304 in 22.1696 ms
[19:30:17 INF] HTTP GET /js/site.js responded 304 in 0.3607 ms
[19:30:17 INF] HTTP GET /js/products-catalog-filter.js responded 200 in 4.8004 ms
[19:30:17 INF] HTTP GET /lib/jquery-validation-unobtrusive/dist/jquery.validate.unobtrusive.min.js responded 200 in 7.1274 ms
[19:30:17 INF] HTTP GET /lib/jquery-validation/dist/jquery.validate.min.js responded 200 in 10.3249 ms
[19:30:17 INF] HTTP GET /lib/bootstrap/dist/js/bootstrap.bundle.min.js responded 304 in 118.5056 ms
[19:30:30 INF] HTTP GET /Finance responded 200 in 107.1708 ms
[19:30:30 INF] HTTP GET /lib/bootstrap/dist/css/bootstrap.min.css responded 304 in 1.2666 ms
[19:30:30 INF] HTTP GET /css/site.css responded 304 in 1.5095 ms
[19:30:30 INF] HTTP GET /Biktal.WebMVC.styles.css responded 304 in 0.4889 ms
[19:30:30 INF] HTTP GET /lib/jquery/dist/jquery.min.js responded 304 in 0.5628 ms
[19:30:30 INF] HTTP GET /lib/bootstrap/dist/js/bootstrap.bundle.min.js responded 304 in 4.7460 ms
[19:30:30 INF] HTTP GET /js/site.js responded 304 in 0.2315 ms
[19:30:32 INF] HTTP GET /Finance/Accounts responded 200 in 109.4891 ms
[19:30:32 INF] HTTP GET /lib/bootstrap/dist/css/bootstrap.min.css responded 304 in 0.5181 ms
[19:30:32 INF] HTTP GET /css/site.css responded 304 in 0.5395 ms
[19:30:32 INF] HTTP GET /Biktal.WebMVC.styles.css responded 304 in 0.4100 ms
[19:30:32 INF] HTTP GET /lib/jquery/dist/jquery.min.js responded 304 in 0.6070 ms
[19:30:32 INF] HTTP GET /lib/bootstrap/dist/js/bootstrap.bundle.min.js responded 304 in 0.2841 ms
[19:30:32 INF] HTTP GET /js/site.js responded 304 in 1.2826 ms
[19:30:32 INF] HTTP GET /lib/jquery-validation-unobtrusive/dist/jquery.validate.unobtrusive.min.js responded 304 in 14.2140 ms
[19:30:32 INF] HTTP GET /lib/jquery-validation/dist/jquery.validate.min.js responded 304 in 20.7373 ms
[19:30:37 INF] HTTP GET /Repairs responded 200 in 80.2050 ms
[19:30:37 INF] HTTP GET /lib/bootstrap/dist/css/bootstrap.min.css responded 304 in 0.2811 ms
[19:30:37 INF] HTTP GET /css/site.css responded 304 in 0.2769 ms
[19:30:37 INF] HTTP GET /lib/jquery/dist/jquery.min.js responded 304 in 0.1708 ms
[19:30:37 INF] HTTP GET /Biktal.WebMVC.styles.css responded 304 in 5.5712 ms
[19:30:37 INF] HTTP GET /js/site.js responded 304 in 0.1797 ms
[19:30:37 INF] HTTP GET /lib/bootstrap/dist/js/bootstrap.bundle.min.js responded 304 in 0.2061 ms
[19:30:38 INF] HTTP GET /Finance responded 200 in 11.1425 ms
[19:30:38 INF] HTTP GET /lib/bootstrap/dist/css/bootstrap.min.css responded 304 in 13.5527 ms
[19:30:38 INF] HTTP GET /css/site.css responded 304 in 0.5431 ms
[19:30:38 INF] HTTP GET /Biktal.WebMVC.styles.css responded 304 in 0.1728 ms
[19:30:38 INF] HTTP GET /lib/jquery/dist/jquery.min.js responded 304 in 0.2016 ms
[19:30:38 INF] HTTP GET /lib/bootstrap/dist/js/bootstrap.bundle.min.js responded 304 in 1.0888 ms
[19:30:38 INF] HTTP GET /js/site.js responded 304 in 0.6370 ms
[19:30:39 INF] HTTP GET /Crm responded 200 in 74.5104 ms
[19:30:39 INF] HTTP GET /lib/bootstrap/dist/css/bootstrap.min.css responded 304 in 0.1998 ms
[19:30:39 INF] HTTP GET /css/site.css responded 304 in 0.1723 ms
[19:30:39 INF] HTTP GET /Biktal.WebMVC.styles.css responded 304 in 0.1540 ms
[19:30:39 INF] HTTP GET /lib/jquery/dist/jquery.min.js responded 304 in 3.5704 ms
[19:30:39 INF] HTTP GET /lib/bootstrap/dist/js/bootstrap.bundle.min.js responded 304 in 0.4926 ms
[19:30:39 INF] HTTP GET /js/site.js responded 304 in 0.8444 ms
[19:30:59 WRN] The query uses the 'First'/'FirstOrDefault' operator without 'OrderBy' and filter operators. This may lead to unpredictable results.
[19:30:59 WRN] The query uses the 'First'/'FirstOrDefault' operator without 'OrderBy' and filter operators. This may lead to unpredictable results.
[19:30:59 INF] HTTP GET /Operations responded 200 in 96.2002 ms
[19:30:59 INF] HTTP GET /lib/bootstrap/dist/css/bootstrap.min.css responded 200 in 16.5849 ms
[19:30:59 INF] HTTP GET /css/site.css responded 304 in 0.3907 ms
[19:30:59 INF] HTTP GET /Biktal.WebMVC.styles.css responded 304 in 0.7271 ms
[19:30:59 INF] HTTP GET /lib/jquery/dist/jquery.min.js responded 304 in 0.3185 ms
[19:30:59 INF] HTTP GET /lib/bootstrap/dist/js/bootstrap.bundle.min.js responded 304 in 0.1569 ms
[19:30:59 INF] HTTP GET /js/site.js responded 304 in 0.0934 ms
[19:31:01 INF] HTTP GET /Insights responded 302 in 4.2728 ms
[19:31:01 INF] HTTP GET /Insights/Daily responded 200 in 129.1892 ms
[19:31:01 INF] HTTP GET /lib/bootstrap/dist/css/bootstrap.min.css responded 200 in 16.9541 ms
[19:31:01 INF] HTTP GET /css/site.css responded 304 in 0.3357 ms
[19:31:01 INF] HTTP GET /lib/jquery/dist/jquery.min.js responded 304 in 0.2224 ms
[19:31:01 INF] HTTP GET /Biktal.WebMVC.styles.css responded 304 in 0.1240 ms
[19:31:01 INF] HTTP GET /lib/bootstrap/dist/js/bootstrap.bundle.min.js responded 304 in 0.1506 ms
[19:31:01 INF] HTTP GET /js/site.js responded 304 in 0.1606 ms
[19:31:13 INF] HTTP GET / responded 200 in 22.9988 ms
[19:31:13 INF] HTTP GET /lib/bootstrap/dist/css/bootstrap.min.css responded 304 in 0.9629 ms
[19:31:13 INF] HTTP GET /css/site.css responded 304 in 0.2104 ms
[19:31:13 INF] HTTP GET /Biktal.WebMVC.styles.css responded 304 in 0.1603 ms
[19:31:13 INF] HTTP GET /lib/jquery/dist/jquery.min.js responded 304 in 0.1772 ms
[19:31:13 INF] HTTP GET /lib/bootstrap/dist/js/bootstrap.bundle.min.js responded 304 in 1.7392 ms
[19:31:13 INF] HTTP GET /js/pos.js responded 304 in 0.1397 ms
[19:31:13 INF] HTTP GET /js/site.js responded 304 in 0.2097 ms
[19:51:19 INF] Application is shutting down...
