[11:27:06 ERR] Failed executing DbCommand (6ms) [Parameters=[@p0='?' (DbType = Guid), @p1='?' (DbType = DateTime), @p2='?' (DbType = Guid), @p3='?', @p4='?' (DbType = DateTime), @p5='?' (DbType = Int32), @p6='?' (DbType = Int32), @p7='?', @p8='?', @p9='?' (DbType = Guid), @p10='?' (DbType = DateTime), @p11='?' (DbType = Guid), @p12='?', @p13='?' (DbType = DateTime), @p14='?' (DbType = Int32), @p15='?' (DbType = Int32), @p16='?', @p17='?'], CommandType='Text', CommandTimeout='30']
INSERT INTO "CrmSupportTickets" ("Id", "CreatedAtUtc", "CustomerId", "Description", "ModifiedAtUtc", "Priority", "Status", "Subject", "TicketNumber")
VALUES (@p0, @p1, @p2, @p3, @p4, @p5, @p6, @p7, @p8);
INSERT INTO "CrmSupportTickets" ("Id", "CreatedAtUtc", "CustomerId", "Description", "ModifiedAtUtc", "Priority", "Status", "Subject", "TicketNumber")
VALUES (@p9, @p10, @p11, @p12, @p13, @p14, @p15, @p16, @p17);
[11:27:06 ERR] An exception occurred in the database while saving changes for context type 'Biktal.Infrastructure.Persistence.ApplicationDbContext'.
Microsoft.EntityFrameworkCore.DbUpdateException: An error occurred while saving the entity changes. See the inner exception for details.
 ---> Npgsql.PostgresException (0x80004005): 23503: insert or update on table "CrmSupportTickets" violates foreign key constraint "FK_CrmSupportTickets_CrmCustomers_CustomerId"

DETAIL: Detail redacted as it may contain sensitive data. Specify 'Include Error Detail' in the connection string to include this information.
   at Npgsql.Internal.NpgsqlConnector.ReadMessageLong(Boolean async, DataRowLoadingMode dataRowLoadingMode, Boolean readingNotifications, Boolean isReadingPrependedMessage)
   at System.Runtime.CompilerServices.PoolingAsyncValueTaskMethodBuilder`1.StateMachineBox`1.System.Threading.Tasks.Sources.IValueTaskSource<TResult>.GetResult(Int16 token)
   at Npgsql.NpgsqlDataReader.NextResult(Boolean async, Boolean isConsuming, CancellationToken cancellationToken)
   at Npgsql.NpgsqlDataReader.NextResult(Boolean async, Boolean isConsuming, CancellationToken cancellationToken)
   at Npgsql.NpgsqlCommand.ExecuteReader(Boolean async, CommandBehavior behavior, CancellationToken cancellationToken)
   at Npgsql.NpgsqlCommand.ExecuteReader(Boolean async, CommandBehavior behavior, CancellationToken cancellationToken)
   at Npgsql.NpgsqlCommand.ExecuteDbDataReaderAsync(CommandBehavior behavior, CancellationToken cancellationToken)
   at Microsoft.EntityFrameworkCore.Storage.RelationalCommand.ExecuteReaderAsync(RelationalCommandParameterObject parameterObject, CancellationToken cancellationToken)
   at Microsoft.EntityFrameworkCore.Storage.RelationalCommand.ExecuteReaderAsync(RelationalCommandParameterObject parameterObject, CancellationToken cancellationToken)
   at Microsoft.EntityFrameworkCore.Update.ReaderModificationCommandBatch.ExecuteAsync(IRelationalConnection connection, CancellationToken cancellationToken)
  Exception data:
    Severity: ERROR
    SqlState: 23503
    MessageText: insert or update on table "CrmSupportTickets" violates foreign key constraint "FK_CrmSupportTickets_CrmCustomers_CustomerId"
    Detail: Detail redacted as it may contain sensitive data. Specify 'Include Error Detail' in the connection string to include this information.
    SchemaName: public
    TableName: CrmSupportTickets
    ConstraintName: FK_CrmSupportTickets_CrmCustomers_CustomerId
    File: ri_triggers.c
    Line: 2783
    Routine: ri_ReportViolation
   --- End of inner exception stack trace ---
   at Microsoft.EntityFrameworkCore.Update.ReaderModificationCommandBatch.ExecuteAsync(IRelationalConnection connection, CancellationToken cancellationToken)
   at Microsoft.EntityFrameworkCore.Update.Internal.BatchExecutor.ExecuteAsync(IEnumerable`1 commandBatches, IRelationalConnection connection, CancellationToken cancellationToken)
   at Microsoft.EntityFrameworkCore.Update.Internal.BatchExecutor.ExecuteAsync(IEnumerable`1 commandBatches, IRelationalConnection connection, CancellationToken cancellationToken)
   at Microsoft.EntityFrameworkCore.Update.Internal.BatchExecutor.ExecuteAsync(IEnumerable`1 commandBatches, IRelationalConnection connection, CancellationToken cancellationToken)
   at Microsoft.EntityFrameworkCore.Storage.RelationalDatabase.SaveChangesAsync(IList`1 entries, CancellationToken cancellationToken)
   at Microsoft.EntityFrameworkCore.ChangeTracking.Internal.StateManager.SaveChangesAsync(IList`1 entriesToSave, CancellationToken cancellationToken)
   at Microsoft.EntityFrameworkCore.ChangeTracking.Internal.StateManager.SaveChangesAsync(StateManager stateManager, Boolean acceptAllChangesOnSuccess, CancellationToken cancellationToken)
   at Npgsql.EntityFrameworkCore.PostgreSQL.Storage.Internal.NpgsqlExecutionStrategy.ExecuteAsync[TState,TResult](TState state, Func`4 operation, Func`4 verifySucceeded, CancellationToken cancellationToken)
   at Microsoft.EntityFrameworkCore.DbContext.SaveChangesAsync(Boolean acceptAllChangesOnSuccess, CancellationToken cancellationToken)
Microsoft.EntityFrameworkCore.DbUpdateException: An error occurred while saving the entity changes. See the inner exception for details.
 ---> Npgsql.PostgresException (0x80004005): 23503: insert or update on table "CrmSupportTickets" violates foreign key constraint "FK_CrmSupportTickets_CrmCustomers_CustomerId"

DETAIL: Detail redacted as it may contain sensitive data. Specify 'Include Error Detail' in the connection string to include this information.
   at Npgsql.Internal.NpgsqlConnector.ReadMessageLong(Boolean async, DataRowLoadingMode dataRowLoadingMode, Boolean readingNotifications, Boolean isReadingPrependedMessage)
   at System.Runtime.CompilerServices.PoolingAsyncValueTaskMethodBuilder`1.StateMachineBox`1.System.Threading.Tasks.Sources.IValueTaskSource<TResult>.GetResult(Int16 token)
   at Npgsql.NpgsqlDataReader.NextResult(Boolean async, Boolean isConsuming, CancellationToken cancellationToken)
   at Npgsql.NpgsqlDataReader.NextResult(Boolean async, Boolean isConsuming, CancellationToken cancellationToken)
   at Npgsql.NpgsqlCommand.ExecuteReader(Boolean async, CommandBehavior behavior, CancellationToken cancellationToken)
   at Npgsql.NpgsqlCommand.ExecuteReader(Boolean async, CommandBehavior behavior, CancellationToken cancellationToken)
   at Npgsql.NpgsqlCommand.ExecuteDbDataReaderAsync(CommandBehavior behavior, CancellationToken cancellationToken)
   at Microsoft.EntityFrameworkCore.Storage.RelationalCommand.ExecuteReaderAsync(RelationalCommandParameterObject parameterObject, CancellationToken cancellationToken)
   at Microsoft.EntityFrameworkCore.Storage.RelationalCommand.ExecuteReaderAsync(RelationalCommandParameterObject parameterObject, CancellationToken cancellationToken)
   at Microsoft.EntityFrameworkCore.Update.ReaderModificationCommandBatch.ExecuteAsync(IRelationalConnection connection, CancellationToken cancellationToken)
  Exception data:
    Severity: ERROR
    SqlState: 23503
    MessageText: insert or update on table "CrmSupportTickets" violates foreign key constraint "FK_CrmSupportTickets_CrmCustomers_CustomerId"
    Detail: Detail redacted as it may contain sensitive data. Specify 'Include Error Detail' in the connection string to include this information.
    SchemaName: public
    TableName: CrmSupportTickets
    ConstraintName: FK_CrmSupportTickets_CrmCustomers_CustomerId
    File: ri_triggers.c
    Line: 2783
    Routine: ri_ReportViolation
   --- End of inner exception stack trace ---
   at Microsoft.EntityFrameworkCore.Update.ReaderModificationCommandBatch.ExecuteAsync(IRelationalConnection connection, CancellationToken cancellationToken)
   at Microsoft.EntityFrameworkCore.Update.Internal.BatchExecutor.ExecuteAsync(IEnumerable`1 commandBatches, IRelationalConnection connection, CancellationToken cancellationToken)
   at Microsoft.EntityFrameworkCore.Update.Internal.BatchExecutor.ExecuteAsync(IEnumerable`1 commandBatches, IRelationalConnection connection, CancellationToken cancellationToken)
   at Microsoft.EntityFrameworkCore.Update.Internal.BatchExecutor.ExecuteAsync(IEnumerable`1 commandBatches, IRelationalConnection connection, CancellationToken cancellationToken)
   at Microsoft.EntityFrameworkCore.Storage.RelationalDatabase.SaveChangesAsync(IList`1 entries, CancellationToken cancellationToken)
   at Microsoft.EntityFrameworkCore.ChangeTracking.Internal.StateManager.SaveChangesAsync(IList`1 entriesToSave, CancellationToken cancellationToken)
   at Microsoft.EntityFrameworkCore.ChangeTracking.Internal.StateManager.SaveChangesAsync(StateManager stateManager, Boolean acceptAllChangesOnSuccess, CancellationToken cancellationToken)
   at Npgsql.EntityFrameworkCore.PostgreSQL.Storage.Internal.NpgsqlExecutionStrategy.ExecuteAsync[TState,TResult](TState state, Func`4 operation, Func`4 verifySucceeded, CancellationToken cancellationToken)
   at Microsoft.EntityFrameworkCore.DbContext.SaveChangesAsync(Boolean acceptAllChangesOnSuccess, CancellationToken cancellationToken)
[11:27:06 ERR] Database migration or seed failed. Check PostgreSQL is running and ConnectionStrings:DefaultConnection is correct.
Microsoft.EntityFrameworkCore.DbUpdateException: An error occurred while saving the entity changes. See the inner exception for details.
 ---> Npgsql.PostgresException (0x80004005): 23503: insert or update on table "CrmSupportTickets" violates foreign key constraint "FK_CrmSupportTickets_CrmCustomers_CustomerId"

DETAIL: Detail redacted as it may contain sensitive data. Specify 'Include Error Detail' in the connection string to include this information.
   at Npgsql.Internal.NpgsqlConnector.ReadMessageLong(Boolean async, DataRowLoadingMode dataRowLoadingMode, Boolean readingNotifications, Boolean isReadingPrependedMessage)
   at System.Runtime.CompilerServices.PoolingAsyncValueTaskMethodBuilder`1.StateMachineBox`1.System.Threading.Tasks.Sources.IValueTaskSource<TResult>.GetResult(Int16 token)
   at Npgsql.NpgsqlDataReader.NextResult(Boolean async, Boolean isConsuming, CancellationToken cancellationToken)
   at Npgsql.NpgsqlDataReader.NextResult(Boolean async, Boolean isConsuming, CancellationToken cancellationToken)
   at Npgsql.NpgsqlCommand.ExecuteReader(Boolean async, CommandBehavior behavior, CancellationToken cancellationToken)
   at Npgsql.NpgsqlCommand.ExecuteReader(Boolean async, CommandBehavior behavior, CancellationToken cancellationToken)
   at Npgsql.NpgsqlCommand.ExecuteDbDataReaderAsync(CommandBehavior behavior, CancellationToken cancellationToken)
   at Microsoft.EntityFrameworkCore.Storage.RelationalCommand.ExecuteReaderAsync(RelationalCommandParameterObject parameterObject, CancellationToken cancellationToken)
   at Microsoft.EntityFrameworkCore.Storage.RelationalCommand.ExecuteReaderAsync(RelationalCommandParameterObject parameterObject, CancellationToken cancellationToken)
   at Microsoft.EntityFrameworkCore.Update.ReaderModificationCommandBatch.ExecuteAsync(IRelationalConnection connection, CancellationToken cancellationToken)
  Exception data:
    Severity: ERROR
    SqlState: 23503
    MessageText: insert or update on table "CrmSupportTickets" violates foreign key constraint "FK_CrmSupportTickets_CrmCustomers_CustomerId"
    Detail: Detail redacted as it may contain sensitive data. Specify 'Include Error Detail' in the connection string to include this information.
    SchemaName: public
    TableName: CrmSupportTickets
    ConstraintName: FK_CrmSupportTickets_CrmCustomers_CustomerId
    File: ri_triggers.c
    Line: 2783
    Routine: ri_ReportViolation
   --- End of inner exception stack trace ---
   at Microsoft.EntityFrameworkCore.Update.ReaderModificationCommandBatch.ExecuteAsync(IRelationalConnection connection, CancellationToken cancellationToken)
   at Microsoft.EntityFrameworkCore.Update.Internal.BatchExecutor.ExecuteAsync(IEnumerable`1 commandBatches, IRelationalConnection connection, CancellationToken cancellationToken)
   at Microsoft.EntityFrameworkCore.Update.Internal.BatchExecutor.ExecuteAsync(IEnumerable`1 commandBatches, IRelationalConnection connection, CancellationToken cancellationToken)
   at Microsoft.EntityFrameworkCore.Update.Internal.BatchExecutor.ExecuteAsync(IEnumerable`1 commandBatches, IRelationalConnection connection, CancellationToken cancellationToken)
   at Microsoft.EntityFrameworkCore.Storage.RelationalDatabase.SaveChangesAsync(IList`1 entries, CancellationToken cancellationToken)
   at Microsoft.EntityFrameworkCore.ChangeTracking.Internal.StateManager.SaveChangesAsync(IList`1 entriesToSave, CancellationToken cancellationToken)
   at Microsoft.EntityFrameworkCore.ChangeTracking.Internal.StateManager.SaveChangesAsync(StateManager stateManager, Boolean acceptAllChangesOnSuccess, CancellationToken cancellationToken)
   at Npgsql.EntityFrameworkCore.PostgreSQL.Storage.Internal.NpgsqlExecutionStrategy.ExecuteAsync[TState,TResult](TState state, Func`4 operation, Func`4 verifySucceeded, CancellationToken cancellationToken)
   at Microsoft.EntityFrameworkCore.DbContext.SaveChangesAsync(Boolean acceptAllChangesOnSuccess, CancellationToken cancellationToken)
   at Microsoft.EntityFrameworkCore.DbContext.SaveChangesAsync(Boolean acceptAllChangesOnSuccess, CancellationToken cancellationToken)
   at Biktal.Infrastructure.Persistence.CrmDataSeeder.SeedIfEmptyAsync(ApplicationDbContext db, CancellationToken cancellationToken)
   at Program.<Main>$(String[] args) in d:\Systems\BiktalSystems\Program.cs:line 71
[11:27:06 WRN] Continuing without a successful migration/seed. Auth and data pages may fail until the database is available.
[11:27:06 WRN] Using an in-memory repository. Keys will not be persisted to storage.
[11:27:06 WRN] Neither user profile nor HKLM registry available. Using an ephemeral key repository. Protected data will be unavailable when application exits.
[11:27:06 WRN] No XML encryptor configured. Key {6db06be6-2d9a-443f-9bf6-e9e6a60263c2} may be persisted to storage in unencrypted form.
[11:27:06 INF] Application started. Press Ctrl+C to shut down.
[11:27:06 INF] Hosting environment: Production
[11:27:06 INF] Content root path: D:\Systems\BiktalSystems\publish
[11:27:06 INF] HTTP POST /Inventory/AddProduct responded 302 in 91.5964 ms
[11:27:06 INF] HTTP POST /Inventory/AddProduct responded 302 in 91.9769 ms
[11:27:06 ERR] An exception was thrown while deserializing the token.
Microsoft.AspNetCore.Antiforgery.AntiforgeryValidationException: The antiforgery token could not be decrypted.
 ---> System.Security.Cryptography.CryptographicException: The key {b4fcbe8f-1f81-4a74-8bfc-a62b7ca1a7ba} was not found in the key ring. For more information go to https://aka.ms/aspnet/dataprotectionwarning
   at Microsoft.AspNetCore.DataProtection.KeyManagement.KeyRingBasedDataProtector.UnprotectCore(Byte[] protectedData, Boolean allowOperationsOnRevokedKeys, UnprotectStatus& status)
   at Microsoft.AspNetCore.DataProtection.KeyManagement.KeyRingBasedDataProtector.Unprotect(Byte[] protectedData)
   at Microsoft.AspNetCore.Antiforgery.DefaultAntiforgeryTokenSerializer.Deserialize(String serializedToken)
   --- End of inner exception stack trace ---
   at Microsoft.AspNetCore.Antiforgery.DefaultAntiforgeryTokenSerializer.Deserialize(String serializedToken)
   at Microsoft.AspNetCore.Antiforgery.DefaultAntiforgery.GetCookieTokenDoesNotThrow(HttpContext httpContext)
[11:27:06 INF] HTTP GET /Account/Login responded 200 in 230.9468 ms
[11:27:06 INF] HTTP GET /lib/jquery-validation-unobtrusive/dist/jquery.validate.unobtrusive.min.js responded 200 in 114.1915 ms
[11:27:06 INF] HTTP GET /lib/jquery/dist/jquery.min.js responded 200 in 89.9503 ms
[11:27:06 INF] HTTP GET /Biktal.WebMVC.styles.css responded 200 in 90.8569 ms
[11:27:06 INF] HTTP GET /lib/bootstrap/dist/js/bootstrap.bundle.min.js responded 200 in 120.0339 ms
[11:27:06 INF] HTTP GET /lib/bootstrap/dist/css/bootstrap.min.css responded 200 in 68.3206 ms
[11:27:06 INF] HTTP GET /lib/jquery-validation/dist/jquery.validate.min.js responded 200 in 114.6327 ms
[11:27:06 INF] HTTP GET /js/site.js responded 200 in 133.7248 ms
[11:27:06 INF] HTTP GET /css/site.css responded 200 in 141.1142 ms
[11:27:25 INF] HTTP POST /Account/Login responded 302 in 528.0553 ms
[11:27:25 INF] HTTP GET /Inventory/AddProduct responded 405 in 14.2753 ms
[11:27:28 INF] HTTP GET /Inventory/AddProduct responded 405 in 3.5282 ms
[11:27:31 INF] HTTP GET /Inventory/AddProduct responded 405 in 32.1001 ms
[11:27:33 INF] HTTP GET /Account/Login responded 200 in 43.3233 ms
[11:27:33 INF] HTTP GET /lib/bootstrap/dist/css/bootstrap.min.css responded 200 in 8.5120 ms
[11:27:34 INF] HTTP GET /Biktal.WebMVC.styles.css responded 200 in 1.3727 ms
[11:27:34 INF] HTTP GET /css/site.css responded 200 in 3.8750 ms
[11:27:34 INF] HTTP GET /lib/jquery/dist/jquery.min.js responded 200 in 19.0910 ms
[11:27:34 INF] HTTP GET /js/site.js responded 200 in 25.3002 ms
[11:27:34 INF] HTTP GET /lib/jquery-validation/dist/jquery.validate.min.js responded 200 in 20.7950 ms
[11:27:34 INF] HTTP GET /lib/jquery-validation-unobtrusive/dist/jquery.validate.unobtrusive.min.js responded 200 in 11.5931 ms
[11:27:34 INF] HTTP GET /lib/bootstrap/dist/js/bootstrap.bundle.min.js responded 200 in 108.1593 ms
[11:27:40 INF] HTTP GET /favicon.ico responded 200 in 32.3642 ms
[11:27:55 INF] HTTP POST /Account/Login responded 302 in 146.9290 ms
[11:27:56 INF] HTTP GET /Inventory/Products responded 200 in 406.5796 ms
[11:27:56 INF] HTTP GET /css/site.css responded 304 in 1.7599 ms
[11:27:56 INF] HTTP GET /lib/bootstrap/dist/css/bootstrap.min.css responded 304 in 1.8322 ms
[11:27:56 INF] HTTP GET /Biktal.WebMVC.styles.css responded 304 in 1.5442 ms
[11:27:56 INF] HTTP GET /lib/jquery/dist/jquery.min.js responded 304 in 0.4749 ms
[11:27:56 INF] HTTP GET /lib/bootstrap/dist/js/bootstrap.bundle.min.js responded 304 in 0.9459 ms
[11:27:56 INF] HTTP GET /js/site.js responded 304 in 2.3856 ms
[11:27:56 INF] HTTP GET /lib/jquery-validation-unobtrusive/dist/jquery.validate.unobtrusive.min.js responded 304 in 1.1929 ms
[11:27:56 INF] HTTP GET /lib/jquery-validation/dist/jquery.validate.min.js responded 304 in 0.8399 ms
[11:27:56 INF] HTTP GET /js/products-catalog-filter.js responded 200 in 1.9388 ms
[11:30:56 INF] HTTP POST /Inventory/AddProduct responded 302 in 126.8662 ms
[11:30:56 INF] HTTP GET /Inventory/Products responded 200 in 134.4836 ms
[11:30:56 INF] HTTP GET /css/site.css responded 200 in 1.2375 ms
[11:30:56 INF] HTTP GET /Biktal.WebMVC.styles.css responded 200 in 1.1403 ms
[11:30:56 INF] HTTP GET /lib/bootstrap/dist/css/bootstrap.min.css responded 200 in 3.1901 ms
[11:30:57 INF] HTTP GET /lib/jquery/dist/jquery.min.js responded 200 in 1.3184 ms
[11:30:57 INF] HTTP GET /js/site.js responded 200 in 1.0259 ms
[11:30:57 INF] HTTP GET /lib/bootstrap/dist/js/bootstrap.bundle.min.js responded 200 in 1.1968 ms
[11:30:57 INF] HTTP GET /lib/jquery-validation/dist/jquery.validate.min.js responded 200 in 4.2846 ms
[11:30:57 INF] HTTP GET /lib/jquery-validation-unobtrusive/dist/jquery.validate.unobtrusive.min.js responded 200 in 4.3192 ms
[11:30:57 INF] HTTP GET /js/products-catalog-filter.js responded 200 in 1.3269 ms
[11:32:08 INF] HTTP GET /lib/bootstrap/dist/css/bootstrap.min.css responded 200 in 2.1259 ms
[11:32:08 INF] HTTP GET /css/site.css responded 200 in 2.7425 ms
[11:32:08 INF] HTTP GET /Biktal.WebMVC.styles.css responded 200 in 6.4601 ms
[11:32:09 INF] HTTP GET /lib/bootstrap/dist/js/bootstrap.bundle.min.js.map responded 200 in 33.8447 ms
[11:32:09 INF] HTTP GET /lib/bootstrap/dist/css/bootstrap.min.css.map responded 200 in 53.4510 ms
[11:33:09 INF] HTTP POST /Inventory/AddProduct responded 302 in 97.3538 ms
[11:33:09 INF] HTTP GET /Inventory/Products responded 200 in 66.5882 ms
[11:33:09 INF] HTTP GET /css/site.css responded 200 in 1.2308 ms
[11:33:09 INF] HTTP GET /Biktal.WebMVC.styles.css responded 200 in 1.1676 ms
[11:33:09 INF] HTTP GET /lib/bootstrap/dist/css/bootstrap.min.css responded 200 in 4.9786 ms
[11:33:10 INF] HTTP GET /lib/jquery/dist/jquery.min.js responded 200 in 1.0804 ms
[11:33:10 INF] HTTP GET /js/site.js responded 200 in 1.1678 ms
[11:33:10 INF] HTTP GET /lib/bootstrap/dist/js/bootstrap.bundle.min.js responded 200 in 1.3336 ms
[11:33:10 INF] HTTP GET /lib/jquery-validation/dist/jquery.validate.min.js responded 200 in 5.0519 ms
[11:33:10 INF] HTTP GET /lib/jquery-validation-unobtrusive/dist/jquery.validate.unobtrusive.min.js responded 200 in 2.1314 ms
[11:33:10 INF] HTTP GET /js/products-catalog-filter.js responded 200 in 1.0633 ms
[11:35:00 INF] HTTP GET /Inventory/Products responded 200 in 151.6313 ms
[11:35:00 INF] HTTP GET /lib/bootstrap/dist/css/bootstrap.min.css responded 200 in 1.2816 ms
[11:35:00 INF] HTTP GET /css/site.css responded 200 in 1.1661 ms
[11:35:00 INF] HTTP GET /Biktal.WebMVC.styles.css responded 200 in 0.7801 ms
[11:35:01 INF] HTTP GET /lib/jquery/dist/jquery.min.js responded 200 in 1.5370 ms
[11:35:01 INF] HTTP GET /js/site.js responded 200 in 0.9323 ms
[11:35:01 INF] HTTP GET /lib/bootstrap/dist/js/bootstrap.bundle.min.js responded 200 in 0.9325 ms
[11:35:01 INF] HTTP GET /lib/jquery-validation-unobtrusive/dist/jquery.validate.unobtrusive.min.js responded 200 in 0.9266 ms
[11:35:01 INF] HTTP GET /js/products-catalog-filter.js responded 200 in 1.5124 ms
[11:35:01 INF] HTTP GET /lib/jquery-validation/dist/jquery.validate.min.js responded 200 in 7.1298 ms
[11:35:31 INF] HTTP POST /Inventory/EditProduct responded 302 in 60.6755 ms
[11:35:31 INF] HTTP GET /lib/bootstrap/dist/css/bootstrap.min.css responded 200 in 1.2636 ms
[11:35:31 INF] HTTP GET /Biktal.WebMVC.styles.css responded 200 in 0.9070 ms
[11:35:31 INF] HTTP GET /css/site.css responded 200 in 0.9693 ms
[11:35:31 INF] HTTP GET /Inventory/Products responded 200 in 147.6824 ms
[11:35:32 INF] HTTP GET /lib/jquery/dist/jquery.min.js responded 200 in 1.5765 ms
[11:35:32 INF] HTTP GET /js/site.js responded 200 in 1.8393 ms
[11:35:32 INF] HTTP GET /lib/jquery-validation/dist/jquery.validate.min.js responded 200 in 0.6962 ms
[11:35:32 INF] HTTP GET /lib/bootstrap/dist/js/bootstrap.bundle.min.js responded 200 in 1.3550 ms
[11:35:32 INF] HTTP GET /js/products-catalog-filter.js responded 200 in 0.8608 ms
[11:35:32 INF] HTTP GET /lib/jquery-validation-unobtrusive/dist/jquery.validate.unobtrusive.min.js responded 200 in 0.7381 ms
[11:35:43 INF] HTTP GET /Inventory/Brands responded 200 in 64.7045 ms
[11:35:43 INF] HTTP GET /lib/bootstrap/dist/css/bootstrap.min.css responded 304 in 4.1785 ms
[11:35:43 INF] HTTP GET /css/site.css responded 304 in 1.3784 ms
[11:35:43 INF] HTTP GET /Biktal.WebMVC.styles.css responded 304 in 0.9519 ms
[11:35:43 INF] HTTP GET /lib/jquery/dist/jquery.min.js responded 304 in 0.3781 ms
[11:35:43 INF] HTTP GET /lib/bootstrap/dist/js/bootstrap.bundle.min.js responded 304 in 1.7542 ms
[11:35:43 INF] HTTP GET /lib/jquery-validation/dist/jquery.validate.min.js responded 304 in 0.4471 ms
[11:35:43 INF] HTTP GET /js/site.js responded 304 in 0.7541 ms
[11:35:43 INF] HTTP GET /lib/jquery-validation-unobtrusive/dist/jquery.validate.unobtrusive.min.js responded 304 in 0.9912 ms
[11:35:57 INF] HTTP GET /Inventory/Stock responded 200 in 107.3501 ms
[11:35:57 INF] HTTP GET /lib/bootstrap/dist/css/bootstrap.min.css responded 200 in 1.3225 ms
[11:35:57 INF] HTTP GET /css/site.css responded 304 in 0.6111 ms
[11:35:57 INF] HTTP GET /Biktal.WebMVC.styles.css responded 304 in 0.7142 ms
[11:35:58 INF] HTTP GET /lib/jquery/dist/jquery.min.js responded 304 in 1.1571 ms
[11:35:58 INF] HTTP GET /lib/bootstrap/dist/js/bootstrap.bundle.min.js responded 304 in 1.2069 ms
[11:35:58 INF] HTTP GET /js/site.js responded 304 in 0.4806 ms
[11:35:58 INF] HTTP GET /js/stock-catalog-filter.js responded 200 in 19.3128 ms
[11:36:17 INF] HTTP GET /Inventory/Products responded 200 in 59.8183 ms
[11:36:17 INF] HTTP GET /lib/bootstrap/dist/css/bootstrap.min.css responded 200 in 1.4548 ms
[11:36:17 INF] HTTP GET /Biktal.WebMVC.styles.css responded 304 in 0.3309 ms
[11:36:17 INF] HTTP GET /css/site.css responded 304 in 0.4448 ms
[11:36:17 INF] HTTP GET /lib/jquery/dist/jquery.min.js responded 304 in 0.3226 ms
[11:36:18 INF] HTTP GET /lib/bootstrap/dist/js/bootstrap.bundle.min.js responded 304 in 0.7860 ms
[11:36:18 INF] HTTP GET /js/site.js responded 304 in 0.3289 ms
[11:36:18 INF] HTTP GET /lib/jquery-validation/dist/jquery.validate.min.js responded 304 in 0.5498 ms
[11:36:18 INF] HTTP GET /lib/jquery-validation-unobtrusive/dist/jquery.validate.unobtrusive.min.js responded 304 in 0.8364 ms
[11:36:18 INF] HTTP GET /js/products-catalog-filter.js responded 304 in 1.1077 ms
[11:56:57 INF] Application is shutting down...
