[12:23:43 WRN] Using an in-memory repository. Keys will not be persisted to storage.
[12:23:43 WRN] Neither user profile nor HKLM registry available. Using an ephemeral key repository. Protected data will be unavailable when application exits.
[12:23:44 WRN] No XML encryptor configured. Key {3e478a47-5832-42d7-b2c1-ca9dbf62b12f} may be persisted to storage in unencrypted form.
[12:23:44 INF] Application started. Press Ctrl+C to shut down.
[12:23:44 INF] Hosting environment: Production
[12:23:44 INF] Content root path: D:\Systems\BiktalSystems\publish
[12:23:44 INF] HTTP POST /Pos/CompleteSale responded 400 in 89.8502 ms
[12:24:34 INF] HTTP POST /Pos/CompleteSale responded 400 in 18.5287 ms
[12:26:45 INF] HTTP POST /Pos/CompleteSale responded 400 in 6.2890 ms
[12:26:46 INF] HTTP POST /Pos/CompleteSale responded 400 in 0.7872 ms
[12:26:53 ERR] An exception was thrown while deserializing the token.
Microsoft.AspNetCore.Antiforgery.AntiforgeryValidationException: The antiforgery token could not be decrypted.
 ---> System.Security.Cryptography.CryptographicException: The key {cb18f83d-7bf8-44df-b864-3023ec4bc357} was not found in the key ring. For more information go to https://aka.ms/aspnet/dataprotectionwarning
   at Microsoft.AspNetCore.DataProtection.KeyManagement.KeyRingBasedDataProtector.UnprotectCore(Byte[] protectedData, Boolean allowOperationsOnRevokedKeys, UnprotectStatus& status)
   at Microsoft.AspNetCore.DataProtection.KeyManagement.KeyRingBasedDataProtector.Unprotect(Byte[] protectedData)
   at Microsoft.AspNetCore.Antiforgery.DefaultAntiforgeryTokenSerializer.Deserialize(String serializedToken)
   --- End of inner exception stack trace ---
   at Microsoft.AspNetCore.Antiforgery.DefaultAntiforgeryTokenSerializer.Deserialize(String serializedToken)
   at Microsoft.AspNetCore.Antiforgery.DefaultAntiforgery.GetCookieTokenDoesNotThrow(HttpContext httpContext)
[12:26:53 INF] HTTP GET /Inventory/Products responded 200 in 853.0816 ms
[12:26:53 INF] HTTP GET /css/site.css responded 200 in 24.4040 ms
[12:26:53 INF] HTTP GET /Biktal.WebMVC.styles.css responded 200 in 10.9764 ms
[12:26:53 INF] HTTP GET /lib/bootstrap/dist/css/bootstrap.min.css responded 200 in 32.8366 ms
[12:26:54 INF] HTTP GET /lib/jquery/dist/jquery.min.js responded 200 in 7.1551 ms
[12:26:54 INF] HTTP GET /lib/bootstrap/dist/js/bootstrap.bundle.min.js responded 200 in 9.4693 ms
[12:26:54 INF] HTTP GET /lib/jquery-validation/dist/jquery.validate.min.js responded 200 in 27.6687 ms
[12:26:54 INF] HTTP GET /lib/jquery-validation-unobtrusive/dist/jquery.validate.unobtrusive.min.js responded 200 in 27.6082 ms
[12:26:54 INF] HTTP GET /js/site.js responded 200 in 28.7459 ms
[12:26:54 INF] HTTP GET /js/products-catalog-filter.js responded 200 in 52.3259 ms
[12:26:55 WRN] The query uses the 'First'/'FirstOrDefault' operator without 'OrderBy' and filter operators. This may lead to unpredictable results.
[12:26:55 INF] HTTP GET / responded 200 in 186.5193 ms
[12:26:55 INF] HTTP GET /css/site.css responded 304 in 5.1194 ms
[12:26:55 INF] HTTP GET /lib/bootstrap/dist/css/bootstrap.min.css responded 304 in 3.9426 ms
[12:26:55 INF] HTTP GET /js/pos.js responded 200 in 1.7620 ms
[12:26:55 INF] HTTP GET /Biktal.WebMVC.styles.css responded 304 in 0.5584 ms
[12:26:55 INF] HTTP GET /lib/jquery/dist/jquery.min.js responded 304 in 29.2756 ms
[12:26:55 INF] HTTP GET /js/site.js responded 200 in 0.7326 ms
[12:26:55 INF] HTTP GET /lib/bootstrap/dist/js/bootstrap.bundle.min.js responded 200 in 151.2045 ms
[12:29:44 INF] HTTP POST /Pos/CompleteSale responded 200 in 953.1387 ms
[12:48:36 INF] HTTP POST /Pos/CompleteSale responded 200 in 131.5917 ms
[13:08:51 INF] Application is shutting down...
