[20:34:49 WRN] Using an in-memory repository. Keys will not be persisted to storage.
[20:34:49 WRN] Neither user profile nor HKLM registry available. Using an ephemeral key repository. Protected data will be unavailable when application exits.
[20:34:49 WRN] No XML encryptor configured. Key {1e3980f1-3a40-4bc8-b343-b76774b7075d} may be persisted to storage in unencrypted form.
[20:34:49 INF] Application started. Press Ctrl+C to shut down.
[20:34:49 INF] Hosting environment: Production
[20:34:49 INF] Content root path: D:\Systems\BiktalSystems\publish
[20:34:49 ERR] An exception was thrown while deserializing the token.
Microsoft.AspNetCore.Antiforgery.AntiforgeryValidationException: The antiforgery token could not be decrypted.
 ---> System.Security.Cryptography.CryptographicException: The key {9c170cc0-06aa-402e-b314-1f4d65c7d106} was not found in the key ring. For more information go to https://aka.ms/aspnet/dataprotectionwarning
   at Microsoft.AspNetCore.DataProtection.KeyManagement.KeyRingBasedDataProtector.UnprotectCore(Byte[] protectedData, Boolean allowOperationsOnRevokedKeys, UnprotectStatus& status)
   at Microsoft.AspNetCore.DataProtection.KeyManagement.KeyRingBasedDataProtector.Unprotect(Byte[] protectedData)
   at Microsoft.AspNetCore.Antiforgery.DefaultAntiforgeryTokenSerializer.Deserialize(String serializedToken)
   --- End of inner exception stack trace ---
   at Microsoft.AspNetCore.Antiforgery.DefaultAntiforgeryTokenSerializer.Deserialize(String serializedToken)
   at Microsoft.AspNetCore.Antiforgery.DefaultAntiforgery.GetCookieTokenDoesNotThrow(HttpContext httpContext)
[20:34:50 INF] HTTP GET /Biktal.WebMVC.styles.css responded 200 in 12.5717 ms
[20:34:50 INF] HTTP GET /Inventory/Products responded 200 in 724.9844 ms
[20:34:50 INF] HTTP GET /lib/bootstrap/dist/css/bootstrap.min.css responded 200 in 57.8140 ms
[20:34:50 INF] HTTP GET /css/site.css responded 200 in 35.2702 ms
[20:34:51 INF] HTTP GET /lib/jquery/dist/jquery.min.js responded 200 in 68.7311 ms
[20:34:51 INF] HTTP GET /lib/jquery-validation/dist/jquery.validate.min.js responded 200 in 7.2470 ms
[20:34:51 INF] HTTP GET /js/site.js responded 200 in 6.6499 ms
[20:34:51 INF] HTTP GET /lib/jquery-validation-unobtrusive/dist/jquery.validate.unobtrusive.min.js responded 200 in 3.3577 ms
[20:34:51 INF] HTTP GET /lib/bootstrap/dist/js/bootstrap.bundle.min.js responded 200 in 15.0548 ms
[20:34:51 INF] HTTP GET /js/products-catalog-filter.js responded 200 in 21.5680 ms
[20:37:07 INF] HTTP POST /Inventory/AddProduct responded 302 in 464.2918 ms
[20:37:08 INF] HTTP GET /Inventory/Products responded 200 in 305.0832 ms
[20:37:08 INF] HTTP GET /lib/bootstrap/dist/css/bootstrap.min.css responded 200 in 3.3607 ms
[20:37:08 INF] HTTP GET /Biktal.WebMVC.styles.css responded 200 in 1.6059 ms
[20:37:08 INF] HTTP GET /css/site.css responded 200 in 11.3579 ms
[20:37:09 INF] HTTP GET /js/products-catalog-filter.js responded 200 in 1.3973 ms
[20:37:09 INF] HTTP GET /lib/jquery/dist/jquery.min.js responded 200 in 31.6711 ms
[20:37:09 INF] HTTP GET /js/site.js responded 200 in 0.7653 ms
[20:37:09 INF] HTTP GET /lib/jquery-validation-unobtrusive/dist/jquery.validate.unobtrusive.min.js responded 200 in 12.1929 ms
[20:37:09 INF] HTTP GET /lib/jquery-validation/dist/jquery.validate.min.js responded 200 in 25.4812 ms
[20:37:09 INF] HTTP GET /lib/bootstrap/dist/js/bootstrap.bundle.min.js responded 200 in 116.3393 ms
[20:37:10 WRN] The query uses the 'First'/'FirstOrDefault' operator without 'OrderBy' and filter operators. This may lead to unpredictable results.
[20:37:10 INF] HTTP GET / responded 200 in 121.6030 ms
[20:37:10 INF] HTTP GET /lib/bootstrap/dist/css/bootstrap.min.css responded 200 in 3.1456 ms
[20:37:10 INF] HTTP GET /Biktal.WebMVC.styles.css responded 200 in 0.9759 ms
[20:37:10 INF] HTTP GET /lib/jquery/dist/jquery.min.js responded 304 in 4.1213 ms
[20:37:10 INF] HTTP GET /css/site.css responded 200 in 2.0954 ms
[20:37:10 INF] HTTP GET /js/site.js responded 304 in 0.1926 ms
[20:37:10 INF] HTTP GET /lib/bootstrap/dist/js/bootstrap.bundle.min.js responded 304 in 0.6175 ms
[20:37:10 INF] HTTP GET /js/pos.js responded 200 in 1.0593 ms
[20:37:41 INF] HTTP POST /Pos/CompleteSale responded 200 in 568.1227 ms
[20:57:05 INF] Application is shutting down...
