[16:59:56 WRN] Using an in-memory repository. Keys will not be persisted to storage.
[16:59:56 WRN] Neither user profile nor HKLM registry available. Using an ephemeral key repository. Protected data will be unavailable when application exits.
[16:59:56 WRN] No XML encryptor configured. Key {c965ad40-6b01-4f1f-918b-f7eee9e5eac9} may be persisted to storage in unencrypted form.
[16:59:56 INF] Application started. Press Ctrl+C to shut down.
[16:59:56 INF] Hosting environment: Production
[16:59:56 INF] Content root path: D:\Systems\BiktalSystems\publish
[16:59:56 ERR] An exception was thrown while deserializing the token.
Microsoft.AspNetCore.Antiforgery.AntiforgeryValidationException: The antiforgery token could not be decrypted.
 ---> System.Security.Cryptography.CryptographicException: The key {fa9e6fa9-1bd4-4aad-9fba-e2d13b7df4ef} was not found in the key ring. For more information go to https://aka.ms/aspnet/dataprotectionwarning
   at Microsoft.AspNetCore.DataProtection.KeyManagement.KeyRingBasedDataProtector.UnprotectCore(Byte[] protectedData, Boolean allowOperationsOnRevokedKeys, UnprotectStatus& status)
   at Microsoft.AspNetCore.DataProtection.KeyManagement.KeyRingBasedDataProtector.Unprotect(Byte[] protectedData)
   at Microsoft.AspNetCore.Antiforgery.DefaultAntiforgeryTokenSerializer.Deserialize(String serializedToken)
   --- End of inner exception stack trace ---
   at Microsoft.AspNetCore.Antiforgery.DefaultAntiforgeryTokenSerializer.Deserialize(String serializedToken)
   at Microsoft.AspNetCore.Antiforgery.DefaultAntiforgery.GetCookieTokenDoesNotThrow(HttpContext httpContext)
[16:59:57 INF] HTTP GET /Inventory/Products responded 200 in 748.5725 ms
[16:59:57 INF] HTTP GET /Biktal.WebMVC.styles.css responded 200 in 37.3450 ms
[16:59:57 INF] HTTP GET /lib/bootstrap/dist/css/bootstrap.min.css responded 200 in 52.9725 ms
[16:59:57 INF] HTTP GET /css/site.css responded 200 in 39.6670 ms
[16:59:58 INF] HTTP GET /lib/jquery/dist/jquery.min.js responded 200 in 6.8722 ms
[16:59:58 INF] HTTP GET /js/site.js responded 200 in 2.4222 ms
[16:59:58 INF] HTTP GET /lib/jquery-validation/dist/jquery.validate.min.js responded 200 in 2.2817 ms
[16:59:58 INF] HTTP GET /lib/jquery-validation-unobtrusive/dist/jquery.validate.unobtrusive.min.js responded 200 in 3.3746 ms
[16:59:58 INF] HTTP GET /lib/bootstrap/dist/js/bootstrap.bundle.min.js responded 200 in 9.7606 ms
[16:59:58 INF] HTTP GET /js/products-catalog-filter.js responded 200 in 18.9971 ms
[17:00:38 INF] HTTP GET /Biktal.WebMVC.styles.css responded 200 in 0.9444 ms
[17:00:38 INF] HTTP GET /lib/bootstrap/dist/css/bootstrap.min.css responded 200 in 1.1286 ms
[17:00:38 INF] HTTP GET /css/site.css responded 200 in 4.5394 ms
[17:00:38 INF] HTTP GET /Inventory/Products responded 200 in 581.8182 ms
[17:00:39 INF] HTTP GET /lib/jquery/dist/jquery.min.js responded 200 in 21.2631 ms
[17:00:39 INF] HTTP GET /js/site.js responded 200 in 0.9454 ms
[17:00:39 INF] HTTP GET /js/products-catalog-filter.js responded 200 in 1.6677 ms
[17:00:39 INF] HTTP GET /lib/jquery-validation-unobtrusive/dist/jquery.validate.unobtrusive.min.js responded 200 in 11.8771 ms
[17:00:39 INF] HTTP GET /lib/jquery-validation/dist/jquery.validate.min.js responded 200 in 24.4944 ms
[17:00:39 INF] HTTP GET /lib/bootstrap/dist/js/bootstrap.bundle.min.js responded 200 in 115.7985 ms
[17:00:56 INF] HTTP POST /Inventory/EditProduct responded 302 in 344.8762 ms
[17:00:56 INF] HTTP GET /Inventory/Products responded 200 in 137.4194 ms
[17:00:56 INF] HTTP GET /lib/bootstrap/dist/css/bootstrap.min.css responded 200 in 1.0045 ms
[17:00:56 INF] HTTP GET /css/site.css responded 200 in 1.0163 ms
[17:00:56 INF] HTTP GET /Biktal.WebMVC.styles.css responded 200 in 0.9897 ms
[17:00:57 INF] HTTP GET /lib/jquery/dist/jquery.min.js responded 304 in 1.5659 ms
[17:00:57 INF] HTTP GET /lib/bootstrap/dist/js/bootstrap.bundle.min.js responded 304 in 0.3841 ms
[17:00:57 INF] HTTP GET /js/site.js responded 304 in 0.2567 ms
[17:00:57 INF] HTTP GET /lib/jquery-validation/dist/jquery.validate.min.js responded 304 in 0.3554 ms
[17:00:57 INF] HTTP GET /lib/jquery-validation-unobtrusive/dist/jquery.validate.unobtrusive.min.js responded 304 in 0.3125 ms
[17:00:57 INF] HTTP GET /js/products-catalog-filter.js responded 304 in 0.3611 ms
[17:00:59 WRN] The query uses the 'First'/'FirstOrDefault' operator without 'OrderBy' and filter operators. This may lead to unpredictable results.
[17:00:59 INF] HTTP GET / responded 200 in 76.5417 ms
[17:00:59 INF] HTTP GET /lib/bootstrap/dist/css/bootstrap.min.css responded 304 in 0.3379 ms
[17:00:59 INF] HTTP GET /css/site.css responded 304 in 0.3384 ms
[17:00:59 INF] HTTP GET /Biktal.WebMVC.styles.css responded 304 in 0.3546 ms
[17:00:59 INF] HTTP GET /lib/jquery/dist/jquery.min.js responded 304 in 0.2792 ms
[17:00:59 INF] HTTP GET /lib/bootstrap/dist/js/bootstrap.bundle.min.js responded 304 in 0.3792 ms
[17:00:59 INF] HTTP GET /js/site.js responded 304 in 0.7115 ms
[17:00:59 INF] HTTP GET /js/pos.js responded 200 in 1.2465 ms
[17:01:45 INF] HTTP GET / responded 200 in 20.9940 ms
[17:01:45 INF] HTTP GET /lib/bootstrap/dist/css/bootstrap.min.css responded 200 in 1.1825 ms
[17:01:45 INF] HTTP GET /Biktal.WebMVC.styles.css responded 200 in 0.7518 ms
[17:01:45 INF] HTTP GET /lib/jquery/dist/jquery.min.js responded 200 in 2.2024 ms
[17:01:45 INF] HTTP GET /lib/bootstrap/dist/js/bootstrap.bundle.min.js responded 200 in 1.4669 ms
[17:01:45 INF] HTTP GET /css/site.css responded 200 in 0.7278 ms
[17:01:45 INF] HTTP GET /js/site.js responded 200 in 7.8290 ms
[17:01:45 INF] HTTP GET /js/pos.js responded 200 in 0.9252 ms
[17:01:46 INF] HTTP GET /favicon.ico responded 200 in 2.9611 ms
[17:22:34 INF] Application is shutting down...
