[15:23:24 ERR] Failed executing DbCommand (7ms) [Parameters=[@p0='?' (DbType = Guid), @p1='?' (DbType = DateTime), @p2='?' (DbType = Guid), @p3='?', @p4='?' (DbType = DateTime), @p5='?' (DbType = Int32), @p6='?' (DbType = Int32), @p7='?', @p8='?', @p9='?' (DbType = Guid), @p10='?' (DbType = DateTime), @p11='?' (DbType = Guid), @p12='?', @p13='?' (DbType = DateTime), @p14='?' (DbType = Int32), @p15='?' (DbType = Int32), @p16='?', @p17='?'], CommandType='Text', CommandTimeout='30']
INSERT INTO "CrmSupportTickets" ("Id", "CreatedAtUtc", "CustomerId", "Description", "ModifiedAtUtc", "Priority", "Status", "Subject", "TicketNumber")
VALUES (@p0, @p1, @p2, @p3, @p4, @p5, @p6, @p7, @p8);
INSERT INTO "CrmSupportTickets" ("Id", "CreatedAtUtc", "CustomerId", "Description", "ModifiedAtUtc", "Priority", "Status", "Subject", "TicketNumber")
VALUES (@p9, @p10, @p11, @p12, @p13, @p14, @p15, @p16, @p17);
[15:23:24 ERR] An exception occurred in the database while saving changes for context type 'Biktal.Infrastructure.Persistence.ApplicationDbContext'.
Microsoft.EntityFrameworkCore.DbUpdateException: An error occurred while saving the entity changes. See the inner exception for details.
 ---> Npgsql.PostgresException (0x80004005): 23503: insert or update on table "CrmSupportTickets" violates foreign key constraint "FK_CrmSupportTickets_CrmCustomers_CustomerId"

DETAIL: Detail redacted as it may contain sensitive data. Specify 'Include Error Detail' in the connection string to include this information.
   at Npgsql.Internal.NpgsqlConnector.ReadMessageLong(Boolean async, DataRowLoadingMode dataRowLoadingMode, Boolean readingNotifications, Boolean isReadingPrependedMessage)
   at System.Runtime.CompilerServices.PoolingAsyncValueTaskMethodBuilder`1.StateMachineBox`1.System.Threading.Tasks.Sources.IValueTaskSource<TResult>.GetResult(Int16 token)
   at Npgsql.NpgsqlDataReader.NextResult(Boolean async, Boolean isConsuming, CancellationToken cancellationToken)
   at Npgsql.NpgsqlDataReader.NextResult(Boolean async, Boolean isConsuming, CancellationToken cancellationToken)
   at Npgsql.NpgsqlCommand.ExecuteReader(Boolean async, CommandBehavior behavior, CancellationToken cancellationToken)
   at Npgsql.NpgsqlCommand.ExecuteReader(Boolean async, CommandBehavior behavior, CancellationToken cancellationToken)
   at Npgsql.NpgsqlCommand.ExecuteDbDataReaderAsync(CommandBehavior behavior, CancellationToken cancellationToken)
   at Microsoft.EntityFrameworkCore.Storage.RelationalCommand.ExecuteReaderAsync(RelationalCommandParameterObject parameterObject, CancellationToken cancellationToken)
   at Microsoft.EntityFrameworkCore.Storage.RelationalCommand.ExecuteReaderAsync(RelationalCommandParameterObject parameterObject, CancellationToken cancellationToken)
   at Microsoft.EntityFrameworkCore.Update.ReaderModificationCommandBatch.ExecuteAsync(IRelationalConnection connection, CancellationToken cancellationToken)
  Exception data:
    Severity: ERROR
    SqlState: 23503
    MessageText: insert or update on table "CrmSupportTickets" violates foreign key constraint "FK_CrmSupportTickets_CrmCustomers_CustomerId"
    Detail: Detail redacted as it may contain sensitive data. Specify 'Include Error Detail' in the connection string to include this information.
    SchemaName: public
    TableName: CrmSupportTickets
    ConstraintName: FK_CrmSupportTickets_CrmCustomers_CustomerId
    File: ri_triggers.c
    Line: 2783
    Routine: ri_ReportViolation
   --- End of inner exception stack trace ---
   at Microsoft.EntityFrameworkCore.Update.ReaderModificationCommandBatch.ExecuteAsync(IRelationalConnection connection, CancellationToken cancellationToken)
   at Microsoft.EntityFrameworkCore.Update.Internal.BatchExecutor.ExecuteAsync(IEnumerable`1 commandBatches, IRelationalConnection connection, CancellationToken cancellationToken)
   at Microsoft.EntityFrameworkCore.Update.Internal.BatchExecutor.ExecuteAsync(IEnumerable`1 commandBatches, IRelationalConnection connection, CancellationToken cancellationToken)
   at Microsoft.EntityFrameworkCore.Update.Internal.BatchExecutor.ExecuteAsync(IEnumerable`1 commandBatches, IRelationalConnection connection, CancellationToken cancellationToken)
   at Microsoft.EntityFrameworkCore.Storage.RelationalDatabase.SaveChangesAsync(IList`1 entries, CancellationToken cancellationToken)
   at Microsoft.EntityFrameworkCore.ChangeTracking.Internal.StateManager.SaveChangesAsync(IList`1 entriesToSave, CancellationToken cancellationToken)
   at Microsoft.EntityFrameworkCore.ChangeTracking.Internal.StateManager.SaveChangesAsync(StateManager stateManager, Boolean acceptAllChangesOnSuccess, CancellationToken cancellationToken)
   at Npgsql.EntityFrameworkCore.PostgreSQL.Storage.Internal.NpgsqlExecutionStrategy.ExecuteAsync[TState,TResult](TState state, Func`4 operation, Func`4 verifySucceeded, CancellationToken cancellationToken)
   at Microsoft.EntityFrameworkCore.DbContext.SaveChangesAsync(Boolean acceptAllChangesOnSuccess, CancellationToken cancellationToken)
Microsoft.EntityFrameworkCore.DbUpdateException: An error occurred while saving the entity changes. See the inner exception for details.
 ---> Npgsql.PostgresException (0x80004005): 23503: insert or update on table "CrmSupportTickets" violates foreign key constraint "FK_CrmSupportTickets_CrmCustomers_CustomerId"

DETAIL: Detail redacted as it may contain sensitive data. Specify 'Include Error Detail' in the connection string to include this information.
   at Npgsql.Internal.NpgsqlConnector.ReadMessageLong(Boolean async, DataRowLoadingMode dataRowLoadingMode, Boolean readingNotifications, Boolean isReadingPrependedMessage)
   at System.Runtime.CompilerServices.PoolingAsyncValueTaskMethodBuilder`1.StateMachineBox`1.System.Threading.Tasks.Sources.IValueTaskSource<TResult>.GetResult(Int16 token)
   at Npgsql.NpgsqlDataReader.NextResult(Boolean async, Boolean isConsuming, CancellationToken cancellationToken)
   at Npgsql.NpgsqlDataReader.NextResult(Boolean async, Boolean isConsuming, CancellationToken cancellationToken)
   at Npgsql.NpgsqlCommand.ExecuteReader(Boolean async, CommandBehavior behavior, CancellationToken cancellationToken)
   at Npgsql.NpgsqlCommand.ExecuteReader(Boolean async, CommandBehavior behavior, CancellationToken cancellationToken)
   at Npgsql.NpgsqlCommand.ExecuteDbDataReaderAsync(CommandBehavior behavior, CancellationToken cancellationToken)
   at Microsoft.EntityFrameworkCore.Storage.RelationalCommand.ExecuteReaderAsync(RelationalCommandParameterObject parameterObject, CancellationToken cancellationToken)
   at Microsoft.EntityFrameworkCore.Storage.RelationalCommand.ExecuteReaderAsync(RelationalCommandParameterObject parameterObject, CancellationToken cancellationToken)
   at Microsoft.EntityFrameworkCore.Update.ReaderModificationCommandBatch.ExecuteAsync(IRelationalConnection connection, CancellationToken cancellationToken)
  Exception data:
    Severity: ERROR
    SqlState: 23503
    MessageText: insert or update on table "CrmSupportTickets" violates foreign key constraint "FK_CrmSupportTickets_CrmCustomers_CustomerId"
    Detail: Detail redacted as it may contain sensitive data. Specify 'Include Error Detail' in the connection string to include this information.
    SchemaName: public
    TableName: CrmSupportTickets
    ConstraintName: FK_CrmSupportTickets_CrmCustomers_CustomerId
    File: ri_triggers.c
    Line: 2783
    Routine: ri_ReportViolation
   --- End of inner exception stack trace ---
   at Microsoft.EntityFrameworkCore.Update.ReaderModificationCommandBatch.ExecuteAsync(IRelationalConnection connection, CancellationToken cancellationToken)
   at Microsoft.EntityFrameworkCore.Update.Internal.BatchExecutor.ExecuteAsync(IEnumerable`1 commandBatches, IRelationalConnection connection, CancellationToken cancellationToken)
   at Microsoft.EntityFrameworkCore.Update.Internal.BatchExecutor.ExecuteAsync(IEnumerable`1 commandBatches, IRelationalConnection connection, CancellationToken cancellationToken)
   at Microsoft.EntityFrameworkCore.Update.Internal.BatchExecutor.ExecuteAsync(IEnumerable`1 commandBatches, IRelationalConnection connection, CancellationToken cancellationToken)
   at Microsoft.EntityFrameworkCore.Storage.RelationalDatabase.SaveChangesAsync(IList`1 entries, CancellationToken cancellationToken)
   at Microsoft.EntityFrameworkCore.ChangeTracking.Internal.StateManager.SaveChangesAsync(IList`1 entriesToSave, CancellationToken cancellationToken)
   at Microsoft.EntityFrameworkCore.ChangeTracking.Internal.StateManager.SaveChangesAsync(StateManager stateManager, Boolean acceptAllChangesOnSuccess, CancellationToken cancellationToken)
   at Npgsql.EntityFrameworkCore.PostgreSQL.Storage.Internal.NpgsqlExecutionStrategy.ExecuteAsync[TState,TResult](TState state, Func`4 operation, Func`4 verifySucceeded, CancellationToken cancellationToken)
   at Microsoft.EntityFrameworkCore.DbContext.SaveChangesAsync(Boolean acceptAllChangesOnSuccess, CancellationToken cancellationToken)
[15:23:24 ERR] Database migration or seed failed. Check PostgreSQL is running and ConnectionStrings:DefaultConnection is correct.
Microsoft.EntityFrameworkCore.DbUpdateException: An error occurred while saving the entity changes. See the inner exception for details.
 ---> Npgsql.PostgresException (0x80004005): 23503: insert or update on table "CrmSupportTickets" violates foreign key constraint "FK_CrmSupportTickets_CrmCustomers_CustomerId"

DETAIL: Detail redacted as it may contain sensitive data. Specify 'Include Error Detail' in the connection string to include this information.
   at Npgsql.Internal.NpgsqlConnector.ReadMessageLong(Boolean async, DataRowLoadingMode dataRowLoadingMode, Boolean readingNotifications, Boolean isReadingPrependedMessage)
   at System.Runtime.CompilerServices.PoolingAsyncValueTaskMethodBuilder`1.StateMachineBox`1.System.Threading.Tasks.Sources.IValueTaskSource<TResult>.GetResult(Int16 token)
   at Npgsql.NpgsqlDataReader.NextResult(Boolean async, Boolean isConsuming, CancellationToken cancellationToken)
   at Npgsql.NpgsqlDataReader.NextResult(Boolean async, Boolean isConsuming, CancellationToken cancellationToken)
   at Npgsql.NpgsqlCommand.ExecuteReader(Boolean async, CommandBehavior behavior, CancellationToken cancellationToken)
   at Npgsql.NpgsqlCommand.ExecuteReader(Boolean async, CommandBehavior behavior, CancellationToken cancellationToken)
   at Npgsql.NpgsqlCommand.ExecuteDbDataReaderAsync(CommandBehavior behavior, CancellationToken cancellationToken)
   at Microsoft.EntityFrameworkCore.Storage.RelationalCommand.ExecuteReaderAsync(RelationalCommandParameterObject parameterObject, CancellationToken cancellationToken)
   at Microsoft.EntityFrameworkCore.Storage.RelationalCommand.ExecuteReaderAsync(RelationalCommandParameterObject parameterObject, CancellationToken cancellationToken)
   at Microsoft.EntityFrameworkCore.Update.ReaderModificationCommandBatch.ExecuteAsync(IRelationalConnection connection, CancellationToken cancellationToken)
  Exception data:
    Severity: ERROR
    SqlState: 23503
    MessageText: insert or update on table "CrmSupportTickets" violates foreign key constraint "FK_CrmSupportTickets_CrmCustomers_CustomerId"
    Detail: Detail redacted as it may contain sensitive data. Specify 'Include Error Detail' in the connection string to include this information.
    SchemaName: public
    TableName: CrmSupportTickets
    ConstraintName: FK_CrmSupportTickets_CrmCustomers_CustomerId
    File: ri_triggers.c
    Line: 2783
    Routine: ri_ReportViolation
   --- End of inner exception stack trace ---
   at Microsoft.EntityFrameworkCore.Update.ReaderModificationCommandBatch.ExecuteAsync(IRelationalConnection connection, CancellationToken cancellationToken)
   at Microsoft.EntityFrameworkCore.Update.Internal.BatchExecutor.ExecuteAsync(IEnumerable`1 commandBatches, IRelationalConnection connection, CancellationToken cancellationToken)
   at Microsoft.EntityFrameworkCore.Update.Internal.BatchExecutor.ExecuteAsync(IEnumerable`1 commandBatches, IRelationalConnection connection, CancellationToken cancellationToken)
   at Microsoft.EntityFrameworkCore.Update.Internal.BatchExecutor.ExecuteAsync(IEnumerable`1 commandBatches, IRelationalConnection connection, CancellationToken cancellationToken)
   at Microsoft.EntityFrameworkCore.Storage.RelationalDatabase.SaveChangesAsync(IList`1 entries, CancellationToken cancellationToken)
   at Microsoft.EntityFrameworkCore.ChangeTracking.Internal.StateManager.SaveChangesAsync(IList`1 entriesToSave, CancellationToken cancellationToken)
   at Microsoft.EntityFrameworkCore.ChangeTracking.Internal.StateManager.SaveChangesAsync(StateManager stateManager, Boolean acceptAllChangesOnSuccess, CancellationToken cancellationToken)
   at Npgsql.EntityFrameworkCore.PostgreSQL.Storage.Internal.NpgsqlExecutionStrategy.ExecuteAsync[TState,TResult](TState state, Func`4 operation, Func`4 verifySucceeded, CancellationToken cancellationToken)
   at Microsoft.EntityFrameworkCore.DbContext.SaveChangesAsync(Boolean acceptAllChangesOnSuccess, CancellationToken cancellationToken)
   at Microsoft.EntityFrameworkCore.DbContext.SaveChangesAsync(Boolean acceptAllChangesOnSuccess, CancellationToken cancellationToken)
   at Biktal.Infrastructure.Persistence.CrmDataSeeder.SeedIfEmptyAsync(ApplicationDbContext db, CancellationToken cancellationToken)
   at Program.<Main>$(String[] args) in d:\Systems\BiktalSystems\Program.cs:line 71
[15:23:24 WRN] Continuing without a successful migration/seed. Auth and data pages may fail until the database is available.
[15:23:24 WRN] Using an in-memory repository. Keys will not be persisted to storage.
[15:23:24 WRN] Neither user profile nor HKLM registry available. Using an ephemeral key repository. Protected data will be unavailable when application exits.
[15:23:24 WRN] No XML encryptor configured. Key {d4b0e7f1-02ac-444a-bd97-0a5f5421ea76} may be persisted to storage in unencrypted form.
[15:23:24 INF] Application started. Press Ctrl+C to shut down.
[15:23:24 INF] Hosting environment: Production
[15:23:24 INF] Content root path: D:\Systems\BiktalSystems\publish
[15:23:25 INF] HTTP GET /Inventory/Products responded 302 in 95.0117 ms
[15:23:25 INF] HTTP GET /Inventory/Products responded 302 in 94.6260 ms
[15:23:25 ERR] An exception was thrown while deserializing the token.
Microsoft.AspNetCore.Antiforgery.AntiforgeryValidationException: The antiforgery token could not be decrypted.
 ---> System.Security.Cryptography.CryptographicException: The key {9ee8c5c7-6e9f-4462-b521-0a9a0bd2b58e} was not found in the key ring. For more information go to https://aka.ms/aspnet/dataprotectionwarning
   at Microsoft.AspNetCore.DataProtection.KeyManagement.KeyRingBasedDataProtector.UnprotectCore(Byte[] protectedData, Boolean allowOperationsOnRevokedKeys, UnprotectStatus& status)
   at Microsoft.AspNetCore.DataProtection.KeyManagement.KeyRingBasedDataProtector.Unprotect(Byte[] protectedData)
   at Microsoft.AspNetCore.Antiforgery.DefaultAntiforgeryTokenSerializer.Deserialize(String serializedToken)
   --- End of inner exception stack trace ---
   at Microsoft.AspNetCore.Antiforgery.DefaultAntiforgeryTokenSerializer.Deserialize(String serializedToken)
   at Microsoft.AspNetCore.Antiforgery.DefaultAntiforgery.GetCookieTokenDoesNotThrow(HttpContext httpContext)
[15:23:25 INF] HTTP GET /Account/Login responded 200 in 231.3056 ms
[15:23:25 INF] HTTP GET /lib/jquery-validation/dist/jquery.validate.min.js responded 200 in 93.9729 ms
[15:23:25 INF] HTTP GET /js/site.js responded 200 in 94.9824 ms
[15:23:25 INF] HTTP GET /Biktal.WebMVC.styles.css responded 200 in 95.1097 ms
[15:23:25 INF] HTTP GET /lib/jquery-validation-unobtrusive/dist/jquery.validate.unobtrusive.min.js responded 200 in 61.2149 ms
[15:23:25 INF] HTTP GET /css/site.css responded 200 in 104.0515 ms
[15:23:25 INF] HTTP GET /lib/bootstrap/dist/js/bootstrap.bundle.min.js responded 200 in 96.3784 ms
[15:23:25 INF] HTTP GET /lib/jquery/dist/jquery.min.js responded 200 in 98.0546 ms
[15:23:25 INF] HTTP GET /lib/bootstrap/dist/css/bootstrap.min.css responded 200 in 103.6671 ms
[15:23:40 INF] HTTP POST /Account/Login responded 302 in 540.1293 ms
[15:23:40 INF] HTTP GET /Inventory/Products responded 200 in 498.5265 ms
[15:23:40 INF] HTTP GET /lib/bootstrap/dist/css/bootstrap.min.css responded 200 in 6.8195 ms
[15:23:41 INF] HTTP GET /Biktal.WebMVC.styles.css responded 200 in 3.2084 ms
[15:23:41 INF] HTTP GET /css/site.css responded 200 in 6.7799 ms
[15:23:41 INF] HTTP GET /js/site.js responded 304 in 35.0045 ms
[15:23:41 INF] HTTP GET /lib/jquery/dist/jquery.min.js responded 304 in 66.6512 ms
[15:23:41 INF] HTTP GET /lib/jquery-validation/dist/jquery.validate.min.js responded 304 in 28.4462 ms
[15:23:41 INF] HTTP GET /js/products-catalog-filter.js responded 200 in 1.7400 ms
[15:23:41 INF] HTTP GET /lib/jquery-validation-unobtrusive/dist/jquery.validate.unobtrusive.min.js responded 304 in 18.3889 ms
[15:23:41 INF] HTTP GET /lib/bootstrap/dist/js/bootstrap.bundle.min.js responded 304 in 109.6986 ms
[15:24:06 INF] HTTP POST /Inventory/EditProduct responded 302 in 144.3208 ms
[15:24:06 INF] HTTP GET /Inventory/Products responded 200 in 201.8127 ms
[15:24:07 INF] HTTP GET /lib/bootstrap/dist/css/bootstrap.min.css responded 200 in 2.1808 ms
[15:24:07 INF] HTTP GET /css/site.css responded 200 in 2.0919 ms
[15:24:07 INF] HTTP GET /Biktal.WebMVC.styles.css responded 200 in 2.0896 ms
[15:24:07 INF] HTTP GET /lib/jquery/dist/jquery.min.js responded 304 in 0.7647 ms
[15:24:07 INF] HTTP GET /js/site.js responded 304 in 0.7449 ms
[15:24:07 INF] HTTP GET /lib/bootstrap/dist/js/bootstrap.bundle.min.js responded 304 in 0.7445 ms
[15:24:07 INF] HTTP GET /lib/jquery-validation/dist/jquery.validate.min.js responded 304 in 2.8308 ms
[15:24:07 INF] HTTP GET /lib/jquery-validation-unobtrusive/dist/jquery.validate.unobtrusive.min.js responded 304 in 2.8798 ms
[15:24:07 INF] HTTP GET /js/products-catalog-filter.js responded 304 in 2.1157 ms
[15:24:16 INF] HTTP GET /Inventory/Products responded 200 in 67.4354 ms
[15:24:16 INF] HTTP GET /lib/bootstrap/dist/css/bootstrap.min.css responded 304 in 0.8077 ms
[15:24:16 INF] HTTP GET /css/site.css responded 304 in 5.2211 ms
[15:24:16 INF] HTTP GET /Biktal.WebMVC.styles.css responded 304 in 1.9634 ms
[15:24:17 INF] HTTP GET /lib/jquery/dist/jquery.min.js responded 304 in 0.6109 ms
[15:24:17 INF] HTTP GET /lib/bootstrap/dist/js/bootstrap.bundle.min.js responded 304 in 1.3807 ms
[15:24:17 INF] HTTP GET /lib/jquery-validation-unobtrusive/dist/jquery.validate.unobtrusive.min.js responded 304 in 0.9369 ms
[15:24:17 INF] HTTP GET /js/site.js responded 304 in 1.6829 ms
[15:24:17 INF] HTTP GET /js/products-catalog-filter.js responded 304 in 2.2766 ms
[15:24:17 INF] HTTP GET /lib/jquery-validation/dist/jquery.validate.min.js responded 304 in 5.5442 ms
[15:24:40 INF] HTTP POST /Inventory/EditProduct responded 302 in 19.0234 ms
[15:24:40 INF] HTTP GET /Inventory/Products responded 200 in 43.8759 ms
[15:24:40 INF] HTTP GET /css/site.css responded 304 in 0.5356 ms
[15:24:40 INF] HTTP GET /Biktal.WebMVC.styles.css responded 304 in 0.5162 ms
[15:24:40 INF] HTTP GET /lib/bootstrap/dist/css/bootstrap.min.css responded 200 in 1.3075 ms
[15:24:40 INF] HTTP GET /lib/jquery/dist/jquery.min.js responded 304 in 0.6361 ms
[15:24:40 INF] HTTP GET /lib/bootstrap/dist/js/bootstrap.bundle.min.js responded 304 in 0.6199 ms
[15:24:40 INF] HTTP GET /lib/jquery-validation/dist/jquery.validate.min.js responded 304 in 1.2283 ms
[15:24:40 INF] HTTP GET /lib/jquery-validation-unobtrusive/dist/jquery.validate.unobtrusive.min.js responded 304 in 1.0568 ms
[15:24:40 INF] HTTP GET /js/products-catalog-filter.js responded 304 in 0.6985 ms
[15:24:40 INF] HTTP GET /js/site.js responded 304 in 2.2880 ms
[15:24:45 INF] HTTP GET /Inventory/Products responded 200 in 96.2708 ms
[15:24:45 INF] HTTP GET /lib/bootstrap/dist/css/bootstrap.min.css responded 304 in 1.2321 ms
[15:24:45 INF] HTTP GET /css/site.css responded 304 in 0.5472 ms
[15:24:45 INF] HTTP GET /Biktal.WebMVC.styles.css responded 304 in 3.0307 ms
[15:24:46 INF] HTTP GET /lib/jquery/dist/jquery.min.js responded 304 in 0.4755 ms
[15:24:46 INF] HTTP GET /js/site.js responded 304 in 0.5468 ms
[15:24:46 INF] HTTP GET /lib/jquery-validation/dist/jquery.validate.min.js responded 304 in 0.6464 ms
[15:24:46 INF] HTTP GET /lib/bootstrap/dist/js/bootstrap.bundle.min.js responded 304 in 0.5602 ms
[15:24:46 INF] HTTP GET /js/products-catalog-filter.js responded 304 in 0.7966 ms
[15:24:46 INF] HTTP GET /lib/jquery-validation-unobtrusive/dist/jquery.validate.unobtrusive.min.js responded 304 in 1.7658 ms
[15:26:43 INF] HTTP POST /Inventory/EditProduct responded 302 in 17.9978 ms
[15:26:43 INF] HTTP GET /Inventory/Products responded 200 in 84.0168 ms
[15:26:43 INF] HTTP GET /Biktal.WebMVC.styles.css responded 200 in 1.3563 ms
[15:26:43 INF] HTTP GET /lib/bootstrap/dist/css/bootstrap.min.css responded 200 in 1.2504 ms
[15:26:43 INF] HTTP GET /css/site.css responded 200 in 2.7875 ms
[15:26:44 INF] HTTP GET /lib/jquery/dist/jquery.min.js responded 200 in 1.0326 ms
[15:26:44 INF] HTTP GET /lib/bootstrap/dist/js/bootstrap.bundle.min.js responded 200 in 2.9158 ms
[15:26:44 INF] HTTP GET /lib/jquery-validation/dist/jquery.validate.min.js responded 200 in 1.3760 ms
[15:26:44 INF] HTTP GET /js/site.js responded 200 in 18.3535 ms
[15:26:44 INF] HTTP GET /lib/jquery-validation-unobtrusive/dist/jquery.validate.unobtrusive.min.js responded 200 in 1.3352 ms
[15:26:44 INF] HTTP GET /js/products-catalog-filter.js responded 200 in 29.4662 ms
[15:26:51 INF] HTTP GET /Inventory/Products responded 200 in 66.6032 ms
[15:26:51 INF] HTTP GET /lib/bootstrap/dist/css/bootstrap.min.css responded 304 in 1.9914 ms
[15:26:51 INF] HTTP GET /css/site.css responded 304 in 0.4342 ms
[15:26:51 INF] HTTP GET /Biktal.WebMVC.styles.css responded 304 in 0.4342 ms
[15:26:52 INF] HTTP GET /lib/jquery/dist/jquery.min.js responded 304 in 0.3820 ms
[15:26:52 INF] HTTP GET /lib/bootstrap/dist/js/bootstrap.bundle.min.js responded 304 in 0.5425 ms
[15:26:52 INF] HTTP GET /js/site.js responded 304 in 0.5678 ms
[15:26:52 INF] HTTP GET /lib/jquery-validation/dist/jquery.validate.min.js responded 304 in 0.5633 ms
[15:26:52 INF] HTTP GET /lib/jquery-validation-unobtrusive/dist/jquery.validate.unobtrusive.min.js responded 304 in 0.4145 ms
[15:26:52 INF] HTTP GET /js/products-catalog-filter.js responded 304 in 4.1556 ms
[15:27:05 INF] HTTP POST /Inventory/EditProduct responded 302 in 11.4102 ms
[15:27:05 INF] HTTP GET /Inventory/Products responded 200 in 46.9339 ms
[15:27:05 INF] HTTP GET /lib/bootstrap/dist/css/bootstrap.min.css responded 200 in 1.9307 ms
[15:27:05 INF] HTTP GET /css/site.css responded 304 in 1.3046 ms
[15:27:05 INF] HTTP GET /Biktal.WebMVC.styles.css responded 304 in 0.6733 ms
[15:27:06 INF] HTTP GET /lib/jquery/dist/jquery.min.js responded 304 in 0.3539 ms
[15:27:06 INF] HTTP GET /lib/bootstrap/dist/js/bootstrap.bundle.min.js responded 304 in 0.4630 ms
[15:27:06 INF] HTTP GET /js/site.js responded 304 in 0.5441 ms
[15:27:06 INF] HTTP GET /lib/jquery-validation/dist/jquery.validate.min.js responded 304 in 0.5757 ms
[15:27:06 INF] HTTP GET /js/products-catalog-filter.js responded 304 in 0.4912 ms
[15:27:06 INF] HTTP GET /lib/jquery-validation-unobtrusive/dist/jquery.validate.unobtrusive.min.js responded 304 in 6.9147 ms
[15:27:10 INF] HTTP GET /Inventory/Products responded 200 in 121.5008 ms
[15:27:10 INF] HTTP GET /Inventory/Products responded 200 in 49.2379 ms
[15:27:10 INF] HTTP GET /lib/bootstrap/dist/css/bootstrap.min.css responded 304 in 0.5581 ms
[15:27:10 INF] HTTP GET /css/site.css responded 304 in 2.1693 ms
[15:27:10 INF] HTTP GET /Biktal.WebMVC.styles.css responded 304 in 0.4546 ms
[15:27:11 INF] HTTP GET /lib/jquery/dist/jquery.min.js responded 304 in 0.2797 ms
[15:27:11 INF] HTTP GET /lib/bootstrap/dist/js/bootstrap.bundle.min.js responded 304 in 0.4434 ms
[15:27:11 INF] HTTP GET /js/site.js responded 304 in 0.3619 ms
[15:27:11 INF] HTTP GET /lib/jquery-validation/dist/jquery.validate.min.js responded 304 in 0.2922 ms
[15:27:11 INF] HTTP GET /lib/jquery-validation-unobtrusive/dist/jquery.validate.unobtrusive.min.js responded 304 in 0.4728 ms
[15:27:11 INF] HTTP GET /js/products-catalog-filter.js responded 304 in 0.8739 ms
[15:27:24 INF] HTTP POST /Inventory/EditProduct responded 302 in 13.8087 ms
[15:27:24 INF] HTTP GET /Inventory/Products responded 200 in 50.8369 ms
[15:27:24 INF] HTTP GET /lib/bootstrap/dist/css/bootstrap.min.css responded 200 in 1.8098 ms
[15:27:24 INF] HTTP GET /Biktal.WebMVC.styles.css responded 304 in 1.2941 ms
[15:27:24 INF] HTTP GET /css/site.css responded 304 in 0.3814 ms
[15:27:25 INF] HTTP GET /lib/jquery/dist/jquery.min.js responded 304 in 0.3344 ms
[15:27:25 INF] HTTP GET /lib/bootstrap/dist/js/bootstrap.bundle.min.js responded 304 in 0.4819 ms
[15:27:25 INF] HTTP GET /js/site.js responded 304 in 0.4886 ms
[15:27:25 INF] HTTP GET /lib/jquery-validation/dist/jquery.validate.min.js responded 304 in 1.4028 ms
[15:27:25 INF] HTTP GET /js/products-catalog-filter.js responded 304 in 0.4175 ms
[15:27:25 INF] HTTP GET /lib/jquery-validation-unobtrusive/dist/jquery.validate.unobtrusive.min.js responded 304 in 3.3970 ms
[15:27:27 INF] HTTP GET /Inventory/Products responded 200 in 78.1100 ms
[15:27:27 INF] HTTP GET /lib/bootstrap/dist/css/bootstrap.min.css responded 304 in 0.7265 ms
[15:27:27 INF] HTTP GET /Biktal.WebMVC.styles.css responded 304 in 1.3698 ms
[15:27:27 INF] HTTP GET /css/site.css responded 304 in 0.8589 ms
[15:27:28 INF] HTTP GET /lib/jquery/dist/jquery.min.js responded 304 in 0.2794 ms
[15:27:28 INF] HTTP GET /lib/bootstrap/dist/js/bootstrap.bundle.min.js responded 304 in 0.4220 ms
[15:27:28 INF] HTTP GET /js/site.js responded 304 in 0.4592 ms
[15:27:28 INF] HTTP GET /lib/jquery-validation/dist/jquery.validate.min.js responded 304 in 0.5505 ms
[15:27:28 INF] HTTP GET /js/products-catalog-filter.js responded 304 in 0.4311 ms
[15:27:28 INF] HTTP GET /lib/jquery-validation-unobtrusive/dist/jquery.validate.unobtrusive.min.js responded 304 in 0.9105 ms
[15:28:02 INF] HTTP POST /Inventory/EditProduct responded 302 in 35.8594 ms
[15:28:03 INF] HTTP GET /Inventory/Products responded 200 in 62.4078 ms
[15:28:03 INF] HTTP GET /lib/bootstrap/dist/css/bootstrap.min.css responded 200 in 1.9251 ms
[15:28:03 INF] HTTP GET /Biktal.WebMVC.styles.css responded 304 in 0.4338 ms
[15:28:03 INF] HTTP GET /css/site.css responded 304 in 0.4806 ms
[15:28:04 INF] HTTP GET /lib/jquery/dist/jquery.min.js responded 200 in 0.8570 ms
[15:28:04 INF] HTTP GET /lib/bootstrap/dist/js/bootstrap.bundle.min.js responded 200 in 1.0363 ms
[15:28:04 INF] HTTP GET /lib/jquery-validation/dist/jquery.validate.min.js responded 200 in 0.9439 ms
[15:28:04 INF] HTTP GET /js/site.js responded 200 in 1.0107 ms
[15:28:04 INF] HTTP GET /lib/jquery-validation-unobtrusive/dist/jquery.validate.unobtrusive.min.js responded 200 in 1.6708 ms
[15:28:04 INF] HTTP GET /js/products-catalog-filter.js responded 200 in 1.0722 ms
[15:35:40 INF] HTTP GET /Inventory/Products responded 200 in 106.4774 ms
[15:35:40 INF] HTTP GET /lib/bootstrap/dist/css/bootstrap.min.css responded 200 in 1.9977 ms
[15:35:40 INF] HTTP GET /Biktal.WebMVC.styles.css responded 200 in 1.5987 ms
[15:35:40 INF] HTTP GET /css/site.css responded 200 in 0.9615 ms
[15:35:41 INF] HTTP GET /lib/jquery/dist/jquery.min.js responded 200 in 1.7075 ms
[15:35:41 INF] HTTP GET /js/site.js responded 200 in 0.8492 ms
[15:35:41 INF] HTTP GET /lib/bootstrap/dist/js/bootstrap.bundle.min.js responded 200 in 1.6868 ms
[15:35:41 INF] HTTP GET /lib/jquery-validation/dist/jquery.validate.min.js responded 200 in 1.9021 ms
[15:35:41 INF] HTTP GET /lib/jquery-validation-unobtrusive/dist/jquery.validate.unobtrusive.min.js responded 200 in 1.5326 ms
[15:35:41 INF] HTTP GET /js/products-catalog-filter.js responded 200 in 1.7197 ms
[15:37:10 INF] HTTP GET /Inventory/Products responded 200 in 52.4670 ms
[15:37:10 INF] HTTP GET /lib/bootstrap/dist/css/bootstrap.min.css responded 200 in 1.9860 ms
[15:37:10 INF] HTTP GET /css/site.css responded 200 in 1.1098 ms
[15:37:10 INF] HTTP GET /Biktal.WebMVC.styles.css responded 200 in 1.1429 ms
[15:37:11 INF] HTTP GET /lib/jquery/dist/jquery.min.js responded 200 in 0.7136 ms
[15:37:11 INF] HTTP GET /js/site.js responded 200 in 1.0355 ms
[15:37:11 INF] HTTP GET /lib/bootstrap/dist/js/bootstrap.bundle.min.js responded 200 in 1.1592 ms
[15:37:11 INF] HTTP GET /lib/jquery-validation/dist/jquery.validate.min.js responded 200 in 0.8707 ms
[15:37:11 INF] HTTP GET /js/products-catalog-filter.js responded 200 in 0.9303 ms
[15:37:11 INF] HTTP GET /lib/jquery-validation-unobtrusive/dist/jquery.validate.unobtrusive.min.js responded 200 in 1.0022 ms
[15:37:28 INF] HTTP POST /Inventory/EditProduct responded 302 in 16.7770 ms
[15:37:28 INF] HTTP GET /Inventory/Products responded 200 in 44.9360 ms
[15:37:28 INF] HTTP GET /css/site.css responded 200 in 0.8851 ms
[15:37:28 INF] HTTP GET /Biktal.WebMVC.styles.css responded 200 in 0.8840 ms
[15:37:28 INF] HTTP GET /lib/bootstrap/dist/css/bootstrap.min.css responded 200 in 2.3902 ms
[15:37:29 INF] HTTP GET /lib/jquery/dist/jquery.min.js responded 304 in 0.2718 ms
[15:37:29 INF] HTTP GET /lib/bootstrap/dist/js/bootstrap.bundle.min.js responded 304 in 0.5192 ms
[15:37:29 INF] HTTP GET /js/site.js responded 304 in 0.5466 ms
[15:37:29 INF] HTTP GET /lib/jquery-validation/dist/jquery.validate.min.js responded 304 in 0.3846 ms
[15:37:29 INF] HTTP GET /lib/jquery-validation-unobtrusive/dist/jquery.validate.unobtrusive.min.js responded 304 in 0.9592 ms
[15:37:29 INF] HTTP GET /js/products-catalog-filter.js responded 304 in 0.7030 ms
[15:37:33 INF] HTTP GET /Inventory/Products responded 200 in 98.1165 ms
[15:37:33 INF] HTTP GET /lib/bootstrap/dist/css/bootstrap.min.css responded 304 in 1.4142 ms
[15:37:33 INF] HTTP GET /css/site.css responded 304 in 0.7651 ms
[15:37:33 INF] HTTP GET /Biktal.WebMVC.styles.css responded 304 in 0.5909 ms
[15:37:34 INF] HTTP GET /lib/jquery/dist/jquery.min.js responded 304 in 0.3090 ms
[15:37:34 INF] HTTP GET /js/products-catalog-filter.js responded 304 in 0.5792 ms
[15:37:34 INF] HTTP GET /lib/jquery-validation-unobtrusive/dist/jquery.validate.unobtrusive.min.js responded 304 in 0.7820 ms
[15:37:34 INF] HTTP GET /lib/jquery-validation/dist/jquery.validate.min.js responded 304 in 0.4824 ms
[15:37:34 INF] HTTP GET /lib/bootstrap/dist/js/bootstrap.bundle.min.js responded 304 in 67.1172 ms
[15:37:34 INF] HTTP GET /js/site.js responded 304 in 0.4417 ms
[15:40:15 INF] HTTP POST /Inventory/EditProduct responded 302 in 12.5455 ms
[15:40:15 INF] HTTP GET /Inventory/Products responded 200 in 53.4104 ms
[15:40:15 INF] HTTP GET /css/site.css responded 200 in 1.1649 ms
[15:40:15 INF] HTTP GET /lib/bootstrap/dist/css/bootstrap.min.css responded 200 in 1.1923 ms
[15:40:15 INF] HTTP GET /Biktal.WebMVC.styles.css responded 200 in 2.6407 ms
[15:40:16 INF] HTTP GET /lib/jquery/dist/jquery.min.js responded 200 in 0.6851 ms
[15:40:16 INF] HTTP GET /js/site.js responded 200 in 0.7565 ms
[15:40:16 INF] HTTP GET /lib/bootstrap/dist/js/bootstrap.bundle.min.js responded 200 in 1.0422 ms
[15:40:16 INF] HTTP GET /lib/jquery-validation-unobtrusive/dist/jquery.validate.unobtrusive.min.js responded 200 in 1.6777 ms
[15:40:16 INF] HTTP GET /js/products-catalog-filter.js responded 200 in 1.4490 ms
[15:40:16 INF] HTTP GET /lib/jquery-validation/dist/jquery.validate.min.js responded 200 in 3.4041 ms
[15:40:22 INF] HTTP GET /Inventory/Products responded 200 in 99.2472 ms
[15:40:22 INF] HTTP GET /lib/bootstrap/dist/css/bootstrap.min.css responded 304 in 0.4534 ms
[15:40:22 INF] HTTP GET /css/site.css responded 304 in 0.9340 ms
[15:40:22 INF] HTTP GET /Biktal.WebMVC.styles.css responded 304 in 0.9340 ms
[15:40:23 INF] HTTP GET /lib/jquery/dist/jquery.min.js responded 304 in 0.2734 ms
[15:40:23 INF] HTTP GET /js/site.js responded 304 in 0.4205 ms
[15:40:23 INF] HTTP GET /lib/bootstrap/dist/js/bootstrap.bundle.min.js responded 304 in 0.3128 ms
[15:40:23 INF] HTTP GET /lib/jquery-validation/dist/jquery.validate.min.js responded 304 in 0.3723 ms
[15:40:23 INF] HTTP GET /lib/jquery-validation-unobtrusive/dist/jquery.validate.unobtrusive.min.js responded 304 in 1.0093 ms
[15:40:23 INF] HTTP GET /js/products-catalog-filter.js responded 304 in 1.0123 ms
[15:40:38 INF] HTTP POST /Inventory/EditProduct responded 302 in 10.1540 ms
[15:40:38 INF] HTTP GET /Inventory/Products responded 200 in 45.4869 ms
[15:40:38 INF] HTTP GET /css/site.css responded 304 in 0.4062 ms
[15:40:38 INF] HTTP GET /Biktal.WebMVC.styles.css responded 304 in 0.4528 ms
[15:40:38 INF] HTTP GET /lib/bootstrap/dist/css/bootstrap.min.css responded 200 in 4.0671 ms
[15:40:39 INF] HTTP GET /lib/jquery/dist/jquery.min.js responded 304 in 0.2797 ms
[15:40:39 INF] HTTP GET /lib/bootstrap/dist/js/bootstrap.bundle.min.js responded 304 in 0.6690 ms
[15:40:39 INF] HTTP GET /js/site.js responded 304 in 0.4509 ms
[15:40:39 INF] HTTP GET /lib/jquery-validation/dist/jquery.validate.min.js responded 304 in 0.5468 ms
[15:40:39 INF] HTTP GET /lib/jquery-validation-unobtrusive/dist/jquery.validate.unobtrusive.min.js responded 304 in 0.4581 ms
[15:40:39 INF] HTTP GET /js/products-catalog-filter.js responded 304 in 0.3095 ms
[15:42:30 INF] HTTP GET /Inventory/Products responded 200 in 132.6900 ms
[15:42:30 INF] HTTP GET /css/site.css responded 200 in 1.0145 ms
[15:42:30 INF] HTTP GET /Biktal.WebMVC.styles.css responded 200 in 0.8121 ms
[15:42:30 INF] HTTP GET /lib/bootstrap/dist/css/bootstrap.min.css responded 200 in 1.4019 ms
[15:42:31 INF] HTTP GET /lib/jquery/dist/jquery.min.js responded 200 in 0.7073 ms
[15:42:31 INF] HTTP GET /lib/bootstrap/dist/js/bootstrap.bundle.min.js responded 200 in 0.9936 ms
[15:42:31 INF] HTTP GET /js/site.js responded 200 in 1.5940 ms
[15:42:31 INF] HTTP GET /lib/jquery-validation-unobtrusive/dist/jquery.validate.unobtrusive.min.js responded 200 in 9.6704 ms
[15:42:31 INF] HTTP GET /js/products-catalog-filter.js responded 200 in 11.0696 ms
[15:42:31 INF] HTTP GET /lib/jquery-validation/dist/jquery.validate.min.js responded 200 in 0.8526 ms
[15:42:36 INF] HTTP POST /Inventory/EditProduct responded 302 in 11.8485 ms
[15:42:36 INF] HTTP GET /Inventory/Products responded 200 in 34.0134 ms
[15:42:36 INF] HTTP GET /lib/bootstrap/dist/css/bootstrap.min.css responded 304 in 0.4186 ms
[15:42:36 INF] HTTP GET /css/site.css responded 304 in 0.3707 ms
[15:42:36 INF] HTTP GET /Biktal.WebMVC.styles.css responded 304 in 0.3962 ms
[15:42:37 INF] HTTP GET /lib/jquery/dist/jquery.min.js responded 304 in 0.2441 ms
[15:42:37 INF] HTTP GET /lib/bootstrap/dist/js/bootstrap.bundle.min.js responded 304 in 0.3891 ms
[15:42:37 INF] HTTP GET /js/site.js responded 304 in 0.3571 ms
[15:42:37 INF] HTTP GET /lib/jquery-validation/dist/jquery.validate.min.js responded 304 in 0.9450 ms
[15:42:37 INF] HTTP GET /lib/jquery-validation-unobtrusive/dist/jquery.validate.unobtrusive.min.js responded 304 in 3.5152 ms
[15:42:37 INF] HTTP GET /js/products-catalog-filter.js responded 304 in 0.5957 ms
[15:42:44 INF] HTTP GET /Inventory/Products responded 200 in 99.9485 ms
[15:42:45 INF] HTTP GET /lib/bootstrap/dist/css/bootstrap.min.css responded 304 in 0.3869 ms
[15:42:45 INF] HTTP GET /css/site.css responded 304 in 0.3199 ms
[15:42:45 INF] HTTP GET /Biktal.WebMVC.styles.css responded 304 in 0.3159 ms
[15:42:45 INF] HTTP GET /lib/jquery/dist/jquery.min.js responded 304 in 0.2553 ms
[15:42:45 INF] HTTP GET /lib/bootstrap/dist/js/bootstrap.bundle.min.js responded 304 in 0.4970 ms
[15:42:45 INF] HTTP GET /js/site.js responded 304 in 0.4330 ms
[15:42:45 INF] HTTP GET /lib/jquery-validation/dist/jquery.validate.min.js responded 304 in 0.8152 ms
[15:42:45 INF] HTTP GET /lib/jquery-validation-unobtrusive/dist/jquery.validate.unobtrusive.min.js responded 304 in 0.3794 ms
[15:42:45 INF] HTTP GET /js/products-catalog-filter.js responded 304 in 0.4964 ms
[15:42:49 INF] HTTP POST /Inventory/EditProduct responded 302 in 11.8959 ms
[15:42:49 INF] HTTP GET /Inventory/Products responded 200 in 40.8184 ms
[15:42:49 INF] HTTP GET /lib/bootstrap/dist/css/bootstrap.min.css responded 304 in 0.3962 ms
[15:42:49 INF] HTTP GET /Biktal.WebMVC.styles.css responded 304 in 0.3019 ms
[15:42:49 INF] HTTP GET /css/site.css responded 304 in 0.3436 ms
[15:42:50 INF] HTTP GET /lib/jquery/dist/jquery.min.js responded 304 in 0.2549 ms
[15:42:50 INF] HTTP GET /lib/bootstrap/dist/js/bootstrap.bundle.min.js responded 304 in 0.5437 ms
[15:42:50 INF] HTTP GET /js/site.js responded 304 in 0.4427 ms
[15:42:50 INF] HTTP GET /lib/jquery-validation/dist/jquery.validate.min.js responded 304 in 0.5551 ms
[15:42:50 INF] HTTP GET /lib/jquery-validation-unobtrusive/dist/jquery.validate.unobtrusive.min.js responded 304 in 0.5497 ms
[15:42:50 INF] HTTP GET /js/products-catalog-filter.js responded 304 in 2.5074 ms
[15:43:02 INF] HTTP GET /Inventory/Products responded 200 in 47.4443 ms
[15:43:02 INF] HTTP GET /lib/bootstrap/dist/css/bootstrap.min.css responded 304 in 0.5932 ms
[15:43:02 INF] HTTP GET /css/site.css responded 304 in 0.4014 ms
[15:43:02 INF] HTTP GET /Biktal.WebMVC.styles.css responded 304 in 1.5658 ms
[15:43:03 INF] HTTP GET /lib/jquery/dist/jquery.min.js responded 304 in 0.2671 ms
[15:43:04 INF] HTTP GET /lib/bootstrap/dist/js/bootstrap.bundle.min.js responded 304 in 0.5039 ms
[15:43:04 INF] HTTP GET /js/site.js responded 304 in 0.5905 ms
[15:43:04 INF] HTTP GET /lib/jquery-validation/dist/jquery.validate.min.js responded 304 in 0.6573 ms
[15:43:04 INF] HTTP GET /lib/jquery-validation-unobtrusive/dist/jquery.validate.unobtrusive.min.js responded 304 in 0.4648 ms
[15:43:04 INF] HTTP GET /js/products-catalog-filter.js responded 304 in 0.6209 ms
[15:45:24 INF] HTTP GET /Inventory/Products responded 200 in 70.9579 ms
[15:45:25 INF] HTTP GET /css/site.css responded 200 in 0.9856 ms
[15:45:25 INF] HTTP GET /lib/bootstrap/dist/css/bootstrap.min.css responded 200 in 1.5786 ms
[15:45:25 INF] HTTP GET /Biktal.WebMVC.styles.css responded 200 in 1.1836 ms
[15:45:26 INF] HTTP GET /lib/jquery/dist/jquery.min.js responded 200 in 1.1755 ms
[15:45:26 INF] HTTP GET /lib/bootstrap/dist/js/bootstrap.bundle.min.js responded 200 in 1.0906 ms
[15:45:26 INF] HTTP GET /lib/jquery-validation/dist/jquery.validate.min.js responded 200 in 1.9180 ms
[15:45:26 INF] HTTP GET /lib/jquery-validation-unobtrusive/dist/jquery.validate.unobtrusive.min.js responded 200 in 0.9785 ms
[15:45:26 INF] HTTP GET /js/products-catalog-filter.js responded 200 in 2.8527 ms
[15:45:26 INF] HTTP GET /js/site.js responded 200 in 9.1878 ms
[15:47:07 INF] HTTP GET /Inventory/Products responded 200 in 75.5110 ms
[15:47:07 INF] HTTP GET /lib/bootstrap/dist/css/bootstrap.min.css responded 200 in 2.3468 ms
[15:47:07 INF] HTTP GET /Biktal.WebMVC.styles.css responded 200 in 0.9879 ms
[15:47:07 INF] HTTP GET /css/site.css responded 200 in 1.0159 ms
[15:47:08 INF] HTTP GET /lib/jquery/dist/jquery.min.js responded 200 in 1.6300 ms
[15:47:08 INF] HTTP GET /lib/bootstrap/dist/js/bootstrap.bundle.min.js responded 200 in 1.0658 ms
[15:47:08 INF] HTTP GET /js/site.js responded 200 in 0.8716 ms
[15:47:08 INF] HTTP GET /lib/jquery-validation/dist/jquery.validate.min.js responded 200 in 0.8248 ms
[15:47:08 INF] HTTP GET /lib/jquery-validation-unobtrusive/dist/jquery.validate.unobtrusive.min.js responded 200 in 0.8230 ms
[15:47:08 INF] HTTP GET /js/products-catalog-filter.js responded 200 in 1.7991 ms
[15:47:13 INF] HTTP POST /Inventory/EditProduct responded 302 in 11.8126 ms
[15:47:13 INF] HTTP GET /Inventory/Products responded 200 in 60.1444 ms
[15:47:13 INF] HTTP GET /lib/bootstrap/dist/css/bootstrap.min.css responded 200 in 0.8906 ms
[15:47:13 INF] HTTP GET /css/site.css responded 200 in 1.3239 ms
[15:47:13 INF] HTTP GET /Biktal.WebMVC.styles.css responded 200 in 1.4748 ms
[15:47:14 INF] HTTP GET /lib/jquery/dist/jquery.min.js responded 200 in 1.3416 ms
[15:47:14 INF] HTTP GET /js/site.js responded 200 in 0.7339 ms
[15:47:14 INF] HTTP GET /lib/bootstrap/dist/js/bootstrap.bundle.min.js responded 200 in 0.9854 ms
[15:47:14 INF] HTTP GET /lib/jquery-validation/dist/jquery.validate.min.js responded 200 in 1.4971 ms
[15:47:14 INF] HTTP GET /js/products-catalog-filter.js responded 200 in 1.0754 ms
[15:47:14 INF] HTTP GET /lib/jquery-validation-unobtrusive/dist/jquery.validate.unobtrusive.min.js responded 200 in 1.6865 ms
[15:47:41 INF] HTTP GET /Inventory/Products responded 200 in 131.8250 ms
[15:47:41 INF] HTTP GET /lib/bootstrap/dist/css/bootstrap.min.css responded 200 in 1.4803 ms
[15:47:41 INF] HTTP GET /css/site.css responded 200 in 1.4353 ms
[15:47:41 INF] HTTP GET /Biktal.WebMVC.styles.css responded 200 in 0.9166 ms
[15:47:42 INF] HTTP GET /lib/jquery/dist/jquery.min.js responded 304 in 0.2504 ms
[15:47:42 INF] HTTP GET /lib/bootstrap/dist/js/bootstrap.bundle.min.js responded 304 in 1.3390 ms
[15:47:42 INF] HTTP GET /js/site.js responded 304 in 0.4194 ms
[15:47:42 INF] HTTP GET /lib/jquery-validation-unobtrusive/dist/jquery.validate.unobtrusive.min.js responded 304 in 0.3528 ms
[15:47:42 INF] HTTP GET /lib/jquery-validation/dist/jquery.validate.min.js responded 304 in 0.7623 ms
[15:47:42 INF] HTTP GET /js/products-catalog-filter.js responded 304 in 0.8599 ms
[15:47:54 INF] HTTP POST /Inventory/EditProduct responded 302 in 14.3504 ms
[15:47:54 INF] HTTP GET /Inventory/Products responded 200 in 75.2438 ms
[15:47:54 INF] HTTP GET /lib/bootstrap/dist/css/bootstrap.min.css responded 304 in 0.4277 ms
[15:47:54 INF] HTTP GET /Biktal.WebMVC.styles.css responded 304 in 0.3392 ms
[15:47:54 INF] HTTP GET /css/site.css responded 304 in 0.2735 ms
[15:47:55 INF] HTTP GET /lib/jquery/dist/jquery.min.js responded 304 in 0.2854 ms
[15:47:55 INF] HTTP GET /lib/bootstrap/dist/js/bootstrap.bundle.min.js responded 304 in 0.4449 ms
[15:47:55 INF] HTTP GET /js/site.js responded 304 in 0.4838 ms
[15:47:55 INF] HTTP GET /lib/jquery-validation/dist/jquery.validate.min.js responded 304 in 1.0528 ms
[15:47:55 INF] HTTP GET /lib/jquery-validation-unobtrusive/dist/jquery.validate.unobtrusive.min.js responded 304 in 0.6528 ms
[15:47:55 INF] HTTP GET /js/products-catalog-filter.js responded 304 in 1.0043 ms
[15:47:58 INF] HTTP GET /Inventory/Products responded 200 in 97.0526 ms
[15:47:58 INF] HTTP GET /lib/bootstrap/dist/css/bootstrap.min.css responded 304 in 0.4245 ms
[15:47:58 INF] HTTP GET /css/site.css responded 304 in 0.4577 ms
[15:47:58 INF] HTTP GET /Biktal.WebMVC.styles.css responded 304 in 0.8943 ms
[15:47:58 INF] HTTP GET /lib/jquery/dist/jquery.min.js responded 304 in 0.2527 ms
[15:47:58 INF] HTTP GET /lib/bootstrap/dist/js/bootstrap.bundle.min.js responded 304 in 0.4952 ms
[15:47:58 INF] HTTP GET /js/site.js responded 304 in 0.3922 ms
[15:47:58 INF] HTTP GET /lib/jquery-validation/dist/jquery.validate.min.js responded 304 in 0.3998 ms
[15:47:58 INF] HTTP GET /lib/jquery-validation-unobtrusive/dist/jquery.validate.unobtrusive.min.js responded 304 in 1.0168 ms
[15:47:58 INF] HTTP GET /js/products-catalog-filter.js responded 304 in 0.4573 ms
[15:48:04 INF] HTTP POST /Inventory/EditProduct responded 302 in 8.6752 ms
[15:48:05 INF] HTTP GET /Inventory/Products responded 200 in 64.3092 ms
[15:48:05 INF] HTTP GET /css/site.css responded 304 in 0.4919 ms
[15:48:05 INF] HTTP GET /Biktal.WebMVC.styles.css responded 304 in 0.5129 ms
[15:48:05 INF] HTTP GET /lib/bootstrap/dist/css/bootstrap.min.css responded 304 in 0.3857 ms
[15:48:06 INF] HTTP GET /lib/jquery/dist/jquery.min.js responded 304 in 0.2866 ms
[15:48:06 INF] HTTP GET /lib/bootstrap/dist/js/bootstrap.bundle.min.js responded 304 in 0.4111 ms
[15:48:06 INF] HTTP GET /lib/jquery-validation/dist/jquery.validate.min.js responded 304 in 0.4550 ms
[15:48:06 INF] HTTP GET /js/site.js responded 304 in 0.6631 ms
[15:48:06 INF] HTTP GET /lib/jquery-validation-unobtrusive/dist/jquery.validate.unobtrusive.min.js responded 304 in 0.5730 ms
[15:48:06 INF] HTTP GET /js/products-catalog-filter.js responded 304 in 0.5271 ms
[15:48:09 INF] HTTP GET /Inventory/Products responded 200 in 87.3768 ms
[15:48:09 INF] HTTP GET /lib/bootstrap/dist/css/bootstrap.min.css responded 304 in 0.6410 ms
[15:48:09 INF] HTTP GET /Biktal.WebMVC.styles.css responded 304 in 0.8637 ms
[15:48:09 INF] HTTP GET /css/site.css responded 304 in 0.3812 ms
[15:48:10 INF] HTTP GET /lib/jquery/dist/jquery.min.js responded 304 in 0.2731 ms
[15:48:10 INF] HTTP GET /lib/bootstrap/dist/js/bootstrap.bundle.min.js responded 304 in 0.4959 ms
[15:48:10 INF] HTTP GET /js/site.js responded 304 in 0.6458 ms
[15:48:10 INF] HTTP GET /lib/jquery-validation-unobtrusive/dist/jquery.validate.unobtrusive.min.js responded 304 in 0.5182 ms
[15:48:10 INF] HTTP GET /lib/jquery-validation/dist/jquery.validate.min.js responded 304 in 0.6832 ms
[15:48:10 INF] HTTP GET /js/products-catalog-filter.js responded 304 in 0.5634 ms
[15:48:16 INF] HTTP POST /Inventory/EditProduct responded 302 in 11.9427 ms
[15:48:16 INF] HTTP GET /Inventory/Products responded 200 in 59.2998 ms
[15:48:16 INF] HTTP GET /lib/bootstrap/dist/css/bootstrap.min.css responded 304 in 0.2951 ms
[15:48:16 INF] HTTP GET /css/site.css responded 304 in 0.4737 ms
[15:48:16 INF] HTTP GET /Biktal.WebMVC.styles.css responded 304 in 0.4074 ms
[15:48:17 INF] HTTP GET /lib/jquery/dist/jquery.min.js responded 304 in 0.2492 ms
[15:48:17 INF] HTTP GET /js/site.js responded 304 in 0.3337 ms
[15:48:17 INF] HTTP GET /lib/bootstrap/dist/js/bootstrap.bundle.min.js responded 304 in 0.5863 ms
[15:48:17 INF] HTTP GET /js/products-catalog-filter.js responded 304 in 0.4485 ms
[15:48:17 INF] HTTP GET /lib/jquery-validation/dist/jquery.validate.min.js responded 304 in 0.8697 ms
[15:48:17 INF] HTTP GET /lib/jquery-validation-unobtrusive/dist/jquery.validate.unobtrusive.min.js responded 304 in 0.6889 ms
[15:48:20 INF] HTTP GET /Inventory/Products responded 200 in 83.3361 ms
[15:48:20 INF] HTTP GET /lib/bootstrap/dist/css/bootstrap.min.css responded 200 in 1.2858 ms
[15:48:20 INF] HTTP GET /css/site.css responded 304 in 0.9784 ms
[15:48:20 INF] HTTP GET /Biktal.WebMVC.styles.css responded 304 in 3.7864 ms
[15:48:21 INF] HTTP GET /lib/jquery/dist/jquery.min.js responded 304 in 0.5000 ms
[15:48:21 INF] HTTP GET /lib/bootstrap/dist/js/bootstrap.bundle.min.js responded 304 in 0.4957 ms
[15:48:21 INF] HTTP GET /js/site.js responded 304 in 0.2581 ms
[15:48:21 INF] HTTP GET /lib/jquery-validation/dist/jquery.validate.min.js responded 304 in 0.4649 ms
[15:48:21 INF] HTTP GET /lib/jquery-validation-unobtrusive/dist/jquery.validate.unobtrusive.min.js responded 304 in 0.8381 ms
[15:48:21 INF] HTTP GET /js/products-catalog-filter.js responded 304 in 0.4644 ms
[15:48:25 INF] HTTP POST /Inventory/EditProduct responded 302 in 18.6843 ms
[15:48:25 INF] HTTP GET /Inventory/Products responded 200 in 96.1638 ms
[15:48:25 INF] HTTP GET /css/site.css responded 304 in 0.5907 ms
[15:48:25 INF] HTTP GET /lib/bootstrap/dist/css/bootstrap.min.css responded 200 in 0.9236 ms
[15:48:25 INF] HTTP GET /Biktal.WebMVC.styles.css responded 304 in 0.4746 ms
[15:48:26 INF] HTTP GET /lib/jquery/dist/jquery.min.js responded 304 in 0.2803 ms
[15:48:26 INF] HTTP GET /lib/bootstrap/dist/js/bootstrap.bundle.min.js responded 304 in 0.4299 ms
[15:48:26 INF] HTTP GET /js/site.js responded 304 in 1.3038 ms
[15:48:26 INF] HTTP GET /lib/jquery-validation/dist/jquery.validate.min.js responded 304 in 0.6550 ms
[15:48:26 INF] HTTP GET /lib/jquery-validation-unobtrusive/dist/jquery.validate.unobtrusive.min.js responded 304 in 0.4569 ms
[15:48:26 INF] HTTP GET /js/products-catalog-filter.js responded 304 in 0.5342 ms
[15:48:30 INF] HTTP GET /Inventory/Products responded 200 in 96.6258 ms
[15:48:30 INF] HTTP GET /lib/bootstrap/dist/css/bootstrap.min.css responded 304 in 0.3578 ms
[15:48:30 INF] HTTP GET /css/site.css responded 304 in 0.3577 ms
[15:48:30 INF] HTTP GET /Biktal.WebMVC.styles.css responded 304 in 0.4043 ms
[15:48:31 INF] HTTP GET /lib/jquery/dist/jquery.min.js responded 304 in 0.2729 ms
[15:48:31 INF] HTTP GET /lib/bootstrap/dist/js/bootstrap.bundle.min.js responded 304 in 0.5360 ms
[15:48:31 INF] HTTP GET /js/site.js responded 304 in 0.3684 ms
[15:48:31 INF] HTTP GET /lib/jquery-validation/dist/jquery.validate.min.js responded 304 in 0.2906 ms
[15:48:31 INF] HTTP GET /js/products-catalog-filter.js responded 304 in 0.4737 ms
[15:48:31 INF] HTTP GET /lib/jquery-validation-unobtrusive/dist/jquery.validate.unobtrusive.min.js responded 304 in 0.7220 ms
[15:48:33 INF] HTTP POST /Inventory/EditProduct responded 302 in 9.9334 ms
[15:48:33 INF] HTTP GET /Inventory/Products responded 200 in 38.4352 ms
[15:48:34 INF] HTTP GET /lib/bootstrap/dist/css/bootstrap.min.css responded 304 in 1.4850 ms
[15:48:34 INF] HTTP GET /css/site.css responded 304 in 0.5104 ms
[15:48:34 INF] HTTP GET /Biktal.WebMVC.styles.css responded 304 in 0.4649 ms
[15:48:34 INF] HTTP GET /lib/jquery/dist/jquery.min.js responded 304 in 0.2933 ms
[15:48:34 INF] HTTP GET /lib/bootstrap/dist/js/bootstrap.bundle.min.js responded 304 in 0.6817 ms
[15:48:34 INF] HTTP GET /lib/jquery-validation/dist/jquery.validate.min.js responded 304 in 0.3897 ms
[15:48:34 INF] HTTP GET /js/site.js responded 304 in 0.4902 ms
[15:48:34 INF] HTTP GET /lib/jquery-validation-unobtrusive/dist/jquery.validate.unobtrusive.min.js responded 304 in 0.4734 ms
[15:48:34 INF] HTTP GET /js/products-catalog-filter.js responded 304 in 0.6289 ms
[15:48:37 INF] HTTP GET /Inventory/Products responded 200 in 80.7189 ms
[15:48:37 INF] HTTP GET /lib/bootstrap/dist/css/bootstrap.min.css responded 304 in 0.5016 ms
[15:48:37 INF] HTTP GET /css/site.css responded 304 in 0.6864 ms
[15:48:37 INF] HTTP GET /Biktal.WebMVC.styles.css responded 304 in 0.4637 ms
[15:48:38 INF] HTTP GET /lib/jquery/dist/jquery.min.js responded 304 in 0.2753 ms
[15:48:38 INF] HTTP GET /lib/bootstrap/dist/js/bootstrap.bundle.min.js responded 304 in 0.6375 ms
[15:48:38 INF] HTTP GET /js/site.js responded 304 in 0.6665 ms
[15:48:38 INF] HTTP GET /lib/jquery-validation/dist/jquery.validate.min.js responded 304 in 1.4005 ms
[15:48:38 INF] HTTP GET /lib/jquery-validation-unobtrusive/dist/jquery.validate.unobtrusive.min.js responded 304 in 0.4492 ms
[15:48:38 INF] HTTP GET /js/products-catalog-filter.js responded 304 in 0.6503 ms
[15:48:40 INF] HTTP POST /Inventory/EditProduct responded 302 in 9.8732 ms
[15:48:41 INF] HTTP GET /Inventory/Products responded 200 in 39.6840 ms
[15:48:41 INF] HTTP GET /css/site.css responded 304 in 0.3873 ms
[15:48:41 INF] HTTP GET /Biktal.WebMVC.styles.css responded 304 in 0.4911 ms
[15:48:41 INF] HTTP GET /lib/bootstrap/dist/css/bootstrap.min.css responded 304 in 0.3391 ms
[15:48:42 INF] HTTP GET /lib/jquery/dist/jquery.min.js responded 304 in 0.2637 ms
[15:48:42 INF] HTTP GET /lib/bootstrap/dist/js/bootstrap.bundle.min.js responded 304 in 0.8728 ms
[15:48:42 INF] HTTP GET /js/site.js responded 304 in 1.5199 ms
[15:48:42 INF] HTTP GET /lib/jquery-validation/dist/jquery.validate.min.js responded 304 in 0.4789 ms
[15:48:42 INF] HTTP GET /js/products-catalog-filter.js responded 304 in 0.9675 ms
[15:48:42 INF] HTTP GET /lib/jquery-validation-unobtrusive/dist/jquery.validate.unobtrusive.min.js responded 304 in 0.4644 ms
[15:48:44 INF] HTTP GET /Inventory/Products responded 200 in 95.4082 ms
[15:48:44 INF] HTTP GET /lib/bootstrap/dist/css/bootstrap.min.css responded 304 in 0.4154 ms
[15:48:44 INF] HTTP GET /css/site.css responded 304 in 0.4225 ms
[15:48:44 INF] HTTP GET /Biktal.WebMVC.styles.css responded 304 in 0.6340 ms
[15:48:45 INF] HTTP GET /lib/jquery/dist/jquery.min.js responded 304 in 0.2834 ms
[15:48:45 INF] HTTP GET /lib/bootstrap/dist/js/bootstrap.bundle.min.js responded 304 in 0.4591 ms
[15:48:45 INF] HTTP GET /js/site.js responded 304 in 0.4936 ms
[15:48:45 INF] HTTP GET /lib/jquery-validation/dist/jquery.validate.min.js responded 304 in 0.4731 ms
[15:48:45 INF] HTTP GET /lib/jquery-validation-unobtrusive/dist/jquery.validate.unobtrusive.min.js responded 304 in 0.5315 ms
[15:48:45 INF] HTTP GET /js/products-catalog-filter.js responded 304 in 0.6160 ms
[15:48:48 INF] HTTP POST /Inventory/EditProduct responded 302 in 12.3671 ms
[15:48:48 INF] HTTP GET /Inventory/Products responded 200 in 35.3498 ms
[15:48:48 INF] HTTP GET /lib/bootstrap/dist/css/bootstrap.min.css responded 304 in 0.4410 ms
[15:48:48 INF] HTTP GET /Biktal.WebMVC.styles.css responded 304 in 0.3900 ms
[15:48:48 INF] HTTP GET /css/site.css responded 304 in 0.2949 ms
[15:48:49 INF] HTTP GET /lib/jquery/dist/jquery.min.js responded 304 in 0.2438 ms
[15:48:49 INF] HTTP GET /lib/bootstrap/dist/js/bootstrap.bundle.min.js responded 304 in 0.5212 ms
[15:48:49 INF] HTTP GET /js/site.js responded 304 in 0.6234 ms
[15:48:49 INF] HTTP GET /lib/jquery-validation/dist/jquery.validate.min.js responded 304 in 0.9012 ms
[15:48:49 INF] HTTP GET /lib/jquery-validation-unobtrusive/dist/jquery.validate.unobtrusive.min.js responded 304 in 0.4461 ms
[15:48:49 INF] HTTP GET /js/products-catalog-filter.js responded 304 in 0.3983 ms
[15:48:51 INF] HTTP GET /Inventory/Products responded 200 in 95.6264 ms
[15:48:51 INF] HTTP GET /lib/bootstrap/dist/css/bootstrap.min.css responded 304 in 0.6517 ms
[15:48:51 INF] HTTP GET /css/site.css responded 304 in 0.5693 ms
[15:48:51 INF] HTTP GET /Biktal.WebMVC.styles.css responded 304 in 1.2368 ms
[15:48:52 INF] HTTP GET /lib/jquery/dist/jquery.min.js responded 304 in 0.3258 ms
[15:48:52 INF] HTTP GET /lib/bootstrap/dist/js/bootstrap.bundle.min.js responded 304 in 0.3795 ms
[15:48:52 INF] HTTP GET /js/site.js responded 304 in 0.4928 ms
[15:48:52 INF] HTTP GET /lib/jquery-validation/dist/jquery.validate.min.js responded 304 in 0.3332 ms
[15:48:52 INF] HTTP GET /lib/jquery-validation-unobtrusive/dist/jquery.validate.unobtrusive.min.js responded 304 in 0.8758 ms
[15:48:52 INF] HTTP GET /js/products-catalog-filter.js responded 304 in 0.4236 ms
[15:48:55 INF] HTTP POST /Inventory/EditProduct responded 302 in 8.0552 ms
[15:48:56 INF] HTTP GET /Inventory/Products responded 200 in 52.2187 ms
[15:48:56 INF] HTTP GET /Biktal.WebMVC.styles.css responded 304 in 0.3614 ms
[15:48:56 INF] HTTP GET /lib/bootstrap/dist/css/bootstrap.min.css responded 200 in 1.0584 ms
[15:48:56 INF] HTTP GET /css/site.css responded 304 in 0.3639 ms
[15:48:56 INF] HTTP GET /lib/jquery/dist/jquery.min.js responded 304 in 0.2529 ms
[15:48:56 INF] HTTP GET /lib/bootstrap/dist/js/bootstrap.bundle.min.js responded 304 in 1.1372 ms
[15:48:56 INF] HTTP GET /js/site.js responded 304 in 0.5096 ms
[15:48:56 INF] HTTP GET /lib/jquery-validation/dist/jquery.validate.min.js responded 304 in 0.5551 ms
[15:48:56 INF] HTTP GET /lib/jquery-validation-unobtrusive/dist/jquery.validate.unobtrusive.min.js responded 304 in 0.6250 ms
[15:48:56 INF] HTTP GET /js/products-catalog-filter.js responded 304 in 0.5066 ms
[15:49:00 INF] HTTP GET /Inventory/Products responded 200 in 64.3430 ms
[15:49:00 INF] HTTP GET /lib/bootstrap/dist/css/bootstrap.min.css responded 304 in 0.4793 ms
[15:49:00 INF] HTTP GET /Biktal.WebMVC.styles.css responded 304 in 0.3581 ms
[15:49:00 INF] HTTP GET /css/site.css responded 304 in 0.8754 ms
[15:49:01 INF] HTTP GET /lib/jquery/dist/jquery.min.js responded 304 in 0.8407 ms
[15:49:01 INF] HTTP GET /lib/bootstrap/dist/js/bootstrap.bundle.min.js responded 304 in 0.6191 ms
[15:49:01 INF] HTTP GET /js/site.js responded 304 in 0.4077 ms
[15:49:01 INF] HTTP GET /lib/jquery-validation/dist/jquery.validate.min.js responded 304 in 0.3140 ms
[15:49:01 INF] HTTP GET /lib/jquery-validation-unobtrusive/dist/jquery.validate.unobtrusive.min.js responded 304 in 0.5499 ms
[15:49:01 INF] HTTP GET /js/products-catalog-filter.js responded 304 in 0.9043 ms
[15:49:04 INF] HTTP POST /Inventory/EditProduct responded 302 in 6.6654 ms
[15:49:05 INF] HTTP GET /Inventory/Products responded 200 in 41.5091 ms
[15:49:05 INF] HTTP GET /css/site.css responded 304 in 0.4516 ms
[15:49:05 INF] HTTP GET /lib/bootstrap/dist/css/bootstrap.min.css responded 200 in 1.8591 ms
[15:49:05 INF] HTTP GET /Biktal.WebMVC.styles.css responded 304 in 0.3293 ms
[15:49:06 INF] HTTP GET /lib/jquery/dist/jquery.min.js responded 304 in 0.2766 ms
[15:49:06 INF] HTTP GET /lib/bootstrap/dist/js/bootstrap.bundle.min.js responded 304 in 1.3290 ms
[15:49:06 INF] HTTP GET /js/site.js responded 304 in 0.4422 ms
[15:49:06 INF] HTTP GET /lib/jquery-validation/dist/jquery.validate.min.js responded 304 in 1.2920 ms
[15:49:06 INF] HTTP GET /lib/jquery-validation-unobtrusive/dist/jquery.validate.unobtrusive.min.js responded 304 in 1.1210 ms
[15:49:06 INF] HTTP GET /js/products-catalog-filter.js responded 304 in 1.0524 ms
[15:55:22 INF] HTTP GET /Inventory/Products responded 200 in 307.5441 ms
[15:55:22 INF] HTTP GET /lib/bootstrap/dist/css/bootstrap.min.css responded 200 in 0.9417 ms
[15:55:22 INF] HTTP GET /Biktal.WebMVC.styles.css responded 200 in 1.0795 ms
[15:55:22 INF] HTTP GET /css/site.css responded 200 in 1.6255 ms
[15:55:23 INF] HTTP GET /lib/jquery/dist/jquery.min.js responded 200 in 1.4088 ms
[15:55:23 INF] HTTP GET /js/site.js responded 200 in 0.8290 ms
[15:55:23 INF] HTTP GET /lib/bootstrap/dist/js/bootstrap.bundle.min.js responded 200 in 0.7110 ms
[15:55:23 INF] HTTP GET /lib/jquery-validation/dist/jquery.validate.min.js responded 200 in 0.9638 ms
[15:55:23 INF] HTTP GET /js/products-catalog-filter.js responded 200 in 1.0714 ms
[15:55:23 INF] HTTP GET /lib/jquery-validation-unobtrusive/dist/jquery.validate.unobtrusive.min.js responded 200 in 2.5738 ms
[15:58:15 INF] HTTP GET /Inventory/Products responded 200 in 56.8706 ms
[15:58:15 INF] HTTP GET /Biktal.WebMVC.styles.css responded 200 in 2.1841 ms
[15:58:15 INF] HTTP GET /css/site.css responded 200 in 1.3998 ms
[15:58:15 INF] HTTP GET /lib/bootstrap/dist/css/bootstrap.min.css responded 200 in 3.7966 ms
[15:58:16 INF] HTTP GET /lib/jquery/dist/jquery.min.js responded 200 in 0.7408 ms
[15:58:16 INF] HTTP GET /js/site.js responded 200 in 0.8472 ms
[15:58:16 INF] HTTP GET /lib/jquery-validation/dist/jquery.validate.min.js responded 200 in 9.0483 ms
[15:58:16 INF] HTTP GET /lib/bootstrap/dist/js/bootstrap.bundle.min.js responded 200 in 10.9263 ms
[15:58:16 INF] HTTP GET /js/products-catalog-filter.js responded 200 in 11.0677 ms
[15:58:16 INF] HTTP GET /lib/jquery-validation-unobtrusive/dist/jquery.validate.unobtrusive.min.js responded 200 in 1.6626 ms
[16:01:17 INF] HTTP GET /css/site.css responded 200 in 1.8422 ms
[16:01:17 INF] HTTP GET /lib/bootstrap/dist/css/bootstrap.min.css responded 200 in 4.3840 ms
[16:01:17 INF] HTTP GET /Biktal.WebMVC.styles.css responded 200 in 1.9912 ms
[16:01:18 INF] HTTP GET /lib/bootstrap/dist/js/bootstrap.bundle.min.js.map responded 200 in 28.9381 ms
[16:01:18 INF] HTTP GET /lib/bootstrap/dist/css/bootstrap.min.css.map responded 200 in 34.2657 ms
[16:01:48 INF] HTTP POST /Inventory/AddProduct responded 302 in 111.9047 ms
[16:01:48 INF] HTTP GET /Inventory/Products responded 200 in 72.5375 ms
[16:01:48 INF] HTTP GET /lib/bootstrap/dist/css/bootstrap.min.css responded 200 in 6.4814 ms
[16:01:48 INF] HTTP GET /css/site.css responded 200 in 1.8921 ms
[16:01:48 INF] HTTP GET /Biktal.WebMVC.styles.css responded 200 in 1.4150 ms
[16:01:50 INF] HTTP GET /lib/jquery/dist/jquery.min.js responded 200 in 0.7602 ms
[16:01:50 INF] HTTP GET /lib/bootstrap/dist/js/bootstrap.bundle.min.js responded 200 in 1.2838 ms
[16:01:50 INF] HTTP GET /lib/jquery-validation-unobtrusive/dist/jquery.validate.unobtrusive.min.js responded 200 in 0.5287 ms
[16:01:50 INF] HTTP GET /js/site.js responded 200 in 0.7092 ms
[16:01:50 INF] HTTP GET /js/products-catalog-filter.js responded 200 in 1.8716 ms
[16:01:50 INF] HTTP GET /lib/jquery-validation/dist/jquery.validate.min.js responded 200 in 3.1562 ms
[16:03:05 INF] HTTP POST /Inventory/AddProduct responded 302 in 10.7120 ms
[16:03:05 INF] HTTP GET /Inventory/Products responded 200 in 56.3298 ms
[16:03:05 INF] HTTP GET /lib/bootstrap/dist/css/bootstrap.min.css responded 200 in 1.3405 ms
[16:03:05 INF] HTTP GET /Biktal.WebMVC.styles.css responded 200 in 3.7367 ms
[16:03:05 INF] HTTP GET /css/site.css responded 200 in 2.3002 ms
[16:03:06 INF] HTTP GET /lib/jquery/dist/jquery.min.js responded 200 in 0.7860 ms
[16:03:06 INF] HTTP GET /js/site.js responded 200 in 0.7690 ms
[16:03:06 INF] HTTP GET /lib/bootstrap/dist/js/bootstrap.bundle.min.js responded 200 in 0.8446 ms
[16:03:06 INF] HTTP GET /lib/jquery-validation-unobtrusive/dist/jquery.validate.unobtrusive.min.js responded 200 in 1.0532 ms
[16:03:06 INF] HTTP GET /lib/jquery-validation/dist/jquery.validate.min.js responded 200 in 1.8106 ms
[16:03:06 INF] HTTP GET /js/products-catalog-filter.js responded 200 in 1.2039 ms
[16:03:46 INF] HTTP POST /Inventory/AddProduct responded 302 in 10.0554 ms
[16:03:46 INF] HTTP GET /Inventory/Products responded 200 in 58.6423 ms
[16:03:47 INF] HTTP GET /lib/bootstrap/dist/css/bootstrap.min.css responded 200 in 1.3263 ms
[16:03:47 INF] HTTP GET /Biktal.WebMVC.styles.css responded 200 in 1.9766 ms
[16:03:47 INF] HTTP GET /css/site.css responded 200 in 1.3308 ms
[16:03:48 INF] HTTP GET /lib/jquery/dist/jquery.min.js responded 200 in 0.6287 ms
[16:03:48 INF] HTTP GET /js/site.js responded 200 in 0.7365 ms
[16:03:48 INF] HTTP GET /lib/bootstrap/dist/js/bootstrap.bundle.min.js responded 200 in 1.7828 ms
[16:03:48 INF] HTTP GET /lib/jquery-validation-unobtrusive/dist/jquery.validate.unobtrusive.min.js responded 200 in 1.9278 ms
[16:03:48 INF] HTTP GET /js/products-catalog-filter.js responded 200 in 0.8685 ms
[16:03:48 INF] HTTP GET /lib/jquery-validation/dist/jquery.validate.min.js responded 200 in 0.8446 ms
[16:05:17 INF] HTTP POST /Inventory/AddProduct responded 302 in 15.2276 ms
[16:05:17 INF] HTTP GET /Inventory/Products responded 200 in 70.9991 ms
[16:05:17 INF] HTTP GET /css/site.css responded 200 in 0.7976 ms
[16:05:17 INF] HTTP GET /Biktal.WebMVC.styles.css responded 200 in 0.7526 ms
[16:05:17 INF] HTTP GET /lib/bootstrap/dist/css/bootstrap.min.css responded 200 in 1.0412 ms
[16:05:18 INF] HTTP GET /lib/jquery/dist/jquery.min.js responded 200 in 1.0010 ms
[16:05:18 INF] HTTP GET /lib/bootstrap/dist/js/bootstrap.bundle.min.js responded 200 in 0.9100 ms
[16:05:18 INF] HTTP GET /js/site.js responded 200 in 0.6924 ms
[16:05:18 INF] HTTP GET /lib/jquery-validation/dist/jquery.validate.min.js responded 200 in 4.5109 ms
[16:05:18 INF] HTTP GET /lib/jquery-validation-unobtrusive/dist/jquery.validate.unobtrusive.min.js responded 200 in 0.8138 ms
[16:05:18 INF] HTTP GET /js/products-catalog-filter.js responded 200 in 0.7647 ms
[16:08:15 INF] HTTP POST /Inventory/AddProduct responded 302 in 70.4761 ms
[16:08:15 INF] HTTP GET /Inventory/Products responded 200 in 64.6041 ms
[16:08:15 INF] HTTP GET /css/site.css responded 200 in 0.9503 ms
[16:08:15 INF] HTTP GET /lib/bootstrap/dist/css/bootstrap.min.css responded 200 in 0.7929 ms
[16:08:15 INF] HTTP GET /Biktal.WebMVC.styles.css responded 200 in 1.2621 ms
[16:08:16 INF] HTTP GET /lib/jquery/dist/jquery.min.js responded 200 in 0.8537 ms
[16:08:16 INF] HTTP GET /lib/bootstrap/dist/js/bootstrap.bundle.min.js responded 200 in 1.9106 ms
[16:08:16 INF] HTTP GET /js/site.js responded 200 in 1.0938 ms
[16:08:16 INF] HTTP GET /lib/jquery-validation/dist/jquery.validate.min.js responded 200 in 0.9308 ms
[16:08:16 INF] HTTP GET /lib/jquery-validation-unobtrusive/dist/jquery.validate.unobtrusive.min.js responded 200 in 0.5925 ms
[16:08:16 INF] HTTP GET /js/products-catalog-filter.js responded 200 in 4.3259 ms
[16:08:22 INF] HTTP GET /Inventory/Products responded 200 in 80.5780 ms
[16:08:22 INF] HTTP GET /lib/bootstrap/dist/css/bootstrap.min.css responded 200 in 1.9080 ms
[16:08:22 INF] HTTP GET /css/site.css responded 200 in 1.8069 ms
[16:08:22 INF] HTTP GET /Biktal.WebMVC.styles.css responded 200 in 1.4212 ms
[16:08:23 INF] HTTP GET /lib/jquery/dist/jquery.min.js responded 304 in 0.2751 ms
[16:08:23 INF] HTTP GET /lib/bootstrap/dist/js/bootstrap.bundle.min.js responded 304 in 0.4167 ms
[16:08:23 INF] HTTP GET /js/site.js responded 304 in 0.3049 ms
[16:08:23 INF] HTTP GET /lib/jquery-validation/dist/jquery.validate.min.js responded 304 in 1.0827 ms
[16:08:23 INF] HTTP GET /lib/jquery-validation-unobtrusive/dist/jquery.validate.unobtrusive.min.js responded 304 in 0.7535 ms
[16:08:23 INF] HTTP GET /js/products-catalog-filter.js responded 304 in 1.1996 ms
[16:08:36 INF] HTTP POST /Inventory/EditProduct responded 302 in 9.5858 ms
[16:08:36 INF] HTTP GET /Inventory/Products responded 200 in 40.8177 ms
[16:08:36 INF] HTTP GET /lib/bootstrap/dist/css/bootstrap.min.css responded 304 in 1.4654 ms
[16:08:36 INF] HTTP GET /css/site.css responded 304 in 0.6681 ms
[16:08:36 INF] HTTP GET /Biktal.WebMVC.styles.css responded 304 in 1.0660 ms
[16:08:37 INF] HTTP GET /lib/jquery/dist/jquery.min.js responded 304 in 0.2713 ms
[16:08:37 INF] HTTP GET /lib/bootstrap/dist/js/bootstrap.bundle.min.js responded 304 in 0.6254 ms
[16:08:37 INF] HTTP GET /js/site.js responded 304 in 0.6810 ms
[16:08:37 INF] HTTP GET /lib/jquery-validation/dist/jquery.validate.min.js responded 304 in 0.4393 ms
[16:08:37 INF] HTTP GET /lib/jquery-validation-unobtrusive/dist/jquery.validate.unobtrusive.min.js responded 304 in 1.0890 ms
[16:08:37 INF] HTTP GET /js/products-catalog-filter.js responded 304 in 0.7986 ms
[16:09:18 INF] HTTP POST /Inventory/AddProduct responded 302 in 9.5361 ms
[16:09:18 INF] HTTP GET /Inventory/Products responded 200 in 67.8294 ms
[16:09:18 INF] HTTP GET /css/site.css responded 304 in 0.3278 ms
[16:09:18 INF] HTTP GET /Biktal.WebMVC.styles.css responded 304 in 0.6060 ms
[16:09:18 INF] HTTP GET /lib/bootstrap/dist/css/bootstrap.min.css responded 200 in 4.5539 ms
[16:09:19 INF] HTTP GET /lib/jquery/dist/jquery.min.js responded 200 in 0.6625 ms
[16:09:19 INF] HTTP GET /js/site.js responded 200 in 0.7202 ms
[16:09:19 INF] HTTP GET /lib/bootstrap/dist/js/bootstrap.bundle.min.js responded 200 in 0.8124 ms
[16:09:19 INF] HTTP GET /lib/jquery-validation/dist/jquery.validate.min.js responded 200 in 5.8357 ms
[16:09:19 INF] HTTP GET /lib/jquery-validation-unobtrusive/dist/jquery.validate.unobtrusive.min.js responded 200 in 6.2964 ms
[16:09:19 INF] HTTP GET /js/products-catalog-filter.js responded 200 in 2.7483 ms
[16:12:55 INF] HTTP POST /Inventory/AddProduct responded 302 in 10.1806 ms
[16:12:55 INF] HTTP GET /Inventory/Products responded 200 in 75.2139 ms
[16:12:55 INF] HTTP GET /css/site.css responded 200 in 1.7890 ms
[16:12:55 INF] HTTP GET /Biktal.WebMVC.styles.css responded 200 in 1.0940 ms
[16:12:55 INF] HTTP GET /lib/bootstrap/dist/css/bootstrap.min.css responded 200 in 1.8971 ms
[16:12:56 INF] HTTP GET /lib/jquery/dist/jquery.min.js responded 200 in 0.6182 ms
[16:12:56 INF] HTTP GET /js/site.js responded 200 in 0.6518 ms
[16:12:56 INF] HTTP GET /lib/jquery-validation/dist/jquery.validate.min.js responded 200 in 0.6337 ms
[16:12:56 INF] HTTP GET /lib/bootstrap/dist/js/bootstrap.bundle.min.js responded 200 in 0.8840 ms
[16:12:56 INF] HTTP GET /lib/jquery-validation-unobtrusive/dist/jquery.validate.unobtrusive.min.js responded 200 in 0.9486 ms
[16:12:56 INF] HTTP GET /js/products-catalog-filter.js responded 200 in 2.1908 ms
[16:13:21 INF] HTTP POST /Inventory/AddProduct responded 302 in 114.2253 ms
[16:13:21 INF] HTTP GET /Inventory/Products responded 200 in 65.8542 ms
[16:13:21 INF] HTTP GET /lib/bootstrap/dist/css/bootstrap.min.css responded 200 in 1.2728 ms
[16:13:21 INF] HTTP GET /css/site.css responded 200 in 0.6288 ms
[16:13:21 INF] HTTP GET /Biktal.WebMVC.styles.css responded 200 in 2.1494 ms
[16:13:22 INF] HTTP GET /lib/jquery/dist/jquery.min.js responded 304 in 0.2489 ms
[16:13:22 INF] HTTP GET /lib/bootstrap/dist/js/bootstrap.bundle.min.js responded 304 in 0.6435 ms
[16:13:22 INF] HTTP GET /js/site.js responded 304 in 0.4080 ms
[16:13:22 INF] HTTP GET /lib/jquery-validation/dist/jquery.validate.min.js responded 304 in 0.4467 ms
[16:13:22 INF] HTTP GET /lib/jquery-validation-unobtrusive/dist/jquery.validate.unobtrusive.min.js responded 304 in 0.5263 ms
[16:13:22 INF] HTTP GET /js/products-catalog-filter.js responded 304 in 2.7098 ms
[16:13:43 INF] HTTP POST /Inventory/AddProduct responded 302 in 11.8666 ms
[16:13:43 INF] HTTP GET /Inventory/Products responded 200 in 47.1945 ms
[16:13:43 INF] HTTP GET /css/site.css responded 200 in 0.7919 ms
[16:13:43 INF] HTTP GET /Biktal.WebMVC.styles.css responded 200 in 0.7958 ms
[16:13:43 INF] HTTP GET /lib/bootstrap/dist/css/bootstrap.min.css responded 200 in 0.9671 ms
[16:13:44 INF] HTTP GET /lib/jquery/dist/jquery.min.js responded 304 in 0.4425 ms
[16:13:44 INF] HTTP GET /lib/bootstrap/dist/js/bootstrap.bundle.min.js responded 304 in 0.5594 ms
[16:13:44 INF] HTTP GET /js/site.js responded 304 in 0.5127 ms
[16:13:44 INF] HTTP GET /lib/jquery-validation/dist/jquery.validate.min.js responded 304 in 0.4665 ms
[16:13:44 INF] HTTP GET /lib/jquery-validation-unobtrusive/dist/jquery.validate.unobtrusive.min.js responded 304 in 2.3029 ms
[16:13:44 INF] HTTP GET /js/products-catalog-filter.js responded 304 in 1.7971 ms
[16:14:10 INF] HTTP POST /Inventory/AddProduct responded 302 in 10.7716 ms
[16:14:10 INF] HTTP GET /Inventory/Products responded 200 in 76.1713 ms
[16:14:10 INF] HTTP GET /css/site.css responded 304 in 0.4218 ms
[16:14:10 INF] HTTP GET /Biktal.WebMVC.styles.css responded 304 in 0.3676 ms
[16:14:10 INF] HTTP GET /lib/bootstrap/dist/css/bootstrap.min.css responded 304 in 0.2526 ms
[16:14:11 INF] HTTP GET /lib/jquery/dist/jquery.min.js responded 304 in 0.2682 ms
[16:14:11 INF] HTTP GET /lib/bootstrap/dist/js/bootstrap.bundle.min.js responded 304 in 0.6009 ms
[16:14:11 INF] HTTP GET /lib/jquery-validation/dist/jquery.validate.min.js responded 304 in 0.4448 ms
[16:14:11 INF] HTTP GET /js/site.js responded 304 in 0.4908 ms
[16:14:11 INF] HTTP GET /lib/jquery-validation-unobtrusive/dist/jquery.validate.unobtrusive.min.js responded 304 in 0.4718 ms
[16:14:11 INF] HTTP GET /js/products-catalog-filter.js responded 304 in 0.5435 ms
[16:17:57 INF] HTTP POST /Inventory/AddProduct responded 302 in 11.4480 ms
[16:17:57 INF] HTTP GET /Inventory/Products responded 200 in 84.9624 ms
[16:17:57 INF] HTTP GET /css/site.css responded 200 in 0.5724 ms
[16:17:57 INF] HTTP GET /Biktal.WebMVC.styles.css responded 200 in 0.9071 ms
[16:17:57 INF] HTTP GET /lib/bootstrap/dist/css/bootstrap.min.css responded 200 in 5.5963 ms
[16:17:58 INF] HTTP GET /lib/jquery/dist/jquery.min.js responded 200 in 0.9300 ms
[16:17:58 INF] HTTP GET /js/site.js responded 200 in 1.1785 ms
[16:17:58 INF] HTTP GET /lib/bootstrap/dist/js/bootstrap.bundle.min.js responded 200 in 1.6362 ms
[16:17:58 INF] HTTP GET /lib/jquery-validation/dist/jquery.validate.min.js responded 200 in 1.4023 ms
[16:17:58 INF] HTTP GET /lib/jquery-validation-unobtrusive/dist/jquery.validate.unobtrusive.min.js responded 200 in 0.8549 ms
[16:17:58 INF] HTTP GET /js/products-catalog-filter.js responded 200 in 1.6168 ms
[16:18:51 INF] HTTP POST /Inventory/AddProduct responded 302 in 108.8741 ms
[16:18:51 INF] HTTP GET /Inventory/Products responded 200 in 34.4973 ms
[16:18:51 INF] HTTP GET /Biktal.WebMVC.styles.css responded 200 in 0.9323 ms
[16:18:51 INF] HTTP GET /lib/bootstrap/dist/css/bootstrap.min.css responded 200 in 10.1960 ms
[16:18:51 INF] HTTP GET /css/site.css responded 200 in 1.3768 ms
[16:18:52 INF] HTTP GET /lib/jquery/dist/jquery.min.js responded 200 in 0.7131 ms
[16:18:52 INF] HTTP GET /lib/bootstrap/dist/js/bootstrap.bundle.min.js responded 200 in 0.9764 ms
[16:18:52 INF] HTTP GET /lib/jquery-validation/dist/jquery.validate.min.js responded 200 in 0.7087 ms
[16:18:52 INF] HTTP GET /js/site.js responded 200 in 1.0389 ms
[16:18:52 INF] HTTP GET /lib/jquery-validation-unobtrusive/dist/jquery.validate.unobtrusive.min.js responded 200 in 2.0297 ms
[16:18:52 INF] HTTP GET /js/products-catalog-filter.js responded 200 in 1.2152 ms
[16:22:32 INF] HTTP POST /Inventory/AddProduct responded 302 in 6.9577 ms
[16:22:32 INF] HTTP GET /Inventory/Products responded 200 in 65.3769 ms
[16:22:32 INF] HTTP GET /css/site.css responded 200 in 0.9660 ms
[16:22:32 INF] HTTP GET /lib/bootstrap/dist/css/bootstrap.min.css responded 200 in 0.8628 ms
[16:22:32 INF] HTTP GET /Biktal.WebMVC.styles.css responded 200 in 0.5799 ms
[16:22:33 INF] HTTP GET /lib/jquery/dist/jquery.min.js responded 200 in 0.9546 ms
[16:22:33 INF] HTTP GET /js/site.js responded 200 in 0.9064 ms
[16:22:33 INF] HTTP GET /lib/bootstrap/dist/js/bootstrap.bundle.min.js responded 200 in 1.1435 ms
[16:22:33 INF] HTTP GET /lib/jquery-validation/dist/jquery.validate.min.js responded 200 in 1.2498 ms
[16:22:33 INF] HTTP GET /js/products-catalog-filter.js responded 200 in 1.0773 ms
[16:22:33 INF] HTTP GET /lib/jquery-validation-unobtrusive/dist/jquery.validate.unobtrusive.min.js responded 200 in 0.8740 ms
[16:22:56 INF] HTTP POST /Inventory/AddProduct responded 302 in 6.6497 ms
[16:22:56 INF] HTTP GET /Inventory/Products responded 200 in 41.2534 ms
[16:22:56 INF] HTTP GET /css/site.css responded 304 in 0.3434 ms
[16:22:56 INF] HTTP GET /Biktal.WebMVC.styles.css responded 304 in 0.3778 ms
[16:22:56 INF] HTTP GET /lib/bootstrap/dist/css/bootstrap.min.css responded 304 in 0.2364 ms
[16:22:57 INF] HTTP GET /lib/jquery/dist/jquery.min.js responded 304 in 0.2787 ms
[16:22:57 INF] HTTP GET /lib/bootstrap/dist/js/bootstrap.bundle.min.js responded 304 in 0.5094 ms
[16:22:57 INF] HTTP GET /js/site.js responded 304 in 0.4152 ms
[16:22:57 INF] HTTP GET /lib/jquery-validation/dist/jquery.validate.min.js responded 304 in 1.6741 ms
[16:22:57 INF] HTTP GET /lib/jquery-validation-unobtrusive/dist/jquery.validate.unobtrusive.min.js responded 304 in 0.4355 ms
[16:22:57 INF] HTTP GET /js/products-catalog-filter.js responded 304 in 0.7326 ms
[16:24:03 INF] HTTP POST /Inventory/AddProduct responded 302 in 81.9705 ms
[16:24:03 INF] HTTP GET /Inventory/Products responded 200 in 34.4620 ms
[16:24:03 INF] HTTP GET /css/site.css responded 304 in 0.3899 ms
[16:24:03 INF] HTTP GET /lib/bootstrap/dist/css/bootstrap.min.css responded 200 in 1.1788 ms
[16:24:03 INF] HTTP GET /Biktal.WebMVC.styles.css responded 304 in 0.3216 ms
[16:24:04 INF] HTTP GET /lib/jquery/dist/jquery.min.js responded 304 in 0.2461 ms
[16:24:04 INF] HTTP GET /lib/bootstrap/dist/js/bootstrap.bundle.min.js responded 304 in 0.6670 ms
[16:24:04 INF] HTTP GET /js/site.js responded 304 in 1.6507 ms
[16:24:04 INF] HTTP GET /lib/jquery-validation/dist/jquery.validate.min.js responded 304 in 0.4299 ms
[16:24:04 INF] HTTP GET /lib/jquery-validation-unobtrusive/dist/jquery.validate.unobtrusive.min.js responded 304 in 0.4571 ms
[16:24:04 INF] HTTP GET /js/products-catalog-filter.js responded 304 in 0.4949 ms
[16:24:28 INF] HTTP POST /Inventory/AddProduct responded 302 in 6.7559 ms
[16:24:28 INF] HTTP GET /Inventory/Products responded 200 in 43.5162 ms
[16:24:28 INF] HTTP GET /css/site.css responded 304 in 0.3515 ms
[16:24:28 INF] HTTP GET /Biktal.WebMVC.styles.css responded 304 in 0.3253 ms
[16:24:28 INF] HTTP GET /lib/bootstrap/dist/css/bootstrap.min.css responded 200 in 1.2152 ms
[16:24:29 INF] HTTP GET /lib/jquery/dist/jquery.min.js responded 304 in 0.2736 ms
[16:24:29 INF] HTTP GET /js/site.js responded 304 in 0.2937 ms
[16:24:29 INF] HTTP GET /lib/bootstrap/dist/js/bootstrap.bundle.min.js responded 304 in 0.4183 ms
[16:24:29 INF] HTTP GET /lib/jquery-validation/dist/jquery.validate.min.js responded 304 in 0.4509 ms
[16:24:29 INF] HTTP GET /lib/jquery-validation-unobtrusive/dist/jquery.validate.unobtrusive.min.js responded 304 in 0.8570 ms
[16:24:29 INF] HTTP GET /js/products-catalog-filter.js responded 304 in 0.4314 ms
[16:25:41 INF] HTTP POST /Inventory/AddProduct responded 302 in 48.6371 ms
[16:25:41 INF] HTTP GET /Inventory/Products responded 200 in 63.5756 ms
[16:25:41 INF] HTTP GET /lib/bootstrap/dist/css/bootstrap.min.css responded 200 in 1.4231 ms
[16:25:41 INF] HTTP GET /css/site.css responded 200 in 0.9882 ms
[16:25:41 INF] HTTP GET /Biktal.WebMVC.styles.css responded 200 in 1.2864 ms
[16:25:42 INF] HTTP GET /lib/jquery/dist/jquery.min.js responded 200 in 0.6586 ms
[16:25:42 INF] HTTP GET /js/site.js responded 200 in 0.8227 ms
[16:25:42 INF] HTTP GET /lib/jquery-validation/dist/jquery.validate.min.js responded 200 in 0.8146 ms
[16:25:42 INF] HTTP GET /lib/jquery-validation-unobtrusive/dist/jquery.validate.unobtrusive.min.js responded 200 in 8.4700 ms
[16:25:42 INF] HTTP GET /lib/bootstrap/dist/js/bootstrap.bundle.min.js responded 200 in 10.2564 ms
[16:25:42 INF] HTTP GET /js/products-catalog-filter.js responded 200 in 8.9023 ms
[16:46:41 INF] Application is shutting down...
