[19:26:10 WRN] Using an in-memory repository. Keys will not be persisted to storage.
[19:26:11 WRN] Neither user profile nor HKLM registry available. Using an ephemeral key repository. Protected data will be unavailable when application exits.
[19:26:11 WRN] No XML encryptor configured. Key {336b805b-fafa-40a6-817d-24053a7ee587} may be persisted to storage in unencrypted form.
[19:26:11 INF] Application started. Press Ctrl+C to shut down.
[19:26:11 INF] Hosting environment: Production
[19:26:11 INF] Content root path: D:\Systems\BiktalSystems\publish
[19:26:11 INF] HTTP POST /Pos/CompleteSale responded 400 in 225.8110 ms
[19:26:18 ERR] An exception was thrown while deserializing the token.
Microsoft.AspNetCore.Antiforgery.AntiforgeryValidationException: The antiforgery token could not be decrypted.
 ---> System.Security.Cryptography.CryptographicException: The key {2f11fe91-3ee3-4021-b609-0d54fd9bbd13} was not found in the key ring. For more information go to https://aka.ms/aspnet/dataprotectionwarning
   at Microsoft.AspNetCore.DataProtection.KeyManagement.KeyRingBasedDataProtector.UnprotectCore(Byte[] protectedData, Boolean allowOperationsOnRevokedKeys, UnprotectStatus& status)
   at Microsoft.AspNetCore.DataProtection.KeyManagement.KeyRingBasedDataProtector.Unprotect(Byte[] protectedData)
   at Microsoft.AspNetCore.Antiforgery.DefaultAntiforgeryTokenSerializer.Deserialize(String serializedToken)
   --- End of inner exception stack trace ---
   at Microsoft.AspNetCore.Antiforgery.DefaultAntiforgeryTokenSerializer.Deserialize(String serializedToken)
   at Microsoft.AspNetCore.Antiforgery.DefaultAntiforgery.GetCookieTokenDoesNotThrow(HttpContext httpContext)
[19:26:19 INF] HTTP GET /Inventory/Products responded 200 in 1571.0554 ms
[19:26:19 INF] HTTP GET /css/site.css responded 200 in 145.4989 ms
[19:26:19 INF] HTTP GET /Biktal.WebMVC.styles.css responded 200 in 16.5061 ms
[19:26:19 INF] HTTP GET /lib/bootstrap/dist/css/bootstrap.min.css responded 200 in 16.3190 ms
[19:26:20 INF] HTTP GET /lib/jquery/dist/jquery.min.js responded 200 in 3.1308 ms
[19:26:20 INF] HTTP GET /lib/jquery-validation/dist/jquery.validate.min.js responded 200 in 2.2391 ms
[19:26:20 INF] HTTP GET /js/site.js responded 200 in 2.4277 ms
[19:26:20 INF] HTTP GET /lib/bootstrap/dist/js/bootstrap.bundle.min.js responded 200 in 3.5059 ms
[19:26:20 INF] HTTP GET /lib/jquery-validation-unobtrusive/dist/jquery.validate.unobtrusive.min.js responded 200 in 1.1661 ms
[19:26:20 INF] HTTP GET /js/products-catalog-filter.js responded 200 in 19.5221 ms
[19:27:10 WRN] The query uses the 'First'/'FirstOrDefault' operator without 'OrderBy' and filter operators. This may lead to unpredictable results.
[19:27:10 INF] HTTP GET / responded 200 in 437.7616 ms
[19:27:10 INF] HTTP GET /Biktal.WebMVC.styles.css responded 200 in 3.2285 ms
[19:27:10 INF] HTTP GET /css/site.css responded 200 in 6.3554 ms
[19:27:10 INF] HTTP GET /js/site.js responded 200 in 0.9725 ms
[19:27:10 INF] HTTP GET /lib/bootstrap/dist/css/bootstrap.min.css responded 200 in 1.0007 ms
[19:27:10 INF] HTTP GET /js/pos.js responded 200 in 1.0061 ms
[19:27:10 INF] HTTP GET /lib/jquery/dist/jquery.min.js responded 200 in 59.4186 ms
[19:27:10 INF] HTTP GET /lib/bootstrap/dist/js/bootstrap.bundle.min.js responded 200 in 184.5562 ms
[19:27:12 INF] HTTP GET /Insights responded 302 in 6.5209 ms
[19:27:12 INF] HTTP GET /Insights/Daily responded 200 in 384.0663 ms
[19:27:12 INF] HTTP GET /lib/bootstrap/dist/css/bootstrap.min.css responded 200 in 4.4028 ms
[19:27:13 INF] HTTP GET /css/site.css responded 200 in 14.6054 ms
[19:27:13 INF] HTTP GET /lib/jquery/dist/jquery.min.js responded 304 in 15.2918 ms
[19:27:13 INF] HTTP GET /Biktal.WebMVC.styles.css responded 200 in 4.2481 ms
[19:27:13 INF] HTTP GET /lib/bootstrap/dist/js/bootstrap.bundle.min.js responded 304 in 0.8606 ms
[19:27:13 INF] HTTP GET /js/site.js responded 304 in 1.7412 ms
[19:27:21 INF] HTTP GET /Insights/Daily responded 200 in 61.3135 ms
[19:27:21 INF] HTTP GET /lib/bootstrap/dist/css/bootstrap.min.css responded 200 in 18.1041 ms
[19:27:21 INF] HTTP GET /Biktal.WebMVC.styles.css responded 200 in 0.6767 ms
[19:27:21 INF] HTTP GET /css/site.css responded 200 in 0.9960 ms
[19:27:21 INF] HTTP GET /lib/jquery/dist/jquery.min.js responded 304 in 0.5694 ms
[19:27:21 INF] HTTP GET /lib/bootstrap/dist/js/bootstrap.bundle.min.js responded 304 in 1.1637 ms
[19:27:21 INF] HTTP GET /js/site.js responded 304 in 0.2265 ms
[19:27:26 INF] HTTP GET /Insights/Daily responded 200 in 28.4622 ms
[19:27:26 INF] HTTP GET /lib/bootstrap/dist/css/bootstrap.min.css responded 304 in 3.2140 ms
[19:27:26 INF] HTTP GET /css/site.css responded 304 in 0.2223 ms
[19:27:26 INF] HTTP GET /Biktal.WebMVC.styles.css responded 304 in 0.3111 ms
[19:27:26 INF] HTTP GET /lib/jquery/dist/jquery.min.js responded 304 in 0.2978 ms
[19:27:26 INF] HTTP GET /lib/bootstrap/dist/js/bootstrap.bundle.min.js responded 304 in 1.3404 ms
[19:27:26 INF] HTTP GET /js/site.js responded 304 in 0.3252 ms
[19:27:30 INF] HTTP GET / responded 200 in 28.3021 ms
[19:27:30 INF] HTTP GET /lib/bootstrap/dist/css/bootstrap.min.css responded 304 in 2.2493 ms
[19:27:30 INF] HTTP GET /css/site.css responded 304 in 0.1824 ms
[19:27:30 INF] HTTP GET /Biktal.WebMVC.styles.css responded 304 in 0.2240 ms
[19:27:30 INF] HTTP GET /lib/jquery/dist/jquery.min.js responded 304 in 0.4676 ms
[19:27:30 INF] HTTP GET /lib/bootstrap/dist/js/bootstrap.bundle.min.js responded 304 in 0.2338 ms
[19:27:30 INF] HTTP GET /js/site.js responded 304 in 0.2008 ms
[19:27:30 INF] HTTP GET /js/pos.js responded 304 in 0.4729 ms
[19:27:45 INF] HTTP POST /Pos/CompleteSale responded 200 in 1513.7589 ms
[19:27:53 INF] HTTP GET /Insights responded 302 in 1.4640 ms
[19:27:53 INF] HTTP GET /Insights/Daily responded 200 in 21.7169 ms
[19:27:53 INF] HTTP GET /css/site.css responded 304 in 0.1904 ms
[19:27:53 INF] HTTP GET /Biktal.WebMVC.styles.css responded 304 in 0.1520 ms
[19:27:53 INF] HTTP GET /lib/jquery/dist/jquery.min.js responded 304 in 0.1367 ms
[19:27:53 INF] HTTP GET /lib/bootstrap/dist/js/bootstrap.bundle.min.js responded 304 in 0.1633 ms
[19:27:53 INF] HTTP GET /js/site.js responded 304 in 0.1642 ms
[19:27:53 INF] HTTP GET /lib/bootstrap/dist/css/bootstrap.min.css responded 200 in 1.0393 ms
[19:30:29 INF] HTTP GET /Insights/Sale responded 200 in 181.1483 ms
[19:30:29 INF] HTTP GET /css/site.css responded 200 in 1.0270 ms
[19:30:29 INF] HTTP GET /lib/bootstrap/dist/css/bootstrap.min.css responded 200 in 1.8979 ms
[19:30:29 INF] HTTP GET /lib/jquery/dist/jquery.min.js responded 200 in 0.9138 ms
[19:30:29 INF] HTTP GET /lib/bootstrap/dist/js/bootstrap.bundle.min.js responded 200 in 3.4262 ms
[19:30:29 INF] HTTP GET /Biktal.WebMVC.styles.css responded 200 in 4.1245 ms
[19:30:29 INF] HTTP GET /js/site.js responded 200 in 2.6577 ms
[19:30:35 INF] HTTP GET /Inventory/Products responded 200 in 168.4840 ms
[19:30:35 INF] HTTP GET /css/site.css responded 200 in 0.8775 ms
[19:30:35 INF] HTTP GET /Biktal.WebMVC.styles.css responded 200 in 0.9093 ms
[19:30:35 INF] HTTP GET /lib/bootstrap/dist/css/bootstrap.min.css responded 200 in 1.3393 ms
[19:30:36 INF] HTTP GET /lib/jquery/dist/jquery.min.js responded 304 in 0.1293 ms
[19:30:36 INF] HTTP GET /lib/bootstrap/dist/js/bootstrap.bundle.min.js responded 304 in 0.1584 ms
[19:30:36 INF] HTTP GET /js/site.js responded 304 in 0.0865 ms
[19:30:36 INF] HTTP GET /js/products-catalog-filter.js responded 200 in 1.0249 ms
[19:30:36 INF] HTTP GET /lib/jquery-validation-unobtrusive/dist/jquery.validate.unobtrusive.min.js responded 200 in 12.1448 ms
[19:30:36 INF] HTTP GET /lib/jquery-validation/dist/jquery.validate.min.js responded 200 in 23.3903 ms
[19:30:55 INF] HTTP GET /Insights responded 302 in 0.9989 ms
[19:30:55 INF] HTTP GET /Insights/Daily responded 200 in 27.2503 ms
[19:30:55 INF] HTTP GET /lib/bootstrap/dist/css/bootstrap.min.css responded 200 in 0.9473 ms
[19:30:55 INF] HTTP GET /Biktal.WebMVC.styles.css responded 200 in 2.0198 ms
[19:30:55 INF] HTTP GET /lib/jquery/dist/jquery.min.js responded 304 in 0.2908 ms
[19:30:55 INF] HTTP GET /lib/bootstrap/dist/js/bootstrap.bundle.min.js responded 304 in 0.1730 ms
[19:30:55 INF] HTTP GET /css/site.css responded 200 in 0.9792 ms
[19:30:55 INF] HTTP GET /js/site.js responded 304 in 0.1347 ms
[19:31:00 INF] HTTP GET /Insights/Sale responded 200 in 9.9417 ms
[19:31:00 INF] HTTP GET /lib/jquery/dist/jquery.min.js responded 304 in 0.0640 ms
[19:31:00 INF] HTTP GET /Biktal.WebMVC.styles.css responded 304 in 0.1604 ms
[19:31:00 INF] HTTP GET /lib/bootstrap/dist/css/bootstrap.min.css responded 304 in 0.0851 ms
[19:31:00 INF] HTTP GET /css/site.css responded 304 in 0.0851 ms
[19:31:00 INF] HTTP GET /lib/bootstrap/dist/js/bootstrap.bundle.min.js responded 304 in 0.0770 ms
[19:31:00 INF] HTTP GET /js/site.js responded 304 in 1.6701 ms
[19:33:12 INF] HTTP GET /Inventory/Products responded 200 in 291.9331 ms
[19:33:12 INF] HTTP GET /css/site.css responded 200 in 1.1206 ms
[19:33:12 INF] HTTP GET /lib/bootstrap/dist/css/bootstrap.min.css responded 200 in 2.8517 ms
[19:33:12 INF] HTTP GET /Biktal.WebMVC.styles.css responded 200 in 10.0973 ms
[19:33:13 INF] HTTP GET /lib/jquery/dist/jquery.min.js responded 200 in 1.2363 ms
[19:33:13 INF] HTTP GET /js/site.js responded 200 in 0.7281 ms
[19:33:13 INF] HTTP GET /lib/jquery-validation-unobtrusive/dist/jquery.validate.unobtrusive.min.js responded 200 in 0.5663 ms
[19:33:13 INF] HTTP GET /lib/bootstrap/dist/js/bootstrap.bundle.min.js responded 200 in 1.1019 ms
[19:33:13 INF] HTTP GET /lib/jquery-validation/dist/jquery.validate.min.js responded 200 in 0.5369 ms
[19:33:13 INF] HTTP GET /js/products-catalog-filter.js responded 200 in 0.4697 ms
[19:33:29 INF] HTTP GET /Insights responded 302 in 1.0070 ms
[19:33:29 INF] HTTP GET /Insights/Daily responded 200 in 55.0423 ms
[19:33:29 INF] HTTP GET /lib/bootstrap/dist/css/bootstrap.min.css responded 200 in 4.5469 ms
[19:33:29 INF] HTTP GET /css/site.css responded 200 in 0.7537 ms
[19:33:29 INF] HTTP GET /Biktal.WebMVC.styles.css responded 200 in 1.1030 ms
[19:33:29 INF] HTTP GET /lib/jquery/dist/jquery.min.js responded 304 in 0.1456 ms
[19:33:29 INF] HTTP GET /lib/bootstrap/dist/js/bootstrap.bundle.min.js responded 304 in 0.1840 ms
[19:33:29 INF] HTTP GET /js/site.js responded 304 in 0.1496 ms
[19:33:34 INF] HTTP GET /Insights/Sale responded 200 in 5.6907 ms
[19:33:34 INF] HTTP GET /lib/bootstrap/dist/css/bootstrap.min.css responded 304 in 0.2090 ms
[19:33:34 INF] HTTP GET /css/site.css responded 304 in 0.2277 ms
[19:33:34 INF] HTTP GET /Biktal.WebMVC.styles.css responded 304 in 0.1553 ms
[19:33:34 INF] HTTP GET /lib/bootstrap/dist/js/bootstrap.bundle.min.js responded 304 in 0.2439 ms
[19:33:34 INF] HTTP GET /lib/jquery/dist/jquery.min.js responded 304 in 0.1487 ms
[19:33:34 INF] HTTP GET /js/site.js responded 304 in 0.2620 ms
[19:36:17 INF] HTTP GET /Inventory/Products responded 200 in 195.4536 ms
[19:36:17 INF] HTTP GET /Biktal.WebMVC.styles.css responded 200 in 1.0440 ms
[19:36:17 INF] HTTP GET /lib/bootstrap/dist/css/bootstrap.min.css responded 200 in 1.8354 ms
[19:36:17 INF] HTTP GET /css/site.css responded 200 in 1.7081 ms
[19:36:18 INF] HTTP GET /lib/jquery/dist/jquery.min.js responded 200 in 0.5811 ms
[19:36:18 INF] HTTP GET /js/site.js responded 200 in 0.7727 ms
[19:36:18 INF] HTTP GET /lib/bootstrap/dist/js/bootstrap.bundle.min.js responded 200 in 0.8250 ms
[19:36:18 INF] HTTP GET /lib/jquery-validation/dist/jquery.validate.min.js responded 200 in 0.6110 ms
[19:36:18 INF] HTTP GET /lib/jquery-validation-unobtrusive/dist/jquery.validate.unobtrusive.min.js responded 200 in 0.7245 ms
[19:36:18 INF] HTTP GET /js/products-catalog-filter.js responded 200 in 1.8901 ms
[19:45:21 INF] HTTP GET / responded 200 in 157.4471 ms
[19:45:21 INF] HTTP GET /css/site.css responded 200 in 0.6735 ms
[19:45:21 INF] HTTP GET /Biktal.WebMVC.styles.css responded 200 in 0.5438 ms
[19:45:21 INF] HTTP GET /lib/jquery/dist/jquery.min.js responded 200 in 0.6384 ms
[19:45:21 INF] HTTP GET /lib/bootstrap/dist/js/bootstrap.bundle.min.js responded 200 in 0.6023 ms
[19:45:21 INF] HTTP GET /js/site.js responded 200 in 0.4951 ms
[19:45:21 INF] HTTP GET /js/pos.js responded 200 in 0.5504 ms
[19:45:21 INF] HTTP GET /lib/bootstrap/dist/css/bootstrap.min.css responded 200 in 0.6204 ms
[19:45:23 INF] HTTP GET /Inventory/Products responded 200 in 133.9168 ms
[19:45:23 INF] HTTP GET /lib/bootstrap/dist/css/bootstrap.min.css responded 304 in 0.1632 ms
[19:45:23 INF] HTTP GET /css/site.css responded 304 in 0.1292 ms
[19:45:23 INF] HTTP GET /Biktal.WebMVC.styles.css responded 304 in 0.2279 ms
[19:45:23 INF] HTTP GET /lib/jquery/dist/jquery.min.js responded 304 in 0.1333 ms
[19:45:23 INF] HTTP GET /js/site.js responded 304 in 0.1213 ms
[19:45:23 INF] HTTP GET /lib/bootstrap/dist/js/bootstrap.bundle.min.js responded 304 in 0.1045 ms
[19:45:23 INF] HTTP GET /lib/jquery-validation-unobtrusive/dist/jquery.validate.unobtrusive.min.js responded 200 in 0.7705 ms
[19:45:23 INF] HTTP GET /lib/jquery-validation/dist/jquery.validate.min.js responded 200 in 5.1441 ms
[19:45:23 INF] HTTP GET /js/products-catalog-filter.js responded 200 in 1.9267 ms
[19:45:48 INF] HTTP GET /Inventory/Products responded 200 in 233.3401 ms
[19:45:48 INF] HTTP GET /lib/bootstrap/dist/css/bootstrap.min.css responded 200 in 1.6370 ms
[19:45:48 INF] HTTP GET /Biktal.WebMVC.styles.css responded 304 in 0.0765 ms
[19:45:48 INF] HTTP GET /css/site.css responded 304 in 0.2731 ms
[19:45:49 INF] HTTP GET /lib/jquery/dist/jquery.min.js responded 304 in 0.0897 ms
[19:45:49 INF] HTTP GET /lib/bootstrap/dist/js/bootstrap.bundle.min.js responded 304 in 0.2936 ms
[19:45:49 INF] HTTP GET /js/site.js responded 304 in 0.2028 ms
[19:45:49 INF] HTTP GET /lib/jquery-validation/dist/jquery.validate.min.js responded 304 in 0.2096 ms
[19:45:49 INF] HTTP GET /lib/jquery-validation-unobtrusive/dist/jquery.validate.unobtrusive.min.js responded 304 in 0.0901 ms
[19:45:49 INF] HTTP GET /js/products-catalog-filter.js responded 304 in 1.6128 ms
[19:45:57 INF] HTTP POST /Inventory/EditProduct responded 302 in 78.1949 ms
[19:45:57 INF] HTTP GET /Inventory/Products responded 200 in 78.0903 ms
[19:45:57 INF] HTTP GET /css/site.css responded 304 in 0.1358 ms
[19:45:57 INF] HTTP GET /Biktal.WebMVC.styles.css responded 304 in 0.1944 ms
[19:45:57 INF] HTTP GET /lib/bootstrap/dist/css/bootstrap.min.css responded 200 in 1.3750 ms
[19:45:58 INF] HTTP GET /lib/jquery/dist/jquery.min.js responded 304 in 0.0793 ms
[19:45:58 INF] HTTP GET /lib/bootstrap/dist/js/bootstrap.bundle.min.js responded 304 in 0.1312 ms
[19:45:58 INF] HTTP GET /lib/jquery-validation/dist/jquery.validate.min.js responded 304 in 0.1019 ms
[19:45:58 INF] HTTP GET /js/site.js responded 304 in 0.1248 ms
[19:45:58 INF] HTTP GET /js/products-catalog-filter.js responded 304 in 0.1612 ms
[19:45:58 INF] HTTP GET /lib/jquery-validation-unobtrusive/dist/jquery.validate.unobtrusive.min.js responded 304 in 0.0995 ms
[19:49:05 INF] HTTP GET / responded 200 in 25.1866 ms
[19:49:05 INF] HTTP GET /css/site.css responded 200 in 3.7961 ms
[19:49:05 INF] HTTP GET /lib/bootstrap/dist/css/bootstrap.min.css responded 200 in 1.7156 ms
[19:49:05 INF] HTTP GET /Biktal.WebMVC.styles.css responded 200 in 0.6178 ms
[19:49:05 INF] HTTP GET /js/site.js responded 200 in 0.9590 ms
[19:49:05 INF] HTTP GET /js/pos.js responded 200 in 0.9156 ms
[19:49:05 INF] HTTP GET /lib/bootstrap/dist/js/bootstrap.bundle.min.js responded 200 in 0.7769 ms
[19:49:05 INF] HTTP GET /lib/jquery/dist/jquery.min.js responded 200 in 8.7341 ms
[19:49:20 INF] HTTP POST /Pos/CompleteSale responded 200 in 142.3089 ms
[19:50:32 INF] HTTP POST /Pos/CompleteSale responded 200 in 323.2028 ms
[19:51:40 INF] HTTP GET /Account/Login responded 302 in 11.5547 ms
[19:51:40 INF] HTTP GET /Inventory/Products responded 200 in 81.5133 ms
[19:51:40 INF] HTTP GET /css/site.css responded 200 in 1.6004 ms
[19:51:40 INF] HTTP GET /lib/bootstrap/dist/css/bootstrap.min.css responded 200 in 0.7556 ms
[19:51:40 INF] HTTP GET /Biktal.WebMVC.styles.css responded 200 in 0.9051 ms
[19:51:41 INF] HTTP GET /lib/jquery/dist/jquery.min.js responded 200 in 0.6937 ms
[19:51:41 INF] HTTP GET /lib/bootstrap/dist/js/bootstrap.bundle.min.js responded 200 in 1.0842 ms
[19:51:41 INF] HTTP GET /js/site.js responded 200 in 0.5605 ms
[19:51:41 INF] HTTP GET /lib/jquery-validation/dist/jquery.validate.min.js responded 200 in 1.9498 ms
[19:51:41 INF] HTTP GET /js/products-catalog-filter.js responded 200 in 1.4134 ms
[19:51:41 INF] HTTP GET /lib/jquery-validation-unobtrusive/dist/jquery.validate.unobtrusive.min.js responded 200 in 1.4879 ms
[19:53:46 INF] HTTP GET /Finance responded 200 in 142.9137 ms
[19:53:46 INF] HTTP GET /Biktal.WebMVC.styles.css responded 200 in 1.0708 ms
[19:53:46 INF] HTTP GET /lib/bootstrap/dist/css/bootstrap.min.css responded 200 in 4.0081 ms
[19:53:46 INF] HTTP GET /css/site.css responded 200 in 1.8255 ms
[19:53:46 INF] HTTP GET /lib/jquery/dist/jquery.min.js responded 200 in 0.9522 ms
[19:53:46 INF] HTTP GET /lib/bootstrap/dist/js/bootstrap.bundle.min.js responded 200 in 7.4240 ms
[19:53:46 INF] HTTP GET /js/site.js responded 200 in 7.1973 ms
[19:53:49 INF] HTTP GET /Finance/Cashbox responded 200 in 472.0077 ms
[19:53:49 INF] HTTP GET /lib/bootstrap/dist/css/bootstrap.min.css responded 304 in 0.2094 ms
[19:53:49 INF] HTTP GET /css/site.css responded 304 in 0.0976 ms
[19:53:49 INF] HTTP GET /Biktal.WebMVC.styles.css responded 304 in 0.0978 ms
[19:53:49 INF] HTTP GET /lib/jquery/dist/jquery.min.js responded 304 in 0.1810 ms
[19:53:49 INF] HTTP GET /lib/bootstrap/dist/js/bootstrap.bundle.min.js responded 304 in 0.1668 ms
[19:53:49 INF] HTTP GET /js/site.js responded 304 in 0.1989 ms
[19:53:49 INF] HTTP GET /lib/jquery-validation/dist/jquery.validate.min.js responded 200 in 0.5532 ms
[19:53:49 INF] HTTP GET /lib/jquery-validation-unobtrusive/dist/jquery.validate.unobtrusive.min.js responded 200 in 2.4101 ms
[19:54:31 INF] HTTP POST /Finance/CloseCashboxSession responded 302 in 171.6295 ms
[19:54:31 INF] HTTP GET /Finance/Cashbox responded 200 in 33.5197 ms
[19:54:31 INF] HTTP GET /lib/bootstrap/dist/css/bootstrap.min.css responded 200 in 1.1363 ms
[19:54:31 INF] HTTP GET /Biktal.WebMVC.styles.css responded 304 in 0.1195 ms
[19:54:31 INF] HTTP GET /lib/bootstrap/dist/js/bootstrap.bundle.min.js responded 304 in 0.0937 ms
[19:54:31 INF] HTTP GET /lib/jquery/dist/jquery.min.js responded 304 in 0.0867 ms
[19:54:31 INF] HTTP GET /css/site.css responded 304 in 0.0827 ms
[19:54:31 INF] HTTP GET /lib/jquery-validation-unobtrusive/dist/jquery.validate.unobtrusive.min.js responded 304 in 0.1142 ms
[19:54:31 INF] HTTP GET /js/site.js responded 304 in 0.1431 ms
[19:54:31 INF] HTTP GET /lib/jquery-validation/dist/jquery.validate.min.js responded 304 in 0.3616 ms
[19:55:38 INF] HTTP POST /Finance/OpenCashboxSession responded 302 in 302.5592 ms
[19:55:38 INF] HTTP GET /Finance/Cashbox responded 200 in 72.8506 ms
[19:55:38 INF] HTTP GET /lib/bootstrap/dist/css/bootstrap.min.css responded 200 in 0.6693 ms
[19:55:38 INF] HTTP GET /css/site.css responded 200 in 1.3038 ms
[19:55:38 INF] HTTP GET /Biktal.WebMVC.styles.css responded 200 in 0.5119 ms
[19:55:38 INF] HTTP GET /lib/jquery/dist/jquery.min.js responded 200 in 0.5181 ms
[19:55:38 INF] HTTP GET /js/site.js responded 200 in 0.3284 ms
[19:55:38 INF] HTTP GET /lib/jquery-validation/dist/jquery.validate.min.js responded 200 in 2.6952 ms
[19:55:38 INF] HTTP GET /lib/bootstrap/dist/js/bootstrap.bundle.min.js responded 200 in 1.0822 ms
[19:55:38 INF] HTTP GET /lib/jquery-validation-unobtrusive/dist/jquery.validate.unobtrusive.min.js responded 200 in 0.6581 ms
[19:56:03 INF] HTTP GET /Insights responded 302 in 0.5780 ms
[19:56:03 INF] HTTP GET /Insights/Daily responded 200 in 55.2210 ms
[19:56:03 INF] HTTP GET /lib/bootstrap/dist/css/bootstrap.min.css responded 200 in 0.7341 ms
[19:56:03 INF] HTTP GET /css/site.css responded 200 in 0.5124 ms
[19:56:03 INF] HTTP GET /lib/jquery/dist/jquery.min.js responded 304 in 0.6176 ms
[19:56:03 INF] HTTP GET /Biktal.WebMVC.styles.css responded 200 in 0.5551 ms
[19:56:03 INF] HTTP GET /js/site.js responded 304 in 0.1759 ms
[19:56:03 INF] HTTP GET /lib/bootstrap/dist/js/bootstrap.bundle.min.js responded 304 in 0.1163 ms
[19:56:06 INF] HTTP GET /Insights/Monthly responded 200 in 81.7649 ms
[19:56:06 INF] HTTP GET /lib/bootstrap/dist/css/bootstrap.min.css responded 304 in 0.1482 ms
[19:56:06 INF] HTTP GET /css/site.css responded 30