[12:00:35 WRN] Using an in-memory repository. Keys will not be persisted to storage.
[12:00:35 WRN] Neither user profile nor HKLM registry available. Using an ephemeral key repository. Protected data will be unavailable when application exits.
[12:00:35 WRN] No XML encryptor configured. Key {a826801c-d823-40b4-a7b3-e09321edf40e} may be persisted to storage in unencrypted form.
[12:00:35 INF] Application started. Press Ctrl+C to shut down.
[12:00:35 INF] Hosting environment: Production
[12:00:35 INF] Content root path: D:\Systems\BiktalSystems\publish
[12:00:35 INF] HTTP GET /Account/Login responded 302 in 137.0772 ms
[12:00:36 ERR] An exception was thrown while deserializing the token.
Microsoft.AspNetCore.Antiforgery.AntiforgeryValidationException: The antiforgery token could not be decrypted.
 ---> System.Security.Cryptography.CryptographicException: The key {50bbd456-641b-452b-b7f9-36d75da6fdc2} was not found in the key ring. For more information go to https://aka.ms/aspnet/dataprotectionwarning
   at Microsoft.AspNetCore.DataProtection.KeyManagement.KeyRingBasedDataProtector.UnprotectCore(Byte[] protectedData, Boolean allowOperationsOnRevokedKeys, UnprotectStatus& status)
   at Microsoft.AspNetCore.DataProtection.KeyManagement.KeyRingBasedDataProtector.Unprotect(Byte[] protectedData)
   at Microsoft.AspNetCore.Antiforgery.DefaultAntiforgeryTokenSerializer.Deserialize(String serializedToken)
   --- End of inner exception stack trace ---
   at Microsoft.AspNetCore.Antiforgery.DefaultAntiforgeryTokenSerializer.Deserialize(String serializedToken)
   at Microsoft.AspNetCore.Antiforgery.DefaultAntiforgery.GetCookieTokenDoesNotThrow(HttpContext httpContext)
[12:00:36 INF] HTTP GET /Inventory/Products responded 200 in 871.6363 ms
[12:00:36 INF] HTTP GET /Biktal.WebMVC.styles.css responded 200 in 49.1280 ms
[12:00:36 INF] HTTP GET /css/site.css responded 200 in 53.4114 ms
[12:00:36 INF] HTTP GET /lib/bootstrap/dist/css/bootstrap.min.css responded 200 in 50.4701 ms
[12:00:37 INF] HTTP GET /lib/jquery/dist/jquery.min.js responded 200 in 13.7947 ms
[12:00:37 INF] HTTP GET /lib/jquery-validation/dist/jquery.validate.min.js responded 200 in 51.2074 ms
[12:00:37 INF] HTTP GET /lib/bootstrap/dist/js/bootstrap.bundle.min.js responded 200 in 57.3298 ms
[12:00:37 INF] HTTP GET /lib/jquery-validation-unobtrusive/dist/jquery.validate.unobtrusive.min.js responded 200 in 55.0665 ms
[12:00:37 INF] HTTP GET /js/products-catalog-filter.js responded 200 in 56.7670 ms
[12:00:37 INF] HTTP GET /js/site.js responded 200 in 60.5854 ms
[12:21:05 INF] Application is shutting down...
