[15:48:57 ERR] Failed executing DbCommand (8ms) [Parameters=[@p0='?' (DbType = Guid), @p1='?' (DbType = DateTime), @p2='?' (DbType = Guid), @p3='?', @p4='?' (DbType = DateTime), @p5='?' (DbType = Int32), @p6='?' (DbType = Int32), @p7='?', @p8='?', @p9='?' (DbType = Guid), @p10='?' (DbType = DateTime), @p11='?' (DbType = Guid), @p12='?', @p13='?' (DbType = DateTime), @p14='?' (DbType = Int32), @p15='?' (DbType = Int32), @p16='?', @p17='?'], CommandType='Text', CommandTimeout='30']
INSERT INTO "CrmSupportTickets" ("Id", "CreatedAtUtc", "CustomerId", "Description", "ModifiedAtUtc", "Priority", "Status", "Subject", "TicketNumber")
VALUES (@p0, @p1, @p2, @p3, @p4, @p5, @p6, @p7, @p8);
INSERT INTO "CrmSupportTickets" ("Id", "CreatedAtUtc", "CustomerId", "Description", "ModifiedAtUtc", "Priority", "Status", "Subject", "TicketNumber")
VALUES (@p9, @p10, @p11, @p12, @p13, @p14, @p15, @p16, @p17);
[15:48:57 ERR] An exception occurred in the database while saving changes for context type 'Biktal.Infrastructure.Persistence.ApplicationDbContext'.
Microsoft.EntityFrameworkCore.DbUpdateException: An error occurred while saving the entity changes. See the inner exception for details.
 ---> Npgsql.PostgresException (0x80004005): 23503: insert or update on table "CrmSupportTickets" violates foreign key constraint "FK_CrmSupportTickets_CrmCustomers_CustomerId"

DETAIL: Detail redacted as it may contain sensitive data. Specify 'Include Error Detail' in the connection string to include this information.
   at Npgsql.Internal.NpgsqlConnector.ReadMessageLong(Boolean async, DataRowLoadingMode dataRowLoadingMode, Boolean readingNotifications, Boolean isReadingPrependedMessage)
   at System.Runtime.CompilerServices.PoolingAsyncValueTaskMethodBuilder`1.StateMachineBox`1.System.Threading.Tasks.Sources.IValueTaskSource<TResult>.GetResult(Int16 token)
   at Npgsql.NpgsqlDataReader.NextResult(Boolean async, Boolean isConsuming, CancellationToken cancellationToken)
   at Npgsql.NpgsqlDataReader.NextResult(Boolean async, Boolean isConsuming, CancellationToken cancellationToken)
   at Npgsql.NpgsqlCommand.ExecuteReader(Boolean async, CommandBehavior behavior, CancellationToken cancellationToken)
   at Npgsql.NpgsqlCommand.ExecuteReader(Boolean async, CommandBehavior behavior, CancellationToken cancellationToken)
   at Npgsql.NpgsqlCommand.ExecuteDbDataReaderAsync(CommandBehavior behavior, CancellationToken cancellationToken)
   at Microsoft.EntityFrameworkCore.Storage.RelationalCommand.ExecuteReaderAsync(RelationalCommandParameterObject parameterObject, CancellationToken cancellationToken)
   at Microsoft.EntityFrameworkCore.Storage.RelationalCommand.ExecuteReaderAsync(RelationalCommandParameterObject parameterObject, CancellationToken cancellationToken)
   at Microsoft.EntityFrameworkCore.Update.ReaderModificationCommandBatch.ExecuteAsync(IRelationalConnection connection, CancellationToken cancellationToken)
  Exception data:
    Severity: ERROR
    SqlState: 23503
    MessageText: insert or update on table "CrmSupportTickets" violates foreign key constraint "FK_CrmSupportTickets_CrmCustomers_CustomerId"
    Detail: Detail redacted as it may contain sensitive data. Specify 'Include Error Detail' in the connection string to include this information.
    SchemaName: public
    TableName: CrmSupportTickets
    ConstraintName: FK_CrmSupportTickets_CrmCustomers_CustomerId
    File: ri_triggers.c
    Line: 2783
    Routine: ri_ReportViolation
   --- End of inner exception stack trace ---
   at Microsoft.EntityFrameworkCore.Update.ReaderModificationCommandBatch.ExecuteAsync(IRelationalConnection connection, CancellationToken cancellationToken)
   at Microsoft.EntityFrameworkCore.Update.Internal.BatchExecutor.ExecuteAsync(IEnumerable`1 commandBatches, IRelationalConnection connection, CancellationToken cancellationToken)
   at Microsoft.EntityFrameworkCore.Update.Internal.BatchExecutor.ExecuteAsync(IEnumerable`1 commandBatches, IRelationalConnection connection, CancellationToken cancellationToken)
   at Microsoft.EntityFrameworkCore.Update.Internal.BatchExecutor.ExecuteAsync(IEnumerable`1 commandBatches, IRelationalConnection connection, CancellationToken cancellationToken)
   at Microsoft.EntityFrameworkCore.Storage.RelationalDatabase.SaveChangesAsync(IList`1 entries, CancellationToken cancellationToken)
   at Microsoft.EntityFrameworkCore.ChangeTracking.Internal.StateManager.SaveChangesAsync(IList`1 entriesToSave, CancellationToken cancellationToken)
   at Microsoft.EntityFrameworkCore.ChangeTracking.Internal.StateManager.SaveChangesAsync(StateManager stateManager, Boolean acceptAllChangesOnSuccess, CancellationToken cancellationToken)
   at Npgsql.EntityFrameworkCore.PostgreSQL.Storage.Internal.NpgsqlExecutionStrategy.ExecuteAsync[TState,TResult](TState state, Func`4 operation, Func`4 verifySucceeded, CancellationToken cancellationToken)
   at Microsoft.EntityFrameworkCore.DbContext.SaveChangesAsync(Boolean acceptAllChangesOnSuccess, CancellationToken cancellationToken)
Microsoft.EntityFrameworkCore.DbUpdateException: An error occurred while saving the entity changes. See the inner exception for details.
 ---> Npgsql.PostgresException (0x80004005): 23503: insert or update on table "CrmSupportTickets" violates foreign key constraint "FK_CrmSupportTickets_CrmCustomers_CustomerId"

DETAIL: Detail redacted as it may contain sensitive data. Specify 'Include Error Detail' in the connection string to include this information.
   at Npgsql.Internal.NpgsqlConnector.ReadMessageLong(Boolean async, DataRowLoadingMode dataRowLoadingMode, Boolean readingNotifications, Boolean isReadingPrependedMessage)
   at System.Runtime.CompilerServices.PoolingAsyncValueTaskMethodBuilder`1.StateMachineBox`1.System.Threading.Tasks.Sources.IValueTaskSource<TResult>.GetResult(Int16 token)
   at Npgsql.NpgsqlDataReader.NextResult(Boolean async, Boolean isConsuming, CancellationToken cancellationToken)
   at Npgsql.NpgsqlDataReader.NextResult(Boolean async, Boolean isConsuming, CancellationToken cancellationToken)
   at Npgsql.NpgsqlCommand.ExecuteReader(Boolean async, CommandBehavior behavior, CancellationToken cancellationToken)
   at Npgsql.NpgsqlCommand.ExecuteReader(Boolean async, CommandBehavior behavior, CancellationToken cancellationToken)
   at Npgsql.NpgsqlCommand.ExecuteDbDataReaderAsync(CommandBehavior behavior, CancellationToken cancellationToken)
   at Microsoft.EntityFrameworkCore.Storage.RelationalCommand.ExecuteReaderAsync(RelationalCommandParameterObject parameterObject, CancellationToken cancellationToken)
   at Microsoft.EntityFrameworkCore.Storage.RelationalCommand.ExecuteReaderAsync(RelationalCommandParameterObject parameterObject, CancellationToken cancellationToken)
   at Microsoft.EntityFrameworkCore.Update.ReaderModificationCommandBatch.ExecuteAsync(IRelationalConnection connection, CancellationToken cancellationToken)
  Exception data:
    Severity: ERROR
    SqlState: 23503
    MessageText: insert or update on table "CrmSupportTickets" violates foreign key constraint "FK_CrmSupportTickets_CrmCustomers_CustomerId"
    Detail: Detail redacted as it may contain sensitive data. Specify 'Include Error Detail' in the connection string to include this information.
    SchemaName: public
    TableName: CrmSupportTickets
    ConstraintName: FK_CrmSupportTickets_CrmCustomers_CustomerId
    File: ri_triggers.c
    Line: 2783
    Routine: ri_ReportViolation
   --- End of inner exception stack trace ---
   at Microsoft.EntityFrameworkCore.Update.ReaderModificationCommandBatch.ExecuteAsync(IRelationalConnection connection, CancellationToken cancellationToken)
   at Microsoft.EntityFrameworkCore.Update.Internal.BatchExecutor.ExecuteAsync(IEnumerable`1 commandBatches, IRelationalConnection connection, CancellationToken cancellationToken)
   at Microsoft.EntityFrameworkCore.Update.Internal.BatchExecutor.ExecuteAsync(IEnumerable`1 commandBatches, IRelationalConnection connection, CancellationToken cancellationToken)
   at Microsoft.EntityFrameworkCore.Update.Internal.BatchExecutor.ExecuteAsync(IEnumerable`1 commandBatches, IRelationalConnection connection, CancellationToken cancellationToken)
   at Microsoft.EntityFrameworkCore.Storage.RelationalDatabase.SaveChangesAsync(IList`1 entries, CancellationToken cancellationToken)
   at Microsoft.EntityFrameworkCore.ChangeTracking.Internal.StateManager.SaveChangesAsync(IList`1 entriesToSave, CancellationToken cancellationToken)
   at Microsoft.EntityFrameworkCore.ChangeTracking.Internal.StateManager.SaveChangesAsync(StateManager stateManager, Boolean acceptAllChangesOnSuccess, CancellationToken cancellationToken)
   at Npgsql.EntityFrameworkCore.PostgreSQL.Storage.Internal.NpgsqlExecutionStrategy.ExecuteAsync[TState,TResult](TState state, Func`4 operation, Func`4 verifySucceeded, CancellationToken cancellationToken)
   at Microsoft.EntityFrameworkCore.DbContext.SaveChangesAsync(Boolean acceptAllChangesOnSuccess, CancellationToken cancellationToken)
[15:48:57 ERR] Database migration or seed failed. Check PostgreSQL is running and ConnectionStrings:DefaultConnection is correct.
Microsoft.EntityFrameworkCore.DbUpdateException: An error occurred while saving the entity changes. See the inner exception for details.
 ---> Npgsql.PostgresException (0x80004005): 23503: insert or update on table "CrmSupportTickets" violates foreign key constraint "FK_CrmSupportTickets_CrmCustomers_CustomerId"

DETAIL: Detail redacted as it may contain sensitive data. Specify 'Include Error Detail' in the connection string to include this information.
   at Npgsql.Internal.NpgsqlConnector.ReadMessageLong(Boolean async, DataRowLoadingMode dataRowLoadingMode, Boolean readingNotifications, Boolean isReadingPrependedMessage)
   at System.Runtime.CompilerServices.PoolingAsyncValueTaskMethodBuilder`1.StateMachineBox`1.System.Threading.Tasks.Sources.IValueTaskSource<TResult>.GetResult(Int16 token)
   at Npgsql.NpgsqlDataReader.NextResult(Boolean async, Boolean isConsuming, CancellationToken cancellationToken)
   at Npgsql.NpgsqlDataReader.NextResult(Boolean async, Boolean isConsuming, CancellationToken cancellationToken)
   at Npgsql.NpgsqlCommand.ExecuteReader(Boolean async, CommandBehavior behavior, CancellationToken cancellationToken)
   at Npgsql.NpgsqlCommand.ExecuteReader(Boolean async, CommandBehavior behavior, CancellationToken cancellationToken)
   at Npgsql.NpgsqlCommand.ExecuteDbDataReaderAsync(CommandBehavior behavior, CancellationToken cancellationToken)
   at Microsoft.EntityFrameworkCore.Storage.RelationalCommand.ExecuteReaderAsync(RelationalCommandParameterObject parameterObject, CancellationToken cancellationToken)
   at Microsoft.EntityFrameworkCore.Storage.RelationalCommand.ExecuteReaderAsync(RelationalCommandParameterObject parameterObject, CancellationToken cancellationToken)
   at Microsoft.EntityFrameworkCore.Update.ReaderModificationCommandBatch.ExecuteAsync(IRelationalConnection connection, CancellationToken cancellationToken)
  Exception data:
    Severity: ERROR
    SqlState: 23503
    MessageText: insert or update on table "CrmSupportTickets" violates foreign key constraint "FK_CrmSupportTickets_CrmCustomers_CustomerId"
    Detail: Detail redacted as it may contain sensitive data. Specify 'Include Error Detail' in the connection string to include this information.
    SchemaName: public
    TableName: CrmSupportTickets
    ConstraintName: FK_CrmSupportTickets_CrmCustomers_CustomerId
    File: ri_triggers.c
    Line: 2783
    Routine: ri_ReportViolation
   --- End of inner exception stack trace ---
   at Microsoft.EntityFrameworkCore.Update.ReaderModificationCommandBatch.ExecuteAsync(IRelationalConnection connection, CancellationToken cancellationToken)
   at Microsoft.EntityFrameworkCore.Update.Internal.BatchExecutor.ExecuteAsync(IEnumerable`1 commandBatches, IRelationalConnection connection, CancellationToken cancellationToken)
   at Microsoft.EntityFrameworkCore.Update.Internal.BatchExecutor.ExecuteAsync(IEnumerable`1 commandBatches, IRelationalConnection connection, CancellationToken cancellationToken)
   at Microsoft.EntityFrameworkCore.Update.Internal.BatchExecutor.ExecuteAsync(IEnumerable`1 commandBatches, IRelationalConnection connection, CancellationToken cancellationToken)
   at Microsoft.EntityFrameworkCore.Storage.RelationalDatabase.SaveChangesAsync(IList`1 entries, CancellationToken cancellationToken)
   at Microsoft.EntityFrameworkCore.ChangeTracking.Internal.StateManager.SaveChangesAsync(IList`1 entriesToSave, CancellationToken cancellationToken)
   at Microsoft.EntityFrameworkCore.ChangeTracking.Internal.StateManager.SaveChangesAsync(StateManager stateManager, Boolean acceptAllChangesOnSuccess, CancellationToken cancellationToken)
   at Npgsql.EntityFrameworkCore.PostgreSQL.Storage.Internal.NpgsqlExecutionStrategy.ExecuteAsync[TState,TResult](TState state, Func`4 operation, Func`4 verifySucceeded, CancellationToken cancellationToken)
   at Microsoft.EntityFrameworkCore.DbContext.SaveChangesAsync(Boolean acceptAllChangesOnSuccess, CancellationToken cancellationToken)
   at Microsoft.EntityFrameworkCore.DbContext.SaveChangesAsync(Boolean acceptAllChangesOnSuccess, CancellationToken cancellationToken)
   at Biktal.Infrastructure.Persistence.CrmDataSeeder.SeedIfEmptyAsync(ApplicationDbContext db, CancellationToken cancellationToken)
   at Program.<Main>$(String[] args) in d:\Systems\BiktalSystems\Program.cs:line 71
[15:48:57 WRN] Continuing without a successful migration/seed. Auth and data pages may fail until the database is available.
[15:48:57 WRN] Using an in-memory repository. Keys will not be persisted to storage.
[15:48:57 WRN] Neither user profile nor HKLM registry available. Using an ephemeral key repository. Protected data will be unavailable when application exits.
[15:48:57 WRN] No XML encryptor configured. Key {e684ff6a-7bcf-45a5-82c8-b53097eda356} may be persisted to storage in unencrypted form.
[15:48:57 INF] Application started. Press Ctrl+C to shut down.
[15:48:57 INF] Hosting environment: Production
[15:48:57 INF] Content root path: D:\Systems\BiktalSystems\publish
[15:48:57 INF] HTTP GET /Pos responded 302 in 86.2189 ms
[15:48:57 ERR] An exception was thrown while deserializing the token.
Microsoft.AspNetCore.Antiforgery.AntiforgeryValidationException: The antiforgery token could not be decrypted.
 ---> System.Security.Cryptography.CryptographicException: The key {deb322ea-9343-44de-b9bf-44bf39807951} was not found in the key ring. For more information go to https://aka.ms/aspnet/dataprotectionwarning
   at Microsoft.AspNetCore.DataProtection.KeyManagement.KeyRingBasedDataProtector.UnprotectCore(Byte[] protectedData, Boolean allowOperationsOnRevokedKeys, UnprotectStatus& status)
   at Microsoft.AspNetCore.DataProtection.KeyManagement.KeyRingBasedDataProtector.Unprotect(Byte[] protectedData)
   at Microsoft.AspNetCore.Antiforgery.DefaultAntiforgeryTokenSerializer.Deserialize(String serializedToken)
   --- End of inner exception stack trace ---
   at Microsoft.AspNetCore.Antiforgery.DefaultAntiforgeryTokenSerializer.Deserialize(String serializedToken)
   at Microsoft.AspNetCore.Antiforgery.DefaultAntiforgery.GetCookieTokenDoesNotThrow(HttpContext httpContext)
[15:48:57 INF] HTTP GET /Account/Login responded 200 in 253.4401 ms
[15:48:57 INF] HTTP GET /lib/jquery-validation-unobtrusive/dist/jquery.validate.unobtrusive.min.js responded 200 in 62.8516 ms
[15:48:57 INF] HTTP GET /Biktal.WebMVC.styles.css responded 200 in 95.8428 ms
[15:48:57 INF] HTTP GET /js/site.js responded 200 in 93.4133 ms
[15:48:57 INF] HTTP GET /css/site.css responded 200 in 101.2076 ms
[15:48:57 INF] HTTP GET /lib/jquery-validation/dist/jquery.validate.min.js responded 200 in 95.4925 ms
[15:48:57 INF] HTTP GET /lib/bootstrap/dist/css/bootstrap.min.css responded 200 in 100.2994 ms
[15:48:57 INF] HTTP GET /lib/jquery/dist/jquery.min.js responded 200 in 96.7851 ms
[15:48:57 INF] HTTP GET /lib/bootstrap/dist/js/bootstrap.bundle.min.js responded 200 in 97.1685 ms
[15:48:58 INF] HTTP GET /favicon.ico responded 200 in 26.4073 ms
[15:49:08 INF] HTTP POST /Account/Login responded 302 in 587.3930 ms
[15:49:08 WRN] The query uses the 'First'/'FirstOrDefault' operator without 'OrderBy' and filter operators. This may lead to unpredictable results.
[15:49:09 INF] HTTP GET /Pos responded 200 in 110.3149 ms
[15:49:09 INF] HTTP GET /Biktal.WebMVC.styles.css responded 200 in 3.0459 ms
[15:49:09 INF] HTTP GET /lib/bootstrap/dist/css/bootstrap.min.css responded 200 in 16.4025 ms
[15:49:09 INF] HTTP GET /css/site.css responded 200 in 4.7786 ms
[15:49:09 INF] HTTP GET /js/site.js responded 304 in 54.5597 ms
[15:49:09 INF] HTTP GET /lib/jquery/dist/jquery.min.js responded 304 in 57.0609 ms
[15:49:09 INF] HTTP GET /js/pos.js responded 200 in 25.4169 ms
[15:49:09 INF] HTTP GET /lib/bootstrap/dist/js/bootstrap.bundle.min.js responded 304 in 197.8923 ms
[15:49:20 INF] HTTP POST /Pos/CompleteSale responded 200 in 748.8678 ms
[15:50:12 INF] HTTP GET /Inventory responded 200 in 276.3165 ms
[15:50:12 INF] HTTP GET /css/site.css responded 200 in 2.5994 ms
[15:50:12 INF] HTTP GET /lib/bootstrap/dist/css/bootstrap.min.css responded 200 in 2.7911 ms
[15:50:12 INF] HTTP GET /Biktal.WebMVC.styles.css responded 200 in 1.9166 ms
[15:50:12 INF] HTTP GET /lib/jquery/dist/jquery.min.js responded 200 in 2.3130 ms
[15:50:12 INF] HTTP GET /lib/bootstrap/dist/js/bootstrap.bundle.min.js responded 200 in 1.9782 ms
[15:50:12 INF] HTTP GET /js/site.js responded 200 in 3.3429 ms
[15:50:15 INF] HTTP GET /Inventory/Products responded 200 in 298.1205 ms
[15:50:15 INF] HTTP GET /lib/bootstrap/dist/css/bootstrap.min.css responded 304 in 1.0829 ms
[15:50:15 INF] HTTP GET /css/site.css responded 304 in 0.8764 ms
[15:50:15 INF] HTTP GET /Biktal.WebMVC.styles.css responded 304 in 0.8435 ms
[15:50:16 INF] HTTP GET /lib/jquery/dist/jquery.min.js responded 304 in 0.6895 ms
[15:50:16 INF] HTTP GET /lib/bootstrap/dist/js/bootstrap.bundle.min.js responded 304 in 0.7579 ms
[15:50:16 INF] HTTP GET /js/site.js responded 304 in 0.6726 ms
[15:50:16 INF] HTTP GET /js/products-catalog-filter.js responded 200 in 1.3929 ms
[15:50:16 INF] HTTP GET /lib/jquery-validation-unobtrusive/dist/jquery.validate.unobtrusive.min.js responded 200 in 17.0564 ms
[15:50:16 INF] HTTP GET /lib/jquery-validation/dist/jquery.validate.min.js responded 200 in 26.8992 ms
[15:50:33 INF] HTTP GET /Inventory/Products responded 200 in 144.1845 ms
[15:50:33 INF] HTTP GET /lib/bootstrap/dist/css/bootstrap.min.css responded 304 in 1.3068 ms
[15:50:33 INF] HTTP GET /Biktal.WebMVC.styles.css responded 304 in 1.0130 ms
[15:50:33 INF] HTTP GET /css/site.css responded 304 in 1.4649 ms
[15:50:34 INF] HTTP GET /lib/jquery/dist/jquery.min.js responded 304 in 0.6199 ms
[15:50:34 INF] HTTP GET /lib/bootstrap/dist/js/bootstrap.bundle.min.js responded 304 in 0.5653 ms
[15:50:34 INF] HTTP GET /js/site.js responded 304 in 0.5720 ms
[15:50:34 INF] HTTP GET /lib/jquery-validation/dist/jquery.validate.min.js responded 304 in 0.6277 ms
[15:50:34 INF] HTTP GET /lib/jquery-validation-unobtrusive/dist/jquery.validate.unobtrusive.min.js responded 304 in 0.7825 ms
[15:50:34 INF] HTTP GET /js/products-catalog-filter.js responded 304 in 2.5140 ms
[15:50:50 INF] HTTP POST /Inventory/EditProduct responded 302 in 75.9306 ms
[15:50:50 INF] HTTP GET /Inventory/Products responded 200 in 66.0876 ms
[15:50:50 INF] HTTP GET /css/site.css responded 304 in 0.7452 ms
[15:50:50 INF] HTTP GET /lib/bootstrap/dist/css/bootstrap.min.css responded 304 in 0.8213 ms
[15:50:50 INF] HTTP GET /Biktal.WebMVC.styles.css responded 304 in 0.6169 ms
[15:50:51 INF] HTTP GET /lib/jquery/dist/jquery.min.js responded 304 in 0.7338 ms
[15:50:51 INF] HTTP GET /lib/bootstrap/dist/js/bootstrap.bundle.min.js responded 304 in 0.8828 ms
[15:50:51 INF] HTTP GET /js/site.js responded 304 in 0.5216 ms
[15:50:51 INF] HTTP GET /js/products-catalog-filter.js responded 304 in 0.9595 ms
[15:50:51 INF] HTTP GET /lib/jquery-validation/dist/jquery.validate.min.js responded 304 in 2.2721 ms
[15:50:51 INF] HTTP GET /lib/jquery-validation-unobtrusive/dist/jquery.validate.unobtrusive.min.js responded 304 in 4.1668 ms
[15:50:55 INF] HTTP GET /Inventory/Products responded 200 in 68.0604 ms
[15:50:55 INF] HTTP GET /Biktal.WebMVC.styles.css responded 304 in 0.5664 ms
[15:50:55 INF] HTTP GET /lib/bootstrap/dist/css/bootstrap.min.css responded 200 in 2.8935 ms
[15:50:55 INF] HTTP GET /css/site.css responded 304 in 2.8079 ms
[15:50:56 INF] HTTP GET /lib/jquery/dist/jquery.min.js responded 304 in 1.6737 ms
[15:50:56 INF] HTTP GET /lib/bootstrap/dist/js/bootstrap.bundle.min.js responded 304 in 1.1415 ms
[15:50:56 INF] HTTP GET /js/site.js responded 304 in 0.5452 ms
[15:50:56 INF] HTTP GET /lib/jquery-validation/dist/jquery.validate.min.js responded 304 in 0.3906 ms
[15:50:56 INF] HTTP GET /lib/jquery-validation-unobtrusive/dist/jquery.validate.unobtrusive.min.js responded 304 in 1.1733 ms
[15:50:56 INF] HTTP GET /js/products-catalog-filter.js responded 304 in 1.9524 ms
[15:51:01 INF] HTTP POST /Inventory/EditProduct responded 302 in 8.5600 ms
[15:51:01 INF] HTTP GET /Inventory/Products responded 200 in 71.9715 ms
[15:51:02 INF] HTTP GET /lib/bootstrap/dist/css/bootstrap.min.css responded 304 in 0.5457 ms
[15:51:02 INF] HTTP GET /Biktal.WebMVC.styles.css responded 304 in 0.3786 ms
[15:51:02 INF] HTTP GET /css/site.css responded 304 in 0.4510 ms
[15:51:02 INF] HTTP GET /lib/jquery/dist/jquery.min.js responded 304 in 0.3543 ms
[15:51:02 INF] HTTP GET /lib/bootstrap/dist/js/bootstrap.bundle.min.js responded 304 in 1.0775 ms
[15:51:02 INF] HTTP GET /js/site.js responded 304 in 2.1279 ms
[15:51:02 INF] HTTP GET /lib/jquery-validation/dist/jquery.validate.min.js responded 304 in 1.0087 ms
[15:51:02 INF] HTTP GET /lib/jquery-validation-unobtrusive/dist/jquery.validate.unobtrusive.min.js responded 304 in 2.0328 ms
[15:51:02 INF] HTTP GET /js/products-catalog-filter.js responded 304 in 1.7624 ms
[15:53:09 INF] HTTP POST /Inventory/AddProduct responded 302 in 108.3442 ms
[15:53:09 INF] HTTP GET /Inventory/Products responded 200 in 90.7091 ms
[15:53:09 INF] HTTP GET /css/site.css responded 200 in 1.1053 ms
[15:53:09 INF] HTTP GET /Biktal.WebMVC.styles.css responded 200 in 1.3128 ms
[15:53:09 INF] HTTP GET /lib/bootstrap/dist/css/bootstrap.min.css responded 200 in 1.9045 ms
[15:53:10 INF] HTTP GET /lib/jquery/dist/jquery.min.js responded 200 in 1.1514 ms
[15:53:10 INF] HTTP GET /js/site.js responded 200 in 31.5796 ms
[15:53:10 INF] HTTP GET /lib/bootstrap/dist/js/bootstrap.bundle.min.js responded 200 in 31.6017 ms
[15:53:10 INF] HTTP GET /js/products-catalog-filter.js responded 200 in 9.3548 ms
[15:53:10 INF] HTTP GET /lib/jquery-validation/dist/jquery.validate.min.js responded 200 in 40.9500 ms
[15:53:10 INF] HTTP GET /lib/jquery-validation-unobtrusive/dist/jquery.validate.unobtrusive.min.js responded 200 in 0.8640 ms
[15:53:23 INF] HTTP GET /Inventory/Products responded 200 in 85.3521 ms
[15:53:23 INF] HTTP GET /css/site.css responded 200 in 0.8434 ms
[15:53:23 INF] HTTP GET /Biktal.WebMVC.styles.css responded 200 in 0.7552 ms
[15:53:23 INF] HTTP GET /lib/bootstrap/dist/css/bootstrap.min.css responded 200 in 1.5956 ms
[15:53:24 INF] HTTP GET /lib/jquery/dist/jquery.min.js responded 200 in 1.8791 ms
[15:53:24 INF] HTTP GET /lib/bootstrap/dist/js/bootstrap.bundle.min.js responded 200 in 1.3802 ms
[15:53:24 INF] HTTP GET /lib/jquery-validation/dist/jquery.validate.min.js responded 200 in 1.4101 ms
[15:53:24 INF] HTTP GET /js/site.js responded 200 in 0.8925 ms
[15:53:24 INF] HTTP GET /lib/jquery-validation-unobtrusive/dist/jquery.validate.unobtrusive.min.js responded 200 in 0.8843 ms
[15:53:24 INF] HTTP GET /js/products-catalog-filter.js responded 200 in 0.9446 ms
[15:53:41 INF] HTTP POST /Inventory/EditProduct responded 302 in 16.5013 ms
[15:53:41 INF] HTTP GET /Inventory/Products responded 200 in 84.9867 ms
[15:53:41 INF] HTTP GET /Biktal.WebMVC.styles.css responded 200 in 0.8701 ms
[15:53:41 INF] HTTP GET /lib/bootstrap/dist/css/bootstrap.min.css responded 200 in 1.1950 ms
[15:53:41 INF] HTTP GET /css/site.css responded 200 in 0.7138 ms
[15:53:42 INF] HTTP GET /lib/jquery/dist/jquery.min.js responded 304 in 0.2650 ms
[15:53:42 INF] HTTP GET /js/site.js responded 304 in 0.2278 ms
[15:53:42 INF] HTTP GET /lib/bootstrap/dist/js/bootstrap.bundle.min.js responded 304 in 0.4167 ms
[15:53:42 INF] HTTP GET /lib/jquery-validation/dist/jquery.validate.min.js responded 304 in 0.3897 ms
[15:53:42 INF] HTTP GET /js/products-catalog-filter.js responded 304 in 0.6997 ms
[15:53:42 INF] HTTP GET /lib/jquery-validation-unobtrusive/dist/jquery.validate.unobtrusive.min.js responded 304 in 0.7385 ms
[15:55:04 INF] HTTP POST /Inventory/AddProduct responded 302 in 116.7133 ms
[15:55:04 INF] HTTP GET /Inventory/Products responded 200 in 89.9173 ms
[15:55:05 INF] HTTP GET /lib/bootstrap/dist/css/bootstrap.min.css responded 200 in 1.0685 ms
[15:55:05 INF] HTTP GET /Biktal.WebMVC.styles.css responded 200 in 0.8982 ms
[15:55:05 INF] HTTP GET /css/site.css responded 200 in 0.8625 ms
[15:55:06 INF] HTTP GET /lib/jquery/dist/jquery.min.js responded 200 in 0.9407 ms
[15:55:06 INF] HTTP GET /js/site.js responded 200 in 1.1775 ms
[15:55:06 INF] HTTP GET /lib/bootstrap/dist/js/bootstrap.bundle.min.js responded 200 in 3.8345 ms
[15:55:06 INF] HTTP GET /lib/jquery-validation/dist/jquery.validate.min.js responded 200 in 2.1407 ms
[15:55:06 INF] HTTP GET /lib/jquery-validation-unobtrusive/dist/jquery.validate.unobtrusive.min.js responded 200 in 3.2452 ms
[15:55:06 INF] HTTP GET /js/products-catalog-filter.js responded 200 in 0.9334 ms
[16:00:17 INF] HTTP GET /Finance responded 200 in 230.2147 ms
[16:00:17 INF] HTTP GET /css/site.css responded 200 in 1.0402 ms
[16:00:18 INF] HTTP GET /lib/bootstrap/dist/css/bootstrap.min.css responded 200 in 4.3835 ms
[16:00:18 INF] HTTP GET /Biktal.WebMVC.styles.css responded 200 in 2.4398 ms
[16:00:18 INF] HTTP GET /lib/jquery/dist/jquery.min.js responded 200 in 1.2228 ms
[16:00:18 INF] HTTP GET /lib/bootstrap/dist/js/bootstrap.bundle.min.js responded 200 in 1.5100 ms
[16:00:18 INF] HTTP GET /js/site.js responded 200 in 0.7695 ms
[16:21:03 INF] Application is shutting down...
