[13:15:48 WRN] Using an in-memory repository. Keys will not be persisted to storage.
[13:15:49 WRN] Neither user profile nor HKLM registry available. Using an ephemeral key repository. Protected data will be unavailable when application exits.
[13:15:49 WRN] No XML encryptor configured. Key {29430ad0-2d5c-487f-a6f0-28b31f571217} may be persisted to storage in unencrypted form.
[13:15:49 INF] Application started. Press Ctrl+C to shut down.
[13:15:49 INF] Hosting environment: Production
[13:15:49 INF] Content root path: D:\Systems\BiktalSystems\publish
[13:15:50 ERR] An exception was thrown while deserializing the token.
Microsoft.AspNetCore.Antiforgery.AntiforgeryValidationException: The antiforgery token could not be decrypted.
 ---> System.Security.Cryptography.CryptographicException: The key {5f899daf-1ef3-4314-a7bc-29cf1bf18f38} was not found in the key ring. For more information go to https://aka.ms/aspnet/dataprotectionwarning
   at Microsoft.AspNetCore.DataProtection.KeyManagement.KeyRingBasedDataProtector.UnprotectCore(Byte[] protectedData, Boolean allowOperationsOnRevokedKeys, UnprotectStatus& status)
   at Microsoft.AspNetCore.DataProtection.KeyManagement.KeyRingBasedDataProtector.Unprotect(Byte[] protectedData)
   at Microsoft.AspNetCore.Antiforgery.DefaultAntiforgeryTokenSerializer.Deserialize(String serializedToken)
   --- End of inner exception stack trace ---
   at Microsoft.AspNetCore.Antiforgery.DefaultAntiforgeryTokenSerializer.Deserialize(String serializedToken)
   at Microsoft.AspNetCore.Antiforgery.DefaultAntiforgery.GetCookieTokenDoesNotThrow(HttpContext httpContext)
[13:15:51 INF] HTTP GET /Biktal.WebMVC.styles.css responded 200 in 39.2345 ms
[13:15:51 INF] HTTP GET /css/site.css responded 200 in 40.7900 ms
[13:15:51 INF] HTTP GET /lib/bootstrap/dist/css/bootstrap.min.css responded 200 in 40.7940 ms
[13:15:51 INF] HTTP GET /Inventory/Products responded 200 in 1632.2986 ms
[13:15:52 INF] HTTP GET /lib/jquery/dist/jquery.min.js responded 200 in 10.4349 ms
[13:15:52 INF] HTTP GET /js/site.js responded 200 in 2.1394 ms
[13:15:52 INF] HTTP GET /lib/jquery-validation/dist/jquery.validate.min.js responded 200 in 4.5816 ms
[13:15:52 INF] HTTP GET /lib/jquery-validation-unobtrusive/dist/jquery.validate.unobtrusive.min.js responded 200 in 4.5072 ms
[13:15:52 INF] HTTP GET /lib/bootstrap/dist/js/bootstrap.bundle.min.js responded 200 in 15.9384 ms
[13:15:52 INF] HTTP GET /js/products-catalog-filter.js responded 200 in 22.6951 ms
[13:16:09 INF] HTTP GET /Inventory/Products responded 200 in 929.2464 ms
[13:16:09 INF] HTTP GET /lib/bootstrap/dist/css/bootstrap.min.css responded 200 in 1.7258 ms
[13:16:09 INF] HTTP GET /Biktal.WebMVC.styles.css responded 200 in 1.2657 ms
[13:16:09 INF] HTTP GET /css/site.css responded 200 in 7.0663 ms
[13:16:10 INF] HTTP GET /lib/jquery/dist/jquery.min.js responded 304 in 20.3909 ms
[13:16:10 INF] HTTP GET /js/site.js responded 304 in 1.5861 ms
[13:16:10 INF] HTTP GET /lib/jquery-validation-unobtrusive/dist/jquery.validate.unobtrusive.min.js responded 304 in 13.3520 ms
[13:16:10 INF] HTTP GET /js/products-catalog-filter.js responded 304 in 0.2929 ms
[13:16:10 INF] HTTP GET /lib/jquery-validation/dist/jquery.validate.min.js responded 304 in 19.0278 ms
[13:16:10 INF] HTTP GET /lib/bootstrap/dist/js/bootstrap.bundle.min.js responded 304 in 104.3236 ms
[13:16:29 INF] HTTP POST /Inventory/EditProduct responded 302 in 529.9975 ms
[13:16:30 INF] HTTP GET /Inventory/Products responded 200 in 264.9658 ms
[13:16:30 INF] HTTP GET /lib/bootstrap/dist/css/bootstrap.min.css responded 200 in 6.3045 ms
[13:16:30 INF] HTTP GET /css/site.css responded 200 in 0.7596 ms
[13:16:30 INF] HTTP GET /Biktal.WebMVC.styles.css responded 200 in 0.7330 ms
[13:16:31 INF] HTTP GET /lib/jquery/dist/jquery.min.js responded 304 in 0.2770 ms
[13:16:31 INF] HTTP GET /lib/bootstrap/dist/js/bootstrap.bundle.min.js responded 304 in 0.5819 ms
[13:16:31 INF] HTTP GET /js/site.js responded 304 in 1.3040 ms
[13:16:31 INF] HTTP GET /lib/jquery-validation/dist/jquery.validate.min.js responded 304 in 0.2678 ms
[13:16:31 INF] HTTP GET /lib/jquery-validation-unobtrusive/dist/jquery.validate.unobtrusive.min.js responded 304 in 0.3282 ms
[13:16:31 INF] HTTP GET /js/products-catalog-filter.js responded 304 in 0.3827 ms
[13:16:32 WRN] The query uses the 'First'/'FirstOrDefault' operator without 'OrderBy' and filter operators. This may lead to unpredictable results.
[13:16:32 INF] HTTP GET / responded 200 in 158.4382 ms
[13:16:32 INF] HTTP GET /lib/bootstrap/dist/css/bootstrap.min.css responded 304 in 0.3764 ms
[13:16:32 INF] HTTP GET /css/site.css responded 304 in 1.2690 ms
[13:16:32 INF] HTTP GET /lib/jquery/dist/jquery.min.js responded 304 in 0.1588 ms
[13:16:32 INF] HTTP GET /Biktal.WebMVC.styles.css responded 304 in 0.2911 ms
[13:16:32 INF] HTTP GET /lib/bootstrap/dist/js/bootstrap.bundle.min.js responded 304 in 0.3625 ms
[13:16:32 INF] HTTP GET /js/site.js responded 304 in 0.6989 ms
[13:16:32 INF] HTTP GET /js/pos.js responded 200 in 1.6779 ms
[13:17:28 INF] HTTP POST /Pos/CompleteSale responded 200 in 1203.0253 ms
[13:20:39 INF] HTTP GET /Insights responded 302 in 3.2575 ms
[13:20:39 INF] HTTP GET /Insights/Daily responded 200 in 249.4534 ms
[13:20:39 INF] HTTP GET /css/site.css responded 200 in 0.7092 ms
[13:20:39 INF] HTTP GET /lib/bootstrap/dist/css/bootstrap.min.css responded 200 in 0.8756 ms
[13:20:39 INF] HTTP GET /Biktal.WebMVC.styles.css responded 200 in 0.9155 ms
[13:20:39 INF] HTTP GET /js/site.js responded 200 in 0.9325 ms
[13:20:39 INF] HTTP GET /lib/bootstrap/dist/js/bootstrap.bundle.min.js responded 200 in 0.8608 ms
[13:20:39 INF] HTTP GET /lib/jquery/dist/jquery.min.js responded 200 in 0.8567 ms
[13:20:58 INF] HTTP GET /Insights/Monthly responded 200 in 238.8695 ms
[13:20:58 INF] HTTP GET /lib/bootstrap/dist/css/bootstrap.min.css responded 200 in 2.3204 ms
[13:20:58 INF] HTTP GET /lib/jquery/dist/jquery.min.js responded 304 in 0.8047 ms
[13:20:58 INF] HTTP GET /Biktal.WebMVC.styles.css responded 200 in 1.3580 ms
[13:20:58 INF] HTTP GET /lib/bootstrap/dist/js/bootstrap.bundle.min.js responded 304 in 0.1981 ms
[13:20:58 INF] HTTP GET /css/site.css responded 200 in 0.7215 ms
[13:20:58 INF] HTTP GET /js/site.js responded 304 in 0.2741 ms
[13:26:27 INF] HTTP GET /Inventory/Products responded 200 in 217.8556 ms
[13:26:27 INF] HTTP GET /Biktal.WebMVC.styles.css responded 200 in 1.7848 ms
[13:26:27 INF] HTTP GET /css/site.css responded 200 in 2.2770 ms
[13:26:27 INF] HTTP GET /lib/bootstrap/dist/css/bootstrap.min.css responded 200 in 1.0037 ms
[13:26:28 INF] HTTP GET /lib/jquery/dist/jquery.min.js responded 200 in 1.4124 ms
[13:26:28 INF] HTTP GET /lib/jquery-validation-unobtrusive/dist/jquery.validate.unobtrusive.min.js responded 200 in 1.8830 ms
[13:26:28 INF] HTTP GET /js/site.js responded 200 in 3.7378 ms
[13:26:28 INF] HTTP GET /lib/jquery-validation/dist/jquery.validate.min.js responded 200 in 4.1843 ms
[13:26:28 INF] HTTP GET /lib/bootstrap/dist/js/bootstrap.bundle.min.js responded 200 in 2.9965 ms
[13:26:28 INF] HTTP GET /js/products-catalog-filter.js responded 200 in 4.7247 ms
[13:46:55 INF] Application is shutting down...
