[10:00:42 ERR] Failed executing DbCommand (8ms) [Parameters=[@p0='?' (DbType = Guid), @p1='?' (DbType = DateTime), @p2='?' (DbType = Guid), @p3='?', @p4='?' (DbType = DateTime), @p5='?' (DbType = Int32), @p6='?' (DbType = Int32), @p7='?', @p8='?', @p9='?' (DbType = Guid), @p10='?' (DbType = DateTime), @p11='?' (DbType = Guid), @p12='?', @p13='?' (DbType = DateTime), @p14='?' (DbType = Int32), @p15='?' (DbType = Int32), @p16='?', @p17='?'], CommandType='Text', CommandTimeout='30']
INSERT INTO "CrmSupportTickets" ("Id", "CreatedAtUtc", "CustomerId", "Description", "ModifiedAtUtc", "Priority", "Status", "Subject", "TicketNumber")
VALUES (@p0, @p1, @p2, @p3, @p4, @p5, @p6, @p7, @p8);
INSERT INTO "CrmSupportTickets" ("Id", "CreatedAtUtc", "CustomerId", "Description", "ModifiedAtUtc", "Priority", "Status", "Subject", "TicketNumber")
VALUES (@p9, @p10, @p11, @p12, @p13, @p14, @p15, @p16, @p17);
[10:00:43 ERR] An exception occurred in the database while saving changes for context type 'Biktal.Infrastructure.Persistence.ApplicationDbContext'.
Microsoft.EntityFrameworkCore.DbUpdateException: An error occurred while saving the entity changes. See the inner exception for details.
 ---> Npgsql.PostgresException (0x80004005): 23503: insert or update on table "CrmSupportTickets" violates foreign key constraint "FK_CrmSupportTickets_CrmCustomers_CustomerId"

DETAIL: Detail redacted as it may contain sensitive data. Specify 'Include Error Detail' in the connection string to include this information.
   at Npgsql.Internal.NpgsqlConnector.ReadMessageLong(Boolean async, DataRowLoadingMode dataRowLoadingMode, Boolean readingNotifications, Boolean isReadingPrependedMessage)
   at System.Runtime.CompilerServices.PoolingAsyncValueTaskMethodBuilder`1.StateMachineBox`1.System.Threading.Tasks.Sources.IValueTaskSource<TResult>.GetResult(Int16 token)
   at Npgsql.NpgsqlDataReader.NextResult(Boolean async, Boolean isConsuming, CancellationToken cancellationToken)
   at Npgsql.NpgsqlDataReader.NextResult(Boolean async, Boolean isConsuming, CancellationToken cancellationToken)
   at Npgsql.NpgsqlCommand.ExecuteReader(Boolean async, CommandBehavior behavior, CancellationToken cancellationToken)
   at Npgsql.NpgsqlCommand.ExecuteReader(Boolean async, CommandBehavior behavior, CancellationToken cancellationToken)
   at Npgsql.NpgsqlCommand.ExecuteDbDataReaderAsync(CommandBehavior behavior, CancellationToken cancellationToken)
   at Microsoft.EntityFrameworkCore.Storage.RelationalCommand.ExecuteReaderAsync(RelationalCommandParameterObject parameterObject, CancellationToken cancellationToken)
   at Microsoft.EntityFrameworkCore.Storage.RelationalCommand.ExecuteReaderAsync(RelationalCommandParameterObject parameterObject, CancellationToken cancellationToken)
   at Microsoft.EntityFrameworkCore.Update.ReaderModificationCommandBatch.ExecuteAsync(IRelationalConnection connection, CancellationToken cancellationToken)
  Exception data:
    Severity: ERROR
    SqlState: 23503
    MessageText: insert or update on table "CrmSupportTickets" violates foreign key constraint "FK_CrmSupportTickets_CrmCustomers_CustomerId"
    Detail: Detail redacted as it may contain sensitive data. Specify 'Include Error Detail' in the connection string to include this information.
    SchemaName: public
    TableName: CrmSupportTickets
    ConstraintName: FK_CrmSupportTickets_CrmCustomers_CustomerId
    File: ri_triggers.c
    Line: 2783
    Routine: ri_ReportViolation
   --- End of inner exception stack trace ---
   at Microsoft.EntityFrameworkCore.Update.ReaderModificationCommandBatch.ExecuteAsync(IRelationalConnection connection, CancellationToken cancellationToken)
   at Microsoft.EntityFrameworkCore.Update.Internal.BatchExecutor.ExecuteAsync(IEnumerable`1 commandBatches, IRelationalConnection connection, CancellationToken cancellationToken)
   at Microsoft.EntityFrameworkCore.Update.Internal.BatchExecutor.ExecuteAsync(IEnumerable`1 commandBatches, IRelationalConnection connection, CancellationToken cancellationToken)
   at Microsoft.EntityFrameworkCore.Update.Internal.BatchExecutor.ExecuteAsync(IEnumerable`1 commandBatches, IRelationalConnection connection, CancellationToken cancellationToken)
   at Microsoft.EntityFrameworkCore.Storage.RelationalDatabase.SaveChangesAsync(IList`1 entries, CancellationToken cancellationToken)
   at Microsoft.EntityFrameworkCore.ChangeTracking.Internal.StateManager.SaveChangesAsync(IList`1 entriesToSave, CancellationToken cancellationToken)
   at Microsoft.EntityFrameworkCore.ChangeTracking.Internal.StateManager.SaveChangesAsync(StateManager stateManager, Boolean acceptAllChangesOnSuccess, CancellationToken cancellationToken)
   at Npgsql.EntityFrameworkCore.PostgreSQL.Storage.Internal.NpgsqlExecutionStrategy.ExecuteAsync[TState,TResult](TState state, Func`4 operation, Func`4 verifySucceeded, CancellationToken cancellationToken)
   at Microsoft.EntityFrameworkCore.DbContext.SaveChangesAsync(Boolean acceptAllChangesOnSuccess, CancellationToken cancellationToken)
Microsoft.EntityFrameworkCore.DbUpdateException: An error occurred while saving the entity changes. See the inner exception for details.
 ---> Npgsql.PostgresException (0x80004005): 23503: insert or update on table "CrmSupportTickets" violates foreign key constraint "FK_CrmSupportTickets_CrmCustomers_CustomerId"

DETAIL: Detail redacted as it may contain sensitive data. Specify 'Include Error Detail' in the connection string to include this information.
   at Npgsql.Internal.NpgsqlConnector.ReadMessageLong(Boolean async, DataRowLoadingMode dataRowLoadingMode, Boolean readingNotifications, Boolean isReadingPrependedMessage)
   at System.Runtime.CompilerServices.PoolingAsyncValueTaskMethodBuilder`1.StateMachineBox`1.System.Threading.Tasks.Sources.IValueTaskSource<TResult>.GetResult(Int16 token)
   at Npgsql.NpgsqlDataReader.NextResult(Boolean async, Boolean isConsuming, CancellationToken cancellationToken)
   at Npgsql.NpgsqlDataReader.NextResult(Boolean async, Boolean isConsuming, CancellationToken cancellationToken)
   at Npgsql.NpgsqlCommand.ExecuteReader(Boolean async, CommandBehavior behavior, CancellationToken cancellationToken)
   at Npgsql.NpgsqlCommand.ExecuteReader(Boolean async, CommandBehavior behavior, CancellationToken cancellationToken)
   at Npgsql.NpgsqlCommand.ExecuteDbDataReaderAsync(CommandBehavior behavior, CancellationToken cancellationToken)
   at Microsoft.EntityFrameworkCore.Storage.RelationalCommand.ExecuteReaderAsync(RelationalCommandParameterObject parameterObject, CancellationToken cancellationToken)
   at Microsoft.EntityFrameworkCore.Storage.RelationalCommand.ExecuteReaderAsync(RelationalCommandParameterObject parameterObject, CancellationToken cancellationToken)
   at Microsoft.EntityFrameworkCore.Update.ReaderModificationCommandBatch.ExecuteAsync(IRelationalConnection connection, CancellationToken cancellationToken)
  Exception data:
    Severity: ERROR
    SqlState: 23503
    MessageText: insert or update on table "CrmSupportTickets" violates foreign key constraint "FK_CrmSupportTickets_CrmCustomers_CustomerId"
    Detail: Detail redacted as it may contain sensitive data. Specify 'Include Error Detail' in the connection string to include this information.
    SchemaName: public
    TableName: CrmSupportTickets
    ConstraintName: FK_CrmSupportTickets_CrmCustomers_CustomerId
    File: ri_triggers.c
    Line: 2783
    Routine: ri_ReportViolation
   --- End of inner exception stack trace ---
   at Microsoft.EntityFrameworkCore.Update.ReaderModificationCommandBatch.ExecuteAsync(IRelationalConnection connection, CancellationToken cancellationToken)
   at Microsoft.EntityFrameworkCore.Update.Internal.BatchExecutor.ExecuteAsync(IEnumerable`1 commandBatches, IRelationalConnection connection, CancellationToken cancellationToken)
   at Microsoft.EntityFrameworkCore.Update.Internal.BatchExecutor.ExecuteAsync(IEnumerable`1 commandBatches, IRelationalConnection connection, CancellationToken cancellationToken)
   at Microsoft.EntityFrameworkCore.Update.Internal.BatchExecutor.ExecuteAsync(IEnumerable`1 commandBatches, IRelationalConnection connection, CancellationToken cancellationToken)
   at Microsoft.EntityFrameworkCore.Storage.RelationalDatabase.SaveChangesAsync(IList`1 entries, CancellationToken cancellationToken)
   at Microsoft.EntityFrameworkCore.ChangeTracking.Internal.StateManager.SaveChangesAsync(IList`1 entriesToSave, CancellationToken cancellationToken)
   at Microsoft.EntityFrameworkCore.ChangeTracking.Internal.StateManager.SaveChangesAsync(StateManager stateManager, Boolean acceptAllChangesOnSuccess, CancellationToken cancellationToken)
   at Npgsql.EntityFrameworkCore.PostgreSQL.Storage.Internal.NpgsqlExecutionStrategy.ExecuteAsync[TState,TResult](TState state, Func`4 operation, Func`4 verifySucceeded, CancellationToken cancellationToken)
   at Microsoft.EntityFrameworkCore.DbContext.SaveChangesAsync(Boolean acceptAllChangesOnSuccess, CancellationToken cancellationToken)
[10:00:43 ERR] Database migration or seed failed. Check PostgreSQL is running and ConnectionStrings:DefaultConnection is correct.
Microsoft.EntityFrameworkCore.DbUpdateException: An error occurred while saving the entity changes. See the inner exception for details.
 ---> Npgsql.PostgresException (0x80004005): 23503: insert or update on table "CrmSupportTickets" violates foreign key constraint "FK_CrmSupportTickets_CrmCustomers_CustomerId"

DETAIL: Detail redacted as it may contain sensitive data. Specify 'Include Error Detail' in the connection string to include this information.
   at Npgsql.Internal.NpgsqlConnector.ReadMessageLong(Boolean async, DataRowLoadingMode dataRowLoadingMode, Boolean readingNotifications, Boolean isReadingPrependedMessage)
   at System.Runtime.CompilerServices.PoolingAsyncValueTaskMethodBuilder`1.StateMachineBox`1.System.Threading.Tasks.Sources.IValueTaskSource<TResult>.GetResult(Int16 token)
   at Npgsql.NpgsqlDataReader.NextResult(Boolean async, Boolean isConsuming, CancellationToken cancellationToken)
   at Npgsql.NpgsqlDataReader.NextResult(Boolean async, Boolean isConsuming, CancellationToken cancellationToken)
   at Npgsql.NpgsqlCommand.ExecuteReader(Boolean async, CommandBehavior behavior, CancellationToken cancellationToken)
   at Npgsql.NpgsqlCommand.ExecuteReader(Boolean async, CommandBehavior behavior, CancellationToken cancellationToken)
   at Npgsql.NpgsqlCommand.ExecuteDbDataReaderAsync(CommandBehavior behavior, CancellationToken cancellationToken)
   at Microsoft.EntityFrameworkCore.Storage.RelationalCommand.ExecuteReaderAsync(RelationalCommandParameterObject parameterObject, CancellationToken cancellationToken)
   at Microsoft.EntityFrameworkCore.Storage.RelationalCommand.ExecuteReaderAsync(RelationalCommandParameterObject parameterObject, CancellationToken cancellationToken)
   at Microsoft.EntityFrameworkCore.Update.ReaderModificationCommandBatch.ExecuteAsync(IRelationalConnection connection, CancellationToken cancellationToken)
  Exception data:
    Severity: ERROR
    SqlState: 23503
    MessageText: insert or update on table "CrmSupportTickets" violates foreign key constraint "FK_CrmSupportTickets_CrmCustomers_CustomerId"
    Detail: Detail redacted as it may contain sensitive data. Specify 'Include Error Detail' in the connection string to include this information.
    SchemaName: public
    TableName: CrmSupportTickets
    ConstraintName: FK_CrmSupportTickets_CrmCustomers_CustomerId
    File: ri_triggers.c
    Line: 2783
    Routine: ri_ReportViolation
   --- End of inner exception stack trace ---
   at Microsoft.EntityFrameworkCore.Update.ReaderModificationCommandBatch.ExecuteAsync(IRelationalConnection connection, CancellationToken cancellationToken)
   at Microsoft.EntityFrameworkCore.Update.Internal.BatchExecutor.ExecuteAsync(IEnumerable`1 commandBatches, IRelationalConnection connection, CancellationToken cancellationToken)
   at Microsoft.EntityFrameworkCore.Update.Internal.BatchExecutor.ExecuteAsync(IEnumerable`1 commandBatches, IRelationalConnection connection, CancellationToken cancellationToken)
   at Microsoft.EntityFrameworkCore.Update.Internal.BatchExecutor.ExecuteAsync(IEnumerable`1 commandBatches, IRelationalConnection connection, CancellationToken cancellationToken)
   at Microsoft.EntityFrameworkCore.Storage.RelationalDatabase.SaveChangesAsync(IList`1 entries, CancellationToken cancellationToken)
   at Microsoft.EntityFrameworkCore.ChangeTracking.Internal.StateManager.SaveChangesAsync(IList`1 entriesToSave, CancellationToken cancellationToken)
   at Microsoft.EntityFrameworkCore.ChangeTracking.Internal.StateManager.SaveChangesAsync(StateManager stateManager, Boolean acceptAllChangesOnSuccess, CancellationToken cancellationToken)
   at Npgsql.EntityFrameworkCore.PostgreSQL.Storage.Internal.NpgsqlExecutionStrategy.ExecuteAsync[TState,TResult](TState state, Func`4 operation, Func`4 verifySucceeded, CancellationToken cancellationToken)
   at Microsoft.EntityFrameworkCore.DbContext.SaveChangesAsync(Boolean acceptAllChangesOnSuccess, CancellationToken cancellationToken)
   at Microsoft.EntityFrameworkCore.DbContext.SaveChangesAsync(Boolean acceptAllChangesOnSuccess, CancellationToken cancellationToken)
   at Biktal.Infrastructure.Persistence.CrmDataSeeder.SeedIfEmptyAsync(ApplicationDbContext db, CancellationToken cancellationToken)
   at Program.<Main>$(String[] args) in d:\Systems\BiktalSystems\Program.cs:line 71
[10:00:43 WRN] Continuing without a successful migration/seed. Auth and data pages may fail until the database is available.
[10:00:43 WRN] Using an in-memory repository. Keys will not be persisted to storage.
[10:00:43 WRN] Neither user profile nor HKLM registry available. Using an ephemeral key repository. Protected data will be unavailable when application exits.
[10:00:43 WRN] No XML encryptor configured. Key {24b26f46-b42a-4e86-b834-3ded90d61235} may be persisted to storage in unencrypted form.
[10:00:43 INF] Application started. Press Ctrl+C to shut down.
[10:00:43 INF] Hosting environment: Production
[10:00:43 INF] Content root path: D:\Systems\BiktalSystems\publish
[10:00:43 INF] HTTP POST /Finance/CloseCashboxSession responded 302 in 89.1849 ms
[10:00:43 INF] HTTP POST /Finance/CloseCashboxSession responded 302 in 88.8170 ms
[10:00:43 ERR] An exception was thrown while deserializing the token.
Microsoft.AspNetCore.Antiforgery.AntiforgeryValidationException: The antiforgery token could not be decrypted.
 ---> System.Security.Cryptography.CryptographicException: The key {2473670e-b4d4-43ed-85a2-bf2b34637aa7} was not found in the key ring. For more information go to https://aka.ms/aspnet/dataprotectionwarning
   at Microsoft.AspNetCore.DataProtection.KeyManagement.KeyRingBasedDataProtector.UnprotectCore(Byte[] protectedData, Boolean allowOperationsOnRevokedKeys, UnprotectStatus& status)
   at Microsoft.AspNetCore.DataProtection.KeyManagement.KeyRingBasedDataProtector.Unprotect(Byte[] protectedData)
   at Microsoft.AspNetCore.Antiforgery.DefaultAntiforgeryTokenSerializer.Deserialize(String serializedToken)
   --- End of inner exception stack trace ---
   at Microsoft.AspNetCore.Antiforgery.DefaultAntiforgeryTokenSerializer.Deserialize(String serializedToken)
   at Microsoft.AspNetCore.Antiforgery.DefaultAntiforgery.GetCookieTokenDoesNotThrow(HttpContext httpContext)
[10:00:43 INF] HTTP GET /Account/Login responded 200 in 307.8962 ms
[10:00:43 INF] HTTP GET /css/site.css responded 200 in 65.4179 ms
[10:00:43 INF] HTTP GET /lib/bootstrap/dist/css/bootstrap.min.css responded 200 in 65.0171 ms
[10:00:43 INF] HTTP GET /js/site.js responded 200 in 65.8664 ms
[10:00:43 INF] HTTP GET /Biktal.WebMVC.styles.css responded 200 in 65.9698 ms
[10:00:43 INF] HTTP GET /lib/bootstrap/dist/js/bootstrap.bundle.min.js responded 200 in 61.9628 ms
[10:00:43 INF] HTTP GET /lib/jquery-validation-unobtrusive/dist/jquery.validate.unobtrusive.min.js responded 200 in 51.5282 ms
[10:00:43 INF] HTTP GET /lib/jquery/dist/jquery.min.js responded 200 in 89.0383 ms
[10:00:43 INF] HTTP GET /lib/jquery-validation/dist/jquery.validate.min.js responded 200 in 70.8579 ms
[10:00:55 INF] HTTP POST /Account/Login responded 302 in 512.1155 ms
[10:00:55 INF] HTTP GET /Finance/CloseCashboxSession responded 405 in 6.1233 ms
[10:01:04 INF] HTTP GET /Account/Login responded 200 in 27.5666 ms
[10:01:04 INF] HTTP GET /css/site.css responded 200 in 26.5973 ms
[10:01:04 INF] HTTP GET /Biktal.WebMVC.styles.css responded 200 in 28.1342 ms
[10:01:04 INF] HTTP GET /lib/bootstrap/dist/css/bootstrap.min.css responded 200 in 47.8325 ms
[10:01:27 INF] HTTP POST /Account/Login responded 302 in 143.8338 ms
[10:01:27 INF] HTTP GET /Finance/CloseCashboxSession responded 405 in 0.4935 ms
[10:01:29 INF] HTTP GET /Finance/CloseCashboxSession responded 405 in 0.6485 ms
[10:01:31 INF] HTTP GET /Finance/CloseCashboxSession responded 405 in 0.9666 ms
[10:01:33 INF] HTTP GET /Account/Login responded 200 in 13.9256 ms
[10:01:33 INF] HTTP GET /css/site.css responded 200 in 5.3472 ms
[10:01:33 INF] HTTP GET /lib/bootstrap/dist/css/bootstrap.min.css responded 200 in 5.3166 ms
[10:01:33 INF] HTTP GET /Biktal.WebMVC.styles.css responded 200 in 21.0606 ms
[10:01:44 INF] HTTP POST /Account/Login responded 302 in 143.3059 ms
[10:01:44 INF] HTTP GET /Finance/CloseCashboxSession responded 405 in 0.4541 ms
[10:02:48 INF] HTTP GET /Account/Login responded 200 in 17.4460 ms
[10:02:48 INF] HTTP GET /css/site.css responded 200 in 2.0224 ms
[10:02:48 INF] HTTP GET /Biktal.WebMVC.styles.css responded 200 in 1.0638 ms
[10:02:48 INF] HTTP GET /lib/bootstrap/dist/css/bootstrap.min.css responded 200 in 1.6682 ms
[10:02:48 INF] HTTP GET /lib/jquery/dist/jquery.min.js responded 200 in 40.4751 ms
[10:02:48 INF] HTTP GET /js/site.js responded 200 in 23.2124 ms
[10:02:48 INF] HTTP GET /lib/jquery-validation-unobtrusive/dist/jquery.validate.unobtrusive.min.js responded 200 in 122.2250 ms
[10:02:48 INF] HTTP GET /lib/jquery-validation/dist/jquery.validate.min.js responded 200 in 128.4201 ms
[10:02:48 INF] HTTP GET /lib/bootstrap/dist/js/bootstrap.bundle.min.js responded 200 in 222.9820 ms
[10:02:49 INF] HTTP GET /Finance/Cashbox responded 200 in 649.1960 ms
[10:02:49 INF] HTTP GET /lib/bootstrap/dist/css/bootstrap.min.css responded 200 in 1.8738 ms
[10:02:49 INF] HTTP GET /Biktal.WebMVC.styles.css responded 200 in 1.4669 ms
[10:02:49 INF] HTTP GET /css/site.css responded 200 in 2.6247 ms
[10:03:04 INF] HTTP POST /Finance/CloseCashboxSession responded 302 in 100.6294 ms
[10:03:04 INF] HTTP GET /Finance/Cashbox responded 200 in 27.3812 ms
[10:03:04 INF] HTTP GET /lib/bootstrap/dist/css/bootstrap.min.css responded 304 in 5.1136 ms
[10:03:04 INF] HTTP GET /Biktal.WebMVC.styles.css responded 304 in 2.2763 ms
[10:03:04 INF] HTTP GET /css/site.css responded 304 in 2.4732 ms
[10:03:04 INF] HTTP GET /js/site.js responded 304 in 0.7484 ms
[10:03:04 INF] HTTP GET /lib/jquery/dist/jquery.min.js responded 304 in 1.6006 ms
[10:03:04 INF] HTTP GET /lib/jquery-validation/dist/jquery.validate.min.js responded 304 in 2.3306 ms
[10:03:04 INF] HTTP GET /lib/jquery-validation-unobtrusive/dist/jquery.validate.unobtrusive.min.js responded 304 in 1.7219 ms
[10:03:04 INF] HTTP GET /lib/bootstrap/dist/js/bootstrap.bundle.min.js responded 304 in 0.6623 ms
[10:03:23 INF] HTTP POST /Finance/OpenCashboxSession responded 302 in 30.4639 ms
[10:03:23 INF] HTTP GET /Finance/Cashbox responded 200 in 23.0566 ms
[10:03:23 INF] HTTP GET /lib/bootstrap/dist/css/bootstrap.min.css responded 200 in 1.6003 ms
[10:03:23 INF] HTTP GET /lib/jquery/dist/jquery.min.js responded 304 in 2.3528 ms
[10:03:23 INF] HTTP GET /css/site.css responded 304 in 3.7325 ms
[10:03:23 INF] HTTP GET /js/site.js responded 304 in 0.5538 ms
[10:03:23 INF] HTTP GET /lib/bootstrap/dist/js/bootstrap.bundle.min.js responded 304 in 0.7262 ms
[10:03:23 INF] HTTP GET /lib/jquery-validation/dist/jquery.validate.min.js responded 304 in 0.5656 ms
[10:03:23 INF] HTTP GET /Biktal.WebMVC.styles.css responded 304 in 1.2354 ms
[10:03:23 INF] HTTP GET /lib/jquery-validation-unobtrusive/dist/jquery.validate.unobtrusive.min.js responded 304 in 0.6024 ms
[10:03:39 INF] HTTP GET /Inventory responded 200 in 125.2669 ms
[10:03:39 INF] HTTP GET /lib/bootstrap/dist/css/bootstrap.min.css responded 200 in 18.6512 ms
[10:03:39 INF] HTTP GET /css/site.css responded 304 in 0.8053 ms
[10:03:39 INF] HTTP GET /lib/jquery/dist/jquery.min.js responded 304 in 0.4096 ms
[10:03:39 INF] HTTP GET /Biktal.WebMVC.styles.css responded 304 in 1.6583 ms
[10:03:39 INF] HTTP GET /lib/bootstrap/dist/js/bootstrap.bundle.min.js responded 304 in 0.7285 ms
[10:03:39 INF] HTTP GET /js/site.js responded 304 in 1.9899 ms
[10:03:40 INF] HTTP GET /Inventory/Products responded 200 in 279.0248 ms
[10:03:40 INF] HTTP GET /lib/bootstrap/dist/css/bootstrap.min.css responded 200 in 12.2487 ms
[10:03:40 INF] HTTP GET /css/site.css responded 304 in 1.0292 ms
[10:03:40 INF] HTTP GET /Biktal.WebMVC.styles.css responded 304 in 1.1620 ms
[10:03:41 INF] HTTP GET /lib/jquery/dist/jquery.min.js responded 304 in 0.3450 ms
[10:03:41 INF] HTTP GET /lib/bootstrap/dist/js/bootstrap.bundle.min.js responded 304 in 0.6910 ms
[10:03:41 INF] HTTP GET /js/site.js responded 304 in 0.5111 ms
[10:03:41 INF] HTTP GET /lib/jquery-validation/dist/jquery.validate.min.js responded 304 in 0.5426 ms
[10:03:41 INF] HTTP GET /lib/jquery-validation-unobtrusive/dist/jquery.validate.unobtrusive.min.js responded 304 in 0.8400 ms
[10:03:41 INF] HTTP GET /js/products-catalog-filter.js responded 200 in 17.7278 ms
[10:04:38 INF] HTTP GET /Inventory/Products responded 200 in 122.8488 ms
[10:04:38 INF] HTTP GET /lib/bootstrap/dist/css/bootstrap.min.css responded 200 in 10.2940 ms
[10:04:38 INF] HTTP GET /Biktal.WebMVC.styles.css responded 304 in 0.5841 ms
[10:04:38 INF] HTTP GET /css/site.css responded 304 in 0.4920 ms
[10:04:39 INF] HTTP GET /lib/jquery/dist/jquery.min.js responded 304 in 0.3529 ms
[10:04:39 INF] HTTP GET /lib/bootstrap/dist/js/bootstrap.bundle.min.js responded 304 in 0.7865 ms
[10:04:39 INF] HTTP GET /js/site.js responded 304 in 0.4436 ms
[10:04:39 INF] HTTP GET /js/products-catalog-filter.js responded 304 in 0.3832 ms
[10:04:39 INF] HTTP GET /lib/jquery-validation-unobtrusive/dist/jquery.validate.unobtrusive.min.js responded 304 in 0.6193 ms
[10:04:39 INF] HTTP GET /lib/jquery-validation/dist/jquery.validate.min.js responded 304 in 1.2559 ms
[10:04:45 INF] HTTP POST /Inventory/EditProduct responded 302 in 127.2645 ms
[10:04:45 INF] HTTP GET /Inventory/Products responded 200 in 43.8458 ms
[10:04:45 INF] HTTP GET /css/site.css responded 304 in 0.5729 ms
[10:04:45 INF] HTTP GET /lib/bootstrap/dist/css/bootstrap.min.css responded 304 in 2.3203 ms
[10:04:45 INF] HTTP GET /Biktal.WebMVC.styles.css responded 304 in 0.6880 ms
[10:04:45 INF] HTTP GET /lib/jquery/dist/jquery.min.js responded 304 in 0.3320 ms
[10:04:46 INF] HTTP GET /lib/bootstrap/dist/js/bootstrap.bundle.min.js responded 304 in 0.5409 ms
[10:04:46 INF] HTTP GET /js/site.js responded 304 in 0.7523 ms
[10:04:46 INF] HTTP GET /lib/jquery-validation/dist/jquery.validate.min.js responded 304 in 0.8078 ms
[10:04:46 INF] HTTP GET /lib/jquery-validation-unobtrusive/dist/jquery.validate.unobtrusive.min.js responded 304 in 0.7101 ms
[10:04:46 INF] HTTP GET /js/products-catalog-filter.js responded 304 in 0.5467 ms
[10:06:24 INF] HTTP GET /Inventory/Products responded 200 in 166.1980 ms
[10:06:25 INF] HTTP GET /Biktal.WebMVC.styles.css responded 200 in 0.9442 ms
[10:06:25 INF] HTTP GET /lib/bootstrap/dist/css/bootstrap.min.css responded 200 in 2.5316 ms
[10:06:25 INF] HTTP GET /css/site.css responded 200 in 1.4935 ms
[10:06:26 INF] HTTP GET /lib/jquery/dist/jquery.min.js responded 200 in 0.9021 ms
[10:06:26 INF] HTTP GET /lib/jquery-validation/dist/jquery.validate.min.js responded 200 in 0.9022 ms
[10:06:26 INF] HTTP GET /js/site.js responded 200 in 1.1286 ms
[10:06:26 INF] HTTP GET /lib/bootstrap/dist/js/bootstrap.bundle.min.js responded 200 in 0.7303 ms
[10:06:26 INF] HTTP GET /js/products-catalog-filter.js responded 200 in 3.3267 ms
[10:06:26 INF] HTTP GET /lib/jquery-validation-unobtrusive/dist/jquery.validate.unobtrusive.min.js responded 200 in 0.9361 ms
[10:10:59 INF] HTTP POST /Inventory/EditProduct responded 302 in 17.3351 ms
[10:10:59 INF] HTTP GET /Inventory/Products responded 200 in 90.7263 ms
[10:10:59 INF] HTTP GET /lib/bootstrap/dist/css/bootstrap.min.css responded 200 in 1.0765 ms
[10:10:59 INF] HTTP GET /css/site.css responded 200 in 1.0304 ms
[10:10:59 INF] HTTP GET /Biktal.WebMVC.styles.css responded 200 in 1.0296 ms
[10:11:00 INF] HTTP GET /lib/jquery/dist/jquery.min.js responded 200 in 1.1864 ms
[10:11:00 INF] HTTP GET /lib/bootstrap/dist/js/bootstrap.bundle.min.js responded 200 in 1.9936 ms
[10:11:00 INF] HTTP GET /lib/jquery-validation/dist/jquery.validate.min.js responded 200 in 1.2539 ms
[10:11:00 INF] HTTP GET /lib/jquery-validation-unobtrusive/dist/jquery.validate.unobtrusive.min.js responded 200 in 0.9109 ms
[10:11:00 INF] HTTP GET /js/site.js responded 200 in 3.1993 ms
[10:11:00 INF] HTTP GET /js/products-catalog-filter.js responded 200 in 1.0329 ms
[10:12:40 INF] HTTP GET /Inventory/Products responded 200 in 178.1564 ms
[10:12:40 INF] HTTP GET /lib/bootstrap/dist/css/bootstrap.min.css responded 200 in 1.3832 ms
[10:12:40 INF] HTTP GET /css/site.css responded 200 in 2.1432 ms
[10:12:40 INF] HTTP GET /Biktal.WebMVC.styles.css responded 200 in 2.1035 ms
[10:12:41 INF] HTTP GET /lib/jquery/dist/jquery.min.js responded 200 in 0.9809 ms
[10:12:41 INF] HTTP GET /js/site.js responded 200 in 0.9023 ms
[10:12:41 INF] HTTP GET /lib/jquery-validation/dist/jquery.validate.min.js responded 200 in 0.7923 ms
[10:12:41 INF] HTTP GET /js/products-catalog-filter.js responded 200 in 1.5514 ms
[10:12:41 INF] HTTP GET /lib/bootstrap/dist/js/bootstrap.bundle.min.js responded 200 in 3.4421 ms
[10:12:41 INF] HTTP GET /lib/jquery-validation-unobtrusive/dist/jquery.validate.unobtrusive.min.js responded 200 in 1.0838 ms
[10:12:57 INF] HTTP POST /Inventory/EditProduct responded 302 in 26.5597 ms
[10:12:57 INF] HTTP GET /Inventory/Products responded 200 in 64.4786 ms
[10:12:57 INF] HTTP GET /css/site.css responded 200 in 1.2879 ms
[10:12:57 INF] HTTP GET /lib/bootstrap/dist/css/bootstrap.min.css responded 200 in 3.1498 ms
[10:12:57 INF] HTTP GET /Biktal.WebMVC.styles.css responded 200 in 1.4004 ms
[10:12:58 INF] HTTP GET /lib/jquery/dist/jquery.min.js responded 304 in 0.2710 ms
[10:12:58 INF] HTTP GET /js/site.js responded 304 in 0.4177 ms
[10:12:58 INF] HTTP GET /lib/bootstrap/dist/js/bootstrap.bundle.min.js responded 304 in 0.5666 ms
[10:12:58 INF] HTTP GET /lib/jquery-validation/dist/jquery.validate.min.js responded 304 in 0.2991 ms
[10:12:58 INF] HTTP GET /lib/jquery-validation-unobtrusive/dist/jquery.validate.unobtrusive.min.js responded 304 in 1.6997 ms
[10:12:58 INF] HTTP GET /js/products-catalog-filter.js responded 304 in 0.4489 ms
[10:13:12 INF] HTTP GET /Inventory/Products responded 200 in 50.5899 ms
[10:13:13 INF] HTTP GET /css/site.css responded 304 in 0.4961 ms
[10:13:13 INF] HTTP GET /lib/bootstrap/dist/css/bootstrap.min.css responded 304 in 0.8581 ms
[10:13:13 INF] HTTP GET /Biktal.WebMVC.styles.css responded 304 in 0.5326 ms
[10:13:13 INF] HTTP GET /lib/jquery/dist/jquery.min.js responded 304 in 0.2501 ms
[10:13:13 INF] HTTP GET /js/site.js responded 304 in 0.4007 ms
[10:13:13 INF] HTTP GET /lib/bootstrap/dist/js/bootstrap.bundle.min.js responded 304 in 0.4602 ms
[10:13:13 INF] HTTP GET /lib/jquery-validation-unobtrusive/dist/jquery.validate.unobtrusive.min.js responded 304 in 0.3178 ms
[10:13:13 INF] HTTP GET /lib/jquery-validation/dist/jquery.validate.min.js responded 304 in 0.3188 ms
[10:13:13 INF] HTTP GET /js/products-catalog-filter.js responded 304 in 0.5625 ms
[10:15:02 INF] HTTP GET /Inventory/Products responded 200 in 64.1439 ms
[10:15:02 INF] HTTP GET /Biktal.WebMVC.styles.css responded 200 in 0.6290 ms
[10:15:02 INF] HTTP GET /lib/bootstrap/dist/css/bootstrap.min.css responded 200 in 1.0014 ms
[10:15:02 INF] HTTP GET /css/site.css responded 200 in 0.9158 ms
[10:15:03 INF] HTTP GET /lib/jquery/dist/jquery.min.js responded 200 in 0.7397 ms
[10:15:03 INF] HTTP GET /js/site.js responded 200 in 0.7359 ms
[10:15:03 INF] HTTP GET /lib/jquery-validation/dist/jquery.validate.min.js responded 200 in 0.6690 ms
[10:15:03 INF] HTTP GET /lib/bootstrap/dist/js/bootstrap.bundle.min.js responded 200 in 0.7900 ms
[10:15:03 INF] HTTP GET /lib/jquery-validation-unobtrusive/dist/jquery.validate.unobtrusive.min.js responded 200 in 0.8209 ms
[10:15:03 INF] HTTP GET /js/products-catalog-filter.js responded 200 in 0.8819 ms
[10:16:35 INF] HTTP POST /Inventory/EditProduct responded 302 in 16.0063 ms
[10:16:35 INF] HTTP GET /Inventory/Products responded 200 in 73.9382 ms
[10:16:35 INF] HTTP GET /Biktal.WebMVC.styles.css responded 200 in 0.8668 ms
[10:16:35 INF] HTTP GET /lib/bootstrap/dist/css/bootstrap.min.css responded 200 in 2.0079 ms
[10:16:35 INF] HTTP GET /css/site.css responded 200 in 1.6557 ms
[10:16:36 INF] HTTP GET /lib/jquery/dist/jquery.min.js responded 200 in 1.1888 ms
[10:16:36 INF] HTTP GET /lib/bootstrap/dist/js/bootstrap.bundle.min.js responded 200 in 1.4176 ms
[10:16:36 INF] HTTP GET /js/site.js responded 200 in 1.3207 ms
[10:16:36 INF] HTTP GET /lib/jquery-validation/dist/jquery.validate.min.js responded 200 in 0.7259 ms
[10:16:36 INF] HTTP GET /js/products-catalog-filter.js responded 200 in 1.1494 ms
[10:16:36 INF] HTTP GET /lib/jquery-validation-unobtrusive/dist/jquery.validate.unobtrusive.min.js responded 200 in 12.5754 ms
[10:16:57 INF] HTTP GET /Inventory/Products responded 200 in 62.7586 ms
[10:16:57 INF] HTTP GET /css/site.css responded 200 in 0.8714 ms
[10:16:57 INF] HTTP GET /Biktal.WebMVC.styles.css responded 200 in 0.9668 ms
[10:16:57 INF] HTTP GET /lib/bootstrap/dist/css/bootstrap.min.css responded 200 in 0.7603 ms
[10:16:58 INF] HTTP GET /lib/jquery/dist/jquery.min.js responded 304 in 0.2539 ms
[10:16:58 INF] HTTP GET /lib/bootstrap/dist/js/bootstrap.bundle.min.js responded 304 in 0.4342 ms
[10:16:58 INF] HTTP GET /js/site.js responded 304 in 0.5677 ms
[10:16:58 INF] HTTP GET /lib/jquery-validation-unobtrusive/dist/jquery.validate.unobtrusive.min.js responded 304 in 0.3372 ms
[10:16:58 INF] HTTP GET /lib/jquery-validation/dist/jquery.validate.min.js responded 304 in 0.4985 ms
[10:16:58 INF] HTTP GET /js/products-catalog-filter.js responded 304 in 0.4144 ms
[10:17:20 INF] HTTP POST /Inventory/EditProduct responded 302 in 16.4762 ms
[10:17:20 INF] HTTP GET /Inventory/Products responded 200 in 49.6167 ms
[10:17:20 INF] HTTP GET /css/site.css responded 200 in 2.7275 ms
[10:17:20 INF] HTTP GET /Biktal.WebMVC.styles.css responded 200 in 1.2989 ms
[10:17:20 INF] HTTP GET /lib/bootstrap/dist/css/bootstrap.min.css responded 200 in 2.7457 ms
[10:17:21 INF] HTTP GET /lib/jquery/dist/jquery.min.js responded 304 in 0.2594 ms
[10:17:21 INF] HTTP GET /lib/bootstrap/dist/js/bootstrap.bundle.min.js responded 304 in 0.3555 ms
[10:17:21 INF] HTTP GET /js/site.js responded 304 in 0.5058 ms
[10:17:21 INF] HTTP GET /lib/jquery-validation/dist/jquery.validate.min.js responded 304 in 1.0080 ms
[10:17:21 INF] HTTP GET /lib/jquery-validation-unobtrusive/dist/jquery.validate.unobtrusive.min.js responded 304 in 0.9648 ms
[10:17:21 INF] HTTP GET /js/products-catalog-filter.js responded 304 in 0.5613 ms
[10:17:27 INF] HTTP GET /Inventory/Products responded 200 in 59.8734 ms
[10:17:27 INF] HTTP GET /lib/bootstrap/dist/css/bootstrap.min.css responded 304 in 0.4620 ms
[10:17:27 INF] HTTP GET /Biktal.WebMVC.styles.css responded 304 in 0.5544 ms
[10:17:27 INF] HTTP GET /css/site.css responded 304 in 4.5458 ms
[10:17:28 INF] HTTP GET /lib/jquery/dist/jquery.min.js responded 304 in 0.2616 ms
[10:17:28 INF] HTTP GET /lib/bootstrap/dist/js/bootstrap.bundle.min.js responded 304 in 0.4330 ms
[10:17:28 INF] HTTP GET /js/site.js responded 304 in 0.4045 ms
[10:17:28 INF] HTTP GET /lib/jquery-validation/dist/jquery.validate.min.js responded 304 in 1.0132 ms
[10:17:28 INF] HTTP GET /lib/jquery-validation-unobtrusive/dist/jquery.validate.unobtrusive.min.js responded 304 in 0.5417 ms
[10:17:28 INF] HTTP GET /js/products-catalog-filter.js responded 304 in 0.8192 ms
[10:24:10 INF] HTTP GET /Inventory/Products responded 200 in 162.7208 ms
[10:24:10 INF] HTTP GET /css/site.css responded 200 in 4.0127 ms
[10:24:10 INF] HTTP GET /Biktal.WebMVC.styles.css responded 200 in 6.2290 ms
[10:24:10 INF] HTTP GET /lib/bootstrap/dist/css/bootstrap.min.css responded 200 in 1.8898 ms
[10:24:11 INF] HTTP GET /lib/jquery/dist/jquery.min.js responded 200 in 0.6419 ms
[10:24:11 INF] HTTP GET /js/site.js responded 200 in 0.8893 ms
[10:24:11 INF] HTTP GET /lib/bootstrap/dist/js/bootstrap.bundle.min.js responded 200 in 1.5525 ms
[10:24:11 INF] HTTP GET /js/products-catalog-filter.js responded 200 in 0.8802 ms
[10:24:11 INF] HTTP GET /lib/jquery-validation-unobtrusive/dist/jquery.validate.unobtrusive.min.js responded 200 in 2.1461 ms
[10:24:11 INF] HTTP GET /lib/jquery-validation/dist/jquery.validate.min.js responded 200 in 5.8586 ms
[10:28:22 INF] HTTP GET /Inventory/Products responded 200 in 86.7931 ms
[10:28:22 INF] HTTP GET /Biktal.WebMVC.styles.css responded 200 in 0.9189 ms
[10:28:22 INF] HTTP GET /css/site.css responded 200 in 10.2909 ms
[10:28:22 INF] HTTP GET /lib/bootstrap/dist/css/bootstrap.min.css responded 200 in 10.8772 ms
[10:28:23 INF] HTTP GET /lib/jquery/dist/jquery.min.js responded 200 in 0.8969 ms
[10:28:23 INF] HTTP GET /js/site.js responded 200 in 1.3153 ms
[10:28:23 INF] HTTP GET /lib/bootstrap/dist/js/bootstrap.bundle.min.js responded 200 in 2.2047 ms
[10:28:23 INF] HTTP GET /lib/jquery-validation/dist/jquery.validate.min.js responded 200 in 1.1167 ms
[10:28:23 INF] HTTP GET /lib/jquery-validation-unobtrusive/dist/jquery.validate.unobtrusive.min.js responded 200 in 0.7827 ms
[10:28:23 INF] HTTP GET /js/products-catalog-filter.js responded 200 in 0.7402 ms
[10:28:28 INF] HTTP POST /Inventory/EditProduct responded 302 in 17.7484 ms
[10:28:28 INF] HTTP GET /Inventory/Products responded 200 in 59.0691 ms
[10:28:28 INF] HTTP GET /lib/bootstrap/dist/css/bootstrap.min.css responded 200 in 3.7361 ms
[10:28:28 INF] HTTP GET /css/site.css responded 200 in 0.8564 ms
[10:28:28 INF] HTTP GET /Biktal.WebMVC.styles.css responded 200 in 1.6989 ms
[10:28:29 INF] HTTP GET /lib/jquery/dist/jquery.min.js responded 200 in 0.9766 ms
[10:28:29 INF] HTTP GET /lib/bootstrap/dist/js/bootstrap.bundle.min.js responded 200 in 2.5646 ms
[10:28:29 INF] HTTP GET /lib/jquery-validation-unobtrusive/dist/jquery.validate.unobtrusive.min.js responded 200 in 1.8230 ms
[10:28:29 INF] HTTP GET /js/site.js responded 200 in 2.8864 ms
[10:28:29 INF] HTTP GET /js/products-catalog-filter.js responded 200 in 0.8079 ms
[10:28:29 INF] HTTP GET /lib/jquery-validation/dist/jquery.validate.min.js responded 200 in 1.5225 ms
[10:29:06 INF] HTTP GET /Inventory/Products responded 200 in 78.3906 ms
[10:29:06 INF] HTTP GET /lib/bootstrap/dist/css/bootstrap.min.css responded 200 in 1.1980 ms
[10:29:06 INF] HTTP GET /css/site.css responded 200 in 1.3836 ms
[10:29:06 INF] HTTP GET /Biktal.WebMVC.styles.css responded 200 in 1.1782 ms
[10:29:07 INF] HTTP GET /lib/jquery/dist/jquery.min.js responded 304 in 2.9584 ms
[10:29:07 INF] HTTP GET /lib/bootstrap/dist/js/bootstrap.bundle.min.js responded 304 in 0.5760 ms
[10:29:07 INF] HTTP GET /js/site.js responded 304 in 0.3588 ms
[10:29:07 INF] HTTP GET /lib/jquery-validation/dist/jquery.validate.min.js responded 304 in 1.8356 ms
[10:29:07 INF] HTTP GET /js/products-catalog-filter.js responded 304 in 0.7801 ms
[10:29:07 INF] HTTP GET /lib/jquery-validation-unobtrusive/dist/jquery.validate.unobtrusive.min.js responded 304 in 1.0480 ms
[10:29:13 INF] HTTP POST /Inventory/EditProduct responded 302 in 107.1451 ms
[10:29:13 INF] HTTP GET /Inventory/Products responded 200 in 36.3525 ms
[10:29:13 INF] HTTP GET /lib/bootstrap/dist/css/bootstrap.min.css responded 200 in 0.9008 ms
[10:29:13 INF] HTTP GET /css/site.css responded 200 in 0.8954 ms
[10:29:13 INF] HTTP GET /Biktal.WebMVC.styles.css responded 200 in 2.5681 ms
[10:29:14 INF] HTTP GET /lib/jquery/dist/jquery.min.js responded 304 in 0.2980 ms
[10:29:14 INF] HTTP GET /lib/bootstrap/dist/js/bootstrap.bundle.min.js responded 304 in 0.6323 ms
[10:29:14 INF] HTTP GET /js/site.js responded 304 in 0.4511 ms
[10:29:14 INF] HTTP GET /lib/jquery-validation/dist/jquery.validate.min.js responded 304 in 0.4496 ms
[10:29:14 INF] HTTP GET /lib/jquery-validation-unobtrusive/dist/jquery.validate.unobtrusive.min.js responded 304 in 0.3516 ms
[10:29:14 INF] HTTP GET /js/products-catalog-filter.js responded 304 in 1.1457 ms
[10:31:53 INF] HTTP GET /Inventory/Products responded 200 in 103.8527 ms
[10:31:53 INF] HTTP GET /lib/bootstrap/dist/css/bootstrap.min.css responded 200 in 5.2265 ms
[10:31:53 INF] HTTP GET /Biktal.WebMVC.styles.css responded 200 in 1.1029 ms
[10:31:53 INF] HTTP GET /css/site.css responded 200 in 1.4252 ms
[10:31:54 INF] HTTP GET /lib/jquery/dist/jquery.min.js responded 200 in 0.7460 ms
[10:31:54 INF] HTTP GET /js/site.js responded 200 in 0.7724 ms
[10:31:54 INF] HTTP GET /lib/bootstrap/dist/js/bootstrap.bundle.min.js responded 200 in 0.8890 ms
[10:31:54 INF] HTTP GET /lib/jquery-validation/dist/jquery.validate.min.js responded 200 in 1.7942 ms
[10:31:54 INF] HTTP GET /lib/jquery-validation-unobtrusive/dist/jquery.validate.unobtrusive.min.js responded 200 in 1.7514 ms
[10:31:54 INF] HTTP GET /js/products-catalog-filter.js responded 200 in 0.7515 ms
[10:32:07 INF] HTTP POST /Inventory/EditProduct responded 302 in 17.7485 ms
[10:32:08 INF] HTTP GET /Inventory/Products responded 200 in 68.3986 ms
[10:32:08 INF] HTTP GET /lib/bootstrap/dist/css/bootstrap.min.css responded 200 in 1.1135 ms
[10:32:08 INF] HTTP GET /css/site.css responded 200 in 0.7653 ms
[10:32:08 INF] HTTP GET /Biktal.WebMVC.styles.css responded 200 in 8.3235 ms
[10:32:08 INF] HTTP GET /lib/jquery/dist/jquery.min.js responded 304 in 0.2686 ms
[10:32:08 INF] HTTP GET /lib/jquery-validation/dist/jquery.validate.min.js responded 304 in 0.3366 ms
[10:32:08 INF] HTTP GET /lib/bootstrap/dist/js/bootstrap.bundle.min.js responded 304 in 0.4425 ms
[10:32:08 INF] HTTP GET /lib/jquery-validation-unobtrusive/dist/jquery.validate.unobtrusive.min.js responded 304 in 0.3033 ms
[10:32:08 INF] HTTP GET /js/site.js responded 304 in 0.3182 ms
[10:32:08 INF] HTTP GET /js/products-catalog-filter.js responded 304 in 0.7138 ms
[10:32:25 INF] HTTP GET /Inventory/Products responded 200 in 54.2010 ms
[10:32:25 INF] HTTP GET /lib/bootstrap/dist/css/bootstrap.min.css responded 200 in 1.1195 ms
[10:32:25 INF] HTTP GET /css/site.css responded 200 in 1.3239 ms
[10:32:25 INF] HTTP GET /Biktal.WebMVC.styles.css responded 200 in 1.3460 ms
[10:32:26 INF] HTTP GET /lib/jquery/dist/jquery.min.js responded 304 in 0.2631 ms
[10:32:26 INF] HTTP GET /lib/bootstrap/dist/js/bootstrap.bundle.min.js responded 304 in 0.4252 ms
[10:32:26 INF] HTTP GET /js/site.js responded 304 in 0.5164 ms
[10:32:26 INF] HTTP GET /lib/jquery-validation/dist/jquery.validate.min.js responded 304 in 0.3417 ms
[10:32:26 INF] HTTP GET /js/products-catalog-filter.js responded 304 in 0.2472 ms
[10:32:26 INF] HTTP GET /lib/jquery-validation-unobtrusive/dist/jquery.validate.unobtrusive.min.js responded 304 in 1.2294 ms
[10:32:49 INF] HTTP GET /Inventory/Products responded 200 in 60.6158 ms
[10:32:49 INF] HTTP GET /css/site.css responded 200 in 1.5863 ms
[10:32:49 INF] HTTP GET /lib/bootstrap/dist/css/bootstrap.min.css responded 200 in 1.0023 ms
[10:32:49 INF] HTTP GET /Biktal.WebMVC.styles.css responded 200 in 2.0788 ms
[10:32:50 INF] HTTP GET /lib/jquery/dist/jquery.min.js responded 304 in 0.2702 ms
[10:32:50 INF] HTTP GET /lib/bootstrap/dist/js/bootstrap.bundle.min.js responded 304 in 0.5558 ms
[10:32:50 INF] HTTP GET /js/site.js responded 304 in 0.9380 ms
[10:32:50 INF] HTTP GET /lib/jquery-validation/dist/jquery.validate.min.js responded 304 in 1.1076 ms
[10:32:50 INF] HTTP GET /lib/jquery-validation-unobtrusive/dist/jquery.validate.unobtrusive.min.js responded 304 in 0.8166 ms
[10:32:50 INF] HTTP GET /js/products-catalog-filter.js responded 304 in 0.5832 ms
[10:33:16 INF] HTTP GET /Inventory/Products responded 200 in 57.6144 ms
[10:33:16 INF] HTTP GET /lib/bootstrap/dist/css/bootstrap.min.css responded 200 in 10.9289 ms
[10:33:16 INF] HTTP GET /css/site.css responded 200 in 3.6397 ms
[10:33:16 INF] HTTP GET /Biktal.WebMVC.styles.css responded 200 in 3.0669 ms
[10:33:17 INF] HTTP GET /lib/jquery/dist/jquery.min.js responded 304 in 0.2658 ms
[10:33:17 INF] HTTP GET /lib/bootstrap/dist/js/bootstrap.bundle.min.js responded 304 in 0.5167 ms
[10:33:17 INF] HTTP GET /js/site.js responded 304 in 0.5484 ms
[10:33:17 INF] HTTP GET /lib/jquery-validation-unobtrusive/dist/jquery.validate.unobtrusive.min.js responded 304 in 0.3915 ms
[10:33:17 INF] HTTP GET /lib/jquery-validation/dist/jquery.validate.min.js responded 304 in 0.3184 ms
[10:33:17 INF] HTTP GET /js/products-catalog-filter.js responded 304 in 0.4840 ms
[10:33:43 INF] HTTP GET /Inventory/Products responded 200 in 122.9440 ms
[10:33:43 INF] HTTP GET /Biktal.WebMVC.styles.css responded 200 in 1.5176 ms
[10:33:43 INF] HTTP GET /lib/bootstrap/dist/css/bootstrap.min.css responded 200 in 4.6310 ms
[10:33:43 INF] HTTP GET /css/site.css responded 200 in 0.7834 ms
[10:33:44 INF] HTTP GET /lib/jquery/dist/jquery.min.js responded 304 in 0.2649 ms
[10:33:44 INF] HTTP GET /lib/bootstrap/dist/js/bootstrap.bundle.min.js responded 304 in 0.4095 ms
[10:33:44 INF] HTTP GET /js/site.js responded 304 in 0.5016 ms
[10:33:44 INF] HTTP GET /lib/jquery-validation/dist/jquery.validate.min.js responded 304 in 0.2782 ms
[10:33:44 INF] HTTP GET /lib/jquery-validation-unobtrusive/dist/jquery.validate.unobtrusive.min.js responded 304 in 0.2569 ms
[10:33:44 INF] HTTP GET /js/products-catalog-filter.js responded 304 in 0.3481 ms
[10:33:55 INF] HTTP GET /Inventory/Products responded 200 in 52.2578 ms
[10:33:55 INF] HTTP GET /lib/bootstrap/dist/css/bootstrap.min.css responded 200 in 13.7005 ms
[10:33:55 INF] HTTP GET /Biktal.WebMVC.styles.css responded 200 in 2.2907 ms
[10:33:55 INF] HTTP GET /css/site.css responded 200 in 4.4800 ms
[10:33:56 INF] HTTP GET /lib/jquery/dist/jquery.min.js responded 304 in 0.3409 ms
[10:33:56 INF] HTTP GET /lib/bootstrap/dist/js/bootstrap.bundle.min.js responded 304 in 1.1436 ms
[10:33:56 INF] HTTP GET /js/site.js responded 304 in 0.7444 ms
[10:33:56 INF] HTTP GET /lib/jquery-validation-unobtrusive/dist/jquery.validate.unobtrusive.min.js responded 304 in 0.6126 ms
[10:33:56 INF] HTTP GET /lib/jquery-validation/dist/jquery.validate.min.js responded 304 in 0.3543 ms
[10:33:56 INF] HTTP GET /js/products-catalog-filter.js responded 304 in 0.5039 ms
[10:34:27 INF] HTTP POST /Inventory/EditProduct responded 302 in 106.2154 ms
[10:34:27 INF] HTTP GET /Inventory/Products responded 200 in 55.6200 ms
[10:34:27 INF] HTTP GET /css/site.css responded 200 in 0.9036 ms
[10:34:27 INF] HTTP GET /lib/bootstrap/dist/css/bootstrap.min.css responded 200 in 0.9334 ms
[10:34:27 INF] HTTP GET /Biktal.WebMVC.styles.css responded 200 in 1.4609 ms
[10:34:28 INF] HTTP GET /lib/jquery/dist/jquery.min.js responded 304 in 0.2586 ms
[10:34:28 INF] HTTP GET /lib/bootstrap/dist/js/bootstrap.bundle.min.js responded 304 in 0.9605 ms
[10:34:28 INF] HTTP GET /js/site.js responded 304 in 0.5301 ms
[10:34:28 INF] HTTP GET /lib/jquery-validation/dist/jquery.validate.min.js responded 304 in 0.5429 ms
[10:34:28 INF] HTTP GET /lib/jquery-validation-unobtrusive/dist/jquery.validate.unobtrusive.min.js responded 304 in 0.7630 ms
[10:34:28 INF] HTTP GET /js/products-catalog-filter.js responded 304 in 0.4689 ms
[10:34:33 INF] HTTP GET /Inventory/Products responded 200 in 67.4648 ms
[10:34:34 INF] HTTP GET /Biktal.WebMVC.styles.css responded 200 in 1.7853 ms
[10:34:34 INF] HTTP GET /css/site.css responded 200 in 1.1075 ms
[10:34:34 INF] HTTP GET /lib/bootstrap/dist/css/bootstrap.min.css responded 200 in 1.5849 ms
[10:34:34 INF] HTTP GET /lib/jquery/dist/jquery.min.js responded 304 in 0.2510 ms
[10:34:34 INF] HTTP GET /lib/bootstrap/dist/js/bootstrap.bundle.min.js responded 304 in 0.3961 ms
[10:34:34 INF] HTTP GET /js/site.js responded 304 in 0.4936 ms
[10:34:34 INF] HTTP GET /lib/jquery-validation/dist/jquery.validate.min.js responded 304 in 0.6835 ms
[10:34:34 INF] HTTP GET /lib/jquery-validation-unobtrusive/dist/jquery.validate.unobtrusive.min.js responded 304 in 0.6595 ms
[10:34:34 INF] HTTP GET /js/products-catalog-filter.js responded 304 in 0.4576 ms
[10:35:16 INF] HTTP POST /Inventory/EditProduct responded 302 in 17.0077 ms
[10:35:16 INF] HTTP GET /Inventory/Products responded 200 in 72.1868 ms
[10:35:17 INF] HTTP GET /css/site.css responded 200 in 2.8411 ms
[10:35:17 INF] HTTP GET /lib/bootstrap/dist/css/bootstrap.min.css responded 200 in 1.4003 ms
[10:35:17 INF] HTTP GET /Biktal.WebMVC.styles.css responded 200 in 2.8440 ms
[10:35:17 INF] HTTP GET /lib/jquery/dist/jquery.min.js responded 304 in 0.3101 ms
[10:35:17 INF] HTTP GET /lib/bootstrap/dist/js/bootstrap.bundle.min.js responded 304 in 0.6734 ms
[10:35:17 INF] HTTP GET /js/site.js responded 304 in 0.4833 ms
[10:35:17 INF] HTTP GET /lib/jquery-validation/dist/jquery.validate.min.js responded 304 in 0.7916 ms
[10:35:17 INF] HTTP GET /lib/jquery-validation-unobtrusive/dist/jquery.validate.unobtrusive.min.js responded 304 in 0.7984 ms
[10:35:17 INF] HTTP GET /js/products-catalog-filter.js responded 304 in 2.1903 ms
[10:42:47 INF] HTTP GET /Inventory/Products responded 200 in 213.9047 ms
[10:42:47 INF] HTTP GET /css/site.css responded 200 in 3.9733 ms
[10:42:47 INF] HTTP GET /lib/bootstrap/dist/css/bootstrap.min.css responded 200 in 4.7243 ms
[10:42:47 INF] HTTP GET /Biktal.WebMVC.styles.css responded 200 in 1.2696 ms
[10:42:48 INF] HTTP GET /lib/jquery/dist/jquery.min.js responded 200 in 0.9249 ms
[10:42:48 INF] HTTP GET /js/site.js responded 200 in 1.3348 ms
[10:42:48 INF] HTTP GET /lib/jquery-validation/dist/jquery.validate.min.js responded 200 in 1.8063 ms
[10:42:48 INF] HTTP GET /lib/bootstrap/dist/js/bootstrap.bundle.min.js responded 200 in 2.3114 ms
[10:42:48 INF] HTTP GET /lib/jquery-validation-unobtrusive/dist/jquery.validate.unobtrusive.min.js responded 200 in 0.9294 ms
[10:42:48 INF] HTTP GET /js/products-catalog-filter.js responded 200 in 3.7541 ms
[10:43:00 INF] HTTP POST /Inventory/EditProduct responded 302 in 16.5906 ms
[10:43:01 INF] HTTP GET /Inventory/Products responded 200 in 52.3819 ms
[10:43:01 INF] HTTP GET /lib/bootstrap/dist/css/bootstrap.min.css responded 200 in 1.0894 ms
[10:43:01 INF] HTTP GET /css/site.css responded 200 in 0.7515 ms
[10:43:01 INF] HTTP GET /Biktal.WebMVC.styles.css responded 200 in 2.2122 ms
[10:43:02 INF] HTTP GET /lib/jquery/dist/jquery.min.js responded 304 in 0.2688 ms
[10:43:02 INF] HTTP GET /lib/bootstrap/dist/js/bootstrap.bundle.min.js responded 304 in 0.6287 ms
[10:43:02 INF] HTTP GET /js/site.js responded 304 in 0.4149 ms
[10:43:02 INF] HTTP GET /lib/jquery-validation/dist/jquery.validate.min.js responded 304 in 0.7702 ms
[10:43:02 INF] HTTP GET /lib/jquery-validation-unobtrusive/dist/jquery.validate.unobtrusive.min.js responded 304 in 0.5377 ms
[10:43:02 INF] HTTP GET /js/products-catalog-filter.js responded 304 in 0.5817 ms
[10:43:05 INF] HTTP GET /Inventory/Products responded 200 in 71.0902 ms
[10:43:05 INF] HTTP GET /css/site.css responded 200 in 0.9486 ms
[10:43:05 INF] HTTP GET /lib/bootstrap/dist/css/bootstrap.min.css responded 200 in 3.6980 ms
[10:43:05 INF] HTTP GET /Biktal.WebMVC.styles.css responded 200 in 1.1297 ms
[10:43:06 INF] HTTP GET /lib/jquery/dist/jquery.min.js responded 304 in 0.2743 ms
[10:43:06 INF] HTTP GET /lib/bootstrap/dist/js/bootstrap.bundle.min.js responded 304 in 0.4781 ms
[10:43:06 INF] HTTP GET /js/site.js responded 304 in 0.3812 ms
[10:43:06 INF] HTTP GET /lib/jquery-validation/dist/jquery.validate.min.js responded 304 in 0.3505 ms
[10:43:06 INF] HTTP GET /js/products-catalog-filter.js responded 304 in 1.8676 ms
[10:43:06 INF] HTTP GET /lib/jquery-validation-unobtrusive/dist/jquery.validate.unobtrusive.min.js responded 304 in 6.5628 ms
[10:43:39 INF] HTTP GET /Inventory/Products responded 200 in 69.8230 ms
[10:43:39 INF] HTTP GET /css/site.css responded 200 in 5.0640 ms
[10:43:39 INF] HTTP GET /Biktal.WebMVC.styles.css responded 200 in 10.9478 ms
[10:43:39 INF] HTTP GET /lib/bootstrap/dist/css/bootstrap.min.css responded 200 in 10.1267 ms
[10:43:40 INF] HTTP GET /lib/jquery/dist/jquery.min.js responded 304 in 0.2615 ms
[10:43:40 INF] HTTP GET /lib/bootstrap/dist/js/bootstrap.bundle.min.js responded 304 in 1.3713 ms
[10:43:40 INF] HTTP GET /js/site.js responded 304 in 0.3984 ms
[10:43:40 INF] HTTP GET /lib/jquery-validation/dist/jquery.validate.min.js responded 304 in 0.4621 ms
[10:43:40 INF] HTTP GET /lib/jquery-validation-unobtrusive/dist/jquery.validate.unobtrusive.min.js responded 304 in 0.4724 ms
[10:43:40 INF] HTTP GET /js/products-catalog-filter.js responded 304 in 1.4663 ms
[10:43:51 INF] HTTP GET /Inventory/Products responded 200 in 83.7855 ms
[10:43:51 INF] HTTP GET /lib/bootstrap/dist/css/bootstrap.min.css responded 304 in 0.5537 ms
[10:43:51 INF] HTTP GET /css/site.css responded 304 in 0.5278 ms
[10:43:51 INF] HTTP GET /Biktal.WebMVC.styles.css responded 304 in 0.3438 ms
[10:43:52 INF] HTTP GET /lib/jquery/dist/jquery.min.js responded 304 in 0.2505 ms
[10:43:52 INF] HTTP GET /js/site.js responded 304 in 0.3305 ms
[10:43:52 INF] HTTP GET /lib/bootstrap/dist/js/bootstrap.bundle.min.js responded 304 in 0.3802 ms
[10:43:52 INF] HTTP GET /lib/jquery-validation/dist/jquery.validate.min.js responded 304 in 0.3130 ms
[10:43:52 INF] HTTP GET /lib/jquery-validation-unobtrusive/dist/jquery.validate.unobtrusive.min.js responded 304 in 0.2507 ms
[10:43:52 INF] HTTP GET /js/products-catalog-filter.js responded 304 in 0.4945 ms
[10:43:58 INF] HTTP POST /Inventory/EditProduct responded 302 in 15.4475 ms
[10:43:58 INF] HTTP GET /Inventory/Products responded 200 in 58.2527 ms
[10:43:58 INF] HTTP GET /lib/bootstrap/dist/css/bootstrap.min.css responded 304 in 0.6257 ms
[10:43:58 INF] HTTP GET /Biktal.WebMVC.styles.css responded 304 in 1.3478 ms
[10:43:58 INF] HTTP GET /css/site.css responded 304 in 1.2153 ms
[10:43:59 INF] HTTP GET /lib/jquery/dist/jquery.min.js responded 304 in 0.2600 ms
[10:43:59 INF] HTTP GET /lib/bootstrap/dist/js/bootstrap.bundle.min.js responded 304 in 0.4259 ms
[10:43:59 INF] HTTP GET /js/site.js responded 304 in 0.7127 ms
[10:43:59 INF] HTTP GET /lib/jquery-validation/dist/jquery.validate.min.js responded 304 in 0.5098 ms
[10:43:59 INF] HTTP GET /lib/jquery-validation-unobtrusive/dist/jquery.validate.unobtrusive.min.js responded 304 in 0.4228 ms
[10:43:59 INF] HTTP GET /js/products-catalog-filter.js responded 304 in 0.4956 ms
[10:44:05 INF] HTTP GET /Inventory/Products responded 200 in 70.4452 ms
[10:44:05 INF] HTTP GET /css/site.css responded 304 in 0.7518 ms
[10:44:05 INF] HTTP GET /lib/bootstrap/dist/css/bootstrap.min.css responded 304 in 0.7652 ms
[10:44:05 INF] HTTP GET /Biktal.WebMVC.styles.css responded 304 in 2.4962 ms
[10:44:05 INF] HTTP GET /lib/jquery/dist/jquery.min.js responded 304 in 0.2854 ms
[10:44:05 INF] HTTP GET /lib/bootstrap/dist/js/bootstrap.bundle.min.js responded 304 in 0.5460 ms
[10:44:05 INF] HTTP GET /js/site.js responded 304 in 0.4535 ms
[10:44:05 INF] HTTP GET /lib/jquery-validation/dist/jquery.validate.min.js responded 304 in 0.3776 ms
[10:44:05 INF] HTTP GET /lib/jquery-validation-unobtrusive/dist/jquery.validate.unobtrusive.min.js responded 304 in 0.6086 ms
[10:44:05 INF] HTTP GET /js/products-catalog-filter.js responded 304 in 2.2003 ms
[10:44:26 INF] HTTP POST /Inventory/EditProduct responded 302 in 15.1726 ms
[10:44:26 INF] HTTP GET /Inventory/Products responded 200 in 52.4204 ms
[10:44:26 INF] HTTP GET /css/site.css responded 304 in 0.4157 ms
[10:44:26 INF] HTTP GET /Biktal.WebMVC.styles.css responded 304 in 0.5460 ms
[10:44:26 INF] HTTP GET /lib/bootstrap/dist/css/bootstrap.min.css responded 200 in 0.8360 ms
[10:44:27 INF] HTTP GET /lib/jquery/dist/jquery.min.js responded 304 in 1.5859 ms
[10:44:27 INF] HTTP GET /lib/bootstrap/dist/js/bootstrap.bundle.min.js responded 304 in 0.3662 ms
[10:44:27 INF] HTTP GET /js/site.js responded 304 in 0.4488 ms
[10:44:27 INF] HTTP GET /lib/jquery-validation/dist/jquery.validate.min.js responded 304 in 0.4442 ms
[10:44:27 INF] HTTP GET /lib/jquery-validation-unobtrusive/dist/jquery.validate.unobtrusive.min.js responded 304 in 0.8320 ms
[10:44:27 INF] HTTP GET /js/products-catalog-filter.js responded 304 in 0.4981 ms
[10:44:46 INF] HTTP GET /Inventory/Products responded 200 in 53.7090 ms
[10:44:46 INF] HTTP GET /lib/bootstrap/dist/css/bootstrap.min.css responded 304 in 1.5969 ms
[10:44:46 INF] HTTP GET /css/site.css responded 304 in 0.2662 ms
[10:44:46 INF] HTTP GET /Biktal.WebMVC.styles.css responded 304 in 0.3749 ms
[10:44:47 INF] HTTP GET /lib/jquery/dist/jquery.min.js responded 304 in 0.5758 ms
[10:44:47 INF] HTTP GET /lib/bootstrap/dist/js/bootstrap.bundle.min.js responded 304 in 0.5076 ms
[10:44:47 INF] HTTP GET /js/site.js responded 304 in 0.4913 ms
[10:44:47 INF] HTTP GE