[17:16:32 WRN] Using an in-memory repository. Keys will not be persisted to storage.
[17:16:32 WRN] Neither user profile nor HKLM registry available. Using an ephemeral key repository. Protected data will be unavailable when application exits.
[17:16:32 WRN] No XML encryptor configured. Key {c9e1d9bf-9b04-40ae-91d6-3f07b0e44a70} may be persisted to storage in unencrypted form.
[17:16:32 INF] Application started. Press Ctrl+C to shut down.
[17:16:32 INF] Hosting environment: Production
[17:16:32 INF] Content root path: D:\Systems\BiktalSystems\publish
[17:16:33 WRN] The query uses the 'First'/'FirstOrDefault' operator without 'OrderBy' and filter operators. This may lead to unpredictable results.
[17:16:33 ERR] An exception was thrown while deserializing the token.
Microsoft.AspNetCore.Antiforgery.AntiforgeryValidationException: The antiforgery token could not be decrypted.
 ---> System.Security.Cryptography.CryptographicException: The key {73705813-0a26-4beb-961f-e80ca3ba0361} was not found in the key ring. For more information go to https://aka.ms/aspnet/dataprotectionwarning
   at Microsoft.AspNetCore.DataProtection.KeyManagement.KeyRingBasedDataProtector.UnprotectCore(Byte[] protectedData, Boolean allowOperationsOnRevokedKeys, UnprotectStatus& status)
   at Microsoft.AspNetCore.DataProtection.KeyManagement.KeyRingBasedDataProtector.Unprotect(Byte[] protectedData)
   at Microsoft.AspNetCore.Antiforgery.DefaultAntiforgeryTokenSerializer.Deserialize(String serializedToken)
   --- End of inner exception stack trace ---
   at Microsoft.AspNetCore.Antiforgery.DefaultAntiforgeryTokenSerializer.Deserialize(String serializedToken)
   at Microsoft.AspNetCore.Antiforgery.DefaultAntiforgery.GetCookieTokenDoesNotThrow(HttpContext httpContext)
[17:16:33 INF] HTTP GET / responded 200 in 399.1325 ms
[17:16:33 INF] HTTP GET /css/site.css responded 200 in 37.3896 ms
[17:16:33 INF] HTTP GET /Biktal.WebMVC.styles.css responded 200 in 33.1808 ms
[17:16:33 INF] HTTP GET /lib/bootstrap/dist/css/bootstrap.min.css responded 200 in 43.6710 ms
[17:16:34 INF] HTTP GET /js/pos.js responded 200 in 27.3201 ms
[17:16:34 INF] HTTP GET /js/site.js responded 200 in 28.9918 ms
[17:16:34 INF] HTTP GET /lib/jquery/dist/jquery.min.js responded 200 in 36.3867 ms
[17:16:34 INF] HTTP GET /lib/bootstrap/dist/js/bootstrap.bundle.min.js responded 200 in 36.7446 ms
[17:37:02 INF] Application is shutting down...
