[10:38:33 WRN] Using an in-memory repository. Keys will not be persisted to storage.
[10:38:33 WRN] Neither user profile nor HKLM registry available. Using an ephemeral key repository. Protected data will be unavailable when application exits.
[10:38:33 WRN] No XML encryptor configured. Key {37454945-3d90-4b31-b999-53a0ced73514} may be persisted to storage in unencrypted form.
[10:38:33 INF] Application started. Press Ctrl+C to shut down.
[10:38:33 INF] Hosting environment: Production
[10:38:33 INF] Content root path: D:\Systems\BiktalSystems\publish
[10:38:34 WRN] The query uses the 'First'/'FirstOrDefault' operator without 'OrderBy' and filter operators. This may lead to unpredictable results.
[10:38:34 ERR] An exception was thrown while deserializing the token.
Microsoft.AspNetCore.Antiforgery.AntiforgeryValidationException: The antiforgery token could not be decrypted.
 ---> System.Security.Cryptography.CryptographicException: The key {5b5d3294-c1b4-4f9e-afed-cd1eb55409ed} was not found in the key ring. For more information go to https://aka.ms/aspnet/dataprotectionwarning
   at Microsoft.AspNetCore.DataProtection.KeyManagement.KeyRingBasedDataProtector.UnprotectCore(Byte[] protectedData, Boolean allowOperationsOnRevokedKeys, UnprotectStatus& status)
   at Microsoft.AspNetCore.DataProtection.KeyManagement.KeyRingBasedDataProtector.Unprotect(Byte[] protectedData)
   at Microsoft.AspNetCore.Antiforgery.DefaultAntiforgeryTokenSerializer.Deserialize(String serializedToken)
   --- End of inner exception stack trace ---
   at Microsoft.AspNetCore.Antiforgery.DefaultAntiforgeryTokenSerializer.Deserialize(String serializedToken)
   at Microsoft.AspNetCore.Antiforgery.DefaultAntiforgery.GetCookieTokenDoesNotThrow(HttpContext httpContext)
[10:38:34 INF] HTTP GET / responded 200 in 836.4029 ms
[10:38:34 INF] HTTP GET /Biktal.WebMVC.styles.css responded 200 in 22.7111 ms
[10:38:34 INF] HTTP GET /css/site.css responded 200 in 36.6030 ms
[10:38:34 INF] HTTP GET /lib/bootstrap/dist/css/bootstrap.min.css responded 200 in 50.0234 ms
[10:38:35 INF] HTTP GET /js/site.js responded 200 in 31.0943 ms
[10:38:35 INF] HTTP GET /lib/bootstrap/dist/js/bootstrap.bundle.min.js responded 200 in 31.4707 ms
[10:38:35 INF] HTTP GET /lib/jquery/dist/jquery.min.js responded 200 in 33.6489 ms
[10:38:35 INF] HTTP GET /js/pos.js responded 200 in 49.6478 ms
[10:38:49 INF] HTTP POST /Pos/CompleteSale responded 200 in 2181.7063 ms
[10:52:47 INF] HTTP GET /Inventory/Products responded 200 in 908.1925 ms
[10:52:47 INF] HTTP GET /css/site.css responded 200 in 3.7805 ms
[10:52:47 INF] HTTP GET /Biktal.WebMVC.styles.css responded 200 in 0.9708 ms
[10:52:47 INF] HTTP GET /lib/bootstrap/dist/css/bootstrap.min.css responded 200 in 2.4199 ms
[10:52:48 INF] HTTP GET /lib/jquery/dist/jquery.min.js responded 200 in 23.3500 ms
[10:52:48 INF] HTTP GET /lib/jquery-validation-unobtrusive/dist/jquery.validate.unobtrusive.min.js responded 200 in 1.2880 ms
[10:52:48 INF] HTTP GET /lib/jquery-validation/dist/jquery.validate.min.js responded 200 in 1.4322 ms
[10:52:48 INF] HTTP GET /js/site.js responded 200 in 23.1288 ms
[10:52:48 INF] HTTP GET /js/products-catalog-filter.js responded 200 in 23.3068 ms
[10:52:48 INF] HTTP GET /lib/bootstrap/dist/js/bootstrap.bundle.min.js responded 200 in 114.6475 ms
[10:55:56 INF] HTTP POST /Inventory/AddProduct responded 302 in 99.2232 ms
[10:55:56 INF] HTTP GET /Inventory/Products responded 200 in 195.8133 ms
[10:55:56 INF] HTTP GET /css/site.css responded 200 in 2.7642 ms
[10:55:56 INF] HTTP GET /lib/bootstrap/dist/css/bootstrap.min.css responded 200 in 2.7577 ms
[10:55:56 INF] HTTP GET /Biktal.WebMVC.styles.css responded 200 in 3.1529 ms
[10:55:57 INF] HTTP GET /lib/jquery/dist/jquery.min.js responded 200 in 1.1742 ms
[10:55:57 INF] HTTP GET /lib/bootstrap/dist/js/bootstrap.bundle.min.js responded 200 in 1.0031 ms
[10:55:57 INF] HTTP GET /lib/jquery-validation-unobtrusive/dist/jquery.validate.unobtrusive.min.js responded 200 in 13.5414 ms
[10:55:57 INF] HTTP GET /lib/jquery-validation/dist/jquery.validate.min.js responded 200 in 18.5566 ms
[10:55:57 INF] HTTP GET /js/products-catalog-filter.js responded 200 in 0.7087 ms
[10:55:57 INF] HTTP GET /js/site.js responded 200 in 1.0907 ms
[10:55:58 INF] HTTP GET / responded 200 in 42.0760 ms
[10:55:59 INF] HTTP GET /lib/bootstrap/dist/css/bootstrap.min.css responded 304 in 2.6275 ms
[10:55:59 INF] HTTP GET /Biktal.WebMVC.styles.css responded 304 in 0.2616 ms
[10:55:59 INF] HTTP GET /css/site.css responded 304 in 0.2076 ms
[10:55:59 INF] HTTP GET /lib/jquery/dist/jquery.min.js responded 304 in 0.2066 ms
[10:55:59 INF] HTTP GET /lib/bootstrap/dist/js/bootstrap.bundle.min.js responded 304 in 0.1594 ms
[10:55:59 INF] HTTP GET /js/site.js responded 304 in 0.2193 ms
[10:55:59 INF] HTTP GET /js/pos.js responded 200 in 0.7296 ms
[10:56:14 INF] HTTP POST /Pos/CompleteSale responded 200 in 129.0846 ms
[11:16:40 INF] Application is shutting down...
