[14:23:38 ERR] Failed executing DbCommand (10ms) [Parameters=[@p0='?' (DbType = Guid), @p1='?' (DbType = DateTime), @p2='?' (DbType = Guid), @p3='?', @p4='?' (DbType = DateTime), @p5='?' (DbType = Int32), @p6='?' (DbType = Int32), @p7='?', @p8='?', @p9='?' (DbType = Guid), @p10='?' (DbType = DateTime), @p11='?' (DbType = Guid), @p12='?', @p13='?' (DbType = DateTime), @p14='?' (DbType = Int32), @p15='?' (DbType = Int32), @p16='?', @p17='?'], CommandType='Text', CommandTimeout='30']
INSERT INTO "CrmSupportTickets" ("Id", "CreatedAtUtc", "CustomerId", "Description", "ModifiedAtUtc", "Priority", "Status", "Subject", "TicketNumber")
VALUES (@p0, @p1, @p2, @p3, @p4, @p5, @p6, @p7, @p8);
INSERT INTO "CrmSupportTickets" ("Id", "CreatedAtUtc", "CustomerId", "Description", "ModifiedAtUtc", "Priority", "Status", "Subject", "TicketNumber")
VALUES (@p9, @p10, @p11, @p12, @p13, @p14, @p15, @p16, @p17);
[14:23:39 ERR] An exception occurred in the database while saving changes for context type 'Biktal.Infrastructure.Persistence.ApplicationDbContext'.
Microsoft.EntityFrameworkCore.DbUpdateException: An error occurred while saving the entity changes. See the inner exception for details.
 ---> Npgsql.PostgresException (0x80004005): 23503: insert or update on table "CrmSupportTickets" violates foreign key constraint "FK_CrmSupportTickets_CrmCustomers_CustomerId"

DETAIL: Detail redacted as it may contain sensitive data. Specify 'Include Error Detail' in the connection string to include this information.
   at Npgsql.Internal.NpgsqlConnector.ReadMessageLong(Boolean async, DataRowLoadingMode dataRowLoadingMode, Boolean readingNotifications, Boolean isReadingPrependedMessage)
   at System.Runtime.CompilerServices.PoolingAsyncValueTaskMethodBuilder`1.StateMachineBox`1.System.Threading.Tasks.Sources.IValueTaskSource<TResult>.GetResult(Int16 token)
   at Npgsql.NpgsqlDataReader.NextResult(Boolean async, Boolean isConsuming, CancellationToken cancellationToken)
   at Npgsql.NpgsqlDataReader.NextResult(Boolean async, Boolean isConsuming, CancellationToken cancellationToken)
   at Npgsql.NpgsqlCommand.ExecuteReader(Boolean async, CommandBehavior behavior, CancellationToken cancellationToken)
   at Npgsql.NpgsqlCommand.ExecuteReader(Boolean async, CommandBehavior behavior, CancellationToken cancellationToken)
   at Npgsql.NpgsqlCommand.ExecuteDbDataReaderAsync(CommandBehavior behavior, CancellationToken cancellationToken)
   at Microsoft.EntityFrameworkCore.Storage.RelationalCommand.ExecuteReaderAsync(RelationalCommandParameterObject parameterObject, CancellationToken cancellationToken)
   at Microsoft.EntityFrameworkCore.Storage.RelationalCommand.ExecuteReaderAsync(RelationalCommandParameterObject parameterObject, CancellationToken cancellationToken)
   at Microsoft.EntityFrameworkCore.Update.ReaderModificationCommandBatch.ExecuteAsync(IRelationalConnection connection, CancellationToken cancellationToken)
  Exception data:
    Severity: ERROR
    SqlState: 23503
    MessageText: insert or update on table "CrmSupportTickets" violates foreign key constraint "FK_CrmSupportTickets_CrmCustomers_CustomerId"
    Detail: Detail redacted as it may contain sensitive data. Specify 'Include Error Detail' in the connection string to include this information.
    SchemaName: public
    TableName: CrmSupportTickets
    ConstraintName: FK_CrmSupportTickets_CrmCustomers_CustomerId
    File: ri_triggers.c
    Line: 2783
    Routine: ri_ReportViolation
   --- End of inner exception stack trace ---
   at Microsoft.EntityFrameworkCore.Update.ReaderModificationCommandBatch.ExecuteAsync(IRelationalConnection connection, CancellationToken cancellationToken)
   at Microsoft.EntityFrameworkCore.Update.Internal.BatchExecutor.ExecuteAsync(IEnumerable`1 commandBatches, IRelationalConnection connection, CancellationToken cancellationToken)
   at Microsoft.EntityFrameworkCore.Update.Internal.BatchExecutor.ExecuteAsync(IEnumerable`1 commandBatches, IRelationalConnection connection, CancellationToken cancellationToken)
   at Microsoft.EntityFrameworkCore.Update.Internal.BatchExecutor.ExecuteAsync(IEnumerable`1 commandBatches, IRelationalConnection connection, CancellationToken cancellationToken)
   at Microsoft.EntityFrameworkCore.Storage.RelationalDatabase.SaveChangesAsync(IList`1 entries, CancellationToken cancellationToken)
   at Microsoft.EntityFrameworkCore.ChangeTracking.Internal.StateManager.SaveChangesAsync(IList`1 entriesToSave, CancellationToken cancellationToken)
   at Microsoft.EntityFrameworkCore.ChangeTracking.Internal.StateManager.SaveChangesAsync(StateManager stateManager, Boolean acceptAllChangesOnSuccess, CancellationToken cancellationToken)
   at Npgsql.EntityFrameworkCore.PostgreSQL.Storage.Internal.NpgsqlExecutionStrategy.ExecuteAsync[TState,TResult](TState state, Func`4 operation, Func`4 verifySucceeded, CancellationToken cancellationToken)
   at Microsoft.EntityFrameworkCore.DbContext.SaveChangesAsync(Boolean acceptAllChangesOnSuccess, CancellationToken cancellationToken)
Microsoft.EntityFrameworkCore.DbUpdateException: An error occurred while saving the entity changes. See the inner exception for details.
 ---> Npgsql.PostgresException (0x80004005): 23503: insert or update on table "CrmSupportTickets" violates foreign key constraint "FK_CrmSupportTickets_CrmCustomers_CustomerId"

DETAIL: Detail redacted as it may contain sensitive data. Specify 'Include Error Detail' in the connection string to include this information.
   at Npgsql.Internal.NpgsqlConnector.ReadMessageLong(Boolean async, DataRowLoadingMode dataRowLoadingMode, Boolean readingNotifications, Boolean isReadingPrependedMessage)
   at System.Runtime.CompilerServices.PoolingAsyncValueTaskMethodBuilder`1.StateMachineBox`1.System.Threading.Tasks.Sources.IValueTaskSource<TResult>.GetResult(Int16 token)
   at Npgsql.NpgsqlDataReader.NextResult(Boolean async, Boolean isConsuming, CancellationToken cancellationToken)
   at Npgsql.NpgsqlDataReader.NextResult(Boolean async, Boolean isConsuming, CancellationToken cancellationToken)
   at Npgsql.NpgsqlCommand.ExecuteReader(Boolean async, CommandBehavior behavior, CancellationToken cancellationToken)
   at Npgsql.NpgsqlCommand.ExecuteReader(Boolean async, CommandBehavior behavior, CancellationToken cancellationToken)
   at Npgsql.NpgsqlCommand.ExecuteDbDataReaderAsync(CommandBehavior behavior, CancellationToken cancellationToken)
   at Microsoft.EntityFrameworkCore.Storage.RelationalCommand.ExecuteReaderAsync(RelationalCommandParameterObject parameterObject, CancellationToken cancellationToken)
   at Microsoft.EntityFrameworkCore.Storage.RelationalCommand.ExecuteReaderAsync(RelationalCommandParameterObject parameterObject, CancellationToken cancellationToken)
   at Microsoft.EntityFrameworkCore.Update.ReaderModificationCommandBatch.ExecuteAsync(IRelationalConnection connection, CancellationToken cancellationToken)
  Exception data:
    Severity: ERROR
    SqlState: 23503
    MessageText: insert or update on table "CrmSupportTickets" violates foreign key constraint "FK_CrmSupportTickets_CrmCustomers_CustomerId"
    Detail: Detail redacted as it may contain sensitive data. Specify 'Include Error Detail' in the connection string to include this information.
    SchemaName: public
    TableName: CrmSupportTickets
    ConstraintName: FK_CrmSupportTickets_CrmCustomers_CustomerId
    File: ri_triggers.c
    Line: 2783
    Routine: ri_ReportViolation
   --- End of inner exception stack trace ---
   at Microsoft.EntityFrameworkCore.Update.ReaderModificationCommandBatch.ExecuteAsync(IRelationalConnection connection, CancellationToken cancellationToken)
   at Microsoft.EntityFrameworkCore.Update.Internal.BatchExecutor.ExecuteAsync(IEnumerable`1 commandBatches, IRelationalConnection connection, CancellationToken cancellationToken)
   at Microsoft.EntityFrameworkCore.Update.Internal.BatchExecutor.ExecuteAsync(IEnumerable`1 commandBatches, IRelationalConnection connection, CancellationToken cancellationToken)
   at Microsoft.EntityFrameworkCore.Update.Internal.BatchExecutor.ExecuteAsync(IEnumerable`1 commandBatches, IRelationalConnection connection, CancellationToken cancellationToken)
   at Microsoft.EntityFrameworkCore.Storage.RelationalDatabase.SaveChangesAsync(IList`1 entries, CancellationToken cancellationToken)
   at Microsoft.EntityFrameworkCore.ChangeTracking.Internal.StateManager.SaveChangesAsync(IList`1 entriesToSave, CancellationToken cancellationToken)
   at Microsoft.EntityFrameworkCore.ChangeTracking.Internal.StateManager.SaveChangesAsync(StateManager stateManager, Boolean acceptAllChangesOnSuccess, CancellationToken cancellationToken)
   at Npgsql.EntityFrameworkCore.PostgreSQL.Storage.Internal.NpgsqlExecutionStrategy.ExecuteAsync[TState,TResult](TState state, Func`4 operation, Func`4 verifySucceeded, CancellationToken cancellationToken)
   at Microsoft.EntityFrameworkCore.DbContext.SaveChangesAsync(Boolean acceptAllChangesOnSuccess, CancellationToken cancellationToken)
[14:23:39 ERR] Database migration or seed failed. Check PostgreSQL is running and ConnectionStrings:DefaultConnection is correct.
Microsoft.EntityFrameworkCore.DbUpdateException: An error occurred while saving the entity changes. See the inner exception for details.
 ---> Npgsql.PostgresException (0x80004005): 23503: insert or update on table "CrmSupportTickets" violates foreign key constraint "FK_CrmSupportTickets_CrmCustomers_CustomerId"

DETAIL: Detail redacted as it may contain sensitive data. Specify 'Include Error Detail' in the connection string to include this information.
   at Npgsql.Internal.NpgsqlConnector.ReadMessageLong(Boolean async, DataRowLoadingMode dataRowLoadingMode, Boolean readingNotifications, Boolean isReadingPrependedMessage)
   at System.Runtime.CompilerServices.PoolingAsyncValueTaskMethodBuilder`1.StateMachineBox`1.System.Threading.Tasks.Sources.IValueTaskSource<TResult>.GetResult(Int16 token)
   at Npgsql.NpgsqlDataReader.NextResult(Boolean async, Boolean isConsuming, CancellationToken cancellationToken)
   at Npgsql.NpgsqlDataReader.NextResult(Boolean async, Boolean isConsuming, CancellationToken cancellationToken)
   at Npgsql.NpgsqlCommand.ExecuteReader(Boolean async, CommandBehavior behavior, CancellationToken cancellationToken)
   at Npgsql.NpgsqlCommand.ExecuteReader(Boolean async, CommandBehavior behavior, CancellationToken cancellationToken)
   at Npgsql.NpgsqlCommand.ExecuteDbDataReaderAsync(CommandBehavior behavior, CancellationToken cancellationToken)
   at Microsoft.EntityFrameworkCore.Storage.RelationalCommand.ExecuteReaderAsync(RelationalCommandParameterObject parameterObject, CancellationToken cancellationToken)
   at Microsoft.EntityFrameworkCore.Storage.RelationalCommand.ExecuteReaderAsync(RelationalCommandParameterObject parameterObject, CancellationToken cancellationToken)
   at Microsoft.EntityFrameworkCore.Update.ReaderModificationCommandBatch.ExecuteAsync(IRelationalConnection connection, CancellationToken cancellationToken)
  Exception data:
    Severity: ERROR
    SqlState: 23503
    MessageText: insert or update on table "CrmSupportTickets" violates foreign key constraint "FK_CrmSupportTickets_CrmCustomers_CustomerId"
    Detail: Detail redacted as it may contain sensitive data. Specify 'Include Error Detail' in the connection string to include this information.
    SchemaName: public
    TableName: CrmSupportTickets
    ConstraintName: FK_CrmSupportTickets_CrmCustomers_CustomerId
    File: ri_triggers.c
    Line: 2783
    Routine: ri_ReportViolation
   --- End of inner exception stack trace ---
   at Microsoft.EntityFrameworkCore.Update.ReaderModificationCommandBatch.ExecuteAsync(IRelationalConnection connection, CancellationToken cancellationToken)
   at Microsoft.EntityFrameworkCore.Update.Internal.BatchExecutor.ExecuteAsync(IEnumerable`1 commandBatches, IRelationalConnection connection, CancellationToken cancellationToken)
   at Microsoft.EntityFrameworkCore.Update.Internal.BatchExecutor.ExecuteAsync(IEnumerable`1 commandBatches, IRelationalConnection connection, CancellationToken cancellationToken)
   at Microsoft.EntityFrameworkCore.Update.Internal.BatchExecutor.ExecuteAsync(IEnumerable`1 commandBatches, IRelationalConnection connection, CancellationToken cancellationToken)
   at Microsoft.EntityFrameworkCore.Storage.RelationalDatabase.SaveChangesAsync(IList`1 entries, CancellationToken cancellationToken)
   at Microsoft.EntityFrameworkCore.ChangeTracking.Internal.StateManager.SaveChangesAsync(IList`1 entriesToSave, CancellationToken cancellationToken)
   at Microsoft.EntityFrameworkCore.ChangeTracking.Internal.StateManager.SaveChangesAsync(StateManager stateManager, Boolean acceptAllChangesOnSuccess, CancellationToken cancellationToken)
   at Npgsql.EntityFrameworkCore.PostgreSQL.Storage.Internal.NpgsqlExecutionStrategy.ExecuteAsync[TState,TResult](TState state, Func`4 operation, Func`4 verifySucceeded, CancellationToken cancellationToken)
   at Microsoft.EntityFrameworkCore.DbContext.SaveChangesAsync(Boolean acceptAllChangesOnSuccess, CancellationToken cancellationToken)
   at Microsoft.EntityFrameworkCore.DbContext.SaveChangesAsync(Boolean acceptAllChangesOnSuccess, CancellationToken cancellationToken)
   at Biktal.Infrastructure.Persistence.CrmDataSeeder.SeedIfEmptyAsync(ApplicationDbContext db, CancellationToken cancellationToken)
   at Program.<Main>$(String[] args) in d:\Systems\BiktalSystems\Program.cs:line 71
[14:23:39 WRN] Continuing without a successful migration/seed. Auth and data pages may fail until the database is available.
[14:23:39 WRN] Using an in-memory repository. Keys will not be persisted to storage.
[14:23:39 WRN] Neither user profile nor HKLM registry available. Using an ephemeral key repository. Protected data will be unavailable when application exits.
[14:23:39 WRN] No XML encryptor configured. Key {4cec46cb-479b-4705-892a-023500435c98} may be persisted to storage in unencrypted form.
[14:23:39 INF] Application started. Press Ctrl+C to shut down.
[14:23:39 INF] Hosting environment: Production
[14:23:39 INF] Content root path: D:\Systems\BiktalSystems\publish
[14:23:39 INF] HTTP POST /Inventory/AddProduct responded 302 in 112.3139 ms
[14:23:39 INF] HTTP POST /Inventory/AddProduct responded 302 in 112.7442 ms
[14:23:39 ERR] An exception was thrown while deserializing the token.
Microsoft.AspNetCore.Antiforgery.AntiforgeryValidationException: The antiforgery token could not be decrypted.
 ---> System.Security.Cryptography.CryptographicException: The key {d95acaa6-2cb2-43b2-a4eb-a556d2071887} was not found in the key ring. For more information go to https://aka.ms/aspnet/dataprotectionwarning
   at Microsoft.AspNetCore.DataProtection.KeyManagement.KeyRingBasedDataProtector.UnprotectCore(Byte[] protectedData, Boolean allowOperationsOnRevokedKeys, UnprotectStatus& status)
   at Microsoft.AspNetCore.DataProtection.KeyManagement.KeyRingBasedDataProtector.Unprotect(Byte[] protectedData)
   at Microsoft.AspNetCore.Antiforgery.DefaultAntiforgeryTokenSerializer.Deserialize(String serializedToken)
   --- End of inner exception stack trace ---
   at Microsoft.AspNetCore.Antiforgery.DefaultAntiforgeryTokenSerializer.Deserialize(String serializedToken)
   at Microsoft.AspNetCore.Antiforgery.DefaultAntiforgery.GetCookieTokenDoesNotThrow(HttpContext httpContext)
[14:23:39 INF] HTTP GET /Account/Login responded 200 in 267.0616 ms
[14:23:39 INF] HTTP GET /lib/jquery-validation-unobtrusive/dist/jquery.validate.unobtrusive.min.js responded 200 in 59.7646 ms
[14:23:39 INF] HTTP GET /lib/jquery-validation/dist/jquery.validate.min.js responded 200 in 81.2796 ms
[14:23:39 INF] HTTP GET /js/site.js responded 200 in 82.4139 ms
[14:23:39 INF] HTTP GET /Biktal.WebMVC.styles.css responded 200 in 83.1973 ms
[14:23:39 INF] HTTP GET /lib/jquery/dist/jquery.min.js responded 200 in 83.5479 ms
[14:23:39 INF] HTTP GET /lib/bootstrap/dist/js/bootstrap.bundle.min.js responded 200 in 89.1656 ms
[14:23:39 INF] HTTP GET /lib/bootstrap/dist/css/bootstrap.min.css responded 200 in 109.9949 ms
[14:23:39 INF] HTTP GET /css/site.css responded 200 in 98.5733 ms
[14:23:50 INF] HTTP POST /Account/Login responded 302 in 556.1610 ms
[14:23:50 INF] HTTP GET /Inventory/AddProduct responded 405 in 14.2358 ms
[14:23:53 INF] HTTP GET /Inventory/AddProduct responded 405 in 4.9612 ms
[14:23:55 INF] HTTP GET /Inventory/AddProduct responded 405 in 31.9492 ms
[14:23:56 INF] HTTP GET /Account/Login responded 200 in 25.4100 ms
[14:23:56 INF] HTTP GET /Biktal.WebMVC.styles.css responded 200 in 2.7826 ms
[14:23:56 INF] HTTP GET /css/site.css responded 200 in 8.2761 ms
[14:23:56 INF] HTTP GET /lib/bootstrap/dist/css/bootstrap.min.css responded 200 in 9.2978 ms
[14:23:57 INF] HTTP GET /favicon.ico responded 200 in 6.8798 ms
[14:24:03 INF] HTTP POST /Account/Login responded 302 in 146.2932 ms
[14:24:03 INF] HTTP GET /Inventory/AddProduct responded 405 in 1.2681 ms
[14:24:06 INF] HTTP GET /Account/Login responded 200 in 8.1352 ms
[14:24:06 INF] HTTP GET /lib/bootstrap/dist/css/bootstrap.min.css responded 200 in 1.4182 ms
[14:24:06 INF] HTTP GET /css/site.css responded 200 in 3.1860 ms
[14:24:06 INF] HTTP GET /Biktal.WebMVC.styles.css responded 200 in 1.4855 ms
[14:24:23 INF] HTTP POST /Account/Login responded 302 in 147.6897 ms
[14:24:23 INF] HTTP GET /Inventory/AddProduct responded 405 in 0.7989 ms
[14:24:34 INF] HTTP GET /Inventory/AddProduct responded 405 in 0.6161 ms
[14:27:58 INF] HTTP GET /Inventory/AddProduct responded 405 in 1.6455 ms
[14:28:04 INF] HTTP GET /lib/bootstrap/dist/css/bootstrap.min.css responded 200 in 22.3429 ms
[14:28:04 INF] HTTP GET /Biktal.WebMVC.styles.css responded 200 in 0.7121 ms
[14:28:04 INF] HTTP GET /lib/jquery/dist/jquery.min.js responded 200 in 28.3389 ms
[14:28:04 INF] HTTP GET /lib/jquery-validation/dist/jquery.validate.min.js responded 200 in 22.0139 ms
[14:28:04 INF] HTTP GET /lib/jquery-validation-unobtrusive/dist/jquery.validate.unobtrusive.min.js responded 200 in 30.6258 ms
[14:28:04 INF] HTTP GET /css/site.css responded 200 in 2.5874 ms
[14:28:04 INF] HTTP GET /js/site.js responded 200 in 15.7805 ms
[14:28:04 INF] HTTP GET /js/products-catalog-filter.js responded 200 in 33.3710 ms
[14:28:04 INF] HTTP GET /lib/bootstrap/dist/js/bootstrap.bundle.min.js responded 200 in 182.5429 ms
[14:30:51 INF] HTTP POST /Inventory/AddProduct responded 302 in 10.0703 ms
[14:30:51 INF] HTTP GET /Account/Login responded 200 in 97.9169 ms
[14:30:52 INF] HTTP GET /css/site.css responded 200 in 1.6613 ms
[14:30:52 INF] HTTP GET /lib/bootstrap/dist/css/bootstrap.min.css responded 200 in 1.6072 ms
[14:30:52 INF] HTTP GET /Biktal.WebMVC.styles.css responded 200 in 1.3351 ms
[14:30:52 INF] HTTP GET /lib/jquery/dist/jquery.min.js responded 200 in 2.0872 ms
[14:30:52 INF] HTTP GET /lib/bootstrap/dist/js/bootstrap.bundle.min.js responded 200 in 2.0542 ms
[14:30:52 INF] HTTP GET /lib/jquery-validation-unobtrusive/dist/jquery.validate.unobtrusive.min.js responded 200 in 2.3158 ms
[14:30:52 INF] HTTP GET /lib/jquery-validation/dist/jquery.validate.min.js responded 200 in 3.8416 ms
[14:30:52 INF] HTTP GET /js/site.js responded 200 in 14.8164 ms
[14:30:53 INF] HTTP GET /favicon.ico responded 200 in 1.6930 ms
[14:31:03 INF] HTTP POST /Account/Login responded 302 in 221.1633 ms
[14:31:03 INF] HTTP GET /Inventory/AddProduct responded 405 in 1.5816 ms
[14:31:27 INF] HTTP GET /Inventory/AddProduct responded 405 in 0.5536 ms
[14:31:29 INF] HTTP GET /Inventory/AddProduct responded 405 in 0.5441 ms
[14:31:31 INF] HTTP GET /Inventory/AddProduct responded 405 in 0.5261 ms
[14:31:38 INF] HTTP GET /lib/jquery-validation-unobtrusive/dist/jquery.validate.unobtrusive.min.js responded 200 in 0.7016 ms
[14:31:38 INF] HTTP GET /lib/jquery/dist/jquery.min.js responded 200 in 1.0153 ms
[14:31:38 INF] HTTP GET /lib/jquery-validation/dist/jquery.validate.min.js responded 200 in 3.4976 ms
[14:31:38 INF] HTTP GET /js/site.js responded 200 in 0.8148 ms
[14:31:38 INF] HTTP GET /lib/bootstrap/dist/js/bootstrap.bundle.min.js responded 200 in 1.4276 ms
[14:31:38 INF] HTTP GET /lib/bootstrap/dist/css/bootstrap.min.css responded 200 in 4.4136 ms
[14:31:38 INF] HTTP GET /css/site.css responded 200 in 3.5270 ms
[14:31:38 INF] HTTP GET /js/products-catalog-filter.js responded 200 in 0.6044 ms
[14:31:38 INF] HTTP GET /Biktal.WebMVC.styles.css responded 200 in 0.5699 ms
[14:31:51 INF] HTTP POST /Inventory/AddProduct responded 302 in 0.3896 ms
[14:31:51 INF] HTTP GET /Account/Login responded 200 in 13.2764 ms
[14:31:51 INF] HTTP GET /lib/jquery/dist/jquery.min.js responded 200 in 1.5462 ms
[14:31:51 INF] HTTP GET /css/site.css responded 200 in 1.4874 ms
[14:31:51 INF] HTTP GET /lib/jquery-validation/dist/jquery.validate.min.js responded 200 in 0.7895 ms
[14:31:51 INF] HTTP GET /js/site.js responded 200 in 1.2130 ms
[14:31:51 INF] HTTP GET /lib/jquery-validation-unobtrusive/dist/jquery.validate.unobtrusive.min.js responded 200 in 0.7377 ms
[14:31:51 INF] HTTP GET /Biktal.WebMVC.styles.css responded 200 in 2.5197 ms
[14:31:51 INF] HTTP GET /lib/bootstrap/dist/css/bootstrap.min.css responded 200 in 2.8556 ms
[14:31:51 INF] HTTP GET /lib/bootstrap/dist/js/bootstrap.bundle.min.js responded 200 in 4.7304 ms
[14:31:52 INF] HTTP GET /favicon.ico responded 200 in 1.6058 ms
[14:32:18 INF] HTTP POST /Account/Login responded 302 in 162.7877 ms
[14:32:18 INF] HTTP GET /Inventory/AddProduct responded 405 in 0.3415 ms
[14:34:01 INF] HTTP GET /Account/Login responded 200 in 11.7714 ms
[14:34:01 INF] HTTP GET /lib/bootstrap/dist/css/bootstrap.min.css responded 200 in 2.0041 ms
[14:34:01 INF] HTTP GET /Biktal.WebMVC.styles.css responded 200 in 2.8382 ms
[14:34:01 INF] HTTP GET /css/site.css responded 200 in 2.9755 ms
[14:34:01 INF] HTTP GET /lib/jquery/dist/jquery.min.js responded 200 in 2.2051 ms
[14:34:01 INF] HTTP GET /lib/bootstrap/dist/js/bootstrap.bundle.min.js responded 200 in 2.4136 ms
[14:34:01 INF] HTTP GET /js/site.js responded 200 in 1.7718 ms
[14:34:01 INF] HTTP GET /lib/jquery-validation/dist/jquery.validate.min.js responded 200 in 1.1804 ms
[14:34:01 INF] HTTP GET /lib/jquery-validation-unobtrusive/dist/jquery.validate.unobtrusive.min.js responded 200 in 4.6906 ms
[14:34:16 INF] HTTP POST /Account/Login responded 302 in 152.9492 ms
[14:34:16 INF] HTTP GET /Inventory/Products responded 200 in 272.7634 ms
[14:34:16 INF] HTTP GET /lib/bootstrap/dist/css/bootstrap.min.css responded 200 in 1.8830 ms
[14:34:16 INF] HTTP GET /Biktal.WebMVC.styles.css responded 200 in 1.3909 ms
[14:34:16 INF] HTTP GET /css/site.css responded 200 in 1.0512 ms
[14:34:17 INF] HTTP GET /lib/jquery/dist/jquery.min.js responded 304 in 2.0792 ms
[14:34:17 INF] HTTP GET /lib/bootstrap/dist/js/bootstrap.bundle.min.js responded 304 in 0.5628 ms
[14:34:17 INF] HTTP GET /js/site.js responded 304 in 0.3947 ms
[14:34:17 INF] HTTP GET /lib/jquery-validation/dist/jquery.validate.min.js responded 304 in 0.4619 ms
[14:34:17 INF] HTTP GET /js/products-catalog-filter.js responded 200 in 0.8142 ms
[14:34:17 INF] HTTP GET /lib/jquery-validation-unobtrusive/dist/jquery.validate.unobtrusive.min.js responded 304 in 0.6563 ms
[14:35:06 INF] HTTP POST /Inventory/AddProduct responded 302 in 147.8162 ms
[14:35:06 INF] HTTP GET /Inventory/Products responded 200 in 74.0737 ms
[14:35:06 INF] HTTP GET /lib/bootstrap/dist/css/bootstrap.min.css responded 200 in 2.3245 ms
[14:35:06 INF] HTTP GET /css/site.css responded 200 in 1.4270 ms
[14:35:06 INF] HTTP GET /Biktal.WebMVC.styles.css responded 200 in 0.9517 ms
[14:35:07 INF] HTTP GET /lib/jquery/dist/jquery.min.js responded 304 in 0.4633 ms
[14:35:07 INF] HTTP GET /lib/bootstrap/dist/js/bootstrap.bundle.min.js responded 304 in 0.8637 ms
[14:35:07 INF] HTTP GET /js/site.js responded 304 in 3.4402 ms
[14:35:07 INF] HTTP GET /lib/jquery-validation/dist/jquery.validate.min.js responded 304 in 0.5249 ms
[14:35:07 INF] HTTP GET /lib/jquery-validation-unobtrusive/dist/jquery.validate.unobtrusive.min.js responded 304 in 0.6585 ms
[14:35:07 INF] HTTP GET /js/products-catalog-filter.js responded 304 in 0.6108 ms
[14:36:07 INF] HTTP GET /Inventory/Products responded 200 in 191.2157 ms
[14:36:07 INF] HTTP GET /lib/bootstrap/dist/css/bootstrap.min.css responded 200 in 7.7249 ms
[14:36:07 INF] HTTP GET /Biktal.WebMVC.styles.css responded 200 in 1.9812 ms
[14:36:07 INF] HTTP GET /css/site.css responded 200 in 1.6780 ms
[14:36:08 INF] HTTP GET /lib/jquery/dist/jquery.min.js responded 200 in 0.8908 ms
[14:36:08 INF] HTTP GET /js/site.js responded 200 in 0.8616 ms
[14:36:08 INF] HTTP GET /lib/jquery-validation/dist/jquery.validate.min.js responded 200 in 2.9790 ms
[14:36:08 INF] HTTP GET /lib/jquery-validation-unobtrusive/dist/jquery.validate.unobtrusive.min.js responded 200 in 2.8367 ms
[14:36:08 INF] HTTP GET /lib/bootstrap/dist/js/bootstrap.bundle.min.js responded 200 in 5.3491 ms
[14:36:08 INF] HTTP GET /js/products-catalog-filter.js responded 200 in 1.1495 ms
[14:36:12 INF] HTTP POST /Inventory/EditProduct responded 302 in 65.6859 ms
[14:36:12 INF] HTTP GET /Inventory/Products responded 200 in 54.3929 ms
[14:36:12 INF] HTTP GET /lib/bootstrap/dist/css/bootstrap.min.css responded 304 in 0.7844 ms
[14:36:12 INF] HTTP GET /css/site.css responded 304 in 0.8060 ms
[14:36:12 INF] HTTP GET /Biktal.WebMVC.styles.css responded 304 in 0.4838 ms
[14:36:13 INF] HTTP GET /lib/jquery/dist/jquery.min.js responded 304 in 0.4325 ms
[14:36:13 INF] HTTP GET /lib/bootstrap/dist/js/bootstrap.bundle.min.js responded 304 in 1.0659 ms
[14:36:13 INF] HTTP GET /js/site.js responded 304 in 0.8173 ms
[14:36:13 INF] HTTP GET /lib/jquery-validation/dist/jquery.validate.min.js responded 304 in 0.5101 ms
[14:36:13 INF] HTTP GET /lib/jquery-validation-unobtrusive/dist/jquery.validate.unobtrusive.min.js responded 304 in 1.3851 ms
[14:36:13 INF] HTTP GET /js/products-catalog-filter.js responded 304 in 0.5915 ms
[14:37:27 INF] HTTP POST /Inventory/AddProduct responded 302 in 72.6560 ms
[14:37:27 INF] HTTP GET /Inventory/Products responded 200 in 80.2856 ms
[14:37:27 INF] HTTP GET /lib/bootstrap/dist/css/bootstrap.min.css responded 200 in 2.1362 ms
[14:37:27 INF] HTTP GET /Biktal.WebMVC.styles.css responded 200 in 2.2220 ms
[14:37:27 INF] HTTP GET /css/site.css responded 200 in 5.7701 ms
[14:37:28 INF] HTTP GET /lib/jquery/dist/jquery.min.js responded 200 in 0.7825 ms
[14:37:28 INF] HTTP GET /lib/bootstrap/dist/js/bootstrap.bundle.min.js responded 200 in 1.3818 ms
[14:37:28 INF] HTTP GET /lib/jquery-validation/dist/jquery.validate.min.js responded 200 in 0.9426 ms
[14:37:28 INF] HTTP GET /js/site.js responded 200 in 3.5977 ms
[14:37:28 INF] HTTP GET /lib/jquery-validation-unobtrusive/dist/jquery.validate.unobtrusive.min.js responded 200 in 2.8712 ms
[14:37:28 INF] HTTP GET /js/products-catalog-filter.js responded 200 in 0.9136 ms
[14:40:19 INF] HTTP POST /Inventory/AddProduct responded 302 in 11.8346 ms
[14:40:19 INF] HTTP GET /Inventory/Products responded 200 in 103.0574 ms
[14:40:19 INF] HTTP GET /css/site.css responded 200 in 0.9269 ms
[14:40:19 INF] HTTP GET /lib/bootstrap/dist/css/bootstrap.min.css responded 200 in 0.8710 ms
[14:40:19 INF] HTTP GET /Biktal.WebMVC.styles.css responded 200 in 1.1972 ms
[14:40:20 INF] HTTP GET /lib/jquery/dist/jquery.min.js responded 200 in 1.1167 ms
[14:40:20 INF] HTTP GET /js/site.js responded 200 in 2.3485 ms
[14:40:20 INF] HTTP GET /lib/bootstrap/dist/js/bootstrap.bundle.min.js responded 200 in 1.0122 ms
[14:40:20 INF] HTTP GET /lib/jquery-validation/dist/jquery.validate.min.js responded 200 in 1.0656 ms
[14:40:20 INF] HTTP GET /lib/jquery-validation-unobtrusive/dist/jquery.validate.unobtrusive.min.js responded 200 in 1.7047 ms
[14:40:20 INF] HTTP GET /js/products-catalog-filter.js responded 200 in 0.7773 ms
[14:40:39 WRN] The query uses the 'First'/'FirstOrDefault' operator without 'OrderBy' and filter operators. This may lead to unpredictable results.
[14:40:39 INF] HTTP GET /Pos responded 200 in 146.0511 ms
[14:40:39 INF] HTTP GET /lib/bootstrap/dist/css/bootstrap.min.css responded 200 in 1.1800 ms
[14:40:39 INF] HTTP GET /css/site.css responded 200 in 1.0688 ms
[14:40:39 INF] HTTP GET /lib/jquery/dist/jquery.min.js responded 304 in 1.1130 ms
[14:40:39 INF] HTTP GET /Biktal.WebMVC.styles.css responded 200 in 1.6527 ms
[14:40:39 INF] HTTP GET /lib/bootstrap/dist/js/bootstrap.bundle.min.js responded 304 in 0.4247 ms
[14:40:39 INF] HTTP GET /js/site.js responded 304 in 0.3608 ms
[14:40:39 INF] HTTP GET /js/pos.js responded 200 in 24.7553 ms
[14:41:43 INF] HTTP POST /Pos/CompleteSale responded 200 in 750.0453 ms
[14:42:08 INF] HTTP GET /Inventory responded 200 in 172.9969 ms
[14:42:08 INF] HTTP GET /css/site.css responded 200 in 2.3246 ms
[14:42:08 INF] HTTP GET /lib/bootstrap/dist/css/bootstrap.min.css responded 200 in 1.2109 ms
[14:42:08 INF] HTTP GET /Biktal.WebMVC.styles.css responded 200 in 2.9845 ms
[14:42:08 INF] HTTP GET /lib/bootstrap/dist/js/bootstrap.bundle.min.js responded 200 in 1.9913 ms
[14:42:08 INF] HTTP GET /lib/jquery/dist/jquery.min.js responded 200 in 2.9949 ms
[14:42:08 INF] HTTP GET /js/site.js responded 200 in 1.9969 ms
[14:42:16 INF] HTTP GET /Pos responded 200 in 22.4476 ms
[14:42:16 INF] HTTP GET /lib/bootstrap/dist/css/bootstrap.min.css responded 304 in 0.5073 ms
[14:42:16 INF] HTTP GET /css/site.css responded 304 in 0.4826 ms
[14:42:16 INF] HTTP GET /Biktal.WebMVC.styles.css responded 304 in 2.1995 ms
[14:42:16 INF] HTTP GET /lib/jquery/dist/jquery.min.js responded 304 in 0.5647 ms
[14:42:16 INF] HTTP GET /lib/bootstrap/dist/js/bootstrap.bundle.min.js responded 304 in 0.9648 ms
[14:42:16 INF] HTTP GET /js/site.js responded 304 in 0.8486 ms
[14:42:16 INF] HTTP GET /js/pos.js responded 200 in 5.2877 ms
[14:42:47 INF] HTTP GET /Inventory responded 200 in 21.4713 ms
[14:42:47 INF] HTTP GET /lib/bootstrap/dist/css/bootstrap.min.css responded 200 in 2.1848 ms
[14:42:47 INF] HTTP GET /Biktal.WebMVC.styles.css responded 304 in 0.5064 ms
[14:42:47 INF] HTTP GET /css/site.css responded 304 in 0.4136 ms
[14:42:47 INF] HTTP GET /lib/bootstrap/dist/js/bootstrap.bundle.min.js responded 304 in 0.3839 ms
[14:42:47 INF] HTTP GET /js/site.js responded 304 in 0.2942 ms
[14:42:47 INF] HTTP GET /lib/jquery/dist/jquery.min.js responded 304 in 0.4864 ms
[14:43:33 INF] HTTP GET /Inventory responded 200 in 32.7060 ms
[14:43:34 INF] HTTP GET /lib/bootstrap/dist/css/bootstrap.min.css responded 200 in 1.6360 ms
[14:43:34 INF] HTTP GET /css/site.css responded 304 in 0.9324 ms
[14:43:34 INF] HTTP GET /Biktal.WebMVC.styles.css responded 304 in 0.6784 ms
[14:43:34 INF] HTTP GET /lib/jquery/dist/jquery.min.js responded 304 in 0.5050 ms
[14:43:34 INF] HTTP GET /js/site.js responded 304 in 1.3330 ms
[14:43:34 INF] HTTP GET /lib/bootstrap/dist/js/bootstrap.bundle.min.js responded 304 in 0.6632 ms
[14:43:53 INF] HTTP GET /Inventory/Products responded 200 in 66.0346 ms
[14:43:53 INF] HTTP GET /css/site.css responded 200 in 1.2724 ms
[14:43:53 INF] HTTP GET /Biktal.WebMVC.styles.css responded 200 in 3.4470 ms
[14:43:53 INF] HTTP GET /lib/bootstrap/dist/css/bootstrap.min.css responded 200 in 1.4849 ms
[14:43:54 INF] HTTP GET /lib/jquery/dist/jquery.min.js responded 200 in 0.7962 ms
[14:43:54 INF] HTTP GET /js/site.js responded 200 in 0.9229 ms
[14:43:54 INF] HTTP GET /lib/bootstrap/dist/js/bootstrap.bundle.min.js responded 200 in 1.0236 ms
[14:43:54 INF] HTTP GET /lib/jquery-validation/dist/jquery.validate.min.js responded 200 in 0.8307 ms
[14:43:54 INF] HTTP GET /js/products-catalog-filter.js responded 200 in 1.0520 ms
[14:43:54 INF] HTTP GET /lib/jquery-validation-unobtrusive/dist/jquery.validate.unobtrusive.min.js responded 200 in 1.6981 ms
[15:03:57 INF] Application is shutting down...
