[09:22:55 WRN] Using an in-memory repository. Keys will not be persisted to storage.
[09:22:55 WRN] Neither user profile nor HKLM registry available. Using an ephemeral key repository. Protected data will be unavailable when application exits.
[09:22:55 WRN] No XML encryptor configured. Key {c9823ef0-ca84-4ad6-8abc-0157c41d4307} may be persisted to storage in unencrypted form.
[09:22:55 INF] Application started. Press Ctrl+C to shut down.
[09:22:55 INF] Hosting environment: Production
[09:22:55 INF] Content root path: D:\Systems\BiktalSystems\publish
[09:22:55 INF] HTTP GET /Account/Login responded 302 in 208.3106 ms
[09:22:56 INF] HTTP GET /Inventory/Products responded 200 in 1175.8262 ms
[09:22:56 INF] HTTP GET /Biktal.WebMVC.styles.css responded 200 in 41.9401 ms
[09:22:57 INF] HTTP GET /css/site.css responded 200 in 52.8631 ms
[09:22:57 INF] HTTP GET /lib/bootstrap/dist/css/bootstrap.min.css responded 200 in 185.6987 ms
[09:22:58 INF] HTTP GET /lib/jquery/dist/jquery.min.js responded 200 in 27.3451 ms
[09:22:58 INF] HTTP GET /lib/bootstrap/dist/js/bootstrap.bundle.min.js responded 200 in 24.1732 ms
[09:22:58 INF] HTTP GET /js/site.js responded 200 in 31.3158 ms
[09:22:58 INF] HTTP GET /lib/jquery-validation/dist/jquery.validate.min.js responded 200 in 30.7617 ms
[09:22:58 INF] HTTP GET /js/products-catalog-filter.js responded 200 in 39.7433 ms
[09:22:58 INF] HTTP GET /lib/jquery-validation-unobtrusive/dist/jquery.validate.unobtrusive.min.js responded 200 in 21.3149 ms
[09:23:41 INF] HTTP GET /Finance responded 200 in 454.4123 ms
[09:23:41 INF] HTTP GET /Biktal.WebMVC.styles.css responded 200 in 2.0099 ms
[09:23:41 INF] HTTP GET /css/site.css responded 200 in 4.4603 ms
[09:23:41 INF] HTTP GET /js/site.js responded 200 in 41.1009 ms
[09:23:41 INF] HTTP GET /lib/jquery/dist/jquery.min.js responded 200 in 46.4358 ms
[09:23:41 INF] HTTP GET /lib/bootstrap/dist/css/bootstrap.min.css responded 200 in 14.3876 ms
[09:23:41 INF] HTTP GET /lib/bootstrap/dist/js/bootstrap.bundle.min.js responded 200 in 192.7940 ms
[09:23:43 INF] HTTP GET /Finance/Cashbox responded 200 in 758.3095 ms
[09:23:43 INF] HTTP GET /lib/bootstrap/dist/css/bootstrap.min.css responded 200 in 0.9114 ms
[09:23:43 INF] HTTP GET /css/site.css responded 200 in 0.6498 ms
[09:23:43 INF] HTTP GET /Biktal.WebMVC.styles.css responded 200 in 1.2028 ms
[09:23:43 INF] HTTP GET /lib/jquery/dist/jquery.min.js responded 304 in 2.1649 ms
[09:23:43 INF] HTTP GET /lib/bootstrap/dist/js/bootstrap.bundle.min.js responded 304 in 0.7139 ms
[09:23:43 INF] HTTP GET /js/site.js responded 304 in 0.8661 ms
[09:23:43 INF] HTTP GET /lib/jquery-validation-unobtrusive/dist/jquery.validate.unobtrusive.min.js responded 200 in 11.8991 ms
[09:23:43 INF] HTTP GET /lib/jquery-validation/dist/jquery.validate.min.js responded 200 in 21.6016 ms
[09:24:29 INF] HTTP GET /Insights responded 302 in 5.4009 ms
[09:24:30 INF] HTTP GET /Insights/Daily responded 200 in 374.1729 ms
[09:24:30 INF] HTTP GET /lib/jquery/dist/jquery.min.js responded 200 in 1.1654 ms
[09:24:30 INF] HTTP GET /lib/bootstrap/dist/js/bootstrap.bundle.min.js responded 200 in 1.2992 ms
[09:24:30 INF] HTTP GET /js/site.js responded 200 in 1.0606 ms
[09:24:30 INF] HTTP GET /css/site.css responded 200 in 2.2820 ms
[09:24:30 INF] HTTP GET /Biktal.WebMVC.styles.css responded 200 in 2.0704 ms
[09:24:30 INF] HTTP GET /lib/bootstrap/dist/css/bootstrap.min.css responded 200 in 1.0849 ms
[09:24:35 INF] HTTP GET /Insights/Daily responded 200 in 61.2329 ms
[09:24:35 INF] HTTP GET /css/site.css responded 304 in 0.3320 ms
[09:24:35 INF] HTTP GET /lib/bootstrap/dist/css/bootstrap.min.css responded 304 in 0.2743 ms
[09:24:35 INF] HTTP GET /Biktal.WebMVC.styles.css responded 304 in 0.2306 ms
[09:24:35 INF] HTTP GET /lib/jquery/dist/jquery.min.js responded 304 in 0.3032 ms
[09:24:35 INF] HTTP GET /lib/bootstrap/dist/js/bootstrap.bundle.min.js responded 304 in 0.3568 ms
[09:24:35 INF] HTTP GET /js/site.js responded 304 in 0.3655 ms
[09:25:51 INF] HTTP GET /Finance responded 200 in 21.7633 ms
[09:25:51 INF] HTTP GET /lib/bootstrap/dist/css/bootstrap.min.css responded 200 in 0.8195 ms
[09:25:51 INF] HTTP GET /css/site.css responded 200 in 0.8154 ms
[09:25:51 INF] HTTP GET /Biktal.WebMVC.styles.css responded 200 in 0.6052 ms
[09:25:51 INF] HTTP GET /lib/jquery/dist/jquery.min.js responded 200 in 0.7815 ms
[09:25:51 INF] HTTP GET /js/site.js responded 200 in 0.5995 ms
[09:25:51 INF] HTTP GET /lib/bootstrap/dist/js/bootstrap.bundle.min.js responded 200 in 0.7357 ms
[09:25:52 INF] HTTP GET /Finance/Cashbox responded 200 in 39.8079 ms
[09:25:52 INF] HTTP GET /css/site.css responded 304 in 0.4665 ms
[09:25:52 INF] HTTP GET /lib/bootstrap/dist/css/bootstrap.min.css responded 304 in 0.4155 ms
[09:25:52 INF] HTTP GET /Biktal.WebMVC.styles.css responded 304 in 0.1726 ms
[09:25:52 INF] HTTP GET /lib/jquery/dist/jquery.min.js responded 304 in 0.2017 ms
[09:25:52 INF] HTTP GET /lib/bootstrap/dist/js/bootstrap.bundle.min.js responded 304 in 0.2063 ms
[09:25:52 INF] HTTP GET /js/site.js responded 304 in 0.1754 ms
[09:25:52 INF] HTTP GET /lib/jquery-validation-unobtrusive/dist/jquery.validate.unobtrusive.min.js responded 200 in 0.8918 ms
[09:25:52 INF] HTTP GET /lib/jquery-validation/dist/jquery.validate.min.js responded 200 in 0.8083 ms
[09:26:09 INF] HTTP POST /Finance/CloseCashboxSession responded 302 in 526.7995 ms
[09:26:09 INF] HTTP GET /Finance/Cashbox responded 200 in 44.1753 ms
[09:26:09 INF] HTTP GET /lib/bootstrap/dist/css/bootstrap.min.css responded 200 in 6.2635 ms
[09:26:09 INF] HTTP GET /css/site.css responded 304 in 0.4792 ms
[09:26:09 INF] HTTP GET /Biktal.WebMVC.styles.css responded 304 in 0.1833 ms
[09:26:09 INF] HTTP GET /lib/jquery/dist/jquery.min.js responded 304 in 0.2266 ms
[09:26:09 INF] HTTP GET /lib/bootstrap/dist/js/bootstrap.bundle.min.js responded 304 in 0.3136 ms
[09:26:09 INF] HTTP GET /js/site.js responded 304 in 0.2269 ms
[09:26:09 INF] HTTP GET /lib/jquery-validation/dist/jquery.validate.min.js responded 304 in 0.8077 ms
[09:26:09 INF] HTTP GET /lib/jquery-validation-unobtrusive/dist/jquery.validate.unobtrusive.min.js responded 304 in 0.2450 ms
[09:26:21 INF] HTTP POST /Finance/OpenCashboxSession responded 302 in 200.3291 ms
[09:26:21 INF] HTTP GET /Finance/Cashbox responded 200 in 22.0476 ms
[09:26:21 INF] HTTP GET /lib/bootstrap/dist/css/bootstrap.min.css responded 200 in 1.1328 ms
[09:26:21 INF] HTTP GET /Biktal.WebMVC.styles.css responded 304 in 0.1418 ms
[09:26:21 INF] HTTP GET /lib/jquery/dist/jquery.min.js responded 304 in 0.1426 ms
[09:26:21 INF] HTTP GET /lib/bootstrap/dist/js/bootstrap.bundle.min.js responded 304 in 0.7790 ms
[09:26:21 INF] HTTP GET /js/site.js responded 304 in 0.1813 ms
[09:26:21 INF] HTTP GET /css/site.css responded 304 in 0.2442 ms
[09:26:21 INF] HTTP GET /lib/jquery-validation/dist/jquery.validate.min.js responded 304 in 3.3160 ms
[09:26:21 INF] HTTP GET /lib/jquery-validation-unobtrusive/dist/jquery.validate.unobtrusive.min.js responded 304 in 0.2092 ms
[09:27:06 INF] HTTP GET /Repairs responded 200 in 108.4067 ms
[09:27:06 INF] HTTP GET /lib/bootstrap/dist/css/bootstrap.min.css responded 200 in 2.0298 ms
[09:27:06 INF] HTTP GET /Biktal.WebMVC.styles.css responded 304 in 0.1864 ms
[09:27:06 INF] HTTP GET /lib/jquery/dist/jquery.min.js responded 304 in 0.2366 ms
[09:27:06 INF] HTTP GET /lib/bootstrap/dist/js/bootstrap.bundle.min.js responded 304 in 0.3247 ms
[09:27:06 INF] HTTP GET /js/site.js responded 304 in 0.1920 ms
[09:27:06 INF] HTTP GET /css/site.css responded 304 in 0.1827 ms
[09:27:38 INF] HTTP GET /Inventory/Products responded 200 in 180.6673 ms
[09:27:38 INF] HTTP GET /css/site.css responded 304 in 0.2666 ms
[09:27:38 INF] HTTP GET /lib/bootstrap/dist/css/bootstrap.min.css responded 200 in 1.0234 ms
[09:27:38 INF] HTTP GET /Biktal.WebMVC.styles.css responded 304 in 0.2214 ms
[09:27:38 INF] HTTP GET /lib/jquery/dist/jquery.min.js responded 304 in 0.1409 ms
[09:27:38 INF] HTTP GET /lib/bootstrap/dist/js/bootstrap.bundle.min.js responded 304 in 0.1612 ms
[09:27:38 INF] HTTP GET /js/site.js responded 304 in 1.0532 ms
[09:27:38 INF] HTTP GET /lib/jquery-validation/dist/jquery.validate.min.js responded 304 in 0.1610 ms
[09:27:38 INF] HTTP GET /lib/jquery-validation-unobtrusive/dist/jquery.validate.unobtrusive.min.js responded 304 in 0.1140 ms
[09:27:38 INF] HTTP GET /js/products-catalog-filter.js responded 200 in 0.6489 ms
[09:27:47 INF] HTTP GET /Inventory/Brands responded 200 in 148.5736 ms
[09:27:47 INF] HTTP GET /lib/bootstrap/dist/css/bootstrap.min.css responded 200 in 6.6005 ms
[09:27:47 INF] HTTP GET /css/site.css responded 304 in 0.1375 ms
[09:27:47 INF] HTTP GET /Biktal.WebMVC.styles.css responded 304 in 0.2635 ms
[09:27:47 INF] HTTP GET /lib/jquery/dist/jquery.min.js responded 304 in 0.1155 ms
[09:27:47 INF] HTTP GET /lib/bootstrap/dist/js/bootstrap.bundle.min.js responded 304 in 0.1046 ms
[09:27:47 INF] HTTP GET /js/site.js responded 304 in 0.0756 ms
[09:27:47 INF] HTTP GET /lib/jquery-validation/dist/jquery.validate.min.js responded 304 in 0.0561 ms
[09:27:47 INF] HTTP GET /lib/jquery-validation-unobtrusive/dist/jquery.validate.unobtrusive.min.js responded 304 in 0.8098 ms
[09:27:49 INF] HTTP GET /Inventory/Categories responded 200 in 84.2856 ms
[09:27:49 INF] HTTP GET /lib/bootstrap/dist/css/bootstrap.min.css responded 304 in 0.1673 ms
[09:27:49 INF] HTTP GET /Biktal.WebMVC.styles.css responded 304 in 0.2385 ms
[09:27:49 INF] HTTP GET /lib/jquery/dist/jquery.min.js responded 304 in 0.4095 ms
[09:27:49 INF] HTTP GET /css/site.css responded 304 in 0.1064 ms
[09:27:49 INF] HTTP GET /js/site.js responded 304 in 0.0866 ms
[09:27:49 INF] HTTP GET /lib/bootstrap/dist/js/bootstrap.bundle.min.js responded 304 in 0.0828 ms
[09:27:49 INF] HTTP GET /lib/jquery-validation/dist/jquery.validate.min.js responded 304 in 0.1646 ms
[09:27:49 INF] HTTP GET /lib/jquery-validation-unobtrusive/dist/jquery.validate.unobtrusive.min.js responded 304 in 0.1348 ms
[09:44:06 INF] HTTP GET /Insights responded 302 in 2.1062 ms
[09:44:07 INF] HTTP GET /Insights/Daily responded 200 in 249.7140 ms
[09:44:07 INF] HTTP GET /lib/bootstrap/dist/css/bootstrap.min.css responded 200 in 37.1989 ms
[09:44:07 INF] HTTP GET /css/site.css responded 200 in 45.2603 ms
[09:44:07 INF] HTTP GET /Biktal.WebMVC.styles.css responded 200 in 27.9847 ms
[09:44:07 INF] HTTP GET /lib/jquery/dist/jquery.min.js responded 200 in 42.2333 ms
[09:44:07 INF] HTTP GET /lib/bootstrap/dist/js/bootstrap.bundle.min.js responded 200 in 29.1614 ms
[09:44:07 INF] HTTP GET /js/site.js responded 200 in 42.4063 ms
[09:44:09 INF] HTTP GET /Insights/Monthly responded 200 in 126.1402 ms
[09:44:09 INF] HTTP GET /lib/bootstrap/dist/css/bootstrap.min.css responded 304 in 0.1469 ms
[09:44:09 INF] HTTP GET /css/site.css responded 304 in 0.1403 ms
[09:44:09 INF] HTTP GET /Biktal.WebMVC.styles.css responded 304 in 0.1676 ms
[09:44:09 INF] HTTP GET /lib/jquery/dist/jquery.min.js responded 304 in 0.1432 ms
[09:44:09 INF] HTTP GET /lib/bootstrap/dist/js/bootstrap.bundle.min.js responded 304 in 0.1668 ms
[09:44:09 INF] HTTP GET /js/site.js responded 304 in 0.1502 ms
[10:04:54 INF] Application is shutting down...
