[15:59:05 WRN] Using an in-memory repository. Keys will not be persisted to storage.
[15:59:05 WRN] Neither user profile nor HKLM registry available. Using an ephemeral key repository. Protected data will be unavailable when application exits.
[15:59:05 WRN] No XML encryptor configured. Key {1b8b2b51-0032-4cb1-aadc-fe7c1d929467} may be persisted to storage in unencrypted form.
[15:59:05 INF] Application started. Press Ctrl+C to shut down.
[15:59:05 INF] Hosting environment: Production
[15:59:05 INF] Content root path: D:\Systems\BiktalSystems\publish
[15:59:05 INF] HTTP POST /Pos/CompleteSale responded 400 in 95.7992 ms
[16:08:10 INF] HTTP GET /Insights responded 302 in 35.9811 ms
[16:08:11 INF] HTTP GET /Insights/Daily responded 200 in 498.0861 ms
[16:08:11 INF] HTTP GET /lib/bootstrap/dist/css/bootstrap.min.css responded 200 in 44.9933 ms
[16:08:11 INF] HTTP GET /Biktal.WebMVC.styles.css responded 200 in 42.9071 ms
[16:08:11 INF] HTTP GET /lib/bootstrap/dist/js/bootstrap.bundle.min.js responded 200 in 33.1394 ms
[16:08:11 INF] HTTP GET /css/site.css responded 200 in 45.2530 ms
[16:08:11 INF] HTTP GET /lib/jquery/dist/jquery.min.js responded 200 in 7.5986 ms
[16:08:11 INF] HTTP GET /js/site.js responded 200 in 1.1715 ms
[16:08:15 INF] HTTP GET /Insights/Daily responded 200 in 127.2759 ms
[16:08:15 INF] HTTP GET /lib/bootstrap/dist/css/bootstrap.min.css responded 304 in 4.2804 ms
[16:08:15 INF] HTTP GET /Biktal.WebMVC.styles.css responded 304 in 0.3634 ms
[16:08:15 INF] HTTP GET /css/site.css responded 304 in 6.5858 ms
[16:08:15 INF] HTTP GET /lib/jquery/dist/jquery.min.js responded 304 in 29.4163 ms
[16:08:15 INF] HTTP GET /js/site.js responded 304 in 27.2970 ms
[16:08:15 INF] HTTP GET /lib/bootstrap/dist/js/bootstrap.bundle.min.js responded 304 in 171.1734 ms
[16:08:28 WRN] The query uses the 'First'/'FirstOrDefault' operator without 'OrderBy' and filter operators. This may lead to unpredictable results.
[16:08:28 ERR] An exception was thrown while deserializing the token.
Microsoft.AspNetCore.Antiforgery.AntiforgeryValidationException: The antiforgery token could not be decrypted.
 ---> System.Security.Cryptography.CryptographicException: The key {2ac4cea1-551a-4d10-8c22-b1e62f4704fc} was not found in the key ring. For more information go to https://aka.ms/aspnet/dataprotectionwarning
   at Microsoft.AspNetCore.DataProtection.KeyManagement.KeyRingBasedDataProtector.UnprotectCore(Byte[] protectedData, Boolean allowOperationsOnRevokedKeys, UnprotectStatus& status)
   at Microsoft.AspNetCore.DataProtection.KeyManagement.KeyRingBasedDataProtector.Unprotect(Byte[] protectedData)
   at Microsoft.AspNetCore.Antiforgery.DefaultAntiforgeryTokenSerializer.Deserialize(String serializedToken)
   --- End of inner exception stack trace ---
   at Microsoft.AspNetCore.Antiforgery.DefaultAntiforgeryTokenSerializer.Deserialize(String serializedToken)
   at Microsoft.AspNetCore.Antiforgery.DefaultAntiforgery.GetCookieTokenDoesNotThrow(HttpContext httpContext)
[16:08:28 INF] HTTP GET / responded 200 in 129.1359 ms
[16:08:28 INF] HTTP GET /lib/bootstrap/dist/css/bootstrap.min.css responded 200 in 0.9075 ms
[16:08:28 INF] HTTP GET /Biktal.WebMVC.styles.css responded 304 in 0.3718 ms
[16:08:28 INF] HTTP GET /lib/jquery/dist/jquery.min.js responded 304 in 0.3361 ms
[16:08:28 INF] HTTP GET /css/site.css responded 304 in 0.7966 ms
[16:08:28 INF] HTTP GET /lib/bootstrap/dist/js/bootstrap.bundle.min.js responded 304 in 0.4688 ms
[16:08:28 INF] HTTP GET /js/site.js responded 304 in 0.4670 ms
[16:08:28 INF] HTTP GET /js/pos.js responded 200 in 1.8155 ms
[16:28:33 INF] Application is shutting down...
