[09:56:36 WRN] Using an in-memory repository. Keys will not be persisted to storage.
[09:56:36 WRN] Neither user profile nor HKLM registry available. Using an ephemeral key repository. Protected data will be unavailable when application exits.
[09:56:37 WRN] No XML encryptor configured. Key {93dacf8d-6a96-4396-9607-2e5ba7820a6b} may be persisted to storage in unencrypted form.
[09:56:37 INF] Application started. Press Ctrl+C to shut down.
[09:56:37 INF] Hosting environment: Production
[09:56:37 INF] Content root path: D:\Systems\BiktalSystems\publish
[09:56:37 INF] HTTP GET /Account/Login responded 302 in 120.9287 ms
[09:56:38 INF] HTTP GET /Inventory/Products responded 200 in 794.5326 ms
[09:56:38 INF] HTTP GET /lib/bootstrap/dist/css/bootstrap.min.css responded 200 in 156.8653 ms
[09:56:38 INF] HTTP GET /Biktal.WebMVC.styles.css responded 200 in 152.7378 ms
[09:56:38 INF] HTTP GET /css/site.css responded 200 in 171.2973 ms
[09:56:39 INF] HTTP GET /lib/jquery/dist/jquery.min.js responded 200 in 24.2080 ms
[09:56:39 INF] HTTP GET /lib/jquery-validation/dist/jquery.validate.min.js responded 200 in 23.6592 ms
[09:56:39 INF] HTTP GET /js/site.js responded 200 in 39.2348 ms
[09:56:39 INF] HTTP GET /lib/bootstrap/dist/js/bootstrap.bundle.min.js responded 200 in 28.6984 ms
[09:56:39 INF] HTTP GET /lib/jquery-validation-unobtrusive/dist/jquery.validate.unobtrusive.min.js responded 200 in 28.6231 ms
[09:56:39 INF] HTTP GET /js/products-catalog-filter.js responded 200 in 24.2577 ms
[09:57:00 INF] HTTP GET /Finance responded 200 in 395.5908 ms
[09:57:00 INF] HTTP GET /lib/bootstrap/dist/css/bootstrap.min.css responded 200 in 6.4516 ms
[09:57:00 INF] HTTP GET /Biktal.WebMVC.styles.css responded 200 in 0.9520 ms
[09:57:00 INF] HTTP GET /css/site.css responded 200 in 6.1083 ms
[09:57:00 INF] HTTP GET /js/site.js responded 304 in 26.0392 ms
[09:57:00 INF] HTTP GET /lib/jquery/dist/jquery.min.js responded 304 in 37.9276 ms
[09:57:00 INF] HTTP GET /lib/bootstrap/dist/js/bootstrap.bundle.min.js responded 304 in 171.2457 ms
[09:57:03 INF] HTTP GET /Finance/Cashbox responded 200 in 697.2759 ms
[09:57:03 INF] HTTP GET /lib/bootstrap/dist/css/bootstrap.min.css responded 200 in 4.5992 ms
[09:57:03 INF] HTTP GET /css/site.css responded 200 in 0.8105 ms
[09:57:03 INF] HTTP GET /Biktal.WebMVC.styles.css responded 200 in 1.2730 ms
[09:57:03 INF] HTTP GET /lib/jquery/dist/jquery.min.js responded 304 in 0.3705 ms
[09:57:03 INF] HTTP GET /lib/bootstrap/dist/js/bootstrap.bundle.min.js responded 304 in 0.3068 ms
[09:57:03 INF] HTTP GET /js/site.js responded 304 in 0.3464 ms
[09:57:03 INF] HTTP GET /lib/jquery-validation-unobtrusive/dist/jquery.validate.unobtrusive.min.js responded 304 in 16.2748 ms
[09:57:03 INF] HTTP GET /lib/jquery-validation/dist/jquery.validate.min.js responded 304 in 23.8559 ms
[09:57:48 INF] HTTP POST /Finance/CloseCashboxSession responded 302 in 506.5509 ms
[09:57:48 INF] HTTP GET /Finance/Cashbox responded 200 in 49.3186 ms
[09:57:48 INF] HTTP GET /Biktal.WebMVC.styles.css responded 200 in 0.5612 ms
[09:57:48 INF] HTTP GET /css/site.css responded 200 in 0.9400 ms
[09:57:48 INF] HTTP GET /lib/jquery/dist/jquery.min.js responded 304 in 0.2800 ms
[09:57:48 INF] HTTP GET /lib/bootstrap/dist/js/bootstrap.bundle.min.js responded 304 in 0.3622 ms
[09:57:48 INF] HTTP GET /js/site.js responded 304 in 0.2466 ms
[09:57:48 INF] HTTP GET /lib/jquery-validation/dist/jquery.validate.min.js responded 304 in 0.6376 ms
[09:57:48 INF] HTTP GET /lib/jquery-validation-unobtrusive/dist/jquery.validate.unobtrusive.min.js responded 304 in 0.5483 ms
[09:57:48 INF] HTTP GET /lib/bootstrap/dist/css/bootstrap.min.css responded 200 in 1.4531 ms
[09:58:01 INF] HTTP POST /Finance/OpenCashboxSession responded 302 in 159.7145 ms
[09:58:01 INF] HTTP GET /Finance/Cashbox responded 200 in 27.3841 ms
[09:58:01 INF] HTTP GET /lib/bootstrap/dist/css/bootstrap.min.css responded 200 in 2.3717 ms
[09:58:01 INF] HTTP GET /css/site.css responded 200 in 7.5524 ms
[09:58:01 INF] HTTP GET /lib/jquery/dist/jquery.min.js responded 200 in 1.0956 ms
[09:58:01 INF] HTTP GET /lib/bootstrap/dist/js/bootstrap.bundle.min.js responded 200 in 0.6572 ms
[09:58:01 INF] HTTP GET /js/site.js responded 200 in 0.6893 ms
[09:58:01 INF] HTTP GET /Biktal.WebMVC.styles.css responded 200 in 1.4883 ms
[09:58:01 INF] HTTP GET /lib/jquery-validation/dist/jquery.validate.min.js responded 200 in 0.8607 ms
[09:58:01 INF] HTTP GET /lib/jquery-validation-unobtrusive/dist/jquery.validate.unobtrusive.min.js responded 200 in 0.8278 ms
[09:58:06 INF] HTTP GET /Insights responded 302 in 2.5831 ms
[09:58:06 INF] HTTP GET /Insights/Daily responded 200 in 323.0075 ms
[09:58:06 INF] HTTP GET /lib/bootstrap/dist/css/bootstrap.min.css responded 200 in 3.4146 ms
[09:58:06 INF] HTTP GET /css/site.css responded 200 in 0.7264 ms
[09:58:06 INF] HTTP GET /Biktal.WebMVC.styles.css responded 200 in 0.8661 ms
[09:58:06 INF] HTTP GET /lib/jquery/dist/jquery.min.js responded 304 in 0.2912 ms
[09:58:06 INF] HTTP GET /lib/bootstrap/dist/js/bootstrap.bundle.min.js responded 304 in 0.1105 ms
[09:58:06 INF] HTTP GET /js/site.js responded 304 in 0.2362 ms
[09:58:08 INF] HTTP GET /Insights/Monthly responded 200 in 93.2423 ms
[09:58:08 INF] HTTP GET /lib/bootstrap/dist/css/bootstrap.min.css responded 304 in 1.2886 ms
[09:58:08 INF] HTTP GET /css/site.css responded 304 in 0.3003 ms
[09:58:08 INF] HTTP GET /Biktal.WebMVC.styles.css responded 304 in 0.1730 ms
[09:58:08 INF] HTTP GET /lib/jquery/dist/jquery.min.js responded 304 in 0.4700 ms
[09:58:08 INF] HTTP GET /lib/bootstrap/dist/js/bootstrap.bundle.min.js responded 304 in 0.2238 ms
[09:58:08 INF] HTTP GET /js/site.js responded 304 in 0.2841 ms
[09:58:14 INF] HTTP GET /Insights/Monthly responded 200 in 50.5112 ms
[09:58:14 INF] HTTP GET /lib/bootstrap/dist/css/bootstrap.min.css responded 304 in 0.2115 ms
[09:58:14 INF] HTTP GET /css/site.css responded 304 in 0.2446 ms
[09:58:14 INF] HTTP GET /Biktal.WebMVC.styles.css responded 304 in 0.1595 ms
[09:58:14 INF] HTTP GET /lib/jquery/dist/jquery.min.js responded 304 in 0.1973 ms
[09:58:14 INF] HTTP GET /lib/bootstrap/dist/js/bootstrap.bundle.min.js responded 304 in 0.2760 ms
[09:58:14 INF] HTTP GET /js/site.js responded 304 in 0.1473 ms
[09:58:18 INF] HTTP GET /Insights/Monthly responded 200 in 18.6147 ms
[09:58:18 INF] HTTP GET /css/site.css responded 304 in 0.1494 ms
[09:58:18 INF] HTTP GET /Biktal.WebMVC.styles.css responded 304 in 0.1100 ms
[09:58:18 INF] HTTP GET /lib/bootstrap/dist/css/bootstrap.min.css responded 304 in 0.1085 ms
[09:58:18 INF] HTTP GET /lib/jquery/dist/jquery.min.js responded 304 in 2.7468 ms
[09:58:18 INF] HTTP GET /js/site.js responded 304 in 0.1789 ms
[09:58:18 INF] HTTP GET /lib/bootstrap/dist/js/bootstrap.bundle.min.js responded 304 in 0.1557 ms
[09:58:24 INF] HTTP GET /Insights/Daily responded 200 in 21.4475 ms
[09:58:24 INF] HTTP GET /lib/bootstrap/dist/css/bootstrap.min.css responded 304 in 0.3028 ms
[09:58:24 INF] HTTP GET /css/site.css responded 304 in 0.1498 ms
[09:58:24 INF] HTTP GET /Biktal.WebMVC.styles.css responded 304 in 0.1639 ms
[09:58:24 INF] HTTP GET /lib/jquery/dist/jquery.min.js responded 304 in 0.1447 ms
[09:58:24 INF] HTTP GET /lib/bootstrap/dist/js/bootstrap.bundle.min.js responded 304 in 0.0988 ms
[09:58:24 INF] HTTP GET /js/site.js responded 304 in 0.1390 ms
[09:58:27 INF] HTTP GET /Insights/Daily responded 200 in 30.1695 ms
[09:58:27 INF] HTTP GET /lib/bootstrap/dist/css/bootstrap.min.css responded 200 in 8.1810 ms
[09:58:27 INF] HTTP GET /css/site.css responded 304 in 0.3624 ms
[09:58:27 INF] HTTP GET /Biktal.WebMVC.styles.css responded 304 in 0.1783 ms
[09:58:27 INF] HTTP GET /lib/jquery/dist/jquery.min.js responded 304 in 0.1365 ms
[09:58:27 INF] HTTP GET /lib/bootstrap/dist/js/bootstrap.bundle.min.js responded 304 in 0.0808 ms
[09:58:27 INF] HTTP GET /js/site.js responded 304 in 0.0830 ms
[09:58:37 INF] HTTP GET /Repairs responded 200 in 92.6160 ms
[09:58:37 INF] HTTP GET /lib/bootstrap/dist/css/bootstrap.min.css responded 200 in 0.8642 ms
[09:58:37 INF] HTTP GET /css/site.css responded 304 in 0.1997 ms
[09:58:37 INF] HTTP GET /lib/jquery/dist/jquery.min.js responded 304 in 0.1113 ms
[09:58:37 INF] HTTP GET /lib/bootstrap/dist/js/bootstrap.bundle.min.js responded 304 in 0.0885 ms
[09:58:37 INF] HTTP GET /Biktal.WebMVC.styles.css responded 304 in 0.0921 ms
[09:58:37 INF] HTTP GET /js/site.js responded 304 in 0.1428 ms
[09:58:39 INF] HTTP GET /Repairs/Tickets responded 200 in 88.9752 ms
[09:58:40 INF] HTTP GET /Repairs/Tickets responded 200 in 8.0902 ms
[09:58:40 INF] HTTP GET /Biktal.WebMVC.styles.css responded 304 in 0.0725 ms
[09:58:40 INF] HTTP GET /lib/bootstrap/dist/css/bootstrap.min.css responded 304 in 0.1335 ms
[09:58:40 INF] HTTP GET /lib/jquery/dist/jquery.min.js responded 304 in 0.0566 ms
[09:58:40 INF] HTTP GET /lib/bootstrap/dist/js/bootstrap.bundle.min.js responded 304 in 0.0685 ms
[09:58:40 INF] HTTP GET /js/site.js responded 304 in 0.0581 ms
[09:58:40 INF] HTTP GET /css/site.css responded 304 in 0.0520 ms
[10:04:59 INF] HTTP GET /Finance responded 200 in 1235.8294 ms
[10:04:59 INF] HTTP GET /lib/bootstrap/dist/css/bootstrap.min.css responded 200 in 27.4656 ms
[10:04:59 INF] HTTP GET /css/site.css responded 200 in 28.2424 ms
[10:04:59 INF] HTTP GET /lib/bootstrap/dist/js/bootstrap.bundle.min.js responded 200 in 33.9061 ms
[10:04:59 INF] HTTP GET /lib/jquery/dist/jquery.min.js responded 200 in 22.5633 ms
[10:04:59 INF] HTTP GET /js/site.js responded 200 in 51.7353 ms
[10:04:59 INF] HTTP GET /Biktal.WebMVC.styles.css responded 200 in 57.2970 ms
[10:05:02 INF] HTTP GET /Repairs responded 200 in 19.1601 ms
[10:05:02 INF] HTTP GET /lib/bootstrap/dist/css/bootstrap.min.css responded 200 in 2.0384 ms
[10:05:02 INF] HTTP GET /Biktal.WebMVC.styles.css responded 200 in 0.9967 ms
[10:05:02 INF] HTTP GET /lib/jquery/dist/jquery.min.js responded 304 in 0.1172 ms
[10:05:02 INF] HTTP GET /lib/bootstrap/dist/js/bootstrap.bundle.min.js responded 304 in 0.1271 ms
[10:05:02 INF] HTTP GET /css/site.css responded 200 in 3.0770 ms
[10:05:02 INF] HTTP GET /js/site.js responded 304 in 0.1558 ms
[10:05:04 INF] HTTP GET /Inventory/Products responded 200 in 245.5366 ms
[10:05:04 INF] HTTP GET /lib/bootstrap/dist/css/bootstrap.min.css responded 304 in 0.1571 ms
[10:05:04 INF] HTTP GET /Biktal.WebMVC.styles.css responded 304 in 0.1203 ms
[10:05:04 INF] HTTP GET /css/site.css responded 304 in 0.0875 ms
[10:05:05 INF] HTTP GET /lib/jquery/dist/jquery.min.js responded 304 in 0.1124 ms
[10:05:05 INF] HTTP GET /lib/bootstrap/dist/js/bootstrap.bundle.min.js responded 304 in 0.2432 ms
[10:05:05 INF] HTTP GET /js/site.js responded 304 in 0.1366 ms
[10:05:05 INF] HTTP GET /js/products-catalog-filter.js responded 200 in 34.9424 ms
[10:05:05 INF] HTTP GET /lib/jquery-validation/dist/jquery.validate.min.js responded 200 in 43.9181 ms
[10:05:05 INF] HTTP GET /lib/jquery-validation-unobtrusive/dist/jquery.validate.unobtrusive.min.js responded 200 in 61.6837 ms
[10:05:05 INF] HTTP GET /Crm responded 200 in 96.9529 ms
[10:05:05 INF] HTTP GET /lib/bootstrap/dist/css/bootstrap.min.css responded 304 in 0.1257 ms
[10:05:05 INF] HTTP GET /css/site.css responded 304 in 0.0877 ms
[10:05:05 INF] HTTP GET /Biktal.WebMVC.styles.css responded 304 in 0.0593 ms
[10:05:05 INF] HTTP GET /lib/jquery/dist/jquery.min.js responded 200 in 1.1118 ms
[10:05:05 INF] HTTP GET /lib/bootstrap/dist/js/bootstrap.bundle.min.js responded 200 in 0.9095 ms
[10:05:06 INF] HTTP GET /js/site.js responded 200 in 1.6685 ms
[10:05:11 INF] HTTP GET /Insights responded 302 in 0.3820 ms
[10:05:11 INF] HTTP GET /Insights/Daily responded 200 in 35.5250 ms
[10:05:11 INF] HTTP GET /lib/bootstrap/dist/css/bootstrap.min.css responded 304 in 0.1647 ms
[10:05:11 INF] HTTP GET /css/site.css responded 304 in 0.1131 ms
[10:05:11 INF] HTTP GET /Biktal.WebMVC.styles.css responded 304 in 0.1227 ms
[10:05:11 INF] HTTP GET /lib/jquery/dist/jquery.min.js responded 304 in 0.1354 ms
[10:05:11 INF] HTTP GET /lib/bootstrap/dist/js/bootstrap.bundle.min.js responded 304 in 0.2610 ms
[10:05:11 INF] HTTP GET /js/site.js responded 304 in 0.1158 ms
[10:05:13 INF] HTTP GET /Insights/Monthly responded 200 in 15.8321 ms
[10:05:13 INF] HTTP GET /lib/bootstrap/dist/css/bootstrap.min.css responded 304 in 0.2843 ms
[10:05:13 INF] HTTP GET /css/site.css responded 304 in 0.2277 ms
[10:05:13 INF] HTTP GET /Biktal.WebMVC.styles.css responded 304 in 0.1140 ms
[10:05:13 INF] HTTP GET /lib/jquery/dist/jquery.min.js responded 304 in 0.0681 ms
[10:05:13 INF] HTTP GET /js/site.js responded 304 in 0.0819 ms
[10:05:13 INF] HTTP GET /lib/bootstrap/dist/js/bootstrap.bundle.min.js responded 304 in 0.0779 ms
[10:25:44 INF] Application is shutting down...
