[16:21:40 WRN] Using an in-memory repository. Keys will not be persisted to storage.
[16:21:40 WRN] Neither user profile nor HKLM registry available. Using an ephemeral key repository. Protected data will be unavailable when application exits.
[16:21:40 WRN] No XML encryptor configured. Key {f2d161ec-2bbc-4ba5-af89-da6b36bee059} may be persisted to storage in unencrypted form.
[16:21:40 INF] Application started. Press Ctrl+C to shut down.
[16:21:40 INF] Hosting environment: Production
[16:21:40 INF] Content root path: D:\Systems\BiktalSystems\publish
[16:21:40 INF] HTTP POST /Pos/CompleteSale responded 400 in 148.7564 ms
[16:21:50 INF] HTTP GET /Finance responded 200 in 321.7693 ms
[16:21:51 INF] HTTP GET /css/site.css responded 200 in 32.2385 ms
[16:21:51 INF] HTTP GET /lib/jquery/dist/jquery.min.js responded 200 in 14.3866 ms
[16:21:51 INF] HTTP GET /Biktal.WebMVC.styles.css responded 200 in 27.5829 ms
[16:21:51 INF] HTTP GET /lib/bootstrap/dist/css/bootstrap.min.css responded 200 in 44.6272 ms
[16:21:51 INF] HTTP GET /lib/bootstrap/dist/js/bootstrap.bundle.min.js responded 200 in 4.3605 ms
[16:21:51 INF] HTTP GET /js/site.js responded 200 in 0.9628 ms
[16:21:54 ERR] An exception was thrown while deserializing the token.
Microsoft.AspNetCore.Antiforgery.AntiforgeryValidationException: The antiforgery token could not be decrypted.
 ---> System.Security.Cryptography.CryptographicException: The key {901cf189-b281-458d-a1f7-9ec6ad43f2d3} was not found in the key ring. For more information go to https://aka.ms/aspnet/dataprotectionwarning
   at Microsoft.AspNetCore.DataProtection.KeyManagement.KeyRingBasedDataProtector.UnprotectCore(Byte[] protectedData, Boolean allowOperationsOnRevokedKeys, UnprotectStatus& status)
   at Microsoft.AspNetCore.DataProtection.KeyManagement.KeyRingBasedDataProtector.Unprotect(Byte[] protectedData)
   at Microsoft.AspNetCore.Antiforgery.DefaultAntiforgeryTokenSerializer.Deserialize(String serializedToken)
   --- End of inner exception stack trace ---
   at Microsoft.AspNetCore.Antiforgery.DefaultAntiforgeryTokenSerializer.Deserialize(String serializedToken)
   at Microsoft.AspNetCore.Antiforgery.DefaultAntiforgery.GetCookieTokenDoesNotThrow(HttpContext httpContext)
[16:21:54 INF] HTTP GET /Finance/Cashbox responded 200 in 552.3862 ms
[16:21:54 INF] HTTP GET /lib/bootstrap/dist/css/bootstrap.min.css responded 200 in 17.1805 ms
[16:21:54 INF] HTTP GET /Biktal.WebMVC.styles.css responded 200 in 1.6374 ms
[16:21:54 INF] HTTP GET /css/site.css responded 200 in 5.2679 ms
[16:21:54 INF] HTTP GET /js/site.js responded 304 in 30.9730 ms
[16:21:54 INF] HTTP GET /lib/jquery/dist/jquery.min.js responded 304 in 37.9084 ms
[16:21:54 INF] HTTP GET /lib/jquery-validation-unobtrusive/dist/jquery.validate.unobtrusive.min.js responded 200 in 35.5038 ms
[16:21:54 INF] HTTP GET /lib/jquery-validation/dist/jquery.validate.min.js responded 200 in 47.8654 ms
[16:21:54 INF] HTTP GET /lib/bootstrap/dist/js/bootstrap.bundle.min.js responded 304 in 166.1195 ms
[16:22:50 INF] HTTP POST /Finance/CloseCashboxSession responded 302 in 293.6745 ms
[16:22:50 INF] HTTP GET /Finance/Cashbox responded 200 in 27.2796 ms
[16:22:50 INF] HTTP GET /lib/bootstrap/dist/css/bootstrap.min.css responded 200 in 16.7666 ms
[16:22:50 INF] HTTP GET /css/site.css responded 200 in 1.0567 ms
[16:22:50 INF] HTTP GET /Biktal.WebMVC.styles.css responded 200 in 4.3602 ms
[16:22:50 INF] HTTP GET /lib/jquery/dist/jquery.min.js responded 304 in 4.0005 ms
[16:22:50 INF] HTTP GET /lib/bootstrap/dist/js/bootstrap.bundle.min.js responded 304 in 1.1806 ms
[16:22:50 INF] HTTP GET /js/site.js responded 304 in 0.3500 ms
[16:22:50 INF] HTTP GET /lib/jquery-validation-unobtrusive/dist/jquery.validate.unobtrusive.min.js responded 304 in 13.7151 ms
[16:22:50 INF] HTTP GET /lib/jquery-validation/dist/jquery.validate.min.js responded 304 in 25.3921 ms
[16:23:02 INF] HTTP POST /Finance/OpenCashboxSession responded 302 in 103.6120 ms
[16:23:02 INF] HTTP GET /Finance/Cashbox responded 200 in 20.0426 ms
[16:23:02 INF] HTTP GET /lib/bootstrap/dist/css/bootstrap.min.css responded 200 in 1.8770 ms
[16:23:02 INF] HTTP GET /Biktal.WebMVC.styles.css responded 200 in 6.1326 ms
[16:23:02 INF] HTTP GET /lib/bootstrap/dist/js/bootstrap.bundle.min.js responded 304 in 0.3400 ms
[16:23:02 INF] HTTP GET /js/site.js responded 304 in 0.6353 ms
[16:23:02 INF] HTTP GET /lib/jquery-validation/dist/jquery.validate.min.js responded 304 in 0.2513 ms
[16:23:02 INF] HTTP GET /css/site.css responded 200 in 1.1846 ms
[16:23:02 INF] HTTP GET /lib/jquery-validation-unobtrusive/dist/jquery.validate.unobtrusive.min.js responded 304 in 0.5533 ms
[16:23:02 INF] HTTP GET /lib/jquery/dist/jquery.min.js responded 304 in 0.6810 ms
[16:23:04 WRN] The query uses the 'First'/'FirstOrDefault' operator without 'OrderBy' and filter operators. This may lead to unpredictable results.
[16:23:04 INF] HTTP GET / responded 200 in 98.9130 ms
[16:23:05 INF] HTTP GET /lib/bootstrap/dist/css/bootstrap.min.css responded 200 in 14.3019 ms
[16:23:05 INF] HTTP GET /css/site.css responded 200 in 1.0699 ms
[16:23:05 INF] HTTP GET /Biktal.WebMVC.styles.css responded 200 in 0.7556 ms
[16:23:05 INF] HTTP GET /js/site.js responded 304 in 0.2717 ms
[16:23:05 INF] HTTP GET /lib/jquery/dist/jquery.min.js responded 304 in 1.0000 ms
[16:23:05 INF] HTTP GET /js/pos.js responded 200 in 6.3711 ms
[16:23:05 INF] HTTP GET /lib/bootstrap/dist/js/bootstrap.bundle.min.js responded 304 in 6.9957 ms
[16:23:20 INF] HTTP POST /Pos/CompleteSale responded 200 in 599.8958 ms
[16:44:00 INF] Application is shutting down...
