[20:57:01 WRN] Using an in-memory repository. Keys will not be persisted to storage.
[20:57:02 WRN] Neither user profile nor HKLM registry available. Using an ephemeral key repository. Protected data will be unavailable when application exits.
[20:57:02 WRN] No XML encryptor configured. Key {95d62426-18d3-4444-b9fd-00f7c3c33632} may be persisted to storage in unencrypted form.
[20:57:02 INF] Application started. Press Ctrl+C to shut down.
[20:57:02 INF] Hosting environment: Production
[20:57:02 INF] Content root path: D:\Systems\BiktalSystems\publish
[20:57:02 INF] HTTP GET /Finance responded 200 in 496.8472 ms
[20:57:03 INF] HTTP GET /js/site.js responded 200 in 51.0018 ms
[20:57:03 INF] HTTP GET /lib/bootstrap/dist/css/bootstrap.min.css responded 200 in 102.3241 ms
[20:57:03 INF] HTTP GET /lib/bootstrap/dist/js/bootstrap.bundle.min.js responded 200 in 106.9879 ms
[20:57:03 INF] HTTP GET /Biktal.WebMVC.styles.css responded 200 in 1.0963 ms
[20:57:03 INF] HTTP GET /lib/jquery/dist/jquery.min.js responded 200 in 18.9437 ms
[20:57:03 INF] HTTP GET /css/site.css responded 200 in 2.3072 ms
[20:57:04 INF] HTTP GET /Finance responded 200 in 102.8358 ms
[20:57:04 INF] HTTP GET /lib/bootstrap/dist/css/bootstrap.min.css responded 200 in 5.6617 ms
[20:57:04 INF] HTTP GET /css/site.css responded 200 in 11.7687 ms
[20:57:04 INF] HTTP GET /Biktal.WebMVC.styles.css responded 200 in 2.2665 ms
[20:57:04 INF] HTTP GET /lib/jquery/dist/jquery.min.js responded 304 in 46.0746 ms
[20:57:04 INF] HTTP GET /js/site.js responded 304 in 30.0824 ms
[20:57:04 INF] HTTP GET /lib/bootstrap/dist/js/bootstrap.bundle.min.js responded 304 in 158.7757 ms
[20:57:05 INF] HTTP GET /favicon.ico responded 200 in 5.0653 ms
[20:57:06 ERR] An exception was thrown while deserializing the token.
Microsoft.AspNetCore.Antiforgery.AntiforgeryValidationException: The antiforgery token could not be decrypted.
 ---> System.Security.Cryptography.CryptographicException: The key {52e69924-ca7c-4726-a725-8af413adef70} was not found in the key ring. For more information go to https://aka.ms/aspnet/dataprotectionwarning
   at Microsoft.AspNetCore.DataProtection.KeyManagement.KeyRingBasedDataProtector.UnprotectCore(Byte[] protectedData, Boolean allowOperationsOnRevokedKeys, UnprotectStatus& status)
   at Microsoft.AspNetCore.DataProtection.KeyManagement.KeyRingBasedDataProtector.Unprotect(Byte[] protectedData)
   at Microsoft.AspNetCore.Antiforgery.DefaultAntiforgeryTokenSerializer.Deserialize(String serializedToken)
   --- End of inner exception stack trace ---
   at Microsoft.AspNetCore.Antiforgery.DefaultAntiforgeryTokenSerializer.Deserialize(String serializedToken)
   at Microsoft.AspNetCore.Antiforgery.DefaultAntiforgery.GetCookieTokenDoesNotThrow(HttpContext httpContext)
[20:57:06 INF] HTTP GET /Finance/Cashbox responded 200 in 515.2586 ms
[20:57:06 INF] HTTP GET /lib/bootstrap/dist/css/bootstrap.min.css responded 200 in 4.2095 ms
[20:57:06 INF] HTTP GET /css/site.css responded 200 in 1.9282 ms
[20:57:06 INF] HTTP GET /lib/jquery/dist/jquery.min.js responded 304 in 2.9647 ms
[20:57:06 INF] HTTP GET /lib/bootstrap/dist/js/bootstrap.bundle.min.js responded 304 in 0.6961 ms
[20:57:06 INF] HTTP GET /js/site.js responded 304 in 1.4408 ms
[20:57:06 INF] HTTP GET /lib/jquery-validation/dist/jquery.validate.min.js responded 200 in 2.6479 ms
[20:57:06 INF] HTTP GET /Biktal.WebMVC.styles.css responded 200 in 1.0622 ms
[20:57:06 INF] HTTP GET /lib/jquery-validation-unobtrusive/dist/jquery.validate.unobtrusive.min.js responded 200 in 1.4326 ms
[21:03:00 INF] HTTP POST /Finance/CloseCashboxSession responded 302 in 376.0530 ms
[21:03:00 INF] HTTP GET /Finance/Cashbox responded 200 in 31.9181 ms
[21:03:00 INF] HTTP GET /css/site.css responded 200 in 1.2298 ms
[21:03:00 INF] HTTP GET /lib/bootstrap/dist/css/bootstrap.min.css responded 200 in 4.9745 ms
[21:03:00 INF] HTTP GET /Biktal.WebMVC.styles.css responded 200 in 1.5685 ms
[21:03:00 INF] HTTP GET /lib/jquery/dist/jquery.min.js responded 200 in 2.7049 ms
[21:03:00 INF] HTTP GET /lib/bootstrap/dist/js/bootstrap.bundle.min.js responded 