[11:01:54 WRN] Using an in-memory repository. Keys will not be persisted to storage.
[11:01:54 WRN] Neither user profile nor HKLM registry available. Using an ephemeral key repository. Protected data will be unavailable when application exits.
[11:01:54 WRN] No XML encryptor configured. Key {fb9427e5-c053-4e84-ba70-e1017bf0709a} may be persisted to storage in unencrypted form.
[11:01:54 INF] Application started. Press Ctrl+C to shut down.
[11:01:54 INF] Hosting environment: Production
[11:01:54 INF] Content root path: D:\Systems\BiktalSystems\publish
[11:01:54 WRN] The query uses the 'First'/'FirstOrDefault' operator without 'OrderBy' and filter operators. This may lead to unpredictable results.
[11:01:54 ERR] An exception was thrown while deserializing the token.
Microsoft.AspNetCore.Antiforgery.AntiforgeryValidationException: The antiforgery token could not be decrypted.
 ---> System.Security.Cryptography.CryptographicException: The key {4b125957-566d-486d-91b8-4a68c19df388} was not found in the key ring. For more information go to https://aka.ms/aspnet/dataprotectionwarning
   at Microsoft.AspNetCore.DataProtection.KeyManagement.KeyRingBasedDataProtector.UnprotectCore(Byte[] protectedData, Boolean allowOperationsOnRevokedKeys, UnprotectStatus& status)
   at Microsoft.AspNetCore.DataProtection.KeyManagement.KeyRingBasedDataProtector.Unprotect(Byte[] protectedData)
   at Microsoft.AspNetCore.Antiforgery.DefaultAntiforgeryTokenSerializer.Deserialize(String serializedToken)
   --- End of inner exception stack trace ---
   at Microsoft.AspNetCore.Antiforgery.DefaultAntiforgeryTokenSerializer.Deserialize(String serializedToken)
   at Microsoft.AspNetCore.Antiforgery.DefaultAntiforgery.GetCookieTokenDoesNotThrow(HttpContext httpContext)
[11:01:54 INF] HTTP GET / responded 200 in 491.3962 ms
[11:01:55 INF] HTTP GET /css/site.css responded 200 in 47.9938 ms
[11:01:55 INF] HTTP GET /Biktal.WebMVC.styles.css responded 200 in 48.2967 ms
[11:01:55 INF] HTTP GET /lib/bootstrap/dist/css/bootstrap.min.css responded 200 in 47.8633 ms
[11:01:55 INF] HTTP GET /js/site.js responded 200 in 39.0754 ms
[11:01:55 INF] HTTP GET /js/pos.js responded 200 in 39.4493 ms
[11:01:55 INF] HTTP GET /lib/bootstrap/dist/js/bootstrap.bundle.min.js responded 200 in 39.6270 ms
[11:01:55 INF] HTTP GET /lib/jquery/dist/jquery.min.js responded 200 in 51.0094 ms
[11:22:47 INF] Application is shutting down...
