[09:15:07 WRN] Using an in-memory repository. Keys will not be persisted to storage.
[09:15:07 WRN] Neither user profile nor HKLM registry available. Using an ephemeral key repository. Protected data will be unavailable when application exits.
[09:15:08 WRN] No XML encryptor configured. Key {bdc9c2df-072e-440f-8816-34c82c7cb769} may be persisted to storage in unencrypted form.
[09:15:08 INF] Application started. Press Ctrl+C to shut down.
[09:15:08 INF] Hosting environment: Production
[09:15:08 INF] Content root path: D:\Systems\BiktalSystems\publish
[09:15:08 INF] HTTP GET /Account/Login responded 302 in 114.5092 ms
[09:15:09 INF] HTTP GET /Inventory/Products responded 200 in 866.2460 ms
[09:15:09 INF] HTTP GET /Biktal.WebMVC.styles.css responded 200 in 42.4446 ms
[09:15:09 INF] HTTP GET /lib/bootstrap/dist/css/bootstrap.min.css responded 200 in 45.3399 ms
[09:15:09 INF] HTTP GET /css/site.css responded 200 in 45.5058 ms
[09:15:10 INF] HTTP GET /js/site.js responded 200 in 26.8056 ms
[09:15:10 INF] HTTP GET /lib/bootstrap/dist/js/bootstrap.bundle.min.js responded 200 in 27.9916 ms
[09:15:10 INF] HTTP GET /lib/jquery/dist/jquery.min.js responded 200 in 116.0041 ms
[09:15:10 INF] HTTP GET /lib/jquery-validation/dist/jquery.validate.min.js responded 200 in 34.6634 ms
[09:15:10 INF] HTTP GET /lib/jquery-validation-unobtrusive/dist/jquery.validate.unobtrusive.min.js responded 200 in 40.0169 ms
[09:15:11 INF] HTTP GET /js/products-catalog-filter.js responded 200 in 84.3101 ms
[09:15:13 INF] HTTP GET /Insights responded 302 in 13.2337 ms
[09:15:14 INF] HTTP GET /Insights/Daily responded 200 in 258.7698 ms
[09:15:14 INF] HTTP GET /lib/bootstrap/dist/css/bootstrap.min.css responded 304 in 4.4496 ms
[09:15:14 INF] HTTP GET /Biktal.WebMVC.styles.css responded 304 in 0.9772 ms
[09:15:14 INF] HTTP GET /css/site.css responded 304 in 2.5243 ms
[09:15:14 INF] HTTP GET /lib/jquery/dist/jquery.min.js responded 304 in 24.8274 ms
[09:15:14 INF] HTTP GET /js/site.js responded 304 in 20.9831 ms
[09:15:14 INF] HTTP GET /lib/bootstrap/dist/js/bootstrap.bundle.min.js responded 304 in 148.7933 ms
[09:15:26 INF] HTTP GET /Insights/Daily responded 200 in 50.7214 ms
[09:15:26 INF] HTTP GET /lib/bootstrap/dist/css/bootstrap.min.css responded 304 in 6.4293 ms
[09:15:26 INF] HTTP GET /css/site.css responded 304 in 0.4639 ms
[09:15:26 INF] HTTP GET /lib/jquery/dist/jquery.min.js responded 304 in 0.3144 ms
[09:15:26 INF] HTTP GET /js/site.js responded 304 in 1.0848 ms
[09:15:26 INF] HTTP GET /lib/bootstrap/dist/js/bootstrap.bundle.min.js responded 304 in 29.2352 ms
[09:15:26 INF] HTTP GET /Biktal.WebMVC.styles.css responded 304 in 35.5445 ms
[09:15:36 INF] HTTP GET /Insights/Sale responded 200 in 105.3336 ms
[09:15:36 INF] HTTP GET /lib/jquery/dist/jquery.min.js responded 304 in 0.4935 ms
[09:15:36 INF] HTTP GET /css/site.css responded 304 in 0.3169 ms
[09:15:36 INF] HTTP GET /lib/bootstrap/dist/css/bootstrap.min.css responded 304 in 5.4887 ms
[09:15:36 INF] HTTP GET /Biktal.WebMVC.styles.css responded 304 in 0.1334 ms
[09:15:36 INF] HTTP GET /lib/bootstrap/dist/js/bootstrap.bundle.min.js responded 304 in 0.2518 ms
[09:15:36 INF] HTTP GET /js/site.js responded 304 in 1.9505 ms
[09:15:48 INF] HTTP GET /Insights/Sale responded 200 in 6.7558 ms
[09:15:48 INF] HTTP GET /Biktal.WebMVC.styles.css responded 304 in 0.4685 ms
[09:15:48 INF] HTTP GET /lib/jquery/dist/jquery.min.js responded 304 in 1.2199 ms
[09:15:48 INF] HTTP GET /lib/bootstrap/dist/js/bootstrap.bundle.min.js responded 304 in 0.2174 ms
[09:15:48 INF] HTTP GET /css/site.css responded 304 in 0.1382 ms
[09:15:48 INF] HTTP GET /js/site.js responded 304 in 0.2276 ms
[09:15:48 INF] HTTP GET /lib/bootstrap/dist/css/bootstrap.min.css responded 200 in 32.7967 ms
[09:15:55 INF] HTTP GET /Insights/Sale responded 200 in 6.5927 ms
[09:15:55 INF] HTTP GET /lib/jquery/dist/jquery.min.js responded 304 in 0.3483 ms
[09:15:55 INF] HTTP GET /lib/bootstrap/dist/css/bootstrap.min.css responded 200 in 0.7353 ms
[09:15:55 INF] HTTP GET /css/site.css responded 304 in 0.1589 ms
[09:15:55 INF] HTTP GET /Biktal.WebMVC.styles.css responded 304 in 0.1387 ms
[09:15:55 INF] HTTP GET /lib/bootstrap/dist/js/bootstrap.bundle.min.js responded 304 in 0.6470 ms
[09:15:55 INF] HTTP GET /js/site.js responded 304 in 0.1378 ms
[09:17:19 INF] HTTP GET /Finance responded 200 in 86.4558 ms
[09:17:19 INF] HTTP GET /Biktal.WebMVC.styles.css responded 200 in 3.6487 ms
[09:17:19 INF] HTTP GET /lib/bootstrap/dist/css/bootstrap.min.css responded 200 in 1.1950 ms
[09:17:19 INF] HTTP GET /js/site.js responded 200 in 4.2640 ms
[09:17:19 INF] HTTP GET /lib/jquery/dist/jquery.min.js responded 200 in 38.7498 ms
[09:17:19 INF] HTTP GET /lib/bootstrap/dist/js/bootstrap.bundle.min.js responded 200 in 33.9980 ms
[09:17:19 INF] HTTP GET /css/site.css responded 200 in 35.9190 ms
[09:17:21 INF] HTTP GET /Finance/Cashbox responded 200 in 302.6840 ms
[09:17:21 INF] HTTP GET /lib/bootstrap/dist/css/bootstrap.min.css responded 304 in 0.2015 ms
[09:17:21 INF] HTTP GET /Biktal.WebMVC.styles.css responded 304 in 0.1934 ms
[09:17:21 INF] HTTP GET /css/site.css responded 304 in 0.2067 ms
[09:17:21 INF] HTTP GET /lib/jquery/dist/jquery.min.js responded 304 in 1.0201 ms
[09:17:21 INF] HTTP GET /lib/bootstrap/dist/js/bootstrap.bundle.min.js responded 304 in 0.2736 ms
[09:17:21 INF] HTTP GET /js/site.js responded 304 in 0.6600 ms
[09:17:21 INF] HTTP GET /lib/jquery-validation-unobtrusive/dist/jquery.validate.unobtrusive.min.js responded 200 in 19.2713 ms
[09:17:21 INF] HTTP GET /lib/jquery-validation/dist/jquery.validate.min.js responded 200 in 26.6601 ms
[09:18:39 INF] HTTP GET /Insights responded 302 in 1.1379 ms
[09:18:39 INF] HTTP GET /Insights/Daily responded 200 in 15.9114 ms
[09:18:39 INF] HTTP GET /Biktal.WebMVC.styles.css responded 200 in 1.2335 ms
[09:18:39 INF] HTTP GET /css/site.css responded 200 in 0.7699 ms
[09:18:39 INF] HTTP GET /lib/bootstrap/dist/css/bootstrap.min.css responded 200 in 1.4527 ms
[09:18:39 INF] HTTP GET /lib/jquery/dist/jquery.min.js responded 200 in 0.6930 ms
[09:18:39 INF] HTTP GET /js/site.js responded 200 in 1.5536 ms
[09:18:39 INF] HTTP GET /lib/bootstrap/dist/js/bootstrap.bundle.min.js responded 200 in 3.3922 ms
[09:18:45 INF] HTTP GET /Insights/Daily responded 200 in 16.8119 ms
[09:18:45 INF] HTTP GET /lib/bootstrap/dist/css/bootstrap.min.css responded 200 in 1.8361 ms
[09:18:45 INF] HTTP GET /Biktal.WebMVC.styles.css responded 200 in 1.5983 ms
[09:18:45 INF] HTTP GET /lib/jquery/dist/jquery.min.js responded 304 in 0.1492 ms
[09:18:45 INF] HTTP GET /lib/bootstrap/dist/js/bootstrap.bundle.min.js responded 304 in 0.1393 ms
[09:18:45 INF] HTTP GET /js/site.js responded 304 in 0.1399 ms
[09:18:45 INF] HTTP GET /css/site.css responded 200 in 1.4089 ms
[09:19:27 INF] HTTP GET /Finance responded 200 in 19.9733 ms
[09:19:27 INF] HTTP GET /lib/bootstrap/dist/css/bootstrap.min.css responded 200 in 1.2077 ms
[09:19:27 INF] HTTP GET /css/site.css responded 200 in 0.9268 ms
[09:19:27 INF] HTTP GET /Biktal.WebMVC.styles.css responded 200 in 0.6576 ms
[09:19:27 INF] HTTP GET /lib/jquery/dist/jquery.min.js responded 304 in 0.4664 ms
[09:19:27 INF] HTTP GET /lib/bootstrap/dist/js/bootstrap.bundle.min.js responded 304 in 0.1516 ms
[09:19:27 INF] HTTP GET /js/site.js responded 304 in 0.0713 ms
[09:19:29 INF] HTTP GET /Finance/Cashbox responded 200 in 29.9756 ms
[09:19:29 INF] HTTP GET /css/site.css responded 200 in 2.8897 ms
[09:19:29 INF] HTTP GET /Biktal.WebMVC.styles.css responded 200 in 1.2427 ms
[09:19:29 INF] HTTP GET /lib/jquery/dist/jquery.min.js responded 200 in 0.8413 ms
[09:19:29 INF] HTTP GET /lib/bootstrap/dist/js/bootstrap.bundle.min.js responded 200 in 1.6167 ms
[09:19:29 INF] HTTP GET /js/site.js responded 200 in 0.5001 ms
[09:19:29 INF] HTTP GET /lib/jquery-validation-unobtrusive/dist/jquery.validate.unobtrusive.min.js responded 200 in 0.4373 ms
[09:19:29 INF] HTTP GET /lib/bootstrap/dist/css/bootstrap.min.css responded 200 in 0.6962 ms
[09:19:29 INF] HTTP GET /lib/jquery-validation/dist/jquery.validate.min.js responded 200 in 0.9720 ms
[09:19:42 INF] HTTP GET /Insights responded 302 in 1.2284 ms
[09:19:42 INF] HTTP GET /Insights/Daily responded 200 in 14.2786 ms
[09:19:42 INF] HTTP GET /lib/bootstrap/dist/css/bootstrap.min.css responded 304 in 0.1449 ms
[09:19:42 INF] HTTP GET /css/site.css responded 304 in 0.1093 ms
[09:19:42 INF] HTTP GET /Biktal.WebMVC.styles.css responded 304 in 0.1132 ms
[09:19:42 INF] HTTP GET /lib/jquery/dist/jquery.min.js responded 304 in 0.1440 ms
[09:19:42 INF] HTTP GET /lib/bootstrap/dist/js/bootstrap.bundle.min.js responded 304 in 0.3979 ms
[09:19:42 INF] HTTP GET /js/site.js responded 304 in 0.1182 ms
[09:19:47 INF] HTTP GET /Insights/Daily responded 200 in 14.8529 ms
[09:19:47 INF] HTTP GET /lib/bootstrap/dist/css/bootstrap.min.css responded 200 in 2.7065 ms
[09:19:47 INF] HTTP GET /css/site.css responded 304 in 0.1491 ms
[09:19:47 INF] HTTP GET /Biktal.WebMVC.styles.css responded 304 in 0.1238 ms
[09:19:47 INF] HTTP GET /lib/jquery/dist/jquery.min.js responded 304 in 0.4191 ms
[09:19:47 INF] HTTP GET /lib/bootstrap/dist/js/bootstrap.bundle.min.js responded 304 in 0.8049 ms
[09:19:47 INF] HTTP GET /js/site.js responded 304 in 0.2122 ms
[09:21:45 INF] HTTP GET /Insights responded 302 in 0.9099 ms
[09:21:45 INF] HTTP GET /Insights/Daily responded 200 in 102.8420 ms
[09:21:45 INF] HTTP GET /lib/bootstrap/dist/css/bootstrap.min.css responded 200 in 0.5948 ms
[09:21:45 INF] HTTP GET /css/site.css responded 200 in 2.0474 ms
[09:21:45 INF] HTTP GET /js/site.js responded 200 in 0.4464 ms
[09:21:45 INF] HTTP GET /Biktal.WebMVC.styles.css responded 200 in 0.4098 ms
[09:21:45 INF] HTTP GET /lib/jquery/dist/jquery.min.js responded 200 in 0.4916 ms
[09:21:45 INF] HTTP GET /lib/bootstrap/dist/js/bootstrap.bundle.min.js responded 200 in 0.5195 ms
[09:21:47 INF] HTTP GET /Finance responded 200 in 15.8948 ms
[09:21:47 INF] HTTP GET /lib/bootstrap/dist/css/bootstrap.min.css responded 200 in 1.1496 ms
[09:21:47 INF] HTTP GET /css/site.css responded 200 in 1.1256 ms
[09:21:47 INF] HTTP GET /Biktal.WebMVC.styles.css responded 200 in 0.7260 ms
[09:21:47 INF] HTTP GET /lib/jquery/dist/jquery.min.js responded 200 in 1.1484 ms
[09:21:47 INF] HTTP GET /js/site.js responded 200 in 2.0280 ms
[09:21:47 INF] HTTP GET /lib/bootstrap/dist/js/bootstrap.bundle.min.js responded 200 in 1.8295 ms
[09:21:49 INF] HTTP GET /Finance/Cashbox responded 200 in 32.8736 ms
[09:21:49 INF] HTTP GET /lib/bootstrap/dist/css/bootstrap.min.css responded 304 in 0.5176 ms
[09:21:49 INF] HTTP GET /Biktal.WebMVC.styles.css responded 304 in 0.3002 ms
[09:21:49 INF] HTTP GET /lib/bootstrap/dist/js/bootstrap.bundle.min.js responded 304 in 0.0607 ms
[09:21:49 INF] HTTP GET /css/site.css responded 304 in 0.1656 ms
[09:21:49 INF] HTTP GET /js/site.js responded 304 in 0.0732 ms
[09:21:49 INF] HTTP GET /lib/jquery-validation/dist/jquery.validate.min.js responded 200 in 0.8078 ms
[09:21:49 INF] HTTP GET /lib/jquery/dist/jquery.min.js responded 304 in 0.1429 ms
[09:21:49 INF] HTTP GET /lib/jquery-validation-unobtrusive/dist/jquery.validate.unobtrusive.min.js responded 200 in 3.3579 ms
[09:22:38 INF] HTTP GET /Insights responded 302 in 0.5689 ms
[09:22:38 INF] HTTP GET /Insights/Daily responded 200 in 10.8184 ms
[09:22:38 INF] HTTP GET /lib/bootstrap/dist/css/bootstrap.min.css responded 200 in 2.2380 ms
[09:22:38 INF] HTTP GET /css/site.css responded 304 in 0.2812 ms
[09:22:38 INF] HTTP GET /Biktal.WebMVC.styles.css responded 304 in 0.3435 ms
[09:22:38 INF] HTTP GET /lib/jquery/dist/jquery.min.js responded 304 in 2.2002 ms
[09:22:38 INF] HTTP GET /js/site.js responded 304 in 0.1291 ms
[09:22:38 INF] HTTP GET /lib/bootstrap/dist/js/bootstrap.bundle.min.js responded 304 in 0.1358 ms
[09:22:44 INF] HTTP GET /Insights/Daily responded 200 in 16.1312 ms
[09:22:44 INF] HTTP GET /lib/bootstrap/dist/css/bootstrap.min.css responded 304 in 0.1342 ms
[09:22:44 INF] HTTP GET /css/site.css responded 304 in 0.1847 ms
[09:22:44 INF] HTTP GET /Biktal.WebMVC.styles.css responded 304 in 0.0933 ms
[09:22:44 INF] HTTP GET /lib/bootstrap/dist/js/bootstrap.bundle.min.js responded 304 in 0.0973 ms
[09:22:44 INF] HTTP GET /lib/jquery/dist/jquery.min.js responded 304 in 0.4363 ms
[09:22:44 INF] HTTP GET /js/site.js responded 304 in 0.1276 ms
[09:43:33 INF] Application is shutting down...
