[14:03:18 WRN] Using an in-memory repository. Keys will not be persisted to storage.
[14:03:18 WRN] Neither user profile nor HKLM registry available. Using an ephemeral key repository. Protected data will be unavailable when application exits.
[14:03:18 WRN] No XML encryptor configured. Key {b81fc982-1870-4dde-8f6b-ea6e214327cb} may be persisted to storage in unencrypted form.
[14:03:18 INF] Application started. Press Ctrl+C to shut down.
[14:03:18 INF] Hosting environment: Production
[14:03:18 INF] Content root path: D:\Systems\BiktalSystems\publish
[14:03:18 WRN] The query uses the 'First'/'FirstOrDefault' operator without 'OrderBy' and filter operators. This may lead to unpredictable results.
[14:03:18 ERR] An exception was thrown while deserializing the token.
Microsoft.AspNetCore.Antiforgery.AntiforgeryValidationException: The antiforgery token could not be decrypted.
 ---> System.Security.Cryptography.CryptographicException: The key {cd967308-f3b1-453c-b384-9fcc5543cfae} was not found in the key ring. For more information go to https://aka.ms/aspnet/dataprotectionwarning
   at Microsoft.AspNetCore.DataProtection.KeyManagement.KeyRingBasedDataProtector.UnprotectCore(Byte[] protectedData, Boolean allowOperationsOnRevokedKeys, UnprotectStatus& status)
   at Microsoft.AspNetCore.DataProtection.KeyManagement.KeyRingBasedDataProtector.Unprotect(Byte[] protectedData)
   at Microsoft.AspNetCore.Antiforgery.DefaultAntiforgeryTokenSerializer.Deserialize(String serializedToken)
   --- End of inner exception stack trace ---
   at Microsoft.AspNetCore.Antiforgery.DefaultAntiforgeryTokenSerializer.Deserialize(String serializedToken)
   at Microsoft.AspNetCore.Antiforgery.DefaultAntiforgery.GetCookieTokenDoesNotThrow(HttpContext httpContext)
[14:03:18 INF] HTTP GET / responded 200 in 426.3927 ms
[14:03:19 INF] HTTP GET /css/site.css responded 200 in 28.1158 ms
[14:03:19 INF] HTTP GET /Biktal.WebMVC.styles.css responded 200 in 20.8051 ms
[14:03:19 INF] HTTP GET /lib/bootstrap/dist/css/bootstrap.min.css responded 200 in 33.0599 ms
[14:03:19 INF] HTTP GET /js/pos.js responded 200 in 22.4137 ms
[14:03:19 INF] HTTP GET /lib/bootstrap/dist/js/bootstrap.bundle.min.js responded 200 in 23.2076 ms
[14:03:19 INF] HTTP GET /js/site.js responded 200 in 22.6226 ms
[14:03:19 INF] HTTP GET /lib/jquery/dist/jquery.min.js responded 200 in 27.1835 ms
[14:03:19 INF] HTTP GET /favicon.ico responded 200 in 1.1503 ms
[14:04:32 INF] HTTP POST /Pos/CompleteSale responded 200 in 980.7857 ms
[14:25:20 INF] Application is shutting down...
