[10:29:52 WRN] Using an in-memory repository. Keys will not be persisted to storage.
[10:29:52 WRN] Neither user profile nor HKLM registry available. Using an ephemeral key repository. Protected data will be unavailable when application exits.
[10:29:52 WRN] No XML encryptor configured. Key {60781499-caa1-4625-b8ba-61c8aff72e38} may be persisted to storage in unencrypted form.
[10:29:52 INF] Application started. Press Ctrl+C to shut down.
[10:29:52 INF] Hosting environment: Production
[10:29:52 INF] Content root path: D:\Systems\BiktalSystems\publish
[10:29:52 INF] HTTP GET /Insights responded 302 in 144.6488 ms
[10:29:53 INF] HTTP GET /Insights/Daily responded 200 in 418.4790 ms
[10:29:53 INF] HTTP GET /lib/bootstrap/dist/css/bootstrap.min.css responded 200 in 56.5762 ms
[10:29:53 INF] HTTP GET /js/site.js responded 200 in 2.8841 ms
[10:29:53 INF] HTTP GET /css/site.css responded 200 in 62.5595 ms
[10:29:53 INF] HTTP GET /lib/jquery/dist/jquery.min.js responded 200 in 43.3852 ms
[10:29:53 INF] HTTP GET /Biktal.WebMVC.styles.css responded 200 in 16.8166 ms
[10:29:53 INF] HTTP GET /lib/bootstrap/dist/js/bootstrap.bundle.min.js responded 200 in 26.6919 ms
[10:30:05 INF] HTTP GET /Insights/Daily responded 200 in 149.1191 ms
[10:30:05 INF] HTTP GET /css/site.css responded 200 in 13.0689 ms
[10:30:05 INF] HTTP GET /lib/bootstrap/dist/css/bootstrap.min.css responded 200 in 12.2500 ms
[10:30:05 INF] HTTP GET /Biktal.WebMVC.styles.css responded 200 in 8.6992 ms
[10:30:05 INF] HTTP GET /lib/jquery/dist/jquery.min.js responded 304 in 30.6360 ms
[10:30:05 INF] HTTP GET /js/site.js responded 304 in 24.4750 ms
[10:30:05 INF] HTTP GET /lib/bootstrap/dist/js/bootstrap.bundle.min.js responded 304 in 136.6372 ms
[10:30:19 INF] HTTP GET /Insights/Sale responded 200 in 123.2147 ms
[10:30:19 INF] HTTP GET /lib/bootstrap/dist/js/bootstrap.bundle.min.js responded 304 in 0.3287 ms
[10:30:19 INF] HTTP GET /lib/bootstrap/dist/css/bootstrap.min.css responded 200 in 1.6002 ms
[10:30:19 INF] HTTP GET /Biktal.WebMVC.styles.css responded 200 in 1.9036 ms
[10:30:19 INF] HTTP GET /css/site.css responded 200 in 7.7159 ms
[10:30:19 INF] HTTP GET /lib/jquery/dist/jquery.min.js responded 304 in 2.2303 ms
[10:30:19 INF] HTTP GET /js/site.js responded 304 in 0.4325 ms
[10:30:28 INF] HTTP GET /Insights/Sale responded 200 in 9.6462 ms
[10:30:28 INF] HTTP GET /Biktal.WebMVC.styles.css responded 304 in 0.2704 ms
[10:30:28 INF] HTTP GET /css/site.css responded 304 in 0.2705 ms
[10:30:28 INF] HTTP GET /lib/bootstrap/dist/css/bootstrap.min.css responded 304 in 0.6053 ms
[10:30:28 INF] HTTP GET /lib/jquery/dist/jquery.min.js responded 304 in 0.2890 ms
[10:30:28 INF] HTTP GET /lib/bootstrap/dist/js/bootstrap.bundle.min.js responded 304 in 1.7514 ms
[10:30:28 INF] HTTP GET /js/site.js responded 304 in 1.4447 ms
[10:33:37 INF] HTTP GET /Insights/Daily responded 200 in 13.4520 ms
[10:33:37 INF] HTTP GET /lib/bootstrap/dist/css/bootstrap.min.css responded 200 in 5.8366 ms
[10:33:37 INF] HTTP GET /css/site.css responded 200 in 2.0845 ms
[10:33:37 INF] HTTP GET /Biktal.WebMVC.styles.css responded 200 in 2.1334 ms
[10:33:37 INF] HTTP GET /lib/bootstrap/dist/js/bootstrap.bundle.min.js responded 200 in 1.9717 ms
[10:33:37 INF] HTTP GET /lib/jquery/dist/jquery.min.js responded 200 in 1.0303 ms
[10:33:37 INF] HTTP GET /js/site.js responded 200 in 3.0446 ms
[10:40:38 WRN] The query uses the 'First'/'FirstOrDefault' operator without 'OrderBy' and filter operators. This may lead to unpredictable results.
[10:40:39 ERR] An exception was thrown while deserializing the token.
Microsoft.AspNetCore.Antiforgery.AntiforgeryValidationException: The antiforgery token could not be decrypted.
 ---> System.Security.Cryptography.CryptographicException: The key {63bc7db5-41ef-4496-99f7-41508b642bf8} was not found in the key ring. For more information go to https://aka.ms/aspnet/dataprotectionwarning
   at Microsoft.AspNetCore.DataProtection.KeyManagement.KeyRingBasedDataProtector.UnprotectCore(Byte[] protectedData, Boolean allowOperationsOnRevokedKeys, UnprotectStatus& status)
   at Microsoft.AspNetCore.DataProtection.KeyManagement.KeyRingBasedDataProtector.Unprotect(Byte[] protectedData)
   at Microsoft.AspNetCore.Antiforgery.DefaultAntiforgeryTokenSerializer.Deserialize(String serializedToken)
   --- End of inner exception stack trace ---
   at Microsoft.AspNetCore.Antiforgery.DefaultAntiforgeryTokenSerializer.Deserialize(String serializedToken)
   at Microsoft.AspNetCore.Antiforgery.DefaultAntiforgery.GetCookieTokenDoesNotThrow(HttpContext httpContext)
[10:40:39 INF] HTTP GET / responded 200 in 234.6635 ms
[10:40:39 INF] HTTP GET /css/site.css responded 200 in 0.9039 ms
[10:40:39 INF] HTTP GET /Biktal.WebMVC.styles.css responded 200 in 6.8568 ms
[10:40:39 INF] HTTP GET /js/site.js responded 200 in 4.3614 ms
[10:40:39 INF] HTTP GET /lib/bootstrap/dist/css/bootstrap.min.css responded 200 in 7.4079 ms
[10:40:39 INF] HTTP GET /lib/bootstrap/dist/js/bootstrap.bundle.min.js responded 200 in 24.4402 ms
[10:40:39 INF] HTTP GET /lib/jquery/dist/jquery.min.js responded 200 in 1.1314 ms
[10:40:39 INF] HTTP GET /js/pos.js responded 200 in 59.1989 ms
[10:40:43 INF] HTTP GET /Inventory/Products responded 200 in 334.1567 ms
[10:40:43 INF] HTTP GET /lib/bootstrap/dist/css/bootstrap.min.css responded 304 in 0.5334 ms
[10:40:43 INF] HTTP GET /css/site.css responded 304 in 1.6898 ms
[10:40:43 INF] HTTP GET /Biktal.WebMVC.styles.css responded 304 in 0.2092 ms
[10:40:43 INF] HTTP GET /lib/jquery/dist/jquery.min.js responded 304 in 2.2539 ms
[10:40:43 INF] HTTP GET /lib/bootstrap/dist/js/bootstrap.bundle.min.js responded 304 in 0.1943 ms
[10:40:43 INF] HTTP GET /js/site.js responded 304 in 0.3157 ms
[10:40:43 INF] HTTP GET /lib/jquery-validation/dist/jquery.validate.min.js responded 200 in 4.8669 ms
[10:40:43 INF] HTTP GET /lib/jquery-validation-unobtrusive/dist/jquery.validate.unobtrusive.min.js responded 200 in 3.7505 ms
[10:40:43 INF] HTTP GET /js/products-catalog-filter.js responded 200 in 3.5258 ms
[10:41:12 INF] HTTP GET / responded 200 in 32.5868 ms
[10:41:12 INF] HTTP GET /css/site.css responded 304 in 0.1163 ms
[10:41:12 INF] HTTP GET /lib/bootstrap/dist/css/bootstrap.min.css responded 200 in 3.4283 ms
[10:41:12 INF] HTTP GET /Biktal.WebMVC.styles.css responded 304 in 0.3914 ms
[10:41:12 INF] HTTP GET /lib/jquery/dist/jquery.min.js responded 304 in 1.1906 ms
[10:41:12 INF] HTTP GET /lib/bootstrap/dist/js/bootstrap.bundle.min.js responded 304 in 0.7170 ms
[10:41:12 INF] HTTP GET /js/site.js responded 304 in 0.1530 ms
[10:41:12 INF] HTTP GET /js/pos.js responded 304 in 0.1529 ms
[10:41:39 INF] HTTP POST /Pos/CompleteSale responded 200 in 798.0002 ms
[10:42:15 INF] HTTP GET /Finance responded 200 in 158.3023 ms
[10:42:15 INF] HTTP GET /css/site.css responded 200 in 0.9770 ms
[10:42:15 INF] HTTP GET /lib/bootstrap/dist/css/bootstrap.min.css responded 200 in 0.9866 ms
[10:42:15 INF] HTTP GET /Biktal.WebMVC.styles.css responded 200 in 2.7836 ms
[10:42:15 INF] HTTP GET /lib/bootstrap/dist/js/bootstrap.bundle.min.js responded 200 in 0.7879 ms
[10:42:15 INF] HTTP GET /js/site.js responded 200 in 2.7162 ms
[10:42:15 INF] HTTP GET /lib/jquery/dist/jquery.min.js responded 200 in 1.3241 ms
[10:42:28 INF] HTTP GET /Finance/Cashbox responded 200 in 187.6261 ms
[10:42:28 INF] HTTP GET /css/site.css responded 304 in 0.1633 ms
[10:42:28 INF] HTTP GET /lib/bootstrap/dist/css/bootstrap.min.css responded 304 in 0.3789 ms
[10:42:28 INF] HTTP GET /lib/jquery/dist/jquery.min.js responded 304 in 0.1593 ms
[10:42:28 INF] HTTP GET /Biktal.WebMVC.styles.css responded 304 in 0.1140 ms
[10:42:28 INF] HTTP GET /lib/bootstrap/dist/js/bootstrap.bundle.min.js responded 304 in 0.1268 ms
[10:42:28 INF] HTTP GET /js/site.js responded 304 in 0.1152 ms
[10:42:28 INF] HTTP GET /lib/jquery-validation-unobtrusive/dist/jquery.validate.unobtrusive.min.js responded 200 in 20.4097 ms
[10:42:28 INF] HTTP GET /lib/jquery-validation/dist/jquery.validate.min.js responded 200 in 38.1864 ms
[10:42:35 INF] HTTP GET /Insights responded 302 in 1.3042 ms
[10:42:35 INF] HTTP GET /Insights/Daily responded 200 in 19.3521 ms
[10:42:35 INF] HTTP GET /css/site.css responded 304 in 0.4096 ms
[10:42:35 INF] HTTP GET /lib/bootstrap/dist/css/bootstrap.min.css responded 200 in 1.9742 ms
[10:42:35 INF] HTTP GET /lib/jquery/dist/jquery.min.js responded 304 in 0.1162 ms
[10:42:35 INF] HTTP GET /js/site.js responded 304 in 0.1022 ms
[10:42:35 INF] HTTP GET /Biktal.WebMVC.styles.css responded 304 in 0.1551 ms
[10:42:35 INF] HTTP GET /lib/bootstrap/dist/js/bootstrap.bundle.min.js responded 304 in 0.8057 ms
[10:43:01 INF] HTTP GET /Insights/Daily responded 200 in 18.9163 ms
[10:43:02 INF] HTTP GET /css/site.css responded 304 in 0.2930 ms
[10:43:02 INF] HTTP GET /lib/jquery/dist/jquery.min.js responded 304 in 0.1478 ms
[10:43:02 INF] HTTP GET /lib/bootstrap/dist/js/bootstrap.bundle.min.js responded 304 in 0.1317 ms
[10:43:02 INF] HTTP GET /Biktal.WebMVC.styles.css responded 304 in 0.0790 ms
[10:43:02 INF] HTTP GET /lib/bootstrap/dist/css/bootstrap.min.css responded 200 in 3.5922 ms
[10:43:02 INF] HTTP GET /js/site.js responded 304 in 0.1201 ms
[10:43:09 INF] HTTP GET /Insights/Sale responded 200 in 7.8973 ms
[10:43:09 INF] HTTP GET /lib/bootstrap/dist/css/bootstrap.min.css responded 200 in 1.4338 ms
[10:43:09 INF] HTTP GET /css/site.css responded 304 in 0.2724 ms
[10:43:09 INF] HTTP GET /lib/jquery/dist/jquery.min.js responded 304 in 0.1441 ms
[10:43:09 INF] HTTP GET /Biktal.WebMVC.styles.css responded 304 in 0.3055 ms
[10:43:09 INF] HTTP GET /lib/bootstrap/dist/js/bootstrap.bundle.min.js responded 304 in 0.2386 ms
[10:43:09 INF] HTTP GET /js/site.js responded 304 in 0.1153 ms
[10:43:28 INF] HTTP GET /Insights/Sale responded 200 in 5.3635 ms
[10:43:28 INF] HTTP GET /lib/bootstrap/dist/css/bootstrap.min.css responded 304 in 0.3949 ms
[10:43:28 INF] HTTP GET /css/site.css responded 304 in 0.1298 ms
[10:43:28 INF] HTTP GET /Biktal.WebMVC.styles.css responded 304 in 0.1138 ms
[10:43:28 INF] HTTP GET /lib/jquery/dist/jquery.min.js responded 304 in 0.2719 ms
[10:43:28 INF] HTTP GET /lib/bootstrap/dist/js/bootstrap.bundle.min.js responded 304 in 0.2865 ms
[10:43:28 INF] HTTP GET /js/site.js responded 304 in 0.2146 ms
[10:45:21 INF] HTTP GET /Finance responded 200 in 13.9660 ms
[10:45:21 INF] HTTP GET /lib/bootstrap/dist/css/bootstrap.min.css responded 200 in 0.7642 ms
[10:45:21 INF] HTTP GET /css/site.css responded 200 in 0.8618 ms
[10:45:21 INF] HTTP GET /Biktal.WebMVC.styles.css responded 200 in 0.7019 ms
[10:45:21 INF] HTTP GET /lib/jquery/dist/jquery.min.js responded 200 in 32.6034 ms
[10:45:21 INF] HTTP GET /js/site.js responded 200 in 7.3768 ms
[10:45:21 INF] HTTP GET /lib/bootstrap/dist/js/bootstrap.bundle.min.js responded 200 in 10.1864 ms
[10:45:26 INF] HTTP GET /Finance/Cashbox responded 200 in 25.7097 ms
[10:45:26 INF] HTTP GET /lib/bootstrap/dist/css/bootstrap.min.css responded 200 in 1.7011 ms
[10:45:26 INF] HTTP GET /css/site.css responded 200 in 1.5243 ms
[10:45:26 INF] HTTP GET /Biktal.WebMVC.styles.css responded 200 in 1.2622 ms
[10:45:26 INF] HTTP GET /lib/bootstrap/dist/js/bootstrap.bundle.min.js responded 304 in 0.1478 ms
[10:45:26 INF] HTTP GET /lib/jquery/dist/jquery.min.js responded 304 in 0.0863 ms
[10:45:26 INF] HTTP GET /js/site.js responded 304 in 0.0863 ms
[10:45:26 INF] HTTP GET /lib/jquery-validation-unobtrusive/dist/jquery.validate.unobtrusive.min.js responded 200 in 0.4550 ms
[10:45:26 INF] HTTP GET /lib/jquery-validation/dist/jquery.validate.min.js responded 200 in 0.5867 ms
[10:49:26 INF] HTTP POST /Finance/CloseCashboxSession responded 302 in 211.5844 ms
[10:49:26 INF] HTTP GET /Finance/Cashbox responded 200 in 49.8982 ms
[10:49:26 INF] HTTP GET /lib/bootstrap/dist/css/bootstrap.min.css responded 200 in 1.1890 ms
[10:49:26 INF] HTTP GET /css/site.css responded 200 in 0.5441 ms
[10:49:26 INF] HTTP GET /Biktal.WebMVC.styles.css responded 200 in 0.4359 ms
[10:49:26 INF] HTTP GET /lib/jquery/dist/jquery.min.js responded 200 in 8.2156 ms
[10:49:26 INF] HTTP GET /lib/bootstrap/dist/js/bootstrap.bundle.min.js responded 200 in 1.1220 ms
[10:49:26 INF] HTTP GET /js/site.js responded 200 in 0.5978 ms
[10:49:26 INF] HTTP GET /lib/jquery-validation/dist/jquery.validate.min.js responded 200 in 0.5823 ms
[10:49:26 INF] HTTP GET /lib/jquery-validation-unobtrusive/dist/jquery.validate.unobtrusive.min.js responded 200 in 0.3831 ms
[10:49:40 INF] HTTP POST /Finance/OpenCashboxSession responded 302 in 41.4091 ms
[10:49:40 INF] HTTP GET /Finance/Cashbox responded 200 in 17.0451 ms
[10:49:40 INF] HTTP GET /lib/bootstrap/dist/css/bootstrap.min.css responded 200 in 0.8387 ms
[10:49:40 INF] HTTP GET /Biktal.WebMVC.styles.css responded 200 in 2.1783 ms
[10:49:40 INF] HTTP GET /css/site.css responded 200 in 1.8653 ms
[10:49:40 INF] HTTP GET /lib/bootstrap/dist/js/bootstrap.bundle.min.js responded 304 in 0.1398 ms
[10:49:40 INF] HTTP GET /lib/jquery/dist/jquery.min.js responded 304 in 0.2825 ms
[10:49:40 INF] HTTP GET /js/site.js responded 304 in 0.2840 ms
[10:49:40 INF] HTTP GET /lib/jquery-validation/dist/jquery.validate.min.js responded 304 in 0.1330 ms
[10:49:40 INF] HTTP GET /lib/jquery-validation-unobtrusive/dist/jquery.validate.unobtrusive.min.js responded 304 in 0.2077 ms
[11:09:46 INF] Application is shutting down...
