[12:30:17 ERR] Failed executing DbCommand (41ms) [Parameters=[@p0='?' (DbType = Guid), @p1='?' (DbType = DateTime), @p2='?' (DbType = Guid), @p3='?', @p4='?' (DbType = DateTime), @p5='?' (DbType = Int32), @p6='?' (DbType = Int32), @p7='?', @p8='?', @p9='?' (DbType = Guid), @p10='?' (DbType = DateTime), @p11='?' (DbType = Guid), @p12='?', @p13='?' (DbType = DateTime), @p14='?' (DbType = Int32), @p15='?' (DbType = Int32), @p16='?', @p17='?'], CommandType='Text', CommandTimeout='30']
INSERT INTO "CrmSupportTickets" ("Id", "CreatedAtUtc", "CustomerId", "Description", "ModifiedAtUtc", "Priority", "Status", "Subject", "TicketNumber")
VALUES (@p0, @p1, @p2, @p3, @p4, @p5, @p6, @p7, @p8);
INSERT INTO "CrmSupportTickets" ("Id", "CreatedAtUtc", "CustomerId", "Description", "ModifiedAtUtc", "Priority", "Status", "Subject", "TicketNumber")
VALUES (@p9, @p10, @p11, @p12, @p13, @p14, @p15, @p16, @p17);
[12:30:17 ERR] An exception occurred in the database while saving changes for context type 'Biktal.Infrastructure.Persistence.ApplicationDbContext'.
Microsoft.EntityFrameworkCore.DbUpdateException: An error occurred while saving the entity changes. See the inner exception for details.
 ---> Npgsql.PostgresException (0x80004005): 23503: insert or update on table "CrmSupportTickets" violates foreign key constraint "FK_CrmSupportTickets_CrmCustomers_CustomerId"

DETAIL: Detail redacted as it may contain sensitive data. Specify 'Include Error Detail' in the connection string to include this information.
   at Npgsql.Internal.NpgsqlConnector.ReadMessageLong(Boolean async, DataRowLoadingMode dataRowLoadingMode, Boolean readingNotifications, Boolean isReadingPrependedMessage)
   at System.Runtime.CompilerServices.PoolingAsyncValueTaskMethodBuilder`1.StateMachineBox`1.System.Threading.Tasks.Sources.IValueTaskSource<TResult>.GetResult(Int16 token)
   at Npgsql.NpgsqlDataReader.NextResult(Boolean async, Boolean isConsuming, CancellationToken cancellationToken)
   at Npgsql.NpgsqlDataReader.NextResult(Boolean async, Boolean isConsuming, CancellationToken cancellationToken)
   at Npgsql.NpgsqlCommand.ExecuteReader(Boolean async, CommandBehavior behavior, CancellationToken cancellationToken)
   at Npgsql.NpgsqlCommand.ExecuteReader(Boolean async, CommandBehavior behavior, CancellationToken cancellationToken)
   at Npgsql.NpgsqlCommand.ExecuteDbDataReaderAsync(CommandBehavior behavior, CancellationToken cancellationToken)
   at Microsoft.EntityFrameworkCore.Storage.RelationalCommand.ExecuteReaderAsync(RelationalCommandParameterObject parameterObject, CancellationToken cancellationToken)
   at Microsoft.EntityFrameworkCore.Storage.RelationalCommand.ExecuteReaderAsync(RelationalCommandParameterObject parameterObject, CancellationToken cancellationToken)
   at Microsoft.EntityFrameworkCore.Update.ReaderModificationCommandBatch.ExecuteAsync(IRelationalConnection connection, CancellationToken cancellationToken)
  Exception data:
    Severity: ERROR
    SqlState: 23503
    MessageText: insert or update on table "CrmSupportTickets" violates foreign key constraint "FK_CrmSupportTickets_CrmCustomers_CustomerId"
    Detail: Detail redacted as it may contain sensitive data. Specify 'Include Error Detail' in the connection string to include this information.
    SchemaName: public
    TableName: CrmSupportTickets
    ConstraintName: FK_CrmSupportTickets_CrmCustomers_CustomerId
    File: ri_triggers.c
    Line: 2783
    Routine: ri_ReportViolation
   --- End of inner exception stack trace ---
   at Microsoft.EntityFrameworkCore.Update.ReaderModificationCommandBatch.ExecuteAsync(IRelationalConnection connection, CancellationToken cancellationToken)
   at Microsoft.EntityFrameworkCore.Update.Internal.BatchExecutor.ExecuteAsync(IEnumerable`1 commandBatches, IRelationalConnection connection, CancellationToken cancellationToken)
   at Microsoft.EntityFrameworkCore.Update.Internal.BatchExecutor.ExecuteAsync(IEnumerable`1 commandBatches, IRelationalConnection connection, CancellationToken cancellationToken)
   at Microsoft.EntityFrameworkCore.Update.Internal.BatchExecutor.ExecuteAsync(IEnumerable`1 commandBatches, IRelationalConnection connection, CancellationToken cancellationToken)
   at Microsoft.EntityFrameworkCore.Storage.RelationalDatabase.SaveChangesAsync(IList`1 entries, CancellationToken cancellationToken)
   at Microsoft.EntityFrameworkCore.ChangeTracking.Internal.StateManager.SaveChangesAsync(IList`1 entriesToSave, CancellationToken cancellationToken)
   at Microsoft.EntityFrameworkCore.ChangeTracking.Internal.StateManager.SaveChangesAsync(StateManager stateManager, Boolean acceptAllChangesOnSuccess, CancellationToken cancellationToken)
   at Npgsql.EntityFrameworkCore.PostgreSQL.Storage.Internal.NpgsqlExecutionStrategy.ExecuteAsync[TState,TResult](TState state, Func`4 operation, Func`4 verifySucceeded, CancellationToken cancellationToken)
   at Microsoft.EntityFrameworkCore.DbContext.SaveChangesAsync(Boolean acceptAllChangesOnSuccess, CancellationToken cancellationToken)
Microsoft.EntityFrameworkCore.DbUpdateException: An error occurred while saving the entity changes. See the inner exception for details.
 ---> Npgsql.PostgresException (0x80004005): 23503: insert or update on table "CrmSupportTickets" violates foreign key constraint "FK_CrmSupportTickets_CrmCustomers_CustomerId"

DETAIL: Detail redacted as it may contain sensitive data. Specify 'Include Error Detail' in the connection string to include this information.
   at Npgsql.Internal.NpgsqlConnector.ReadMessageLong(Boolean async, DataRowLoadingMode dataRowLoadingMode, Boolean readingNotifications, Boolean isReadingPrependedMessage)
   at System.Runtime.CompilerServices.PoolingAsyncValueTaskMethodBuilder`1.StateMachineBox`1.System.Threading.Tasks.Sources.IValueTaskSource<TResult>.GetResult(Int16 token)
   at Npgsql.NpgsqlDataReader.NextResult(Boolean async, Boolean isConsuming, CancellationToken cancellationToken)
   at Npgsql.NpgsqlDataReader.NextResult(Boolean async, Boolean isConsuming, CancellationToken cancellationToken)
   at Npgsql.NpgsqlCommand.ExecuteReader(Boolean async, CommandBehavior behavior, CancellationToken cancellationToken)
   at Npgsql.NpgsqlCommand.ExecuteReader(Boolean async, CommandBehavior behavior, CancellationToken cancellationToken)
   at Npgsql.NpgsqlCommand.ExecuteDbDataReaderAsync(CommandBehavior behavior, CancellationToken cancellationToken)
   at Microsoft.EntityFrameworkCore.Storage.RelationalCommand.ExecuteReaderAsync(RelationalCommandParameterObject parameterObject, CancellationToken cancellationToken)
   at Microsoft.EntityFrameworkCore.Storage.RelationalCommand.ExecuteReaderAsync(RelationalCommandParameterObject parameterObject, CancellationToken cancellationToken)
   at Microsoft.EntityFrameworkCore.Update.ReaderModificationCommandBatch.ExecuteAsync(IRelationalConnection connection, CancellationToken cancellationToken)
  Exception data:
    Severity: ERROR
    SqlState: 23503
    MessageText: insert or update on table "CrmSupportTickets" violates foreign key constraint "FK_CrmSupportTickets_CrmCustomers_CustomerId"
    Detail: Detail redacted as it may contain sensitive data. Specify 'Include Error Detail' in the connection string to include this information.
    SchemaName: public
    TableName: CrmSupportTickets
    ConstraintName: FK_CrmSupportTickets_CrmCustomers_CustomerId
    File: ri_triggers.c
    Line: 2783
    Routine: ri_ReportViolation
   --- End of inner exception stack trace ---
   at Microsoft.EntityFrameworkCore.Update.ReaderModificationCommandBatch.ExecuteAsync(IRelationalConnection connection, CancellationToken cancellationToken)
   at Microsoft.EntityFrameworkCore.Update.Internal.BatchExecutor.ExecuteAsync(IEnumerable`1 commandBatches, IRelationalConnection connection, CancellationToken cancellationToken)
   at Microsoft.EntityFrameworkCore.Update.Internal.BatchExecutor.ExecuteAsync(IEnumerable`1 commandBatches, IRelationalConnection connection, CancellationToken cancellationToken)
   at Microsoft.EntityFrameworkCore.Update.Internal.BatchExecutor.ExecuteAsync(IEnumerable`1 commandBatches, IRelationalConnection connection, CancellationToken cancellationToken)
   at Microsoft.EntityFrameworkCore.Storage.RelationalDatabase.SaveChangesAsync(IList`1 entries, CancellationToken cancellationToken)
   at Microsoft.EntityFrameworkCore.ChangeTracking.Internal.StateManager.SaveChangesAsync(IList`1 entriesToSave, CancellationToken cancellationToken)
   at Microsoft.EntityFrameworkCore.ChangeTracking.Internal.StateManager.SaveChangesAsync(StateManager stateManager, Boolean acceptAllChangesOnSuccess, CancellationToken cancellationToken)
   at Npgsql.EntityFrameworkCore.PostgreSQL.Storage.Internal.NpgsqlExecutionStrategy.ExecuteAsync[TState,TResult](TState state, Func`4 operation, Func`4 verifySucceeded, CancellationToken cancellationToken)
   at Microsoft.EntityFrameworkCore.DbContext.SaveChangesAsync(Boolean acceptAllChangesOnSuccess, CancellationToken cancellationToken)
[12:30:17 ERR] Database migration or seed failed. Check PostgreSQL is running and ConnectionStrings:DefaultConnection is correct.
Microsoft.EntityFrameworkCore.DbUpdateException: An error occurred while saving the entity changes. See the inner exception for details.
 ---> Npgsql.PostgresException (0x80004005): 23503: insert or update on table "CrmSupportTickets" violates foreign key constraint "FK_CrmSupportTickets_CrmCustomers_CustomerId"

DETAIL: Detail redacted as it may contain sensitive data. Specify 'Include Error Detail' in the connection string to include this information.
   at Npgsql.Internal.NpgsqlConnector.ReadMessageLong(Boolean async, DataRowLoadingMode dataRowLoadingMode, Boolean readingNotifications, Boolean isReadingPrependedMessage)
   at System.Runtime.CompilerServices.PoolingAsyncValueTaskMethodBuilder`1.StateMachineBox`1.System.Threading.Tasks.Sources.IValueTaskSource<TResult>.GetResult(Int16 token)
   at Npgsql.NpgsqlDataReader.NextResult(Boolean async, Boolean isConsuming, CancellationToken cancellationToken)
   at Npgsql.NpgsqlDataReader.NextResult(Boolean async, Boolean isConsuming, CancellationToken cancellationToken)
   at Npgsql.NpgsqlCommand.ExecuteReader(Boolean async, CommandBehavior behavior, CancellationToken cancellationToken)
   at Npgsql.NpgsqlCommand.ExecuteReader(Boolean async, CommandBehavior behavior, CancellationToken cancellationToken)
   at Npgsql.NpgsqlCommand.ExecuteDbDataReaderAsync(CommandBehavior behavior, CancellationToken cancellationToken)
   at Microsoft.EntityFrameworkCore.Storage.RelationalCommand.ExecuteReaderAsync(RelationalCommandParameterObject parameterObject, CancellationToken cancellationToken)
   at Microsoft.EntityFrameworkCore.Storage.RelationalCommand.ExecuteReaderAsync(RelationalCommandParameterObject parameterObject, CancellationToken cancellationToken)
   at Microsoft.EntityFrameworkCore.Update.ReaderModificationCommandBatch.ExecuteAsync(IRelationalConnection connection, CancellationToken cancellationToken)
  Exception data:
    Severity: ERROR
    SqlState: 23503
    MessageText: insert or update on table "CrmSupportTickets" violates foreign key constraint "FK_CrmSupportTickets_CrmCustomers_CustomerId"
    Detail: Detail redacted as it may contain sensitive data. Specify 'Include Error Detail' in the connection string to include this information.
    SchemaName: public
    TableName: CrmSupportTickets
    ConstraintName: FK_CrmSupportTickets_CrmCustomers_CustomerId
    File: ri_triggers.c
    Line: 2783
    Routine: ri_ReportViolation
   --- End of inner exception stack trace ---
   at Microsoft.EntityFrameworkCore.Update.ReaderModificationCommandBatch.ExecuteAsync(IRelationalConnection connection, CancellationToken cancellationToken)
   at Microsoft.EntityFrameworkCore.Update.Internal.BatchExecutor.ExecuteAsync(IEnumerable`1 commandBatches, IRelationalConnection connection, CancellationToken cancellationToken)
   at Microsoft.EntityFrameworkCore.Update.Internal.BatchExecutor.ExecuteAsync(IEnumerable`1 commandBatches, IRelationalConnection connection, CancellationToken cancellationToken)
   at Microsoft.EntityFrameworkCore.Update.Internal.BatchExecutor.ExecuteAsync(IEnumerable`1 commandBatches, IRelationalConnection connection, CancellationToken cancellationToken)
   at Microsoft.EntityFrameworkCore.Storage.RelationalDatabase.SaveChangesAsync(IList`1 entries, CancellationToken cancellationToken)
   at Microsoft.EntityFrameworkCore.ChangeTracking.Internal.StateManager.SaveChangesAsync(IList`1 entriesToSave, CancellationToken cancellationToken)
   at Microsoft.EntityFrameworkCore.ChangeTracking.Internal.StateManager.SaveChangesAsync(StateManager stateManager, Boolean acceptAllChangesOnSuccess, CancellationToken cancellationToken)
   at Npgsql.EntityFrameworkCore.PostgreSQL.Storage.Internal.NpgsqlExecutionStrategy.ExecuteAsync[TState,TResult](TState state, Func`4 operation, Func`4 verifySucceeded, CancellationToken cancellationToken)
   at Microsoft.EntityFrameworkCore.DbContext.SaveChangesAsync(Boolean acceptAllChangesOnSuccess, CancellationToken cancellationToken)
   at Microsoft.EntityFrameworkCore.DbContext.SaveChangesAsync(Boolean acceptAllChangesOnSuccess, CancellationToken cancellationToken)
   at Biktal.Infrastructure.Persistence.CrmDataSeeder.SeedIfEmptyAsync(ApplicationDbContext db, CancellationToken cancellationToken)
   at Program.<Main>$(String[] args) in d:\Systems\BiktalSystems\Program.cs:line 71
[12:30:17 WRN] Continuing without a successful migration/seed. Auth and data pages may fail until the database is available.
[12:30:17 WRN] Using an in-memory repository. Keys will not be persisted to storage.
[12:30:17 WRN] Neither user profile nor HKLM registry available. Using an ephemeral key repository. Protected data will be unavailable when application exits.
[12:30:17 WRN] No XML encryptor configured. Key {2dd627b4-d573-42e5-ab40-9243cc7949ac} may be persisted to storage in unencrypted form.
[12:30:17 INF] Application started. Press Ctrl+C to shut down.
[12:30:17 INF] Hosting environment: Production
[12:30:17 INF] Content root path: D:\Systems\BiktalSystems\publish
[12:30:18 ERR] An exception was thrown while deserializing the token.
Microsoft.AspNetCore.Antiforgery.AntiforgeryValidationException: The antiforgery token could not be decrypted.
 ---> System.Security.Cryptography.CryptographicException: The key {ab083379-7db1-4a03-9927-500d62273828} was not found in the key ring. For more information go to https://aka.ms/aspnet/dataprotectionwarning
   at Microsoft.AspNetCore.DataProtection.KeyManagement.KeyRingBasedDataProtector.UnprotectCore(Byte[] protectedData, Boolean allowOperationsOnRevokedKeys, UnprotectStatus& status)
   at Microsoft.AspNetCore.DataProtection.KeyManagement.KeyRingBasedDataProtector.Unprotect(Byte[] protectedData)
   at Microsoft.AspNetCore.Antiforgery.DefaultAntiforgeryTokenSerializer.Deserialize(String serializedToken)
   --- End of inner exception stack trace ---
   at Microsoft.AspNetCore.Antiforgery.DefaultAntiforgeryTokenSerializer.Deserialize(String serializedToken)
   at Microsoft.AspNetCore.Antiforgery.DefaultAntiforgery.GetCookieTokenDoesNotThrow(HttpContext httpContext)
[12:30:18 INF] HTTP GET /Account/Login responded 200 in 814.2621 ms
[12:30:19 INF] HTTP GET /lib/jquery-validation/dist/jquery.validate.min.js responded 200 in 145.2679 ms
[12:30:19 INF] HTTP GET /js/site.js responded 200 in 166.1596 ms
[12:30:19 INF] HTTP GET /lib/bootstrap/dist/css/bootstrap.min.css responded 200 in 172.8066 ms
[12:30:19 INF] HTTP GET /lib/bootstrap/dist/js/bootstrap.bundle.min.js responded 200 in 171.1752 ms
[12:30:19 INF] HTTP GET /lib/jquery-validation-unobtrusive/dist/jquery.validate.unobtrusive.min.js responded 200 in 130.2082 ms
[12:30:19 INF] HTTP GET /lib/jquery/dist/jquery.min.js responded 200 in 155.9032 ms
[12:30:19 INF] HTTP GET /Biktal.WebMVC.styles.css responded 200 in 177.2331 ms
[12:30:19 INF] HTTP GET /css/site.css responded 200 in 179.3642 ms
[12:31:00 INF] HTTP POST /Account/Login responded 302 in 1150.5483 ms
[12:31:01 INF] HTTP GET /Inventory/Products responded 200 in 1007.4607 ms
[12:31:01 INF] HTTP GET /css/site.css responded 200 in 6.7939 ms
[12:31:01 INF] HTTP GET /Biktal.WebMVC.styles.css responded 200 in 2.1985 ms
[12:31:01 INF] HTTP GET /lib/bootstrap/dist/css/bootstrap.min.css responded 200 in 41.1251 ms
[12:31:01 INF] HTTP GET /lib/jquery/dist/jquery.min.js responded 304 in 38.1431 ms
[12:31:01 INF] HTTP GET /js/site.js responded 304 in 20.3110 ms
[12:31:01 INF] HTTP GET /lib/jquery-validation-unobtrusive/dist/jquery.validate.unobtrusive.min.js responded 304 in 13.2852 ms
[12:31:01 INF] HTTP GET /lib/jquery-validation/dist/jquery.validate.min.js responded 304 in 30.7485 ms
[12:31:01 INF] HTTP GET /js/products-catalog-filter.js responded 200 in 20.1007 ms
[12:31:02 INF] HTTP GET /lib/bootstrap/dist/js/bootstrap.bundle.min.js responded 304 in 222.6167 ms
[12:31:05 WRN] The query uses the 'First'/'FirstOrDefault' operator without 'OrderBy' and filter operators. This may lead to unpredictable results.
[12:31:05 INF] HTTP GET /Pos responded 200 in 240.1385 ms
[12:31:05 INF] HTTP GET /lib/bootstrap/dist/css/bootstrap.min.css responded 304 in 1.1724 ms
[12:31:05 INF] HTTP GET /css/site.css responded 304 in 0.8475 ms
[12:31:05 INF] HTTP GET /lib/jquery/dist/jquery.min.js responded 304 in 0.7676 ms
[12:31:05 INF] HTTP GET /Biktal.WebMVC.styles.css responded 304 in 0.4859 ms
[12:31:05 INF] HTTP GET /lib/bootstrap/dist/js/bootstrap.bundle.min.js responded 304 in 0.7168 ms
[12:31:05 INF] HTTP GET /js/site.js responded 304 in 1.4939 ms
[12:31:05 INF] HTTP GET /js/pos.js responded 200 in 21.4264 ms
[12:32:23 INF] HTTP GET /lib/bootstrap/dist/css/bootstrap.min.css responded 200 in 2.6302 ms
[12:32:23 INF] HTTP GET /css/site.css responded 200 in 4.1889 ms
[12:32:23 INF] HTTP GET /Biktal.WebMVC.styles.css responded 200 in 1.4915 ms
[12:32:24 INF] HTTP GET /lib/bootstrap/dist/js/bootstrap.bundle.min.js.map responded 200 in 47.9447 ms
[12:32:24 INF] HTTP GET /lib/bootstrap/dist/css/bootstrap.min.css.map responded 200 in 30.0077 ms
[12:32:38 INF] HTTP GET /Inventory responded 200 in 345.6600 ms
[12:32:38 INF] HTTP GET /Biktal.WebMVC.styles.css responded 200 in 1.5169 ms
[12:32:38 INF] HTTP GET /css/site.css responded 200 in 2.6322 ms
[12:32:38 INF] HTTP GET /lib/bootstrap/dist/css/bootstrap.min.css responded 200 in 1.8972 ms
[12:32:38 INF] HTTP GET /lib/bootstrap/dist/js/bootstrap.bundle.min.js responded 200 in 1.6556 ms
[12:32:38 INF] HTTP GET /lib/jquery/dist/jquery.min.js responded 200 in 2.1805 ms
[12:32:38 INF] HTTP GET /js/site.js responded 200 in 1.1768 ms
[12:32:41 INF] HTTP GET /Inventory/Products responded 200 in 200.0021 ms
[12:32:41 INF] HTTP GET /Biktal.WebMVC.styles.css responded 304 in 0.5185 ms
[12:32:41 INF] HTTP GET /css/site.css responded 304 in 0.6255 ms
[12:32:41 INF] HTTP GET /lib/bootstrap/dist/css/bootstrap.min.css responded 304 in 1.9438 ms
[12:32:42 INF] HTTP GET /lib/jquery/dist/jquery.min.js responded 304 in 0.8018 ms
[12:32:42 INF] HTTP GET /js/site.js responded 304 in 0.5280 ms
[12:32:42 INF] HTTP GET /lib/jquery-validation/dist/jquery.validate.min.js responded 200 in 2.4121 ms
[12:32:42 INF] HTTP GET /lib/bootstrap/dist/js/bootstrap.bundle.min.js responded 304 in 0.6482 ms
[12:32:42 INF] HTTP GET /js/products-catalog-filter.js responded 200 in 1.2573 ms
[12:32:42 INF] HTTP GET /lib/jquery-validation-unobtrusive/dist/jquery.validate.unobtrusive.min.js responded 200 in 5.6389 ms
[12:39:28 INF] HTTP GET /Pos responded 200 in 120.2338 ms
[12:39:28 INF] HTTP GET /css/site.css responded 200 in 1.3030 ms
[12:39:28 INF] HTTP GET /Biktal.WebMVC.styles.css responded 200 in 1.3507 ms
[12:39:28 INF] HTTP GET /lib/jquery/dist/jquery.min.js responded 200 in 1.1329 ms
[12:39:28 INF] HTTP GET /lib/bootstrap/dist/css/bootstrap.min.css responded 200 in 1.1479 ms
[12:39:28 INF] HTTP GET /lib/bootstrap/dist/js/bootstrap.bundle.min.js responded 200 in 2.4543 ms
[12:39:28 INF] HTTP GET /js/site.js responded 200 in 4.6955 ms
[12:39:28 INF] HTTP GET /js/pos.js responded 200 in 1.9150 ms
[12:39:42 INF] HTTP POST /Pos/CompleteSale responded 200 in 1395.5341 ms
[12:40:04 INF] HTTP GET /Finance responded 200 in 55.1808 ms
[12:40:04 INF] HTTP GET /lib/bootstrap/dist/js/bootstrap.bundle.min.js responded 304 in 0.6074 ms
[12:40:04 INF] HTTP GET /lib/jquery/dist/jquery.min.js responded 304 in 0.4969 ms
[12:40:04 INF] HTTP GET /js/site.js responded 304 in 0.4616 ms
[12:40:04 INF] HTTP GET /lib/bootstrap/dist/css/bootstrap.min.css responded 200 in 33.4100 ms
[12:40:04 INF] HTTP GET /css/site.css responded 200 in 32.3916 ms
[12:40:04 INF] HTTP GET /Biktal.WebMVC.styles.css responded 200 in 24.2053 ms
[12:40:05 INF] HTTP GET /Crm responded 200 in 143.3762 ms
[12:40:05 INF] HTTP GET /lib/bootstrap/dist/css/bootstrap.min.css responded 304 in 0.6009 ms
[12:40:05 INF] HTTP GET /css/site.css responded 304 in 1.7720 ms
[12:40:05 INF] HTTP GET /lib/jquery/dist/jquery.min.js responded 304 in 1.3303 ms
[12:40:05 INF] HTTP GET /Biktal.WebMVC.styles.css responded 304 in 1.0291 ms
[12:40:05 INF] HTTP GET /lib/bootstrap/dist/js/bootstrap.bundle.min.js responded 304 in 0.6395 ms
[12:40:05 INF] HTTP GET /js/site.js responded 304 in 1.7927 ms
[12:40:06 INF] HTTP GET /Finance responded 200 in 76.5515 ms
[12:40:06 INF] HTTP GET /lib/bootstrap/dist/css/bootstrap.min.css responded 304 in 0.5592 ms
[12:40:06 INF] HTTP GET /lib/bootstrap/dist/js/bootstrap.bundle.min.js responded 304 in 0.4749 ms
[12:40:06 INF] HTTP GET /js/site.js responded 304 in 0.4211 ms
[12:40:06 INF] HTTP GET /css/site.css responded 304 in 0.3978 ms
[12:40:06 INF] HTTP GET /Biktal.WebMVC.styles.css responded 304 in 0.4053 ms
[12:40:06 INF] HTTP GET /lib/jquery/dist/jquery.min.js responded 304 in 0.3854 ms
[12:40:08 INF] HTTP GET /Finance/Cashbox responded 200 in 507.7963 ms
[12:40:08 INF] HTTP GET /lib/bootstrap/dist/css/bootstrap.min.css responded 304 in 0.8936 ms
[12:40:08 INF] HTTP GET /lib/jquery/dist/jquery.min.js responded 304 in 0.3860 ms
[12:40:08 INF] HTTP GET /css/site.css responded 304 in 0.6725 ms
[12:40:08 INF] HTTP GET /js/site.js responded 304 in 0.3799 ms
[12:40:08 INF] HTTP GET /Biktal.WebMVC.styles.css responded 304 in 0.5543 ms
[12:40:08 INF] HTTP GET /lib/bootstrap/dist/js/bootstrap.bundle.min.js responded 304 in 33.8342 ms
[12:40:08 INF] HTTP GET /lib/jquery-validation/dist/jquery.validate.min.js responded 200 in 44.5768 ms
[12:40:08 INF] HTTP GET /lib/jquery-validation-unobtrusive/dist/jquery.validate.unobtrusive.min.js responded 200 in 36.4563 ms
[12:41:00 INF] HTTP POST /Finance/CloseCashboxSession responded 302 in 210.8599 ms
[12:41:00 INF] HTTP GET /Finance/Cashbox responded 200 in 43.0889 ms
[12:41:00 INF] HTTP GET /lib/bootstrap/dist/css/bootstrap.min.css responded 200 in 2.1933 ms
[12:41:00 INF] HTTP GET /css/site.css responded 304 in 0.5062 ms
[12:41:00 INF] HTTP GET /lib/jquery/dist/jquery.min.js responded 304 in 1.3000 ms
[12:41:00 INF] HTTP GET /Biktal.WebMVC.styles.css responded 304 in 0.4471 ms
[12:41:00 INF] HTTP GET /lib/bootstrap/dist/js/bootstrap.bundle.min.js responded 304 in 1.7152 ms
[12:41:00 INF] HTTP GET /js/site.js responded 304 in 0.6014 ms
[12:41:00 INF] HTTP GET /lib/jquery-validation/dist/jquery.validate.min.js responded 304 in 0.6419 ms
[12:41:00 INF] HTTP GET /lib/jquery-validation-unobtrusive/dist/jquery.validate.unobtrusive.min.js responded 304 in 0.6261 ms
[12:41:13 INF] HTTP POST /Finance/OpenCashboxSession responded 302 in 40.5044 ms
[12:41:13 INF] HTTP GET /Finance/Cashbox responded 200 in 31.0457 ms
[12:41:13 INF] HTTP GET /lib/bootstrap/dist/css/bootstrap.min.css responded 200 in 5.7240 ms
[12:41:13 INF] HTTP GET /css/site.css responded 304 in 0.8688 ms
[12:41:13 INF] HTTP GET /Biktal.WebMVC.styles.css responded 304 in 0.8774 ms
[12:41:13 INF] HTTP GET /lib/jquery/dist/jquery.min.js responded 304 in 0.9132 ms
[12:41:13 INF] HTTP GET /lib/bootstrap/dist/js/bootstrap.bundle.min.js responded 304 in 3.8778 ms
[12:41:13 INF] HTTP GET /js/site.js responded 304 in 1.8695 ms
[12:41:13 INF] HTTP GET /lib/jquery-validation/dist/jquery.validate.min.js responded 304 in 0.4455 ms
[12:41:13 INF] HTTP GET /lib/jquery-validation-unobtrusive/dist/jquery.validate.unobtrusive.min.js responded 304 in 0.5445 ms
[13:02:01 INF] Application is shutting down...
