[17:41:59 WRN] Using an in-memory repository. Keys will not be persisted to storage.
[17:41:59 WRN] Neither user profile nor HKLM registry available. Using an ephemeral key repository. Protected data will be unavailable when application exits.
[17:42:00 WRN] No XML encryptor configured. Key {c6874438-0a08-490c-ae90-086477a14c9f} may be persisted to storage in unencrypted form.
[17:42:00 INF] Application started. Press Ctrl+C to shut down.
[17:42:00 INF] Hosting environment: Production
[17:42:00 INF] Content root path: D:\Systems\BiktalSystems\publish
[17:42:01 INF] HTTP GET /Finance responded 200 in 707.5868 ms
[17:42:01 INF] HTTP GET /Biktal.WebMVC.styles.css responded 200 in 67.5600 ms
[17:42:01 INF] HTTP GET /js/site.js responded 200 in 62.9608 ms
[17:42:01 INF] HTTP GET /css/site.css responded 200 in 69.2786 ms
[17:42:01 INF] HTTP GET /lib/jquery/dist/jquery.min.js responded 200 in 68.3467 ms
[17:42:01 INF] HTTP GET /lib/bootstrap/dist/js/bootstrap.bundle.min.js responded 200 in 63.9413 ms
[17:42:01 INF] HTTP GET /lib/bootstrap/dist/css/bootstrap.min.css responded 200 in 5.6137 ms
[17:42:31 ERR] An exception was thrown while deserializing the token.
Microsoft.AspNetCore.Antiforgery.AntiforgeryValidationException: The antiforgery token could not be decrypted.
 ---> System.Security.Cryptography.CryptographicException: The key {3f8000cf-3344-4cd6-a7ae-496ff195eece} was not found in the key ring. For more information go to https://aka.ms/aspnet/dataprotectionwarning
   at Microsoft.AspNetCore.DataProtection.KeyManagement.KeyRingBasedDataProtector.UnprotectCore(Byte[] protectedData, Boolean allowOperationsOnRevokedKeys, UnprotectStatus& status)
   at Microsoft.AspNetCore.DataProtection.KeyManagement.KeyRingBasedDataProtector.Unprotect(Byte[] protectedData)
   at Microsoft.AspNetCore.Antiforgery.DefaultAntiforgeryTokenSerializer.Deserialize(String serializedToken)
   --- End of inner exception stack trace ---
   at Microsoft.AspNetCore.Antiforgery.DefaultAntiforgeryTokenSerializer.Deserialize(String serializedToken)
   at Microsoft.AspNetCore.Antiforgery.DefaultAntiforgery.GetCookieTokenDoesNotThrow(HttpContext httpContext)
[17:42:32 INF] HTTP GET /Inventory/Products responded 200 in 1453.4283 ms
[17:42:32 INF] HTTP GET /lib/bootstrap/dist/css/bootstrap.min.css responded 200 in 32.8067 ms
[17:42:32 INF] HTTP GET /css/site.css responded 200 in 3.5292 ms
[17:42:32 INF] HTTP GET /Biktal.WebMVC.styles.css responded 200 in 1.3718 ms
[17:42:33 INF] HTTP GET /lib/jquery/dist/jquery.min.js responded 304 in 25.2563 ms
[17:42:33 INF] HTTP GET /lib/jquery-validation-unobtrusive/dist/jquery.validate.unobtrusive.min.js responded 200 in 2.6671 ms
[17:42:33 INF] HTTP GET /lib/jquery-validation/dist/jquery.validate.min.js responded 200 in 3.9005 ms
[17:42:33 INF] HTTP GET /js/site.js responded 304 in 26.2088 ms
[17:42:33 INF] HTTP GET /js/products-catalog-filter.js responded 200 in 16.7489 ms
[17:42:33 INF] HTTP GET /lib/bootstrap/dist/js/bootstrap.bundle.min.js responded 304 in 126.8707 ms
[17:42:34 INF] HTTP GET /Repairs responded 200 in 99.9126 ms
[17:42:34 INF] HTTP GET /lib/bootstrap/dist/css/bootstrap.min.css responded 304 in 0.5337 ms
[17:42:34 INF] HTTP GET /css/site.css responded 304 in 0.2596 ms
[17:42:34 INF] HTTP GET /lib/bootstrap/dist/js/bootstrap.bundle.min.js responded 200 in 0.9543 ms
[17:42:34 INF] HTTP GET /Biktal.WebMVC.styles.css responded 304 in 0.3145 ms
[17:42:34 INF] HTTP GET /lib/jquery/dist/jquery.min.js responded 304 in 3.8568 ms
[17:42:34 INF] HTTP GET /js/site.js responded 200 in 1.0781 ms
[17:43:38 INF] HTTP GET /Finance responded 200 in 23.7360 ms
[17:43:38 INF] HTTP GET /css/site.css responded 304 in 0.3459 ms
[17:43:38 INF] HTTP GET /Biktal.WebMVC.styles.css responded 304 in 0.2778 ms
[17:43:38 INF] HTTP GET /lib/jquery/dist/jquery.min.js responded 304 in 0.2524 ms
[17:43:38 INF] HTTP GET /lib/bootstrap/dist/css/bootstrap.min.css responded 200 in 3.4014 ms
[17:43:38 INF] HTTP GET /lib/bootstrap/dist/js/bootstrap.bundle.min.js responded 304 in 1.3281 ms
[17:43:38 INF] HTTP GET /js/site.js responded 304 in 0.3749 ms
[17:43:39 WRN] The query uses the 'First'/'FirstOrDefault' operator without 'OrderBy' and filter operators. This may lead to unpredictable results.
[17:43:39 INF] HTTP GET / responded 200 in 184.3317 ms
[17:43:39 INF] HTTP GET /lib/bootstrap/dist/css/bootstrap.min.css responded 200 in 2.2611 ms
[17:43:39 INF] HTTP GET /css/site.css responded 304 in 0.6921 ms
[17:43:39 INF] HTTP GET /Biktal.WebMVC.styles.css responded 304 in 0.4766 ms
[17:43:39 INF] HTTP GET /lib/bootstrap/dist/js/bootstrap.bundle.min.js responded 304 in 0.2060 ms
[17:43:39 INF] HTTP GET /lib/jquery/dist/jquery.min.js responded 304 in 0.7102 ms
[17:43:39 INF] HTTP GET /js/site.js responded 304 in 0.3205 ms
[17:43:39 INF] HTTP GET /js/pos.js responded 200 in 2.5446 ms
[17:44:48 INF] HTTP GET /Inventory/Products responded 200 in 238.7266 ms
[17:44:49 INF] HTTP GET /Biktal.WebMVC.styles.css responded 200 in 0.7781 ms
[17:44:49 INF] HTTP GET /css/site.css responded 200 in 0.6921 ms
[17:44:49 INF] HTTP GET /lib/bootstrap/dist/css/bootstrap.min.css responded 200 in 1.1349 ms
[17:44:50 INF] HTTP GET /lib/jquery/dist/jquery.min.js responded 200 in 1.3735 ms
[17:44:50 INF] HTTP GET /lib/bootstrap/dist/js/bootstrap.bundle.min.js responded 200 in 1.9459 ms
[17:44:50 INF] HTTP GET /js/site.js responded 200 in 1.7470 ms
[17:44:50 INF] HTTP GET /js/products-catalog-filter.js responded 200 in 0.8354 ms
[17:44:50 INF] HTTP GET /lib/jquery-validation/dist/jquery.validate.min.js responded 200 in 24.8079 ms
[17:44:50 INF] HTTP GET /lib/jquery-validation-unobtrusive/dist/jquery.validate.unobtrusive.min.js responded 200 in 16.0142 ms
[17:44:58 INF] HTTP GET /Repairs responded 200 in 9.1299 ms
[17:44:58 INF] HTTP GET /lib/bootstrap/dist/css/bootstrap.min.css responded 200 in 0.7296 ms
[17:44:58 INF] HTTP GET /css/site.css responded 200 in 0.5803 ms
[17:44:58 INF] HTTP GET /Biktal.WebMVC.styles.css responded 200 in 0.6014 ms
[17:44:58 INF] HTTP GET /js/site.js responded 200 in 0.5303 ms
[17:44:58 INF] HTTP GET /lib/jquery/dist/jquery.min.js responded 200 in 0.5444 ms
[17:44:58 INF] HTTP GET /lib/bootstrap/dist/js/bootstrap.bundle.min.js responded 200 in 1.2084 ms
[17:45:00 INF] HTTP GET /Repairs/New responded 200 in 121.0235 ms
[17:45:00 INF] HTTP GET /lib/bootstrap/dist/css/bootstrap.min.css responded 304 in 0.3680 ms
[17:45:00 INF] HTTP GET /css/site.css responded 304 in 0.2547 ms
[17:45:00 INF] HTTP GET /Biktal.WebMVC.styles.css responded 304 in 0.2702 ms
[17:45:00 INF] HTTP GET /lib/jquery/dist/jquery.min.js responded 304 in 0.3767 ms
[17:45:00 INF] HTTP GET /lib/bootstrap/dist/js/bootstrap.bundle.min.js responded 304 in 0.5524 ms
[17:45:00 INF] HTTP GET /js/site.js responded 304 in 0.4352 ms
[17:45:00 INF] HTTP GET /lib/jquery-validation/dist/jquery.validate.min.js responded 200 in 3.5946 ms
[17:45:00 INF] HTTP GET /lib/jquery-validation-unobtrusive/dist/jquery.validate.unobtrusive.min.js responded 200 in 1.0104 ms
[17:46:03 INF] HTTP POST /Repairs/CreateTicket responded 302 in 360.6840 ms
[17:46:03 INF] HTTP GET /Repairs/Ticket/01a08bc8-6d67-7aec-89fd-e3a5256feb9e responded 200 in 72.2205 ms
[17:46:03 INF] HTTP GET /css/site.css responded 200 in 0.6952 ms
[17:46:03 INF] HTTP GET /Biktal.WebMVC.styles.css responded 200 in 0.7410 ms
[17:46:03 INF] HTTP GET /lib/bootstrap/dist/css/bootstrap.min.css responded 200 in 2.6834 ms
[17:46:03 INF] HTTP GET /lib/jquery/dist/jquery.min.js responded 200 in 1.2402 ms
[17:46:03 INF] HTTP GET /lib/bootstrap/dist/js/bootstrap.bundle.min.js responded 200 in 0.7991 ms
[17:46:03 INF] HTTP GET /js/site.js responded 200 in 1.2752 ms
[17:46:07 INF] HTTP POST /Repairs/UpdateTicketEstimate responded 302 in 145.7861 ms
[17:46:07 INF] HTTP GET /Repairs/Ticket/01a08bc8-6d67-7aec-89fd-e3a5256feb9e responded 200 in 6.5567 ms
[17:46:07 INF] HTTP GET /css/site.css responded 304 in 0.1713 ms
[17:46:07 INF] HTTP GET /Biktal.WebMVC.styles.css responded 304 in 0.0900 ms
[17:46:07 INF] HTTP GET /lib/jquery/dist/jquery.min.js responded 304 in 0.1188 ms
[17:46:07 INF] HTTP GET /lib/bootstrap/dist/css/bootstrap.min.css responded 304 in 0.1349 ms
[17:46:07 INF] HTTP GET /lib/bootstrap/dist/js/bootstrap.bundle.min.js responded 304 in 0.0875 ms
[17:46:07 INF] HTTP GET /js/site.js responded 304 in 0.4014 ms
[17:46:16 INF] HTTP POST /Repairs/UpdateTicketStatus responded 302 in 37.7349 ms
[17:46:16 INF] HTTP GET /Repairs/Ticket/01a08bc8-6d67-7aec-89fd-e3a5256feb9e responded 200 in 11.0223 ms
[17:46:16 INF] HTTP GET /lib/bootstrap/dist/css/bootstrap.min.css responded 200 in 1.3735 ms
[17:46:16 INF] HTTP GET /css/site.css responded 304 in 0.1636 ms
[17:46:16 INF] HTTP GET /Biktal.WebMVC.styles.css responded 304 in 0.1536 ms
[17:46:16 INF] HTTP GET /lib/jquery/dist/jquery.min.js responded 304 in 0.1996 ms
[17:46:16 INF] HTTP GET /lib/bootstrap/dist/js/bootstrap.bundle.min.js responded 304 in 0.7607 ms
[17:46:16 INF] HTTP GET /js/site.js responded 304 in 0.4685 ms
[17:46:19 INF] HTTP GET /Insights responded 302 in 3.2012 ms
[17:46:19 INF] HTTP GET /Insights/Daily responded 200 in 289.7254 ms
[17:46:19 INF] HTTP GET /lib/bootstrap/dist/css/bootstrap.min.css responded 304 in 0.5569 ms
[17:46:19 INF] HTTP GET /css/site.css responded 304 in 0.1015 ms
[17:46:19 INF] HTTP GET /Biktal.WebMVC.styles.css responded 304 in 0.1015 ms
[17:46:19 INF] HTTP GET /lib/jquery/dist/jquery.min.js responded 304 in 0.1603 ms
[17:46:19 INF] HTTP GET /lib/bootstrap/dist/js/bootstrap.bundle.min.js responded 304 in 0.4031 ms
[17:46:19 INF] HTTP GET /js/site.js responded 304 in 0.1136 ms
[17:46:25 INF] HTTP GET /Repairs responded 200 in 11.9158 ms
[17:46:25 INF] HTTP GET /lib/bootstrap/dist/css/bootstrap.min.css responded 304 in 0.1182 ms
[17:46:25 INF] HTTP GET /css/site.css responded 304 in 0.1732 ms
[17:46:25 INF] HTTP GET /Biktal.WebMVC.styles.css responded 304 in 0.3785 ms
[17:46:25 INF] HTTP GET /lib/bootstrap/dist/js/bootstrap.bundle.min.js responded 304 in 0.1098 ms
[17:46:25 INF] HTTP GET /lib/jquery/dist/jquery.min.js responded 304 in 0.0602 ms
[17:46:25 INF] HTTP GET /js/site.js responded 304 in 0.2033 ms
[17:46:26 INF] HTTP GET /Finance responded 200 in 17.3755 ms
[17:46:26 INF] HTTP GET /lib/bootstrap/dist/css/bootstrap.min.css responded 304 in 0.1359 ms
[17:46:26 INF] HTTP GET /css/site.css responded 304 in 0.1425 ms
[17:46:26 INF] HTTP GET /Biktal.WebMVC.styles.css responded 304 in 0.1204 ms
[17:46:26 INF] HTTP GET /lib/jquery/dist/jquery.min.js responded 304 in 0.1378 ms
[17:46:26 INF] HTTP GET /lib/bootstrap/dist/js/bootstrap.bundle.min.js responded 304 in 0.1119 ms
[17:46:26 INF] HTTP GET /js/site.js responded 304 in 0.1369 ms
[17:46:30 INF] HTTP GET /Finance/Cashbox responded 200 in 596.4000 ms
[17:46:30 INF] HTTP GET /lib/bootstrap/dist/css/bootstrap.min.css responded 304 in 0.2961 ms
[17:46:30 INF] HTTP GET /Biktal.WebMVC.styles.css responded 304 in 0.1413 ms
[17:46:30 INF] HTTP GET /css/site.css responded 304 in 0.1194 ms
[17:46:30 INF] HTTP GET /lib/jquery/dist/jquery.min.js responded 304 in 0.2053 ms
[17:46:30 INF] HTTP GET /js/site.js responded 304 in 0.1320 ms
[17:46:30 INF] HTTP GET /lib/bootstrap/dist/js/bootstrap.bundle.min.js responded 304 in 0.0809 ms
[17:46:30 INF] HTTP GET /lib/jquery-validation-unobtrusive/dist/jquery.validate.unobtrusive.min.js responded 200 in 1.1077 ms
[17:46:30 INF] HTTP GET /lib/jquery-validation/dist/jquery.validate.min.js responded 200 in 0.9352 ms
[17:46:50 INF] HTTP GET / responded 200 in 32.6500 ms
[17:46:50 INF] HTTP GET /Biktal.WebMVC.styles.css responded 304 in 0.1840 ms
[17:46:50 INF] HTTP GET /lib/bootstrap/dist/css/bootstrap.min.css responded 200 in 0.9455 ms
[17:46:50 INF] HTTP GET /css/site.css responded 304 in 0.1477 ms
[17:46:50 INF] HTTP GET /lib/bootstrap/dist/js/bootstrap.bundle.min.js responded 304 in 0.2490 ms
[17:46:50 INF] HTTP GET /js/site.js responded 304 in 0.0769 ms
[17:46:50 INF] HTTP GET /lib/jquery/dist/jquery.min.js responded 304 in 0.0792 ms
[17:46:50 INF] HTTP GET /js/pos.js responded 200 in 0.5864 ms
[17:46:57 INF] HTTP GET /Finance responded 200 in 9.8500 ms
[17:46:57 INF] HTTP GET /lib/bootstrap/dist/css/bootstrap.min.css responded 304 in 0.3446 ms
[17:46:57 INF] HTTP GET /Biktal.WebMVC.styles.css responded 304 in 0.1233 ms
[17:46:57 INF] HTTP GET /css/site.css responded 304 in 0.8202 ms
[17:46:57 INF] HTTP GET /lib/jquery/dist/jquery.min.js responded 304 in 0.2987 ms
[17:46:57 INF] HTTP GET /lib/bootstrap/dist/js/bootstrap.bundle.min.js responded 304 in 0.1351 ms
[17:46:57 INF] HTTP GET /js/site.js responded 304 in 0.1299 ms
[17:46:59 INF] HTTP GET /Finance/Cashbox responded 200 in 150.2117 ms
[17:46:59 INF] HTTP GET /lib/bootstrap/dist/css/bootstrap.min.css responded 304 in 0.3496 ms
[17:46:59 INF] HTTP GET /css/site.css responded 304 in 0.1056 ms
[17:46:59 INF] HTTP GET /Biktal.WebMVC.styles.css responded 304 in 0.1058 ms
[17:46:59 INF] HTTP GET /lib/jquery/dist/jquery.min.js responded 304 in 0.0794 ms
[17:46:59 INF] HTTP GET /lib/bootstrap/dist/js/bootstrap.bundle.min.js responded 304 in 0.0709 ms
[17:46:59 INF] HTTP GET /js/site.js responded 304 in 0.1413 ms
[17:46:59 INF] HTTP GET /lib/jquery-validation-unobtrusive/dist/jquery.validate.unobtrusive.min.js responded 304 in 0.1647 ms
[17:46:59 INF] HTTP GET /lib/jquery-validation/dist/jquery.validate.min.js responded 304 in 0.1276 ms
[17:47:16 INF] HTTP GET /Finance/Expenses responded 200 in 109.2634 ms
[17:47:16 INF] HTTP GET /lib/bootstrap/dist/css/bootstrap.min.css responded 200 in 0.9101 ms
[17:47:16 INF] HTTP GET /Biktal.WebMVC.styles.css responded 304 in 0.2923 ms
[17:47:16 INF] HTTP GET /css/site.css responded 304 in 0.7236 ms
[17:47:16 INF] HTTP GET /lib/bootstrap/dist/js/bootstrap.bundle.min.js responded 304 in 0.0799 ms
[17:47:16 INF] HTTP GET /lib/jquery/dist/jquery.min.js responded 304 in 0.1008 ms
[17:47:16 INF] HTTP GET /js/site.js responded 304 in 0.2331 ms
[17:47:16 INF] HTTP GET /lib/jquery-validation-unobtrusive/dist/jquery.validate.unobtrusive.min.js responded 304 in 0.2234 ms
[17:47:16 INF] HTTP GET /lib/jquery-validation/dist/jquery.validate.min.js responded 304 in 0.1369 ms
[17:47:32 INF] HTTP GET /Crm responded 200 in 140.5309 ms
[17:47:32 INF] HTTP GET /lib/bootstrap/dist/css/bootstrap.min.css responded 200 in 1.2242 ms
[17:47:32 INF] HTTP GET /css/site.css responded 304 in 0.1213 ms
[17:47:32 INF] HTTP GET /lib/bootstrap/dist/js/bootstrap.bundle.min.js responded 304 in 0.0578 ms
[17:47:32 INF] HTTP GET /lib/jquery/dist/jquery.min.js responded 304 in 0.0932 ms
[17:47:32 INF] HTTP GET /Biktal.WebMVC.styles.css responded 304 in 0.0849 ms
[17:47:32 INF] HTTP GET /js/site.js responded 304 in 0.1530 ms
[17:47:35 INF] HTTP GET /Installments responded 200 in 213.0082 ms
[17:47:35 INF] HTTP GET /lib/bootstrap/dist/css/bootstrap.min.css responded 304 in 0.1638 ms
[17:47:35 INF] HTTP GET /css/site.css responded 304 in 0.1664 ms
[17:47:35 INF] HTTP GET /Biktal.WebMVC.styles.css responded 304 in 0.0771 ms
[17:47:35 INF] HTTP GET /lib/jquery/dist/jquery.min.js responded 304 in 0.0850 ms
[17:47:35 INF] HTTP GET /lib/bootstrap/dist/js/bootstrap.bundle.min.js responded 304 in 0.2328 ms
[17:47:35 INF] HTTP GET /js/site.js responded 304 in 1.6196 ms
[17:47:56 INF] HTTP GET /Installments/New responded 200 in 146.5640 ms
[17:47:56 INF] HTTP GET /lib/bootstrap/dist/css/bootstrap.min.css responded 200 in 0.8654 ms
[17:47:56 INF] HTTP GET /css/site.css responded 304 in 0.1507 ms
[17:47:56 INF] HTTP GET /Biktal.WebMVC.styles.css responded 304 in 0.7896 ms
[17:47:56 INF] HTTP GET /lib/bootstrap/dist/js/bootstrap.bundle.min.js responded 304 in 0.2649 ms
[17:47:56 INF] HTTP GET /js/site.js responded 304 in 0.1139 ms
[17:47:56 INF] HTTP GET /lib/jquery/dist/jquery.min.js responded 304 in 0.0764 ms
[17:47:56 INF] HTTP GET /lib/jquery-validation/dist/jquery.validate.min.js responded 304 in 3.0268 ms
[17:47:56 INF] HTTP GET /lib/jquery-validation-unobtrusive/dist/jquery.validate.unobtrusive.min.js responded 304 in 0.2068 ms
[17:48:05 WRN] The query uses the 'First'/'FirstOrDefault' operator without 'OrderBy' and filter operators. This may lead to unpredictable results.
[17:48:05 WRN] The query uses the 'First'/'FirstOrDefault' operator without 'OrderBy' and filter operators. This may lead to unpredictable results.
[17:48:05 INF] HTTP GET /Operations responded 200 in 173.2856 ms
[17:48:05 INF] HTTP GET /lib/bootstrap/dist/js/bootstrap.bundle.min.js responded 304 in 0.1347 ms
[17:48:05 INF] HTTP GET /js/site.js responded 304 in 0.1049 ms
[17:48:05 INF] HTTP GET /lib/bootstrap/dist/css/bootstrap.min.css responded 200 in 1.1018 ms
[17:48:05 INF] HTTP GET /css/site.css responded 304 in 0.0969 ms
[17:48:05 INF] HTTP GET /Biktal.WebMVC.styles.css responded 304 in 0.0927 ms
[17:48:05 INF] HTTP GET /lib/jquery/dist/jquery.min.js responded 304 in 0.0883 ms
[17:48:10 INF] HTTP GET /Staff responded 200 in 235.9548 ms
[17:48:10 INF] HTTP GET /lib/bootstrap/dist/css/bootstrap.min.css responded 200 in 9.6494 ms
[17:48:10 INF] HTTP GET /css/site.css responded 304 in 0.1115 ms
[17:48:10 INF] HTTP GET /Biktal.WebMVC.styles.css responded 304 in 0.1071 ms
[17:48:10 INF] HTTP GET /lib/jquery/dist/jquery.min.js responded 304 in 0.1118 ms
[17:48:10 INF] HTTP GET /js/site.js responded 304 in 0.0695 ms
[17:48:10 INF] HTTP GET /lib/bootstrap/dist/js/bootstrap.bundle.min.js responded 304 in 0.0698 ms
[17:48:13 INF] HTTP GET /Staff/Team responded 200 in 58.4143 ms
[17:48:13 INF] HTTP GET /lib/bootstrap/dist/css/bootstrap.min.css responded 304 in 0.1474 ms
[17:48:13 INF] HTTP GET /css/site.css responded 304 in 0.1928 ms
[17:48:13 INF] HTTP GET /Biktal.WebMVC.styles.css responded 304 in 0.1226 ms
[17:48:13 INF] HTTP GET /lib/jquery/dist/jquery.min.js responded 304 in 0.1487 ms
[17:48:13 INF] HTTP GET /lib/bootstrap/dist/js/bootstrap.bundle.min.js responded 304 in 0.0834 ms
[17:48:13 INF] HTTP GET /js/site.js responded 304 in 0.1087 ms
[17:48:19 INF] HTTP POST /Staff/DeactivateMember responded 302 in 287.1653 ms
[17:48:19 INF] HTTP GET /Staff/Team responded 200 in 5.1900 ms
[17:48:19 INF] HTTP GET /Biktal.WebMVC.styles.css responded 304 in 0.1256 ms
[17:48:19 INF] HTTP GET /lib/bootstrap/dist/css/bootstrap.min.css responded 200 in 1.5569 ms
[17:48:19 INF] HTTP GET /css/site.css responded 304 in 0.4408 ms
[17:48:19 INF] HTTP GET /lib/jquery/dist/jquery.min.js responded 304 in 0.1422 ms
[17:48:19 INF] HTTP GET /js/site.js responded 304 in 0.0998 ms
[17:48:19 INF] HTTP GET /lib/bootstrap/dist/js/bootstrap.bundle.min.js responded 304 in 0.0777 ms
[17:48:21 INF] HTTP GET /Staff/NewMember responded 200 in 116.6217 ms
[17:48:21 INF] HTTP GET /lib/bootstrap/dist/css/bootstrap.min.css responded 304 in 1.6323 ms
[17:48:21 INF] HTTP GET /css/site.css responded 304 in 0.1324 ms
[17:48:21 INF] HTTP GET /Biktal.WebMVC.styles.css responded 304 in 0.1028 ms
[17:48:21 INF] HTTP GET /lib/jquery/dist/jquery.min.js responded 304 in 0.1052 ms
[17:48:21 INF] HTTP GET /lib/bootstrap/dist/js/bootstrap.bundle.min.js responded 304 in 0.1188 ms
[17:48:21 INF] HTTP GET /lib/jquery-validation-unobtrusive/dist/jquery.validate.unobtrusive.min.js responded 304 in 0.1288 ms
[17:48:21 INF] HTTP GET /js/site.js responded 304 in 0.1121 ms
[17:48:21 INF] HTTP GET /lib/jquery-validation/dist/jquery.validate.min.js responded 304 in 0.0687 ms
[17:49:53 INF] HTTP POST /Staff/CreateMember responded 302 in 73.9644 ms
[17:49:53 INF] HTTP GET /Staff/Team responded 200 in 9.0585 ms
[17:49:53 INF] HTTP GET /css/site.css responded 200 in 1.0792 ms
[17:49:53 INF] HTTP GET /Biktal.WebMVC.styles.css responded 200 in 1.0755 ms
[17:49:53 INF] HTTP GET /lib/bootstrap/dist/css/bootstrap.min.css responded 200 in 0.8636 ms
[17:49:53 INF] HTTP GET /lib/bootstrap/dist/js/bootstrap.bundle.min.js responded 200 in 1.4630 ms
[17:49:53 INF] HTTP GET /js/site.js responded 200 in 1.3104 ms
[17:49:53 INF] HTTP GET /lib/jquery/dist/jquery.min.js responded 200 in 0.9986 ms
[17:50:09 INF] HTTP GET /Staff responded 200 in 13.4587 ms
[17:50:09 INF] HTTP GET /lib/bootstrap/dist/css/bootstrap.min.css responded 200 in 0.7319 ms
[17:50:09 INF] HTTP GET /Biktal.WebMVC.styles.css responded 200 in 0.4399 ms
[17:50:09 INF] HTTP GET /lib/bootstrap/dist/js/bootstrap.bundle.min.js responded 304 in 0.0563 ms
[17:50:09 INF] HTTP GET /css/site.css responded 200 in 0.4712 ms
[17:50:09 INF] HTTP GET /lib/jquery/dist/jquery.min.js responded 304 in 0.1092 ms
[17:50:09 INF] HTTP GET /js/site.js responded 304 in 0.1158 ms