[21:54:14 ERR] Failed executing DbCommand (43ms) [Parameters=[@p0='?' (DbType = Guid), @p1='?' (DbType = DateTime), @p2='?' (DbType = Guid), @p3='?', @p4='?' (DbType = DateTime), @p5='?' (DbType = Int32), @p6='?' (DbType = Int32), @p7='?', @p8='?', @p9='?' (DbType = Guid), @p10='?' (DbType = DateTime), @p11='?' (DbType = Guid), @p12='?', @p13='?' (DbType = DateTime), @p14='?' (DbType = Int32), @p15='?' (DbType = Int32), @p16='?', @p17='?'], CommandType='Text', CommandTimeout='30']
INSERT INTO "CrmSupportTickets" ("Id", "CreatedAtUtc", "CustomerId", "Description", "ModifiedAtUtc", "Priority", "Status", "Subject", "TicketNumber")
VALUES (@p0, @p1, @p2, @p3, @p4, @p5, @p6, @p7, @p8);
INSERT INTO "CrmSupportTickets" ("Id", "CreatedAtUtc", "CustomerId", "Description", "ModifiedAtUtc", "Priority", "Status", "Subject", "TicketNumber")
VALUES (@p9, @p10, @p11, @p12, @p13, @p14, @p15, @p16, @p17);
[21:54:14 ERR] An exception occurred in the database while saving changes for context type 'Biktal.Infrastructure.Persistence.ApplicationDbContext'.
Microsoft.EntityFrameworkCore.DbUpdateException: An error occurred while saving the entity changes. See the inner exception for details.
 ---> Npgsql.PostgresException (0x80004005): 23503: insert or update on table "CrmSupportTickets" violates foreign key constraint "FK_CrmSupportTickets_CrmCustomers_CustomerId"

DETAIL: Detail redacted as it may contain sensitive data. Specify 'Include Error Detail' in the connection string to include this information.
   at Npgsql.Internal.NpgsqlConnector.ReadMessageLong(Boolean async, DataRowLoadingMode dataRowLoadingMode, Boolean readingNotifications, Boolean isReadingPrependedMessage)
   at System.Runtime.CompilerServices.PoolingAsyncValueTaskMethodBuilder`1.StateMachineBox`1.System.Threading.Tasks.Sources.IValueTaskSource<TResult>.GetResult(Int16 token)
   at Npgsql.NpgsqlDataReader.NextResult(Boolean async, Boolean isConsuming, CancellationToken cancellationToken)
   at Npgsql.NpgsqlDataReader.NextResult(Boolean async, Boolean isConsuming, CancellationToken cancellationToken)
   at Npgsql.NpgsqlCommand.ExecuteReader(Boolean async, CommandBehavior behavior, CancellationToken cancellationToken)
   at Npgsql.NpgsqlCommand.ExecuteReader(Boolean async, CommandBehavior behavior, CancellationToken cancellationToken)
   at Npgsql.NpgsqlCommand.ExecuteDbDataReaderAsync(CommandBehavior behavior, CancellationToken cancellationToken)
   at Microsoft.EntityFrameworkCore.Storage.RelationalCommand.ExecuteReaderAsync(RelationalCommandParameterObject parameterObject, CancellationToken cancellationToken)
   at Microsoft.EntityFrameworkCore.Storage.RelationalCommand.ExecuteReaderAsync(RelationalCommandParameterObject parameterObject, CancellationToken cancellationToken)
   at Microsoft.EntityFrameworkCore.Update.ReaderModificationCommandBatch.ExecuteAsync(IRelationalConnection connection, CancellationToken cancellationToken)
  Exception data:
    Severity: ERROR
    SqlState: 23503
    MessageText: insert or update on table "CrmSupportTickets" violates foreign key constraint "FK_CrmSupportTickets_CrmCustomers_CustomerId"
    Detail: Detail redacted as it may contain sensitive data. Specify 'Include Error Detail' in the connection string to include this information.
    SchemaName: public
    TableName: CrmSupportTickets
    ConstraintName: FK_CrmSupportTickets_CrmCustomers_CustomerId
    File: ri_triggers.c
    Line: 2783
    Routine: ri_ReportViolation
   --- End of inner exception stack trace ---
   at Microsoft.EntityFrameworkCore.Update.ReaderModificationCommandBatch.ExecuteAsync(IRelationalConnection connection, CancellationToken cancellationToken)
   at Microsoft.EntityFrameworkCore.Update.Internal.BatchExecutor.ExecuteAsync(IEnumerable`1 commandBatches, IRelationalConnection connection, CancellationToken cancellationToken)
   at Microsoft.EntityFrameworkCore.Update.Internal.BatchExecutor.ExecuteAsync(IEnumerable`1 commandBatches, IRelationalConnection connection, CancellationToken cancellationToken)
   at Microsoft.EntityFrameworkCore.Update.Internal.BatchExecutor.ExecuteAsync(IEnumerable`1 commandBatches, IRelationalConnection connection, CancellationToken cancellationToken)
   at Microsoft.EntityFrameworkCore.Storage.RelationalDatabase.SaveChangesAsync(IList`1 entries, CancellationToken cancellationToken)
   at Microsoft.EntityFrameworkCore.ChangeTracking.Internal.StateManager.SaveChangesAsync(IList`1 entriesToSave, CancellationToken cancellationToken)
   at Microsoft.EntityFrameworkCore.ChangeTracking.Internal.StateManager.SaveChangesAsync(StateManager stateManager, Boolean acceptAllChangesOnSuccess, CancellationToken cancellationToken)
   at Npgsql.EntityFrameworkCore.PostgreSQL.Storage.Internal.NpgsqlExecutionStrategy.ExecuteAsync[TState,TResult](TState state, Func`4 operation, Func`4 verifySucceeded, CancellationToken cancellationToken)
   at Microsoft.EntityFrameworkCore.DbContext.SaveChangesAsync(Boolean acceptAllChangesOnSuccess, CancellationToken cancellationToken)
Microsoft.EntityFrameworkCore.DbUpdateException: An error occurred while saving the entity changes. See the inner exception for details.
 ---> Npgsql.PostgresException (0x80004005): 23503: insert or update on table "CrmSupportTickets" violates foreign key constraint "FK_CrmSupportTickets_CrmCustomers_CustomerId"

DETAIL: Detail redacted as it may contain sensitive data. Specify 'Include Error Detail' in the connection string to include this information.
   at Npgsql.Internal.NpgsqlConnector.ReadMessageLong(Boolean async, DataRowLoadingMode dataRowLoadingMode, Boolean readingNotifications, Boolean isReadingPrependedMessage)
   at System.Runtime.CompilerServices.PoolingAsyncValueTaskMethodBuilder`1.StateMachineBox`1.System.Threading.Tasks.Sources.IValueTaskSource<TResult>.GetResult(Int16 token)
   at Npgsql.NpgsqlDataReader.NextResult(Boolean async, Boolean isConsuming, CancellationToken cancellationToken)
   at Npgsql.NpgsqlDataReader.NextResult(Boolean async, Boolean isConsuming, CancellationToken cancellationToken)
   at Npgsql.NpgsqlCommand.ExecuteReader(Boolean async, CommandBehavior behavior, CancellationToken cancellationToken)
   at Npgsql.NpgsqlCommand.ExecuteReader(Boolean async, CommandBehavior behavior, CancellationToken cancellationToken)
   at Npgsql.NpgsqlCommand.ExecuteDbDataReaderAsync(CommandBehavior behavior, CancellationToken cancellationToken)
   at Microsoft.EntityFrameworkCore.Storage.RelationalCommand.ExecuteReaderAsync(RelationalCommandParameterObject parameterObject, CancellationToken cancellationToken)
   at Microsoft.EntityFrameworkCore.Storage.RelationalCommand.ExecuteReaderAsync(RelationalCommandParameterObject parameterObject, CancellationToken cancellationToken)
   at Microsoft.EntityFrameworkCore.Update.ReaderModificationCommandBatch.ExecuteAsync(IRelationalConnection connection, CancellationToken cancellationToken)
  Exception data:
    Severity: ERROR
    SqlState: 23503
    MessageText: insert or update on table "CrmSupportTickets" violates foreign key constraint "FK_CrmSupportTickets_CrmCustomers_CustomerId"
    Detail: Detail redacted as it may contain sensitive data. Specify 'Include Error Detail' in the connection string to include this information.
    SchemaName: public
    TableName: CrmSupportTickets
    ConstraintName: FK_CrmSupportTickets_CrmCustomers_CustomerId
    File: ri_triggers.c
    Line: 2783
    Routine: ri_ReportViolation
   --- End of inner exception stack trace ---
   at Microsoft.EntityFrameworkCore.Update.ReaderModificationCommandBatch.ExecuteAsync(IRelationalConnection connection, CancellationToken cancellationToken)
   at Microsoft.EntityFrameworkCore.Update.Internal.BatchExecutor.ExecuteAsync(IEnumerable`1 commandBatches, IRelationalConnection connection, CancellationToken cancellationToken)
   at Microsoft.EntityFrameworkCore.Update.Internal.BatchExecutor.ExecuteAsync(IEnumerable`1 commandBatches, IRelationalConnection connection, CancellationToken cancellationToken)
   at Microsoft.EntityFrameworkCore.Update.Internal.BatchExecutor.ExecuteAsync(IEnumerable`1 commandBatches, IRelationalConnection connection, CancellationToken cancellationToken)
   at Microsoft.EntityFrameworkCore.Storage.RelationalDatabase.SaveChangesAsync(IList`1 entries, CancellationToken cancellationToken)
   at Microsoft.EntityFrameworkCore.ChangeTracking.Internal.StateManager.SaveChangesAsync(IList`1 entriesToSave, CancellationToken cancellationToken)
   at Microsoft.EntityFrameworkCore.ChangeTracking.Internal.StateManager.SaveChangesAsync(StateManager stateManager, Boolean acceptAllChangesOnSuccess, CancellationToken cancellationToken)
   at Npgsql.EntityFrameworkCore.PostgreSQL.Storage.Internal.NpgsqlExecutionStrategy.ExecuteAsync[TState,TResult](TState state, Func`4 operation, Func`4 verifySucceeded, CancellationToken cancellationToken)
   at Microsoft.EntityFrameworkCore.DbContext.SaveChangesAsync(Boolean acceptAllChangesOnSuccess, CancellationToken cancellationToken)
[21:54:14 ERR] Database migration or seed failed. Check PostgreSQL is running and ConnectionStrings:DefaultConnection is correct.
Microsoft.EntityFrameworkCore.DbUpdateException: An error occurred while saving the entity changes. See the inner exception for details.
 ---> Npgsql.PostgresException (0x80004005): 23503: insert or update on table "CrmSupportTickets" violates foreign key constraint "FK_CrmSupportTickets_CrmCustomers_CustomerId"

DETAIL: Detail redacted as it may contain sensitive data. Specify 'Include Error Detail' in the connection string to include this information.
   at Npgsql.Internal.NpgsqlConnector.ReadMessageLong(Boolean async, DataRowLoadingMode dataRowLoadingMode, Boolean readingNotifications, Boolean isReadingPrependedMessage)
   at System.Runtime.CompilerServices.PoolingAsyncValueTaskMethodBuilder`1.StateMachineBox`1.System.Threading.Tasks.Sources.IValueTaskSource<TResult>.GetResult(Int16 token)
   at Npgsql.NpgsqlDataReader.NextResult(Boolean async, Boolean isConsuming, CancellationToken cancellationToken)
   at Npgsql.NpgsqlDataReader.NextResult(Boolean async, Boolean isConsuming, CancellationToken cancellationToken)
   at Npgsql.NpgsqlCommand.ExecuteReader(Boolean async, CommandBehavior behavior, CancellationToken cancellationToken)
   at Npgsql.NpgsqlCommand.ExecuteReader(Boolean async, CommandBehavior behavior, CancellationToken cancellationToken)
   at Npgsql.NpgsqlCommand.ExecuteDbDataReaderAsync(CommandBehavior behavior, CancellationToken cancellationToken)
   at Microsoft.EntityFrameworkCore.Storage.RelationalCommand.ExecuteReaderAsync(RelationalCommandParameterObject parameterObject, CancellationToken cancellationToken)
   at Microsoft.EntityFrameworkCore.Storage.RelationalCommand.ExecuteReaderAsync(RelationalCommandParameterObject parameterObject, CancellationToken cancellationToken)
   at Microsoft.EntityFrameworkCore.Update.ReaderModificationCommandBatch.ExecuteAsync(IRelationalConnection connection, CancellationToken cancellationToken)
  Exception data:
    Severity: ERROR
    SqlState: 23503
    MessageText: insert or update on table "CrmSupportTickets" violates foreign key constraint "FK_CrmSupportTickets_CrmCustomers_CustomerId"
    Detail: Detail redacted as it may contain sensitive data. Specify 'Include Error Detail' in the connection string to include this information.
    SchemaName: public
    TableName: CrmSupportTickets
    ConstraintName: FK_CrmSupportTickets_CrmCustomers_CustomerId
    File: ri_triggers.c
    Line: 2783
    Routine: ri_ReportViolation
   --- End of inner exception stack trace ---
   at Microsoft.EntityFrameworkCore.Update.ReaderModificationCommandBatch.ExecuteAsync(IRelationalConnection connection, CancellationToken cancellationToken)
   at Microsoft.EntityFrameworkCore.Update.Internal.BatchExecutor.ExecuteAsync(IEnumerable`1 commandBatches, IRelationalConnection connection, CancellationToken cancellationToken)
   at Microsoft.EntityFrameworkCore.Update.Internal.BatchExecutor.ExecuteAsync(IEnumerable`1 commandBatches, IRelationalConnection connection, CancellationToken cancellationToken)
   at Microsoft.EntityFrameworkCore.Update.Internal.BatchExecutor.ExecuteAsync(IEnumerable`1 commandBatches, IRelationalConnection connection, CancellationToken cancellationToken)
   at Microsoft.EntityFrameworkCore.Storage.RelationalDatabase.SaveChangesAsync(IList`1 entries, CancellationToken cancellationToken)
   at Microsoft.EntityFrameworkCore.ChangeTracking.Internal.StateManager.SaveChangesAsync(IList`1 entriesToSave, CancellationToken cancellationToken)
   at Microsoft.EntityFrameworkCore.ChangeTracking.Internal.StateManager.SaveChangesAsync(StateManager stateManager, Boolean acceptAllChangesOnSuccess, CancellationToken cancellationToken)
   at Npgsql.EntityFrameworkCore.PostgreSQL.Storage.Internal.NpgsqlExecutionStrategy.ExecuteAsync[TState,TResult](TState state, Func`4 operation, Func`4 verifySucceeded, CancellationToken cancellationToken)
   at Microsoft.EntityFrameworkCore.DbContext.SaveChangesAsync(Boolean acceptAllChangesOnSuccess, CancellationToken cancellationToken)
   at Microsoft.EntityFrameworkCore.DbContext.SaveChangesAsync(Boolean acceptAllChangesOnSuccess, CancellationToken cancellationToken)
   at Biktal.Infrastructure.Persistence.CrmDataSeeder.SeedIfEmptyAsync(ApplicationDbContext db, CancellationToken cancellationToken)
   at Program.<Main>$(String[] args) in d:\Systems\BiktalSystems\Program.cs:line 71
[21:54:14 WRN] Continuing without a successful migration/seed. Auth and data pages may fail until the database is available.
[21:54:14 WRN] Using an in-memory repository. Keys will not be persisted to storage.
[21:54:14 WRN] Neither user profile nor HKLM registry available. Using an ephemeral key repository. Protected data will be unavailable when application exits.
[21:54:14 WRN] No XML encryptor configured. Key {51fa43d7-c5da-4fd0-8d0a-e122b9aa8f6d} may be persisted to storage in unencrypted form.
[21:54:14 INF] Application started. Press Ctrl+C to shut down.
[21:54:14 INF] Hosting environment: Production
[21:54:14 INF] Content root path: D:\Systems\BiktalSystems\publish
[21:54:15 INF] HTTP GET /js/site.js responded 200 in 162.5865 ms
[21:54:15 INF] HTTP GET /css/site.css responded 200 in 162.5956 ms
[21:54:15 INF] HTTP GET /lib/bootstrap/dist/css/bootstrap.min.css responded 200 in 176.7391 ms
[21:54:15 INF] HTTP GET /lib/jquery-validation/dist/jquery.validate.min.js responded 200 in 162.6304 ms
[21:54:15 INF] HTTP GET /lib/jquery/dist/jquery.min.js responded 200 in 175.9548 ms
[21:54:15 INF] HTTP GET /lib/jquery-validation-unobtrusive/dist/jquery.validate.unobtrusive.min.js responded 200 in 203.6820 ms
[21:54:15 INF] HTTP GET /lib/bootstrap/dist/js/bootstrap.bundle.min.js responded 200 in 203.7245 ms
[21:54:15 INF] HTTP GET /js/products-catalog-filter.js responded 200 in 216.3723 ms
[21:54:15 INF] HTTP GET /Biktal.WebMVC.styles.css responded 200 in 221.2868 ms
[21:54:15 INF] HTTP GET /Inventory/Products responded 302 in 221.3205 ms
[21:54:15 ERR] An exception was thrown while deserializing the token.
Microsoft.AspNetCore.Antiforgery.AntiforgeryValidationException: The antiforgery token could not be decrypted.
 ---> System.Security.Cryptography.CryptographicException: The key {d18a7f30-9207-4f22-8138-d4f0b6456556} was not found in the key ring. For more information go to https://aka.ms/aspnet/dataprotectionwarning
   at Microsoft.AspNetCore.DataProtection.KeyManagement.KeyRingBasedDataProtector.UnprotectCore(Byte[] protectedData, Boolean allowOperationsOnRevokedKeys, UnprotectStatus& status)
   at Microsoft.AspNetCore.DataProtection.KeyManagement.KeyRingBasedDataProtector.Unprotect(Byte[] protectedData)
   at Microsoft.AspNetCore.Antiforgery.DefaultAntiforgeryTokenSerializer.Deserialize(String serializedToken)
   --- End of inner exception stack trace ---
   at Microsoft.AspNetCore.Antiforgery.DefaultAntiforgeryTokenSerializer.Deserialize(String serializedToken)
   at Microsoft.AspNetCore.Antiforgery.DefaultAntiforgery.GetCookieTokenDoesNotThrow(HttpContext httpContext)
[21:54:15 INF] HTTP GET /Account/Login responded 200 in 370.5551 ms
[21:54:15 INF] HTTP GET /lib/bootstrap/dist/css/bootstrap.min.css responded 200 in 1.4743 ms
[21:54:16 INF] HTTP GET /css/site.css responded 200 in 3.9739 ms
[21:54:16 INF] HTTP GET /Biktal.WebMVC.styles.css responded 200 in 2.2204 ms
[21:54:16 INF] HTTP GET /lib/jquery/dist/jquery.min.js responded 200 in 30.3546 ms
[21:54:16 INF] HTTP GET /js/site.js responded 200 in 1.2032 ms
[21:54:16 INF] HTTP GET /lib/jquery-validation/dist/jquery.validate.min.js responded 200 in 22.2332 ms
[21:54:16 INF] HTTP GET /lib/bootstrap/dist/js/bootstrap.bundle.min.js responded 200 in 152.2907 ms
[21:54:16 INF] HTTP GET /lib/jquery-validation-unobtrusive/dist/jquery.validate.unobtrusive.min.js responded 200 in 14.8285 ms
[21:54:18 INF] HTTP GET /Pos responded 302 in 5.8065 ms
[21:54:18 INF] HTTP GET /Account/Login responded 200 in 109.1528 ms
[21:54:18 INF] HTTP GET /lib/bootstrap/dist/css/bootstrap.min.css responded 200 in 2.7911 ms
[21:54:18 INF] HTTP GET /css/site.css responded 200 in 0.9359 ms
[21:54:18 INF] HTTP GET /Biktal.WebMVC.styles.css responded 200 in 2.0316 ms
[21:54:18 INF] HTTP GET /lib/bootstrap/dist/js/bootstrap.bundle.min.js responded 200 in 2.6023 ms
[21:54:18 INF] HTTP GET /lib/jquery/dist/jquery.min.js responded 200 in 3.3149 ms
[21:54:18 INF] HTTP GET /js/site.js responded 200 in 3.7593 ms
[21:54:18 INF] HTTP GET /lib/jquery-validation/dist/jquery.validate.min.js responded 200 in 17.1037 ms
[21:54:18 INF] HTTP GET /lib/jquery-validation-unobtrusive/dist/jquery.validate.unobtrusive.min.js responded 200 in 1.5182 ms
[21:54:29 INF] HTTP POST /Account/Login responded 302 in 467.1625 ms
[21:54:29 WRN] The query uses the 'First'/'FirstOrDefault' operator without 'OrderBy' and filter operators. This may lead to unpredictable results.
[21:54:30 INF] HTTP GET /Pos responded 200 in 198.6891 ms
[21:54:30 INF] HTTP GET /lib/bootstrap/dist/css/bootstrap.min.css responded 200 in 4.1346 ms
[21:54:30 INF] HTTP GET /css/site.css responded 200 in 1.2097 ms
[21:54:30 INF] HTTP GET /Biktal.WebMVC.styles.css responded 200 in 5.6511 ms
[21:54:30 INF] HTTP GET /lib/bootstrap/dist/js/bootstrap.bundle.min.js responded 304 in 2.7667 ms
[21:54:30 INF] HTTP GET /js/site.js responded 304 in 4.1384 ms
[21:54:30 INF] HTTP GET /lib/jquery/dist/jquery.min.js responded 304 in 3.7685 ms
[21:54:30 INF] HTTP GET /js/pos.js responded 200 in 22.0272 ms
[21:54:38 WRN] The query uses the 'First'/'FirstOrDefault' operator without 'OrderBy' and filter operators. This may lead to unpredictable results.
[21:54:38 WRN] The query uses the 'First'/'FirstOrDefault' operator without 'OrderBy' and filter operators. This may lead to unpredictable results.
[21:54:38 INF] HTTP GET /Operations responded 200 in 197.9912 ms
[21:54:38 INF] HTTP GET /Biktal.WebMVC.styles.css responded 200 in 0.8598 ms
[21:54:38 INF] HTTP GET /css/site.css responded 200 in 1.1360 ms
[21:54:38 INF] HTTP GET /lib/bootstrap/dist/css/bootstrap.min.css responded 200 in 1.1852 ms
[21:54:38 INF] HTTP GET /lib/jquery/dist/jquery.min.js responded 304 in 1.1820 ms
[21:54:38 INF] HTTP GET /lib/bootstrap/dist/js/bootstrap.bundle.min.js responded 304 in 3.5269 ms
[21:54:38 INF] HTTP GET /js/site.js responded 304 in 2.8119 ms
[21:54:51 INF] HTTP GET /Pos responded 200 in 33.5614 ms
[21:54:51 INF] HTTP GET /Biktal.WebMVC.styles.css responded 200 in 6.6978 ms
[21:54:51 INF] HTTP GET /js/site.js responded 304 in 0.5633 ms
[21:54:51 INF] HTTP GET /js/pos.js responded 304 in 0.8411 ms
[21:54:51 INF] HTTP GET /lib/jquery/dist/jquery.min.js responded 304 in 0.4895 ms
[21:54:51 INF] HTTP GET /lib/bootstrap/dist/css/bootstrap.min.css responded 200 in 57.3721 ms
[21:54:51 INF] HTTP GET /lib/bootstrap/dist/js/bootstrap.bundle.min.js responded 304 in 1.2498 ms
[21:54:51 INF] HTTP GET /css/site.css responded 200 in 65.2378 ms
[21:55:38 INF] HTTP GET /Operations responded 200 in 22.6322 ms
[21:55:38 INF] HTTP GET /css/site.css responded 200 in 2.2717 ms
[21:55:38 INF] HTTP GET /lib/bootstrap/dist/css/bootstrap.min.css responded 200 in 2.7431 ms
[21:55:38 INF] HTTP GET /Biktal.WebMVC.styles.css responded 200 in 1.1126 ms
[21:55:38 INF] HTTP GET /js/site.js responded 200 in 5.9657 ms
[21:55:38 INF] HTTP GET /lib/bootstrap/dist/js/bootstrap.bundle.min.js responded 200 in 21.1103 ms
[21:55:38 INF] HTTP GET /lib/jquery/dist/jquery.min.js responded 200 in 31.4179 ms
[21:55:59 INF] HTTP GET /Operations/DailySales responded 200 in 61.3106 ms
[21:55:59 INF] HTTP GET /css/site.css responded 200 in 1.4755 ms
[21:55:59 INF] HTTP GET /lib/bootstrap/dist/css/bootstrap.min.css responded 200 in 1.6837 ms
[21:55:59 INF] HTTP GET /Biktal.WebMVC.styles.css responded 200 in 2.6474 ms
[21:55:59 INF] HTTP GET /lib/jquery/dist/jquery.min.js responded 200 in 3.8536 ms
[21:55:59 INF] HTTP GET /lib/bootstrap/dist/js/bootstrap.bundle.min.js responded 200 in 4.9669 ms
[21:55:59 INF] HTTP GET /js/site.js responded 200 in 1.2074 ms
[21:56:53 INF] HTTP GET /Pos responded 200 in 30.2141 ms
[21:56:53 INF] HTTP GET /lib/bootstrap/dist/css/bootstrap.min.css responded 200 in 2.5695 ms
[21:56:53 INF] HTTP GET /css/site.css responded 200 in 3.0882 ms
[21:56:53 INF] HTTP GET /Biktal.WebMVC.styles.css responded 200 in 1.6282 ms
[21:56:53 INF] HTTP GET /lib/jquery/dist/jquery.min.js responded 304 in 1.0263 ms
[21:56:53 INF] HTTP GET /js/site.js responded 304 in 0.4780 ms
[21:56:53 INF] HTTP GET /lib/bootstrap/dist/js/bootstrap.bundle.min.js responded 304 in 0.7189 ms
[21:56:53 INF] HTTP GET /js/pos.js responded 200 in 32.4089 ms
[21:56:54 INF] HTTP GET /Inventory responded 200 in 117.1931 ms
[21:56:54 INF] HTTP GET /Biktal.WebMVC.styles.css responded 200 in 0.9556 ms
[21:56:54 INF] HTTP GET /lib/bootstrap/dist/css/bootstrap.min.css responded 200 in 2.0646 ms
[21:56:54 INF] HTTP GET /css/site.css responded 200 in 0.9497 ms
[21:56:54 INF] HTTP GET /lib/jquery/dist/jquery.min.js responded 200 in 1.0467 ms
[21:56:54 INF] HTTP GET /lib/bootstrap/dist/js/bootstrap.bundle.min.js responded 200 in 1.3515 ms
[21:56:54 INF] HTTP GET /js/site.js responded 200 in 1.6496 ms
[21:56:57 INF] HTTP GET /Inventory/Products responded 200 in 282.9666 ms
[21:56:57 INF] HTTP GET /lib/bootstrap/dist/css/bootstrap.min.css responded 304 in 0.5696 ms
[21:56:57 INF] HTTP GET /css/site.css responded 304 in 0.5888 ms
[21:56:57 INF] HTTP GET /Biktal.WebMVC.styles.css responded 304 in 1.1944 ms
[21:56:58 INF] HTTP GET /lib/jquery/dist/jquery.min.js responded 304 in 0.3373 ms
[21:56:58 INF] HTTP GET /js/site.js responded 304 in 0.5022 ms
[21:56:58 INF] HTTP GET /lib/bootstrap/dist/js/bootstrap.bundle.min.js responded 304 in 0.8738 ms
[21:56:58 INF] HTTP GET /lib/jquery-validation/dist/jquery.validate.min.js responded 200 in 10.5339 ms
[21:56:58 INF] HTTP GET /lib/jquery-validation-unobtrusive/dist/jquery.validate.unobtrusive.min.js responded 200 in 20.6660 ms
[21:56:58 INF] HTTP GET /js/products-catalog-filter.js responded 200 in 4.9451 ms
[21:57:15 INF] HTTP GET /Inventory/Products responded 200 in 129.2215 ms
[21:57:15 INF] HTTP GET /lib/bootstrap/dist/css/bootstrap.min.css responded 304 in 1.5754 ms
[21:57:15 INF] HTTP GET /Biktal.WebMVC.styles.css responded 304 in 0.3451 ms
[21:57:15 INF] HTTP GET /css/site.css responded 304 in 0.4947 ms
[21:57:16 INF] HTTP GET /lib/jquery/dist/jquery.min.js responded 304 in 0.5357 ms
[21:57:16 INF] HTTP GET /lib/bootstrap/dist/js/bootstrap.bundle.min.js responded 304 in 0.7772 ms
[21:57:16 INF] HTTP GET /js/site.js responded 304 in 0.3938 ms
[21:57:16 INF] HTTP GET /lib/jquery-validation-unobtrusive/dist/jquery.validate.unobtrusive.min.js responded 304 in 0.3563 ms
[21:57:16 INF] HTTP GET /lib/jquery-validation/dist/jquery.validate.min.js responded 304 in 0.4345 ms
[21:57:16 INF] HTTP GET /js/products-catalog-filter.js responded 304 in 2.0887 ms
[21:57:22 INF] HTTP POST /Inventory/EditProduct responded 302 in 134.6322 ms
[21:57:22 INF] HTTP GET /Inventory/Products responded 200 in 65.9573 ms
[21:57:22 INF] HTTP GET /lib/bootstrap/dist/css/bootstrap.min.css responded 304 in 0.7826 ms
[21:57:22 INF] HTTP GET /css/site.css responded 304 in 0.4797 ms
[21:57:22 INF] HTTP GET /Biktal.WebMVC.styles.css responded 304 in 0.5703 ms
[21:57:23 INF] HTTP GET /lib/jquery/dist/jquery.min.js responded 304 in 0.3114 ms
[21:57:23 INF] HTTP GET /lib/bootstrap/dist/js/bootstrap.bundle.min.js responded 304 in 0.8640 ms
[21:57:23 INF] HTTP GET /js/site.js responded 304 in 0.6471 ms
[21:57:23 INF] HTTP GET /lib/jquery-valid