[21:06:07 WRN] Using an in-memory repository. Keys will not be persisted to storage.
[21:06:07 WRN] Neither user profile nor HKLM registry available. Using an ephemeral key repository. Protected data will be unavailable when application exits.
[21:06:07 WRN] No XML encryptor configured. Key {0e57c448-27b9-4009-ab20-159dc1c114e7} may be persisted to storage in unencrypted form.
[21:06:07 INF] Application started. Press Ctrl+C to shut down.
[21:06:07 INF] Hosting environment: Production
[21:06:07 INF] Content root path: D:\Systems\BiktalSystems\publish
[21:06:08 WRN] The query uses the 'First'/'FirstOrDefault' operator without 'OrderBy' and filter operators. This may lead to unpredictable results.
[21:06:08 ERR] An exception was thrown while deserializing the token.
Microsoft.AspNetCore.Antiforgery.AntiforgeryValidationException: The antiforgery token could not be decrypted.
 ---> System.Security.Cryptography.CryptographicException: The key {7d765d7a-1ed7-4d98-b31d-a20793adba24} was not found in the key ring. For more information go to https://aka.ms/aspnet/dataprotectionwarning
   at Microsoft.AspNetCore.DataProtection.KeyManagement.KeyRingBasedDataProtector.UnprotectCore(Byte[] protectedData, Boolean allowOperationsOnRevokedKeys, UnprotectStatus& status)
   at Microsoft.AspNetCore.DataProtection.KeyManagement.KeyRingBasedDataProtector.Unprotect(Byte[] protectedData)
   at Microsoft.AspNetCore.Antiforgery.DefaultAntiforgeryTokenSerializer.Deserialize(String serializedToken)
   --- End of inner exception stack trace ---
   at Microsoft.AspNetCore.Antiforgery.DefaultAntiforgeryTokenSerializer.Deserialize(String serializedToken)
   at Microsoft.AspNetCore.Antiforgery.DefaultAntiforgery.GetCookieTokenDoesNotThrow(HttpContext httpContext)
[21:06:08 INF] HTTP GET / responded 200 in 360.5632 ms
[21:06:08 INF] HTTP GET /Biktal.WebMVC.styles.css responded 200 in 32.2438 ms
[21:06:08 INF] HTTP GET /css/site.css responded 200 in 27.2036 ms
[21:06:08 INF] HTTP GET /lib/bootstrap/dist/css/bootstrap.min.css responded 200 in 36.4551 ms
[21:06:08 INF] HTTP GET /lib/jquery/dist/jquery.min.js responded 200 in 31.7509 ms
[21:06:08 INF] HTTP GET /js/site.js responded 200 in 30.5718 ms
[21:06:08 INF] HTTP GET /js/pos.js responded 200 in 32.3574 ms
[21:06:08 INF] HTTP GET /lib/bootstrap/dist/js/bootstrap.bundle.min.js responded 200 in 39.4767 ms
[21:06:09 INF] HTTP GET /favicon.ico responded 200 in 1.6337 ms
[21:06:58 INF] HTTP POST /Pos/CompleteSale responded 200 in 1057.5572 ms
[21:17:20 INF] Application is shutting down...
