[13:05:29 WRN] Using an in-memory repository. Keys will not be persisted to storage.
[13:05:29 WRN] Neither user profile nor HKLM registry available. Using an ephemeral key repository. Protected data will be unavailable when application exits.
[13:05:29 WRN] No XML encryptor configured. Key {b3d11d64-df38-4687-8bca-6a8f4d16962c} may be persisted to storage in unencrypted form.
[13:05:29 INF] Application started. Press Ctrl+C to shut down.
[13:05:29 INF] Hosting environment: Production
[13:05:29 INF] Content root path: D:\Systems\BiktalSystems\publish
[13:05:30 INF] HTTP GET /Repairs responded 200 in 433.4802 ms
[13:05:30 INF] HTTP GET /js/site.js responded 200 in 6.2633 ms
[13:05:30 INF] HTTP GET /lib/bootstrap/dist/js/bootstrap.bundle.min.js responded 200 in 32.9309 ms
[13:05:30 INF] HTTP GET /Biktal.WebMVC.styles.css responded 200 in 49.2284 ms
[13:05:30 INF] HTTP GET /lib/bootstrap/dist/css/bootstrap.min.css responded 200 in 81.5348 ms
[13:05:30 INF] HTTP GET /lib/jquery/dist/jquery.min.js responded 200 in 7.1679 ms
[13:05:30 INF] HTTP GET /css/site.css responded 200 in 2.0635 ms
[13:05:33 ERR] An exception was thrown while deserializing the token.
Microsoft.AspNetCore.Antiforgery.AntiforgeryValidationException: The antiforgery token could not be decrypted.
 ---> System.Security.Cryptography.CryptographicException: The key {cefe42c3-56a7-4e13-830d-a5f4baf32e95} was not found in the key ring. For more information go to https://aka.ms/aspnet/dataprotectionwarning
   at Microsoft.AspNetCore.DataProtection.KeyManagement.KeyRingBasedDataProtector.UnprotectCore(Byte[] protectedData, Boolean allowOperationsOnRevokedKeys, UnprotectStatus& status)
   at Microsoft.AspNetCore.DataProtection.KeyManagement.KeyRingBasedDataProtector.Unprotect(Byte[] protectedData)
   at Microsoft.AspNetCore.Antiforgery.DefaultAntiforgeryTokenSerializer.Deserialize(String serializedToken)
   --- End of inner exception stack trace ---
   at Microsoft.AspNetCore.Antiforgery.DefaultAntiforgeryTokenSerializer.Deserialize(String serializedToken)
   at Microsoft.AspNetCore.Antiforgery.DefaultAntiforgery.GetCookieTokenDoesNotThrow(HttpContext httpContext)
[13:05:33 INF] HTTP GET /Repairs/New responded 200 in 135.2286 ms
[13:05:34 INF] HTTP GET /lib/bootstrap/dist/css/bootstrap.min.css responded 200 in 5.4102 ms
[13:05:34 INF] HTTP GET /Biktal.WebMVC.styles.css responded 200 in 1.8125 ms
[13:05:34 INF] HTTP GET /css/site.css responded 200 in 4.9889 ms
[13:05:34 INF] HTTP GET /lib/jquery/dist/jquery.min.js responded 304 in 27.4067 ms
[13:05:34 INF] HTTP GET /js/site.js responded 304 in 25.1886 ms
[13:05:34 INF] HTTP GET /lib/jquery-validation/dist/jquery.validate.min.js responded 200 in 6.9301 ms
[13:05:34 INF] HTTP GET /lib/jquery-validation-unobtrusive/dist/jquery.validate.unobtrusive.min.js responded 200 in 1.8136 ms
[13:05:34 INF] HTTP GET /lib/bootstrap/dist/js/bootstrap.bundle.min.js responded 304 in 160.3432 ms
[13:06:43 INF] HTTP POST /Repairs/CreateTicket responded 302 in 270.8699 ms
[13:06:43 INF] HTTP GET /Repairs/Ticket/01a0f1c7-e0ec-7ec7-88f6-f12940f2db19 responded 200 in 45.0073 ms
[13:06:43 INF] HTTP GET /Biktal.WebMVC.styles.css responded 200 in 21.7129 ms
[13:06:43 INF] HTTP GET /js/site.js responded 200 in 1.3058 ms
[13:06:43 INF] HTTP GET /css/site.css responded 200 in 1.0516 ms
[13:06:43 INF] HTTP GET /lib/bootstrap/dist/css/bootstrap.min.css responded 200 in 1.6706 ms
[13:06:43 INF] HTTP GET /lib/jquery/dist/jquery.min.js responded 200 in 1.7350 ms
[13:06:43 INF] HTTP GET /lib/bootstrap/dist/js/bootstrap.bundle.min.js responded 200 in 1.5566 ms
[13:06:47 INF] HTTP POST /Repairs/UpdateTicketStatus responded 302 in 131.0752 ms
[13:06:47 INF] HTTP GET /Repairs/Ticket/01a0f1c7-e0ec-7ec7-88f6-f12940f2db19 responded 200 in 4.4087 ms
[13:06:47 INF] HTTP GET /lib/bootstrap/dist/css/bootstrap.min.css responded 200 in 1.5985 ms
[13:06:47 INF] HTTP GET /css/site.css responded 200 in 0.9737 ms
[13:06:47 INF] HTTP GET /Biktal.WebMVC.styles.css responded 200 in 1.0740 ms
[13:06:47 INF] HTTP GET /lib/jquery/dist/jquery.min.js responded 304 in 0.4666 ms
[13:06:47 INF] HTTP GET /js/site.js responded 304 in 0.3120 ms
[13:06:47 INF] HTTP GET /lib/bootstrap/dist/js/bootstrap.bundle.min.js responded 304 in 0.2935 ms
[13:06:50 INF] HTTP POST /Repairs/UpdateTicketEstimate responded 302 in 25.4600 ms
[13:06:50 INF] HTTP GET /Repairs/Ticket/01a0f1c7-e0ec-7ec7-88f6-f12940f2db19 responded 200 in 7.9257 ms
[13:06:50 INF] HTTP GET /css/site.css responded 200 in 4.5296 ms
[13:06:50 INF] HTTP GET /lib/bootstrap/dist/css/bootstrap.min.css responded 200 in 2.6674 ms
[13:06:50 INF] HTTP GET /Biktal.WebMVC.styles.css responded 200 in 1.7070 ms
[13:06:50 INF] HTTP GET /lib/jquery/dist/jquery.min.js responded 304 in 0.2951 ms
[13:06:50 INF] HTTP GET /lib/bootstrap/dist/js/bootstrap.bundle.min.js responded 304 in 0.5066 ms
[13:06:50 INF] HTTP GET /js/site.js responded 304 in 0.2885 ms
[13:06:52 INF] HTTP GET /Repairs/Tickets responded 200 in 54.4329 ms
[13:06:52 INF] HTTP GET /lib/bootstrap/dist/css/bootstrap.min.css responded 304 in 12.2139 ms
[13:06:52 INF] HTTP GET /css/site.css responded 304 in 0.2444 ms
[13:06:52 INF] HTTP GET /Biktal.WebMVC.styles.css responded 304 in 0.2846 ms
[13:06:52 INF] HTTP GET /lib/jquery/dist/jquery.min.js responded 304 in 0.2093 ms
[13:06:52 INF] HTTP GET /lib/bootstrap/dist/js/bootstrap.bundle.min.js responded 304 in 0.2396 ms
[13:06:52 INF] HTTP GET /js/site.js responded 304 in 0.1482 ms
[13:06:56 INF] HTTP GET /Repairs responded 200 in 10.1268 ms
[13:06:56 INF] HTTP GET /lib/bootstrap/dist/css/bootstrap.min.css responded 304 in 0.5892 ms
[13:06:56 INF] HTTP GET /css/site.css responded 304 in 0.1900 ms
[13:06:56 INF] HTTP GET /lib/jquery/dist/jquery.min.js responded 304 in 0.3240 ms
[13:06:56 INF] HTTP GET /js/site.js responded 304 in 0.1824 ms
[13:06:56 INF] HTTP GET /Biktal.WebMVC.styles.css responded 304 in 0.1730 ms
[13:06:56 INF] HTTP GET /lib/bootstrap/dist/js/bootstrap.bundle.min.js responded 304 in 0.2760 ms
[13:27:05 INF] Application is shutting down...
