[15:07:25 WRN] Using an in-memory repository. Keys will not be persisted to storage.
[15:07:25 WRN] Neither user profile nor HKLM registry available. Using an ephemeral key repository. Protected data will be unavailable when application exits.
[15:07:25 WRN] No XML encryptor configured. Key {b7d94bde-95a5-4d48-811a-58b42eb2a811} may be persisted to storage in unencrypted form.
[15:07:25 INF] Application started. Press Ctrl+C to shut down.
[15:07:25 INF] Hosting environment: Production
[15:07:25 INF] Content root path: D:\Systems\BiktalSystems\publish
[15:07:25 INF] HTTP GET /Insights responded 302 in 92.2450 ms
[15:07:26 INF] HTTP GET /Insights/Daily responded 200 in 381.0303 ms
[15:07:26 INF] HTTP GET /css/site.css responded 200 in 39.0053 ms
[15:07:26 INF] HTTP GET /lib/bootstrap/dist/css/bootstrap.min.css responded 200 in 38.2998 ms
[15:07:26 INF] HTTP GET /Biktal.WebMVC.styles.css responded 200 in 43.9582 ms
[15:07:26 INF] HTTP GET /js/site.js responded 200 in 3.3855 ms
[15:07:26 INF] HTTP GET /lib/jquery/dist/jquery.min.js responded 200 in 8.2498 ms
[15:07:26 INF] HTTP GET /lib/bootstrap/dist/js/bootstrap.bundle.min.js responded 200 in 7.4465 ms
[15:07:43 INF] HTTP GET /Insights/Sale responded 200 in 241.7667 ms
[15:07:43 INF] HTTP GET /lib/bootstrap/dist/css/bootstrap.min.css responded 200 in 1.9630 ms
[15:07:43 INF] HTTP GET /Biktal.WebMVC.styles.css responded 200 in 0.9365 ms
[15:07:44 INF] HTTP GET /css/site.css responded 200 in 8.1243 ms
[15:07:44 INF] HTTP GET /lib/jquery/dist/jquery.min.js responded 304 in 52.8131 ms
[15:07:44 INF] HTTP GET /js/site.js responded 304 in 19.8842 ms
[15:07:44 INF] HTTP GET /lib/bootstrap/dist/js/bootstrap.bundle.min.js responded 304 in 163.0396 ms
[15:07:54 INF] HTTP GET /Insights/Monthly responded 200 in 88.1399 ms
[15:07:54 INF] HTTP GET /lib/bootstrap/dist/css/bootstrap.min.css responded 200 in 1.3989 ms
[15:07:54 INF] HTTP GET /css/site.css responded 200 in 1.4137 ms
[15:07:54 INF] HTTP GET /Biktal.WebMVC.styles.css responded 200 in 1.6016 ms
[15:07:54 INF] HTTP GET /lib/jquery/dist/jquery.min.js responded 304 in 0.6069 ms
[15:07:54 INF] HTTP GET /lib/bootstrap/dist/js/bootstrap.bundle.min.js responded 304 in 2.2102 ms
[15:07:54 INF] HTTP GET /js/site.js responded 304 in 0.3296 ms
[15:07:59 INF] HTTP GET /Insights/Daily responded 200 in 22.7629 ms
[15:07:59 INF] HTTP GET /lib/bootstrap/dist/css/bootstrap.min.css responded 304 in 5.6310 ms
[15:07:59 INF] HTTP GET /css/site.css responded 304 in 0.2804 ms
[15:07:59 INF] HTTP GET /Biktal.WebMVC.styles.css responded 304 in 0.4307 ms
[15:07:59 INF] HTTP GET /lib/jquery/dist/jquery.min.js responded 304 in 0.7226 ms
[15:07:59 INF] HTTP GET /lib/bootstrap/dist/js/bootstrap.bundle.min.js responded 304 in 0.3413 ms
[15:07:59 INF] HTTP GET /js/site.js responded 304 in 1.0809 ms
[15:08:04 INF] HTTP GET /Insights/Sale responded 200 in 14.0588 ms
[15:08:04 INF] HTTP GET /lib/bootstrap/dist/css/bootstrap.min.css responded 304 in 0.6311 ms
[15:08:04 INF] HTTP GET /css/site.css responded 304 in 0.5610 ms
[15:08:04 INF] HTTP GET /Biktal.WebMVC.styles.css responded 304 in 0.5811 ms
[15:08:04 INF] HTTP GET /lib/jquery/dist/jquery.min.js responded 304 in 0.3318 ms
[15:08:04 INF] HTTP GET /js/site.js responded 304 in 0.5747 ms
[15:08:04 INF] HTTP GET /lib/bootstrap/dist/js/bootstrap.bundle.min.js responded 304 in 0.2595 ms
[15:08:22 INF] HTTP GET /Insights/Daily responded 200 in 19.3457 ms
[15:08:22 INF] HTTP GET /lib/bootstrap/dist/css/bootstrap.min.css responded 200 in 11.3370 ms
[15:08:22 INF] HTTP GET /css/site.css responded 304 in 0.7371 ms
[15:08:22 INF] HTTP GET /lib/jquery/dist/jquery.min.js responded 304 in 0.3515 ms
[15:08:22 INF] HTTP GET /Biktal.WebMVC.styles.css responded 304 in 0.4156 ms
[15:08:22 INF] HTTP GET /lib/bootstrap/dist/js/bootstrap.bundle.min.js responded 304 in 0.2633 ms
[15:08:22 INF] HTTP GET /js/site.js responded 304 in 2.5744 ms
[15:08:28 INF] HTTP GET /Insights/Monthly responded 200 in 14.6792 ms
[15:08:28 INF] HTTP GET /lib/bootstrap/dist/css/bootstrap.min.css responded 304 in 10.3985 ms
[15:08:28 INF] HTTP GET /Biktal.WebMVC.styles.css responded 304 in 0.3864 ms
[15:08:28 INF] HTTP GET /css/site.css responded 304 in 0.4128 ms
[15:08:28 INF] HTTP GET /lib/jquery/dist/jquery.min.js responded 304 in 3.4948 ms
[15:08:28 INF] HTTP GET /lib/bootstrap/dist/js/bootstrap.bundle.min.js responded 304 in 0.6103 ms
[15:08:28 INF] HTTP GET /js/site.js responded 304 in 0.2186 ms
[15:09:00 INF] HTTP GET /Insights/Daily responded 200 in 31.0382 ms
[15:09:00 INF] HTTP GET /css/site.css responded 304 in 0.1789 ms
[15:09:00 INF] HTTP GET /Biktal.WebMVC.styles.css responded 304 in 0.1507 ms
[15:09:00 INF] HTTP GET /lib/jquery/dist/jquery.min.js responded 304 in 0.1559 ms
[15:09:00 INF] HTTP GET /lib/bootstrap/dist/js/bootstrap.bundle.min.js responded 304 in 0.7654 ms
[15:09:00 INF] HTTP GET /js/site.js responded 304 in 7.5894 ms
[15:09:00 INF] HTTP GET /lib/bootstrap/dist/css/bootstrap.min.css responded 200 in 2.6656 ms
[15:09:08 INF] HTTP GET /Insights/Daily responded 200 in 20.2229 ms
[15:09:08 INF] HTTP GET /css/site.css responded 200 in 0.9034 ms
[15:09:08 INF] HTTP GET /lib/bootstrap/dist/css/bootstrap.min.css responded 200 in 3.8096 ms
[15:09:08 INF] HTTP GET /Biktal.WebMVC.styles.css responded 200 in 2.3016 ms
[15:09:08 INF] HTTP GET /lib/jquery/dist/jquery.min.js responded 200 in 1.3087 ms
[15:09:08 INF] HTTP GET /lib/bootstrap/dist/js/bootstrap.bundle.min.js responded 200 in 4.9689 ms
[15:09:08 INF] HTTP GET /js/site.js responded 200 in 2.3763 ms
[15:09:15 INF] HTTP GET /Insights/Daily responded 200 in 27.4840 ms
[15:09:15 INF] HTTP GET /lib/bootstrap/dist/css/bootstrap.min.css responded 200 in 1.6359 ms
[15:09:15 INF] HTTP GET /Biktal.WebMVC.styles.css responded 200 in 3.1080 ms
[15:09:15 INF] HTTP GET /lib/jquery/dist/jquery.min.js responded 304 in 0.9194 ms
[15:09:15 INF] HTTP GET /css/site.css responded 200 in 0.8676 ms
[15:09:15 INF] HTTP GET /js/site.js responded 304 in 0.1831 ms
[15:09:15 INF] HTTP GET /lib/bootstrap/dist/js/bootstrap.bundle.min.js responded 304 in 0.1308 ms
[15:09:19 INF] HTTP GET /Insights/Daily responded 200 in 19.6804 ms
[15:09:19 INF] HTTP GET /lib/bootstrap/dist/css/bootstrap.min.css responded 304 in 0.1414 ms
[15:09:19 INF] HTTP GET /Biktal.WebMVC.styles.css responded 304 in 0.1520 ms
[15:09:19 INF] HTTP GET /css/site.css responded 304 in 0.5146 ms
[15:09:19 INF] HTTP GET /lib/jquery/dist/jquery.min.js responded 304 in 0.1109 ms
[15:09:19 INF] HTTP GET /lib/bootstrap/dist/js/bootstrap.bundle.min.js responded 304 in 0.2618 ms
[15:09:19 INF] HTTP GET /js/site.js responded 304 in 1.1292 ms
[15:09:24 INF] HTTP GET /Insights/Daily responded 200 in 80.2449 ms
[15:09:24 INF] HTTP GET /lib/bootstrap/dist/css/bootstrap.min.css responded 304 in 0.1822 ms
[15:09:24 INF] HTTP GET /css/site.css responded 304 in 0.2224 ms
[15:09:24 INF] HTTP GET /lib/jquery/dist/jquery.min.js responded 304 in 0.0739 ms
[15:09:24 INF] HTTP GET /Biktal.WebMVC.styles.css responded 304 in 0.2494 ms
[15:09:24 INF] HTTP GET /lib/bootstrap/dist/js/bootstrap.bundle.min.js responded 304 in 0.2954 ms
[15:09:24 INF] HTTP GET /js/site.js responded 304 in 1.1450 ms
[15:09:26 INF] HTTP GET /Insights/Daily responded 200 in 17.5747 ms
[15:09:26 INF] HTTP GET /lib/bootstrap/dist/css/bootstrap.min.css responded 304 in 0.1486 ms
[15:09:26 INF] HTTP GET /css/site.css responded 304 in 0.6977 ms
[15:09:26 INF] HTTP GET /lib/jquery/dist/jquery.min.js responded 304 in 0.1430 ms
[15:09:26 INF] HTTP GET /lib/bootstrap/dist/js/bootstrap.bundle.min.js responded 304 in 0.0837 ms
[15:09:26 INF] HTTP GET /js/site.js responded 304 in 0.1126 ms
[15:09:26 INF] HTTP GET /Biktal.WebMVC.styles.css responded 304 in 0.0682 ms
[15:09:30 INF] HTTP GET /Insights/Daily responded 200 in 21.0837 ms
[15:09:31 INF] HTTP GET /lib/bootstrap/dist/css/bootstrap.min.css responded 304 in 0.1459 ms
[15:09:31 INF] HTTP GET /css/site.css responded 304 in 0.6821 ms
[15:09:31 INF] HTTP GET /Biktal.WebMVC.styles.css responded 304 in 0.5956 ms
[15:09:31 INF] HTTP GET /lib/jquery/dist/jquery.min.js responded 304 in 0.1438 ms
[15:09:31 INF] HTTP GET /lib/bootstrap/dist/js/bootstrap.bundle.min.js responded 304 in 1.2177 ms
[15:09:31 INF] HTTP GET /js/site.js responded 304 in 0.1386 ms
[15:09:34 INF] HTTP GET /Insights/Daily responded 200 in 14.5723 ms
[15:09:34 INF] HTTP GET /lib/bootstrap/dist/css/bootstrap.min.css responded 304 in 0.1803 ms
[15:09:34 INF] HTTP GET /css/site.css responded 304 in 0.2819 ms
[15:09:34 INF] HTTP GET /Biktal.WebMVC.styles.css responded 304 in 0.3638 ms
[15:09:34 INF] HTTP GET /lib/jquery/dist/jquery.min.js responded 304 in 0.7856 ms
[15:09:34 INF] HTTP GET /lib/bootstrap/dist/js/bootstrap.bundle.min.js responded 304 in 0.1439 ms
[15:09:34 INF] HTTP GET /js/site.js responded 304 in 1.4928 ms
[15:09:39 INF] HTTP GET /Insights/Daily responded 200 in 23.4385 ms
[15:09:39 INF] HTTP GET /lib/bootstrap/dist/css/bootstrap.min.css responded 200 in 1.7958 ms
[15:09:39 INF] HTTP GET /css/site.css responded 304 in 0.1564 ms
[15:09:39 INF] HTTP GET /Biktal.WebMVC.styles.css responded 304 in 0.3288 ms
[15:09:39 INF] HTTP GET /lib/jquery/dist/jquery.min.js responded 304 in 0.2182 ms
[15:09:39 INF] HTTP GET /lib/bootstrap/dist/js/bootstrap.bundle.min.js responded 304 in 0.4391 ms
[15:09:39 INF] HTTP GET /js/site.js responded 304 in 0.1545 ms
[15:09:40 INF] HTTP GET /Insights/Monthly responded 200 in 13.0013 ms
[15:09:40 INF] HTTP GET /lib/bootstrap/dist/css/bootstrap.min.css responded 304 in 0.1556 ms
[15:09:40 INF] HTTP GET /Biktal.WebMVC.styles.css responded 304 in 0.1905 ms
[15:09:40 INF] HTTP GET /css/site.css responded 304 in 0.6562 ms
[15:09:40 INF] HTTP GET /lib/jquery/dist/jquery.min.js responded 304 in 0.1151 ms
[15:09:40 INF] HTTP GET /lib/bootstrap/dist/js/bootstrap.bundle.min.js responded 304 in 0.1244 ms
[15:09:40 INF] HTTP GET /js/site.js responded 304 in 2.5474 ms
[15:11:38 ERR] An exception was thrown while deserializing the token.
Microsoft.AspNetCore.Antiforgery.AntiforgeryValidationException: The antiforgery token could not be decrypted.
 ---> System.Security.Cryptography.CryptographicException: The key {a58e9dfd-ab95-4c3d-9c2e-e97768775d8d} was not found in the key ring. For more information go to https://aka.ms/aspnet/dataprotectionwarning
   at Microsoft.AspNetCore.DataProtection.KeyManagement.KeyRingBasedDataProtector.UnprotectCore(Byte[] protectedData, Boolean allowOperationsOnRevokedKeys, UnprotectStatus& status)
   at Microsoft.AspNetCore.DataProtection.KeyManagement.KeyRingBasedDataProtector.Unprotect(Byte[] protectedData)
   at Microsoft.AspNetCore.Antiforgery.DefaultAntiforgeryTokenSerializer.Deserialize(String serializedToken)
   --- End of inner exception stack trace ---
   at Microsoft.AspNetCore.Antiforgery.DefaultAntiforgeryTokenSerializer.Deserialize(String serializedToken)
   at Microsoft.AspNetCore.Antiforgery.DefaultAntiforgery.GetCookieTokenDoesNotThrow(HttpContext httpContext)
[15:11:39 INF] HTTP GET /Inventory/Products responded 200 in 467.5914 ms
[15:11:39 INF] HTTP GET /Biktal.WebMVC.styles.css responded 200 in 0.6954 ms
[15:11:39 INF] HTTP GET /css/site.css responded 200 in 2.6161 ms
[15:11:39 INF] HTTP GET /lib/bootstrap/dist/css/bootstrap.min.css responded 200 in 2.1301 ms
[15:11:40 INF] HTTP GET /lib/jquery/dist/jquery.min.js responded 200 in 1.0410 ms
[15:11:40 INF] HTTP GET /lib/bootstrap/dist/js/bootstrap.bundle.min.js responded 200 in 0.8739 ms
[15:11:40 INF] HTTP GET /js/site.js responded 200 in 1.2232 ms
[15:11:40 INF] HTTP GET /lib/jquery-validation/dist/jquery.validate.min.js responded 200 in 21.4951 ms
[15:11:40 INF] HTTP GET /lib/jquery-validation-unobtrusive/dist/jquery.validate.unobtrusive.min.js responded 200 in 26.1937 ms
[15:11:40 INF] HTTP GET /js/products-catalog-filter.js responded 200 in 31.6049 ms
[15:14:46 WRN] The query uses the 'First'/'FirstOrDefault' operator without 'OrderBy' and filter operators. This may lead to unpredictable results.
[15:14:46 INF] HTTP GET / responded 200 in 234.1000 ms
[15:14:46 INF] HTTP GET /css/site.css responded 200 in 1.3607 ms
[15:14:46 INF] HTTP GET /lib/bootstrap/dist/css/bootstrap.min.css responded 200 in 2.8347 ms
[15:14:46 INF] HTTP GET /Biktal.WebMVC.styles.css responded 200 in 0.9100 ms
[15:14:46 INF] HTTP GET /js/site.js responded 200 in 1.2163 ms
[15:14:46 INF] HTTP GET /lib/bootstrap/dist/js/bootstrap.bundle.min.js responded 200 in 2.4808 ms
[15:14:46 INF] HTTP GET /lib/jquery/dist/jquery.min.js responded 200 in 3.5289 ms
[15:14:46 INF] HTTP GET /js/pos.js responded 200 in 0.7600 ms
[15:16:37 WRN] The query uses the 'First'/'FirstOrDefault' operator without 'OrderBy' and filter operators. This may lead to unpredictable results.
[15:16:37 INF] HTTP GET /Admin responded 200 in 187.0481 ms
[15:16:37 INF] HTTP GET /Biktal.WebMVC.styles.css responded 200 in 0.7449 ms
[15:16:37 INF] HTTP GET /css/site.css responded 200 in 1.0429 ms
[15:16:37 INF] HTTP GET /lib/jquery/dist/jquery.min.js responded 304 in 0.1217 ms
[15:16:37 INF] HTTP GET /lib/bootstrap/dist/css/bootstrap.min.css responded 200 in 12.0885 ms
[15:16:37 INF] HTTP GET /lib/bootstrap/dist/js/bootstrap.bundle.min.js responded 304 in 0.1086 ms
[15:16:37 INF] HTTP GET /js/site.js responded 304 in 0.1525 ms
[15:16:40 INF] HTTP GET /Admin/Tax responded 200 in 59.0058 ms
[15:16:40 INF] HTTP GET /lib/bootstrap/dist/css/bootstrap.min.css responded 304 in 0.4304 ms
[15:16:40 INF] HTTP GET /lib/jquery/dist/jquery.min.js responded 304 in 0.2908 ms
[15:16:40 INF] HTTP GET /css/site.css responded 304 in 0.4518 ms
[15:16:40 INF] HTTP GET /lib/bootstrap/dist/js/bootstrap.bundle.min.js responded 304 in 0.1824 ms
[15:16:40 INF] HTTP GET /Biktal.WebMVC.styles.css responded 304 in 0.1379 ms
[15:16:40 INF] HTTP GET /js/site.js responded 304 in 0.1303 ms
[15:16:49 INF] HTTP GET /Admin responded 200 in 10.5672 ms
[15:16:49 INF] HTTP GET /lib/bootstrap/dist/css/bootstrap.min.css responded 304 in 0.1323 ms
[15:16:49 INF] HTTP GET /css/site.css responded 304 in 0.2485 ms
[15:16:49 INF] HTTP GET /Biktal.WebMVC.styles.css responded 304 in 0.6642 ms
[15:16:49 INF] HTTP GET /lib/jquery/dist/jquery.min.js responded 304 in 0.3068 ms
[15:16:49 INF] HTTP GET /lib/bootstrap/dist/js/bootstrap.bundle.min.js responded 304 in 0.1275 ms
[15:16:49 INF] HTTP GET /js/site.js responded 304 in 0.1133 ms
[15:16:51 INF] HTTP GET / responded 200 in 18.1532 ms
[15:16:51 INF] HTTP GET /lib/bootstrap/dist/css/bootstrap.min.css responded 304 in 0.1666 ms
[15:16:51 INF] HTTP GET /css/site.css responded 304 in 0.2514 ms
[15:16:51 INF] HTTP GET /Biktal.WebMVC.styles.css responded 304 in 0.1273 ms
[15:16:51 INF] HTTP GET /lib/jquery/dist/jquery.min.js responded 304 in 0.3655 ms
[15:16:51 INF] HTTP GET /lib/bootstrap/dist/js/bootstrap.bundle.min.js responded 304 in 0.1611 ms
[15:16:51 INF] HTTP GET /js/site.js responded 304 in 0.6155 ms
[15:16:51 INF] HTTP GET /js/pos.js responded 304 in 1.0095 ms
[15:16:54 INF] HTTP GET /Repairs responded 200 in 58.2213 ms
[15:16:54 INF] HTTP GET /lib/bootstrap/dist/css/bootstrap.min.css responded 304 in 0.1443 ms
[15:16:54 INF] HTTP GET /css/site.css responded 304 in 0.1552 ms
[15:16:54 INF] HTTP GET /Biktal.WebMVC.styles.css responded 304 in 0.3028 ms
[15:16:54 INF] HTTP GET /lib/bootstrap/dist/js/bootstrap.bundle.min.js responded 304 in 0.0909 ms
[15:16:54 INF] HTTP GET /lib/jquery/dist/jquery.min.js responded 304 in 0.0946 ms
[15:16:54 INF] HTTP GET /js/site.js responded 304 in 0.1347 ms
[15:16:57 INF] HTTP GET /Repairs/Tickets responded 200 in 51.5074 ms
[15:16:57 INF] HTTP GET /lib/bootstrap/dist/css/bootstrap.min.css responded 304 in 0.1982 ms
[15:16:57 INF] HTTP GET /css/site.css responded 304 in 0.3187 ms
[15:16:57 INF] HTTP GET /Biktal.WebMVC.styles.css responded 304 in 1.9891 ms
[15:16:57 INF] HTTP GET /lib/jquery/dist/jquery.min.js responded 304 in 0.1426 ms
[15:16:57 INF] HTTP GET /lib/bootstrap/dist/js/bootstrap.bundle.min.js responded 304 in 0.1717 ms
[15:16:57 INF] HTTP GET /js/site.js responded 304 in 0.3546 ms
[15:16:59 INF] HTTP GET /Repairs/Ticket/019fac8a-76b8-7870-a9a6-123b9d72fa3a responded 200 in 36.1685 ms
[15:16:59 INF] HTTP GET /lib/bootstrap/dist/css/bootstrap.min.css responded 304 in 0.1466 ms
[15:16:59 INF] HTTP GET /Biktal.WebMVC.styles.css responded 304 in 0.1036 ms
[15:16:59 INF] HTTP GET /lib/jquery/dist/jquery.min.js responded 304 in 2.2557 ms
[15:16:59 INF] HTTP GET /css/site.css responded 304 in 0.1176 ms
[15:16:59 INF] HTTP GET /lib/bootstrap/dist/js/bootstrap.bundle.min.js responded 304 in 0.3123 ms
[15:16:59 INF] HTTP GET /js/site.js responded 304 in 0.2724 ms
[15:17:16 INF] HTTP POST /Repairs/UpdateTicketEstimate responded 302 in 169.5458 ms
[15:17:16 INF] HTTP GET /Repairs/Ticket/019fac8a-76b8-7870-a9a6-123b9d72fa3a responded 200 in 3.2886 ms
[15:17:16 INF] HTTP GET /css/site.css responded 304 in 1.2611 ms
[15:17:16 INF] HTTP GET /lib/bootstrap/dist/css/bootstrap.min.css responded 200 in 10.0000 ms
[15:17:16 INF] HTTP GET /Biktal.WebMVC.styles.css responded 304 in 0.1593 ms
[15:17:16 INF] HTTP GET /lib/bootstrap/dist/js/bootstrap.bundle.min.js responded 304 in 0.1527 ms
[15:17:16 INF] HTTP GET /lib/jquery/dist/jquery.min.js responded 304 in 0.1601 ms
[15:17:16 INF] HTTP GET /js/site.js responded 304 in 0.1323 ms
[15:17:21 INF] HTTP GET / responded 200 in 22.0650 ms
[15:17:21 INF] HTTP GET /lib/bootstrap/dist/css/bootstrap.min.css responded 200 in 13.0376 ms
[15:17:21 INF] HTTP GET /css/site.css responded 304 in 0.1522 ms
[15:17:21 INF] HTTP GET /Biktal.WebMVC.styles.css responded 304 in 0.1998 ms
[15:17:21 INF] HTTP GET /lib/jquery/dist/jquery.min.js responded 304 in 0.1548 ms
[15:17:21 INF] HTTP GET /js/site.js responded 304 in 0.1332 ms
[15:17:21 INF] HTTP GET /lib/bootstrap/dist/js/bootstrap.bundle.min.js responded 304 in 0.1920 ms
[15:17:21 INF] HTTP GET /js/pos.js responded 304 in 0.4585 ms
[15:17:29 INF] HTTP GET /Repairs responded 200 in 6.3666 ms
[15:17:29 INF] HTTP GET /css/site.css responded 304 in 0.4529 ms
[15:17:29 INF] HTTP GET /lib/bootstrap/dist/css/bootstrap.min.css responded 200 in 0.9034 ms
[15:17:29 INF] HTTP GET /Biktal.WebMVC.styles.css responded 304 in 0.1712 ms
[15:17:29 INF] HTTP GET /lib/jquery/dist/jquery.min.js responded 304 in 0.4926 ms
[15:17:29 INF] HTTP GET /js/site.js responded 304 in 0.1271 ms
[15:17:29 INF] HTTP GET /lib/bootstrap/dist/js/bootstrap.bundle.min.js responded 304 in 0.2197 ms
[15:17:33 INF] HTTP GET /Inventory/Products responded 200 in 110.3760 ms
[15:17:33 INF] HTTP GET /lib/bootstrap/dist/css/bootstrap.min.css responded 304 in 0.4949 ms
[15:17:33 INF] HTTP GET /css/site.css responded 304 in 0.6141 ms
[15:17:33 INF] HTTP GET /Biktal.WebMVC.styles.css responded 304 in 0.1741 ms
[15:17:34 INF] HTTP GET /lib/jquery/dist/jquery.min.js responded 304 in 0.0896 ms
[15:17:34 INF] HTTP GET /lib/bootstrap/dist/js/bootstrap.bundle.min.js responded 304 in 0.2151 ms
[15:17:34 INF] HTTP GET /js/site.js responded 304 in 0.3225 ms
[15:17:34 INF] HTTP GET /js/products-catalog-filter.js responded 200 in 0.8411 ms
[15:17:34 INF] HTTP GET /lib/jquery-validation-unobtrusive/dist/jquery.validate.unobtrusive.min.js responded 200 in 13.0914 ms
[15:17:34 INF] HTTP GET /lib/jquery-validation/dist/jquery.validate.min.js responded 200 in 25.4937 ms
[15:35:29 INF] HTTP GET / responded 200 in 109.6989 ms
[15:35:29 INF] HTTP GET /css/site.css responded 200 in 1.3304 ms
[15:35:29 INF] HTTP GET /lib/bootstrap/dist/css/bootstrap.min.css responded 200 in 3.2392 ms
[15:35:29 INF] HTTP GET /lib/jquery/dist/jquery.min.js responded 200 in 0.8510 ms
[15:35:29 INF] HTTP GET /js/site.js responded 200 in 0.5819 ms
[15:35:29 INF] HTTP GET /lib/bootstrap/dist/js/bootstrap.bundle.min.js responded 200 in 1.1902 ms
[15:35:29 INF] HTTP GET /Biktal.WebMVC.styles.css responded 200 in 11.6037 ms
[15:35:29 INF] HTTP GET /js/pos.js responded 200 in 11.7653 ms
[15:37:59 INF] HTTP POST /Pos/CompleteSale responded 200 in 703.1501 ms
[15:38:47 INF] HTTP GET /Insights responded 302 in 0.5783 ms
[15:38:47 INF] HTTP GET /Insights/Daily responded 200 in 28.9252 ms
[15:38:47 INF] HTTP GET /css/site.css responded 200 in 1.5878 ms
[15:38:47 INF] HTTP GET /lib/bootstrap/dist/css/bootstrap.min.css responded 200 in 1.6599 ms
[15:38:47 INF] HTTP GET /Biktal.WebMVC.styles.css responded 200 in 0.5933 ms
[15:38:47 INF] HTTP GET /lib/jquery/dist/jquery.min.js responded 200 in 1.5699 ms
[15:38:47 INF] HTTP GET /lib/bootstrap/dist/js/bootstrap.bundle.min.js responded 200 in 0.8195 ms
[15:38:47 INF] HTTP GET /js/site.js responded 200 in 0.5663 ms
[15:42:07 INF] HTTP GET / responded 200 in 87.1738 ms
[15:42:07 INF] HTTP GET /lib/bootstrap/dist/css/bootstrap.min.css responded 200 in 1.3149 ms
[15:42:07 INF] HTTP GET /lib/bootstrap/dist/js/bootstrap.bundle.min.js responded 200 in 1.3493 ms
[15:42:07 INF] HTTP GET /js/site.js responded 200 in 1.4420 ms
[15:42:07 INF] HTTP GET /lib/jquery/dist/jquery.min.js responded 200 in 2.2813 ms
[15:42:07 INF] HTTP GET /js/pos.js responded 200 in 0.6800 ms
[15:42:07 INF] HTTP GET /css/site.css responded 200 in 1.1709 ms
[15:42:07 INF] HTTP GET /Biktal.WebMVC.styles.css responded 200 in 1.3335 ms
[16:02:35 INF] Application is shutting down...
