[12:49:41 WRN] Using an in-memory repository. Keys will not be persisted to storage.
[12:49:41 WRN] Neither user profile nor HKLM registry available. Using an ephemeral key repository. Protected data will be unavailable when application exits.
[12:49:41 WRN] No XML encryptor configured. Key {8fc7d7c3-2ddf-41e0-a49f-c2a3b820d13a} may be persisted to storage in unencrypted form.
[12:49:41 INF] Application started. Press Ctrl+C to shut down.
[12:49:41 INF] Hosting environment: Production
[12:49:41 INF] Content root path: D:\Systems\BiktalSystems\publish
[12:49:42 ERR] An exception was thrown while deserializing the token.
Microsoft.AspNetCore.Antiforgery.AntiforgeryValidationException: The antiforgery token could not be decrypted.
 ---> System.Security.Cryptography.CryptographicException: The key {85c2fb6b-78f0-4e0d-9aea-5877ee0d4f2d} was not found in the key ring. For more information go to https://aka.ms/aspnet/dataprotectionwarning
   at Microsoft.AspNetCore.DataProtection.KeyManagement.KeyRingBasedDataProtector.UnprotectCore(Byte[] protectedData, Boolean allowOperationsOnRevokedKeys, UnprotectStatus& status)
   at Microsoft.AspNetCore.DataProtection.KeyManagement.KeyRingBasedDataProtector.Unprotect(Byte[] protectedData)
   at Microsoft.AspNetCore.Antiforgery.DefaultAntiforgeryTokenSerializer.Deserialize(String serializedToken)
   --- End of inner exception stack trace ---
   at Microsoft.AspNetCore.Antiforgery.DefaultAntiforgeryTokenSerializer.Deserialize(String serializedToken)
   at Microsoft.AspNetCore.Antiforgery.DefaultAntiforgery.GetCookieTokenDoesNotThrow(HttpContext httpContext)
[12:49:43 INF] HTTP GET /lib/bootstrap/dist/css/bootstrap.min.css responded 200 in 51.4392 ms
[12:49:43 INF] HTTP GET /Inventory/Products responded 200 in 1698.7365 ms
[12:49:43 INF] HTTP GET /Biktal.WebMVC.styles.css responded 200 in 20.8952 ms
[12:49:43 INF] HTTP GET /css/site.css responded 200 in 41.5804 ms
[12:49:44 INF] HTTP GET /js/site.js responded 200 in 4.2548 ms
[12:49:44 INF] HTTP GET /lib/jquery-validation/dist/jquery.validate.min.js responded 200 in 7.2243 ms
[12:49:44 INF] HTTP GET /lib/jquery-validation-unobtrusive/dist/jquery.validate.unobtrusive.min.js responded 200 in 2.2045 ms
[12:49:44 INF] HTTP GET /lib/jquery/dist/jquery.min.js responded 200 in 77.9719 ms
[12:49:44 INF] HTTP GET /lib/bootstrap/dist/js/bootstrap.bundle.min.js responded 200 in 7.5223 ms
[12:49:44 INF] HTTP GET /js/products-catalog-filter.js responded 200 in 24.3234 ms
[12:50:36 WRN] The query uses the 'First'/'FirstOrDefault' operator without 'OrderBy' and filter operators. This may lead to unpredictable results.
[12:50:36 INF] HTTP GET / responded 200 in 399.5522 ms
[12:50:36 INF] HTTP GET /lib/bootstrap/dist/css/bootstrap.min.css responded 200 in 7.0719 ms
[12:50:36 INF] HTTP GET /Biktal.WebMVC.styles.css responded 200 in 1.4552 ms
[12:50:36 INF] HTTP GET /css/site.css responded 200 in 5.5753 ms
[12:50:36 INF] HTTP GET /js/site.js responded 200 in 0.7225 ms
[12:50:36 INF] HTTP GET /js/pos.js responded 200 in 0.8458 ms
[12:50:36 INF] HTTP GET /lib/jquery/dist/jquery.min.js responded 200 in 28.1706 ms
[12:50:36 INF] HTTP GET /lib/bootstrap/dist/js/bootstrap.bundle.min.js responded 200 in 169.6883 ms
[12:51:11 INF] HTTP POST /Pos/CompleteSale responded 200 in 1888.9990 ms
[12:56:55 INF] HTTP POST /Pos/CompleteSale responded 200 in 329.9435 ms
[12:57:00 INF] HTTP GET /Inventory/Products responded 200 in 276.3151 ms
[12:57:00 INF] HTTP GET /css/site.css responded 200 in 1.0416 ms
[12:57:00 INF] HTTP GET /Biktal.WebMVC.styles.css responded 200 in 1.1012 ms
[12:57:00 INF] HTTP GET /lib/bootstrap/dist/css/bootstrap.min.css responded 200 in 1.5034 ms
[12:57:01 INF] HTTP GET /lib/jquery/dist/jquery.min.js responded 200 in 1.6205 ms
[12:57:01 INF] HTTP GET /js/site.js responded 200 in 0.8228 ms
[12:57:01 INF] HTTP GET /lib/bootstrap/dist/js/bootstrap.bundle.min.js responded 200 in 0.7897 ms
[12:57:01 INF] HTTP GET /js/products-catalog-filter.js responded 200 in 0.7106 ms
[12:57:01 INF] HTTP GET /lib/jquery-validation-unobtrusive/dist/jquery.validate.unobtrusive.min.js responded 200 in 14.3789 ms
[12:57:01 INF] HTTP GET /lib/jquery-validation/dist/jquery.validate.min.js responded 200 in 23.5013 ms
[13:06:53 INF] HTTP GET /Repairs responded 200 in 360.4100 ms
[13:06:53 INF] HTTP GET /css/site.css responded 200 in 1.0069 ms
[13:06:53 INF] HTTP GET /lib/bootstrap/dist/css/bootstrap.min.css responded 200 in 1.3139 ms
[13:06:53 INF] HTTP GET /Biktal.WebMVC.styles.css responded 200 in 2.3110 ms
[13:06:53 INF] HTTP GET /lib/jquery/dist/jquery.min.js responded 200 in 1.4653 ms
[13:06:53 INF] HTTP GET /lib/bootstrap/dist/js/bootstrap.bundle.min.js responded 200 in 4.4495 ms
[13:06:53 INF] HTTP GET /js/site.js responded 200 in 1.2440 ms
[13:06:55 INF] HTTP GET /Repairs/New responded 200 in 132.3143 ms
[13:06:55 INF] HTTP GET /lib/bootstrap/dist/css/bootstrap.min.css responded 304 in 3.9201 ms
[13:06:55 INF] HTTP GET /css/site.css responded 304 in 0.4428 ms
[13:06:55 INF] HTTP GET /Biktal.WebMVC.styles.css responded 304 in 1.2003 ms
[13:06:55 INF] HTTP GET /lib/jquery/dist/jquery.min.js responded 304 in 0.7328 ms
[13:06:55 INF] HTTP GET /lib/bootstrap/dist/js/bootstrap.bundle.min.js responded 304 in 1.0007 ms
[13:06:55 INF] HTTP GET /js/site.js responded 304 in 0.2257 ms
[13:06:55 INF] HTTP GET /lib/jquery-validation/dist/jquery.validate.min.js responded 200 in 0.7756 ms
[13:06:55 INF] HTTP GET /lib/jquery-validation-unobtrusive/dist/jquery.validate.unobtrusive.min.js responded 200 in 1.5275 ms
[13:07:54 INF] HTTP POST /Repairs/CreateTicket responded 200 in 78.0522 ms
[13:07:54 INF] HTTP GET /Biktal.WebMVC.styles.css responded 200 in 2.2098 ms
[13:07:54 INF] HTTP GET /css/site.css responded 200 in 1.9492 ms
[13:07:54 INF] HTTP GET /js/site.js responded 200 in 1.6011 ms
[13:07:54 INF] HTTP GET /lib/jquery-validation/dist/jquery.validate.min.js responded 200 in 1.4727 ms
[13:07:54 INF] HTTP GET /lib/jquery-validation-unobtrusive/dist/jquery.validate.unobtrusive.min.js responded 200 in 1.0276 ms
[13:07:54 INF] HTTP GET /lib/jquery/dist/jquery.min.js responded 200 in 2.7854 ms
[13:07:54 INF] HTTP GET /lib/bootstrap/dist/js/bootstrap.bundle.min.js responded 200 in 2.0333 ms
[13:07:54 INF] HTTP GET /lib/bootstrap/dist/css/bootstrap.min.css responded 200 in 2.4249 ms
[13:18:54 INF] HTTP POST /Repairs/CreateTicket responded 200 in 11.3389 ms
[13:18:54 INF] HTTP GET /css/site.css responded 200 in 0.8898 ms
[13:18:54 INF] HTTP GET /Biktal.WebMVC.styles.css responded 200 in 1.2589 ms
[13:18:54 INF] HTTP GET /lib/bootstrap/dist/css/bootstrap.min.css responded 200 in 3.3955 ms
[13:18:54 INF] HTTP GET /lib/jquery/dist/jquery.min.js responded 200 in 5.9377 ms
[13:18:54 INF] HTTP GET /lib/bootstrap/dist/js/bootstrap.bundle.min.js responded 200 in 0.9402 ms
[13:18:54 INF] HTTP GET /js/site.js responded 200 in 0.7234 ms
[13:18:54 INF] HTTP GET /lib/jquery-validation-unobtrusive/dist/jquery.validate.unobtrusive.min.js responded 200 in 0.6608 ms
[13:18:54 INF] HTTP GET /lib/jquery-validation/dist/jquery.validate.min.js responded 200 in 1.2304 ms
[13:18:59 INF] HTTP GET /Repairs responded 200 in 222.5074 ms
[13:18:59 INF] HTTP GET /lib/bootstrap/dist/css/bootstrap.min.css responded 304 in 0.3478 ms
[13:18:59 INF] HTTP GET /css/site.css responded 304 in 0.7328 ms
[13:18:59 INF] HTTP GET /Biktal.WebMVC.styles.css responded 304 in 0.3799 ms
[13:18:59 INF] HTTP GET /js/site.js responded 304 in 0.1745 ms
[13:18:59 INF] HTTP GET /lib/bootstrap/dist/js/bootstrap.bundle.min.js responded 304 in 0.2617 ms
[13:18:59 INF] HTTP GET /lib/jquery/dist/jquery.min.js responded 304 in 0.1177 ms
[13:19:01 INF] HTTP GET /Repairs/Tickets responded 200 in 99.9686 ms
[13:19:01 INF] HTTP GET /lib/bootstrap/dist/css/bootstrap.min.css responded 200 in 9.9441 ms
[13:19:01 INF] HTTP GET /Biktal.WebMVC.styles.css responded 304 in 0.1553 ms
[13:19:01 INF] HTTP GET /css/site.css responded 304 in 0.1282 ms
[13:19:01 INF] HTTP GET /lib/jquery/dist/jquery.min.js responded 304 in 0.1592 ms
[13:19:01 INF] HTTP GET /lib/bootstrap/dist/js/bootstrap.bundle.min.js responded 304 in 0.2226 ms
[13:19:01 INF] HTTP GET /js/site.js responded 304 in 0.3459 ms
[13:19:18 INF] HTTP GET /Repairs responded 200 in 12.0868 ms
[13:19:18 INF] HTTP GET /css/site.css responded 304 in 0.1448 ms
[13:19:18 INF] HTTP GET /Biktal.WebMVC.styles.css responded 304 in 0.1272 ms
[13:19:18 INF] HTTP GET /lib/bootstrap/dist/css/bootstrap.min.css responded 200 in 0.7115 ms
[13:19:18 INF] HTTP GET /lib/jquery/dist/jquery.min.js responded 304 in 0.1025 ms
[13:19:18 INF] HTTP GET /js/site.js responded 304 in 0.1192 ms
[13:19:18 INF] HTTP GET /lib/bootstrap/dist/js/bootstrap.bundle.min.js responded 304 in 0.1530 ms
[13:19:20 INF] HTTP GET /Repairs/Tickets responded 200 in 7.4932 ms
[13:19:20 INF] HTTP GET /lib/bootstrap/dist/css/bootstrap.min.css responded 200 in 1.6224 ms
[13:19:20 INF] HTTP GET /Biktal.WebMVC.styles.css responded 304 in 0.2541 ms
[13:19:20 INF] HTTP GET /lib/jquery/dist/jquery.min.js responded 304 in 0.1203 ms
[13:19:20 INF] HTTP GET /lib/bootstrap/dist/js/bootstrap.bundle.min.js responded 304 in 0.0638 ms
[13:19:20 INF] HTTP GET /js/site.js responded 304 in 0.0788 ms
[13:19:20 INF] HTTP GET /css/site.css responded 304 in 0.0679 ms
[13:19:22 INF] HTTP GET /Repairs/Ticket/019feb6a-951e-7492-b818-0ab37c4bc738 responded 200 in 73.5234 ms
[13:19:22 INF] HTTP GET /lib/bootstrap/dist/css/bootstrap.min.css responded 304 in 0.2081 ms
[13:19:22 INF] HTTP GET /css/site.css responded 304 in 0.3535 ms
[13:19:22 INF] HTTP GET /Biktal.WebMVC.styles.css responded 304 in 0.1649 ms
[13:19:22 INF] HTTP GET /lib/jquery/dist/jquery.min.js responded 304 in 0.0802 ms
[13:19:22 INF] HTTP GET /lib/bootstrap/dist/js/bootstrap.bundle.min.js responded 304 in 0.0825 ms
[13:19:22 INF] HTTP GET /js/site.js responded 304 in 0.0556 ms
[13:19:38 INF] HTTP GET /Repairs/Tickets responded 200 in 6.4849 ms
[13:19:39 INF] HTTP GET /lib/bootstrap/dist/css/bootstrap.min.css responded 200 in 0.8170 ms
[13:19:39 INF] HTTP GET /css/site.css responded 304 in 1.4496 ms
[13:19:39 INF] HTTP GET /Biktal.WebMVC.styles.css responded 304 in 0.1759 ms
[13:19:39 INF] HTTP GET /lib/jquery/dist/jquery.min.js responded 304 in 0.2574 ms
[13:19:39 INF] HTTP GET /lib/bootstrap/dist/js/bootstrap.bundle.min.js responded 304 in 0.1750 ms
[13:19:39 INF] HTTP GET /js/site.js responded 304 in 0.1554 ms
[13:19:45 INF] HTTP GET /Repairs/New responded 200 in 5.2223 ms
[13:19:45 INF] HTTP GET /lib/bootstrap/dist/css/bootstrap.min.css responded 304 in 0.2110 ms
[13:19:45 INF] HTTP GET /css/site.css responded 304 in 1.0777 ms
[13:19:45 INF] HTTP GET /Biktal.WebMVC.styles.css responded 304 in 0.1447 ms
[13:19:45 INF] HTTP GET /lib/jquery/dist/jquery.min.js responded 304 in 0.1515 ms
[13:19:45 INF] HTTP GET /lib/bootstrap/dist/js/bootstrap.bundle.min.js responded 304 in 0.1145 ms
[13:19:45 INF] HTTP GET /lib/jquery-validation/dist/jquery.validate.min.js responded 200 in 1.7581 ms
[13:19:45 INF] HTTP GET /lib/jquery-validation-unobtrusive/dist/jquery.validate.unobtrusive.min.js responded 200 in 0.7924 ms
[13:19:45 INF] HTTP GET /js/site.js responded 304 in 0.3519 ms
[13:20:16 INF] HTTP GET /Repairs responded 200 in 7.0052 ms
[13:20:16 INF] HTTP GET /css/site.css responded 304 in 0.1106 ms
[13:20:16 INF] HTTP GET /Biktal.WebMVC.styles.css responded 304 in 0.0680 ms
[13:20:16 INF] HTTP GET /lib/bootstrap/dist/css/bootstrap.min.css responded 200 in 7.1522 ms
[13:20:16 INF] HTTP GET /lib/jquery/dist/jquery.min.js responded 304 in 0.1406 ms
[13:20:16 INF] HTTP GET /lib/bootstrap/dist/js/bootstrap.bundle.min.js responded 304 in 0.1755 ms
[13:20:16 INF] HTTP GET /js/site.js responded 304 in 1.7849 ms
[13:20:19 INF] HTTP GET /Repairs/Tickets responded 200 in 5.7094 ms
[13:20:19 INF] HTTP GET /lib/bootstrap/dist/css/bootstrap.min.css responded 200 in 0.7115 ms
[13:20:19 INF] HTTP GET /css/site.css responded 200 in 0.4550 ms
[13:20:19 INF] HTTP GET /Biktal.WebMVC.styles.css responded 200 in 0.5198 ms
[13:20:19 INF] HTTP GET /lib/jquery/dist/jquery.min.js responded 200 in 0.5524 ms
[13:20:19 INF] HTTP GET /lib/bootstrap/dist/js/bootstrap.bundle.min.js responded 200 in 0.4320 ms
[13:20:19 INF] HTTP GET /js/site.js responded 200 in 0.3789 ms
[13:20:50 INF] HTTP GET /Repairs/New responded 200 in 11.6019 ms
[13:20:51 INF] HTTP GET /lib/bootstrap/dist/css/bootstrap.min.css responded 200 in 0.9283 ms
[13:20:51 INF] HTTP GET /Biktal.WebMVC.styles.css responded 200 in 0.4754 ms
[13:20:51 INF] HTTP GET /lib/jquery/dist/jquery.min.js responded 304 in 0.1172 ms
[13:20:51 INF] HTTP GET /lib/jquery-validation-unobtrusive/dist/jquery.validate.unobtrusive.min.js responded 200 in 0.5500 ms
[13:20:51 INF] HTTP GET /lib/bootstrap/dist/js/bootstrap.bundle.min.js responded 304 in 0.1378 ms
[13:20:51 INF] HTTP GET /js/site.js responded 304 in 0.1057 ms
[13:20:51 INF] HTTP GET /lib/jquery-validation/dist/jquery.validate.min.js responded 200 in 1.0599 ms
[13:20:51 INF] HTTP GET /css/site.css responded 200 in 0.7219 ms
[13:23:18 INF] HTTP POST /Repairs/CreateTicket responded 302 in 67.7922 ms
[13:23:18 INF] HTTP GET /Repairs/Ticket/019ff57f-73b3-7b4a-ad18-26071a71d305 responded 200 in 7.8887 ms
[13:23:18 INF] HTTP GET /css/site.css responded 200 in 0.5620 ms
[13:23:18 INF] HTTP GET /lib/jquery/dist/jquery.min.js responded 200 in 2.6216 ms
[13:23:18 INF] HTTP GET /lib/bootstrap/dist/js/bootstrap.bundle.min.js responded 200 in 2.2609 ms
[13:23:18 INF] HTTP GET /js/site.js responded 200 in 0.7999 ms
[13:23:18 INF] HTTP GET /Biktal.WebMVC.styles.css responded 200 in 0.5069 ms
[13:23:18 INF] HTTP GET /lib/bootstrap/dist/css/bootstrap.min.css responded 200 in 0.5080 ms
[13:23:23 INF] HTTP POST /Repairs/UpdateTicketStatus responded 302 in 60.1660 ms
[13:23:23 INF] HTTP GET /Repairs/Ticket/019ff57f-73b3-7b4a-ad18-26071a71d305 responded 200 in 9.0974 ms
[13:23:24 INF] HTTP GET /lib/bootstrap/dist/css/bootstrap.min.css responded 200 in 0.9985 ms
[13:23:24 INF] HTTP GET /css/site.css responded 200 in 0.5756 ms
[13:23:24 INF] HTTP GET /Biktal.WebMVC.styles.css responded 200 in 1.3496 ms
[13:23:24 INF] HTTP GET /lib/jquery/dist/jquery.min.js responded 304 in 0.1750 ms
[13:23:24 INF] HTTP GET /js/site.js responded 304 in 0.1063 ms
[13:23:24 INF] HTTP GET /lib/bootstrap/dist/js/bootstrap.bundle.min.js responded 304 in 0.1397 ms
[13:23:25 INF] HTTP POST /Repairs/UpdateTicketEstimate responded 302 in 35.2898 ms
[13:23:25 INF] HTTP GET /Repairs/Ticket/019ff57f-73b3-7b4a-ad18-26071a71d305 responded 200 in 6.7684 ms
[13:23:26 INF] HTTP GET /lib/bootstrap/dist/css/bootstrap.min.css responded 200 in 3.6650 ms
[13:23:26 INF] HTTP GET /Biktal.WebMVC.styles.css responded 200 in 0.6201 ms
[13:23:26 INF] HTTP GET /css/site.css responded 200 in 1.9977 ms
[13:23:26 INF] HTTP GET /lib/jquery/dist/jquery.min.js responded 304 in 0.1591 ms
[13:23:26 INF] HTTP GET /lib/bootstrap/dist/js/bootstrap.bundle.min.js responded 304 in 0.1079 ms
[13:23:26 INF] HTTP GET /js/site.js responded 304 in 0.2805 ms
[13:23:28 INF] HTTP GET /Repairs/Tickets responded 200 in 3.7301 ms
[13:23:28 INF] HTTP GET /lib/bootstrap/dist/css/bootstrap.min.css responded 304 in 0.1430 ms
[13:23:28 INF] HTTP GET /css/site.css responded 304 in 0.1742 ms
[13:23:28 INF] HTTP GET /Biktal.WebMVC.styles.css responded 304 in 0.1286 ms
[13:23:28 INF] HTTP GET /lib/jquery/dist/jquery.min.js responded 304 in 0.5068 ms
[13:23:28 INF] HTTP GET /lib/bootstrap/dist/js/bootstrap.bundle.min.js responded 304 in 0.1501 ms
[13:23:28 INF] HTTP GET /js/site.js responded 304 in 0.2341 ms
[13:32:32 INF] HTTP GET / responded 200 in 144.7722 ms
[13:32:32 INF] HTTP GET /css/site.css responded 200 in 1.3107 ms
[13:32:32 INF] HTTP GET /Biktal.WebMVC.styles.css responded 200 in 0.7826 ms
[13:32:32 INF] HTTP GET /lib/bootstrap/dist/css/bootstrap.min.css responded 200 in 1.2600 ms
[13:32:32 INF] HTTP GET /lib/bootstrap/dist/js/bootstrap.bundle.min.js responded 200 in 1.1656 ms
[13:32:32 INF] HTTP GET /lib/jquery/dist/jquery.min.js responded 200 in 0.7107 ms
[13:32:32 INF] HTTP GET /js/pos.js responded 200 in 0.4652 ms
[13:32:32 INF] HTTP GET /js/site.js responded 200 in 1.4645 ms
[13:33:23 INF] HTTP POST /Pos/CompleteSale responded 200 in 132.1042 ms
[13:54:07 INF] Application is shutting down...
