[18:33:38 ERR] Failed executing DbCommand (7ms) [Parameters=[@p0='?' (DbType = Guid), @p1='?' (DbType = DateTime), @p2='?' (DbType = Guid), @p3='?', @p4='?' (DbType = DateTime), @p5='?' (DbType = Int32), @p6='?' (DbType = Int32), @p7='?', @p8='?', @p9='?' (DbType = Guid), @p10='?' (DbType = DateTime), @p11='?' (DbType = Guid), @p12='?', @p13='?' (DbType = DateTime), @p14='?' (DbType = Int32), @p15='?' (DbType = Int32), @p16='?', @p17='?'], CommandType='Text', CommandTimeout='30']
INSERT INTO "CrmSupportTickets" ("Id", "CreatedAtUtc", "CustomerId", "Description", "ModifiedAtUtc", "Priority", "Status", "Subject", "TicketNumber")
VALUES (@p0, @p1, @p2, @p3, @p4, @p5, @p6, @p7, @p8);
INSERT INTO "CrmSupportTickets" ("Id", "CreatedAtUtc", "CustomerId", "Description", "ModifiedAtUtc", "Priority", "Status", "Subject", "TicketNumber")
VALUES (@p9, @p10, @p11, @p12, @p13, @p14, @p15, @p16, @p17);
[18:33:38 ERR] An exception occurred in the database while saving changes for context type 'Biktal.Infrastructure.Persistence.ApplicationDbContext'.
Microsoft.EntityFrameworkCore.DbUpdateException: An error occurred while saving the entity changes. See the inner exception for details.
 ---> Npgsql.PostgresException (0x80004005): 23503: insert or update on table "CrmSupportTickets" violates foreign key constraint "FK_CrmSupportTickets_CrmCustomers_CustomerId"

DETAIL: Detail redacted as it may contain sensitive data. Specify 'Include Error Detail' in the connection string to include this information.
   at Npgsql.Internal.NpgsqlConnector.ReadMessageLong(Boolean async, DataRowLoadingMode dataRowLoadingMode, Boolean readingNotifications, Boolean isReadingPrependedMessage)
   at System.Runtime.CompilerServices.PoolingAsyncValueTaskMethodBuilder`1.StateMachineBox`1.System.Threading.Tasks.Sources.IValueTaskSource<TResult>.GetResult(Int16 token)
   at Npgsql.NpgsqlDataReader.NextResult(Boolean async, Boolean isConsuming, CancellationToken cancellationToken)
   at Npgsql.NpgsqlDataReader.NextResult(Boolean async, Boolean isConsuming, CancellationToken cancellationToken)
   at Npgsql.NpgsqlCommand.ExecuteReader(Boolean async, CommandBehavior behavior, CancellationToken cancellationToken)
   at Npgsql.NpgsqlCommand.ExecuteReader(Boolean async, CommandBehavior behavior, CancellationToken cancellationToken)
   at Npgsql.NpgsqlCommand.ExecuteDbDataReaderAsync(CommandBehavior behavior, CancellationToken cancellationToken)
   at Microsoft.EntityFrameworkCore.Storage.RelationalCommand.ExecuteReaderAsync(RelationalCommandParameterObject parameterObject, CancellationToken cancellationToken)
   at Microsoft.EntityFrameworkCore.Storage.RelationalCommand.ExecuteReaderAsync(RelationalCommandParameterObject parameterObject, CancellationToken cancellationToken)
   at Microsoft.EntityFrameworkCore.Update.ReaderModificationCommandBatch.ExecuteAsync(IRelationalConnection connection, CancellationToken cancellationToken)
  Exception data:
    Severity: ERROR
    SqlState: 23503
    MessageText: insert or update on table "CrmSupportTickets" violates foreign key constraint "FK_CrmSupportTickets_CrmCustomers_CustomerId"
    Detail: Detail redacted as it may contain sensitive data. Specify 'Include Error Detail' in the connection string to include this information.
    SchemaName: public
    TableName: CrmSupportTickets
    ConstraintName: FK_CrmSupportTickets_CrmCustomers_CustomerId
    File: ri_triggers.c
    Line: 2783
    Routine: ri_ReportViolation
   --- End of inner exception stack trace ---
   at Microsoft.EntityFrameworkCore.Update.ReaderModificationCommandBatch.ExecuteAsync(IRelationalConnection connection, CancellationToken cancellationToken)
   at Microsoft.EntityFrameworkCore.Update.Internal.BatchExecutor.ExecuteAsync(IEnumerable`1 commandBatches, IRelationalConnection connection, CancellationToken cancellationToken)
   at Microsoft.EntityFrameworkCore.Update.Internal.BatchExecutor.ExecuteAsync(IEnumerable`1 commandBatches, IRelationalConnection connection, CancellationToken cancellationToken)
   at Microsoft.EntityFrameworkCore.Update.Internal.BatchExecutor.ExecuteAsync(IEnumerable`1 commandBatches, IRelationalConnection connection, CancellationToken cancellationToken)
   at Microsoft.EntityFrameworkCore.Storage.RelationalDatabase.SaveChangesAsync(IList`1 entries, CancellationToken cancellationToken)
   at Microsoft.EntityFrameworkCore.ChangeTracking.Internal.StateManager.SaveChangesAsync(IList`1 entriesToSave, CancellationToken cancellationToken)
   at Microsoft.EntityFrameworkCore.ChangeTracking.Internal.StateManager.SaveChangesAsync(StateManager stateManager, Boolean acceptAllChangesOnSuccess, CancellationToken cancellationToken)
   at Npgsql.EntityFrameworkCore.PostgreSQL.Storage.Internal.NpgsqlExecutionStrategy.ExecuteAsync[TState,TResult](TState state, Func`4 operation, Func`4 verifySucceeded, CancellationToken cancellationToken)
   at Microsoft.EntityFrameworkCore.DbContext.SaveChangesAsync(Boolean acceptAllChangesOnSuccess, CancellationToken cancellationToken)
Microsoft.EntityFrameworkCore.DbUpdateException: An error occurred while saving the entity changes. See the inner exception for details.
 ---> Npgsql.PostgresException (0x80004005): 23503: insert or update on table "CrmSupportTickets" violates foreign key constraint "FK_CrmSupportTickets_CrmCustomers_CustomerId"

DETAIL: Detail redacted as it may contain sensitive data. Specify 'Include Error Detail' in the connection string to include this information.
   at Npgsql.Internal.NpgsqlConnector.ReadMessageLong(Boolean async, DataRowLoadingMode dataRowLoadingMode, Boolean readingNotifications, Boolean isReadingPrependedMessage)
   at System.Runtime.CompilerServices.PoolingAsyncValueTaskMethodBuilder`1.StateMachineBox`1.System.Threading.Tasks.Sources.IValueTaskSource<TResult>.GetResult(Int16 token)
   at Npgsql.NpgsqlDataReader.NextResult(Boolean async, Boolean isConsuming, CancellationToken cancellationToken)
   at Npgsql.NpgsqlDataReader.NextResult(Boolean async, Boolean isConsuming, CancellationToken cancellationToken)
   at Npgsql.NpgsqlCommand.ExecuteReader(Boolean async, CommandBehavior behavior, CancellationToken cancellationToken)
   at Npgsql.NpgsqlCommand.ExecuteReader(Boolean async, CommandBehavior behavior, CancellationToken cancellationToken)
   at Npgsql.NpgsqlCommand.ExecuteDbDataReaderAsync(CommandBehavior behavior, CancellationToken cancellationToken)
   at Microsoft.EntityFrameworkCore.Storage.RelationalCommand.ExecuteReaderAsync(RelationalCommandParameterObject parameterObject, CancellationToken cancellationToken)
   at Microsoft.EntityFrameworkCore.Storage.RelationalCommand.ExecuteReaderAsync(RelationalCommandParameterObject parameterObject, CancellationToken cancellationToken)
   at Microsoft.EntityFrameworkCore.Update.ReaderModificationCommandBatch.ExecuteAsync(IRelationalConnection connection, CancellationToken cancellationToken)
  Exception data:
    Severity: ERROR
    SqlState: 23503
    MessageText: insert or update on table "CrmSupportTickets" violates foreign key constraint "FK_CrmSupportTickets_CrmCustomers_CustomerId"
    Detail: Detail redacted as it may contain sensitive data. Specify 'Include Error Detail' in the connection string to include this information.
    SchemaName: public
    TableName: CrmSupportTickets
    ConstraintName: FK_CrmSupportTickets_CrmCustomers_CustomerId
    File: ri_triggers.c
    Line: 2783
    Routine: ri_ReportViolation
   --- End of inner exception stack trace ---
   at Microsoft.EntityFrameworkCore.Update.ReaderModificationCommandBatch.ExecuteAsync(IRelationalConnection connection, CancellationToken cancellationToken)
   at Microsoft.EntityFrameworkCore.Update.Internal.BatchExecutor.ExecuteAsync(IEnumerable`1 commandBatches, IRelationalConnection connection, CancellationToken cancellationToken)
   at Microsoft.EntityFrameworkCore.Update.Internal.BatchExecutor.ExecuteAsync(IEnumerable`1 commandBatches, IRelationalConnection connection, CancellationToken cancellationToken)
   at Microsoft.EntityFrameworkCore.Update.Internal.BatchExecutor.ExecuteAsync(IEnumerable`1 commandBatches, IRelationalConnection connection, CancellationToken cancellationToken)
   at Microsoft.EntityFrameworkCore.Storage.RelationalDatabase.SaveChangesAsync(IList`1 entries, CancellationToken cancellationToken)
   at Microsoft.EntityFrameworkCore.ChangeTracking.Internal.StateManager.SaveChangesAsync(IList`1 entriesToSave, CancellationToken cancellationToken)
   at Microsoft.EntityFrameworkCore.ChangeTracking.Internal.StateManager.SaveChangesAsync(StateManager stateManager, Boolean acceptAllChangesOnSuccess, CancellationToken cancellationToken)
   at Npgsql.EntityFrameworkCore.PostgreSQL.Storage.Internal.NpgsqlExecutionStrategy.ExecuteAsync[TState,TResult](TState state, Func`4 operation, Func`4 verifySucceeded, CancellationToken cancellationToken)
   at Microsoft.EntityFrameworkCore.DbContext.SaveChangesAsync(Boolean acceptAllChangesOnSuccess, CancellationToken cancellationToken)
[18:33:38 ERR] Database migration or seed failed. Check PostgreSQL is running and ConnectionStrings:DefaultConnection is correct.
Microsoft.EntityFrameworkCore.DbUpdateException: An error occurred while saving the entity changes. See the inner exception for details.
 ---> Npgsql.PostgresException (0x80004005): 23503: insert or update on table "CrmSupportTickets" violates foreign key constraint "FK_CrmSupportTickets_CrmCustomers_CustomerId"

DETAIL: Detail redacted as it may contain sensitive data. Specify 'Include Error Detail' in the connection string to include this information.
   at Npgsql.Internal.NpgsqlConnector.ReadMessageLong(Boolean async, DataRowLoadingMode dataRowLoadingMode, Boolean readingNotifications, Boolean isReadingPrependedMessage)
   at System.Runtime.CompilerServices.PoolingAsyncValueTaskMethodBuilder`1.StateMachineBox`1.System.Threading.Tasks.Sources.IValueTaskSource<TResult>.GetResult(Int16 token)
   at Npgsql.NpgsqlDataReader.NextResult(Boolean async, Boolean isConsuming, CancellationToken cancellationToken)
   at Npgsql.NpgsqlDataReader.NextResult(Boolean async, Boolean isConsuming, CancellationToken cancellationToken)
   at Npgsql.NpgsqlCommand.ExecuteReader(Boolean async, CommandBehavior behavior, CancellationToken cancellationToken)
   at Npgsql.NpgsqlCommand.ExecuteReader(Boolean async, CommandBehavior behavior, CancellationToken cancellationToken)
   at Npgsql.NpgsqlCommand.ExecuteDbDataReaderAsync(CommandBehavior behavior, CancellationToken cancellationToken)
   at Microsoft.EntityFrameworkCore.Storage.RelationalCommand.ExecuteReaderAsync(RelationalCommandParameterObject parameterObject, CancellationToken cancellationToken)
   at Microsoft.EntityFrameworkCore.Storage.RelationalCommand.ExecuteReaderAsync(RelationalCommandParameterObject parameterObject, CancellationToken cancellationToken)
   at Microsoft.EntityFrameworkCore.Update.ReaderModificationCommandBatch.ExecuteAsync(IRelationalConnection connection, CancellationToken cancellationToken)
  Exception data:
    Severity: ERROR
    SqlState: 23503
    MessageText: insert or update on table "CrmSupportTickets" violates foreign key constraint "FK_CrmSupportTickets_CrmCustomers_CustomerId"
    Detail: Detail redacted as it may contain sensitive data. Specify 'Include Error Detail' in the connection string to include this information.
    SchemaName: public
    TableName: CrmSupportTickets
    ConstraintName: FK_CrmSupportTickets_CrmCustomers_CustomerId
    File: ri_triggers.c
    Line: 2783
    Routine: ri_ReportViolation
   --- End of inner exception stack trace ---
   at Microsoft.EntityFrameworkCore.Update.ReaderModificationCommandBatch.ExecuteAsync(IRelationalConnection connection, CancellationToken cancellationToken)
   at Microsoft.EntityFrameworkCore.Update.Internal.BatchExecutor.ExecuteAsync(IEnumerable`1 commandBatches, IRelationalConnection connection, CancellationToken cancellationToken)
   at Microsoft.EntityFrameworkCore.Update.Internal.BatchExecutor.ExecuteAsync(IEnumerable`1 commandBatches, IRelationalConnection connection, CancellationToken cancellationToken)
   at Microsoft.EntityFrameworkCore.Update.Internal.BatchExecutor.ExecuteAsync(IEnumerable`1 commandBatches, IRelationalConnection connection, CancellationToken cancellationToken)
   at Microsoft.EntityFrameworkCore.Storage.RelationalDatabase.SaveChangesAsync(IList`1 entries, CancellationToken cancellationToken)
   at Microsoft.EntityFrameworkCore.ChangeTracking.Internal.StateManager.SaveChangesAsync(IList`1 entriesToSave, CancellationToken cancellationToken)
   at Microsoft.EntityFrameworkCore.ChangeTracking.Internal.StateManager.SaveChangesAsync(StateManager stateManager, Boolean acceptAllChangesOnSuccess, CancellationToken cancellationToken)
   at Npgsql.EntityFrameworkCore.PostgreSQL.Storage.Internal.NpgsqlExecutionStrategy.ExecuteAsync[TState,TResult](TState state, Func`4 operation, Func`4 verifySucceeded, CancellationToken cancellationToken)
   at Microsoft.EntityFrameworkCore.DbContext.SaveChangesAsync(Boolean acceptAllChangesOnSuccess, CancellationToken cancellationToken)
   at Microsoft.EntityFrameworkCore.DbContext.SaveChangesAsync(Boolean acceptAllChangesOnSuccess, CancellationToken cancellationToken)
   at Biktal.Infrastructure.Persistence.CrmDataSeeder.SeedIfEmptyAsync(ApplicationDbContext db, CancellationToken cancellationToken)
   at Program.<Main>$(String[] args) in d:\Systems\BiktalSystems\Program.cs:line 71
[18:33:38 WRN] Continuing without a successful migration/seed. Auth and data pages may fail until the database is available.
[18:33:38 WRN] Using an in-memory repository. Keys will not be persisted to storage.
[18:33:38 WRN] Neither user profile nor HKLM registry available. Using an ephemeral key repository. Protected data will be unavailable when application exits.
[18:33:38 WRN] No XML encryptor configured. Key {76b2dcfb-c874-4a82-bf6b-d38cfb3a8e67} may be persisted to storage in unencrypted form.
[18:33:38 INF] Application started. Press Ctrl+C to shut down.
[18:33:38 INF] Hosting environment: Production
[18:33:38 INF] Content root path: D:\Systems\BiktalSystems\publish
[18:33:38 INF] HTTP GET /Pos responded 302 in 81.5502 ms
[18:33:38 ERR] An exception was thrown while deserializing the token.
Microsoft.AspNetCore.Antiforgery.AntiforgeryValidationException: The antiforgery token could not be decrypted.
 ---> System.Security.Cryptography.CryptographicException: The key {a415e36d-1ae9-4c98-8b50-17585213cacf} was not found in the key ring. For more information go to https://aka.ms/aspnet/dataprotectionwarning
   at Microsoft.AspNetCore.DataProtection.KeyManagement.KeyRingBasedDataProtector.UnprotectCore(Byte[] protectedData, Boolean allowOperationsOnRevokedKeys, UnprotectStatus& status)
   at Microsoft.AspNetCore.DataProtection.KeyManagement.KeyRingBasedDataProtector.Unprotect(Byte[] protectedData)
   at Microsoft.AspNetCore.Antiforgery.DefaultAntiforgeryTokenSerializer.Deserialize(String serializedToken)
   --- End of inner exception stack trace ---
   at Microsoft.AspNetCore.Antiforgery.DefaultAntiforgeryTokenSerializer.Deserialize(String serializedToken)
   at Microsoft.AspNetCore.Antiforgery.DefaultAntiforgery.GetCookieTokenDoesNotThrow(HttpContext httpContext)
[18:33:38 INF] HTTP GET /Account/Login responded 200 in 233.0858 ms
[18:33:38 INF] HTTP GET /Biktal.WebMVC.styles.css responded 200 in 33.9290 ms
[18:33:38 INF] HTTP GET /css/site.css responded 200 in 39.1289 ms
[18:33:38 INF] HTTP GET /lib/bootstrap/dist/css/bootstrap.min.css responded 200 in 40.9410 ms
[18:33:38 INF] HTTP GET /js/site.js responded 200 in 11.4439 ms
[18:33:38 INF] HTTP GET /lib/jquery/dist/jquery.min.js responded 200 in 12.2056 ms
[18:33:38 INF] HTTP GET /lib/jquery-validation-unobtrusive/dist/jquery.validate.unobtrusive.min.js responded 200 in 43.0217 ms
[18:33:38 INF] HTTP GET /lib/jquery-validation/dist/jquery.validate.min.js responded 200 in 32.4904 ms
[18:33:38 INF] HTTP GET /lib/bootstrap/dist/js/bootstrap.bundle.min.js responded 200 in 12.6055 ms
[18:33:55 INF] HTTP POST /Account/Login responded 200 in 152.3024 ms
[18:33:56 INF] HTTP GET /lib/jquery-validation-unobtrusive/dist/jquery.validate.unobtrusive.min.js responded 304 in 87.1669 ms
[18:33:56 INF] HTTP GET /lib/jquery-validation/dist/jquery.validate.min.js responded 304 in 40.3229 ms
[18:33:56 INF] HTTP GET /Biktal.WebMVC.styles.css responded 200 in 111.6886 ms
[18:33:56 INF] HTTP GET /lib/jquery/dist/jquery.min.js responded 304 in 109.5785 ms
[18:33:56 INF] HTTP GET /js/site.js responded 304 in 108.2157 ms
[18:33:56 INF] HTTP GET /css/site.css responded 200 in 116.3688 ms
[18:33:56 INF] HTTP GET /lib/bootstrap/dist/css/bootstrap.min.css responded 200 in 117.1674 ms
[18:33:56 INF] HTTP GET /lib/bootstrap/dist/js/bootstrap.bundle.min.js responded 304 in 168.0349 ms
[18:34:01 INF] HTTP GET /Account/Login responded 200 in 47.3644 ms
[18:34:01 INF] HTTP GET /lib/bootstrap/dist/css/bootstrap.min.css responded 200 in 1.8572 ms
[18:34:01 INF] HTTP GET /css/site.css responded 200 in 1.6092 ms
[18:34:01 INF] HTTP GET /Biktal.WebMVC.styles.css responded 200 in 1.0295 ms
[18:34:01 INF] HTTP GET /lib/jquery/dist/jquery.min.js responded 200 in 1.4387 ms
[18:34:01 INF] HTTP GET /lib/bootstrap/dist/js/bootstrap.bundle.min.js responded 200 in 3.6862 ms
[18:34:01 INF] HTTP GET /js/site.js responded 200 in 3.2518 ms
[18:34:01 INF] HTTP GET /lib/jquery-validation/dist/jquery.validate.min.js responded 200 in 1.7834 ms
[18:34:01 INF] HTTP GET /lib/jquery-validation-unobtrusive/dist/jquery.validate.unobtrusive.min.js responded 200 in 1.1126 ms
[18:34:40 INF] HTTP POST /Account/Login responded 200 in 15.3717 ms
[18:34:40 INF] HTTP GET /lib/bootstrap/dist/css/bootstrap.min.css responded 200 in 10.1690 ms
[18:34:40 INF] HTTP GET /Biktal.WebMVC.styles.css responded 200 in 1.2474 ms
[18:34:40 INF] HTTP GET /css/site.css responded 200 in 4.2433 ms
[18:34:40 INF] HTTP GET /lib/jquery/dist/jquery.min.js responded 304 in 3.8488 ms
[18:34:40 INF] HTTP GET /js/site.js responded 304 in 10.9366 ms
[18:34:40 INF] HTTP GET /lib/bootstrap/dist/js/bootstrap.bundle.min.js responded 304 in 12.6537 ms
[18:34:40 INF] HTTP GET /lib/jquery-validation/dist/jquery.validate.min.js responded 304 in 5.2000 ms
[18:34:40 INF] HTTP GET /lib/jquery-validation-unobtrusive/dist/jquery.validate.unobtrusive.min.js responded 304 in 0.9066 ms
[18:34:54 INF] HTTP POST /Account/Login responded 200 in 9.2840 ms
[18:34:54 INF] HTTP GET /css/site.css responded 304 in 16.4491 ms
[18:34:54 INF] HTTP GET /lib/bootstrap/dist/css/bootstrap.min.css responded 304 in 14.3982 ms
[18:34:54 INF] HTTP GET /lib/jquery/dist/jquery.min.js responded 304 in 6.6949 ms
[18:34:54 INF] HTTP GET /lib/bootstrap/dist/js/bootstrap.bundle.min.js responded 304 in 5.1150 ms
[18:34:54 INF] HTTP GET /Biktal.WebMVC.styles.css responded 304 in 4.6800 ms
[18:34:54 INF] HTTP GET /lib/jquery-validation/dist/jquery.validate.min.js responded 304 in 4.3421 ms
[18:34:54 INF] HTTP GET /lib/jquery-validation-unobtrusive/dist/jquery.validate.unobtrusive.min.js responded 304 in 2.2021 ms
[18:34:54 INF] HTTP GET /js/site.js responded 304 in 2.0996 ms
[18:38:33 INF] HTTP GET /lib/bootstrap/dist/css/bootstrap.min.css responded 200 in 1.9073 ms
[18:38:33 INF] HTTP GET /lib/jquery-validation-unobtrusive/dist/jquery.validate.unobtrusive.min.js responded 200 in 0.9231 ms
[18:38:33 INF] HTTP GET /js/products-catalog-filter.js responded 200 in 0.7580 ms
[18:38:33 INF] HTTP GET /Biktal.WebMVC.styles.css responded 200 in 1.1455 ms
[18:38:33 INF] HTTP GET /lib/jquery/dist/jquery.min.js responded 200 in 0.8705 ms
[18:38:33 INF] HTTP GET /lib/bootstrap/dist/js/bootstrap.bundle.min.js responded 200 in 1.0479 ms
[18:38:33 INF] HTTP GET /js/site.js responded 200 in 0.7583 ms
[18:38:33 INF] HTTP GET /css/site.css responded 200 in 0.7449 ms
[18:38:33 INF] HTTP GET /lib/jquery-validation/dist/jquery.validate.min.js responded 200 in 0.8176 ms
[18:38:38 INF] HTTP GET /Pos responded 302 in 3.9938 ms
[18:38:38 INF] HTTP GET /Account/Login responded 200 in 98.1482 ms
[18:38:38 INF] HTTP GET /lib/bootstrap/dist/css/bootstrap.min.css responded 200 in 1.1253 ms
[18:38:38 INF] HTTP GET /css/site.css responded 200 in 0.9556 ms
[18:38:38 INF] HTTP GET /Biktal.WebMVC.styles.css responded 200 in 1.1113 ms
[18:38:38 INF] HTTP GET /lib/jquery/dist/jquery.min.js responded 200 in 2.8324 ms
[18:38:38 INF] HTTP GET /lib/bootstrap/dist/js/bootstrap.bundle.min.js responded 200 in 1.9092 ms
[18:38:38 INF] HTTP GET /js/site.js responded 200 in 1.1060 ms
[18:38:38 INF] HTTP GET /lib/jquery-validation-unobtrusive/dist/jquery.validate.unobtrusive.min.js responded 200 in 1.8711 ms
[18:38:38 INF] HTTP GET /lib/jquery-validation/dist/jquery.validate.min.js responded 200 in 1.0751 ms
[18:46:48 INF] HTTP GET /lib/bootstrap/dist/js/bootstrap.bundle.min.js responded 200 in 30.6722 ms
[18:46:48 INF] HTTP GET /Biktal.WebMVC.styles.css responded 200 in 36.7543 ms
[18:46:48 INF] HTTP GET /lib/bootstrap/dist/css/bootstrap.min.css responded 200 in 36.6257 ms
[18:46:48 INF] HTTP GET /css/site.css responded 200 in 48.5431 ms
[18:46:48 INF] HTTP GET /lib/jquery-validation/dist/jquery.validate.min.js responded 200 in 30.3238 ms
[18:46:48 INF] HTTP GET /js/site.js responded 200 in 29.3861 ms
[18:46:48 INF] HTTP GET /js/products-catalog-filter.js responded 200 in 29.5216 ms
[18:46:48 INF] HTTP GET /lib/jquery-validation-unobtrusive/dist/jquery.validate.unobtrusive.min.js responded 200 in 48.4874 ms
[18:46:48 INF] HTTP GET /lib/jquery/dist/jquery.min.js responded 200 in 49.2525 ms
[18:46:55 INF] HTTP GET /Pos responded 302 in 3.2699 ms
[18:46:56 INF] HTTP GET /Account/Login responded 200 in 913.0874 ms
[18:46:56 INF] HTTP GET /lib/bootstrap/dist/css/bootstrap.min.css responded 200 in 0.6865 ms
[18:46:56 INF] HTTP GET /css/site.css responded 200 in 0.4789 ms
[18:46:56 INF] HTTP GET /Biktal.WebMVC.styles.css responded 200 in 2.7101 ms
[18:46:56 INF] HTTP GET /lib/jquery/dist/jquery.min.js responded 200 in 2.2364 ms
[18:46:56 INF] HTTP GET /lib/bootstrap/dist/js/bootstrap.bundle.min.js responded 200 in 0.9317 ms
[18:46:56 INF] HTTP GET /lib/jquery-validation-unobtrusive/dist/jquery.validate.unobtrusive.min.js responded 200 in 0.6421 ms
[18:46:56 INF] HTTP GET /js/site.js responded 200 in 0.5466 ms
[18:46:56 INF] HTTP GET /lib/jquery-validation/dist/jquery.validate.min.js responded 200 in 2.0837 ms
[18:50:05 INF] HTTP POST /Account/Login responded 302 in 464.5264 ms
[18:50:05 WRN] The query uses the 'First'/'FirstOrDefault' operator without 'OrderBy' and filter operators. This may lead to unpredictable results.
[18:50:05 INF] HTTP GET /Pos responded 200 in 199.1180 ms
[18:50:05 INF] HTTP GET /lib/bootstrap/dist/css/bootstrap.min.css responded 200 in 3.7348 ms
[18:50:05 INF] HTTP GET /css/site.css responded 200 in 6.4514 ms
[18:50:05 INF] HTTP GET /lib/jquery/dist/jquery.min.js responded 200 in 0.9530 ms
[18:50:05 INF] HTTP GET /Biktal.WebMVC.styles.css responded 200 in 8.2739 ms
[18:50:05 INF] HTTP GET /js/site.js responded 200 in 1.0191 ms
[18:50:05 INF] HTTP GET /lib/bootstrap/dist/js/bootstrap.bundle.min.js responded 200 in 3.7188 ms
[18:50:05 INF] HTTP GET /js/pos.js responded 200 in 23.9486 ms
[18:50:28 INF] HTTP POST /Pos/CompleteSale responded 200 in 687.1343 ms
[19:11:23 INF] Application is shutting down...
