[19:41:49 WRN] Using an in-memory repository. Keys will not be persisted to storage.
[19:41:49 WRN] Neither user profile nor HKLM registry available. Using an ephemeral key repository. Protected data will be unavailable when application exits.
[19:41:49 WRN] No XML encryptor configured. Key {ea359c49-a7b1-4ce7-86e5-8934cda3a3ae} may be persisted to storage in unencrypted form.
[19:41:49 INF] Application started. Press Ctrl+C to shut down.
[19:41:49 INF] Hosting environment: Production
[19:41:49 INF] Content root path: D:\Systems\BiktalSystems\publish
[19:41:49 WRN] The query uses the 'First'/'FirstOrDefault' operator without 'OrderBy' and filter operators. This may lead to unpredictable results.
[19:41:49 ERR] An exception was thrown while deserializing the token.
Microsoft.AspNetCore.Antiforgery.AntiforgeryValidationException: The antiforgery token could not be decrypted.
 ---> System.Security.Cryptography.CryptographicException: The key {b2e906e7-f2b2-44fb-ae80-43b8401ca4b6} was not found in the key ring. For more information go to https://aka.ms/aspnet/dataprotectionwarning
   at Microsoft.AspNetCore.DataProtection.KeyManagement.KeyRingBasedDataProtector.UnprotectCore(Byte[] protectedData, Boolean allowOperationsOnRevokedKeys, UnprotectStatus& status)
   at Microsoft.AspNetCore.DataProtection.KeyManagement.KeyRingBasedDataProtector.Unprotect(Byte[] protectedData)
   at Microsoft.AspNetCore.Antiforgery.DefaultAntiforgeryTokenSerializer.Deserialize(String serializedToken)
   --- End of inner exception stack trace ---
   at Microsoft.AspNetCore.Antiforgery.DefaultAntiforgeryTokenSerializer.Deserialize(String serializedToken)
   at Microsoft.AspNetCore.Antiforgery.DefaultAntiforgery.GetCookieTokenDoesNotThrow(HttpContext httpContext)
[19:41:50 INF] HTTP GET / responded 200 in 435.9193 ms
[19:41:50 INF] HTTP GET /css/site.css responded 200 in 42.9239 ms
[19:41:50 INF] HTTP GET /lib/bootstrap/dist/css/bootstrap.min.css responded 200 in 52.5082 ms
[19:41:50 INF] HTTP GET /Biktal.WebMVC.styles.css responded 200 in 57.3207 ms
[19:41:50 INF] HTTP GET /js/pos.js responded 200 in 66.5788 ms
[19:41:50 INF] HTTP GET /lib/jquery/dist/jquery.min.js responded 200 in 69.4323 ms
[19:41:51 INF] HTTP GET /js/site.js responded 200 in 100.5151 ms
[19:41:51 INF] HTTP GET /lib/bootstrap/dist/js/bootstrap.bundle.min.js responded 200 in 120.7549 ms
[19:55:18 INF] HTTP POST /Pos/CompleteSale responded 200 in 1047.7718 ms
[20:15:36 INF] Application is shutting down...
