[13:45:59 WRN] Using an in-memory repository. Keys will not be persisted to storage.
[13:45:59 WRN] Neither user profile nor HKLM registry available. Using an ephemeral key repository. Protected data will be unavailable when application exits.
[13:45:59 WRN] No XML encryptor configured. Key {4e7487a3-73a5-4652-9e22-2c7e56cc40f0} may be persisted to storage in unencrypted form.
[13:45:59 INF] Application started. Press Ctrl+C to shut down.
[13:45:59 INF] Hosting environment: Production
[13:45:59 INF] Content root path: D:\Systems\BiktalSystems\publish
[13:46:00 WRN] The query uses the 'First'/'FirstOrDefault' operator without 'OrderBy' and filter operators. This may lead to unpredictable results.
[13:46:00 ERR] An exception was thrown while deserializing the token.
Microsoft.AspNetCore.Antiforgery.AntiforgeryValidationException: The antiforgery token could not be decrypted.
 ---> System.Security.Cryptography.CryptographicException: The key {0d42fb62-95ee-4804-8e1b-c153e340d9cd} was not found in the key ring. For more information go to https://aka.ms/aspnet/dataprotectionwarning
   at Microsoft.AspNetCore.DataProtection.KeyManagement.KeyRingBasedDataProtector.UnprotectCore(Byte[] protectedData, Boolean allowOperationsOnRevokedKeys, UnprotectStatus& status)
   at Microsoft.AspNetCore.DataProtection.KeyManagement.KeyRingBasedDataProtector.Unprotect(Byte[] protectedData)
   at Microsoft.AspNetCore.Antiforgery.DefaultAntiforgeryTokenSerializer.Deserialize(String serializedToken)
   --- End of inner exception stack trace ---
   at Microsoft.AspNetCore.Antiforgery.DefaultAntiforgeryTokenSerializer.Deserialize(String serializedToken)
   at Microsoft.AspNetCore.Antiforgery.DefaultAntiforgery.GetCookieTokenDoesNotThrow(HttpContext httpContext)
[13:46:00 INF] HTTP GET / responded 200 in 452.5975 ms
[13:46:00 INF] HTTP GET /css/site.css responded 200 in 88.4824 ms
[13:46:00 INF] HTTP GET /Biktal.WebMVC.styles.css responded 200 in 88.6304 ms
[13:46:00 INF] HTTP GET /lib/bootstrap/dist/css/bootstrap.min.css responded 200 in 93.3729 ms
[13:46:00 INF] HTTP GET /js/site.js responded 200 in 21.6638 ms
[13:46:00 INF] HTTP GET /js/pos.js responded 200 in 21.8806 ms
[13:46:00 INF] HTTP GET /lib/bootstrap/dist/js/bootstrap.bundle.min.js responded 200 in 22.7981 ms
[13:46:00 INF] HTTP GET /lib/jquery/dist/jquery.min.js responded 200 in 26.5948 ms
[13:46:01 INF] HTTP GET /favicon.ico responded 200 in 16.0230 ms
[13:46:23 INF] HTTP GET /lib/bootstrap/dist/css/bootstrap.min.css responded 200 in 28.8242 ms
[13:46:23 INF] HTTP GET /Biktal.WebMVC.styles.css responded 200 in 1.1761 ms
[13:46:23 INF] HTTP GET /css/site.css responded 200 in 5.9814 ms
[13:46:23 INF] HTTP GET /Inventory/Products responded 200 in 721.1343 ms
[13:46:23 INF] HTTP GET /lib/jquery/dist/jquery.min.js responded 304 in 23.7083 ms
[13:46:23 INF] HTTP GET /lib/jquery-validation/dist/jquery.validate.min.js responded 200 in 1.8672 ms
[13:46:23 INF] HTTP GET /lib/jquery-validation-unobtrusive/dist/jquery.validate.unobtrusive.min.js responded 200 in 1.3784 ms
[13:46:23 INF] HTTP GET /js/site.js responded 304 in 18.4250 ms
[13:46:23 INF] HTTP GET /js/products-catalog-filter.js responded 200 in 6.7450 ms
[13:46:24 INF] HTTP GET /lib/bootstrap/dist/js/bootstrap.bundle.min.js responded 304 in 104.4522 ms
[13:46:50 INF] HTTP GET / responded 200 in 51.6264 ms
[13:46:51 INF] HTTP GET /lib/bootstrap/dist/css/bootstrap.min.css responded 200 in 12.9645 ms
[13:46:51 INF] HTTP GET /lib/jquery/dist/jquery.min.js responded 304 in 0.4591 ms
[13:46:51 INF] HTTP GET /lib/bootstrap/dist/js/bootstrap.bundle.min.js responded 304 in 0.2260 ms
[13:46:51 INF] HTTP GET /js/site.js responded 304 in 0.3262 ms
[13:46:51 INF] HTTP GET /js/pos.js responded 304 in 0.3259 ms
[13:46:51 INF] HTTP GET /css/site.css responded 200 in 15.0509 ms
[13:46:51 INF] HTTP GET /Biktal.WebMVC.styles.css responded 200 in 14.0174 ms
[13:47:07 INF] HTTP GET /Inventory/Products responded 200 in 209.3792 ms
[13:47:07 INF] HTTP GET /lib/bootstrap/dist/css/bootstrap.min.css responded 200 in 1.2401 ms
[13:47:07 INF] HTTP GET /css/site.css responded 200 in 2.1012 ms
[13:47:07 INF] HTTP GET /Biktal.WebMVC.styles.css responded 200 in 1.4580 ms
[13:47:08 INF] HTTP GET /lib/jquery/dist/jquery.min.js responded 304 in 0.2693 ms
[13:47:08 INF] HTTP GET /js/site.js responded 304 in 0.3595 ms
[13:47:08 INF] HTTP GET /lib/bootstrap/dist/js/bootstrap.bundle.min.js responded 304 in 0.2697 ms
[13:47:08 INF] HTTP GET /js/products-catalog-filter.js responded 304 in 0.2592 ms
[13:47:08 INF] HTTP GET /lib/jquery-validation-unobtrusive/dist/jquery.validate.unobtrusive.min.js responded 304 in 12.2606 ms
[13:47:08 INF] HTTP GET /lib/jquery-validation/dist/jquery.validate.min.js responded 304 in 19.4725 ms
[13:49:38 INF] HTTP GET / responded 200 in 28.5397 ms
[13:49:38 INF] HTTP GET /css/site.css responded 200 in 0.8473 ms
[13:49:38 INF] HTTP GET /js/site.js responded 200 in 4.5420 ms
[13:49:38 INF] HTTP GET /lib/bootstrap/dist/js/bootstrap.bundle.min.js responded 200 in 6.1078 ms
[13:49:38 INF] HTTP GET /lib/bootstrap/dist/css/bootstrap.min.css responded 200 in 0.9323 ms
[13:49:38 INF] HTTP GET /js/pos.js responded 200 in 3.0776 ms
[13:49:38 INF] HTTP GET /Biktal.WebMVC.styles.css responded 200 in 0.6641 ms
[13:49:38 INF] HTTP GET /lib/jquery/dist/jquery.min.js responded 200 in 2.2608 ms
[13:52:28 INF] HTTP POST /Pos/CompleteSale responded 200 in 786.8958 ms
[13:53:23 INF] HTTP GET /Finance responded 200 in 94.3224 ms
[13:53:23 INF] HTTP GET /lib/bootstrap/dist/css/bootstrap.min.css responded 200 in 1.0776 ms
[13:53:23 INF] HTTP GET /css/site.css responded 200 in 6.7873 ms
[13:53:23 INF] HTTP GET /Biktal.WebMVC.styles.css responded 200 in 2.9984 ms
[13:53:24 INF] HTTP GET /lib/bootstrap/dist/js/bootstrap.bundle.min.js responded 200 in 1.9622 ms
[13:53:24 INF] HTTP GET /js/site.js responded 200 in 1.0508 ms
[13:53:24 INF] HTTP GET /lib/jquery/dist/jquery.min.js responded 200 in 2.7765 ms
[13:53:27 INF] HTTP GET /Finance/Cashbox responded 200 in 217.0105 ms
[13:53:27 INF] HTTP GET /lib/bootstrap/dist/css/bootstrap.min.css responded 200 in 1.4209 ms
[13:53:27 INF] HTTP GET /Biktal.WebMVC.styles.css responded 200 in 1.2747 ms
[13:53:27 INF] HTTP GET /css/site.css responded 200 in 1.3804 ms
[13:53:27 INF] HTTP GET /lib/jquery/dist/jquery.min.js responded 304 in 0.6204 ms
[13:53:27 INF] HTTP GET /lib/bootstrap/dist/js/bootstrap.bundle.min.js responded 304 in 0.3145 ms
[13:53:27 INF] HTTP GET /js/site.js responded 304 in 0.2122 ms
[13:53:27 INF] HTTP GET /lib/jquery-validation/dist/jquery.validate.min.js responded 200 in 0.8008 ms
[13:53:27 INF] HTTP GET /lib/jquery-validation-unobtrusive/dist/jquery.validate.unobtrusive.min.js responded 200 in 0.7473 ms
[13:53:32 INF] HTTP GET / responded 200 in 34.6906 ms
[13:53:32 INF] HTTP GET /lib/bootstrap/dist/css/bootstrap.min.css responded 304 in 0.2149 ms
[13:53:32 INF] HTTP GET /css/site.css responded 304 in 0.9576 ms
[13:53:32 INF] HTTP GET /Biktal.WebMVC.styles.css responded 304 in 0.2065 ms
[13:53:32 INF] HTTP GET /lib/jquery/dist/jquery.min.js responded 304 in 0.5508 ms
[13:53:32 INF] HTTP GET /lib/bootstrap/dist/js/bootstrap.bundle.min.js responded 304 in 0.1853 ms
[13:53:32 INF] HTTP GET /js/site.js responded 304 in 0.1853 ms
[13:53:32 INF] HTTP GET /js/pos.js responded 200 in 1.3409 ms
[13:53:49 INF] HTTP GET /Inventory/Products responded 200 in 114.1560 ms
[13:53:49 INF] HTTP GET /lib/bootstrap/dist/css/bootstrap.min.css responded 200 in 7.0898 ms
[13:53:49 INF] HTTP GET /css/site.css responded 304 in 0.2979 ms
[13:53:49 INF] HTTP GET /Biktal.WebMVC.styles.css responded 304 in 0.1375 ms
[13:53:50 INF] HTTP GET /lib/jquery/dist/jquery.min.js responded 304 in 0.2041 ms
[13:53:50 INF] HTTP GET /lib/bootstrap/dist/js/bootstrap.bundle.min.js responded 304 in 0.1294 ms
[13:53:50 INF] HTTP GET /js/site.js responded 304 in 0.1392 ms
[13:53:50 INF] HTTP GET /lib/jquery-validation-unobtrusive/dist/jquery.validate.unobtrusive.min.js responded 304 in 0.1939 ms
[13:53:50 INF] HTTP GET /js/products-catalog-filter.js responded 200 in 1.9144 ms
[13:53:50 INF] HTTP GET /lib/jquery-validation/dist/jquery.validate.min.js responded 304 in 0.5372 ms
[13:55:59 INF] HTTP POST /Inventory/AddProduct responded 302 in 152.5354 ms
[13:55:59 INF] HTTP GET /Inventory/Products responded 200 in 125.6017 ms
[13:55:59 INF] HTTP GET /css/site.css responded 200 in 0.7816 ms
[13:55:59 INF] HTTP GET /Biktal.WebMVC.styles.css responded 200 in 1.9369 ms
[13:55:59 INF] HTTP GET /lib/bootstrap/dist/css/bootstrap.min.css responded 200 in 0.9866 ms
[13:56:00 INF] HTTP GET /lib/jquery/dist/jquery.min.js responded 200 in 0.6373 ms
[13:56:00 INF] HTTP GET /lib/bootstrap/dist/js/bootstrap.bundle.min.js responded 200 in 0.6431 ms
[13:56:00 INF] HTTP GET /js/site.js responded 200 in 0.4205 ms
[13:56:00 INF] HTTP GET /lib/jquery-validation/dist/jquery.validate.min.js responded 200 in 1.1320 ms
[13:56:00 INF] HTTP GET /js/products-catalog-filter.js responded 200 in 0.6176 ms
[13:56:00 INF] HTTP GET /lib/jquery-validation-unobtrusive/dist/jquery.validate.unobtrusive.min.js responded 200 in 5.1179 ms
[13:57:58 INF] HTTP POST /Inventory/AddProduct responded 302 in 178.4740 ms
[13:57:58 INF] HTTP GET /Inventory/Products responded 200 in 79.4315 ms
[13:57:58 INF] HTTP GET /lib/bootstrap/dist/css/bootstrap.min.css responded 200 in 2.3445 ms
[13:57:58 INF] HTTP GET /Biktal.WebMVC.styles.css responded 200 in 0.6078 ms
[13:57:58 INF] HTTP GET /css/site.css responded 200 in 1.0817 ms
[13:57:59 INF] HTTP GET /lib/jquery/dist/jquery.min.js responded 200 in 0.4502 ms
[13:57:59 INF] HTTP GET /js/site.js responded 200 in 0.8708 ms
[13:57:59 INF] HTTP GET /lib/jquery-validation/dist/jquery.validate.min.js responded 200 in 0.6872 ms
[13:57:59 INF] HTTP GET /lib/jquery-validation-unobtrusive/dist/jquery.validate.unobtrusive.min.js responded 200 in 0.4007 ms
[13:57:59 INF] HTTP GET /lib/bootstrap/dist/js/bootstrap.bundle.min.js responded 200 in 0.5351 ms
[13:57:59 INF] HTTP GET /js/products-catalog-filter.js responded 200 in 0.7564 ms
[13:58:01 INF] HTTP GET / responded 200 in 25.2001 ms
[13:58:01 INF] HTTP GET /css/site.css responded 304 in 0.1441 ms
[13:58:01 INF] HTTP GET /lib/bootstrap/dist/css/bootstrap.min.css responded 304 in 0.7639 ms
[13:58:01 INF] HTTP GET /lib/jquery/dist/jquery.min.js responded 304 in 0.2701 ms
[13:58:01 INF] HTTP GET /lib/bootstrap/dist/js/bootstrap.bundle.min.js responded 304 in 0.1179 ms
[13:58:01 INF] HTTP GET /Biktal.WebMVC.styles.css responded 304 in 2.3608 ms
[13:58:01 INF] HTTP GET /js/site.js responded 304 in 0.1682 ms
[13:58:01 INF] HTTP GET /js/pos.js responded 200 in 0.5957 ms
[13:58:22 INF] HTTP POST /Pos/CompleteSale responded 200 in 82.5083 ms
[13:58:25 INF] HTTP GET /Finance responded 200 in 14.5611 ms
[13:58:25 INF] HTTP GET /lib/bootstrap/dist/css/bootstrap.min.css responded 304 in 0.1724 ms
[13:58:25 INF] HTTP GET /css/site.css responded 304 in 33.6953 ms
[13:58:25 INF] HTTP GET /lib/jquery/dist/jquery.min.js responded 304 in 0.0865 ms
[13:58:25 INF] HTTP GET /lib/bootstrap/dist/js/bootstrap.bundle.min.js responded 304 in 0.0632 ms
[13:58:25 INF] HTTP GET /Biktal.WebMVC.styles.css responded 304 in 0.1527 ms
[13:58:25 INF] HTTP GET /js/site.js responded 304 in 0.1385 ms
[13:58:27 INF] HTTP GET /Finance/Cashbox responded 200 in 37.6922 ms
[13:58:27 INF] HTTP GET /lib/bootstrap/dist/css/bootstrap.min.css responded 304 in 0.2628 ms
[13:58:27 INF] HTTP GET /css/site.css responded 304 in 8.9755 ms
[13:58:27 INF] HTTP GET /lib/jquery/dist/jquery.min.js responded 304 in 0.1965 ms
[13:58:27 INF] HTTP GET /lib/bootstrap/dist/js/bootstrap.bundle.min.js responded 304 in 0.1446 ms
[13:58:27 INF] HTTP GET /Biktal.WebMVC.styles.css responded 304 in 0.1489 ms
[13:58:27 INF] HTTP GET /lib/jquery-validation/dist/jquery.validate.min.js responded 304 in 0.7901 ms
[13:58:27 INF] HTTP GET /js/site.js responded 304 in 2.6819 ms
[13:58:27 INF] HTTP GET /lib/jquery-validation-unobtrusive/dist/jquery.validate.unobtrusive.min.js responded 304 in 0.1545 ms
[14:00:29 INF] HTTP GET /Inventory/Products responded 200 in 102.4391 ms
[14:00:29 INF] HTTP GET /lib/bootstrap/dist/css/bootstrap.min.css responded 200 in 0.7820 ms
[14:00:29 INF] HTTP GET /Biktal.WebMVC.styles.css responded 200 in 0.5856 ms
[14:00:29 INF] HTTP GET /css/site.css responded 200 in 0.6541 ms
[14:00:30 INF] HTTP GET /lib/jquery/dist/jquery.min.js responded 200 in 0.5508 ms
[14:00:30 INF] HTTP GET /js/site.js responded 200 in 1.2712 ms
[14:00:30 INF] HTTP GET /lib/bootstrap/dist/js/bootstrap.bundle.min.js responded 200 in 0.5507 ms
[14:00:30 INF] HTTP GET /lib/jquery-validation/dist/jquery.validate.min.js responded 200 in 0.4848 ms
[14:00:30 INF] HTTP GET /lib/jquery-validation-unobtrusive/dist/jquery.validate.unobtrusive.min.js responded 200 in 1.4618 ms
[14:00:30 INF] HTTP GET /js/products-catalog-filter.js responded 200 in 1.1863 ms
[14:00:38 INF] HTTP GET /Inventory/Products responded 200 in 133.0233 ms
[14:00:38 INF] HTTP GET /css/site.css responded 304 in 0.1912 ms
[14:00:38 INF] HTTP GET /Biktal.WebMVC.styles.css responded 304 in 0.1972 ms
[14:00:38 INF] HTTP GET /lib/bootstrap/dist/css/bootstrap.min.css responded 304 in 0.1242 ms
[14:00:39 INF] HTTP GET /lib/jquery/dist/jquery.min.js responded 304 in 0.0995 ms
[14:00:39 INF] HTTP GET /lib/bootstrap/dist/js/bootstrap.bundle.min.js responded 304 in 0.1229 ms
[14:00:39 INF] HTTP GET /js/site.js responded 304 in 0.1028 ms
[14:00:39 INF] HTTP GET /js/products-catalog-filter.js responded 304 in 0.0642 ms
[14:00:39 INF] HTTP GET /lib/jquery-validation/dist/jquery.validate.min.js responded 304 in 0.0690 ms
[14:00:39 INF] HTTP GET /lib/jquery-validation-unobtrusive/dist/jquery.validate.unobtrusive.min.js responded 304 in 0.0777 ms
[14:00:56 INF] HTTP POST /Inventory/EditProduct responded 302 in 47.3801 ms
[14:00:56 INF] HTTP GET /Inventory/Products responded 200 in 88.8943 ms
[14:00:56 INF] HTTP GET /lib/bootstrap/dist/css/bootstrap.min.css responded 200 in 1.7312 ms
[14:00:56 INF] HTTP GET /Biktal.WebMVC.styles.css responded 304 in 0.3209 ms
[14:00:56 INF] HTTP GET /css/site.css responded 304 in 0.1390 ms
[14:00:57 INF] HTTP GET /lib/jquery/dist/jquery.min.js responded 304 in 0.0913 ms
[14:00:57 INF] HTTP GET /lib/bootstrap/dist/js/bootstrap.bundle.min.js responded 304 in 0.3380 ms
[14:00:57 INF] HTTP GET /js/site.js responded 304 in 0.5172 ms
[14:00:57 INF] HTTP GET /lib/jquery-validation/dist/jquery.validate.min.js responded 304 in 0.1064 ms
[14:00:57 INF] HTTP GET /lib/jquery-validation-unobtrusive/dist/jquery.validate.unobtrusive.min.js responded 304 in 0.1708 ms
[14:00:57 INF] HTTP GET /js/products-catalog-filter.js responded 304 in 0.1349 ms
[14:01:07 INF] HTTP GET / responded 200 in 19.8891 ms
[14:01:07 INF] HTTP GET /css/site.css responded 304 in 0.2063 ms
[14:01:07 INF] HTTP GET /Biktal.WebMVC.styles.css responded 304 in 0.1426 ms
[14:01:07 INF] HTTP GET /lib/jquery/dist/jquery.min.js responded 304 in 0.0982 ms
[14:01:07 INF] HTTP GET /lib/bootstrap/dist/js/bootstrap.bundle.min.js responded 304 in 0.0797 ms
[14:01:07 INF] HTTP GET /js/site.js responded 304 in 0.0981 ms
[14:01:07 INF] HTTP GET /js/pos.js responded 200 in 0.4940 ms
[14:01:07 INF] HTTP GET /lib/bootstrap/dist/css/bootstrap.min.css responded 304 in 0.1477 ms
[14:01:10 INF] HTTP GET / responded 200 in 18.2491 ms
[14:01:10 INF] HTTP GET /lib/bootstrap/dist/css/bootstrap.min.css responded 304 in 0.2354 ms
[14:01:10 INF] HTTP GET /lib/jquery/dist/jquery.min.js responded 304 in 0.2437 ms
[14:01:10 INF] HTTP GET /js/pos.js responded 304 in 0.0690 ms
[14:01:10 INF] HTTP GET /css/site.css responded 304 in 0.4575 ms
[14:01:10 INF] HTTP GET /Biktal.WebMVC.styles.css responded 304 in 0.8585 ms
[14:01:10 INF] HTTP GET /lib/bootstrap/dist/js/bootstrap.bundle.min.js responded 304 in 0.0824 ms
[14:01:10 INF] HTTP GET /js/site.js responded 304 in 0.2180 ms
[14:01:11 INF] HTTP GET /favicon.ico responded 200 in 0.6767 ms
[14:22:03 INF] Application is shutting down...
