[11:59:21 WRN] Using an in-memory repository. Keys will not be persisted to storage.
[11:59:21 WRN] Neither user profile nor HKLM registry available. Using an ephemeral key repository. Protected data will be unavailable when application exits.
[11:59:21 WRN] No XML encryptor configured. Key {5e8208e3-fb20-419e-8bc7-475fcafc36fb} may be persisted to storage in unencrypted form.
[11:59:21 INF] Application started. Press Ctrl+C to shut down.
[11:59:21 INF] Hosting environment: Production
[11:59:21 INF] Content root path: D:\Systems\BiktalSystems\publish
[11:59:21 ERR] An exception was thrown while deserializing the token.
Microsoft.AspNetCore.Antiforgery.AntiforgeryValidationException: The antiforgery token could not be decrypted.
 ---> System.Security.Cryptography.CryptographicException: The key {8bcc0dee-5589-4165-bf90-0df64bf975b9} was not found in the key ring. For more information go to https://aka.ms/aspnet/dataprotectionwarning
   at Microsoft.AspNetCore.DataProtection.KeyManagement.KeyRingBasedDataProtector.UnprotectCore(Byte[] protectedData, Boolean allowOperationsOnRevokedKeys, UnprotectStatus& status)
   at Microsoft.AspNetCore.DataProtection.KeyManagement.KeyRingBasedDataProtector.Unprotect(Byte[] protectedData)
   at Microsoft.AspNetCore.Antiforgery.DefaultAntiforgeryTokenSerializer.Deserialize(String serializedToken)
   --- End of inner exception stack trace ---
   at Microsoft.AspNetCore.Antiforgery.DefaultAntiforgeryTokenSerializer.Deserialize(String serializedToken)
   at Microsoft.AspNetCore.Antiforgery.DefaultAntiforgery.GetCookieTokenDoesNotThrow(HttpContext httpContext)
[11:59:22 INF] HTTP GET /Inventory/Products responded 200 in 745.4380 ms
[11:59:22 INF] HTTP GET /lib/bootstrap/dist/css/bootstrap.min.css responded 200 in 162.8084 ms
[11:59:22 INF] HTTP GET /css/site.css responded 200 in 146.7845 ms
[11:59:22 INF] HTTP GET /Biktal.WebMVC.styles.css responded 200 in 142.8980 ms
[11:59:23 INF] HTTP GET /lib/jquery/dist/jquery.min.js responded 200 in 7.0984 ms
[11:59:23 INF] HTTP GET /js/site.js responded 200 in 3.2200 ms
[11:59:23 INF] HTTP GET /lib/bootstrap/dist/js/bootstrap.bundle.min.js responded 200 in 7.6461 ms
[11:59:23 INF] HTTP GET /lib/jquery-validation/dist/jquery.validate.min.js responded 200 in 30.6846 ms
[11:59:23 INF] HTTP GET /lib/jquery-validation-unobtrusive/dist/jquery.validate.unobtrusive.min.js responded 200 in 31.2573 ms
[11:59:23 INF] HTTP GET /js/products-catalog-filter.js responded 200 in 44.8197 ms
[12:19:44 INF] Application is shutting down...
