[15:47:13 WRN] Using an in-memory repository. Keys will not be persisted to storage.
[15:47:13 WRN] Neither user profile nor HKLM registry available. Using an ephemeral key repository. Protected data will be unavailable when application exits.
[15:47:13 WRN] No XML encryptor configured. Key {aecd60e3-984f-4d93-8f36-f155de93cf40} may be persisted to storage in unencrypted form.
[15:47:13 INF] Application started. Press Ctrl+C to shut down.
[15:47:13 INF] Hosting environment: Production
[15:47:13 INF] Content root path: D:\Systems\BiktalSystems\publish
[15:47:14 ERR] An exception was thrown while deserializing the token.
Microsoft.AspNetCore.Antiforgery.AntiforgeryValidationException: The antiforgery token could not be decrypted.
 ---> System.Security.Cryptography.CryptographicException: The key {9569ab3f-0adb-499d-98b8-8d7e012d39d4} was not found in the key ring. For more information go to https://aka.ms/aspnet/dataprotectionwarning
   at Microsoft.AspNetCore.DataProtection.KeyManagement.KeyRingBasedDataProtector.UnprotectCore(Byte[] protectedData, Boolean allowOperationsOnRevokedKeys, UnprotectStatus& status)
   at Microsoft.AspNetCore.DataProtection.KeyManagement.KeyRingBasedDataProtector.Unprotect(Byte[] protectedData)
   at Microsoft.AspNetCore.Antiforgery.DefaultAntiforgeryTokenSerializer.Deserialize(String serializedToken)
   --- End of inner exception stack trace ---
   at Microsoft.AspNetCore.Antiforgery.DefaultAntiforgeryTokenSerializer.Deserialize(String serializedToken)
   at Microsoft.AspNetCore.Antiforgery.DefaultAntiforgery.GetCookieTokenDoesNotThrow(HttpContext httpContext)
[15:47:14 INF] HTTP GET /Inventory/Products responded 200 in 694.9366 ms
[15:47:14 INF] HTTP GET /lib/bootstrap/dist/css/bootstrap.min.css responded 200 in 42.9717 ms
[15:47:14 INF] HTTP GET /css/site.css responded 200 in 42.9524 ms
[15:47:14 INF] HTTP GET /Biktal.WebMVC.styles.css responded 200 in 44.0214 ms
[15:47:15 INF] HTTP GET /lib/jquery/dist/jquery.min.js responded 200 in 6.8062 ms
[15:47:15 INF] HTTP GET /lib/jquery-validation/dist/jquery.validate.min.js responded 200 in 1.6278 ms
[15:47:15 INF] HTTP GET /js/site.js responded 200 in 2.8945 ms
[15:47:15 INF] HTTP GET /lib/bootstrap/dist/js/bootstrap.bundle.min.js responded 200 in 6.2614 ms
[15:47:15 INF] HTTP GET /lib/jquery-validation-unobtrusive/dist/jquery.validate.unobtrusive.min.js responded 200 in 6.0246 ms
[15:47:15 INF] HTTP GET /js/products-catalog-filter.js responded 200 in 27.3230 ms
[16:07:47 INF] Application is shutting down...
