[19:21:43 WRN] Using an in-memory repository. Keys will not be persisted to storage.
[19:21:43 WRN] Neither user profile nor HKLM registry available. Using an ephemeral key repository. Protected data will be unavailable when application exits.
[19:21:43 WRN] No XML encryptor configured. Key {982cd56f-73c0-43dc-b366-ac66177a9a6b} may be persisted to storage in unencrypted form.
[19:21:43 INF] Application started. Press Ctrl+C to shut down.
[19:21:43 INF] Hosting environment: Production
[19:21:43 INF] Content root path: D:\Systems\BiktalSystems\publish
[19:21:44 INF] HTTP GET /Repairs responded 200 in 369.3918 ms
[19:21:44 INF] HTTP GET /lib/bootstrap/dist/js/bootstrap.bundle.min.js responded 200 in 56.2293 ms
[19:21:44 INF] HTTP GET /js/site.js responded 200 in 44.7102 ms
[19:21:44 INF] HTTP GET /css/site.css responded 200 in 56.1812 ms
[19:21:44 INF] HTTP GET /Biktal.WebMVC.styles.css responded 200 in 8.7230 ms
[19:21:44 INF] HTTP GET /lib/jquery/dist/jquery.min.js responded 200 in 48.0947 ms
[19:21:44 INF] HTTP GET /lib/bootstrap/dist/css/bootstrap.min.css responded 200 in 32.8461 ms
[19:21:49 INF] HTTP GET /Repairs/Tickets responded 200 in 148.7179 ms
[19:21:49 INF] HTTP GET /lib/bootstrap/dist/css/bootstrap.min.css responded 200 in 12.9571 ms
[19:21:49 INF] HTTP GET /Biktal.WebMVC.styles.css responded 200 in 0.9948 ms
[19:21:49 INF] HTTP GET /css/site.css responded 200 in 6.6060 ms
[19:21:49 INF] HTTP GET /lib/jquery/dist/jquery.min.js responded 304 in 28.6557 ms
[19:21:49 INF] HTTP GET /js/site.js responded 304 in 26.9943 ms
[19:21:49 INF] HTTP GET /lib/bootstrap/dist/js/bootstrap.bundle.min.js responded 304 in 142.0746 ms
[19:21:52 INF] HTTP GET /Repairs responded 200 in 15.6558 ms
[19:21:52 INF] HTTP GET /lib/bootstrap/dist/css/bootstrap.min.css responded 304 in 12.4865 ms
[19:21:52 INF] HTTP GET /Biktal.WebMVC.styles.css responded 304 in 0.2621 ms
[19:21:52 INF] HTTP GET /css/site.css responded 304 in 0.5572 ms
[19:21:52 INF] HTTP GET /lib/jquery/dist/jquery.min.js responded 304 in 0.3424 ms
[19:21:52 INF] HTTP GET /js/site.js responded 304 in 0.3769 ms
[19:21:52 INF] HTTP GET /lib/bootstrap/dist/js/bootstrap.bundle.min.js responded 304 in 5.8132 ms
[19:21:53 ERR] An exception was thrown while deserializing the token.
Microsoft.AspNetCore.Antiforgery.AntiforgeryValidationException: The antiforgery token could not be decrypted.
 ---> System.Security.Cryptography.CryptographicException: The key {e04e627d-54b2-4317-a39f-5ae8a248ae99} was not found in the key ring. For more information go to https://aka.ms/aspnet/dataprotectionwarning
   at Microsoft.AspNetCore.DataProtection.KeyManagement.KeyRingBasedDataProtector.UnprotectCore(Byte[] protectedData, Boolean allowOperationsOnRevokedKeys, UnprotectStatus& status)
   at Microsoft.AspNetCore.DataProtection.KeyManagement.KeyRingBasedDataProtector.Unprotect(Byte[] protectedData)
   at Microsoft.AspNetCore.Antiforgery.DefaultAntiforgeryTokenSerializer.Deserialize(String serializedToken)
   --- End of inner exception stack trace ---
   at Microsoft.AspNetCore.Antiforgery.DefaultAntiforgeryTokenSerializer.Deserialize(String serializedToken)
   at Microsoft.AspNetCore.Antiforgery.DefaultAntiforgery.GetCookieTokenDoesNotThrow(HttpContext httpContext)
[19:21:53 INF] HTTP GET /Repairs/New responded 200 in 105.2349 ms
[19:21:53 INF] HTTP GET /lib/bootstrap/dist/css/bootstrap.min.css responded 304 in 0.3411 ms
[19:21:53 INF] HTTP GET /css/site.css responded 304 in 0.2699 ms
[19:21:53 INF] HTTP GET /Biktal.WebMVC.styles.css responded 304 in 0.1864 ms
[19:21:53 INF] HTTP GET /lib/jquery/dist/jquery.min.js responded 304 in 0.2216 ms
[19:21:53 INF] HTTP GET /lib/bootstrap/dist/js/bootstrap.bundle.min.js responded 304 in 0.3839 ms
[19:21:53 INF] HTTP GET /js/site.js responded 304 in 0.3832 ms
[19:21:53 INF] HTTP GET /lib/jquery-validation/dist/jquery.validate.min.js responded 200 in 2.3287 ms
[19:21:53 INF] HTTP GET /lib/jquery-validation-unobtrusive/dist/jquery.validate.unobtrusive.min.js responded 200 in 5.0146 ms
[19:24:24 INF] HTTP POST /Repairs/CreateTicket responded 302 in 227.5291 ms
[19:24:24 INF] HTTP GET /Repairs/Ticket/019ff6ca-0c0a-7a10-a7c4-ccf4c86005f3 responded 200 in 37.8878 ms
[19:24:24 INF] HTTP GET /css/site.css responded 200 in 15.1563 ms
[19:24:24 INF] HTTP GET /Biktal.WebMVC.styles.css responded 200 in 21.1923 ms
[19:24:24 INF] HTTP GET /js/site.js responded 200 in 1.4299 ms
[19:24:24 INF] HTTP GET /lib/jquery/dist/jquery.min.js responded 200 in 14.8602 ms
[19:24:24 INF] HTTP GET /lib/bootstrap/dist/js/bootstrap.bundle.min.js responded 200 in 9.7700 ms
[19:24:24 INF] HTTP GET /lib/bootstrap/dist/css/bootstrap.min.css responded 200 in 27.4300 ms
[19:24:33 INF] HTTP POST /Repairs/UpdateTicketStatus responded 302 in 115.8002 ms
[19:24:33 INF] HTTP GET /Repairs/Ticket/019ff6ca-0c0a-7a10-a7c4-ccf4c86005f3 responded 200 in 4.2701 ms
[19:24:33 INF] HTTP GET /lib/bootstrap/dist/css/bootstrap.min.css responded 200 in 1.6217 ms
[19:24:33 INF] HTTP GET /css/site.css responded 200 in 1.4691 ms
[19:24:33 INF] HTTP GET /Biktal.WebMVC.styles.css responded 200 in 1.3809 ms
[19:24:33 INF] HTTP GET /lib/jquery/dist/jquery.min.js responded 304 in 0.2565 ms
[19:24:33 INF] HTTP GET /lib/bootstrap/dist/js/bootstrap.bundle.min.js responded 304 in 0.2376 ms
[19:24:33 INF] HTTP GET /js/site.js responded 304 in 0.1882 ms
[19:45:30 INF] Application is shutting down...
