[15:49:01 WRN] Using an in-memory repository. Keys will not be persisted to storage.
[15:49:01 WRN] Neither user profile nor HKLM registry available. Using an ephemeral key repository. Protected data will be unavailable when application exits.
[15:49:01 WRN] No XML encryptor configured. Key {a3088d8f-9a03-464f-89ef-86d66c634989} may be persisted to storage in unencrypted form.
[15:49:01 INF] Application started. Press Ctrl+C to shut down.
[15:49:01 INF] Hosting environment: Production
[15:49:01 INF] Content root path: D:\Systems\BiktalSystems\publish
[15:49:02 WRN] The query uses the 'First'/'FirstOrDefault' operator without 'OrderBy' and filter operators. This may lead to unpredictable results.
[15:49:02 ERR] An exception was thrown while deserializing the token.
Microsoft.AspNetCore.Antiforgery.AntiforgeryValidationException: The antiforgery token could not be decrypted.
 ---> System.Security.Cryptography.CryptographicException: The key {058b976d-1d82-4e3c-a595-47359d658519} was not found in the key ring. For more information go to https://aka.ms/aspnet/dataprotectionwarning
   at Microsoft.AspNetCore.DataProtection.KeyManagement.KeyRingBasedDataProtector.UnprotectCore(Byte[] protectedData, Boolean allowOperationsOnRevokedKeys, UnprotectStatus& status)
   at Microsoft.AspNetCore.DataProtection.KeyManagement.KeyRingBasedDataProtector.Unprotect(Byte[] protectedData)
   at Microsoft.AspNetCore.Antiforgery.DefaultAntiforgeryTokenSerializer.Deserialize(String serializedToken)
   --- End of inner exception stack trace ---
   at Microsoft.AspNetCore.Antiforgery.DefaultAntiforgeryTokenSerializer.Deserialize(String serializedToken)
   at Microsoft.AspNetCore.Antiforgery.DefaultAntiforgery.GetCookieTokenDoesNotThrow(HttpContext httpContext)
[15:49:02 INF] HTTP GET / responded 200 in 396.5257 ms
[15:49:02 INF] HTTP GET /Biktal.WebMVC.styles.css responded 200 in 22.7631 ms
[15:49:02 INF] HTTP GET /css/site.css responded 200 in 35.1515 ms
[15:49:02 INF] HTTP GET /lib/bootstrap/dist/css/bootstrap.min.css responded 200 in 51.3656 ms
[15:49:02 INF] HTTP GET /js/pos.js responded 200 in 43.4930 ms
[15:49:02 INF] HTTP GET /lib/bootstrap/dist/js/bootstrap.bundle.min.js responded 200 in 52.6604 ms
[15:49:02 INF] HTTP GET /lib/jquery/dist/jquery.min.js responded 200 in 64.2137 ms
[15:49:02 INF] HTTP GET /js/site.js responded 200 in 75.8886 ms
[16:09:36 INF] Application is shutting down...
