[14:30:43 WRN] Using an in-memory repository. Keys will not be persisted to storage.
[14:30:43 WRN] Neither user profile nor HKLM registry available. Using an ephemeral key repository. Protected data will be unavailable when application exits.
[14:30:44 WRN] No XML encryptor configured. Key {349676e9-7f98-42dd-a594-a8d231295487} may be persisted to storage in unencrypted form.
[14:30:44 INF] Application started. Press Ctrl+C to shut down.
[14:30:44 INF] Hosting environment: Production
[14:30:44 INF] Content root path: D:\Systems\BiktalSystems\publish
[14:30:44 WRN] The query uses the 'First'/'FirstOrDefault' operator without 'OrderBy' and filter operators. This may lead to unpredictable results.
[14:30:44 ERR] An exception was thrown while deserializing the token.
Microsoft.AspNetCore.Antiforgery.AntiforgeryValidationException: The antiforgery token could not be decrypted.
 ---> System.Security.Cryptography.CryptographicException: The key {79d266d3-9ace-48e4-849a-4b10f23dafe0} was not found in the key ring. For more information go to https://aka.ms/aspnet/dataprotectionwarning
   at Microsoft.AspNetCore.DataProtection.KeyManagement.KeyRingBasedDataProtector.UnprotectCore(Byte[] protectedData, Boolean allowOperationsOnRevokedKeys, UnprotectStatus& status)
   at Microsoft.AspNetCore.DataProtection.KeyManagement.KeyRingBasedDataProtector.Unprotect(Byte[] protectedData)
   at Microsoft.AspNetCore.Antiforgery.DefaultAntiforgeryTokenSerializer.Deserialize(String serializedToken)
   --- End of inner exception stack trace ---
   at Microsoft.AspNetCore.Antiforgery.DefaultAntiforgeryTokenSerializer.Deserialize(String serializedToken)
   at Microsoft.AspNetCore.Antiforgery.DefaultAntiforgery.GetCookieTokenDoesNotThrow(HttpContext httpContext)
[14:30:44 INF] HTTP GET / responded 200 in 441.7262 ms
[14:30:44 INF] HTTP GET /lib/bootstrap/dist/css/bootstrap.min.css responded 200 in 78.6659 ms
[14:30:44 INF] HTTP GET /css/site.css responded 200 in 75.6709 ms
[14:30:44 INF] HTTP GET /Biktal.WebMVC.styles.css responded 200 in 42.2063 ms
[14:30:45 INF] HTTP GET /js/site.js responded 200 in 27.3297 ms
[14:30:45 INF] HTTP GET /js/pos.js responded 200 in 27.2381 ms
[14:30:45 INF] HTTP GET /lib/bootstrap/dist/js/bootstrap.bundle.min.js responded 200 in 28.4956 ms
[14:30:45 INF] HTTP GET /lib/jquery/dist/jquery.min.js responded 200 in 32.0751 ms
[14:30:45 INF] HTTP GET /favicon.ico responded 200 in 46.9777 ms
[14:32:03 INF] HTTP POST /Pos/CompleteSale responded 200 in 961.9596 ms
[14:52:48 INF] Application is shutting down...
