[20:08:33 ERR] Failed executing DbCommand (6ms) [Parameters=[@p0='?' (DbType = Guid), @p1='?' (DbType = DateTime), @p2='?' (DbType = Guid), @p3='?', @p4='?' (DbType = DateTime), @p5='?' (DbType = Int32), @p6='?' (DbType = Int32), @p7='?', @p8='?', @p9='?' (DbType = Guid), @p10='?' (DbType = DateTime), @p11='?' (DbType = Guid), @p12='?', @p13='?' (DbType = DateTime), @p14='?' (DbType = Int32), @p15='?' (DbType = Int32), @p16='?', @p17='?'], CommandType='Text', CommandTimeout='30']
INSERT INTO "CrmSupportTickets" ("Id", "CreatedAtUtc", "CustomerId", "Description", "ModifiedAtUtc", "Priority", "Status", "Subject", "TicketNumber")
VALUES (@p0, @p1, @p2, @p3, @p4, @p5, @p6, @p7, @p8);
INSERT INTO "CrmSupportTickets" ("Id", "CreatedAtUtc", "CustomerId", "Description", "ModifiedAtUtc", "Priority", "Status", "Subject", "TicketNumber")
VALUES (@p9, @p10, @p11, @p12, @p13, @p14, @p15, @p16, @p17);
[20:08:33 ERR] An exception occurred in the database while saving changes for context type 'Biktal.Infrastructure.Persistence.ApplicationDbContext'.
Microsoft.EntityFrameworkCore.DbUpdateException: An error occurred while saving the entity changes. See the inner exception for details.
 ---> Npgsql.PostgresException (0x80004005): 23503: insert or update on table "CrmSupportTickets" violates foreign key constraint "FK_CrmSupportTickets_CrmCustomers_CustomerId"

DETAIL: Detail redacted as it may contain sensitive data. Specify 'Include Error Detail' in the connection string to include this information.
   at Npgsql.Internal.NpgsqlConnector.ReadMessageLong(Boolean async, DataRowLoadingMode dataRowLoadingMode, Boolean readingNotifications, Boolean isReadingPrependedMessage)
   at System.Runtime.CompilerServices.PoolingAsyncValueTaskMethodBuilder`1.StateMachineBox`1.System.Threading.Tasks.Sources.IValueTaskSource<TResult>.GetResult(Int16 token)
   at Npgsql.NpgsqlDataReader.NextResult(Boolean async, Boolean isConsuming, CancellationToken cancellationToken)
   at Npgsql.NpgsqlDataReader.NextResult(Boolean async, Boolean isConsuming, CancellationToken cancellationToken)
   at Npgsql.NpgsqlCommand.ExecuteReader(Boolean async, CommandBehavior behavior, CancellationToken cancellationToken)
   at Npgsql.NpgsqlCommand.ExecuteReader(Boolean async, CommandBehavior behavior, CancellationToken cancellationToken)
   at Npgsql.NpgsqlCommand.ExecuteDbDataReaderAsync(CommandBehavior behavior, CancellationToken cancellationToken)
   at Microsoft.EntityFrameworkCore.Storage.RelationalCommand.ExecuteReaderAsync(RelationalCommandParameterObject parameterObject, CancellationToken cancellationToken)
   at Microsoft.EntityFrameworkCore.Storage.RelationalCommand.ExecuteReaderAsync(RelationalCommandParameterObject parameterObject, CancellationToken cancellationToken)
   at Microsoft.EntityFrameworkCore.Update.ReaderModificationCommandBatch.ExecuteAsync(IRelationalConnection connection, CancellationToken cancellationToken)
  Exception data:
    Severity: ERROR
    SqlState: 23503
    MessageText: insert or update on table "CrmSupportTickets" violates foreign key constraint "FK_CrmSupportTickets_CrmCustomers_CustomerId"
    Detail: Detail redacted as it may contain sensitive data. Specify 'Include Error Detail' in the connection string to include this information.
    SchemaName: public
    TableName: CrmSupportTickets
    ConstraintName: FK_CrmSupportTickets_CrmCustomers_CustomerId
    File: ri_triggers.c
    Line: 2783
    Routine: ri_ReportViolation
   --- End of inner exception stack trace ---
   at Microsoft.EntityFrameworkCore.Update.ReaderModificationCommandBatch.ExecuteAsync(IRelationalConnection connection, CancellationToken cancellationToken)
   at Microsoft.EntityFrameworkCore.Update.Internal.BatchExecutor.ExecuteAsync(IEnumerable`1 commandBatches, IRelationalConnection connection, CancellationToken cancellationToken)
   at Microsoft.EntityFrameworkCore.Update.Internal.BatchExecutor.ExecuteAsync(IEnumerable`1 commandBatches, IRelationalConnection connection, CancellationToken cancellationToken)
   at Microsoft.EntityFrameworkCore.Update.Internal.BatchExecutor.ExecuteAsync(IEnumerable`1 commandBatches, IRelationalConnection connection, CancellationToken cancellationToken)
   at Microsoft.EntityFrameworkCore.Storage.RelationalDatabase.SaveChangesAsync(IList`1 entries, CancellationToken cancellationToken)
   at Microsoft.EntityFrameworkCore.ChangeTracking.Internal.StateManager.SaveChangesAsync(IList`1 entriesToSave, CancellationToken cancellationToken)
   at Microsoft.EntityFrameworkCore.ChangeTracking.Internal.StateManager.SaveChangesAsync(StateManager stateManager, Boolean acceptAllChangesOnSuccess, CancellationToken cancellationToken)
   at Npgsql.EntityFrameworkCore.PostgreSQL.Storage.Internal.NpgsqlExecutionStrategy.ExecuteAsync[TState,TResult](TState state, Func`4 operation, Func`4 verifySucceeded, CancellationToken cancellationToken)
   at Microsoft.EntityFrameworkCore.DbContext.SaveChangesAsync(Boolean acceptAllChangesOnSuccess, CancellationToken cancellationToken)
Microsoft.EntityFrameworkCore.DbUpdateException: An error occurred while saving the entity changes. See the inner exception for details.
 ---> Npgsql.PostgresException (0x80004005): 23503: insert or update on table "CrmSupportTickets" violates foreign key constraint "FK_CrmSupportTickets_CrmCustomers_CustomerId"

DETAIL: Detail redacted as it may contain sensitive data. Specify 'Include Error Detail' in the connection string to include this information.
   at Npgsql.Internal.NpgsqlConnector.ReadMessageLong(Boolean async, DataRowLoadingMode dataRowLoadingMode, Boolean readingNotifications, Boolean isReadingPrependedMessage)
   at System.Runtime.CompilerServices.PoolingAsyncValueTaskMethodBuilder`1.StateMachineBox`1.System.Threading.Tasks.Sources.IValueTaskSource<TResult>.GetResult(Int16 token)
   at Npgsql.NpgsqlDataReader.NextResult(Boolean async, Boolean isConsuming, CancellationToken cancellationToken)
   at Npgsql.NpgsqlDataReader.NextResult(Boolean async, Boolean isConsuming, CancellationToken cancellationToken)
   at Npgsql.NpgsqlCommand.ExecuteReader(Boolean async, CommandBehavior behavior, CancellationToken cancellationToken)
   at Npgsql.NpgsqlCommand.ExecuteReader(Boolean async, CommandBehavior behavior, CancellationToken cancellationToken)
   at Npgsql.NpgsqlCommand.ExecuteDbDataReaderAsync(CommandBehavior behavior, CancellationToken cancellationToken)
   at Microsoft.EntityFrameworkCore.Storage.RelationalCommand.ExecuteReaderAsync(RelationalCommandParameterObject parameterObject, CancellationToken cancellationToken)
   at Microsoft.EntityFrameworkCore.Storage.RelationalCommand.ExecuteReaderAsync(RelationalCommandParameterObject parameterObject, CancellationToken cancellationToken)
   at Microsoft.EntityFrameworkCore.Update.ReaderModificationCommandBatch.ExecuteAsync(IRelationalConnection connection, CancellationToken cancellationToken)
  Exception data:
    Severity: ERROR
    SqlState: 23503
    MessageText: insert or update on table "CrmSupportTickets" violates foreign key constraint "FK_CrmSupportTickets_CrmCustomers_CustomerId"
    Detail: Detail redacted as it may contain sensitive data. Specify 'Include Error Detail' in the connection string to include this information.
    SchemaName: public
    TableName: CrmSupportTickets
    ConstraintName: FK_CrmSupportTickets_CrmCustomers_CustomerId
    File: ri_triggers.c
    Line: 2783
    Routine: ri_ReportViolation
   --- End of inner exception stack trace ---
   at Microsoft.EntityFrameworkCore.Update.ReaderModificationCommandBatch.ExecuteAsync(IRelationalConnection connection, CancellationToken cancellationToken)
   at Microsoft.EntityFrameworkCore.Update.Internal.BatchExecutor.ExecuteAsync(IEnumerable`1 commandBatches, IRelationalConnection connection, CancellationToken cancellationToken)
   at Microsoft.EntityFrameworkCore.Update.Internal.BatchExecutor.ExecuteAsync(IEnumerable`1 commandBatches, IRelationalConnection connection, CancellationToken cancellationToken)
   at Microsoft.EntityFrameworkCore.Update.Internal.BatchExecutor.ExecuteAsync(IEnumerable`1 commandBatches, IRelationalConnection connection, CancellationToken cancellationToken)
   at Microsoft.EntityFrameworkCore.Storage.RelationalDatabase.SaveChangesAsync(IList`1 entries, CancellationToken cancellationToken)
   at Microsoft.EntityFrameworkCore.ChangeTracking.Internal.StateManager.SaveChangesAsync(IList`1 entriesToSave, CancellationToken cancellationToken)
   at Microsoft.EntityFrameworkCore.ChangeTracking.Internal.StateManager.SaveChangesAsync(StateManager stateManager, Boolean acceptAllChangesOnSuccess, CancellationToken cancellationToken)
   at Npgsql.EntityFrameworkCore.PostgreSQL.Storage.Internal.NpgsqlExecutionStrategy.ExecuteAsync[TState,TResult](TState state, Func`4 operation, Func`4 verifySucceeded, CancellationToken cancellationToken)
   at Microsoft.EntityFrameworkCore.DbContext.SaveChangesAsync(Boolean acceptAllChangesOnSuccess, CancellationToken cancellationToken)
[20:08:33 ERR] Database migration or seed failed. Check PostgreSQL is running and ConnectionStrings:DefaultConnection is correct.
Microsoft.EntityFrameworkCore.DbUpdateException: An error occurred while saving the entity changes. See the inner exception for details.
 ---> Npgsql.PostgresException (0x80004005): 23503: insert or update on table "CrmSupportTickets" violates foreign key constraint "FK_CrmSupportTickets_CrmCustomers_CustomerId"

DETAIL: Detail redacted as it may contain sensitive data. Specify 'Include Error Detail' in the connection string to include this information.
   at Npgsql.Internal.NpgsqlConnector.ReadMessageLong(Boolean async, DataRowLoadingMode dataRowLoadingMode, Boolean readingNotifications, Boolean isReadingPrependedMessage)
   at System.Runtime.CompilerServices.PoolingAsyncValueTaskMethodBuilder`1.StateMachineBox`1.System.Threading.Tasks.Sources.IValueTaskSource<TResult>.GetResult(Int16 token)
   at Npgsql.NpgsqlDataReader.NextResult(Boolean async, Boolean isConsuming, CancellationToken cancellationToken)
   at Npgsql.NpgsqlDataReader.NextResult(Boolean async, Boolean isConsuming, CancellationToken cancellationToken)
   at Npgsql.NpgsqlCommand.ExecuteReader(Boolean async, CommandBehavior behavior, CancellationToken cancellationToken)
   at Npgsql.NpgsqlCommand.ExecuteReader(Boolean async, CommandBehavior behavior, CancellationToken cancellationToken)
   at Npgsql.NpgsqlCommand.ExecuteDbDataReaderAsync(CommandBehavior behavior, CancellationToken cancellationToken)
   at Microsoft.EntityFrameworkCore.Storage.RelationalCommand.ExecuteReaderAsync(RelationalCommandParameterObject parameterObject, CancellationToken cancellationToken)
   at Microsoft.EntityFrameworkCore.Storage.RelationalCommand.ExecuteReaderAsync(RelationalCommandParameterObject parameterObject, CancellationToken cancellationToken)
   at Microsoft.EntityFrameworkCore.Update.ReaderModificationCommandBatch.ExecuteAsync(IRelationalConnection connection, CancellationToken cancellationToken)
  Exception data:
    Severity: ERROR
    SqlState: 23503
    MessageText: insert or update on table "CrmSupportTickets" violates foreign key constraint "FK_CrmSupportTickets_CrmCustomers_CustomerId"
    Detail: Detail redacted as it may contain sensitive data. Specify 'Include Error Detail' in the connection string to include this information.
    SchemaName: public
    TableName: CrmSupportTickets
    ConstraintName: FK_CrmSupportTickets_CrmCustomers_CustomerId
    File: ri_triggers.c
    Line: 2783
    Routine: ri_ReportViolation
   --- End of inner exception stack trace ---
   at Microsoft.EntityFrameworkCore.Update.ReaderModificationCommandBatch.ExecuteAsync(IRelationalConnection connection, CancellationToken cancellationToken)
   at Microsoft.EntityFrameworkCore.Update.Internal.BatchExecutor.ExecuteAsync(IEnumerable`1 commandBatches, IRelationalConnection connection, CancellationToken cancellationToken)
   at Microsoft.EntityFrameworkCore.Update.Internal.BatchExecutor.ExecuteAsync(IEnumerable`1 commandBatches, IRelationalConnection connection, CancellationToken cancellationToken)
   at Microsoft.EntityFrameworkCore.Update.Internal.BatchExecutor.ExecuteAsync(IEnumerable`1 commandBatches, IRelationalConnection connection, CancellationToken cancellationToken)
   at Microsoft.EntityFrameworkCore.Storage.RelationalDatabase.SaveChangesAsync(IList`1 entries, CancellationToken cancellationToken)
   at Microsoft.EntityFrameworkCore.ChangeTracking.Internal.StateManager.SaveChangesAsync(IList`1 entriesToSave, CancellationToken cancellationToken)
   at Microsoft.EntityFrameworkCore.ChangeTracking.Internal.StateManager.SaveChangesAsync(StateManager stateManager, Boolean acceptAllChangesOnSuccess, CancellationToken cancellationToken)
   at Npgsql.EntityFrameworkCore.PostgreSQL.Storage.Internal.NpgsqlExecutionStrategy.ExecuteAsync[TState,TResult](TState state, Func`4 operation, Func`4 verifySucceeded, CancellationToken cancellationToken)
   at Microsoft.EntityFrameworkCore.DbContext.SaveChangesAsync(Boolean acceptAllChangesOnSuccess, CancellationToken cancellationToken)
   at Microsoft.EntityFrameworkCore.DbContext.SaveChangesAsync(Boolean acceptAllChangesOnSuccess, CancellationToken cancellationToken)
   at Biktal.Infrastructure.Persistence.CrmDataSeeder.SeedIfEmptyAsync(ApplicationDbContext db, CancellationToken cancellationToken)
   at Program.<Main>$(String[] args) in d:\Systems\BiktalSystems\Program.cs:line 71
[20:08:33 WRN] Continuing without a successful migration/seed. Auth and data pages may fail until the database is available.
[20:08:33 WRN] Using an in-memory repository. Keys will not be persisted to storage.
[20:08:33 WRN] Neither user profile nor HKLM registry available. Using an ephemeral key repository. Protected data will be unavailable when application exits.
[20:08:33 WRN] No XML encryptor configured. Key {18909c0e-1d8a-4d59-bad2-1e91ecf483b4} may be persisted to storage in unencrypted form.
[20:08:33 INF] Application started. Press Ctrl+C to shut down.
[20:08:33 INF] Hosting environment: Production
[20:08:33 INF] Content root path: D:\Systems\BiktalSystems\publish
[20:08:34 INF] HTTP GET /Inventory/Products responded 302 in 88.8180 ms
[20:08:34 ERR] An exception was thrown while deserializing the token.
Microsoft.AspNetCore.Antiforgery.AntiforgeryValidationException: The antiforgery token could not be decrypted.
 ---> System.Security.Cryptography.CryptographicException: The key {b337964e-0903-4c35-a4b7-e84127e979f5} was not found in the key ring. For more information go to https://aka.ms/aspnet/dataprotectionwarning
   at Microsoft.AspNetCore.DataProtection.KeyManagement.KeyRingBasedDataProtector.UnprotectCore(Byte[] protectedData, Boolean allowOperationsOnRevokedKeys, UnprotectStatus& status)
   at Microsoft.AspNetCore.DataProtection.KeyManagement.KeyRingBasedDataProtector.Unprotect(Byte[] protectedData)
   at Microsoft.AspNetCore.Antiforgery.DefaultAntiforgeryTokenSerializer.Deserialize(String serializedToken)
   --- End of inner exception stack trace ---
   at Microsoft.AspNetCore.Antiforgery.DefaultAntiforgeryTokenSerializer.Deserialize(String serializedToken)
   at Microsoft.AspNetCore.Antiforgery.DefaultAntiforgery.GetCookieTokenDoesNotThrow(HttpContext httpContext)
[20:08:34 INF] HTTP GET /Account/Login responded 200 in 244.5081 ms
[20:08:34 INF] HTTP GET /css/site.css responded 200 in 99.7606 ms
[20:08:34 INF] HTTP GET /js/site.js responded 200 in 104.7513 ms
[20:08:34 INF] HTTP GET /Biktal.WebMVC.styles.css responded 200 in 100.2382 ms
[20:08:34 INF] HTTP GET /lib/jquery-validation-unobtrusive/dist/jquery.validate.unobtrusive.min.js responded 200 in 104.7735 ms
[20:08:34 INF] HTTP GET /lib/bootstrap/dist/js/bootstrap.bundle.min.js responded 200 in 108.7408 ms
[20:08:34 INF] HTTP GET /lib/jquery/dist/jquery.min.js responded 200 in 63.9428 ms
[20:08:34 INF] HTTP GET /lib/bootstrap/dist/css/bootstrap.min.css responded 200 in 120.3562 ms
[20:08:34 INF] HTTP GET /lib/jquery-validation/dist/jquery.validate.min.js responded 200 in 104.8402 ms
[20:10:40 INF] HTTP POST /Account/Login responded 302 in 615.6898 ms
[20:10:41 INF] HTTP GET /Inventory/Products responded 200 in 649.5229 ms
[20:10:41 INF] HTTP GET /css/site.css responded 200 in 11.5214 ms
[20:10:41 INF] HTTP GET /lib/bootstrap/dist/css/bootstrap.min.css responded 200 in 9.8427 ms
[20:10:41 INF] HTTP GET /Biktal.WebMVC.styles.css responded 200 in 54.5217 ms
[20:10:42 INF] HTTP GET /lib/jquery/dist/jquery.min.js responded 200 in 27.4162 ms
[20:10:42 INF] HTTP GET /js/site.js responded 200 in 27.0672 ms
[20:10:42 INF] HTTP GET /lib/jquery-validation-unobtrusive/dist/jquery.validate.unobtrusive.min.js responded 200 in 31.5319 ms
[20:10:42 INF] HTTP GET /js/products-catalog-filter.js responded 200 in 20.0202 ms
[20:10:42 INF] HTTP GET /lib/jquery-validation/dist/jquery.validate.min.js responded 200 in 23.2949 ms
[20:10:42 INF] HTTP GET /lib/bootstrap/dist/js/bootstrap.bundle.min.js responded 200 in 135.2185 ms
[20:10:51 INF] HTTP POST /Inventory/EditProduct responded 302 in 179.4837 ms
[20:10:51 INF] HTTP GET /Inventory/Products responded 200 in 145.8389 ms
[20:10:51 INF] HTTP GET /css/site.css responded 304 in 2.7038 ms
[20:10:51 INF] HTTP GET /Biktal.WebMVC.styles.css responded 304 in 2.4111 ms
[20:10:51 INF] HTTP GET /lib/bootstrap/dist/css/bootstrap.min.css responded 304 in 1.2057 ms
[20:10:52 INF] HTTP GET /lib/jquery/dist/jquery.min.js responded 304 in 0.7139 ms
[20:10:52 INF] HTTP GET /lib/bootstrap/dist/js/bootstrap.bundle.min.js responded 304 in 0.7534 ms
[20:10:52 INF] HTTP GET /lib/jquery-validation/dist/jquery.validate.min.js responded 304 in 0.6701 ms
[20:10:52 INF] HTTP GET /js/site.js responded 304 in 0.6690 ms
[20:10:52 INF] HTTP GET /lib/jquery-validation-unobtrusive/dist/jquery.validate.unobtrusive.min.js responded 304 in 0.6506 ms
[20:10:52 INF] HTTP GET /js/products-catalog-filter.js responded 304 in 0.6491 ms
[20:11:04 INF] HTTP GET /Inventory/Products responded 200 in 59.6784 ms
[20:11:04 INF] HTTP GET /lib/bootstrap/dist/css/bootstrap.min.css responded 304 in 0.8798 ms
[20:11:04 INF] HTTP GET /Biktal.WebMVC.styles.css responded 304 in 1.6278 ms
[20:11:04 INF] HTTP GET /css/site.css responded 304 in 3.3441 ms
[20:11:05 INF] HTTP GET /lib/jquery/dist/jquery.min.js responded 304 in 0.5801 ms
[20:11:05 INF] HTTP GET /lib/bootstrap/dist/js/bootstrap.bundle.min.js responded 304 in 5.4650 ms
[20:11:05 INF] HTTP GET /lib/jquery-validation/dist/jquery.validate.min.js responded 304 in 5.4080 ms
[20:11:05 INF] HTTP GET /js/site.js responded 304 in 1.1715 ms
[20:11:05 INF] HTTP GET /lib/jquery-validation-unobtrusive/dist/jquery.validate.unobtrusive.min.js responded 304 in 11.2847 ms
[20:11:05 INF] HTTP GET /js/products-catalog-filter.js responded 304 in 0.8840 ms
[20:11:10 INF] HTTP POST /Inventory/EditProduct responded 302 in 17.3821 ms
[20:11:10 INF] HTTP GET /Inventory/Products responded 200 in 56.3524 ms
[20:11:10 INF] HTTP GET /lib/bootstrap/dist/css/bootstrap.min.css responded 304 in 0.7469 ms
[20:11:10 INF] HTTP GET /css/site.css responded 304 in 0.5801 ms
[20:11:10 INF] HTTP GET /Biktal.WebMVC.styles.css responded 304 in 1.1596 ms
[20:11:11 INF] HTTP GET /lib/jquery/dist/jquery.min.js responded 304 in 1.0784 ms
[20:11:11 INF] HTTP GET /lib/bootstrap/dist/js/bootstrap.bundle.min.js responded 304 in 0.7125 ms
[20:11:11 INF] HTTP GET /js/site.js responded 304 in 1.0733 ms
[20:11:11 INF] HTTP GET /lib/jquery-validation/dist/jquery.validate.min.js responded 304 in 0.5236 ms
[20:11:11 INF] HTTP GET /lib/jquery-validation-unobtrusive/dist/jquery.validate.unobtrusive.min.js responded 304 in 0.5084 ms
[20:11:11 INF] HTTP GET /js/products-catalog-filter.js responded 304 in 0.6564 ms
[20:11:17 INF] HTTP GET /Inventory/Products responded 200 in 61.9471 ms
[20:11:17 INF] HTTP GET /lib/bootstrap/dist/css/bootstrap.min.css responded 200 in 13.5838 ms
[20:11:17 INF] HTTP GET /css/site.css responded 304 in 0.9462 ms
[20:11:17 INF] HTTP GET /Biktal.WebMVC.styles.css responded 304 in 1.0533 ms
[20:11:18 INF] HTTP GET /lib/jquery/dist/jquery.min.js responded 304 in 0.5605 ms
[20:11:18 INF] HTTP GET /lib/bootstrap/dist/js/bootstrap.bundle.min.js responded 304 in 0.6666 ms
[20:11:18 INF] HTTP GET /js/site.js responded 304 in 0.8428 ms
[20:11:18 INF] HTTP GET /lib/jquery-validation-unobtrusive/dist/jquery.validate.unobtrusive.min.js responded 304 in 0.5331 ms
[20:11:18 INF] HTTP GET /js/products-catalog-filter.js responded 304 in 0.5628 ms
[20:11:18 INF] HTTP GET /lib/jquery-validation/dist/jquery.validate.min.js responded 304 in 1.0419 ms
[20:11:25 INF] HTTP POST /Inventory/EditProduct responded 302 in 12.6226 ms
[20:11:25 INF] HTTP GET /Inventory/Products responded 200 in 62.8640 ms
[20:11:25 INF] HTTP GET /lib/bootstrap/dist/css/bootstrap.min.css responded 200 in 2.4998 ms
[20:11:25 INF] HTTP GET /css/site.css responded 304 in 0.9305 ms
[20:11:25 INF] HTTP GET /Biktal.WebMVC.styles.css responded 304 in 0.7723 ms
[20:11:26 INF] HTTP GET /lib/jquery/dist/jquery.min.js responded 304 in 0.4678 ms
[20:11:26 INF] HTTP GET /lib/bootstrap/dist/js/bootstrap.bundle.min.js responded 304 in 0.5852 ms
[20:11:26 INF] HTTP GET /lib/jquery-validation/dist/jquery.validate.min.js responded 304 in 0.5766 ms
[20:11:26 INF] HTTP GET /lib/jquery-validation-unobtrusive/dist/jquery.validate.unobtrusive.min.js responded 304 in 0.5630 ms
[20:11:26 INF] HTTP GET /js/products-catalog-filter.js responded 304 in 0.4852 ms
[20:11:26 INF] HTTP GET /js/site.js responded 304 in 0.5025 ms
[20:11:43 INF] HTTP GET /Inventory/Products responded 200 in 75.3631 ms
[20:11:43 INF] HTTP GET /lib/bootstrap/dist/css/bootstrap.min.css responded 200 in 1.3001 ms
[20:11:43 INF] HTTP GET /css/site.css responded 304 in 0.8272 ms
[20:11:43 INF] HTTP GET /Biktal.WebMVC.styles.css responded 304 in 1.6156 ms
[20:11:43 INF] HTTP GET /lib/jquery/dist/jquery.min.js responded 304 in 0.3305 ms
[20:11:43 INF] HTTP GET /lib/bootstrap/dist/js/bootstrap.bundle.min.js responded 304 in 0.4829 ms
[20:11:43 INF] HTTP GET /js/site.js responded 304 in 0.4605 ms
[20:11:43 INF] HTTP GET /lib/jquery-validation-unobtrusive/dist/jquery.validate.unobtrusive.min.js responded 304 in 0.4965 ms
[20:11:43 INF] HTTP GET /lib/jquery-validation/dist/jquery.validate.min.js responded 304 in 0.8706 ms
[20:11:43 INF] HTTP GET /js/products-catalog-filter.js responded 304 in 1.8279 ms
[20:12:11 INF] HTTP POST /Inventory/EditProduct responded 302 in 18.1145 ms
[20:12:11 INF] HTTP GET /Inventory/Products responded 200 in 70.4180 ms
[20:12:11 INF] HTTP GET /css/site.css responded 304 in 0.8317 ms
[20:12:11 INF] HTTP GET /lib/bootstrap/dist/css/bootstrap.min.css responded 304 in 0.7928 ms
[20:12:11 INF] HTTP GET /Biktal.WebMVC.styles.css responded 304 in 0.7394 ms
[20:12:12 INF] HTTP GET /lib/jquery/dist/jquery.min.js responded 304 in 0.3072 ms
[20:12:12 INF] HTTP GET /lib/bootstrap/dist/js/bootstrap.bundle.min.js responded 304 in 0.7909 ms
[20:12:12 INF] HTTP GET /js/site.js responded 304 in 0.5600 ms
[20:12:12 INF] HTTP GET /lib/jquery-validation-unobtrusive/dist/jquery.validate.unobtrusive.min.js responded 304 in 0.5435 ms
[20:12:12 INF] HTTP GET /lib/jquery-validation/dist/jquery.validate.min.js responded 304 in 0.5915 ms
[20:12:12 INF] HTTP GET /js/products-catalog-filter.js responded 304 in 0.4843 ms
[20:12:17 INF] HTTP GET /Inventory/Products responded 200 in 84.8284 ms
[20:12:17 INF] HTTP GET /lib/bootstrap/dist/css/bootstrap.min.css responded 304 in 0.5636 ms
[20:12:17 INF] HTTP GET /css/site.css responded 304 in 0.6706 ms
[20:12:17 INF] HTTP GET /Biktal.WebMVC.styles.css responded 304 in 0.4235 ms
[20:12:17 INF] HTTP GET /lib/jquery/dist/jquery.min.js responded 304 in 0.2718 ms
[20:12:17 INF] HTTP GET /lib/bootstrap/dist/js/bootstrap.bundle.min.js responded 304 in 0.5006 ms
[20:12:17 INF] HTTP GET /js/site.js responded 304 in 0.4669 ms
[20:12:17 INF] HTTP GET /lib/jquery-validation/dist/jquery.validate.min.js responded 304 in 0.4550 ms
[20:12:17 INF] HTTP GET /lib/jquery-validation-unobtrusive/dist/jquery.validate.unobtrusive.min.js responded 304 in 0.5634 ms
[20:12:17 INF] HTTP GET /js/products-catalog-filter.js responded 304 in 1.3591 ms
[20:13:01 INF] HTTP GET /Inventory/Products responded 200 in 68.4691 ms
[20:13:01 INF] HTTP GET /css/site.css responded 200 in 1.6351 ms
[20:13:01 INF] HTTP GET /lib/bootstrap/dist/css/bootstrap.min.css responded 200 in 3.1707 ms
[20:13:01 INF] HTTP GET /Biktal.WebMVC.styles.css responded 200 in 0.8161 ms
[20:13:02 INF] HTTP GET /lib/jquery/dist/jquery.min.js responded 200 in 0.9943 ms
[20:13:02 INF] HTTP GET /js/site.js responded 200 in 0.8860 ms
[20:13:02 INF] HTTP GET /lib/bootstrap/dist/js/bootstrap.bundle.min.js responded 200 in 1.8642 ms
[20:13:02 INF] HTTP GET /lib/jquery-validation/dist/jquery.validate.min.js responded 200 in 3.8935 ms
[20:13:02 INF] HTTP GET /lib/jquery-validation-unobtrusive/dist/jquery.validate.unobtrusive.min.js responded 200 in 0.9834 ms
[20:13:02 INF] HTTP GET /js/products-catalog-filter.js responded 200 in 1.9136 ms
[20:13:13 INF] HTTP POST /Inventory/EditProduct responded 302 in 17.1901 ms
[20:13:13 INF] HTTP GET /Inventory/Products responded 200 in 70.2593 ms
[20:13:13 INF] HTTP GET /css/site.css responded 304 in 0.7576 ms
[20:13:13 INF] HTTP GET /lib/bootstrap/dist/css/bootstrap.min.css responded 304 in 0.6627 ms
[20:13:13 INF] HTTP GET /Biktal.WebMVC.styles.css responded 304 in 0.8930 ms
[20:13:14 INF] HTTP GET /lib/jquery/dist/jquery.min.js responded 304 in 0.2665 ms
[20:13:14 INF] HTTP GET /lib/bootstrap/dist/js/bootstrap.bundle.min.js responded 304 in 0.8955 ms
[20:13:14 INF] HTTP GET /js/site.js responded 304 in 1.0488 ms
[20:13:14 INF] HTTP GET /lib/jquery-validation-unobtrusive/dist/jquery.validate.unobtrusive.min.js responded 304 in 0.8446 ms
[20:13:14 INF] HTTP GET /js/products-catalog-filter.js responded 304 in 0.5151 ms
[20:13:14 INF] HTTP GET /lib/jquery-validation/dist/jquery.validate.min.js responded 304 in 0.3944 ms
[20:13:24 INF] HTTP GET /Inventory/Products responded 200 in 52.9378 ms
[20:13:25 INF] HTTP GET /lib/bootstrap/dist/css/bootstrap.min.css responded 200 in 1.4353 ms
[20:13:25 INF] HTTP GET /Biktal.WebMVC.styles.css responded 304 in 0.5247 ms
[20:13:25 INF] HTTP GET /css/site.css responded 304 in 0.3792 ms
[20:13:25 INF] HTTP GET /lib/jquery/dist/jquery.min.js responded 304 in 0.2705 ms
[20:13:25 INF] HTTP GET /lib/bootstrap/dist/js/bootstrap.bundle.min.js responded 304 in 0.3686 ms
[20:13:25 INF] HTTP GET /js/site.js responded 304 in 0.2002 ms
[20:13:25 INF] HTTP GET /lib/jquery-validation/dist/jquery.validate.min.js responded 304 in 0.4829 ms
[20:13:25 INF] HTTP GET /lib/jquery-validation-unobtrusive/dist/jquery.validate.unobtrusive.min.js responded 304 in 0.6316 ms
[20:13:25 INF] HTTP GET /js/products-catalog-filter.js responded 304 in 0.4258 ms
[20:13:28 INF] HTTP POST /Inventory/EditProduct responded 302 in 11.2085 ms
[20:13:28 INF] HTTP GET /Inventory/Products responded 200 in 66.2393 ms
[20:13:29 INF] HTTP GET /css/site.css responded 304 in 0.9958 ms
[20:13:29 INF] HTTP GET /lib/bootstrap/dist/css/bootstrap.min.css responded 304 in 5.3029 ms
[20:13:29 INF] HTTP GET /Biktal.WebMVC.styles.css responded 304 in 0.4536 ms
[20:13:29 INF] HTTP GET /lib/jquery/dist/jquery.min.js responded 304 in 0.2608 ms
[20:13:29 INF] HTTP GET /lib/bootstrap/dist/js/bootstrap.bundle.min.js responded 304 in 0.5326 ms
[20:13:29 INF] HTTP GET /js/site.js responded 304 in 0.4500 ms
[20:13:29 INF] HTTP GET /lib/jquery-validation/dist/jquery.validate.min.js responded 304 in 0.7743 ms
[20:13:29 INF] HTTP GET /lib/jquery-validation-unobtrusive/dist/jquery.validate.unobtrusive.min.js responded 304 in 0.8327 ms
[20:13:29 INF] HTTP GET /js/products-catalog-filter.js responded 304 in 1.3263 ms
[20:13:35 INF] HTTP GET /Inventory/Products responded 200 in 112.5443 ms
[20:13:35 INF] HTTP GET /lib/bootstrap/dist/css/bootstrap.min.css responded 304 in 0.4647 ms
[20:13:35 INF] HTTP GET /css/site.css responded 304 in 1.0107 ms
[20:13:35 INF] HTTP GET /Biktal.WebMVC.styles.css responded 304 in 3.7646 ms
[20:13:36 INF] HTTP GET /lib/jquery/dist/jquery.min.js responded 304 in 0.3963 ms
[20:13:36 INF] HTTP GET /lib/bootstrap/dist/js/bootstrap.bundle.min.js responded 304 in 1.6747 ms
[20:13:36 INF] HTTP GET /js/site.js responded 304 in 0.4360 ms
[20:13:36 INF] HTTP GET /lib/jquery-validation/dist/jquery.validate.min.js responded 304 in 0.9388 ms
[20:13:36 INF] HTTP GET /lib/jquery-validation-unobtrusive/dist/jquery.validate.unobtrusive.min.js responded 304 in 2.2651 ms
[20:13:36 INF] HTTP GET /js/products-catalog-filter.js responded 304 in 0.7548 ms
[20:13:41 INF] HTTP POST /Inventory/EditProduct responded 302 in 17.7416 ms
[20:13:41 INF] HTTP GET /Inventory/Products responded 200 in 66.4701 ms
[20:13:41 INF] HTTP GET /lib/bootstrap/dist/css/bootstrap.min.css responded 304 in 1.1525 ms
[20:13:41 INF] HTTP GET /Biktal.WebMVC.styles.css responded 304 in 0.7294 ms
[20:13:41 INF] HTTP GET /css/site.css responded 304 in 0.6013 ms
[20:13:42 INF] HTTP GET /lib/jquery/dist/jquery.min.js responded 304 in 0.2548 ms
[20:13:42 INF] HTTP GET /lib/bootstrap/dist/js/bootstrap.bundle.min.js responded 304 in 0.3723 ms
[20:13:42 INF] HTTP GET /js/site.js responded 304 in 0.2912 ms
[20:13:42 INF] HTTP GET /lib/jquery-validation/dist/jquery.validate.min.js responded 304 in 0.5865 ms
[20:13:42 INF] HTTP GET /lib/jquery-validation-unobtrusive/dist/jquery.validate.unobtrusive.min.js responded 304 in 1.6336 ms
[20:13:42 INF] HTTP GET /js/products-catalog-filter.js responded 304 in 0.5552 ms
[20:13:47 INF] HTTP GET /Inventory/Products responded 200 in 64.8896 ms
[20:13:47 INF] HTTP GET /lib/bootstrap/dist/css/bootstrap.min.css responded 200 in 2.0746 ms
[20:13:47 INF] HTTP GET /css/site.css responded 304 in 2.4413 ms
[20:13:47 INF] HTTP GET /Biktal.WebMVC.styles.css responded 304 in 0.4248 ms
[20:13:48 INF] HTTP GET /lib/jquery/dist/jquery.min.js responded 304 in 0.2523 ms
[20:13:48 INF] HTTP GET /lib/bootstrap/dist/js/bootstrap.bundle.min.js responded 304 in 0.3769 ms
[20:13:48 INF] HTTP GET /js/site.js responded 304 in 0.2539 ms
[20:13:48 INF] HTTP GET /lib/jquery-validation/dist/jquery.validate.min.js responded 304 in 0.3365 ms
[20:13:48 INF] HTTP GET /js/products-catalog-filter.js responded 304 in 0.4487 ms
[20:13:48 INF] HTTP GET /lib/jquery-validation-unobtrusive/dist/jquery.validate.unobtrusive.min.js responded 304 in 0.7790 ms
[20:13:51 INF] HTTP POST /Inventory/EditProduct responded 302 in 12.6239 ms
[20:13:51 INF] HTTP GET /Inventory/Products responded 200 in 52.7124 ms
[20:13:51 INF] HTTP GET /lib/bootstrap/dist/css/bootstrap.min.css responded 200 in 1.2539 ms
[20:13:51 INF] HTTP GET /css/site.css responded 304 in 0.4384 ms
[20:13:51 INF] HTTP GET /Biktal.WebMVC.styles.css responded 304 in 1.0027 ms
[20:13:52 INF] HTTP GET /lib/jquery/dist/jquery.min.js responded 304 in 0.9342 ms
[20:13:52 INF] HTTP GET /lib/bootstrap/dist/js/bootstrap.bundle.min.js responded 304 in 0.9936 ms
[20:13:52 INF] HTTP GET /js/site.js responded 304 in 0.5608 ms
[20:13:52 INF] HTTP GET /lib/jquery-validation/dist/jquery.validate.min.js responded 304 in 0.5241 ms
[20:13:52 INF] HTTP GET /lib/jquery-validation-unobtrusive/dist/jquery.validate.unobtrusive.min.js responded 304 in 2.6642 ms
[20:13:52 INF] HTTP GET /js/products-catalog-filter.js responded 304 in 0.7031 ms
[20:14:06 INF] HTTP GET /Inventory/Products responded 200 in 69.6909 ms
[20:14:06 INF] HTTP GET /lib/bootstrap/dist/css/bootstrap.min.css responded 304 in 0.9162 ms
[20:14:06 INF] HTTP GET /css/site.css responded 304 in 0.5382 ms
[20:14:06 INF] HTTP GET /Biktal.WebMVC.styles.css responded 304 in 2.2246 ms
[20:14:07 INF] HTTP GET /lib/jquery/dist/jquery.min.js responded 304 in 0.2510 ms
[20:14:07 INF] HTTP GET /js/site.js responded 304 in 0.3086 ms
[20:14:07 INF] HTTP GET /lib/jquery-validation/dist/jquery.validate.min.js responded 304 in 0.3086 ms
[20:14:07 INF] HTTP GET /lib/bootstrap/dist/js/bootstrap.bundle.min.js responded 304 in 0.3378 ms
[20:14:07 INF] HTTP GET /lib/jquery-validation-unobtrusive/dist/jquery.validate.unobtrusive.min.js responded 304 in 0.4343 ms
[20:14:07 INF] HTTP GET /js/products-catalog-filter.js responded 304 in 0.3901 ms
[20:14:15 INF] HTTP POST /Inventory/EditProduct responded 200 in 64.6788 ms
[20:14:15 INF] HTTP GET /lib/bootstrap/dist/css/bootstrap.min.css responded 304 in 0.9244 ms
[20:14:15 INF] HTTP GET /css/site.css responded 304 in 0.4572 ms
[20:14:15 INF] HTTP GET /Biktal.WebMVC.styles.css responded 304 in 0.5219 ms
[20:14:16 INF] HTTP GET /lib/jquery/dist/jquery.min.js responded 304 in 0.3805 ms
[20:14:16 INF] HTTP GET /js/site.js responded 304 in 0.3824 ms
[20:14:16 INF] HTTP GET /lib/bootstrap/dist/js/bootstrap.bundle.min.js responded 304 in 0.3674 ms
[20:14:16 INF] HTTP GET /lib/jquery-validation/dist/jquery.validate.min.js responded 304 in 0.4012 ms
[20:14:16 INF] HTTP GET /js/products-catalog-filter.js responded 304 in 0.2828 ms
[20:14:16 INF] HTTP GET /lib/jquery-validation-unobtrusive/dist/jquery.validate.unobtrusive.min.js responded 304 in 0.7673 ms
[20:14:28 INF] HTTP POST /Inventory/EditProduct responded 302 in 24.5956 ms
[20:14:28 INF] HTTP GET /Inventory/Products responded 200 in 62.0478 ms
[20:14:28 INF] HTTP GET /Biktal.WebMVC.styles.css responded 304 in 0.6340 ms
[20:14:28 INF] HTTP GET /lib/bootstrap/dist/css/bootstrap.min.css responded 304 in 1.0617 ms
[20:14:28 INF] HTTP GET /css/site.css responded 304 in 0.5597 ms
[20:14:29 INF] HTTP GET /lib/jquery/dist/jquery.min.js responded 304 in 0.2635 ms
[20:14:29 INF] HTTP GET /lib/bootstrap/dist/js/bootstrap.bundle.min.js responded 304 in 3.6315 ms
[20:14:29 INF] HTTP GET /js/site.js responded 304 in 4.3858 ms
[20:14:29 INF] HTTP GET /lib/jquery-validation-unobtrusive/dist/jquery.validate.unobtrusive.min.js responded 304 in 0.6396 ms
[20:14:29 INF] HTTP GET /lib/jquery-validation/dist/jquery.validate.min.js responded 304 in 0.5769 ms
[20:14:29 INF] HTTP GET /js/products-catalog-filter.js responded 304 in 0.3697 ms
[20:14:36 INF] HTTP GET /Inventory/Products responded 200 in 52.4890 ms
[20:14:36 INF] HTTP GET /lib/bootstrap/dist/css/bootstrap.min.css responded 304 in 0.5949 ms
[20:14:36 INF] HTTP GET /Biktal.WebMVC.styles.css responded 304 in 0.3906 ms
[20:14:36 INF] HTTP GET /css/site.css responded 304 in 0.4495 ms
[20:14:37 INF] HTTP GET /lib/jquery/dist/jquery.min.js responded 304 in 0.2477 ms
[20:14:37 INF] HTTP GET /lib/bootstrap/dist/js/bootstrap.bundle.min.js responded 304 in 0.4524 ms
[20:14:37 INF] HTTP GET /js/site.js responded 304 in 0.2999 ms
[20:14:37 INF] HTTP GET /js/products-catalog-filter.js responded 304 in 0.2018 ms
[20:14:37 INF] HTTP GET /lib/jquery-validation-unobtrusive/dist/jquery.validate.unobtrusive.min.js responded 304 in 0.2999 ms
[20:14:37 INF] HTTP GET /lib/jquery-validation/dist/jquery.validate.min.js responded 304 in 0.2317 ms
[20:14:43 INF] HTTP POST /Inventory/EditProduct responded 200 in 50.2249 ms
[20:14:43 INF] HTTP GET /lib/bootstrap/dist/css/bootstrap.min.css responded 304 in 0.7074 ms
[20:14:43 INF] HTTP GET /css/site.css responded 304 in 1.9098 ms
[20:14:43 INF] HTTP GET /Biktal.WebMVC.styles.css responded 304 in 0.6285 ms
[20:14:44 INF] HTTP GET /lib/jquery/dist/jquery.min.js responded 304 in 0.2533 ms
[20:14:44 INF] HTTP GET /lib/bootstrap/dist/js/bootstrap.bundle.min.js responded 304 in 1.1688 ms
[20:14:44 INF] HTTP GET /js/site.js responded 304 in 0.7381 ms
[20:14:44 INF] HTTP GET /lib/jquery-validation/dist/jquery.validate.min.js responded 304 in 0.3998 ms
[20:14:44 INF] HTTP GET /lib/jquery-validation-unobtrusive/dist/jquery.validate.unobtrusive.min.js responded 304 in 0.3172 ms
[20:14:44 INF] HTTP GET /js/products-catalog-filter.js responded 304 in 0.4247 ms
[20:14:49 INF] HTTP POST /Inventory/EditProduct responded 302 in 13.3484 ms
[20:14:49 INF] HTTP GET /Inventory/Products responded 200 in 62.8417 ms
[20:14:49 INF] HTTP GET /css/site.css responded 304 in 0.4868 ms
[20:14:49 INF] HTTP GET /lib/bootstrap/dist/css/bootstrap.min.css responded 304 in 0.5828 ms
[20:14:49 INF] HTTP GET /Biktal.WebMVC.styles.css responded 304 in 0.8245 ms
[20:14:50 INF] HTTP GET /lib/jquery/dist/jquery.min.js responded 304 in 0.2593 ms
[20:14:50 INF] HTTP GET /lib/bootstrap/dist/js/bootstrap.bundle.min.js responded 304 in 0.4236 ms
[20:14:50 INF] HTTP GET /lib/jquery-validation/dist/jquery.validate.min.js responded 304 in 0.4070 ms
[20:14:50 INF] HTTP GET /js/site.js responded 304 in 1.2573 ms
[20:14:50 INF] HTTP GET /js/products-catalog-filter.js responded 304 in 0.4399 ms
[20:14:50 INF] HTTP GET /lib/jquery-validation-unobtrusive/dist/jquery.validate.unobtrusive.min.js responded 304 in 1.0986 ms
[20:15:25 INF] HTTP POST /Inventory/AddProduct responded 302 in 109.6875 ms
[20:15:25 INF] HTTP GET /Inventory/Products responded 200 in 111.5839 ms
[20:15:25 INF] HTTP GET /css/site.css responded 200 in 2.9116 ms
[20:15:25 INF] HTTP GET /lib/bootstrap/dist/css/bootstrap.min.css responded 200 in 2.2302 ms
[20:15:25 INF] HTTP GET /Biktal.WebMVC.styles.css responded 200 in 2.4291 ms
[20:15:26 INF] HTTP GET /lib/jquery/dist/jquery.min.js responded 200 in 0.7938 ms
[20:15:26 INF] HTTP GET /lib/bootstrap/dist/js/bootstrap.bundle.min.js responded 200 in 0.9884 ms
[20:15:26 INF] HTTP GET /lib/jquery-validation/dist/jquery.validate.min.js responded 200 in 0.9784 ms
[20:15:26 INF] HTTP GET /lib/jquery-validation-unobtrusive/dist/jquery.validate.unobtrusive.min.js responded 200 in 0.7082 ms
[20:15:26 INF] HTTP GET /js/products-catalog-filter.js responded 200 in 1.1977 ms
[20:15:26 INF] HTTP GET /js/site.js responded 200 in 0.9748 ms
[20:15:38 INF] HTTP GET /Inventory/Products responded 200 in 66.4293 ms
[20:15:38 INF] HTTP GET /css/site.css responded 200 in 2.1446 ms
[20:15:38 INF] HTTP GET /Biktal.WebMVC.styles.css responded 200 in 1.4818 ms
[20:15:38 INF] HTTP GET /lib/bootstrap/dist/css/bootstrap.min.css responded 200 in 14.1727 ms
[20:15:39 INF] HTTP GET /lib/jquery/dist/jquery.min.js responded 200 in 0.8022 ms
[20:15:39 INF] HTTP GET /js/site.js responded 200 in 0.7119 ms
[20:15:39 INF] HTTP GET /lib/bootstrap/dist/js/bootstrap.bundle.min.js responded 200 in 1.2981 ms
[20:15:39 INF] HTTP GET /lib/jquery-validation/dist/jquery.validate.min.js responded 200 in 1.1708 ms
[20:15:39 INF] HTTP GET /lib/jquery-validation-unobtrusive/dist/jquery.validate.unobtrusive.min.js responded 200 in 2.5700 ms
[20:15:39 INF] HTTP GET /js/products-catalog-filter.js responded 200 in 1.3193 ms
[20:15:42 INF] HTTP POST /Inventory/EditProduct responded 302 in 11.7848 ms
[20:15:42 INF] HTTP GET /Inventory/Products responded 200 in 47.7147 ms
[20:15:42 INF] HTTP GET /Biktal.WebMVC.styles.css responded 304 in 1.3162 ms
[20:15:42 INF] HTTP GET /lib/bootstrap/dist/css/bootstrap.min.css responded 304 in 0.4512 ms
[20:15:42 INF] HTTP GET /css/site.css responded 304 in 5.3337 ms
[20:15:43 INF] HTTP GET /lib/jquery/dist/jquery.min.js responded 304 in 0.2689 ms
[20:15:43 INF] HTTP GET /lib/bootstrap/dist/js/bootstrap.bundle.min.js responded 304 in 0.3961 ms
[20:15:43 INF] HTTP GET /js/site.js responded 304 in 0.3810 ms
[20:15:43 INF] HTTP GET /lib/jquery-validation/dist/jquery.validate.min.js responded 304 in 0.2870 ms
[20:15:43 INF] HTTP GET /lib/jquery-validation-unobtrusive/dist/jquery.validate.unobtrusive.min.js responded 304 in 0.2543 ms
[20:15:43 INF] HTTP GET /js/products-catalog-filter.js responded 304 in 0.2811 ms
[20:16:19 INF] HTTP GET /Inventory/Products responded 200 in 94.7127 ms
[20:16:19 INF] HTTP GET /lib/bootstrap/dist/css/bootstrap.min.css responded 200 in 1.4470 ms
[20:16:19 INF] HTTP GET /css/site.css responded 304 in 0.5634 ms
[20:16:19 INF] HTTP GET /Biktal.WebMVC.styles.css responded 304 in 0.6253 ms
[20:16:20 INF] HTTP GET /lib/jquery/dist/jquery.min.js responded 304 in 0.2818 ms
[20:16:20 INF] HTTP GET /lib/bootstrap/dist/js/bootstrap.bundle.min.js responded 304 in 0.3771 ms
[20:16:20 INF] HTTP GET /js/site.js responded 304 in 0.4412 ms
[20:16:20 INF] HTTP GET /lib/jquery-validation/dist/jquery.validate.min.js responded 304 in 0.2636 ms
[20:16:20 INF] HTTP GET /lib/jquery-validation-unobtrusive/dist/jquery.validate.unobtrusive.min.js responded 304 in 0.2591 ms
[20:16:20 INF] HTTP GET /js/products-catalog-filter.js responded 304 in 0.2663 ms
[20:16:35 INF] HTTP POST /Inventory/EditProduct responded 302 in 11.6829 ms
[20:16:35 INF] HTTP GET /Inventory/Products responded 200 in 69.5032 ms
[20:16:35 INF] HTTP GET /lib/bootstrap/dist/css/bootstrap.min.css responded 304 in 0.3901 ms
[20:16:35 INF] HTTP GET /css/site.css responded 304 in 0.5757 ms
[20:16:35 INF] HTTP GET /Biktal.WebMVC.styles.css responded 304 in 2.5940 ms
[20:16:36 INF] HTTP GET /lib/jquery/dist/jquery.min.js responded 304 in 0.3601 ms
[20:16:36 INF] HTTP GET /lib/bootstrap/dist/js/bootstrap.bundle.min.js responded 304 in 0.6235 ms
[20:16:36 INF] HTTP GET /js/site.js responded 304 in 0.4791 ms
[20:16:36 INF] HTTP GET /lib/jquery-validation/dist/jquery.validate.min.js responded 304 in 0.5443 ms
[20:16:36 INF] HTTP GET /lib/jquery-validation-unobtrusive/dist/jquery.validate.unobtrusive.min.js responded 304 in 0.4816 ms
[20:16:36 INF] HTTP GET /js/products-catalog-filter.js responded 304 in 0.4978 ms
[20:16:45 INF] HTTP GET /Inventory/Products responded 200 in 67.2305 ms
[20:16:45 INF] HTTP GET /css/site.css responded 304 in 0.4848 ms
[20:16:45 INF] HTTP GET /lib/bootstrap/dist/css/bootstrap.min.css responded 304 in 0.6624 ms
[20:16:45 INF] HTTP GET /Biktal.WebMVC.styles.css responded 304 in 0.7897 ms
[20:16:46 INF] HTTP GET /lib/jquery/dist/jquery.min.js responded 304 in 0.3752 ms
[20:16:46 INF] HTTP GET /lib/bootstrap/dist/js/bootstrap.bundle.min.js responded 304 in 0.9317 ms
[20:16:46 INF] HTTP GET /js/site.js responded 304 in 0.4251 ms
[20:16:46 INF] HTTP GET /lib/jquery-validation/dist/jquery.validate.min.js responded 304 in 0.7191 ms
[20:16:46 INF] HTTP GET /lib/jquery-validation-unobtrusive/dist/jquery.validate.unobtrusive.min.js responded 304 in 0.4975 ms
[20:16:46 INF] HTTP GET /js/products-catalog-filter.js responded 304 in 1.2592 ms
[20:16:55 INF] HTTP POST /Inventory/EditProduct responded 302 in 13.2378 ms
[20:16:55 INF] HTTP GET /Inventory/Products responded 200 in 46.1695 ms
[20:16:55 INF] HTTP GET /lib/bootstrap/dist/css/bootstrap.min.css responded 304 in 0.4225 ms
[20:16:55 INF] HTTP GET /css/site.css responded 304 in 0.3706 ms
[20:16:55 INF] HTTP GET /Biktal.WebMVC.styles.css responded 304 in 0.4696 ms
[20:16:56 INF] HTTP GET /lib/jquery/dist/jquery.min.js responded 304 in 0.2495 ms
[20:16:56 INF] HTTP GET /lib/bootstrap/dist/js/bootstrap.bundle.min.js responded 304 in 0.4084 ms
[20:16:56 INF] HTTP GET /js/site.js responded 304 in 0.4399 ms
[20:16:56 INF] HTTP GET /lib/jquery-validation-unobtrusive/dist/jquery.validate.unobtrusive.min.js responded 304 in 0.3728 ms
[20:16:56 INF] HTTP GET /js/products-catalog-filter.js responded 304 in 0.3149 ms
[20:16:56 INF] HTTP GET /lib/jquery-validation/dist/jquery.validate.min.js responded 304 in 0.4258 ms
[20:17:06 INF] HTTP GET /Inventory/Products responded 200 in 65.0136 ms
[20:17:06 INF] HTTP GET /lib/bootstrap/dist/css/bootstrap.min.css responded 304 in 5.8961 ms
[20:17:06 INF] HTTP GET /css/site.css responded 304 in 0.4167 ms
[20:17:06 INF] HTTP GET /Biktal.WebMVC.styles.css responded 304 in 0.4051 ms
[20:17:07 INF] HTTP GET /lib/jquery/dist/jquery.min.js responded 304 in 0.2845 ms
[20:17:07 INF] HTTP GET /lib/bootstrap/dist/js/bootstrap.bundle.min.js responded 304 in 0.4002 ms
[20:17:07 INF] HTTP GET /js/site.js responded 304 in 0.5621 ms
[20:17:07 INF] HTTP GET /lib/jquery-validation/dist/jquery.validate.min.js responded 304 in 0.7332 ms
[20:17:07 INF] HTTP GET /lib/jquery-validation-unobtrusive/dist/jquery.validate.unobtrusive.min.js responded 304 in 1.2756 ms
[20:17:07 INF] HTTP GET /js/products-catalog-filter.js responded 304 in 1.8813 ms
[20:17:12 INF] HTTP POST /Inventory/EditProduct responded 302 in 12.2398 ms
[20:17:12 INF] HTTP GET /Inventory/Products responded 200 in 58.7994 ms
[20:17:12 INF] HTTP GET /css/site.css responded 304 in 0.3889 ms
[20:17:12 INF] HTTP GET /lib/bootstrap/dist/css/bootstrap.min.css responded 200 in 1.8355 ms
[20:17:12 INF] HTTP GET /Biktal.WebMVC.styles.css responded 304 in 0.5673 ms
[20:17:13 INF] HTTP GET /lib/jquery/dist/jquery.min.js responded 304 in 0.3560 ms
[20:17:13 INF] HTTP GET /lib/bootstrap/dist/js/bootstrap.bundle.min.js responded 304 in 0.4208 ms
[20:17:13 INF] HTTP GET /js/site.js responded 304 in 0.4852 ms
[20:17:13 INF] HTTP GET /lib/jquery-validation/dist/jquery.validate.min.js responded 304 in 0.5038 ms
[20:17:13 INF] HTTP GET /lib/jquery-validation-unobtrusive/dist/jquery.validate.unobtrusive.min.js responded 304 in 0.7315 ms
[20:17:13 INF] HTTP GET /js/products-catalog-filter.js responded 304 in 0.4610 ms
[20:17:30 INF] HTTP GET /Inventory/Products responded 200 in 63.2700 ms
[20:17:30 INF] HTTP GET /lib/bootstrap/dist/css/bootstrap.min.css responded 200 in 2.9843 ms
[20:17:30 INF] HTTP GET /Biktal.WebMVC.styles.css responded 304 in 3.5750 ms
[20:17:30 INF] HTTP GET /css/site.css responded 304 in 0.5203 ms
[20:17:31 INF] HTTP GET /lib/jquery/dist/jquery.min.js responded 304 in 0.2731 ms
[20:17:31 INF] HTTP GET /lib/bootstrap/dist/js/bootstrap.bundle.min.js responded 304 in 0.4233 ms
[20:17:31 INF] HTTP GET /js/site.js responded 304 in 0.5393 ms
[20:17:31 INF] HTTP GET /lib/jquery-validation/dist/jquery.validate.min.js responded 304 in 0.2914 ms
[20:17:31 INF] HTTP GET /lib/jquery-validation-unobtrusive/dist/jquery.validate.unobtrusive.min.js responded 304 in 0.2839 ms
[20:17:31 INF] HTTP GET /js/products-catalog-filter.js responded 304 in 0.2585 ms
[20:17:52 INF] HTTP POST /Inventory/EditProduct responded 302 in 12.3050 ms
[20:17:52 INF] HTTP GET /Inventory/Products responded 200 in 42.2385 ms
[20:17:52 INF] HTTP GET /lib/bootstrap/dist/css/bootstrap.min.css responded 200 in 1.2673 ms
[20:17:52 INF] HTTP GET /Biktal.WebMVC.styles.css responded 304 in 0.4277 ms
[20:17:52 INF] HTTP GET /css/site.css responded 304 in 0.4312 ms
[20:17:53 INF] HTTP GET /lib/jquery/dist/jquery.min.js responded 304 in 0.2687 ms
[20:17:53 INF] HTTP GET /lib/bootstrap/dist/js/bootstrap.bundle.min.js responded 304 in 0.9540 ms
[20:17:53 INF] HTTP GET /js/site.js responded 304 in 0.4210 ms
[20:17:53 INF] HTTP GET /lib/jquery-validation/dist/jquery.validate.min.js responded 304 in 0.4750 ms
[20:17:53 INF] HTTP GET /lib/jquery-validation-unobtrusive/dist/jquery.validate.unobtrusive.min.js responded 304 in 2.3493 ms
[20:17:53 INF] HTTP GET /js/products-catalog-filter.js responded 304 in 0.4269 ms
[20:18:09 INF] HTTP GET /Inventory/Products responded 200 in 69.0332 ms
[20:18:09 INF] HTTP GET /css/site.css responded 304 in 0.5822 ms
[20:18:09 INF] HTTP GET /Biktal.WebMVC.styles.css responded 304 in 0.3426 ms
[20:18:09 INF] HTTP GET /lib/bootstrap/dist/css/bootstrap.min.css responded 200 in 11.1138 ms
[20:18:10 INF] HTTP GET /lib/jquery/dist/jquery.min.js responded 304 in 0.2609 ms
[20:18:10 INF] HTTP GET /lib/bootstrap/dist/js/bootstrap.bundle.min.js responded 304 in 0.5055 ms
[20:18:10 INF] HTTP GET /js/site.js responded 304 in 0.3332 ms
[20:18:10 INF] HTTP GET /lib/jquery-validation/dist/jquery.validate.min.js responded 304 in 0.3792 ms
[20:18:10 INF] HTTP GET /lib/jquery-validation-unobtrusive/dist/jquery.validate.unobtrusive.min.js responded 304 in 0.5066 ms
[20:18:10 INF] HTTP GET /js/products-catalog-filter.js responded 304 in 0.7967 ms
[20:18:18 INF] HTTP POST /Inventory/EditProduct responded 200 in 49.0649 ms
[20:18:19 INF] HTTP GET /lib/bootstrap/dist/css/bootstrap.min.css responded 304 in 0.4847 ms
[20:18:19 INF] HTTP GET /Biktal.WebMVC.styles.css responded 304 in 0.4134 ms
[20:18:19 INF] HTTP GET /css/site.css responded 304 in 1.5016 ms
[20:18:20 INF] HTTP GET /lib/jquery/dist/jquery.min.js responded 304 in 0.5605 ms
[20:18:20 INF] HTTP GET /lib/bootstrap/dist/js/bootstrap.bundle.min.js responded 304 in 0.3489 ms
[20:18:20 INF] HTTP GET /js/site.js responded 304 in 0.3240 ms
[20:18:20 INF] HTTP GET /lib/jquery-validation-unobtrusive/dist/jquery.validate.unobtrusive.min.js responded 304 in 0.3444 ms
[20:18:20 INF] HTTP GET /lib/jquery-validation/dist/jquery.validate.min.js responded 304 in 0.5397 ms
[20:18:20 INF] HTTP GET /js/products-catalog-filter.js responded 304 in 0.4328 ms
[20:18:47 INF] HTTP POST /Inventory/EditProduct responded 302 in 188.3289 ms
[20:18:47 INF] HTTP GET /Inventory/Products responded 200 in 37.7933 ms
[20:18:47 INF] HTTP GET /lib/bootstrap/dist/css/bootstrap.min.css responded 200 in 17.4206 ms
[20:18:47 INF] HTTP GET /css/site.css responded 304 in 1.5169 ms
[20:18:47 INF] HTTP GET /Biktal.WebMVC.styles.css responded 304 in 0.5570 ms
[20:18:48 INF] HTTP GET /lib/jquery/dist/jquery.min.js responded 304 in 0.2691 ms
[20:18:48 INF] HTTP GET /lib/bootstrap/dist/js/bootstrap.bundle.min.js responded 304 in 0.4224 ms
[20:18:48 INF] HTTP GET /js/site.js responded 304 in 0.5325 ms
[20:18:48 INF] HTTP GET /lib/jquery-validation/dist/jquery.validate.min.js responded 304 in 0.5850 ms
[20:18:48 INF] HTTP GET /js/products-catalog-filter.js responded 304 in 0.3141 ms
[20:18:48 INF] HTTP GET /lib/jquery-validation-unobtrusive/dist/jquery.validate.unobtrusive.min.js responded 304 in 1.1609 ms
[20:18:55 INF] HTTP GET /Inventory/Products responded 200 in 66.8708 ms
[20:18:55 INF] HTTP GET /css/site.css responded 304 in 1.9113 ms
[20:18:55 INF] HTTP GET /lib/bootstrap/dist/css/bootstrap.min.css responded 304 in 0.5088 ms
[20:18:55 INF] HTTP GET /Biktal.WebMVC.styles.css responded 304 in 0.9134 ms
[20:18:56 INF] HTTP GET /lib/jquery/dist/jquery.min.js responded 304 in 0.2786 ms
[20:18:56 INF] HTTP GET /js/site.js responded 304 in 0.2560 ms
[20:18:56 INF] HTTP GET /lib/bootstrap/dist/js/bootstrap.bundle.min.js responded 304 in 0.4455 ms
[20:18:56 INF] HTTP GET /lib/jquery-validation/dist/jquery.validate.min.js responded 304 in 0.3080 ms
[20:18:56 INF] HTTP GET /lib/jquery-validation-unobtrusive/dist/jquery.validate.unobtrusive.min.js responded 304 in 0.2748 ms
[20:18:56 INF] HTTP GET /js/products-catalog-filter.js responded 304 in 0.5166 ms
[20:19:04 INF] HTTP POST /Inventory/EditProduct responded 200 in 52.5895 ms
[20:19:04 INF] HTTP GET /lib/bootstrap/dist/css/bootstrap.min.css responded 304 in 0.4873 ms
[20:19:04 INF] HTTP GET /Biktal.WebMVC.styles.css responded 304 in 0.5492 ms
[20:19:04 INF] HTTP GET /css/site.css responded 304 in 1.5981 ms
[20:19:05 INF] HTTP GET /lib/jquery/dist/jquery.min.js responded 304 in 0.2504 ms
[20:19:05 INF] HTTP GET /lib/bootstrap/dist/js/bootstrap.bundle.min.js responded 304 in 0.4036 ms
[20:19:05 INF] HTTP GET /js/site.js responded 304 in 0.3907 ms
[20:19:05 INF] HTTP GET /lib/jquery-validation/dist/jquery.validate.min.js responded 304 in 0.3074 ms
[20:19:05 INF] HTTP GET /js/products-catalog-filter.js responded 304 in 0.2153 ms
[20:19:05 INF] HTTP GET /lib/jquery-validation-unobtrusive/dist/jquery.validate.unobtrusive.min.js responded 304 in 0.2171 ms
[20:19:11 INF] HTTP POST /Inventory/EditProduct responded 302 in 11.6979 ms
[20:19:11 INF] HTTP GET /Inventory/Products responded 200 in 51.9560 ms
[20:19:11 INF] HTTP GET /lib/bootstrap/dist/css/bootstrap.min.css responded 304 in 0.5114 ms
[20:19:11 INF] HTTP GET /Biktal.WebMVC.styles.css responded 304 in 0.3342 ms
[20:19:11 INF] HTTP GET /css/site.css responded 304 in 0.6371 ms
[20:19:12 INF] HTTP GET /lib/jquery/dist/jquery.min.js responded 304 in 0.2462 ms
[20:19:12 INF] HTTP GET /js/site.js responded 304 in 0.2970 ms
[20:19:12 INF] HTTP GET /lib/bootstrap/dist/js/bootstrap.bundle.min.js responded 304 in 0.5111 ms
[20:19:12 INF] HTTP GET /js/products-catalog-filter.js responded 304 in 0.2449 ms
[20:19:12 INF] HTTP GET /lib/jquery-validation/dist/jquery.validate.min.js responded 304 in 0.3643 ms
[20:19:12 INF] HTTP GET /lib/jquery-validation-unobtrusive/dist/jquery.validate.unobtrusive.min.js responded 304 in 0.7685 ms
[20:19:24 INF] HTTP GET /Inventory/Products responded 200 in 73.9464 ms
[20:19:24 INF] HTTP GET /lib/bootstrap/dist/css/bootstrap.min.css responded 304 in 0.6731 ms
[20:19:24 INF] HTTP GET /css/site.css responded 304 in 0.5562 ms
[20:19:24 INF] HTTP GET /Biktal.WebMVC.styles.css responded 304 in 0.6255 ms
[20:19:25 INF] HTTP GET /lib/jquery/dist/jquery.min.js responded 304 in 0.2680 ms
[20:19:25 INF] HTTP GET /lib/bootstrap/dist/js/bootstrap.bundle.min.js responded 304 in 0.5948 ms
[20:19:25 INF] HTTP GET /js/site.js responded 304 in 0.3548 ms
[20:19:25 INF] HTTP GET /lib/jquery-validation-unobtrusive/dist/jquery.validate.unobtrusive.min.js responded 304 in 0.3080 ms
[20:19:25 INF] HTTP GET /lib/jquery-validation/dist/jquery.validate.min.js responded 304 in 1.2583 ms
[20:19:25 INF] HTTP GET /js/products-catalog-filter.js responded 304 in 0.4363 ms
[20:19:28 INF] HTTP POST /Inventory/EditProduct responded 302 in 7.9908 ms
[20:19:28 INF] HTTP GET /Inventory/Products responded 200 in 48.3594 ms
[20:19:28 INF] HTTP GET /lib/bootstrap/dist/css/bootstrap.min.css responded 304 in 0.5864 ms
[20:19:28 INF] HTTP GET /Biktal.WebMVC.styles.css responded 304 in 0.6550 ms
[20:19:28 INF] HTTP GET /css/site.css responded 304 in 0.3337 ms
[20:19:29 INF] HTTP GET /lib/jquery/dist/jquery.min.js responded 304 in 0.2714 ms
[20:19:29 INF] HTTP GET /lib/bootstrap/dist/js/bootstrap.bundle.min.js responded 304 in 0.7201 ms
[20:19:29 INF] HTTP GET /js/site.js responded 304 in 0.4042 ms
[20:19:29 INF] HTTP GET /lib/jquery-validation/dist/jquery.validate.min.js responded 304 in 0.2842 ms
[20:19:29 INF] HTTP GET /lib/jquery-validation-unobtrusive/dist/jquery.validate.unobtrusive.min.js responded 304 in 0.7289 ms
[20:19:29 INF] HTTP GET /js/products-catalog-filter.js responded 304 in 0.4760 ms
[20:19:46 INF] HTTP GET /Inventory/Products responded 200 in 67.0927 ms
[20:19:46 INF] HTTP GET /lib/bootstrap/dist/css/bootstrap.min.css responded 200 in 2.0345 ms
[20:19:46 INF] HTTP GET /css/site.css responded 304 in 1.7773 ms
[20:19:46 INF] HTTP GET /Biktal.WebMVC.styles.css responded 304 in 0.7191 ms
[20:19:47 INF] HTTP GET /lib/jquery/dist/jquery.min.js responded 304 in 0.2454 ms
[20:19:47 INF] HTTP GET /js/site.js responded 304 in 0.2948 ms
[20:19:47 INF] HTTP GET /lib/bootstrap/dist/js/bootstrap.bundle.min.js responded 304 in 0.3501 ms
[20:19:47 INF] HTTP GET /lib/jquery-validation/dist/jquery.validate.min.js responded 304 in 0.6489 ms
[20:19:47 INF] HTTP GET /lib/jquery-validation-unobtrusive/dist/jquery.validate.unobtrusive.min.js responded 304 in 2.0865 ms
[20:19:47 INF] HTTP GET /js/products-catalog-filter.js responded 304 in 0.8116 ms
[20:19:51 INF] HTTP POST /Inventory/EditProduct responded 302 in 12.0781 ms
[20:19:51 INF] HTTP GET /Inventory/Products responded 200 in 46.0372 ms
[20:19:51 INF] HTTP GET /css/site.css responded 304 in 0.7399 ms
[20:19:51 INF] HTTP GET /lib/bootstrap/dist/css/bootstrap.min.css responded 200 in 6.7255 ms
[20:19:51 INF] HTTP GET /Biktal.WebMVC.styles.css responded 304 in 0.5884 ms
[20:19:52 INF] HTTP GET /lib/jquery/dist/jquery.min.js responded 304 in 0.2660 ms
[20:19:52 INF] HTTP GET /lib/bootstrap/dist/js/bootstrap.bundle.min.js responded 304 in 0.4116 ms
[20:19:52 INF] HTTP GET /js/site.js responded 304 in 0.5398 ms
[20:19:52 INF] HTTP GET /lib/jquery-validation-unobtrusive/dist/jquery.validate.unobtrusive.min.js responded 304 in 0.2979 ms
[20:19:52 INF] HTTP GET /lib/jquery-validation/dist/jquery.validate.min.js responded 304 in 0.2976 ms
[20:19:52 INF] HTTP GET /js/products-catalog-filter.js responded 304 in 0.3703 ms
[20:20:06 INF] HTTP GET /Inventory/Products responded 200 in 57.3874 ms
[20:20:06 INF] HTTP GET /css/site.css responded 304 in 1.2953 ms
[20:20:06 INF] HTTP GET /lib/bootstrap/dist/css/bootstrap.min.css responded 304 in 1.3264 ms
[20:20:06 INF] HTTP GET /Biktal.WebMVC.styles.css responded 304 in 0.6618 ms
[20:20:07 INF] HTTP GET /lib/jquery/dist/jquery.min.js responded 304 in 0.2576 ms
[20:20:07 INF] HTTP GET /lib/bootstrap/dist/js/bootstrap.bundle.min.js responded 304 in 0.4350 ms
[20:20:07 INF] HTTP GET /js/site.js responded 304 in 0.4835 ms
[20:20:07 INF] HTTP GET /lib/jquery-validation/dist/jquery.validate.min.js responded 304 in 0.5424 ms
[20:20:07 INF] HTTP GET /lib/jquery-validation-unobtrusive/dist/jquery.validate.unobtrusive.min.js responded 304 in 0.7678 ms
[20:20:07 INF] HTTP GET /js/products-catalog-filter.js responded 304 in 0.3695 ms
[20:20:12 INF] HTTP POST /Inventory/EditProduct responded 200 in 52.6106 ms
[20:20:12 INF] HTTP GET /lib/bootstrap/dist/css/bootstrap.min.css responded 304 in 6.2512 ms
[20:20:12 INF] HTTP GET /Biktal.WebMVC.styles.css responded 304 in 0.3673 ms
[20:20:12 INF] HTTP GET /css/site.css responded 304 in 0.6485 ms
[20:20:13 INF] HTTP GET /lib/jquery/dist/jquery.min.js responded 304 in 0.2598 ms
[20:20:13 INF] HTTP GET /lib/bootstrap/dist/js/bootstrap.bundle.min.js responded 304 in 0.6682 ms
[20:20:13 INF] HTTP GET /js/site.js responded 304 in 0.5090 ms
[20:20:13 INF] HTTP GET /lib/jquery-validation-unobtrusive/dist/jquery.validate.unobtrusive.min.js responded 304 in 0.7591 ms
[20:20:13 INF] HTTP GET /js/products-catalog-filter.js responded 304 in 0.3548 ms
[20:20:13 INF] HTTP GET /lib/jquery-validation/dist/jquery.validate.min.js responded 304 in 0.2660 ms
[20:20:21 INF] HTTP POST /Inventory/EditProduct responded 302 in 13.0645 ms
[20:20:21 INF] HTTP GET /Inventory/Products responded 200 in 61.1176 ms
[20:20:21 INF] HTTP GET /css/site.css responded 304 in 1.0541 ms
[20:20:21 INF] HTTP GET /lib/bootstrap/dist/css/bootstrap.min.css responded 304 in 0.4884 ms
[20:20:21 INF] HTTP GET /Biktal.WebMVC.styles.css responded 304 in 0.6628 ms
[20:20:22 INF] HTTP GET /lib/jquery/dist/jquery.min.js responded 304 in 0.2691 ms
[20:20:22 INF] HTTP GET /lib/bootstrap/dist/js/bootstrap.bundle.min.js responded 304 in 0.4046 ms
[20:20:22 INF] HTTP GET /js/site.js responded 304 in 0.5026 ms
[20:20:22 INF] HTTP GET /lib/jquery-validation/dist/jquery.validate.min.js responded 304 in 0.2754 ms
[20:20:22 INF] HTTP GET /lib/jquery-validation-unobtrusive/dist/jquery.validate.unobtrusive.min.js responded 304 in 0.3933 ms
[20:20:22 INF] HTTP GET /js/products-catalog-filter.js responded 304 in 0.7108 ms
[20:20:31 INF] HTTP GET /Inventory/Products responded 200 in 67.1785 ms
[20:20:32 INF] HTTP GET /css/site.css responded 304 in 0.4156 ms
[20:20:32 INF] HTTP GET /Biktal.WebMVC.styles.css responded 304 in 0.4750 ms
[20:20:32 INF] HTTP GET /lib/bootstrap/dist/css/bootstrap.min.css responded 304 in 1.4364 ms
[20:20:32 INF] HTTP GET /lib/jquery/dist/jquery.min.js responded 304 in 0.5498 ms
[20:20:32 INF] HTTP GET /lib/bootstrap/dist/js/bootstrap.bundle.min.js responded 304 in 0.3974 ms
[20:20:32 INF] HTTP GET /js/site.js responded 304 in 0.5059 ms
[20:20:32 INF] HTTP GET /lib/jquery-validation/dist/jquery.validate.min.js responded 304 in 0.4388 ms
[20:20:32 INF] HTTP GET /lib/jquery-validation-unobtrusive/dist/jquery.validate.unobtrusive.min.js responded 304 in 0.5568 ms
[20:20:32 INF] HTTP GET /js/products-catalog-filter.js responded 304 in 0.6850 ms
[20:20:42 INF] HTTP POST /Inventory/EditProduct responded 200 in 60.3455 ms
[20:20:42 INF] HTTP GET /lib/bootstrap/dist/css/bootstrap.min.css responded 304 in 0.4299 ms
[20:20:42 INF] HTTP GET /css/site.css responded 304 in 0.4430 ms
[20:20:42 INF] HTTP GET /Biktal.WebMVC.styles.css responded 304 in 0.3495 ms
[20:20:42 INF] HTTP GET /lib/jquery/dist/jquery.min.js responded 304 in 0.2533 ms
[20:20:42 INF] HTTP GET /lib/bootstrap/dist/js/bootstrap.bundle.min.js responded 304 in 0.7918 ms
[20:20:42 INF] HTTP GET /js/site.js responded 304 in 0.3686 ms
[20:20:42 INF] HTTP GET /lib/jquery-validation/dist/jquery.validate.min.js responded 304 in 0.5398 ms
[20:20:42 INF] HTTP GET /js/products-catalog-filter.js responded 304 in 0.4808 ms
[20:20:42 INF] HTTP GET /lib/jquery-validation-unobtrusive/dist/jquery.validate.unobtrusive.min.js responded 304 in 0.4843 ms
[20:20:52 INF] HTTP POST /Inventory/EditProduct responded 302 in 11.4689 ms
[20:20:52 INF] HTTP GET /Inventory/Products responded 200 in 53.3540 ms
[20:20:52 INF] HTTP GET /css/site.css responded 304 in 0.5682 ms
[20:20:52 INF] HTTP GET /lib/bootstrap/dist/css/bootstrap.min.css responded 304 in 1.2783 ms
[20:20:52 INF] HTTP GET /Biktal.WebMVC.styles.css responded 304 in 0.5775 ms
[20:20:53 INF] HTTP GET /lib/jquery/dist/jquery.min.js responded 304 in 0.3405 ms
[20:20:53 INF] HTTP GET /lib/bootstrap/dist/js/bootstrap.bundle.min.js responded 304 in 0.3758 ms
[20:20:53 INF] HTTP GET /js/site.js responded 304 in 0.4520 ms
[20:20:53 INF] HTTP GET /lib/jquery-validation/dist/jquery.validate.min.js responded 304 in 0.6913 ms
[20:20:53 INF] HTTP GET /lib/jquery-validation-unobtrusive/dist/jquery.validate.unobtrusive.min.js responded 304 in 0.7460 ms
[20:20:53 INF] HTTP GET /js/products-catalog-filter.js responded 304 in 0.7113 ms
[20:22:57 INF] HTTP POST /Inventory/AddProduct responded 302 in 10.0851 ms
[20:22:57 INF] HTTP GET /Inventory/Products responded 200 in 73.0658 ms
[20:22:57 INF] HTTP GET /lib/bootstrap/dist/css/bootstrap.min.css responded 200 in 0.9991 ms
[20:22:57 INF] HTTP GET /css/site.css responded 200 in 1.2913 ms
[20:22:57 INF] HTTP GET /Biktal.WebMVC.styles.css responded 200 in 1.1669 ms
[20:22:58 INF] HTTP GET /lib/jquery/dist/jquery.min.js responded 200 in 0.8695 ms
[20:22:59 INF] HTTP GET /js/site.js responded 200 in 1.1796 ms
[20:22:59 INF] HTTP GET /lib/jquery-validation/dist/jquery.validate.min.js responded 200 in 0.7024 ms
[20:22:59 INF] HTTP GET /lib/bootstrap/dist/js/bootstrap.bundle.min.js responded 200 in 1.3755 ms
[20:22:59 INF] HTTP GET /js/products-catalog-filter.js responded 200 in 2.4104 ms
[20:22:59 INF] HTTP GET /lib/jquery-validation-unobtrusive/dist/jquery.validate.unobtrusive.min.js responded 200 in 1.0600 ms
[20:23:49 INF] HTTP POST /Inventory/AddProduct responded 302 in 207.4828 ms
[20:23:49 INF] HTTP GET /Inventory/Products responded 200 in 88.0864 ms
[20:23:49 INF] HTTP GET /css/site.css responded 200 in 2.9458 ms
[20:23:49 INF] HTTP GET /Biktal.WebMVC.styles.css responded 200 in 1.7737 ms
[20:23:49 INF] HTTP GET /lib/bootstrap/dist/css/bootstrap.min.css responded 200 in 4.0910 ms
[20:23:50 INF] HTTP GET /lib/jquery/dist/jquery.min.js responded 304 in 0.2465 ms
[20:23:50 INF] HTTP GET /lib/bootstrap/dist/js/bootstrap.bundle.min.js responded 304 in 1.1217 ms
[20:23:50 INF] HTTP GET /lib/jquery-validation-unobtrusive/dist/jquery.validate.unobtrusive.min.js responded 304 in 0.5084 ms
[20:23:50 INF] HTTP GET /js/site.js responded 304 in 0.8455 ms
[20:23:50 INF] HTTP GET /lib/jquery-validation/dist/jquery.validate.min.js responded 304 in 0.5105 ms
[20:23:50 INF] HTTP GET /js/products-catalog-filter.js responded 304 in 0.8523 ms
[20:23:59 INF] HTTP POST /Inventory/DeleteProduct responded 302 in 100.4316 ms
[20:23:59 INF] HTTP GET /Inventory/Products responded 200 in 47.7141 ms
[20:23:59 INF] HTTP GET /css/site.css responded 304 in 0.6781 ms
[20:23:59 INF] HTTP GET /lib/bootstrap/dist/css/bootstrap.min.css responded 304 in 0.8729 ms
[20:23:59 INF] HTTP GET /Biktal.WebMVC.styles.css responded 304 in 0.9392 ms
[20:24:00 INF] HTTP GET /lib/jquery/dist/jquery.min.js responded 304 in 0.2577 ms
[20:24:00 INF] HTTP GET /lib/bootstrap/dist/js/bootstrap.bundle.min.js responded 304 in 0.3930 ms
[20:24:00 INF] HTTP GET /js/site.js responded 304 in 0.5474 ms
[20:24:00 INF] HTTP GET /lib/jquery-validation/dist/jquery.validate.min.js responded 304 in 0.4260 ms
[20:24:00 INF] HTTP GET /lib/jquery-validation-unobtrusive/dist/jquery.validate.unobtrusive.min.js responded 304 in 0.5686 ms
[20:24:00 INF] HTTP GET /js/products-catalog-filter.js responded 304 in 1.3849 ms
[20:24:13 INF] HTTP GET /Inventory/Products responded 200 in 56.8573 ms
[20:24:13 INF] HTTP GET /lib/bootstrap/dist/css/bootstrap.min.css responded 304 in 5.3587 ms
[20:24:13 INF] HTTP GET /css/site.css responded 304 in 0.5069 ms
[20:24:13 INF] HTTP GET /Biktal.WebMVC.styles.css responded 304 in 1.5745 ms
[20:24:13 INF] HTTP GET /lib/jquery/dist/jquery.min.js responded 304 in 0.2463 ms
[20:24:13 INF] HTTP GET /lib/bootstrap/dist/js/bootstrap.bundle.min.js responded 304 in 0.4445 ms
[20:24:13 INF] HTTP GET /js/site.js responded 304 in 0.4639 ms
[20:24:13 INF] HTTP GET /lib/jquery-validation/dist/jquery.validate.min.js responded 304 in 0.3627 ms
[20:24:13 INF] HTTP GET /lib/jquery-validation-unobtrusive/dist/jquery.validate.unobtrusive.min.js responded 304 in 0.4567 ms
[20:24:13 INF] HTTP GET /js/products-catalog-filter.js responded 304 in 0.7214 ms
[20:24:17 INF] HTTP POST /Inventory/EditProduct responded 302 in 9.7087 ms
[20:24:17 INF] HTTP GET /Inventory/Products responded 200 in 56.5405 ms
[20:24:17 INF] HTTP GET /Biktal.WebMVC.styles.css responded 304 in 0.4069 ms
[20:24:17 INF] HTTP GET /lib/bootstrap/dist/css/bootstrap.min.css responded 304 in 0.5249 ms
[20:24:17 INF] HTTP GET /css/site.css responded 304 in 5.0914 ms
[20:24:18 INF] HTTP GET /lib/jquery/dist/jquery.min.js responded 304 in 0.4070 ms
[20:24:18 INF] HTTP GET /lib/bootstrap/dist/js/bootstrap.bundle.min.js responded 304 in 0.5573 ms
[20:24:18 INF] HTTP GET /js/site.js responded 304 in 0.4799 ms
[20:24:18 INF] HTTP GET /lib/jquery-validation/dist/jquery.validate.min.js responded 304 in 0.8316 ms
[20:24:18 INF] HTTP GET /lib/jquery-validation-unobtrusive/dist/jquery.validate.unobtrusive.min.js responded 304 in 0.6703 ms
[20:24:18 INF] HTTP GET /js/products-catalog-filter.js responded 304 in 0.4060 ms
[20:24:24 INF] HTTP GET /Inventory/Products responded 200 in 64.7679 ms
[20:24:24 INF] HTTP GET /lib/bootstrap/dist/css/bootstrap.min.css responded 304 in 0.4642 ms
[20:24:24 INF] HTTP GET /Biktal.WebMVC.styles.css responded 304 in 3.5541 ms
[20:24:24 INF] HTTP GET /css/site.css responded 304 in 2.1810 ms
[20:24:25 INF] HTTP GET /lib/jquery/dist/jquery.min.js responded 304 in 0.3670 ms
[20:24:25 INF] HTTP GET /js/site.js responded 304 in 0.3420 ms
[20:24:25 INF] HTTP GET /lib/bootstrap/dist/js/bootstrap.bundle.min.js responded 304 in 0.5686 ms
[20:24:25 INF] HTTP GET /lib/jquery-validation/dist/jquery.validate.min.js responded 304 in 0.3259 ms
[20:24:25 INF] HTTP GET /lib/jquery-validation-unobtrusive/dist/jquery.validate.unobtrusive.min.js responded 304 in 0.6519 ms
[20:24:25 INF] HTTP GET /js/products-catalog-filter.js responded 304 in 0.4413 ms
[20:24:54 INF] HTTP POST /Inventory/EditProduct responded 302 in 14.1913 ms
[20:24:54 INF] HTTP GET /Inventory/Products responded 200 in 60.2342 ms
[20:24:54 INF] HTTP GET /css/site.css responded 304 in 0.3024 ms
[20:24:54 INF] HTTP GET /Biktal.WebMVC.styles.css responded 304 in 0.5103 ms
[20:24:54 INF] HTTP GET /lib/bootstrap/dist/css/bootstrap.min.css responded 200 in 2.9269 ms
[20:24:55 INF] HTTP GET /lib/jquery/dist/jquery.min.js responded 304 in 0.2543 ms
[20:24:55 INF] HTTP GET /lib/bootstrap/dist/js/bootstrap.bundle.min.js responded 304 in 0.4565 ms
[20:24:55 INF] HTTP GET /js/site.js responded 304 in 0.5845 ms
[20:24:55 INF] HTTP GET /lib/jquery-validation-unobtrusive/dist/jquery.validate.unobtrusive.min.js responded 304 in 0.3000 ms
[20:24:55 INF] HTTP GET /lib/jquery-validation/dist/jquery.validate.min.js responded 304 in 0.2819 ms
[20:24:55 INF] HTTP GET /js/products-catalog-filter.js responded 304 in 0.2323 ms
[20:25:02 INF] HTTP GET /Inventory/Products responded 200 in 61.5028 ms
[20:25:02 INF] HTTP GET /lib/bootstrap/dist/css/bootstrap.min.css responded 304 in 0.5456 ms
[20:25:02 INF] HTTP GET /css/site.css responded 304 in 0.4752 ms
[20:25:02 INF] HTTP GET /Biktal.WebMVC.styles.css responded 304 in 1.4145 ms
[20:25:03 INF] HTTP GET /lib/jquery/dist/jquery.min.js responded 304 in 0.2720 ms
[20:25:03 INF] HTTP GET /lib/bootstrap/dist/js/bootstrap.bundle.min.js responded 304 in 2.9910 ms
[20:25:03 INF] HTTP GET /js/site.js responded 304 in 0.7395 ms
[20:25:03 INF] HTTP GET /lib/jquery-validation/dist/jquery.validate.min.js responded 304 in 0.4994 ms
[20:25:03 INF] HTTP GET /lib/jquery-validation-unobtrusive/dist/jquery.validate.unobtrusive.min.js responded 304 in 1.1636 ms
[20:25:03 INF] HTTP GET /js/products-catalog-filter.js responded 304 in 0.4362 ms
[20:25:11 INF] HTTP POST /Inventory/EditProduct responded 302 in 7.5478 ms
[20:25:11 INF] HTTP GET /Inventory/Products responded 200 in 63.0190 ms
[20:25:11 INF] HTTP GET /lib/bootstrap/dist/css/bootstrap.min.css responded 304 in 0.5397 ms
[20:25:11 INF] HTTP GET /Biktal.WebMVC.styles.css responded 304 in 0.4852 ms
[20:25:11 INF] HTTP GET /css/site.css responded 304 in 1.6272 ms
[20:25:12 INF] HTTP GET /lib/jquery/dist/jquery.min.js responded 304 in 0.3429 ms
[20:25:12 INF] HTTP GET /lib/bootstrap/dist/js/bootstrap.bundle.min.js responded 304 in 0.4008 ms
[20:25:12 INF] HTTP GET /js/site.js responded 304 in 0.5556 ms
[20:25:12 INF] HTTP GET /lib/jquery-validation/dist/jquery.validate.min.js responded 304 in 0.3528 ms
[20:25:12 INF] HTTP GET /js/products-catalog-filter.js responded 304 in 0.3438 ms
[20:25:12 INF] HTTP GET /lib/jquery-validation-unobtrusive/dist/jquery.validate.unobtrusive.min.js responded 304 in 0.7234 ms
[20:25:43 INF] HTTP GET /Inventory/Products responded 200 in 86.2720 ms
[20:25:43 INF] HTTP GET /css/site.css responded 304 in 0.7555 ms
[20:25:43 INF] HTTP GET /lib/bootstrap/dist/css/bootstrap.min.css responded 200 in 9.3236 ms
[20:25:43 INF] HTTP GET /Biktal.WebMVC.styles.css responded 304 in 0.4708 ms
[20:25:44 INF] HTTP GET /lib/jquery/dist/jquery.min.js responded 304 in 0.2572 ms
[20:25:44 INF] HTTP GET /lib/bootstrap/dist/js/bootstrap.bundle.min.js responded 304 in 0.3192 ms
[20:25:44 INF] HTTP GET /js/site.js responded 304 in 0.4660 ms
[20:25:44 INF] HTTP GET /lib/jquery-validation/dist/jquery.validate.min.js responded 304 in 0.5591 ms
[20:25:44 INF] HTTP GET /lib/jquery-validation-unobtrusive/dist/jquery.validate.unobtrusive.min.js responded 304 in 0.4734 ms
[20:25:44 INF] HTTP GET /js/products-catalog-filter.js responded 304 in 1.2190 ms
[20:25:52 INF] HTTP POST /Inventory/EditProduct responded 302 in 10.9256 ms
[20:25:52 INF] HTTP GET /Inventory/Products responded 200 in 58.5310 ms
[20:25:52 INF] HTTP GET /lib/bootstrap/dist/css/bootstrap.min.css responded 304 in 0.4696 ms
[20:25:52 INF] HTTP GET /css/site.css responded 304 in 0.7363 ms
[20:25:52 INF] HTTP GET /Biktal.WebMVC.styles.css responded 304 in 0.4351 ms
[20:25:53 INF] HTTP GET /lib/jquery/dist/jquery.min.js responded 304 in 0.3627 ms
[20:25:53 INF] HTTP GET /lib/bootstrap/dist/js/bootstrap.bundle.min.js responded 304 in 0.4264 ms
[20:25:53 INF] HTTP GET /js/site.js responded 304 in 0.4940 ms
[20:25:53 INF] HTTP GET /lib/jquery-validation/dist/jquery.validate.min.js responded 304 in 0.4181 ms
[20:25:53 INF] HTTP GET /lib/jquery-validation-unobtrusive/dist/jquery.validate.unobtrusive.min.js responded 304 in 0.5187 ms
[20:25:53 INF] HTTP GET /js/products-catalog-filter.js responded 304 in 0.3386 ms
[20:26:06 INF] HTTP GET /Inventory/Products responded 200 in 56.8379 ms
[20:26:06 INF] HTTP GET /lib/bootstrap/dist/css/bootstrap.min.css responded 304 in 0.5574 ms
[20:26:06 INF] HTTP GET /css/site.css responded 304 in 0.4102 ms
[20:26:06 INF] HTTP GET /Biktal.WebMVC.styles.css responded 304 in 0.3900 ms
[20:26:07 INF] HTTP GET /lib/jquery/dist/jquery.min.js responded 304 in 0.2468 ms
[20:26:07 INF] HTTP GET /js/site.js responded 304 in 0.2820 ms
[20:26:07 INF] HTTP GET /lib/bootstrap/dist/js/bootstrap.bundle.min.js responded 304 in 0.4685 ms
[20:26:07 INF] HTTP GET /lib/jquery-validation/dist/jquery.validate.min.js responded 304 in 0.5596 ms
[20:26:07 INF] HTTP GET /lib/jquery-validation-unobtrusive/dist/jquery.validate.unobtrusive.min.js responded 304 in 1.6879 ms
[20:26:07 INF] HTTP GET /js/products-catalog-filter.js responded 304 in 0.4127 ms
[20:26:18 INF] HTTP POST /Inventory/EditProduct responded 302 in 8.9661 ms
[20:26:18 INF] HTTP GET /Inventory/Products responded 200 in 44.1311 ms
[20:26:18 INF] HTTP GET /css/site.css responded 304 in 0.5153 ms
[20:26:18 INF] HTTP GET /lib/bootstrap/dist/css/bootstrap.min.css responded 304 in 0.5678 ms
[20:26:18 INF] HTTP GET /Biktal.WebMVC.styles.css responded 304 in 0.4713 ms
[20:26:19 INF] HTTP GET /lib/jquery/dist/jquery.min.js responded 304 in 0.2532 ms
[20:26:19 INF] HTTP GET /lib/bootstrap/dist/js/bootstrap.bundle.min.js responded 304 in 0.7371 ms
[20:26:19 INF] HTTP GET /js/site.js responded 304 in 0.4048 ms
[20:26:19 INF] HTTP GET /lib/jquery-validation/dist/jquery.validate.min.js responded 304 in 0.7270 ms
[20:26:19 INF] HTTP GET /lib/jquery-validation-unobtrusive/dist/jquery.validate.unobtrusive.min.js responded 304 in 0.7882 ms
[20:26:19 INF] HTTP GET /js/products-catalog-filter.js responded 304 in 0.5200 ms
[20:46:29 INF] Application is shutting down...
