[13:45:00 WRN] Using an in-memory repository. Keys will not be persisted to storage.
[13:45:00 WRN] Neither user profile nor HKLM registry available. Using an ephemeral key repository. Protected data will be unavailable when application exits.
[13:45:00 WRN] No XML encryptor configured. Key {a74eeb3a-3c2d-486d-9a7a-4616578a4afd} may be persisted to storage in unencrypted form.
[13:45:00 INF] Application started. Press Ctrl+C to shut down.
[13:45:00 INF] Hosting environment: Production
[13:45:00 INF] Content root path: D:\Systems\BiktalSystems\publish
[13:45:01 INF] HTTP GET /Crm responded 200 in 889.3203 ms
[13:45:01 INF] HTTP GET /css/site.css responded 200 in 29.6989 ms
[13:45:01 INF] HTTP GET /js/site.js responded 200 in 28.6083 ms
[13:45:01 INF] HTTP GET /lib/bootstrap/dist/js/bootstrap.bundle.min.js responded 200 in 66.7086 ms
[13:45:01 INF] HTTP GET /lib/bootstrap/dist/css/bootstrap.min.css responded 200 in 77.9102 ms
[13:45:01 INF] HTTP GET /Biktal.WebMVC.styles.css responded 200 in 5.3838 ms
[13:45:01 INF] HTTP GET /lib/jquery/dist/jquery.min.js responded 200 in 6.0542 ms
[13:45:05 INF] HTTP GET /Installments responded 200 in 627.0180 ms
[13:45:05 INF] HTTP GET /lib/bootstrap/dist/css/bootstrap.min.css responded 200 in 15.6654 ms
[13:45:05 INF] HTTP GET /Biktal.WebMVC.styles.css responded 200 in 1.7771 ms
[13:45:05 INF] HTTP GET /css/site.css responded 200 in 5.7603 ms
[13:45:05 INF] HTTP GET /js/site.js responded 304 in 25.8644 ms
[13:45:05 INF] HTTP GET /lib/jquery/dist/jquery.min.js responded 304 in 27.9774 ms
[13:45:06 INF] HTTP GET /lib/bootstrap/dist/js/bootstrap.bundle.min.js responded 304 in 159.3458 ms
[13:45:15 WRN] Compiling a query which loads related collections for more than one collection navigation, either via 'Include' or through projection, but no 'QuerySplittingBehavior' has been configured. By default, Entity Framework will use 'QuerySplittingBehavior.SingleQuery', which can potentially result in slow query performance. See https://go.microsoft.com/fwlink/?linkid=2134277 for more information. To identify the query that's triggering this warning call 'ConfigureWarnings(w => w.Throw(RelationalEventId.MultipleCollectionIncludeWarning))'.
[13:45:15 ERR] An exception was thrown while deserializing the token.
Microsoft.AspNetCore.Antiforgery.AntiforgeryValidationException: The antiforgery token could not be decrypted.
 ---> System.Security.Cryptography.CryptographicException: The key {2cef2454-874f-4f28-b6be-b42109334fce} was not found in the key ring. For more information go to https://aka.ms/aspnet/dataprotectionwarning
   at Microsoft.AspNetCore.DataProtection.KeyManagement.KeyRingBasedDataProtector.UnprotectCore(Byte[] protectedData, Boolean allowOperationsOnRevokedKeys, UnprotectStatus& status)
   at Microsoft.AspNetCore.DataProtection.KeyManagement.KeyRingBasedDataProtector.Unprotect(Byte[] protectedData)
   at Microsoft.AspNetCore.Antiforgery.DefaultAntiforgeryTokenSerializer.Deserialize(String serializedToken)
   --- End of inner exception stack trace ---
   at Microsoft.AspNetCore.Antiforgery.DefaultAntiforgeryTokenSerializer.Deserialize(String serializedToken)
   at Microsoft.AspNetCore.Antiforgery.DefaultAntiforgery.GetCookieTokenDoesNotThrow(HttpContext httpContext)
[13:45:15 INF] HTTP GET /Installments/Detail/31418aac-8a07-4283-b414-236a7bfef196 responded 200 in 393.6706 ms
[13:45:15 INF] HTTP GET /lib/jquery/dist/jquery.min.js responded 304 in 0.4204 ms
[13:45:15 INF] HTTP GET /Biktal.WebMVC.styles.css responded 304 in 0.5062 ms
[13:45:15 INF] HTTP GET /lib/bootstrap/dist/css/bootstrap.min.css responded 304 in 0.5564 ms
[13:45:15 INF] HTTP GET /css/site.css responded 304 in 0.4605 ms
[13:45:15 INF] HTTP GET /lib/bootstrap/dist/js/bootstrap.bundle.min.js responded 304 in 0.3369 ms
[13:45:15 INF] HTTP GET /js/site.js responded 304 in 0.3214 ms
[13:45:15 INF] HTTP GET /lib/jquery-validation-unobtrusive/dist/jquery.validate.unobtrusive.min.js responded 200 in 2.4704 ms
[13:45:15 INF] HTTP GET /lib/jquery-validation/dist/jquery.validate.min.js responded 200 in 1.9259 ms
[13:48:25 INF] HTTP GET /Installments/New responded 200 in 293.4899 ms
[13:48:25 INF] HTTP GET /css/site.css responded 200 in 1.0203 ms
[13:48:25 INF] HTTP GET /lib/bootstrap/dist/css/bootstrap.min.css responded 200 in 0.9581 ms
[13:48:25 INF] HTTP GET /lib/jquery/dist/jquery.min.js responded 200 in 39.6719 ms
[13:48:25 INF] HTTP GET /Biktal.WebMVC.styles.css responded 200 in 39.8418 ms
[13:48:25 INF] HTTP GET /js/site.js responded 200 in 22.6529 ms
[13:48:25 INF] HTTP GET /lib/bootstrap/dist/js/bootstrap.bundle.min.js responded 200 in 0.9415 ms
[13:48:25 INF] HTTP GET /lib/jquery-validation-unobtrusive/dist/jquery.validate.unobtrusive.min.js responded 200 in 16.0367 ms
[13:48:25 INF] HTTP GET /lib/jquery-validation/dist/jquery.validate.min.js responded 200 in 47.0040 ms
[13:49:14 INF] HTTP POST /Installments/Create responded 302 in 975.6889 ms
[13:49:14 INF] HTTP GET /Installments/Detail/f343d978-f9d8-4831-852b-4c2062284931 responded 200 in 13.7703 ms
[13:49:14 INF] HTTP GET /css/site.css responded 200 in 4.3897 ms
[13:49:14 INF] HTTP GET /lib/bootstrap/dist/css/bootstrap.min.css responded 200 in 6.9051 ms
[13:49:14 INF] HTTP GET /Biktal.WebMVC.styles.css responded 200 in 1.1227 ms
[13:49:14 INF] HTTP GET /lib/jquery/dist/jquery.min.js responded 200 in 1.0730 ms
[13:49:14 INF] HTTP GET /js/site.js responded 200 in 0.9247 ms
[13:49:14 INF] HTTP GET /lib/bootstrap/dist/js/bootstrap.bundle.min.js responded 200 in 1.9988 ms
[13:49:14 INF] HTTP GET /lib/jquery-validation/dist/jquery.validate.min.js responded 200 in 1.2030 ms
[13:49:14 INF] HTTP GET /lib/jquery-validation-unobtrusive/dist/jquery.validate.unobtrusive.min.js responded 200 in 1.2528 ms
[13:49:19 INF] HTTP GET /Installments responded 200 in 17.6237 ms
[13:49:19 INF] HTTP GET /lib/bootstrap/dist/css/bootstrap.min.css responded 304 in 2.8489 ms
[13:49:19 INF] HTTP GET /Biktal.WebMVC.styles.css responded 304 in 2.6545 ms
[13:49:19 INF] HTTP GET /lib/jquery/dist/jquery.min.js responded 304 in 0.6048 ms
[13:49:19 INF] HTTP GET /lib/bootstrap/dist/js/bootstrap.bundle.min.js responded 304 in 0.1600 ms
[13:49:19 INF] HTTP GET /css/site.css responded 304 in 0.1382 ms
[13:49:19 INF] HTTP GET /js/site.js responded 304 in 0.7491 ms
[13:49:27 INF] HTTP GET /Installments/Detail/31418aac-8a07-4283-b414-236a7bfef196 responded 200 in 14.3065 ms
[13:49:27 INF] HTTP GET /lib/bootstrap/dist/css/bootstrap.min.css responded 200 in 2.0992 ms
[13:49:27 INF] HTTP GET /css/site.css responded 304 in 0.3869 ms
[13:49:27 INF] HTTP GET /Biktal.WebMVC.styles.css responded 304 in 0.2500 ms
[13:49:27 INF] HTTP GET /lib/jquery/dist/jquery.min.js responded 304 in 1.9098 ms
[13:49:27 INF] HTTP GET /lib/bootstrap/dist/js/bootstrap.bundle.min.js responded 304 in 2.3916 ms
[13:49:27 INF] HTTP GET /js/site.js responded 304 in 0.9702 ms
[13:49:27 INF] HTTP GET /lib/jquery-validation/dist/jquery.validate.min.js responded 304 in 0.2628 ms
[13:49:27 INF] HTTP GET /lib/jquery-validation-unobtrusive/dist/jquery.validate.unobtrusive.min.js responded 304 in 0.6272 ms
[13:49:31 INF] HTTP POST /Installments/RecordPayment responded 302 in 437.8362 ms
[13:49:31 INF] HTTP GET /Installments/Detail/31418aac-8a07-4283-b414-236a7bfef196 responded 200 in 11.8252 ms
[13:49:31 INF] HTTP GET /lib/bootstrap/dist/css/bootstrap.min.css responded 200 in 1.1018 ms
[13:49:31 INF] HTTP GET /css/site.css responded 304 in 0.1614 ms
[13:49:31 INF] HTTP GET /Biktal.WebMVC.styles.css responded 304 in 0.1470 ms
[13:49:31 INF] HTTP GET /lib/jquery/dist/jquery.min.js responded 304 in 0.0996 ms
[13:49:31 INF] HTTP GET /lib/bootstrap/dist/js/bootstrap.bundle.min.js responded 304 in 0.0920 ms
[13:49:31 INF] HTTP GET /lib/jquery-validation/dist/jquery.validate.min.js responded 304 in 0.2307 ms
[13:49:31 INF] HTTP GET /js/site.js responded 304 in 0.1519 ms
[13:49:31 INF] HTTP GET /lib/jquery-validation-unobtrusive/dist/jquery.validate.unobtrusive.min.js responded 304 in 0.1190 ms
[13:49:34 INF] HTTP GET /Installments responded 200 in 18.1341 ms
[13:49:34 INF] HTTP GET /lib/bootstrap/dist/css/bootstrap.min.css responded 304 in 0.4434 ms
[13:49:34 INF] HTTP GET /css/site.css responded 304 in 0.3515 ms
[13:49:34 INF] HTTP GET /Biktal.WebMVC.styles.css responded 304 in 0.3352 ms
[13:49:34 INF] HTTP GET /lib/jquery/dist/jquery.min.js responded 304 in 0.2213 ms
[13:49:34 INF] HTTP GET /lib/bootstrap/dist/js/bootstrap.bundle.min.js responded 304 in 0.1386 ms
[13:49:34 INF] HTTP GET /js/site.js responded 304 in 0.1343 ms
[14:07:33 INF] HTTP GET /Inventory/Products responded 200 in 601.5737 ms
[14:07:33 INF] HTTP GET /lib/bootstrap/dist/css/bootstrap.min.css responded 200 in 1.0159 ms
[14:07:33 INF] HTTP GET /Biktal.WebMVC.styles.css responded 200 in 0.8375 ms
[14:07:33 INF] HTTP GET /css/site.css responded 200 in 3.8746 ms
[14:07:34 INF] HTTP GET /lib/jquery/dist/jquery.min.js responded 200 in 2.9263 ms
[14:07:34 INF] HTTP GET /js/site.js responded 200 in 0.6686 ms
[14:07:34 INF] HTTP GET /lib/bootstrap/dist/js/bootstrap.bundle.min.js responded 200 in 0.7433 ms
[14:07:34 INF] HTTP GET /lib/jquery-validation/dist/jquery.validate.min.js responded 200 in 0.5391 ms
[14:07:34 INF] HTTP GET /lib/jquery-validation-unobtrusive/dist/jquery.validate.unobtrusive.min.js responded 200 in 2.5612 ms
[14:07:34 INF] HTTP GET /js/products-catalog-filter.js responded 200 in 1.1221 ms
[14:12:11 WRN] The query uses the 'First'/'FirstOrDefault' operator without 'OrderBy' and filter operators. This may lead to unpredictable results.
[14:12:11 INF] HTTP GET / responded 200 in 151.2195 ms
[14:12:11 INF] HTTP GET /lib/bootstrap/dist/css/bootstrap.min.css responded 200 in 1.6834 ms
[14:12:11 INF] HTTP GET /Biktal.WebMVC.styles.css responded 200 in 1.2211 ms
[14:12:11 INF] HTTP GET /lib/jquery/dist/jquery.min.js responded 200 in 0.6787 ms
[14:12:11 INF] HTTP GET /css/site.css responded 200 in 0.5196 ms
[14:12:11 INF] HTTP GET /js/site.js responded 200 in 0.5913 ms
[14:12:11 INF] HTTP GET /js/pos.js responded 200 in 0.7738 ms
[14:12:11 INF] HTTP GET /lib/bootstrap/dist/js/bootstrap.bundle.min.js responded 200 in 0.8359 ms
[14:12:33 INF] HTTP POST /Pos/CompleteSale responded 200 in 1015.4335 ms
[14:32:34 INF] Application is shutting down...
