[13:20:21 WRN] Using an in-memory repository. Keys will not be persisted to storage.
[13:20:21 WRN] Neither user profile nor HKLM registry available. Using an ephemeral key repository. Protected data will be unavailable when application exits.
[13:20:21 WRN] No XML encryptor configured. Key {023f35bd-918c-47a3-af29-696b636bbf7f} may be persisted to storage in unencrypted form.
[13:20:21 INF] Application started. Press Ctrl+C to shut down.
[13:20:21 INF] Hosting environment: Production
[13:20:21 INF] Content root path: D:\Systems\BiktalSystems\publish
[13:20:22 INF] HTTP POST /Pos/CompleteSale responded 400 in 142.7899 ms
[13:20:25 INF] HTTP POST /Pos/CompleteSale responded 400 in 12.2471 ms
[13:20:26 INF] HTTP POST /Pos/CompleteSale responded 400 in 5.3600 ms
[13:20:29 INF] HTTP POST /Pos/CompleteSale responded 400 in 1.2732 ms
[13:20:46 INF] HTTP POST /Pos/CompleteSale responded 400 in 0.7765 ms
[13:20:47 INF] HTTP POST /Pos/CompleteSale responded 400 in 1.6405 ms
[13:21:50 ERR] An exception was thrown while deserializing the token.
Microsoft.AspNetCore.Antiforgery.AntiforgeryValidationException: The antiforgery token could not be decrypted.
 ---> System.Security.Cryptography.CryptographicException: The key {144930fa-8f7b-44a3-b32e-6b8bdadd6759} was not found in the key ring. For more information go to https://aka.ms/aspnet/dataprotectionwarning
   at Microsoft.AspNetCore.DataProtection.KeyManagement.KeyRingBasedDataProtector.UnprotectCore(Byte[] protectedData, Boolean allowOperationsOnRevokedKeys, UnprotectStatus& status)
   at Microsoft.AspNetCore.DataProtection.KeyManagement.KeyRingBasedDataProtector.Unprotect(Byte[] protectedData)
   at Microsoft.AspNetCore.Antiforgery.DefaultAntiforgeryTokenSerializer.Deserialize(String serializedToken)
   --- End of inner exception stack trace ---
   at Microsoft.AspNetCore.Antiforgery.DefaultAntiforgeryTokenSerializer.Deserialize(String serializedToken)
   at Microsoft.AspNetCore.Antiforgery.DefaultAntiforgery.GetCookieTokenDoesNotThrow(HttpContext httpContext)
[13:21:50 INF] HTTP GET /Inventory/Products responded 200 in 809.4624 ms
[13:21:50 INF] HTTP GET /css/site.css responded 200 in 33.1344 ms
[13:21:50 INF] HTTP GET /lib/bootstrap/dist/css/bootstrap.min.css responded 200 in 45.5277 ms
[13:21:50 INF] HTTP GET /Biktal.WebMVC.styles.css responded 200 in 3.4277 ms
[13:21:52 INF] HTTP GET /lib/jquery/dist/jquery.min.js responded 200 in 2.9585 ms
[13:21:52 INF] HTTP GET /js/site.js responded 200 in 2.1109 ms
[13:21:52 INF] HTTP GET /lib/jquery-validation/dist/jquery.validate.min.js responded 200 in 2.2073 ms
[13:21:52 INF] HTTP GET /lib/bootstrap/dist/js/bootstrap.bundle.min.js responded 200 in 9.0948 ms
[13:21:52 INF] HTTP GET /lib/jquery-validation-unobtrusive/dist/jquery.validate.unobtrusive.min.js responded 200 in 0.7965 ms
[13:21:52 INF] HTTP GET /js/products-catalog-filter.js responded 200 in 19.5729 ms
[13:21:53 WRN] The query uses the 'First'/'FirstOrDefault' operator without 'OrderBy' and filter operators. This may lead to unpredictable results.
[13:21:53 INF] HTTP GET / responded 200 in 255.6458 ms
[13:21:53 INF] HTTP GET /lib/bootstrap/dist/css/bootstrap.min.css responded 304 in 8.2321 ms
[13:21:53 INF] HTTP GET /Biktal.WebMVC.styles.css responded 304 in 0.8700 ms
[13:21:53 INF] HTTP GET /css/site.css responded 304 in 3.5395 ms
[13:21:53 INF] HTTP GET /js/site.js responded 200 in 0.8319 ms
[13:21:53 INF] HTTP GET /js/pos.js responded 200 in 0.9414 ms
[13:21:53 INF] HTTP GET /lib/jquery/dist/jquery.min.js responded 304 in 30.0899 ms
[13:21:53 INF] HTTP GET /lib/bootstrap/dist/js/bootstrap.bundle.min.js responded 200 in 131.9910 ms
[13:21:53 INF] HTTP GET / responded 200 in 34.7503 ms
[13:21:53 INF] HTTP GET /css/site.css responded 304 in 0.2638 ms
[13:21:53 INF] HTTP GET /Biktal.WebMVC.styles.css responded 304 in 0.8460 ms
[13:21:53 INF] HTTP GET /lib/bootstrap/dist/js/bootstrap.bundle.min.js responded 304 in 0.2395 ms
[13:21:53 INF] HTTP GET /lib/jquery/dist/jquery.min.js responded 304 in 0.5016 ms
[13:21:53 INF] HTTP GET /lib/bootstrap/dist/css/bootstrap.min.css responded 304 in 0.3750 ms
[13:21:53 INF] HTTP GET /js/pos.js responded 304 in 2.3078 ms
[13:21:53 INF] HTTP GET /js/site.js responded 304 in 2.2424 ms
[13:22:07 INF] HTTP POST /Pos/CompleteSale responded 200 in 725.0914 ms
[13:42:50 INF] Application is shutting down...
