[15:42:21 WRN] Using an in-memory repository. Keys will not be persisted to storage.
[15:42:21 WRN] Neither user profile nor HKLM registry available. Using an ephemeral key repository. Protected data will be unavailable when application exits.
[15:42:22 WRN] No XML encryptor configured. Key {6ce7147e-c906-471c-84db-8ffa7aa71fb0} may be persisted to storage in unencrypted form.
[15:42:22 INF] Application started. Press Ctrl+C to shut down.
[15:42:22 INF] Hosting environment: Production
[15:42:22 INF] Content root path: D:\Systems\BiktalSystems\publish
[15:42:23 ERR] An exception was thrown while deserializing the token.
Microsoft.AspNetCore.Antiforgery.AntiforgeryValidationException: The antiforgery token could not be decrypted.
 ---> System.Security.Cryptography.CryptographicException: The key {87aecbfd-d182-4880-b951-6d8c59656a3c} was not found in the key ring. For more information go to https://aka.ms/aspnet/dataprotectionwarning
   at Microsoft.AspNetCore.DataProtection.KeyManagement.KeyRingBasedDataProtector.UnprotectCore(Byte[] protectedData, Boolean allowOperationsOnRevokedKeys, UnprotectStatus& status)
   at Microsoft.AspNetCore.DataProtection.KeyManagement.KeyRingBasedDataProtector.Unprotect(Byte[] protectedData)
   at Microsoft.AspNetCore.Antiforgery.DefaultAntiforgeryTokenSerializer.Deserialize(String serializedToken)
   --- End of inner exception stack trace ---
   at Microsoft.AspNetCore.Antiforgery.DefaultAntiforgeryTokenSerializer.Deserialize(String serializedToken)
   at Microsoft.AspNetCore.Antiforgery.DefaultAntiforgery.GetCookieTokenDoesNotThrow(HttpContext httpContext)
[15:42:24 INF] HTTP GET /lib/bootstrap/dist/css/bootstrap.min.css responded 200 in 61.3457 ms
[15:42:24 INF] HTTP GET /css/site.css responded 200 in 43.5302 ms
[15:42:24 INF] HTTP GET /Inventory/Products responded 200 in 1734.2261 ms
[15:42:24 INF] HTTP GET /Biktal.WebMVC.styles.css responded 200 in 6.3291 ms
[15:42:25 INF] HTTP GET /lib/jquery/dist/jquery.min.js responded 200 in 2.8376 ms
[15:42:25 INF] HTTP GET /js/site.js responded 200 in 1.9350 ms
[15:42:25 INF] HTTP GET /lib/jquery-validation/dist/jquery.validate.min.js responded 200 in 1.8410 ms
[15:42:25 INF] HTTP GET /lib/jquery-validation-unobtrusive/dist/jquery.validate.unobtrusive.min.js responded 200 in 1.7666 ms
[15:42:25 INF] HTTP GET /lib/bootstrap/dist/js/bootstrap.bundle.min.js responded 200 in 8.1232 ms
[15:42:25 INF] HTTP GET /js/products-catalog-filter.js responded 200 in 24.2547 ms
[15:42:37 INF] HTTP GET /Inventory/Products responded 200 in 677.0241 ms
[15:42:37 INF] HTTP GET /lib/bootstrap/dist/css/bootstrap.min.css responded 200 in 15.3293 ms
[15:42:37 INF] HTTP GET /Biktal.WebMVC.styles.css responded 200 in 1.2628 ms
[15:42:37 INF] HTTP GET /css/site.css responded 200 in 5.7897 ms
[15:42:37 INF] HTTP GET /lib/jquery/dist/jquery.min.js responded 304 in 19.6132 ms
[15:42:37 INF] HTTP GET /js/site.js responded 304 in 0.3512 ms
[15:42:37 INF] HTTP GET /lib/jquery-validation-unobtrusive/dist/jquery.validate.unobtrusive.min.js responded 304 in 12.0368 ms
[15:42:37 INF] HTTP GET /js/products-catalog-filter.js responded 304 in 0.2387 ms
[15:42:37 INF] HTTP GET /lib/jquery-validation/dist/jquery.validate.min.js responded 304 in 21.6403 ms
[15:42:38 INF] HTTP GET /lib/bootstrap/dist/js/bootstrap.bundle.min.js responded 304 in 109.4615 ms
[15:42:41 INF] HTTP GET /Inventory/Products responded 200 in 135.8126 ms
[15:42:41 INF] HTTP GET /lib/bootstrap/dist/css/bootstrap.min.css responded 304 in 1.2925 ms
[15:42:41 INF] HTTP GET /css/site.css responded 304 in 0.3592 ms
[15:42:41 INF] HTTP GET /Biktal.WebMVC.styles.css responded 304 in 0.5217 ms
[15:42:42 INF] HTTP GET /lib/jquery/dist/jquery.min.js responded 304 in 0.2669 ms
[15:42:42 INF] HTTP GET /lib/bootstrap/dist/js/bootstrap.bundle.min.js responded 304 in 0.7419 ms
[15:42:42 INF] HTTP GET /js/site.js responded 304 in 0.3681 ms
[15:42:42 INF] HTTP GET /lib/jquery-validation-unobtrusive/dist/jquery.validate.unobtrusive.min.js responded 304 in 0.2889 ms
[15:42:42 INF] HTTP GET /lib/jquery-validation/dist/jquery.validate.min.js responded 304 in 0.1429 ms
[15:42:42 INF] HTTP GET /js/products-catalog-filter.js responded 304 in 0.5408 ms
[15:42:43 WRN] The query uses the 'First'/'FirstOrDefault' operator without 'OrderBy' and filter operators. This may lead to unpredictable results.
[15:42:43 INF] HTTP GET / responded 200 in 111.5535 ms
[15:42:43 INF] HTTP GET /lib/bootstrap/dist/css/bootstrap.min.css responded 304 in 0.9215 ms
[15:42:43 INF] HTTP GET /lib/jquery/dist/jquery.min.js responded 304 in 0.2381 ms
[15:42:43 INF] HTTP GET /Biktal.WebMVC.styles.css responded 304 in 0.2822 ms
[15:42:43 INF] HTTP GET /css/site.css responded 304 in 0.2951 ms
[15:42:43 INF] HTTP GET /lib/bootstrap/dist/js/bootstrap.bundle.min.js responded 304 in 0.3519 ms
[15:42:43 INF] HTTP GET /js/site.js responded 304 in 0.4054 ms
[15:42:43 INF] HTTP GET /js/pos.js responded 200 in 0.9964 ms
[15:45:24 INF] HTTP POST /Pos/CompleteSale responded 200 in 1542.3538 ms
[15:45:46 INF] HTTP POST /Pos/CompleteSale responded 200 in 86.3329 ms
[15:45:56 INF] HTTP POST /Pos/CompleteSale responded 200 in 48.6198 ms
[15:47:00 INF] HTTP GET /Insights responded 302 in 9.6601 ms
[15:47:01 INF] HTTP GET /Insights/Daily responded 200 in 313.3202 ms
[15:47:01 INF] HTTP GET /css/site.css responded 200 in 2.0161 ms
[15:47:01 INF] HTTP GET /Biktal.WebMVC.styles.css responded 200 in 0.7050 ms
[15:47:01 INF] HTTP GET /lib/bootstrap/dist/css/bootstrap.min.css responded 200 in 15.5082 ms
[15:47:01 INF] HTTP GET /lib/jquery/dist/jquery.min.js responded 200 in 0.7764 ms
[15:47:01 INF] HTTP GET /lib/bootstrap/dist/js/bootstrap.bundle.min.js responded 200 in 0.8984 ms
[15:47:01 INF] HTTP GET /js/site.js responded 200 in 1.8340 ms
[15:47:06 INF] HTTP GET /Insights/Sale responded 200 in 156.4621 ms
[15:47:06 INF] HTTP GET /lib/jquery/dist/jquery.min.js responded 304 in 1.1078 ms
[15:47:06 INF] HTTP GET /lib/bootstrap/dist/js/bootstrap.bundle.min.js responded 304 in 0.4520 ms
[15:47:06 INF] HTTP GET /Biktal.WebMVC.styles.css responded 200 in 0.7137 ms
[15:47:06 INF] HTTP GET /lib/bootstrap/dist/css/bootstrap.min.css responded 200 in 1.3683 ms
[15:47:06 INF] HTTP GET /css/site.css responded 200 in 1.4618 ms
[15:47:06 INF] HTTP GET /js/site.js responded 304 in 0.5715 ms
[15:55:14 INF] HTTP GET /Insights/Daily responded 200 in 245.7213 ms
[15:55:14 INF] HTTP GET /css/site.css responded 200 in 2.3919 ms
[15:55:14 INF] HTTP GET /lib/bootstrap/dist/css/bootstrap.min.css responded 200 in 0.6308 ms
[15:55:14 INF] HTTP GET /lib/jquery/dist/jquery.min.js responded 200 in 0.8069 ms
[15:55:14 INF] HTTP GET /lib/bootstrap/dist/js/bootstrap.bundle.min.js responded 200 in 5.4466 ms
[15:55:14 INF] HTTP GET /js/site.js responded 200 in 0.6255 ms
[15:55:14 INF] HTTP GET /Biktal.WebMVC.styles.css responded 200 in 10.3206 ms
[15:55:16 INF] HTTP GET / responded 200 in 37.4065 ms
[15:55:16 INF] HTTP GET /lib/bootstrap/dist/css/bootstrap.min.css responded 200 in 1.2801 ms
[15:55:16 INF] HTTP GET /css/site.css responded 200 in 2.2309 ms
[15:55:16 INF] HTTP GET /lib/jquery/dist/jquery.min.js responded 304 in 1.2202 ms
[15:55:16 INF] HTTP GET /Biktal.WebMVC.styles.css responded 200 in 4.5368 ms
[15:55:16 INF] HTTP GET /lib/bootstrap/dist/js/bootstrap.bundle.min.js responded 304 in 0.1730 ms
[15:55:16 INF] HTTP GET /js/site.js responded 304 in 0.5707 ms
[15:55:16 INF] HTTP GET /js/pos.js responded 200 in 1.0723 ms
[16:16:08 INF] Application is shutting down...
