[13:09:27 WRN] Using an in-memory repository. Keys will not be persisted to storage.
[13:09:27 WRN] Neither user profile nor HKLM registry available. Using an ephemeral key repository. Protected data will be unavailable when application exits.
[13:09:27 WRN] No XML encryptor configured. Key {db055307-d08a-4fa7-a62f-ba25408e2abf} may be persisted to storage in unencrypted form.
[13:09:27 INF] Application started. Press Ctrl+C to shut down.
[13:09:27 INF] Hosting environment: Production
[13:09:27 INF] Content root path: D:\Systems\BiktalSystems\publish
[13:09:28 WRN] The query uses the 'First'/'FirstOrDefault' operator without 'OrderBy' and filter operators. This may lead to unpredictable results.
[13:09:28 ERR] An exception was thrown while deserializing the token.
Microsoft.AspNetCore.Antiforgery.AntiforgeryValidationException: The antiforgery token could not be decrypted.
 ---> System.Security.Cryptography.CryptographicException: The key {e4ed121a-8e9c-4b44-bd51-f1c04906a266} was not found in the key ring. For more information go to https://aka.ms/aspnet/dataprotectionwarning
   at Microsoft.AspNetCore.DataProtection.KeyManagement.KeyRingBasedDataProtector.UnprotectCore(Byte[] protectedData, Boolean allowOperationsOnRevokedKeys, UnprotectStatus& status)
   at Microsoft.AspNetCore.DataProtection.KeyManagement.KeyRingBasedDataProtector.Unprotect(Byte[] protectedData)
   at Microsoft.AspNetCore.Antiforgery.DefaultAntiforgeryTokenSerializer.Deserialize(String serializedToken)
   --- End of inner exception stack trace ---
   at Microsoft.AspNetCore.Antiforgery.DefaultAntiforgeryTokenSerializer.Deserialize(String serializedToken)
   at Microsoft.AspNetCore.Antiforgery.DefaultAntiforgery.GetCookieTokenDoesNotThrow(HttpContext httpContext)
[13:09:28 INF] HTTP GET / responded 200 in 493.3453 ms
[13:09:28 INF] HTTP GET /Biktal.WebMVC.styles.css responded 200 in 31.4306 ms
[13:09:28 INF] HTTP GET /lib/bootstrap/dist/css/bootstrap.min.css responded 200 in 63.7738 ms
[13:09:28 INF] HTTP GET /css/site.css responded 200 in 56.6596 ms
[13:09:28 INF] HTTP GET /js/site.js responded 200 in 18.3673 ms
[13:09:28 INF] HTTP GET /lib/jquery/dist/jquery.min.js responded 200 in 29.2562 ms
[13:09:28 INF] HTTP GET /lib/bootstrap/dist/js/bootstrap.bundle.min.js responded 200 in 28.0160 ms
[13:09:29 INF] HTTP GET /js/pos.js responded 200 in 74.7488 ms
[13:30:18 INF] Application is shutting down...
