[16:57:25 WRN] Using an in-memory repository. Keys will not be persisted to storage.
[16:57:25 WRN] Neither user profile nor HKLM registry available. Using an ephemeral key repository. Protected data will be unavailable when application exits.
[16:57:25 WRN] No XML encryptor configured. Key {2e9f063f-a2a4-4f65-8a60-2a1170c6e0b9} may be persisted to storage in unencrypted form.
[16:57:25 INF] Application started. Press Ctrl+C to shut down.
[16:57:25 INF] Hosting environment: Production
[16:57:25 INF] Content root path: D:\Systems\BiktalSystems\publish
[16:57:25 INF] HTTP POST /Pos/CompleteSale responded 400 in 96.7608 ms
[16:57:30 ERR] An exception was thrown while deserializing the token.
Microsoft.AspNetCore.Antiforgery.AntiforgeryValidationException: The antiforgery token could not be decrypted.
 ---> System.Security.Cryptography.CryptographicException: The key {9cb043ba-f0ea-43b5-a803-febef66bcc28} was not found in the key ring. For more information go to https://aka.ms/aspnet/dataprotectionwarning
   at Microsoft.AspNetCore.DataProtection.KeyManagement.KeyRingBasedDataProtector.UnprotectCore(Byte[] protectedData, Boolean allowOperationsOnRevokedKeys, UnprotectStatus& status)
   at Microsoft.AspNetCore.DataProtection.KeyManagement.KeyRingBasedDataProtector.Unprotect(Byte[] protectedData)
   at Microsoft.AspNetCore.Antiforgery.DefaultAntiforgeryTokenSerializer.Deserialize(String serializedToken)
   --- End of inner exception stack trace ---
   at Microsoft.AspNetCore.Antiforgery.DefaultAntiforgeryTokenSerializer.Deserialize(String serializedToken)
   at Microsoft.AspNetCore.Antiforgery.DefaultAntiforgery.GetCookieTokenDoesNotThrow(HttpContext httpContext)
[16:57:30 INF] HTTP GET /Inventory/Products responded 200 in 850.9799 ms
[16:57:31 INF] HTTP GET /Biktal.WebMVC.styles.css responded 200 in 23.9056 ms
[16:57:31 INF] HTTP GET /lib/bootstrap/dist/css/bootstrap.min.css responded 200 in 21.7772 ms
[16:57:31 INF] HTTP GET /css/site.css responded 200 in 32.5468 ms
[16:57:32 INF] HTTP GET /lib/jquery/dist/jquery.min.js responded 200 in 2.5159 ms
[16:57:32 INF] HTTP GET /js/site.js responded 200 in 2.7886 ms
[16:57:32 INF] HTTP GET /lib/jquery-validation-unobtrusive/dist/jquery.validate.unobtrusive.min.js responded 200 in 1.5552 ms
[16:57:32 INF] HTTP GET /lib/jquery-validation/dist/jquery.validate.min.js responded 200 in 1.6918 ms
[16:57:32 INF] HTTP GET /lib/bootstrap/dist/js/bootstrap.bundle.min.js responded 200 in 4.9371 ms
[16:57:32 INF] HTTP GET /js/products-catalog-filter.js responded 200 in 20.4347 ms
[16:57:33 WRN] The query uses the 'First'/'FirstOrDefault' operator without 'OrderBy' and filter operators. This may lead to unpredictable results.
[16:57:33 INF] HTTP GET / responded 200 in 235.4970 ms
[16:57:33 INF] HTTP GET /Biktal.WebMVC.styles.css responded 304 in 0.7595 ms
[16:57:33 INF] HTTP GET /css/site.css responded 304 in 3.4415 ms
[16:57:33 INF] HTTP GET /lib/bootstrap/dist/css/bootstrap.min.css responded 304 in 2.3125 ms
[16:57:33 INF] HTTP GET /js/site.js responded 200 in 0.7978 ms
[16:57:33 INF] HTTP GET /js/pos.js responded 200 in 0.8156 ms
[16:57:33 INF] HTTP GET /lib/jquery/dist/jquery.min.js responded 304 in 32.8159 ms
[16:57:33 INF] HTTP GET /lib/bootstrap/dist/js/bootstrap.bundle.min.js responded 200 in 149.3971 ms
[16:57:55 INF] HTTP POST /Pos/CompleteSale responded 200 in 735.1910 ms
[17:18:03 INF] Application is shutting down...
