[14:02:29 ERR] Failed executing DbCommand (6ms) [Parameters=[@p0='?' (DbType = Guid), @p1='?' (DbType = DateTime), @p2='?' (DbType = Guid), @p3='?', @p4='?' (DbType = DateTime), @p5='?' (DbType = Int32), @p6='?' (DbType = Int32), @p7='?', @p8='?', @p9='?' (DbType = Guid), @p10='?' (DbType = DateTime), @p11='?' (DbType = Guid), @p12='?', @p13='?' (DbType = DateTime), @p14='?' (DbType = Int32), @p15='?' (DbType = Int32), @p16='?', @p17='?'], CommandType='Text', CommandTimeout='30']
INSERT INTO "CrmSupportTickets" ("Id", "CreatedAtUtc", "CustomerId", "Description", "ModifiedAtUtc", "Priority", "Status", "Subject", "TicketNumber")
VALUES (@p0, @p1, @p2, @p3, @p4, @p5, @p6, @p7, @p8);
INSERT INTO "CrmSupportTickets" ("Id", "CreatedAtUtc", "CustomerId", "Description", "ModifiedAtUtc", "Priority", "Status", "Subject", "TicketNumber")
VALUES (@p9, @p10, @p11, @p12, @p13, @p14, @p15, @p16, @p17);
[14:02:29 ERR] An exception occurred in the database while saving changes for context type 'Biktal.Infrastructure.Persistence.ApplicationDbContext'.
Microsoft.EntityFrameworkCore.DbUpdateException: An error occurred while saving the entity changes. See the inner exception for details.
 ---> Npgsql.PostgresException (0x80004005): 23503: insert or update on table "CrmSupportTickets" violates foreign key constraint "FK_CrmSupportTickets_CrmCustomers_CustomerId"

DETAIL: Detail redacted as it may contain sensitive data. Specify 'Include Error Detail' in the connection string to include this information.
   at Npgsql.Internal.NpgsqlConnector.ReadMessageLong(Boolean async, DataRowLoadingMode dataRowLoadingMode, Boolean readingNotifications, Boolean isReadingPrependedMessage)
   at System.Runtime.CompilerServices.PoolingAsyncValueTaskMethodBuilder`1.StateMachineBox`1.System.Threading.Tasks.Sources.IValueTaskSource<TResult>.GetResult(Int16 token)
   at Npgsql.NpgsqlDataReader.NextResult(Boolean async, Boolean isConsuming, CancellationToken cancellationToken)
   at Npgsql.NpgsqlDataReader.NextResult(Boolean async, Boolean isConsuming, CancellationToken cancellationToken)
   at Npgsql.NpgsqlCommand.ExecuteReader(Boolean async, CommandBehavior behavior, CancellationToken cancellationToken)
   at Npgsql.NpgsqlCommand.ExecuteReader(Boolean async, CommandBehavior behavior, CancellationToken cancellationToken)
   at Npgsql.NpgsqlCommand.ExecuteDbDataReaderAsync(CommandBehavior behavior, CancellationToken cancellationToken)
   at Microsoft.EntityFrameworkCore.Storage.RelationalCommand.ExecuteReaderAsync(RelationalCommandParameterObject parameterObject, CancellationToken cancellationToken)
   at Microsoft.EntityFrameworkCore.Storage.RelationalCommand.ExecuteReaderAsync(RelationalCommandParameterObject parameterObject, CancellationToken cancellationToken)
   at Microsoft.EntityFrameworkCore.Update.ReaderModificationCommandBatch.ExecuteAsync(IRelationalConnection connection, CancellationToken cancellationToken)
  Exception data:
    Severity: ERROR
    SqlState: 23503
    MessageText: insert or update on table "CrmSupportTickets" violates foreign key constraint "FK_CrmSupportTickets_CrmCustomers_CustomerId"
    Detail: Detail redacted as it may contain sensitive data. Specify 'Include Error Detail' in the connection string to include this information.
    SchemaName: public
    TableName: CrmSupportTickets
    ConstraintName: FK_CrmSupportTickets_CrmCustomers_CustomerId
    File: ri_triggers.c
    Line: 2783
    Routine: ri_ReportViolation
   --- End of inner exception stack trace ---
   at Microsoft.EntityFrameworkCore.Update.ReaderModificationCommandBatch.ExecuteAsync(IRelationalConnection connection, CancellationToken cancellationToken)
   at Microsoft.EntityFrameworkCore.Update.Internal.BatchExecutor.ExecuteAsync(IEnumerable`1 commandBatches, IRelationalConnection connection, CancellationToken cancellationToken)
   at Microsoft.EntityFrameworkCore.Update.Internal.BatchExecutor.ExecuteAsync(IEnumerable`1 commandBatches, IRelationalConnection connection, CancellationToken cancellationToken)
   at Microsoft.EntityFrameworkCore.Update.Internal.BatchExecutor.ExecuteAsync(IEnumerable`1 commandBatches, IRelationalConnection connection, CancellationToken cancellationToken)
   at Microsoft.EntityFrameworkCore.Storage.RelationalDatabase.SaveChangesAsync(IList`1 entries, CancellationToken cancellationToken)
   at Microsoft.EntityFrameworkCore.ChangeTracking.Internal.StateManager.SaveChangesAsync(IList`1 entriesToSave, CancellationToken cancellationToken)
   at Microsoft.EntityFrameworkCore.ChangeTracking.Internal.StateManager.SaveChangesAsync(StateManager stateManager, Boolean acceptAllChangesOnSuccess, CancellationToken cancellationToken)
   at Npgsql.EntityFrameworkCore.PostgreSQL.Storage.Internal.NpgsqlExecutionStrategy.ExecuteAsync[TState,TResult](TState state, Func`4 operation, Func`4 verifySucceeded, CancellationToken cancellationToken)
   at Microsoft.EntityFrameworkCore.DbContext.SaveChangesAsync(Boolean acceptAllChangesOnSuccess, CancellationToken cancellationToken)
Microsoft.EntityFrameworkCore.DbUpdateException: An error occurred while saving the entity changes. See the inner exception for details.
 ---> Npgsql.PostgresException (0x80004005): 23503: insert or update on table "CrmSupportTickets" violates foreign key constraint "FK_CrmSupportTickets_CrmCustomers_CustomerId"

DETAIL: Detail redacted as it may contain sensitive data. Specify 'Include Error Detail' in the connection string to include this information.
   at Npgsql.Internal.NpgsqlConnector.ReadMessageLong(Boolean async, DataRowLoadingMode dataRowLoadingMode, Boolean readingNotifications, Boolean isReadingPrependedMessage)
   at System.Runtime.CompilerServices.PoolingAsyncValueTaskMethodBuilder`1.StateMachineBox`1.System.Threading.Tasks.Sources.IValueTaskSource<TResult>.GetResult(Int16 token)
   at Npgsql.NpgsqlDataReader.NextResult(Boolean async, Boolean isConsuming, CancellationToken cancellationToken)
   at Npgsql.NpgsqlDataReader.NextResult(Boolean async, Boolean isConsuming, CancellationToken cancellationToken)
   at Npgsql.NpgsqlCommand.ExecuteReader(Boolean async, CommandBehavior behavior, CancellationToken cancellationToken)
   at Npgsql.NpgsqlCommand.ExecuteReader(Boolean async, CommandBehavior behavior, CancellationToken cancellationToken)
   at Npgsql.NpgsqlCommand.ExecuteDbDataReaderAsync(CommandBehavior behavior, CancellationToken cancellationToken)
   at Microsoft.EntityFrameworkCore.Storage.RelationalCommand.ExecuteReaderAsync(RelationalCommandParameterObject parameterObject, CancellationToken cancellationToken)
   at Microsoft.EntityFrameworkCore.Storage.RelationalCommand.ExecuteReaderAsync(RelationalCommandParameterObject parameterObject, CancellationToken cancellationToken)
   at Microsoft.EntityFrameworkCore.Update.ReaderModificationCommandBatch.ExecuteAsync(IRelationalConnection connection, CancellationToken cancellationToken)
  Exception data:
    Severity: ERROR
    SqlState: 23503
    MessageText: insert or update on table "CrmSupportTickets" violates foreign key constraint "FK_CrmSupportTickets_CrmCustomers_CustomerId"
    Detail: Detail redacted as it may contain sensitive data. Specify 'Include Error Detail' in the connection string to include this information.
    SchemaName: public
    TableName: CrmSupportTickets
    ConstraintName: FK_CrmSupportTickets_CrmCustomers_CustomerId
    File: ri_triggers.c
    Line: 2783
    Routine: ri_ReportViolation
   --- End of inner exception stack trace ---
   at Microsoft.EntityFrameworkCore.Update.ReaderModificationCommandBatch.ExecuteAsync(IRelationalConnection connection, CancellationToken cancellationToken)
   at Microsoft.EntityFrameworkCore.Update.Internal.BatchExecutor.ExecuteAsync(IEnumerable`1 commandBatches, IRelationalConnection connection, CancellationToken cancellationToken)
   at Microsoft.EntityFrameworkCore.Update.Internal.BatchExecutor.ExecuteAsync(IEnumerable`1 commandBatches, IRelationalConnection connection, CancellationToken cancellationToken)
   at Microsoft.EntityFrameworkCore.Update.Internal.BatchExecutor.ExecuteAsync(IEnumerable`1 commandBatches, IRelationalConnection connection, CancellationToken cancellationToken)
   at Microsoft.EntityFrameworkCore.Storage.RelationalDatabase.SaveChangesAsync(IList`1 entries, CancellationToken cancellationToken)
   at Microsoft.EntityFrameworkCore.ChangeTracking.Internal.StateManager.SaveChangesAsync(IList`1 entriesToSave, CancellationToken cancellationToken)
   at Microsoft.EntityFrameworkCore.ChangeTracking.Internal.StateManager.SaveChangesAsync(StateManager stateManager, Boolean acceptAllChangesOnSuccess, CancellationToken cancellationToken)
   at Npgsql.EntityFrameworkCore.PostgreSQL.Storage.Internal.NpgsqlExecutionStrategy.ExecuteAsync[TState,TResult](TState state, Func`4 operation, Func`4 verifySucceeded, CancellationToken cancellationToken)
   at Microsoft.EntityFrameworkCore.DbContext.SaveChangesAsync(Boolean acceptAllChangesOnSuccess, CancellationToken cancellationToken)
[14:02:29 ERR] Database migration or seed failed. Check PostgreSQL is running and ConnectionStrings:DefaultConnection is correct.
Microsoft.EntityFrameworkCore.DbUpdateException: An error occurred while saving the entity changes. See the inner exception for details.
 ---> Npgsql.PostgresException (0x80004005): 23503: insert or update on table "CrmSupportTickets" violates foreign key constraint "FK_CrmSupportTickets_CrmCustomers_CustomerId"

DETAIL: Detail redacted as it may contain sensitive data. Specify 'Include Error Detail' in the connection string to include this information.
   at Npgsql.Internal.NpgsqlConnector.ReadMessageLong(Boolean async, DataRowLoadingMode dataRowLoadingMode, Boolean readingNotifications, Boolean isReadingPrependedMessage)
   at System.Runtime.CompilerServices.PoolingAsyncValueTaskMethodBuilder`1.StateMachineBox`1.System.Threading.Tasks.Sources.IValueTaskSource<TResult>.GetResult(Int16 token)
   at Npgsql.NpgsqlDataReader.NextResult(Boolean async, Boolean isConsuming, CancellationToken cancellationToken)
   at Npgsql.NpgsqlDataReader.NextResult(Boolean async, Boolean isConsuming, CancellationToken cancellationToken)
   at Npgsql.NpgsqlCommand.ExecuteReader(Boolean async, CommandBehavior behavior, CancellationToken cancellationToken)
   at Npgsql.NpgsqlCommand.ExecuteReader(Boolean async, CommandBehavior behavior, CancellationToken cancellationToken)
   at Npgsql.NpgsqlCommand.ExecuteDbDataReaderAsync(CommandBehavior behavior, CancellationToken cancellationToken)
   at Microsoft.EntityFrameworkCore.Storage.RelationalCommand.ExecuteReaderAsync(RelationalCommandParameterObject parameterObject, CancellationToken cancellationToken)
   at Microsoft.EntityFrameworkCore.Storage.RelationalCommand.ExecuteReaderAsync(RelationalCommandParameterObject parameterObject, CancellationToken cancellationToken)
   at Microsoft.EntityFrameworkCore.Update.ReaderModificationCommandBatch.ExecuteAsync(IRelationalConnection connection, CancellationToken cancellationToken)
  Exception data:
    Severity: ERROR
    SqlState: 23503
    MessageText: insert or update on table "CrmSupportTickets" violates foreign key constraint "FK_CrmSupportTickets_CrmCustomers_CustomerId"
    Detail: Detail redacted as it may contain sensitive data. Specify 'Include Error Detail' in the connection string to include this information.
    SchemaName: public
    TableName: CrmSupportTickets
    ConstraintName: FK_CrmSupportTickets_CrmCustomers_CustomerId
    File: ri_triggers.c
    Line: 2783
    Routine: ri_ReportViolation
   --- End of inner exception stack trace ---
   at Microsoft.EntityFrameworkCore.Update.ReaderModificationCommandBatch.ExecuteAsync(IRelationalConnection connection, CancellationToken cancellationToken)
   at Microsoft.EntityFrameworkCore.Update.Internal.BatchExecutor.ExecuteAsync(IEnumerable`1 commandBatches, IRelationalConnection connection, CancellationToken cancellationToken)
   at Microsoft.EntityFrameworkCore.Update.Internal.BatchExecutor.ExecuteAsync(IEnumerable`1 commandBatches, IRelationalConnection connection, CancellationToken cancellationToken)
   at Microsoft.EntityFrameworkCore.Update.Internal.BatchExecutor.ExecuteAsync(IEnumerable`1 commandBatches, IRelationalConnection connection, CancellationToken cancellationToken)
   at Microsoft.EntityFrameworkCore.Storage.RelationalDatabase.SaveChangesAsync(IList`1 entries, CancellationToken cancellationToken)
   at Microsoft.EntityFrameworkCore.ChangeTracking.Internal.StateManager.SaveChangesAsync(IList`1 entriesToSave, CancellationToken cancellationToken)
   at Microsoft.EntityFrameworkCore.ChangeTracking.Internal.StateManager.SaveChangesAsync(StateManager stateManager, Boolean acceptAllChangesOnSuccess, CancellationToken cancellationToken)
   at Npgsql.EntityFrameworkCore.PostgreSQL.Storage.Internal.NpgsqlExecutionStrategy.ExecuteAsync[TState,TResult](TState state, Func`4 operation, Func`4 verifySucceeded, CancellationToken cancellationToken)
   at Microsoft.EntityFrameworkCore.DbContext.SaveChangesAsync(Boolean acceptAllChangesOnSuccess, CancellationToken cancellationToken)
   at Microsoft.EntityFrameworkCore.DbContext.SaveChangesAsync(Boolean acceptAllChangesOnSuccess, CancellationToken cancellationToken)
   at Biktal.Infrastructure.Persistence.CrmDataSeeder.SeedIfEmptyAsync(ApplicationDbContext db, CancellationToken cancellationToken)
   at Program.<Main>$(String[] args) in d:\Systems\BiktalSystems\Program.cs:line 71
[14:02:29 WRN] Continuing without a successful migration/seed. Auth and data pages may fail until the database is available.
[14:02:29 WRN] Using an in-memory repository. Keys will not be persisted to storage.
[14:02:29 WRN] Neither user profile nor HKLM registry available. Using an ephemeral key repository. Protected data will be unavailable when application exits.
[14:02:29 WRN] No XML encryptor configured. Key {3e87e27f-8db3-494d-aa2d-92694e4a791a} may be persisted to storage in unencrypted form.
[14:02:29 INF] Application started. Press Ctrl+C to shut down.
[14:02:29 INF] Hosting environment: Production
[14:02:29 INF] Content root path: D:\Systems\BiktalSystems\publish
[14:02:29 INF] HTTP POST /Inventory/AddProduct responded 302 in 85.5199 ms
[14:02:29 INF] HTTP POST /Inventory/AddProduct responded 302 in 85.1063 ms
[14:02:29 ERR] An exception was thrown while deserializing the token.
Microsoft.AspNetCore.Antiforgery.AntiforgeryValidationException: The antiforgery token could not be decrypted.
 ---> System.Security.Cryptography.CryptographicException: The key {fa8ef993-61e9-461f-8011-b37904da82f0} was not found in the key ring. For more information go to https://aka.ms/aspnet/dataprotectionwarning
   at Microsoft.AspNetCore.DataProtection.KeyManagement.KeyRingBasedDataProtector.UnprotectCore(Byte[] protectedData, Boolean allowOperationsOnRevokedKeys, UnprotectStatus& status)
   at Microsoft.AspNetCore.DataProtection.KeyManagement.KeyRingBasedDataProtector.Unprotect(Byte[] protectedData)
   at Microsoft.AspNetCore.Antiforgery.DefaultAntiforgeryTokenSerializer.Deserialize(String serializedToken)
   --- End of inner exception stack trace ---
   at Microsoft.AspNetCore.Antiforgery.DefaultAntiforgeryTokenSerializer.Deserialize(String serializedToken)
   at Microsoft.AspNetCore.Antiforgery.DefaultAntiforgery.GetCookieTokenDoesNotThrow(HttpContext httpContext)
[14:02:29 INF] HTTP GET /Account/Login responded 200 in 255.9756 ms
[14:02:30 INF] HTTP GET /lib/jquery-validation-unobtrusive/dist/jquery.validate.unobtrusive.min.js responded 200 in 49.9897 ms
[14:02:30 INF] HTTP GET /lib/jquery-validation/dist/jquery.validate.min.js responded 200 in 75.1565 ms
[14:02:30 INF] HTTP GET /css/site.css responded 200 in 83.5832 ms
[14:02:30 INF] HTTP GET /Biktal.WebMVC.styles.css responded 200 in 80.1885 ms
[14:02:30 INF] HTTP GET /js/site.js responded 200 in 75.3334 ms
[14:02:30 INF] HTTP GET /lib/bootstrap/dist/js/bootstrap.bundle.min.js responded 200 in 76.3628 ms
[14:02:30 INF] HTTP GET /lib/jquery/dist/jquery.min.js responded 200 in 80.1922 ms
[14:02:30 INF] HTTP GET /lib/bootstrap/dist/css/bootstrap.min.css responded 200 in 85.8528 ms
[14:02:40 INF] HTTP POST /Account/Login responded 302 in 531.1462 ms
[14:02:40 INF] HTTP GET /Inventory/AddProduct responded 405 in 12.9032 ms
[14:02:47 INF] HTTP GET /Account/Login responded 200 in 55.2042 ms
[14:02:47 INF] HTTP GET /lib/bootstrap/dist/css/bootstrap.min.css responded 200 in 40.0052 ms
[14:02:47 INF] HTTP GET /Biktal.WebMVC.styles.css responded 200 in 1.4835 ms
[14:02:47 INF] HTTP GET /css/site.css responded 200 in 4.0222 ms
[14:02:47 INF] HTTP GET /lib/jquery/dist/jquery.min.js responded 200 in 17.9800 ms
[14:02:47 INF] HTTP GET /js/site.js responded 200 in 26.3434 ms
[14:02:47 INF] HTTP GET /lib/jquery-validation-unobtrusive/dist/jquery.validate.unobtrusive.min.js responded 200 in 11.3695 ms
[14:02:47 INF] HTTP GET /lib/jquery-validation/dist/jquery.validate.min.js responded 200 in 20.2988 ms
[14:02:47 INF] HTTP GET /lib/bootstrap/dist/js/bootstrap.bundle.min.js responded 200 in 107.8193 ms
[14:02:57 INF] HTTP POST /Account/Login responded 302 in 176.3087 ms
[14:02:58 INF] HTTP GET /Inventory/Products responded 200 in 425.1524 ms
[14:02:58 INF] HTTP GET /Biktal.WebMVC.styles.css responded 304 in 1.8650 ms
[14:02:58 INF] HTTP GET /lib/bootstrap/dist/css/bootstrap.min.css responded 304 in 7.2186 ms
[14:02:58 INF] HTTP GET /css/site.css responded 304 in 0.9599 ms
[14:02:58 INF] HTTP GET /lib/jquery/dist/jquery.min.js responded 304 in 0.6285 ms
[14:02:58 INF] HTTP GET /lib/bootstrap/dist/js/bootstrap.bundle.min.js responded 304 in 0.8609 ms
[14:02:58 INF] HTTP GET /js/site.js responded 304 in 0.7160 ms
[14:02:58 INF] HTTP GET /lib/jquery-validation/dist/jquery.validate.min.js responded 304 in 0.5290 ms
[14:02:58 INF] HTTP GET /lib/jquery-validation-unobtrusive/dist/jquery.validate.unobtrusive.min.js responded 304 in 1.1896 ms
[14:02:58 INF] HTTP GET /js/products-catalog-filter.js responded 200 in 3.0454 ms
[14:03:12 INF] HTTP GET /Inventory/Products responded 200 in 142.9709 ms
[14:03:12 INF] HTTP GET /lib/bootstrap/dist/css/bootstrap.min.css responded 304 in 1.4391 ms
[14:03:12 INF] HTTP GET /css/site.css responded 304 in 0.8403 ms
[14:03:12 INF] HTTP GET /Biktal.WebMVC.styles.css responded 304 in 1.0290 ms
[14:03:13 INF] HTTP GET /lib/jquery/dist/jquery.min.js responded 304 in 0.6043 ms
[14:03:13 INF] HTTP GET /lib/bootstrap/dist/js/bootstrap.bundle.min.js responded 304 in 1.7147 ms
[14:03:13 INF] HTTP GET /js/site.js responded 304 in 0.5329 ms
[14:03:13 INF] HTTP GET /lib/jquery-validation/dist/jquery.validate.min.js responded 304 in 0.6283 ms
[14:03:13 INF] HTTP GET /lib/jquery-validation-unobtrusive/dist/jquery.validate.unobtrusive.min.js responded 304 in 1.1797 ms
[14:03:13 INF] HTTP GET /js/products-catalog-filter.js responded 304 in 0.8044 ms
[14:03:17 INF] HTTP POST /Inventory/EditProduct responded 302 in 157.1468 ms
[14:03:18 INF] HTTP GET /Inventory/Products responded 200 in 58.6841 ms
[14:03:18 INF] HTTP GET /css/site.css responded 304 in 0.5403 ms
[14:03:18 INF] HTTP GET /lib/bootstrap/dist/css/bootstrap.min.css responded 304 in 2.3603 ms
[14:03:18 INF] HTTP GET /Biktal.WebMVC.styles.css responded 304 in 1.4185 ms
[14:03:18 INF] HTTP GET /lib/jquery/dist/jquery.min.js responded 304 in 0.6733 ms
[14:03:18 INF] HTTP GET /lib/jquery-validation/dist/jquery.validate.min.js responded 304 in 0.5173 ms
[14:03:18 INF] HTTP GET /lib/jquery-validation-unobtrusive/dist/jquery.validate.unobtrusive.min.js responded 304 in 0.8675 ms
[14:03:18 INF] HTTP GET /js/site.js responded 304 in 2.4943 ms
[14:03:18 INF] HTTP GET /js/products-catalog-filter.js responded 304 in 0.4066 ms
[14:03:18 INF] HTTP GET /lib/bootstrap/dist/js/bootstrap.bundle.min.js responded 304 in 0.4471 ms
[14:06:21 INF] HTTP GET /Inventory/Products responded 200 in 52.5031 ms
[14:06:21 INF] HTTP GET /lib/bootstrap/dist/css/bootstrap.min.css responded 200 in 5.6532 ms
[14:06:21 INF] HTTP GET /css/site.css responded 200 in 2.5494 ms
[14:06:21 INF] HTTP GET /Biktal.WebMVC.styles.css responded 200 in 1.7207 ms
[14:06:22 INF] HTTP GET /lib/jquery/dist/jquery.min.js responded 200 in 1.1581 ms
[14:06:22 INF] HTTP GET /js/site.js responded 200 in 3.2309 ms
[14:06:22 INF] HTTP GET /lib/bootstrap/dist/js/bootstrap.bundle.min.js responded 200 in 1.4121 ms
[14:06:22 INF] HTTP GET /lib/jquery-validation/dist/jquery.validate.min.js responded 200 in 2.1085 ms
[14:06:22 INF] HTTP GET /lib/jquery-validation-unobtrusive/dist/jquery.validate.unobtrusive.min.js responded 200 in 1.0572 ms
[14:06:22 INF] HTTP GET /js/products-catalog-filter.js responded 200 in 4.5048 ms
[14:06:27 INF] HTTP POST /Inventory/EditProduct responded 302 in 19.7575 ms
[14:06:27 INF] HTTP GET /Inventory/Products responded 200 in 59.7433 ms
[14:06:27 INF] HTTP GET /lib/bootstrap/dist/css/bootstrap.min.css responded 200 in 1.6637 ms
[14:06:27 INF] HTTP GET /css/site.css responded 200 in 0.9897 ms
[14:06:27 INF] HTTP GET /Biktal.WebMVC.styles.css responded 200 in 2.6899 ms
[14:06:28 INF] HTTP GET /lib/jquery/dist/jquery.min.js responded 304 in 0.7237 ms
[14:06:28 INF] HTTP GET /lib/bootstrap/dist/js/bootstrap.bundle.min.js responded 304 in 0.7415 ms
[14:06:28 INF] HTTP GET /js/site.js responded 304 in 0.5373 ms
[14:06:28 INF] HTTP GET /lib/jquery-validation/dist/jquery.validate.min.js responded 304 in 2.2926 ms
[14:06:28 INF] HTTP GET /lib/jquery-validation-unobtrusive/dist/jquery.validate.unobtrusive.min.js responded 304 in 2.0131 ms
[14:06:28 INF] HTTP GET /js/products-catalog-filter.js responded 304 in 0.5766 ms
[14:09:01 INF] HTTP GET /Inventory/Products responded 200 in 169.6205 ms
[14:09:01 INF] HTTP GET /css/site.css responded 200 in 1.2320 ms
[14:09:01 INF] HTTP GET /Biktal.WebMVC.styles.css responded 200 in 0.9624 ms
[14:09:01 INF] HTTP GET /lib/bootstrap/dist/css/bootstrap.min.css responded 200 in 0.9291 ms
[14:09:02 INF] HTTP GET /lib/jquery/dist/jquery.min.js responded 200 in 0.9741 ms
[14:09:02 INF] HTTP GET /lib/bootstrap/dist/js/bootstrap.bundle.min.js responded 200 in 1.8540 ms
[14:09:02 INF] HTTP GET /js/site.js responded 200 in 3.2771 ms
[14:09:02 INF] HTTP GET /lib/jquery-validation-unobtrusive/dist/jquery.validate.unobtrusive.min.js responded 200 in 1.8246 ms
[14:09:02 INF] HTTP GET /lib/jquery-validation/dist/jquery.validate.min.js responded 200 in 5.7720 ms
[14:09:02 INF] HTTP GET /js/products-catalog-filter.js responded 200 in 1.0741 ms
[14:09:12 INF] HTTP POST /Inventory/EditProduct responded 302 in 19.9010 ms
[14:09:12 INF] HTTP GET /Inventory/Products responded 200 in 64.4978 ms
[14:09:12 INF] HTTP GET /Biktal.WebMVC.styles.css responded 200 in 1.0015 ms
[14:09:12 INF] HTTP GET /css/site.css responded 200 in 1.7936 ms
[14:09:12 INF] HTTP GET /lib/bootstrap/dist/css/bootstrap.min.css responded 200 in 2.2195 ms
[14:09:13 INF] HTTP GET /lib/jquery/dist/jquery.min.js responded 200 in 1.0763 ms
[14:09:13 INF] HTTP GET /js/site.js responded 200 in 1.1246 ms
[14:09:13 INF] HTTP GET /lib/jquery-validation/dist/jquery.validate.min.js responded 200 in 34.9949 ms
[14:09:13 INF] HTTP GET /lib/bootstrap/dist/js/bootstrap.bundle.min.js responded 200 in 35.9797 ms
[14:09:13 INF] HTTP GET /lib/jquery-validation-unobtrusive/dist/jquery.validate.unobtrusive.min.js responded 200 in 1.8625 ms
[14:09:13 INF] HTTP GET /js/products-catalog-filter.js responded 200 in 0.7519 ms
[14:13:33 INF] HTTP GET /Inventory/Products responded 200 in 70.9666 ms
[14:13:33 INF] HTTP GET /css/site.css responded 200 in 1.0285 ms
[14:13:33 INF] HTTP GET /Biktal.WebMVC.styles.css responded 200 in 0.6389 ms
[14:13:33 INF] HTTP GET /lib/bootstrap/dist/css/bootstrap.min.css responded 200 in 1.2975 ms
[14:13:34 INF] HTTP GET /lib/jquery/dist/jquery.min.js responded 200 in 0.8749 ms
[14:13:34 INF] HTTP GET /js/site.js responded 200 in 0.9265 ms
[14:13:34 INF] HTTP GET /lib/bootstrap/dist/js/bootstrap.bundle.min.js responded 200 in 1.4104 ms
[14:13:34 INF] HTTP GET /lib/jquery-validation/dist/jquery.validate.min.js responded 200 in 1.2956 ms
[14:13:34 INF] HTTP GET /lib/jquery-validation-unobtrusive/dist/jquery.validate.unobtrusive.min.js responded 200 in 0.9216 ms
[14:13:34 INF] HTTP GET /js/products-catalog-filter.js responded 200 in 2.4010 ms
[14:13:42 INF] HTTP POST /Inventory/EditProduct responded 302 in 16.9300 ms
[14:13:42 INF] HTTP GET /Inventory/Products responded 200 in 75.3418 ms
[14:13:42 INF] HTTP GET /Biktal.WebMVC.styles.css responded 200 in 0.8659 ms
[14:13:42 INF] HTTP GET /css/site.css responded 200 in 0.9515 ms
[14:13:42 INF] HTTP GET /lib/bootstrap/dist/css/bootstrap.min.css responded 200 in 1.2127 ms
[14:13:43 INF] HTTP GET /lib/jquery/dist/jquery.min.js responded 304 in 0.3474 ms
[14:13:43 INF] HTTP GET /lib/jquery-validation/dist/jquery.validate.min.js responded 304 in 0.2857 ms
[14:13:43 INF] HTTP GET /lib/bootstrap/dist/js/bootstrap.bundle.min.js responded 304 in 0.4221 ms
[14:13:43 INF] HTTP GET /js/site.js responded 304 in 0.5748 ms
[14:13:43 INF] HTTP GET /lib/jquery-validation-unobtrusive/dist/jquery.validate.unobtrusive.min.js responded 304 in 1.2155 ms
[14:13:43 INF] HTTP GET /js/products-catalog-filter.js responded 304 in 2.6784 ms
[14:14:39 INF] HTTP GET /Inventory/Products responded 200 in 162.5954 ms
[14:14:39 INF] HTTP GET /lib/bootstrap/dist/css/bootstrap.min.css responded 200 in 0.8519 ms
[14:14:39 INF] HTTP GET /css/site.css responded 200 in 1.6995 ms
[14:14:39 INF] HTTP GET /Biktal.WebMVC.styles.css responded 200 in 0.8549 ms
[14:14:40 INF] HTTP GET /lib/jquery/dist/jquery.min.js responded 200 in 0.6693 ms
[14:14:40 INF] HTTP GET /lib/bootstrap/dist/js/bootstrap.bundle.min.js responded 200 in 1.2121 ms
[14:14:40 INF] HTTP GET /lib/jquery-validation-unobtrusive/dist/jquery.validate.unobtrusive.min.js responded 200 in 1.0155 ms
[14:14:40 INF] HTTP GET /js/site.js responded 200 in 0.6823 ms
[14:14:40 INF] HTTP GET /lib/jquery-validation/dist/jquery.validate.min.js responded 200 in 3.2583 ms
[14:14:40 INF] HTTP GET /js/products-catalog-filter.js responded 200 in 2.7786 ms
[14:14:43 INF] HTTP POST /Inventory/EditProduct responded 302 in 18.4793 ms
[14:14:43 INF] HTTP GET /Inventory/Products responded 200 in 56.7696 ms
[14:14:43 INF] HTTP GET /css/site.css responded 200 in 0.7632 ms
[14:14:43 INF] HTTP GET /lib/bootstrap/dist/css/bootstrap.min.css responded 200 in 0.9382 ms
[14:14:43 INF] HTTP GET /Biktal.WebMVC.styles.css responded 200 in 1.4480 ms
[14:14:44 INF] HTTP GET /lib/jquery/dist/jquery.min.js responded 200 in 0.6601 ms
[14:14:44 INF] HTTP GET /lib/bootstrap/dist/js/bootstrap.bundle.min.js responded 200 in 1.1458 ms
[14:14:44 INF] HTTP GET /js/site.js responded 200 in 2.1261 ms
[14:14:44 INF] HTTP GET /lib/jquery-validation/dist/jquery.validate.min.js responded 200 in 0.9654 ms
[14:14:44 INF] HTTP GET /lib/jquery-validation-unobtrusive/dist/jquery.validate.unobtrusive.min.js responded 200 in 0.8564 ms
[14:14:44 INF] HTTP GET /js/products-catalog-filter.js responded 200 in 2.3968 ms
[14:15:00 INF] HTTP GET /lib/bootstrap/dist/css/bootstrap.min.css responded 304 in 0.7103 ms
[14:15:00 INF] HTTP GET /Biktal.WebMVC.styles.css responded 304 in 0.6337 ms
[14:15:00 INF] HTTP GET /css/site.css responded 304 in 0.8331 ms
[14:15:01 INF] HTTP GET /lib/bootstrap/dist/js/bootstrap.bundle.min.js.map responded 200 in 20.8921 ms
[14:15:01 INF] HTTP GET /lib/bootstrap/dist/css/bootstrap.min.css.map responded 200 in 27.0593 ms
[14:16:44 INF] HTTP POST /Inventory/AddProduct responded 302 in 58.9118 ms
[14:16:44 INF] HTTP GET /Inventory/Products responded 200 in 72.0004 ms
[14:16:44 INF] HTTP GET /lib/bootstrap/dist/css/bootstrap.min.css responded 200 in 8.0375 ms
[14:16:44 INF] HTTP GET /css/site.css responded 200 in 3.8553 ms
[14:16:44 INF] HTTP GET /Biktal.WebMVC.styles.css responded 200 in 2.6871 ms
[14:16:45 INF] HTTP GET /lib/jquery/dist/jquery.min.js responded 200 in 0.6113 ms
[14:16:46 INF] HTTP GET /lib/bootstrap/dist/js/bootstrap.bundle.min.js responded 200 in 1.4308 ms
[14:16:46 INF] HTTP GET /js/site.js responded 200 in 4.1536 ms
[14:16:46 INF] HTTP GET /lib/jquery-validation/dist/jquery.validate.min.js responded 200 in 1.0269 ms
[14:16:46 INF] HTTP GET /lib/jquery-validation-unobtrusive/dist/jquery.validate.unobtrusive.min.js responded 200 in 0.9114 ms
[14:16:46 INF] HTTP GET /js/products-catalog-filter.js responded 200 in 1.2673 ms
[14:18:44 INF] HTTP POST /Inventory/AddProduct responded 302 in 42.6319 ms
[14:18:44 INF] HTTP GET /Inventory/Products responded 200 in 73.2388 ms
[14:18:45 INF] HTTP GET /css/site.css responded 200 in 0.7683 ms
[14:18:45 INF] HTTP GET /lib/bootstrap/dist/css/bootstrap.min.css responded 200 in 0.8281 ms
[14:18:45 INF] HTTP GET /Biktal.WebMVC.styles.css responded 200 in 4.0694 ms
[14:18:46 INF] HTTP GET /lib/jquery/dist/jquery.min.js responded 200 in 1.0119 ms
[14:18:46 INF] HTTP GET /lib/bootstrap/dist/js/bootstrap.bundle.min.js responded 200 in 1.0654 ms
[14:18:46 INF] HTTP GET /lib/jquery-validation-unobtrusive/dist/jquery.validate.unobtrusive.min.js responded 200 in 0.8428 ms
[14:18:46 INF] HTTP GET /js/site.js responded 200 in 1.1471 ms
[14:18:46 INF] HTTP GET /lib/jquery-validation/dist/jquery.validate.min.js responded 200 in 8.9177 ms
[14:18:46 INF] HTTP GET /js/products-catalog-filter.js responded 200 in 2.3293 ms
[14:39:23 INF] Application is shutting down...
