[14:47:51 WRN] Using an in-memory repository. Keys will not be persisted to storage.
[14:47:51 WRN] Neither user profile nor HKLM registry available. Using an ephemeral key repository. Protected data will be unavailable when application exits.
[14:47:51 WRN] No XML encryptor configured. Key {94fda734-8f13-4e99-a97d-eb3515cfa535} may be persisted to storage in unencrypted form.
[14:47:51 INF] Application started. Press Ctrl+C to shut down.
[14:47:51 INF] Hosting environment: Production
[14:47:51 INF] Content root path: D:\Systems\BiktalSystems\publish
[14:47:52 WRN] The query uses the 'First'/'FirstOrDefault' operator without 'OrderBy' and filter operators. This may lead to unpredictable results.
[14:47:52 ERR] An exception was thrown while deserializing the token.
Microsoft.AspNetCore.Antiforgery.AntiforgeryValidationException: The antiforgery token could not be decrypted.
 ---> System.Security.Cryptography.CryptographicException: The key {671bf647-1574-4d6d-abc4-25e8ea7c15b2} was not found in the key ring. For more information go to https://aka.ms/aspnet/dataprotectionwarning
   at Microsoft.AspNetCore.DataProtection.KeyManagement.KeyRingBasedDataProtector.UnprotectCore(Byte[] protectedData, Boolean allowOperationsOnRevokedKeys, UnprotectStatus& status)
   at Microsoft.AspNetCore.DataProtection.KeyManagement.KeyRingBasedDataProtector.Unprotect(Byte[] protectedData)
   at Microsoft.AspNetCore.Antiforgery.DefaultAntiforgeryTokenSerializer.Deserialize(String serializedToken)
   --- End of inner exception stack trace ---
   at Microsoft.AspNetCore.Antiforgery.DefaultAntiforgeryTokenSerializer.Deserialize(String serializedToken)
   at Microsoft.AspNetCore.Antiforgery.DefaultAntiforgery.GetCookieTokenDoesNotThrow(HttpContext httpContext)
[14:47:52 INF] HTTP GET / responded 200 in 428.2647 ms
[14:47:52 INF] HTTP GET /css/site.css responded 200 in 29.3309 ms
[14:47:52 INF] HTTP GET /Biktal.WebMVC.styles.css responded 200 in 29.1460 ms
[14:47:52 INF] HTTP GET /lib/bootstrap/dist/css/bootstrap.min.css responded 200 in 32.8248 ms
[14:47:52 INF] HTTP GET /js/pos.js responded 200 in 26.1675 ms
[14:47:52 INF] HTTP GET /lib/jquery/dist/jquery.min.js responded 200 in 33.0690 ms
[14:47:52 INF] HTTP GET /lib/bootstrap/dist/js/bootstrap.bundle.min.js responded 200 in 31.8531 ms
[14:47:52 INF] HTTP GET /js/site.js responded 200 in 23.6821 ms
[14:47:53 INF] HTTP GET /favicon.ico responded 200 in 1.3487 ms
[15:08:25 INF] Application is shutting down...
