[18:41:41 WRN] Using an in-memory repository. Keys will not be persisted to storage.
[18:41:41 WRN] Neither user profile nor HKLM registry available. Using an ephemeral key repository. Protected data will be unavailable when application exits.
[18:41:41 WRN] No XML encryptor configured. Key {97eb973e-f99d-4799-a680-93b224d24d35} may be persisted to storage in unencrypted form.
[18:41:41 INF] Application started. Press Ctrl+C to shut down.
[18:41:41 INF] Hosting environment: Production
[18:41:41 INF] Content root path: D:\Systems\BiktalSystems\publish
[18:41:41 INF] HTTP GET /Repairs responded 200 in 382.6253 ms
[18:41:42 INF] HTTP GET /Biktal.WebMVC.styles.css responded 200 in 54.5671 ms
[18:41:42 INF] HTTP GET /css/site.css responded 200 in 57.6094 ms
[18:41:42 INF] HTTP GET /js/site.js responded 200 in 60.2487 ms
[18:41:42 INF] HTTP GET /lib/bootstrap/dist/css/bootstrap.min.css responded 200 in 71.2743 ms
[18:41:42 INF] HTTP GET /lib/bootstrap/dist/js/bootstrap.bundle.min.js responded 200 in 80.7429 ms
[18:41:42 INF] HTTP GET /lib/jquery/dist/jquery.min.js responded 200 in 24.8873 ms
[18:41:50 ERR] An exception was thrown while deserializing the token.
Microsoft.AspNetCore.Antiforgery.AntiforgeryValidationException: The antiforgery token could not be decrypted.
 ---> System.Security.Cryptography.CryptographicException: The key {7871602b-6d81-470e-9fe3-45ae3d3e9c97} was not found in the key ring. For more information go to https://aka.ms/aspnet/dataprotectionwarning
   at Microsoft.AspNetCore.DataProtection.KeyManagement.KeyRingBasedDataProtector.UnprotectCore(Byte[] protectedData, Boolean allowOperationsOnRevokedKeys, UnprotectStatus& status)
   at Microsoft.AspNetCore.DataProtection.KeyManagement.KeyRingBasedDataProtector.Unprotect(Byte[] protectedData)
   at Microsoft.AspNetCore.Antiforgery.DefaultAntiforgeryTokenSerializer.Deserialize(String serializedToken)
   --- End of inner exception stack trace ---
   at Microsoft.AspNetCore.Antiforgery.DefaultAntiforgeryTokenSerializer.Deserialize(String serializedToken)
   at Microsoft.AspNetCore.Antiforgery.DefaultAntiforgery.GetCookieTokenDoesNotThrow(HttpContext httpContext)
[18:41:50 INF] HTTP GET /Repairs/New responded 200 in 138.6134 ms
[18:41:50 INF] HTTP GET /Biktal.WebMVC.styles.css responded 304 in 1.0346 ms
[18:41:50 INF] HTTP GET /lib/bootstrap/dist/css/bootstrap.min.css responded 304 in 27.6606 ms
[18:41:50 INF] HTTP GET /lib/jquery-validation/dist/jquery.validate.min.js responded 200 in 5.1807 ms
[18:41:50 INF] HTTP GET /css/site.css responded 304 in 3.1969 ms
[18:41:50 INF] HTTP GET /lib/jquery-validation-unobtrusive/dist/jquery.validate.unobtrusive.min.js responded 200 in 8.3061 ms
[18:41:50 INF] HTTP GET /js/site.js responded 304 in 19.4171 ms
[18:41:50 INF] HTTP GET /lib/jquery/dist/jquery.min.js responded 304 in 56.9479 ms
[18:41:51 INF] HTTP GET /lib/bootstrap/dist/js/bootstrap.bundle.min.js responded 304 in 216.8502 ms
[18:44:51 INF] HTTP POST /Repairs/CreateTicket responded 200 in 89.5578 ms
[18:44:51 INF] HTTP GET /lib/bootstrap/dist/css/bootstrap.min.css responded 200 in 8.1017 ms
[18:44:51 INF] HTTP GET /css/site.css responded 200 in 1.0008 ms
[18:44:51 INF] HTTP GET /Biktal.WebMVC.styles.css responded 200 in 1.0203 ms
[18:44:51 INF] HTTP GET /lib/jquery/dist/jquery.min.js responded 200 in 1.2292 ms
[18:44:51 INF] HTTP GET /lib/bootstrap/dist/js/bootstrap.bundle.min.js responded 200 in 2.4517 ms
[18:44:51 INF] HTTP GET /js/site.js responded 200 in 2.0361 ms
[18:44:51 INF] HTTP GET /lib/jquery-validation-unobtrusive/dist/jquery.validate.unobtrusive.min.js responded 200 in 16.3150 ms
[18:44:51 INF] HTTP GET /lib/jquery-validation/dist/jquery.validate.min.js responded 200 in 24.1338 ms
[18:44:59 INF] HTTP POST /Repairs/CreateTicket responded 302 in 236.5483 ms
[18:44:59 INF] HTTP GET /Repairs/Ticket/01a0fd4a-4ace-7466-a132-7ee7da1ae7b8 responded 200 in 42.0368 ms
[18:44:59 INF] HTTP GET /lib/bootstrap/dist/css/bootstrap.min.css responded 200 in 1.1425 ms
[18:44:59 INF] HTTP GET /Biktal.WebMVC.styles.css responded 200 in 1.1269 ms
[18:44:59 INF] HTTP GET /css/site.css responded 200 in 2.3500 ms
[18:44:59 INF] HTTP GET /js/site.js responded 200 in 0.6731 ms
[18:44:59 INF] HTTP GET /lib/bootstrap/dist/js/bootstrap.bundle.min.js responded 200 in 1.0602 ms
[18:44:59 INF] HTTP GET /lib/jquery/dist/jquery.min.js responded 200 in 1.3476 ms
[18:45:02 INF] HTTP POST /Repairs/UpdateTicketEstimate responded 302 in 126.2164 ms
[18:45:02 INF] HTTP GET /Repairs/Ticket/01a0fd4a-4ace-7466-a132-7ee7da1ae7b8 responded 200 in 8.3932 ms
[18:45:02 INF] HTTP GET /css/site.css responded 200 in 1.7683 ms
[18:45:02 INF] HTTP GET /lib/bootstrap/dist/css/bootstrap.min.css responded 200 in 2.7219 ms
[18:45:02 INF] HTTP GET /lib/jquery/dist/jquery.min.js responded 304 in 0.2045 ms
[18:45:02 INF] HTTP GET /Biktal.WebMVC.styles.css responded 200 in 0.9437 ms
[18:45:02 INF] HTTP GET /lib/bootstrap/dist/js/bootstrap.bundle.min.js responded 304 in 0.2303 ms
[18:45:02 INF] HTTP GET /js/site.js responded 304 in 0.8385 ms
[18:45:18 INF] HTTP POST /Repairs/UpdateTicketStatus responded 302 in 24.2753 ms
[18:45:18 INF] HTTP GET /Repairs/Ticket/01a0fd4a-4ace-7466-a132-7ee7da1ae7b8 responded 200 in 4.5798 ms
[18:45:18 INF] HTTP GET /lib/bootstrap/dist/css/bootstrap.min.css responded 200 in 10.1067 ms
[18:45:18 INF] HTTP GET /css/site.css responded 200 in 0.8293 ms
[18:45:18 INF] HTTP GET /Biktal.WebMVC.styles.css responded 200 in 7.3043 ms
[18:45:18 INF] HTTP GET /lib/jquery/dist/jquery.min.js responded 304 in 0.2167 ms
[18:45:18 INF] HTTP GET /lib/bootstrap/dist/js/bootstrap.bundle.min.js responded 304 in 1.0916 ms
[18:45:18 INF] HTTP GET /js/site.js responded 304 in 0.2024 ms
[18:45:45 INF] HTTP GET /Repairs responded 200 in 9.0746 ms
[18:45:45 INF] HTTP GET /lib/bootstrap/dist/css/bootstrap.min.css responded 200 in 6.4001 ms
[18:45:45 INF] HTTP GET /css/site.css responded 200 in 1.1729 ms
[18:45:45 INF] HTTP GET /lib/jquery/dist/jquery.min.js responded 304 in 1.0966 ms
[18:45:45 INF] HTTP GET /js/site.js responded 304 in 0.1568 ms
[18:45:45 INF] HTTP GET /Biktal.WebMVC.styles.css responded 200 in 0.8980 ms
[18:45:45 INF] HTTP GET /lib/bootstrap/dist/js/bootstrap.bundle.min.js responded 304 in 0.1781 ms
[18:45:49 INF] HTTP GET /Repairs/New responded 200 in 3.9325 ms
[18:45:50 INF] HTTP GET /lib/bootstrap/dist/css/bootstrap.min.css responded 200 in 7.1868 ms
[18:45:50 INF] HTTP GET /css/site.css responded 200 in 1.1118 ms
[18:45:50 INF] HTTP GET /lib/jquery/dist/jquery.min.js responded 304 in 0.4717 ms
[18:45:50 INF] HTTP GET /Biktal.WebMVC.styles.css responded 200 in 1.1042 ms
[18:45:50 INF] HTTP GET /lib/bootstrap/dist/js/bootstrap.bundle.min.js responded 304 in 0.3333 ms
[18:45:50 INF] HTTP GET /js/site.js responded 304 in 0.1705 ms
[18:45:50 INF] HTTP GET /lib/jquery-validation/dist/jquery.validate.min.js responded 200 in 1.8255 ms
[18:45:50 INF] HTTP GET /lib/jquery-validation-unobtrusive/dist/jquery.validate.unobtrusive.min.js responded 200 in 1.6260 ms
[19:06:35 INF] Application is shutting down...
