[16:01:55 WRN] Using an in-memory repository. Keys will not be persisted to storage.
[16:01:55 WRN] Neither user profile nor HKLM registry available. Using an ephemeral key repository. Protected data will be unavailable when application exits.
[16:01:55 WRN] No XML encryptor configured. Key {29ffa946-6e8b-45bc-a70a-eff48c055dd7} may be persisted to storage in unencrypted form.
[16:01:55 INF] Application started. Press Ctrl+C to shut down.
[16:01:55 INF] Hosting environment: Production
[16:01:55 INF] Content root path: D:\Systems\BiktalSystems\publish
[16:01:56 ERR] An exception was thrown while deserializing the token.
Microsoft.AspNetCore.Antiforgery.AntiforgeryValidationException: The antiforgery token could not be decrypted.
 ---> System.Security.Cryptography.CryptographicException: The key {c4d4cc89-9be4-4a87-bb29-75a40b410750} was not found in the key ring. For more information go to https://aka.ms/aspnet/dataprotectionwarning
   at Microsoft.AspNetCore.DataProtection.KeyManagement.KeyRingBasedDataProtector.UnprotectCore(Byte[] protectedData, Boolean allowOperationsOnRevokedKeys, UnprotectStatus& status)
   at Microsoft.AspNetCore.DataProtection.KeyManagement.KeyRingBasedDataProtector.Unprotect(Byte[] protectedData)
   at Microsoft.AspNetCore.Antiforgery.DefaultAntiforgeryTokenSerializer.Deserialize(String serializedToken)
   --- End of inner exception stack trace ---
   at Microsoft.AspNetCore.Antiforgery.DefaultAntiforgeryTokenSerializer.Deserialize(String serializedToken)
   at Microsoft.AspNetCore.Antiforgery.DefaultAntiforgery.GetCookieTokenDoesNotThrow(HttpContext httpContext)
[16:01:56 INF] HTTP GET /lib/bootstrap/dist/css/bootstrap.min.css responded 200 in 54.5273 ms
[16:01:56 INF] HTTP GET /Biktal.WebMVC.styles.css responded 200 in 36.4308 ms
[16:01:56 INF] HTTP GET /css/site.css responded 200 in 54.5279 ms
[16:01:56 INF] HTTP GET /Inventory/Products responded 200 in 805.5943 ms
[16:01:57 INF] HTTP GET /lib/jquery/dist/jquery.min.js responded 200 in 6.6138 ms
[16:01:57 INF] HTTP GET /js/site.js responded 200 in 3.1197 ms
[16:01:57 INF] HTTP GET /lib/jquery-validation/dist/jquery.validate.min.js responded 200 in 3.2083 ms
[16:01:57 INF] HTTP GET /lib/bootstrap/dist/js/bootstrap.bundle.min.js responded 200 in 4.9770 ms
[16:01:57 INF] HTTP GET /lib/jquery-validation-unobtrusive/dist/jquery.validate.unobtrusive.min.js responded 200 in 7.4398 ms
[16:01:57 INF] HTTP GET /js/products-catalog-filter.js responded 200 in 14.8338 ms
[16:03:25 INF] HTTP POST /Inventory/AddProduct responded 302 in 515.3595 ms
[16:03:26 INF] HTTP GET /Inventory/Products responded 200 in 355.4494 ms
[16:03:26 INF] HTTP GET /lib/bootstrap/dist/css/bootstrap.min.css responded 200 in 1.1777 ms
[16:03:26 INF] HTTP GET /Biktal.WebMVC.styles.css responded 200 in 1.2788 ms
[16:03:26 INF] HTTP GET /css/site.css responded 200 in 3.7988 ms
[16:03:27 INF] HTTP GET /js/products-catalog-filter.js responded 200 in 1.0462 ms
[16:03:27 INF] HTTP GET /lib/jquery/dist/jquery.min.js responded 200 in 30.4394 ms
[16:03:27 INF] HTTP GET /js/site.js responded 200 in 0.6898 ms
[16:03:27 INF] HTTP GET /lib/jquery-validation/dist/jquery.validate.min.js responded 200 in 30.5779 ms
[16:03:27 INF] HTTP GET /lib/jquery-validation-unobtrusive/dist/jquery.validate.unobtrusive.min.js responded 200 in 24.3044 ms
[16:03:27 INF] HTTP GET /lib/bootstrap/dist/js/bootstrap.bundle.min.js responded 200 in 113.3119 ms
[16:03:28 WRN] The query uses the 'First'/'FirstOrDefault' operator without 'OrderBy' and filter operators. This may lead to unpredictable results.
[16:03:28 INF] HTTP GET / responded 200 in 143.4504 ms
[16:03:28 INF] HTTP GET /lib/bootstrap/dist/css/bootstrap.min.css responded 304 in 16.6087 ms
[16:03:28 INF] HTTP GET /css/site.css responded 304 in 2.7082 ms
[16:03:28 INF] HTTP GET /lib/jquery/dist/jquery.min.js responded 304 in 0.4303 ms
[16:03:28 INF] HTTP GET /lib/bootstrap/dist/js/bootstrap.bundle.min.js responded 200 in 1.6790 ms
[16:03:28 INF] HTTP GET /Biktal.WebMVC.styles.css responded 304 in 0.6331 ms
[16:03:28 INF] HTTP GET /js/site.js responded 200 in 0.8259 ms
[16:03:28 INF] HTTP GET /js/pos.js responded 200 in 1.1977 ms
[16:03:36 INF] HTTP POST /Pos/CompleteSale responded 200 in 561.1071 ms
[16:23:46 INF] Application is shutting down...
