[09:53:24 WRN] Using an in-memory repository. Keys will not be persisted to storage.
[09:53:24 WRN] Neither user profile nor HKLM registry available. Using an ephemeral key repository. Protected data will be unavailable when application exits.
[09:53:24 WRN] No XML encryptor configured. Key {f1e2c71b-3b1d-4e62-be1e-a2c8c9b7ba17} may be persisted to storage in unencrypted form.
[09:53:24 INF] Application started. Press Ctrl+C to shut down.
[09:53:24 INF] Hosting environment: Production
[09:53:24 INF] Content root path: D:\Systems\BiktalSystems\publish
[09:53:24 ERR] An error occurred using the connection to database 'biktal' on server 'tcp://localhost:5432'.
[09:53:24 WRN] The query uses the 'First'/'FirstOrDefault' operator without 'OrderBy' and filter operators. This may lead to unpredictable results.
[09:53:24 ERR] HTTP GET / responded 500 in 164.7601 ms
System.Threading.Tasks.TaskCanceledException: A task was canceled.
   at Npgsql.TaskTimeoutAndCancellation.ExecuteAsync(Func`2 getTaskFunc, NpgsqlTimeout timeout, CancellationToken cancellationToken)
   at Npgsql.TaskTimeoutAndCancellation.ExecuteAsync[TResult](Func`2 getTaskFunc, NpgsqlTimeout timeout, CancellationToken cancellationToken)
   at Npgsql.Internal.NpgsqlConnector.ConnectAsync(NpgsqlTimeout timeout, CancellationToken cancellationToken)
   at Npgsql.Internal.NpgsqlConnector.RawOpen(SslMode sslMode, NpgsqlTimeout timeout, Boolean async, CancellationToken cancellationToken)
   at Npgsql.Internal.NpgsqlConnector.<Open>g__OpenCore|214_1(NpgsqlConnector conn, SslMode sslMode, NpgsqlTimeout timeout, Boolean async, CancellationToken cancellationToken)
   at Npgsql.Internal.NpgsqlConnector.Open(NpgsqlTimeout timeout, Boolean async, CancellationToken cancellationToken)
   at Npgsql.PoolingDataSource.OpenNewConnector(NpgsqlConnection conn, NpgsqlTimeout timeout, Boolean async, CancellationToken cancellationToken)
   at Npgsql.PoolingDataSource.<Get>g__RentAsync|33_0(NpgsqlConnection conn, NpgsqlTimeout timeout, Boolean async, CancellationToken cancellationToken)
   at Npgsql.NpgsqlConnection.<Open>g__OpenAsync|42_0(Boolean async, CancellationToken cancellationToken)
   at Microsoft.EntityFrameworkCore.Storage.RelationalConnection.OpenInternalAsync(Boolean errorsExpected, CancellationToken cancellationToken)
   at Microsoft.EntityFrameworkCore.Storage.RelationalConnection.OpenInternalAsync(Boolean errorsExpected, CancellationToken cancellationToken)
   at Microsoft.EntityFrameworkCore.Storage.RelationalConnection.OpenAsync(CancellationToken cancellationToken, Boolean errorsExpected)
   at Microsoft.EntityFrameworkCore.Storage.RelationalCommand.ExecuteReaderAsync(RelationalCommandParameterObject parameterObject, CancellationToken cancellationToken)
   at Microsoft.EntityFrameworkCore.Query.Internal.SingleQueryingEnumerable`1.AsyncEnumerator.InitializeReaderAsync(AsyncEnumerator enumerator, CancellationToken cancellationToken)
   at Npgsql.EntityFrameworkCore.PostgreSQL.Storage.Internal.NpgsqlExecutionStrategy.ExecuteAsync[TState,TResult](TState state, Func`4 operation, Func`4 verifySucceeded, CancellationToken cancellationToken)
   at Microsoft.EntityFrameworkCore.Query.Internal.SingleQueryingEnumerable`1.AsyncEnumerator.MoveNextAsync()
   at Microsoft.EntityFrameworkCore.EntityFrameworkQueryableExtensions.ToListAsync[TSource](IQueryable`1 source, CancellationToken cancellationToken)
   at Microsoft.EntityFrameworkCore.EntityFrameworkQueryableExtensions.ToListAsync[TSource](IQueryable`1 source, CancellationToken cancellationToken)
   at Biktal.WebMVC.Controllers.PosController.Index(CancellationToken cancellationToken) in D:\Systems\BiktalSystems\Controllers\PosController.cs:line 103
   at Microsoft.AspNetCore.Mvc.Infrastructure.ActionMethodExecutor.TaskOfIActionResultExecutor.Execute(ActionContext actionContext, IActionResultTypeMapper mapper, ObjectMethodExecutor executor, Object controller, Object[] arguments)
   at Microsoft.AspNetCore.Mvc.Infrastructure.ControllerActionInvoker.<InvokeActionMethodAsync>g__Awaited|12_0(ControllerActionInvoker invoker, ValueTask`1 actionResultValueTask)
   at Microsoft.AspNetCore.Mvc.Infrastructure.ControllerActionInvoker.<InvokeNextActionFilterAsync>g__Awaited|10_0(ControllerActionInvoker invoker, Task lastTask, State next, Scope scope, Object state, Boolean isCompleted)
   at Microsoft.AspNetCore.Mvc.Infrastructure.ControllerActionInvoker.Rethrow(ActionExecutedContextSealed context)
   at Microsoft.AspNetCore.Mvc.Infrastructure.ControllerActionInvoker.Next(State& next, Scope& scope, Object& state, Boolean& isCompleted)
   at Microsoft.AspNetCore.Mvc.Infrastructure.ControllerActionInvoker.InvokeInnerFilterAsync()
--- End of stack trace from previous location ---
   at Microsoft.AspNetCore.Mvc.Infrastructure.ResourceInvoker.<InvokeNextResourceFilter>g__Awaited|25_0(ResourceInvoker invoker, Task lastTask, State next, Scope scope, Object state, Boolean isCompleted)
   at Microsoft.AspNetCore.Mvc.Infrastructure.ResourceInvoker.Rethrow(ResourceExecutedContextSealed context)
   at Microsoft.AspNetCore.Mvc.Infrastructure.ResourceInvoker.Next(State& next, Scope& scope, Object& state, Boolean& isCompleted)
   at Microsoft.AspNetCore.Mvc.Infrastructure.ResourceInvoker.InvokeFilterPipelineAsync()
--- End of stack trace from previous location ---
   at Microsoft.AspNetCore.Mvc.Infrastructure.ResourceInvoker.<InvokeAsync>g__Awaited|17_0(ResourceInvoker invoker, Task task, IDisposable scope)
   at Microsoft.AspNetCore.Mvc.Infrastructure.ResourceInvoker.<InvokeAsync>g__Awaited|17_0(ResourceInvoker invoker, Task task, IDisposable scope)
   at Microsoft.AspNetCore.Authorization.AuthorizationMiddleware.Invoke(HttpContext context)
   at Program.<>c.<<<Main>$>b__0_2>d.MoveNext() in D:\Systems\BiktalSystems\Program.cs:line 71
--- End of stack trace from previous location ---
   at Microsoft.AspNetCore.Authentication.AuthenticationMiddleware.Invoke(HttpContext context)
   at Serilog.AspNetCore.RequestLoggingMiddleware.Invoke(HttpContext httpContext)
[09:53:24 ERR] An exception was thrown while deserializing the token.
Microsoft.AspNetCore.Antiforgery.AntiforgeryValidationException: The antiforgery token could not be decrypted.
 ---> System.Security.Cryptography.CryptographicException: The key {bdc9c2df-072e-440f-8816-34c82c7cb769} was not found in the key ring. For more information go to https://aka.ms/aspnet/dataprotectionwarning
   at Microsoft.AspNetCore.DataProtection.KeyManagement.KeyRingBasedDataProtector.UnprotectCore(Byte[] protectedData, Boolean allowOperationsOnRevokedKeys, UnprotectStatus& status)
   at Microsoft.AspNetCore.DataProtection.KeyManagement.KeyRingBasedDataProtector.Unprotect(Byte[] protectedData)
   at Microsoft.AspNetCore.Antiforgery.DefaultAntiforgeryTokenSerializer.Deserialize(String serializedToken)
   --- End of inner exception stack trace ---
   at Microsoft.AspNetCore.Antiforgery.DefaultAntiforgeryTokenSerializer.Deserialize(String serializedToken)
   at Microsoft.AspNetCore.Antiforgery.DefaultAntiforgery.GetCookieTokenDoesNotThrow(HttpContext httpContext)
[09:53:24 INF] HTTP GET / responded 200 in 414.0423 ms
[09:53:24 INF] HTTP GET /lib/bootstrap/dist/css/bootstrap.min.css responded 200 in 25.5524 ms
[09:53:24 INF] HTTP GET /Biktal.WebMVC.styles.css responded 200 in 25.6967 ms
[09:53:24 INF] HTTP GET /css/site.css responded 200 in 25.5492 ms
[09:53:25 INF] HTTP GET /js/site.js responded 200 in 22.3390 ms
[09:53:25 INF] HTTP GET /lib/bootstrap/dist/js/bootstrap.bundle.min.js responded 200 in 23.2198 ms
[09:53:25 INF] HTTP GET /lib/jquery/dist/jquery.min.js responded 200 in 30.0057 ms
[09:53:25 INF] HTTP GET /js/pos.js responded 200 in 60.2642 ms
[09:56:09 INF] HTTP GET /Finance responded 200 in 204.9384 ms
[09:56:09 INF] HTTP GET /lib/bootstrap/dist/css/bootstrap.min.css responded 200 in 1.7685 ms
[09:56:09 INF] HTTP GET /Biktal.WebMVC.styles.css responded 200 in 0.7855 ms
[09:56:09 INF] HTTP GET /css/site.css responded 200 in 5.8700 ms
[09:56:10 INF] HTTP GET /lib/jquery/dist/jquery.min.js responded 200 in 26.0723 ms
[09:56:10 INF] HTTP GET /js/site.js responded 200 in 0.9436 ms
[09:56:10 INF] HTTP GET /lib/bootstrap/dist/js/bootstrap.bundle.min.js responded 200 in 208.9043 ms
[09:56:12 INF] HTTP GET /Finance/Cashbox responded 200 in 405.4633 ms
[09:56:12 INF] HTTP GET /lib/bootstrap/dist/css/bootstrap.min.css responded 304 in 3.7823 ms
[09:56:12 INF] HTTP GET /css/site.css responded 304 in 0.3752 ms
[09:56:12 INF] HTTP GET /Biktal.WebMVC.styles.css responded 304 in 0.3925 ms
[09:56:12 INF] HTTP GET /lib/jquery/dist/jquery.min.js responded 304 in 0.2151 ms
[09:56:12 INF] HTTP GET /lib/bootstrap/dist/js/bootstrap.bundle.min.js responded 304 in 0.3264 ms
[09:56:12 INF] HTTP GET /js/site.js responded 304 in 0.5490 ms
[09:56:12 INF] HTTP GET /lib/jquery-validation-unobtrusive/dist/jquery.validate.unobtrusive.min.js responded 200 in 112.2682 ms
[09:56:12 INF] HTTP GET /lib/jquery-validation/dist/jquery.validate.min.js responded 200 in 108.2928 ms
[09:58:35 INF] HTTP POST /Finance/CloseCashboxSession responded 302 in 331.2374 ms
[09:58:35 INF] HTTP GET /Finance/Cashbox responded 200 in 28.5352 ms
[09:58:35 INF] HTTP GET /lib/bootstrap/dist/css/bootstrap.min.css responded 200 in 1.1310 ms
[09:58:35 INF] HTTP GET /css/site.css responded 200 in 0.9329 ms
[09:58:35 INF] HTTP GET /lib/jquery/dist/jquery.min.js responded 200 in 2.4815 ms
[09:58:35 INF] HTTP GET /lib/bootstrap/dist/js/bootstrap.bundle.min.js responded 200 in 3.1558 ms
[09:58:35 INF] HTTP GET /js/site.js responded 200 in 2.1404 ms
[09:58:35 INF] HTTP GET /Biktal.WebMVC.styles.css responded 200 in 0.6642 ms
[09:58:35 INF] HTTP GET /lib/jquery-validation-unobtrusive/dist/jquery.validate.unobtrusive.min.js responded 200 in 10.6793 ms
[09:58:35 INF] HTTP GET /lib/jquery-validation/dist/jquery.validate.min.js responded 200 in 22.1686 ms
[09:59:20 INF] HTTP GET /Insights responded 302 in 3.4382 ms
[09:59:20 INF] HTTP GET /Insights/Daily responded 200 in 151.8478 ms
[09:59:20 INF] HTTP GET /lib/bootstrap/dist/css/bootstrap.min.css responded 200 in 2.9148 ms
[09:59:20 INF] HTTP GET /css/site.css responded 200 in 5.5668 ms
[09:59:20 INF] HTTP GET /Biktal.WebMVC.styles.css responded 200 in 1.4895 ms
[09:59:20 INF] HTTP GET /lib/jquery/dist/jquery.min.js responded 304 in 0.4108 ms
[09:59:20 INF] HTTP GET /js/site.js responded 304 in 0.1596 ms
[09:59:20 INF] HTTP GET /lib/bootstrap/dist/js/bootstrap.bundle.min.js responded 304 in 0.4501 ms
[09:59:24 INF] HTTP GET /Insights/Monthly responded 200 in 49.0296 ms
[09:59:24 INF] HTTP GET /lib/bootstrap/dist/css/bootstrap.min.css responded 304 in 0.4841 ms
[09:59:24 INF] HTTP GET /css/site.css responded 304 in 5.0620 ms
[09:59:24 INF] HTTP GET /Biktal.WebMVC.styles.css responded 304 in 0.1732 ms
[09:59:24 INF] HTTP GET /lib/bootstrap/dist/js/bootstrap.bundle.min.js responded 304 in 0.1551 ms
[09:59:24 INF] HTTP GET /lib/jquery/dist/jquery.min.js responded 304 in 0.1710 ms
[09:59:24 INF] HTTP GET /js/site.js responded 304 in 0.1648 ms
[10:01:15 INF] HTTP GET /Finance responded 200 in 14.0793 ms
[10:01:16 INF] HTTP GET /Biktal.WebMVC.styles.css responded 200 in 0.5114 ms
[10:01:16 INF] HTTP GET /css/site.css responded 200 in 1.2151 ms
[10:01:16 INF] HTTP GET /lib/bootstrap/dist/css/bootstrap.min.css responded 200 in 2.3316 ms
[10:01:16 INF] HTTP GET /lib/jquery/dist/jquery.min.js responded 200 in 4.7038 ms
[10:01:16 INF] HTTP GET /lib/bootstrap/dist/js/bootstrap.bundle.min.js responded 200 in 4.8149 ms
[10:01:16 INF] HTTP GET /js/site.js responded 200 in 0.8471 ms
[10:01:17 INF] HTTP GET /Finance/Cashbox responded 200 in 16.4649 ms
[10:01:18 INF] HTTP GET /lib/bootstrap/dist/css/bootstrap.min.css responded 200 in 3.0478 ms
[10:01:18 INF] HTTP GET /css/site.css responded 200 in 0.9181 ms
[10:01:18 INF] HTTP GET /Biktal.WebMVC.styles.css responded 200 in 0.8912 ms
[10:01:18 INF] HTTP GET /lib/bootstrap/dist/js/bootstrap.bundle.min.js responded 304 in 0.1959 ms
[10:01:18 INF] HTTP GET /lib/jquery/dist/jquery.min.js responded 304 in 0.1963 ms
[10:01:18 INF] HTTP GET /js/site.js responded 304 in 0.4911 ms
[10:01:18 INF] HTTP GET /lib/jquery-validation/dist/jquery.validate.min.js responded 200 in 0.7772 ms
[10:01:18 INF] HTTP GET /lib/jquery-validation-unobtrusive/dist/jquery.validate.unobtrusive.min.js responded 200 in 1.2508 ms
[10:01:29 INF] HTTP POST /Finance/OpenCashboxSession responded 302 in 76.8409 ms
[10:01:29 INF] HTTP GET /Finance/Cashbox responded 200 in 16.0654 ms
[10:01:29 INF] HTTP GET /lib/bootstrap/dist/css/bootstrap.min.css responded 304 in 1.5720 ms
[10:01:29 INF] HTTP GET /css/site.css responded 304 in 0.9175 ms
[10:01:29 INF] HTTP GET /Biktal.WebMVC.styles.css responded 304 in 0.5560 ms
[10:01:29 INF] HTTP GET /lib/jquery/dist/jquery.min.js responded 304 in 0.2852 ms
[10:01:29 INF] HTTP GET /lib/bootstrap/dist/js/bootstrap.bundle.min.js responded 304 in 0.6229 ms
[10:01:29 INF] HTTP GET /js/site.js responded 304 in 0.3208 ms
[10:01:29 INF] HTTP GET /lib/jquery-validation/dist/jquery.validate.min.js responded 304 in 0.2158 ms
[10:01:29 INF] HTTP GET /lib/jquery-validation-unobtrusive/dist/jquery.validate.unobtrusive.min.js responded 304 in 0.1738 ms
[10:01:31 INF] HTTP GET / responded 200 in 31.0629 ms
[10:01:32 INF] HTTP GET /lib/bootstrap/dist/css/bootstrap.min.css responded 200 in 5.2631 ms
[10:01:32 INF] HTTP GET /css/site.css responded 304 in 0.1632 ms
[10:01:32 INF] HTTP GET /Biktal.WebMVC.styles.css responded 304 in 0.1695 ms
[10:01:32 INF] HTTP GET /lib/jquery/dist/jquery.min.js responded 304 in 0.1635 ms
[10:01:32 INF] HTTP GET /lib/bootstrap/dist/js/bootstrap.bundle.min.js responded 304 in 0.2061 ms
[10:01:32 INF] HTTP GET /js/site.js responded 304 in 0.1410 ms
[10:01:32 INF] HTTP GET /js/pos.js responded 200 in 0.6603 ms
[10:01:49 INF] HTTP POST /Pos/CompleteSale responded 200 in 546.0529 ms
[10:01:53 INF] HTTP GET /Inventory/Products responded 200 in 220.5227 ms
[10:01:53 INF] HTTP GET /lib/bootstrap/dist/css/bootstrap.min.css responded 304 in 0.2967 ms
[10:01:53 INF] HTTP GET /css/site.css responded 304 in 0.1712 ms
[10:01:53 INF] HTTP GET /Biktal.WebMVC.styles.css responded 304 in 1.6730 ms
[10:01:54 INF] HTTP GET /lib/jquery/dist/jquery.min.js responded 304 in 0.1016 ms
[10:01:54 INF] HTTP GET /lib/bootstrap/dist/js/bootstrap.bundle.min.js responded 304 in 0.1417 ms
[10:01:54 INF] HTTP GET /js/site.js responded 304 in 0.1524 ms
[10:01:54 INF] HTTP GET /lib/jquery-validation-unobtrusive/dist/jquery.validate.unobtrusive.min.js responded 304 in 0.1354 ms
[10:01:54 INF] HTTP GET /lib/jquery-validation/dist/jquery.validate.min.js responded 304 in 0.2019 ms
[10:01:54 INF] HTTP GET /js/products-catalog-filter.js responded 200 in 3.6029 ms
[10:22:36 INF] Application is shutting down...
