[12:37:38 WRN] Using an in-memory repository. Keys will not be persisted to storage.
[12:37:38 WRN] Neither user profile nor HKLM registry available. Using an ephemeral key repository. Protected data will be unavailable when application exits.
[12:37:38 WRN] No XML encryptor configured. Key {78bf0c6c-a386-4511-aee7-f855c78b29b9} may be persisted to storage in unencrypted form.
[12:37:38 INF] Application started. Press Ctrl+C to shut down.
[12:37:38 INF] Hosting environment: Production
[12:37:38 INF] Content root path: D:\Systems\BiktalSystems\publish
[12:37:38 ERR] HTTP GET / responded 500 in 164.1583 ms
System.OperationCanceledException: The operation was canceled.
   at System.Threading.CancellationToken.ThrowOperationCanceledException()
   at System.Threading.CancellationToken.ThrowIfCancellationRequested()
   at Npgsql.NpgsqlCommand.ExecuteReader(Boolean async, CommandBehavior behavior, CancellationToken cancellationToken)
   at Npgsql.NpgsqlCommand.ExecuteReader(Boolean async, CommandBehavior behavior, CancellationToken cancellationToken)
   at Npgsql.NpgsqlCommand.ExecuteDbDataReaderAsync(CommandBehavior behavior, CancellationToken cancellationToken)
   at Microsoft.EntityFrameworkCore.Storage.RelationalCommand.ExecuteReaderAsync(RelationalCommandParameterObject parameterObject, CancellationToken cancellationToken)
   at Microsoft.EntityFrameworkCore.Storage.RelationalCommand.ExecuteReaderAsync(RelationalCommandParameterObject parameterObject, CancellationToken cancellationToken)
   at Microsoft.EntityFrameworkCore.Query.Internal.SingleQueryingEnumerable`1.AsyncEnumerator.InitializeReaderAsync(AsyncEnumerator enumerator, CancellationToken cancellationToken)
   at Npgsql.EntityFrameworkCore.PostgreSQL.Storage.Internal.NpgsqlExecutionStrategy.ExecuteAsync[TState,TResult](TState state, Func`4 operation, Func`4 verifySucceeded, CancellationToken cancellationToken)
   at Microsoft.EntityFrameworkCore.Query.Internal.SingleQueryingEnumerable`1.AsyncEnumerator.MoveNextAsync()
   at Microsoft.EntityFrameworkCore.EntityFrameworkQueryableExtensions.ToListAsync[TSource](IQueryable`1 source, CancellationToken cancellationToken)
   at Microsoft.EntityFrameworkCore.EntityFrameworkQueryableExtensions.ToListAsync[TSource](IQueryable`1 source, CancellationToken cancellationToken)
   at Biktal.WebMVC.Controllers.PosController.Index(CancellationToken cancellationToken) in D:\Systems\BiktalSystems\Controllers\PosController.cs:line 103
   at Microsoft.AspNetCore.Mvc.Infrastructure.ActionMethodExecutor.TaskOfIActionResultExecutor.Execute(ActionContext actionContext, IActionResultTypeMapper mapper, ObjectMethodExecutor executor, Object controller, Object[] arguments)
   at Microsoft.AspNetCore.Mvc.Infrastructure.ControllerActionInvoker.<InvokeActionMethodAsync>g__Awaited|12_0(ControllerActionInvoker invoker, ValueTask`1 actionResultValueTask)
   at Microsoft.AspNetCore.Mvc.Infrastructure.ControllerActionInvoker.<InvokeNextActionFilterAsync>g__Awaited|10_0(ControllerActionInvoker invoker, Task lastTask, State next, Scope scope, Object state, Boolean isCompleted)
   at Microsoft.AspNetCore.Mvc.Infrastructure.ControllerActionInvoker.Rethrow(ActionExecutedContextSealed context)
   at Microsoft.AspNetCore.Mvc.Infrastructure.ControllerActionInvoker.Next(State& next, Scope& scope, Object& state, Boolean& isCompleted)
   at Microsoft.AspNetCore.Mvc.Infrastructure.ControllerActionInvoker.InvokeInnerFilterAsync()
--- End of stack trace from previous location ---
   at Microsoft.AspNetCore.Mvc.Infrastructure.ResourceInvoker.<InvokeNextResourceFilter>g__Awaited|25_0(ResourceInvoker invoker, Task lastTask, State next, Scope scope, Object state, Boolean isCompleted)
   at Microsoft.AspNetCore.Mvc.Infrastructure.ResourceInvoker.Rethrow(ResourceExecutedContextSealed context)
   at Microsoft.AspNetCore.Mvc.Infrastructure.ResourceInvoker.Next(State& next, Scope& scope, Object& state, Boolean& isCompleted)
   at Microsoft.AspNetCore.Mvc.Infrastructure.ResourceInvoker.InvokeFilterPipelineAsync()
--- End of stack trace from previous location ---
   at Microsoft.AspNetCore.Mvc.Infrastructure.ResourceInvoker.<InvokeAsync>g__Awaited|17_0(ResourceInvoker invoker, Task task, IDisposable scope)
   at Microsoft.AspNetCore.Mvc.Infrastructure.ResourceInvoker.<InvokeAsync>g__Awaited|17_0(ResourceInvoker invoker, Task task, IDisposable scope)
   at Microsoft.AspNetCore.Authorization.AuthorizationMiddleware.Invoke(HttpContext context)
   at Program.<>c.<<<Main>$>b__0_2>d.MoveNext() in D:\Systems\BiktalSystems\Program.cs:line 71
--- End of stack trace from previous location ---
   at Microsoft.AspNetCore.Authentication.AuthenticationMiddleware.Invoke(HttpContext context)
   at Microsoft.AspNetCore.Routing.EndpointRoutingMiddleware.<Invoke>g__AwaitMatcher|10_0(EndpointRoutingMiddleware middleware, HttpContext httpContext, Task`1 matcherTask)
   at Serilog.AspNetCore.RequestLoggingMiddleware.Invoke(HttpContext httpContext)
[12:37:38 ERR] An exception was thrown while deserializing the token.
Microsoft.AspNetCore.Antiforgery.AntiforgeryValidationException: The antiforgery token could not be decrypted.
 ---> System.Security.Cryptography.CryptographicException: The key {f0aa36a3-2934-42ba-8e2d-41c4673362cf} was not found in the key ring. For more information go to https://aka.ms/aspnet/dataprotectionwarning
   at Microsoft.AspNetCore.DataProtection.KeyManagement.KeyRingBasedDataProtector.UnprotectCore(Byte[] protectedData, Boolean allowOperationsOnRevokedKeys, UnprotectStatus& status)
   at Microsoft.AspNetCore.DataProtection.KeyManagement.KeyRingBasedDataProtector.Unprotect(Byte[] protectedData)
   at Microsoft.AspNetCore.Antiforgery.DefaultAntiforgeryTokenSerializer.Deserialize(String serializedToken)
   --- End of inner exception stack trace ---
   at Microsoft.AspNetCore.Antiforgery.DefaultAntiforgeryTokenSerializer.Deserialize(String serializedToken)
   at Microsoft.AspNetCore.Antiforgery.DefaultAntiforgery.GetCookieTokenDoesNotThrow(HttpContext httpContext)
[12:37:39 INF] HTTP GET /Inventory/Products responded 200 in 743.5730 ms
[12:37:39 INF] HTTP GET /lib/bootstrap/dist/css/bootstrap.min.css responded 200 in 57.7298 ms
[12:37:39 INF] HTTP GET /css/site.css responded 200 in 41.4080 ms
[12:37:39 INF] HTTP GET /Biktal.WebMVC.styles.css responded 200 in 40.2586 ms
[12:37:40 INF] HTTP GET /lib/jquery/dist/jquery.min.js responded 200 in 4.2659 ms
[12:37:40 INF] HTTP GET /js/site.js responded 200 in 5.2785 ms
[12:37:40 INF] HTTP GET /lib/jquery-validation-unobtrusive/dist/jquery.validate.unobtrusive.min.js responded 200 in 2.3134 ms
[12:37:40 INF] HTTP GET /lib/bootstrap/dist/js/bootstrap.bundle.min.js responded 200 in 6.2439 ms
[12:37:40 INF] HTTP GET /lib/jquery-validation/dist/jquery.validate.min.js responded 200 in 4.0041 ms
[12:37:40 INF] HTTP GET /js/products-catalog-filter.js responded 200 in 16.9650 ms
[12:37:46 WRN] The query uses the 'First'/'FirstOrDefault' operator without 'OrderBy' and filter operators. This may lead to unpredictable results.
[12:37:46 INF] HTTP GET / responded 200 in 200.7432 ms
[12:37:46 INF] HTTP GET /lib/bootstrap/dist/css/bootstrap.min.css responded 200 in 2.3219 ms
[12:37:46 INF] HTTP GET /css/site.css responded 200 in 3.7513 ms
[12:37:46 INF] HTTP GET /Biktal.WebMVC.styles.css responded 200 in 0.6780 ms
[12:37:46 INF] HTTP GET /js/pos.js responded 200 in 0.9840 ms
[12:37:46 INF] HTTP GET /js/site.js responded 304 in 2.7998 ms
[12:37:46 INF] HTTP GET /lib/jquery/dist/jquery.min.js responded 304 in 37.2637 ms
[12:37:46 INF] HTTP GET /lib/bootstrap/dist/js/bootstrap.bundle.min.js responded 304 in 169.3954 ms
[12:37:49 INF] HTTP GET /css/site.css responded 304 in 0.4626 ms
[12:37:49 INF] HTTP GET /Biktal.WebMVC.styles.css responded 304 in 0.3358 ms
[12:37:49 INF] HTTP GET /Inventory/Products responded 200 in 245.8562 ms
[12:37:49 INF] HTTP GET /lib/bootstrap/dist/css/bootstrap.min.css responded 304 in 0.8478 ms
[12:37:49 INF] HTTP GET /lib/jquery/dist/jquery.min.js responded 304 in 0.2817 ms
[12:37:49 INF] HTTP GET /js/site.js responded 304 in 0.4063 ms
[12:37:49 INF] HTTP GET /lib/bootstrap/dist/js/bootstrap.bundle.min.js responded 304 in 0.4381 ms
[12:37:49 INF] HTTP GET /js/products-catalog-filter.js responded 304 in 0.2353 ms
[12:37:49 INF] HTTP GET /lib/jquery-validation-unobtrusive/dist/jquery.validate.unobtrusive.min.js responded 304 in 12.6809 ms
[12:37:49 INF] HTTP GET /lib/jquery-validation/dist/jquery.validate.min.js responded 304 in 17.5945 ms
[12:41:00 INF] HTTP POST /Inventory/AddProduct responded 302 in 361.0165 ms
[12:41:00 INF] HTTP GET /Inventory/Products responded 200 in 146.2026 ms
[12:41:00 INF] HTTP GET /css/site.css responded 200 in 0.8716 ms
[12:41:00 INF] HTTP GET /Biktal.WebMVC.styles.css responded 200 in 0.7042 ms
[12:41:00 INF] HTTP GET /lib/bootstrap/dist/css/bootstrap.min.css responded 200 in 1.0835 ms
[12:41:01 INF] HTTP GET /lib/jquery/dist/jquery.min.js responded 200 in 1.8671 ms
[12:41:01 INF] HTTP GET /lib/jquery-validation/dist/jquery.validate.min.js responded 200 in 0.7196 ms
[12:41:01 INF] HTTP GET /js/site.js responded 200 in 1.2904 ms
[12:41:01 INF] HTTP GET /lib/jquery-validation-unobtrusive/dist/jquery.validate.unobtrusive.min.js responded 200 in 1.1341 ms
[12:41:01 INF] HTTP GET /js/products-catalog-filter.js responded 200 in 1.6359 ms
[12:41:01 INF] HTTP GET /lib/bootstrap/dist/js/bootstrap.bundle.min.js responded 200 in 5.1277 ms
[13:01:44 INF] Application is shutting down...
