[19:03:57 ERR] Failed executing DbCommand (8ms) [Parameters=[@p0='?' (DbType = Guid), @p1='?' (DbType = DateTime), @p2='?' (DbType = Guid), @p3='?', @p4='?' (DbType = DateTime), @p5='?' (DbType = Int32), @p6='?' (DbType = Int32), @p7='?', @p8='?', @p9='?' (DbType = Guid), @p10='?' (DbType = DateTime), @p11='?' (DbType = Guid), @p12='?', @p13='?' (DbType = DateTime), @p14='?' (DbType = Int32), @p15='?' (DbType = Int32), @p16='?', @p17='?'], CommandType='Text', CommandTimeout='30']
INSERT INTO "CrmSupportTickets" ("Id", "CreatedAtUtc", "CustomerId", "Description", "ModifiedAtUtc", "Priority", "Status", "Subject", "TicketNumber")
VALUES (@p0, @p1, @p2, @p3, @p4, @p5, @p6, @p7, @p8);
INSERT INTO "CrmSupportTickets" ("Id", "CreatedAtUtc", "CustomerId", "Description", "ModifiedAtUtc", "Priority", "Status", "Subject", "TicketNumber")
VALUES (@p9, @p10, @p11, @p12, @p13, @p14, @p15, @p16, @p17);
[19:03:57 ERR] An exception occurred in the database while saving changes for context type 'Biktal.Infrastructure.Persistence.ApplicationDbContext'.
Microsoft.EntityFrameworkCore.DbUpdateException: An error occurred while saving the entity changes. See the inner exception for details.
 ---> Npgsql.PostgresException (0x80004005): 23503: insert or update on table "CrmSupportTickets" violates foreign key constraint "FK_CrmSupportTickets_CrmCustomers_CustomerId"

DETAIL: Detail redacted as it may contain sensitive data. Specify 'Include Error Detail' in the connection string to include this information.
   at Npgsql.Internal.NpgsqlConnector.ReadMessageLong(Boolean async, DataRowLoadingMode dataRowLoadingMode, Boolean readingNotifications, Boolean isReadingPrependedMessage)
   at System.Runtime.CompilerServices.PoolingAsyncValueTaskMethodBuilder`1.StateMachineBox`1.System.Threading.Tasks.Sources.IValueTaskSource<TResult>.GetResult(Int16 token)
   at Npgsql.NpgsqlDataReader.NextResult(Boolean async, Boolean isConsuming, CancellationToken cancellationToken)
   at Npgsql.NpgsqlDataReader.NextResult(Boolean async, Boolean isConsuming, CancellationToken cancellationToken)
   at Npgsql.NpgsqlCommand.ExecuteReader(Boolean async, CommandBehavior behavior, CancellationToken cancellationToken)
   at Npgsql.NpgsqlCommand.ExecuteReader(Boolean async, CommandBehavior behavior, CancellationToken cancellationToken)
   at Npgsql.NpgsqlCommand.ExecuteDbDataReaderAsync(CommandBehavior behavior, CancellationToken cancellationToken)
   at Microsoft.EntityFrameworkCore.Storage.RelationalCommand.ExecuteReaderAsync(RelationalCommandParameterObject parameterObject, CancellationToken cancellationToken)
   at Microsoft.EntityFrameworkCore.Storage.RelationalCommand.ExecuteReaderAsync(RelationalCommandParameterObject parameterObject, CancellationToken cancellationToken)
   at Microsoft.EntityFrameworkCore.Update.ReaderModificationCommandBatch.ExecuteAsync(IRelationalConnection connection, CancellationToken cancellationToken)
  Exception data:
    Severity: ERROR
    SqlState: 23503
    MessageText: insert or update on table "CrmSupportTickets" violates foreign key constraint "FK_CrmSupportTickets_CrmCustomers_CustomerId"
    Detail: Detail redacted as it may contain sensitive data. Specify 'Include Error Detail' in the connection string to include this information.
    SchemaName: public
    TableName: CrmSupportTickets
    ConstraintName: FK_CrmSupportTickets_CrmCustomers_CustomerId
    File: ri_triggers.c
    Line: 2783
    Routine: ri_ReportViolation
   --- End of inner exception stack trace ---
   at Microsoft.EntityFrameworkCore.Update.ReaderModificationCommandBatch.ExecuteAsync(IRelationalConnection connection, CancellationToken cancellationToken)
   at Microsoft.EntityFrameworkCore.Update.Internal.BatchExecutor.ExecuteAsync(IEnumerable`1 commandBatches, IRelationalConnection connection, CancellationToken cancellationToken)
   at Microsoft.EntityFrameworkCore.Update.Internal.BatchExecutor.ExecuteAsync(IEnumerable`1 commandBatches, IRelationalConnection connection, CancellationToken cancellationToken)
   at Microsoft.EntityFrameworkCore.Update.Internal.BatchExecutor.ExecuteAsync(IEnumerable`1 commandBatches, IRelationalConnection connection, CancellationToken cancellationToken)
   at Microsoft.EntityFrameworkCore.Storage.RelationalDatabase.SaveChangesAsync(IList`1 entries, CancellationToken cancellationToken)
   at Microsoft.EntityFrameworkCore.ChangeTracking.Internal.StateManager.SaveChangesAsync(IList`1 entriesToSave, CancellationToken cancellationToken)
   at Microsoft.EntityFrameworkCore.ChangeTracking.Internal.StateManager.SaveChangesAsync(StateManager stateManager, Boolean acceptAllChangesOnSuccess, CancellationToken cancellationToken)
   at Npgsql.EntityFrameworkCore.PostgreSQL.Storage.Internal.NpgsqlExecutionStrategy.ExecuteAsync[TState,TResult](TState state, Func`4 operation, Func`4 verifySucceeded, CancellationToken cancellationToken)
   at Microsoft.EntityFrameworkCore.DbContext.SaveChangesAsync(Boolean acceptAllChangesOnSuccess, CancellationToken cancellationToken)
Microsoft.EntityFrameworkCore.DbUpdateException: An error occurred while saving the entity changes. See the inner exception for details.
 ---> Npgsql.PostgresException (0x80004005): 23503: insert or update on table "CrmSupportTickets" violates foreign key constraint "FK_CrmSupportTickets_CrmCustomers_CustomerId"

DETAIL: Detail redacted as it may contain sensitive data. Specify 'Include Error Detail' in the connection string to include this information.
   at Npgsql.Internal.NpgsqlConnector.ReadMessageLong(Boolean async, DataRowLoadingMode dataRowLoadingMode, Boolean readingNotifications, Boolean isReadingPrependedMessage)
   at System.Runtime.CompilerServices.PoolingAsyncValueTaskMethodBuilder`1.StateMachineBox`1.System.Threading.Tasks.Sources.IValueTaskSource<TResult>.GetResult(Int16 token)
   at Npgsql.NpgsqlDataReader.NextResult(Boolean async, Boolean isConsuming, CancellationToken cancellationToken)
   at Npgsql.NpgsqlDataReader.NextResult(Boolean async, Boolean isConsuming, CancellationToken cancellationToken)
   at Npgsql.NpgsqlCommand.ExecuteReader(Boolean async, CommandBehavior behavior, CancellationToken cancellationToken)
   at Npgsql.NpgsqlCommand.ExecuteReader(Boolean async, CommandBehavior behavior, CancellationToken cancellationToken)
   at Npgsql.NpgsqlCommand.ExecuteDbDataReaderAsync(CommandBehavior behavior, CancellationToken cancellationToken)
   at Microsoft.EntityFrameworkCore.Storage.RelationalCommand.ExecuteReaderAsync(RelationalCommandParameterObject parameterObject, CancellationToken cancellationToken)
   at Microsoft.EntityFrameworkCore.Storage.RelationalCommand.ExecuteReaderAsync(RelationalCommandParameterObject parameterObject, CancellationToken cancellationToken)
   at Microsoft.EntityFrameworkCore.Update.ReaderModificationCommandBatch.ExecuteAsync(IRelationalConnection connection, CancellationToken cancellationToken)
  Exception data:
    Severity: ERROR
    SqlState: 23503
    MessageText: insert or update on table "CrmSupportTickets" violates foreign key constraint "FK_CrmSupportTickets_CrmCustomers_CustomerId"
    Detail: Detail redacted as it may contain sensitive data. Specify 'Include Error Detail' in the connection string to include this information.
    SchemaName: public
    TableName: CrmSupportTickets
    ConstraintName: FK_CrmSupportTickets_CrmCustomers_CustomerId
    File: ri_triggers.c
    Line: 2783
    Routine: ri_ReportViolation
   --- End of inner exception stack trace ---
   at Microsoft.EntityFrameworkCore.Update.ReaderModificationCommandBatch.ExecuteAsync(IRelationalConnection connection, CancellationToken cancellationToken)
   at Microsoft.EntityFrameworkCore.Update.Internal.BatchExecutor.ExecuteAsync(IEnumerable`1 commandBatches, IRelationalConnection connection, CancellationToken cancellationToken)
   at Microsoft.EntityFrameworkCore.Update.Internal.BatchExecutor.ExecuteAsync(IEnumerable`1 commandBatches, IRelationalConnection connection, CancellationToken cancellationToken)
   at Microsoft.EntityFrameworkCore.Update.Internal.BatchExecutor.ExecuteAsync(IEnumerable`1 commandBatches, IRelationalConnection connection, CancellationToken cancellationToken)
   at Microsoft.EntityFrameworkCore.Storage.RelationalDatabase.SaveChangesAsync(IList`1 entries, CancellationToken cancellationToken)
   at Microsoft.EntityFrameworkCore.ChangeTracking.Internal.StateManager.SaveChangesAsync(IList`1 entriesToSave, CancellationToken cancellationToken)
   at Microsoft.EntityFrameworkCore.ChangeTracking.Internal.StateManager.SaveChangesAsync(StateManager stateManager, Boolean acceptAllChangesOnSuccess, CancellationToken cancellationToken)
   at Npgsql.EntityFrameworkCore.PostgreSQL.Storage.Internal.NpgsqlExecutionStrategy.ExecuteAsync[TState,TResult](TState state, Func`4 operation, Func`4 verifySucceeded, CancellationToken cancellationToken)
   at Microsoft.EntityFrameworkCore.DbContext.SaveChangesAsync(Boolean acceptAllChangesOnSuccess, CancellationToken cancellationToken)
[19:03:57 ERR] Database migration or seed failed. Check PostgreSQL is running and ConnectionStrings:DefaultConnection is correct.
Microsoft.EntityFrameworkCore.DbUpdateException: An error occurred while saving the entity changes. See the inner exception for details.
 ---> Npgsql.PostgresException (0x80004005): 23503: insert or update on table "CrmSupportTickets" violates foreign key constraint "FK_CrmSupportTickets_CrmCustomers_CustomerId"

DETAIL: Detail redacted as it may contain sensitive data. Specify 'Include Error Detail' in the connection string to include this information.
   at Npgsql.Internal.NpgsqlConnector.ReadMessageLong(Boolean async, DataRowLoadingMode dataRowLoadingMode, Boolean readingNotifications, Boolean isReadingPrependedMessage)
   at System.Runtime.CompilerServices.PoolingAsyncValueTaskMethodBuilder`1.StateMachineBox`1.System.Threading.Tasks.Sources.IValueTaskSource<TResult>.GetResult(Int16 token)
   at Npgsql.NpgsqlDataReader.NextResult(Boolean async, Boolean isConsuming, CancellationToken cancellationToken)
   at Npgsql.NpgsqlDataReader.NextResult(Boolean async, Boolean isConsuming, CancellationToken cancellationToken)
   at Npgsql.NpgsqlCommand.ExecuteReader(Boolean async, CommandBehavior behavior, CancellationToken cancellationToken)
   at Npgsql.NpgsqlCommand.ExecuteReader(Boolean async, CommandBehavior behavior, CancellationToken cancellationToken)
   at Npgsql.NpgsqlCommand.ExecuteDbDataReaderAsync(CommandBehavior behavior, CancellationToken cancellationToken)
   at Microsoft.EntityFrameworkCore.Storage.RelationalCommand.ExecuteReaderAsync(RelationalCommandParameterObject parameterObject, CancellationToken cancellationToken)
   at Microsoft.EntityFrameworkCore.Storage.RelationalCommand.ExecuteReaderAsync(RelationalCommandParameterObject parameterObject, CancellationToken cancellationToken)
   at Microsoft.EntityFrameworkCore.Update.ReaderModificationCommandBatch.ExecuteAsync(IRelationalConnection connection, CancellationToken cancellationToken)
  Exception data:
    Severity: ERROR
    SqlState: 23503
    MessageText: insert or update on table "CrmSupportTickets" violates foreign key constraint "FK_CrmSupportTickets_CrmCustomers_CustomerId"
    Detail: Detail redacted as it may contain sensitive data. Specify 'Include Error Detail' in the connection string to include this information.
    SchemaName: public
    TableName: CrmSupportTickets
    ConstraintName: FK_CrmSupportTickets_CrmCustomers_CustomerId
    File: ri_triggers.c
    Line: 2783
    Routine: ri_ReportViolation
   --- End of inner exception stack trace ---
   at Microsoft.EntityFrameworkCore.Update.ReaderModificationCommandBatch.ExecuteAsync(IRelationalConnection connection, CancellationToken cancellationToken)
   at Microsoft.EntityFrameworkCore.Update.Internal.BatchExecutor.ExecuteAsync(IEnumerable`1 commandBatches, IRelationalConnection connection, CancellationToken cancellationToken)
   at Microsoft.EntityFrameworkCore.Update.Internal.BatchExecutor.ExecuteAsync(IEnumerable`1 commandBatches, IRelationalConnection connection, CancellationToken cancellationToken)
   at Microsoft.EntityFrameworkCore.Update.Internal.BatchExecutor.ExecuteAsync(IEnumerable`1 commandBatches, IRelationalConnection connection, CancellationToken cancellationToken)
   at Microsoft.EntityFrameworkCore.Storage.RelationalDatabase.SaveChangesAsync(IList`1 entries, CancellationToken cancellationToken)
   at Microsoft.EntityFrameworkCore.ChangeTracking.Internal.StateManager.SaveChangesAsync(IList`1 entriesToSave, CancellationToken cancellationToken)
   at Microsoft.EntityFrameworkCore.ChangeTracking.Internal.StateManager.SaveChangesAsync(StateManager stateManager, Boolean acceptAllChangesOnSuccess, CancellationToken cancellationToken)
   at Npgsql.EntityFrameworkCore.PostgreSQL.Storage.Internal.NpgsqlExecutionStrategy.ExecuteAsync[TState,TResult](TState state, Func`4 operation, Func`4 verifySucceeded, CancellationToken cancellationToken)
   at Microsoft.EntityFrameworkCore.DbContext.SaveChangesAsync(Boolean acceptAllChangesOnSuccess, CancellationToken cancellationToken)
   at Microsoft.EntityFrameworkCore.DbContext.SaveChangesAsync(Boolean acceptAllChangesOnSuccess, CancellationToken cancellationToken)
   at Biktal.Infrastructure.Persistence.CrmDataSeeder.SeedIfEmptyAsync(ApplicationDbContext db, CancellationToken cancellationToken)
   at Program.<Main>$(String[] args) in d:\Systems\BiktalSystems\Program.cs:line 71
[19:03:57 WRN] Continuing without a successful migration/seed. Auth and data pages may fail until the database is available.
[19:03:57 WRN] Using an in-memory repository. Keys will not be persisted to storage.
[19:03:57 WRN] Neither user profile nor HKLM registry available. Using an ephemeral key repository. Protected data will be unavailable when application exits.
[19:03:57 WRN] No XML encryptor configured. Key {bee786ea-5901-48f6-b061-9b43633eb918} may be persisted to storage in unencrypted form.
[19:03:57 INF] Application started. Press Ctrl+C to shut down.
[19:03:57 INF] Hosting environment: Production
[19:03:57 INF] Content root path: D:\Systems\BiktalSystems\publish
[19:03:57 INF] HTTP GET /Inventory/Products responded 302 in 150.8044 ms
[19:03:57 INF] HTTP GET /Inventory/Products responded 302 in 150.3641 ms
[19:03:57 ERR] An exception was thrown while deserializing the token.
Microsoft.AspNetCore.Antiforgery.AntiforgeryValidationException: The antiforgery token could not be decrypted.
 ---> System.Security.Cryptography.CryptographicException: The key {6cb41dba-283b-4bdc-80f0-0e06f8a47a8a} was not found in the key ring. For more information go to https://aka.ms/aspnet/dataprotectionwarning
   at Microsoft.AspNetCore.DataProtection.KeyManagement.KeyRingBasedDataProtector.UnprotectCore(Byte[] protectedData, Boolean allowOperationsOnRevokedKeys, UnprotectStatus& status)
   at Microsoft.AspNetCore.DataProtection.KeyManagement.KeyRingBasedDataProtector.Unprotect(Byte[] protectedData)
   at Microsoft.AspNetCore.Antiforgery.DefaultAntiforgeryTokenSerializer.Deserialize(String serializedToken)
   --- End of inner exception stack trace ---
   at Microsoft.AspNetCore.Antiforgery.DefaultAntiforgeryTokenSerializer.Deserialize(String serializedToken)
   at Microsoft.AspNetCore.Antiforgery.DefaultAntiforgery.GetCookieTokenDoesNotThrow(HttpContext httpContext)
[19:03:58 INF] HTTP GET /Account/Login responded 200 in 556.7537 ms
[19:03:58 INF] HTTP GET /lib/jquery-validation-unobtrusive/dist/jquery.validate.unobtrusive.min.js responded 200 in 114.9576 ms
[19:03:58 INF] HTTP GET /Biktal.WebMVC.styles.css responded 200 in 124.2866 ms
[19:03:58 INF] HTTP GET /css/site.css responded 200 in 125.6622 ms
[19:03:58 INF] HTTP GET /lib/jquery-validation/dist/jquery.validate.min.js responded 200 in 117.1344 ms
[19:03:58 INF] HTTP GET /js/site.js responded 200 in 67.3487 ms
[19:03:58 INF] HTTP GET /lib/bootstrap/dist/js/bootstrap.bundle.min.js responded 200 in 121.1093 ms
[19:03:58 INF] HTTP GET /lib/jquery/dist/jquery.min.js responded 200 in 124.0182 ms
[19:03:58 INF] HTTP GET /lib/bootstrap/dist/css/bootstrap.min.css responded 200 in 140.0818 ms
[19:04:18 INF] HTTP GET /Account/Login responded 200 in 137.6236 ms
[19:04:18 INF] HTTP GET /lib/jquery/dist/jquery.min.js responded 304 in 98.5861 ms
[19:04:18 INF] HTTP GET /js/site.js responded 304 in 93.5556 ms
[19:04:18 INF] HTTP GET /Biktal.WebMVC.styles.css responded 200 in 100.1604 ms
[19:04:18 INF] HTTP GET /lib/jquery-validation/dist/jquery.validate.min.js responded 304 in 60.4852 ms
[19:04:18 INF] HTTP GET /lib/jquery-validation-unobtrusive/dist/jquery.validate.unobtrusive.min.js responded 304 in 32.8869 ms
[19:04:18 INF] HTTP GET /css/site.css responded 200 in 102.7429 ms
[19:04:18 INF] HTTP GET /lib/bootstrap/dist/css/bootstrap.min.css responded 200 in 105.6111 ms
[19:04:18 INF] HTTP GET /lib/bootstrap/dist/js/bootstrap.bundle.min.js responded 304 in 197.8888 ms
[19:04:58 INF] HTTP GET /Account/Login responded 200 in 42.2176 ms
[19:04:58 INF] HTTP GET /lib/jquery/dist/jquery.min.js responded 304 in 89.6190 ms
[19:04:58 INF] HTTP GET /lib/bootstrap/dist/js/bootstrap.bundle.min.js responded 304 in 83.1042 ms
[19:04:58 INF] HTTP GET /lib/jquery-validation/dist/jquery.validate.min.js responded 304 in 77.2491 ms
[19:04:58 INF] HTTP GET /js/site.js responded 304 in 76.7183 ms
[19:04:58 INF] HTTP GET /lib/jquery-validation-unobtrusive/dist/jquery.validate.unobtrusive.min.js responded 304 in 44.0942 ms
[19:04:58 INF] HTTP GET /css/site.css responded 200 in 100.0424 ms
[19:04:58 INF] HTTP GET /Biktal.WebMVC.styles.css responded 200 in 90.4646 ms
[19:04:58 INF] HTTP GET /lib/bootstrap/dist/css/bootstrap.min.css responded 200 in 103.3331 ms
[19:04:58 INF] HTTP GET /favicon.ico responded 200 in 28.0302 ms
[19:04:59 INF] HTTP GET /Account/Login responded 200 in 9.6530 ms
[19:05:00 INF] HTTP GET /css/site.css responded 200 in 2.8607 ms
[19:05:00 INF] HTTP GET /lib/jquery-validation/dist/jquery.validate.min.js responded 200 in 2.8044 ms
[19:05:00 INF] HTTP GET /js/site.js responded 200 in 3.2957 ms
[19:05:00 INF] HTTP GET /lib/bootstrap/dist/js/bootstrap.bundle.min.js responded 200 in 3.4987 ms
[19:05:00 INF] HTTP GET /lib/jquery/dist/jquery.min.js responded 200 in 5.1871 ms
[19:05:00 INF] HTTP GET /lib/jquery-validation-unobtrusive/dist/jquery.validate.unobtrusive.min.js responded 200 in 3.6232 ms
[19:05:00 INF] HTTP GET /lib/bootstrap/dist/css/bootstrap.min.css responded 200 in 5.8349 ms
[19:05:00 INF] HTTP GET /Biktal.WebMVC.styles.css responded 200 in 4.7921 ms
[19:05:00 INF] HTTP GET /favicon.ico responded 200 in 1.9190 ms
[19:05:00 INF] HTTP GET /Account/Login responded 200 in 8.0462 ms
[19:05:01 INF] HTTP GET /Biktal.WebMVC.styles.css responded 200 in 6.4294 ms
[19:05:01 INF] HTTP GET /lib/jquery-validation/dist/jquery.validate.min.js responded 304 in 6.2785 ms
[19:05:01 INF] HTTP GET /lib/bootstrap/dist/css/bootstrap.min.css responded 200 in 5.3920 ms
[19:05:01 INF] HTTP GET /js/site.js responded 304 in 7.3159 ms
[19:05:01 INF] HTTP GET /lib/bootstrap/dist/js/bootstrap.bundle.min.js responded 304 in 9.3033 ms
[19:05:01 INF] HTTP GET /lib/jquery-validation-unobtrusive/dist/jquery.validate.unobtrusive.min.js responded 304 in 7.0070 ms
[19:05:01 INF] HTTP GET /lib/jquery/dist/jquery.min.js responded 304 in 9.6450 ms
[19:05:01 INF] HTTP GET /css/site.css responded 200 in 15.8807 ms
[19:05:01 INF] HTTP GET /favicon.ico responded 200 in 27.6954 ms
[19:05:19 INF] HTTP POST /Account/Login responded 302 in 464.3547 ms
[19:05:20 INF] HTTP GET /Inventory/Products responded 200 in 393.9154 ms
[19:05:20 INF] HTTP GET /lib/bootstrap/dist/css/bootstrap.min.css responded 200 in 5.0764 ms
[19:05:20 INF] HTTP GET /Biktal.WebMVC.styles.css responded 200 in 6.2735 ms
[19:05:20 INF] HTTP GET /css/site.css responded 200 in 4.8612 ms
[19:05:20 INF] HTTP GET /lib/jquery/dist/jquery.min.js responded 304 in 0.6256 ms
[19:05:20 INF] HTTP GET /lib/bootstrap/dist/js/bootstrap.bundle.min.js responded 304 in 0.6873 ms
[19:05:20 INF] HTTP GET /lib/jquery-validation/dist/jquery.validate.min.js responded 304 in 0.5976 ms
[19:05:21 INF] HTTP GET /lib/jquery-validation-unobtrusive/dist/jquery.validate.unobtrusive.min.js responded 304 in 0.6311 ms
[19:05:21 INF] HTTP GET /js/site.js responded 304 in 0.8524 ms
[19:05:21 INF] HTTP GET /js/products-catalog-filter.js responded 200 in 10.3376 ms
[19:12:13 INF] HTTP POST /Inventory/AddProduct responded 200 in 333.9694 ms
[19:12:13 INF] HTTP GET /lib/bootstrap/dist/css/bootstrap.min.css responded 200 in 1.1668 ms
[19:12:13 INF] HTTP GET /css/site.css responded 200 in 1.4119 ms
[19:12:13 INF] HTTP GET /Biktal.WebMVC.styles.css responded 200 in 0.9531 ms
[19:12:14 WRN] The query uses the 'First'/'FirstOrDefault' operator without 'OrderBy' and filter operators. This may lead to unpredictable results.
[19:12:15 INF] HTTP GET /Pos responded 200 in 177.0654 ms
[19:12:15 INF] HTTP GET /lib/bootstrap/dist/css/bootstrap.min.css responded 304 in 2.3766 ms
[19:12:15 INF] HTTP GET /css/site.css responded 304 in 2.2263 ms
[19:12:15 INF] HTTP GET /Biktal.WebMVC.styles.css responded 304 in 2.4457 ms
[19:12:15 INF] HTTP GET /lib/jquery/dist/jquery.min.js responded 200 in 1.5886 ms
[19:12:15 INF] HTTP GET /js/site.js responded 200 in 1.2053 ms
[19:12:15 INF] HTTP GET /lib/bootstrap/dist/js/bootstrap.bundle.min.js responded 200 in 9.1154 ms
[19:12:15 INF] HTTP GET /js/pos.js responded 200 in 24.9274 ms
[19:12:28 INF] HTTP POST /Pos/CompleteSale responded 200 in 671.1823 ms
[19:14:04 INF] HTTP GET /Finance responded 200 in 143.1942 ms
[19:14:04 INF] HTTP GET /Biktal.WebMVC.styles.css responded 200 in 4.8670 ms
[19:14:04 INF] HTTP GET /css/site.css responded 200 in 1.0649 ms
[19:14:04 INF] HTTP GET /lib/bootstrap/dist/css/bootstrap.min.css responded 200 in 1.0850 ms
[19:14:04 INF] HTTP GET /lib/bootstrap/dist/js/bootstrap.bundle.min.js responded 200 in 3.8336 ms
[19:14:04 INF] HTTP GET /js/site.js responded 200 in 1.6329 ms
[19:14:04 INF] HTTP GET /lib/jquery/dist/jquery.min.js responded 200 in 1.3359 ms
[19:14:06 INF] HTTP GET /Finance/Cashbox responded 200 in 279.9267 ms
[19:14:06 INF] HTTP GET /lib/bootstrap/dist/css/bootstrap.min.css responded 304 in 15.2746 ms
[19:14:06 INF] HTTP GET /Biktal.WebMVC.styles.css responded 304 in 0.6898 ms
[19:14:06 INF] HTTP GET /css/site.css responded 304 in 0.8830 ms
[19:14:06 INF] HTTP GET /lib/jquery/dist/jquery.min.js responded 304 in 3.5364 ms
[19:14:06 INF] HTTP GET /lib/bootstrap/dist/js/bootstrap.bundle.min.js responded 304 in 3.0129 ms
[19:14:06 INF] HTTP GET /lib/jquery-validation-unobtrusive/dist/jquery.validate.unobtrusive.min.js responded 200 in 1.8554 ms
[19:14:06 INF] HTTP GET /js/site.js responded 304 in 0.5677 ms
[19:14:06 INF] HTTP GET /lib/jquery-validation/dist/jquery.validate.min.js responded 200 in 1.4429 ms
[19:16:33 INF] HTTP GET /Inventory responded 200 in 116.5461 ms
[19:16:33 INF] HTTP GET /css/site.css responded 200 in 1.2583 ms
[19:16:33 INF] HTTP GET /lib/jquery/dist/jquery.min.js responded 200 in 1.8925 ms
[19:16:33 INF] HTTP GET /js/site.js responded 200 in 1.0007 ms
[19:16:33 INF] HTTP GET /lib/bootstrap/dist/css/bootstrap.min.css responded 200 in 2.0790 ms
[19:16:33 INF] HTTP GET /lib/bootstrap/dist/js/bootstrap.bundle.min.js responded 200 in 1.5107 ms
[19:16:33 INF] HTTP GET /Biktal.WebMVC.styles.css responded 200 in 5.0857 ms
[19:16:36 INF] HTTP GET /Inventory/Products responded 200 in 136.8803 ms
[19:16:36 INF] HTTP GET /css/site.css responded 200 in 2.1028 ms
[19:16:36 INF] HTTP GET /Biktal.WebMVC.styles.css responded 200 in 0.9534 ms
[19:16:36 INF] HTTP GET /lib/bootstrap/dist/css/bootstrap.min.css responded 200 in 0.9228 ms
[19:16:37 INF] HTTP GET /lib/jquery/dist/jquery.min.js responded 304 in 0.4747 ms
[19:16:37 INF] HTTP GET /lib/bootstrap/dist/js/bootstrap.bundle.min.js responded 304 in 1.4098 ms
[19:16:37 INF] HTTP GET /lib/jquery-validation/dist/jquery.validate.min.js responded 200 in 2.2370 ms
[19:16:37 INF] HTTP GET /js/site.js responded 304 in 0.4800 ms
[19:16:37 INF] HTTP GET /lib/jquery-validation-unobtrusive/dist/jquery.validate.unobtrusive.min.js responded 200 in 4.4644 ms
[19:16:37 INF] HTTP GET /js/products-catalog-filter.js responded 200 in 2.4636 ms
[19:17:13 INF] HTTP POST /Inventory/AddProduct responded 302 in 228.6839 ms
[19:17:13 INF] HTTP GET /Inventory/Products responded 200 in 49.8010 ms
[19:17:13 INF] HTTP GET /lib/bootstrap/dist/css/bootstrap.min.css responded 200 in 5.8247 ms
[19:17:13 INF] HTTP GET /css/site.css responded 200 in 4.7514 ms
[19:17:13 INF] HTTP GET /Biktal.WebMVC.styles.css responded 200 in 1.1805 ms
[19:17:14 INF] HTTP GET /lib/jquery/dist/jquery.min.js responded 200 in 2.2304 ms
[19:17:14 INF] HTTP GET /js/site.js responded 200 in 0.7668 ms
[19:17:14 INF] HTTP GET /lib/bootstrap/dist/js/bootstrap.bundle.min.js responded 200 in 1.0364 ms
[19:17:14 INF] HTTP GET /lib/jquery-validation/dist/jquery.validate.min.js responded 200 in 1.0741 ms
[19:17:14 INF] HTTP GET /js/products-catalog-filter.js responded 200 in 2.1468 ms
[19:17:14 INF] HTTP GET /lib/jquery-validation-unobtrusive/dist/jquery.validate.unobtrusive.min.js responded 200 in 1.8268 ms
[19:17:17 INF] HTTP GET /Pos responded 200 in 22.6803 ms
[19:17:17 INF] HTTP GET /lib/bootstrap/dist/css/bootstrap.min.css responded 304 in 0.4980 ms
[19:17:17 INF] HTTP GET /css/site.css responded 304 in 0.4393 ms
[19:17:17 INF] HTTP GET /Biktal.WebMVC.styles.css responded 304 in 2.8541 ms
[19:17:17 INF] HTTP GET /lib/jquery/dist/jquery.min.js responded 304 in 0.5167 ms
[19:17:17 INF] HTTP GET /lib/bootstrap/dist/js/bootstrap.bundle.min.js responded 304 in 1.9218 ms
[19:17:17 INF] HTTP GET /js/site.js responded 304 in 1.2704 ms
[19:17:17 INF] HTTP GET /js/pos.js responded 200 in 2.2885 ms
[19:17:24 INF] HTTP GET /Inventory responded 200 in 40.8397 ms
[19:17:24 INF] HTTP GET /lib/bootstrap/dist/css/bootstrap.min.css responded 304 in 0.4559 ms
[19:17:24 INF] HTTP GET /css/site.css responded 304 in 0.5519 ms
[19:17:24 INF] HTTP GET /Biktal.WebMVC.styles.css responded 304 in 2.9505 ms
[19:17:24 INF] HTTP GET /js/site.js responded 304 in 0.7459 ms
[19:17:24 INF] HTTP GET /lib/bootstrap/dist/js/bootstrap.bundle.min.js responded 304 in 5.5667 ms
[19:17:24 INF] HTTP GET /lib/jquery/dist/jquery.min.js responded 304 in 7.8731 ms
[19:17:26 INF] HTTP GET /Inventory/Products responded 200 in 84.2633 ms
[19:17:26 INF] HTTP GET /Biktal.WebMVC.styles.css responded 304 in 0.4540 ms
[19:17:26 INF] HTTP GET /lib/bootstrap/dist/css/bootstrap.min.css responded 304 in 0.5579 ms
[19:17:26 INF] HTTP GET /css/site.css responded 304 in 0.4923 ms
[19:17:26 INF] HTTP GET /lib/jquery/dist/jquery.min.js responded 304 in 0.3095 ms
[19:17:27 INF] HTTP GET /lib/bootstrap/dist/js/bootstrap.bundle.min.js responded 304 in 0.7633 ms
[19:17:27 INF] HTTP GET /js/site.js responded 304 in 0.5182 ms
[19:17:27 INF] HTTP GET /lib/jquery-validation/dist/jquery.validate.min.js responded 304 in 0.3998 ms
[19:17:27 INF] HTTP GET /lib/jquery-validation-unobtrusive/dist/jquery.validate.unobtrusive.min.js responded 304 in 1.4695 ms
[19:17:27 INF] HTTP GET /js/products-catalog-filter.js responded 304 in 0.7842 ms
[19:17:30 INF] HTTP GET /Inventory/Products responded 200 in 188.6225 ms
[19:17:30 INF] HTTP GET /lib/bootstrap/dist/css/bootstrap.min.css responded 304 in 0.7723 ms
[19:17:30 INF] HTTP GET /Biktal.WebMVC.styles.css responded 304 in 0.4579 ms
[19:17:30 INF] HTTP GET /css/site.css responded 304 in 0.6281 ms
[19:17:31 INF] HTTP GET /lib/jquery/dist/jquery.min.js responded 304 in 0.2554 ms
[19:17:31 INF] HTTP GET /lib/bootstrap/dist/js/bootstrap.bundle.min.js responded 304 in 0.6658 ms
[19:17:31 INF] HTTP GET /js/site.js responded 304 in 0.3816 ms
[19:17:31 INF] HTTP GET /lib/jquery-validation/dist/jquery.validate.min.js responded 304 in 2.1014 ms
[19:17:31 INF] HTTP GET /lib/jquery-validation-unobtrusive/dist/jquery.validate.unobtrusive.min.js responded 304 in 0.5311 ms
[19:17:31 INF] HTTP GET /js/products-catalog-filter.js responded 304 in 1.9762 ms
[19:17:34 INF] HTTP POST /Inventory/EditProduct responded 302 in 38.2790 ms
[19:17:35 INF] HTTP GET /Inventory/Products responded 200 in 42.1638 ms
[19:17:35 INF] HTTP GET /lib/bootstrap/dist/css/bootstrap.min.css responded 304 in 0.4860 ms
[19:17:35 INF] HTTP GET /css/site.css responded 304 in 0.4137 ms
[19:17:35 INF] HTTP GET /Biktal.WebMVC.styles.css responded 304 in 0.6275 ms
[19:17:35 INF] HTTP GET /lib/jquery/dist/jquery.min.js responded 304 in 0.2673 ms
[19:17:35 INF] HTTP GET /lib/bootstrap/dist/js/bootstrap.bundle.min.js responded 304 in 0.5245 ms
[19:17:35 INF] HTTP GET /js/site.js responded 304 in 0.5106 ms
[19:17:35 INF] HTTP GET /lib/jquery-validation/dist/jquery.validate.min.js responded 304 in 0.4743 ms
[19:17:35 INF] HTTP GET /lib/jquery-validation-unobtrusive/dist/jquery.validate.unobtrusive.min.js responded 304 in 1.7024 ms
[19:17:35 INF] HTTP GET /js/products-catalog-filter.js responded 304 in 1.0479 ms
[19:17:36 INF] HTTP GET /Pos responded 200 in 23.4236 ms
[19:17:36 INF] HTTP GET /lib/bootstrap/dist/css/bootstrap.min.css responded 304 in 0.5649 ms
[19:17:36 INF] HTTP GET /css/site.css responded 304 in 0.4326 ms
[19:17:36 INF] HTTP GET /Biktal.WebMVC.styles.css responded 304 in 0.3376 ms
[19:17:36 INF] HTTP GET /lib/jquery/dist/jquery.min.js responded 304 in 3.3566 ms
[19:17:36 INF] HTTP GET /lib/bootstrap/dist/js/bootstrap.bundle.min.js responded 304 in 0.5038 ms
[19:17:36 INF] HTTP GET /js/site.js responded 304 in 1.0023 ms
[19:17:36 INF] HTTP GET /js/pos.js responded 304 in 0.3746 ms
[19:17:51 INF] HTTP POST /Pos/CompleteSale responded 200 in 68.1611 ms
[19:36:46 INF] HTTP GET /Finance responded 200 in 117.5575 ms
[19:36:46 INF] HTTP GET /css/site.css responded 200 in 0.8003 ms
[19:36:46 INF] HTTP GET /lib/bootstrap/dist/js/bootstrap.bundle.min.js responded 200 in 0.8379 ms
[19:36:46 INF] HTTP GET /js/site.js responded 200 in 0.8942 ms
[19:36:46 INF] HTTP GET /lib/jquery/dist/jquery.min.js responded 200 in 1.3501 ms
[19:36:46 INF] HTTP GET /Biktal.WebMVC.styles.css responded 200 in 0.7673 ms
[19:36:46 INF] HTTP GET /lib/bootstrap/dist/css/bootstrap.min.css responded 200 in 0.8602 ms
[19:37:48 INF] HTTP GET /Crm responded 200 in 70.2318 ms
[19:37:48 INF] HTTP GET /lib/bootstrap/dist/css/bootstrap.min.css responded 200 in 1.5031 ms
[19:37:48 INF] HTTP GET /css/site.css responded 200 in 1.6301 ms
[19:37:48 INF] HTTP GET /Biktal.WebMVC.styles.css responded 200 in 1.1966 ms
[19:37:48 INF] HTTP GET /lib/jquery/dist/jquery.min.js responded 200 in 1.2194 ms
[19:37:48 INF] HTTP GET /lib/bootstrap/dist/js/bootstrap.bundle.min.js responded 200 in 8.6649 ms
[19:37:48 INF] HTTP GET /js/site.js responded 200 in 1.7958 ms
[19:37:58 INF] HTTP GET /Installments responded 200 in 108.2159 ms
[19:37:58 INF] HTTP GET /css/site.css responded 200 in 0.9209 ms
[19:37:58 INF] HTTP GET /lib/bootstrap/dist/css/bootstrap.min.css responded 200 in 0.8162 ms
[19:37:58 INF] HTTP GET /Biktal.WebMVC.styles.css responded 200 in 4.0500 ms
[19:37:58 INF] HTTP GET /lib/jquery/dist/jquery.min.js responded 304 in 2.8608 ms
[19:37:58 INF] HTTP GET /lib/bootstrap/dist/js/bootstrap.bundle.min.js responded 304 in 2.4495 ms
[19:37:58 INF] HTTP GET /js/site.js responded 304 in 0.9591 ms
[19:39:38 INF] HTTP GET /Installments/New responded 200 in 81.7484 ms
[19:39:38 INF] HTTP GET /lib/bootstrap/dist/css/bootstrap.min.css responded 200 in 1.1229 ms
[19:39:38 INF] HTTP GET /Biktal.WebMVC.styles.css responded 200 in 1.6580 ms
[19:39:38 INF] HTTP GET /css/site.css responded 200 in 0.9473 ms
[19:39:38 INF] HTTP GET /lib/jquery/dist/jquery.min.js responded 304 in 0.8684 ms
[19:39:39 INF] HTTP GET /lib/bootstrap/dist/js/bootstrap.bundle.min.js responded 304 in 0.4064 ms
[19:39:39 INF] HTTP GET /js/site.js responded 304 in 0.4780 ms
[19:39:39 INF] HTTP GET /lib/jquery-validation/dist/jquery.validate.min.js responded 200 in 2.3691 ms
[19:39:39 INF] HTTP GET /lib/jquery-validation-unobtrusive/dist/jquery.validate.unobtrusive.min.js responded 200 in 1.2255 ms
[19:39:49 INF] HTTP GET /Crm/Customers responded 200 in 41.9660 ms
[19:39:49 INF] HTTP GET /lib/bootstrap/dist/css/bootstrap.min.css responded 304 in 1.4247 ms
[19:39:49 INF] HTTP GET /css/site.css responded 304 in 1.2510 ms
[19:39:49 INF] HTTP GET /lib/bootstrap/dist/js/bootstrap.bundle.min.js responded 304 in 0.4297 ms
[19:39:49 INF] HTTP GET /lib/jquery/dist/jquery.min.js responded 304 in 1.1283 ms
[19:39:49 INF] HTTP GET /js/site.js responded 304 in 0.4669 ms
[19:39:49 INF] HTTP GET /Biktal.WebMVC.styles.css responded 304 in 7.4917 ms
[19:39:50 INF] HTTP GET /Crm/Loyalty responded 200 in 59.6605 ms
[19:39:50 INF] HTTP GET /lib/bootstrap/dist/css/bootstrap.min.css responded 200 in 11.8068 ms
[19:39:50 INF] HTTP GET /css/site.css responded 304 in 0.6767 ms
[19:39:50 INF] HTTP GET /Biktal.WebMVC.styles.css responded 304 in 0.8154 ms
[19:39:50 INF] HTTP GET /lib/jquery/dist/jquery.min.js responded 304 in 0.5627 ms
[19:39:50 INF] HTTP GET /lib/bootstrap/dist/js/bootstrap.bundle.min.js responded 304 in 1.0088 ms
[19:39:50 INF] HTTP GET /js/site.js responded 304 in 0.3591 ms
[19:39:50 INF] HTTP GET /lib/jquery-validation/dist/jquery.validate.min.js responded 304 in 0.2712 ms
[19:39:50 INF] HTTP GET /lib/jquery-validation-unobtrusive/dist/jquery.validate.unobtrusive.min.js responded 304 in 0.4806 ms
[19:39:50 INF] HTTP GET /Crm/NewCustomer responded 200 in 32.8544 ms
[19:39:50 INF] HTTP GET /lib/bootstrap/dist/css/bootstrap.min.css responded 304 in 0.4410 ms
[19:39:50 INF] HTTP GET /css/site.css responded 304 in 2.9780 ms
[19:39:50 INF] HTTP GET /lib/jquery/dist/jquery.min.js responded 304 in 0.3251 ms
[19:39:50 INF] HTTP GET /Biktal.WebMVC.styles.css responded 304 in 0.4417 ms
[19:39:50 INF] HTTP GET /lib/bootstrap/dist/js/bootstrap.bundle.min.js responded 304 in 1.5237 ms
[19:39:50 INF] HTTP GET /js/site.js responded 304 in 1.8916 ms
[19:39:50 INF] HTTP GET /lib/jquery-validation/dist/jquery.validate.min.js responded 304 in 2.0623 ms
[19:39:50 INF] HTTP GET /lib/jquery-validation-unobtrusive/dist/jquery.validate.unobtrusive.min.js responded 304 in 0.6157 ms
[19:40:55 INF] HTTP POST /Crm/CreateCustomer responded 302 in 75.5299 ms
[19:40:55 INF] HTTP GET /Crm/Customers responded 200 in 5.8198 ms
[19:40:55 INF] HTTP GET /lib/bootstrap/dist/css/bootstrap.min.css responded 200 in 107.4384 ms
[19:40:55 INF] HTTP GET /Biktal.WebMVC.styles.css responded 200 in 14.4437 ms
[19:40:55 INF] HTTP GET /lib/jquery/dist/jquery.min.js responded 200 in 30.4292 ms
[19:40:55 INF] HTTP GET /css/site.css responded 200 in 1.2047 ms
[19:40:55 INF] HTTP GET /js/site.js responded 200 in 4.6261 ms
[19:40:55 INF] HTTP GET /lib/bootstrap/dist/js/bootstrap.bundle.min.js responded 200 in 1.1656 ms
[19:41:05 INF] HTTP GET /Crm/Customer/019f6bcd-7757-7ff0-a92e-3db75194d427 responded 200 in 60.5115 ms
[19:41:05 INF] HTTP GET /Biktal.WebMVC.styles.css responded 304 in 0.9108 ms
[19:41:05 INF] HTTP GET /lib/jquery/dist/jquery.min.js responded 304 in 0.4458 ms
[19:41:05 INF] HTTP GET /lib/bootstrap/dist/js/bootstrap.bundle.min.js responded 304 in 0.4471 ms
[19:41:05 INF] HTTP GET /lib/bootstrap/dist/css/bootstrap.min.css responded 304 in 3.6970 ms
[19:41:05 INF] HTTP GET /css/site.css responded 304 in 0.5993 ms
[19:41:05 INF] HTTP GET /js/site.js responded 304 in 0.6755 ms
[19:41:05 INF] HTTP GET /lib/jquery-validation/dist/jquery.validate.min.js responded 200 in 0.7889 ms
[19:41:05 INF] HTTP GET /lib/jquery-validation-unobtrusive/dist/jquery.validate.unobtrusive.min.js responded 200 in 0.7566 ms
[19:41:23 INF] HTTP POST /Crm/UpdateCustomer responded 200 in 17.9396 ms
[19:41:23 INF] HTTP GET /lib/bootstrap/dist/css/bootstrap.min.css responded 200 in 1.0174 ms
[19:41:23 INF] HTTP GET /Biktal.WebMVC.styles.css responded 304 in 0.3826 ms
[19:41:23 INF] HTTP GET /css/site.css responded 304 in 0.5938 ms
[19:41:23 INF] HTTP GET /lib/bootstrap/dist/js/bootstrap.bundle.min.js responded 304 in 0.5416 ms
[19:41:23 INF] HTTP GET /js/site.js responded 304 in 0.4752 ms
[19:41:23 INF] HTTP GET /lib/jquery-validation/dist/jquery.validate.min.js responded 304 in 0.5810 ms
[19:41:23 INF] HTTP GET /lib/jquery/dist/jquery.min.js responded 304 in 3.7770 ms
[19:41:23 INF] HTTP GET /lib/jquery-validation-unobtrusive/dist/jquery.validate.unobtrusive.min.js responded 304 in 0.6926 ms
[19:41:25 INF] HTTP GET /Crm/Customers responded 200 in 12.7363 ms
[19:41:25 INF] HTTP GET /css/site.css responded 304 in 1.5517 ms
[19:41:25 INF] HTTP GET /lib/bootstrap/dist/css/bootstrap.min.css responded 304 in 3.2304 ms
[19:41:25 INF] HTTP GET /Biktal.WebMVC.styles.css responded 304 in 1.2175 ms
[19:41:25 INF] HTTP GET /lib/jquery/dist/jquery.min.js responded 304 in 0.9225 ms
[19:41:25 INF] HTTP GET /lib/bootstrap/dist/js/bootstrap.bundle.min.js responded 304 in 0.5031 ms
[19:41:25 INF] HTTP GET /js/site.js responded 304 in 0.5734 ms
[19:41:32 INF] HTTP GET /Crm/NewCustomer responded 200 in 5.5083 ms
[19:41:32 INF] HTTP GET /lib/bootstrap/dist/css/bootstrap.min.css responded 200 in 2.8432 ms
[19:41:32 INF] HTTP GET /css/site.css responded 304 in 0.6591 ms
[19:41:32 INF] HTTP GET /lib/jquery/dist/jquery.min.js responded 304 in 0.4027 ms
[19:41:32 INF] HTTP GET /Biktal.WebMVC.styles.css responded 304 in 1.4851 ms
[19:41:32 INF] HTTP GET /lib/bootstrap/dist/js/bootstrap.bundle.min.js responded 304 in 6.9718 ms
[19:41:32 INF] HTTP GET /js/site.js responded 304 in 0.9372 ms
[19:41:32 INF] HTTP GET /lib/jquery-validation/dist/jquery.validate.min.js responded 304 in 0.4151 ms
[19:41:32 INF] HTTP GET /lib/jquery-validation-unobtrusive/dist/jquery.validate.unobtrusive.min.js responded 304 in 0.3564 ms
[19:41:34 INF] HTTP GET /Installments responded 200 in 10.1483 ms
[19:41:34 INF] HTTP GET /lib/bootstrap/dist/css/bootstrap.min.css responded 200 in 9.3242 ms
[19:41:34 INF] HTTP GET /css/site.css responded 304 in 0.6393 ms
[19:41:34 INF] HTTP GET /lib/jquery/dist/jquery.min.js responded 304 in 1.1852 ms
[19:41:34 INF] HTTP GET /lib/bootstrap/dist/js/bootstrap.bundle.min.js responded 304 in 0.8080 ms
[19:41:34 INF] HTTP GET /Biktal.WebMVC.styles.css responded 304 in 0.5504 ms
[19:41:34 INF] HTTP GET /js/site.js responded 304 in 2.2353 ms
[19:41:36 INF] HTTP GET /Installments/New responded 200 in 9.5378 ms
[19:41:36 INF] HTTP GET /lib/bootstrap/dist/css/bootstrap.min.css responded 200 in 2.3256 ms
[19:41:36 INF] HTTP GET /css/site.css responded 304 in 1.0342 ms
[19:41:36 INF] HTTP GET /Biktal.WebMVC.styles.css responded 304 in 1.1210 ms
[19:41:36 INF] HTTP GET /lib/jquery/dist/jquery.min.js responded 304 in 0.4501 ms
[19:41:36 INF] HTTP GET /js/site.js responded 304 in 1.1120 ms
[19:41:36 INF] HTTP GET /lib/bootstrap/dist/js/bootstrap.bundle.min.js responded 304 in 0.7960 ms
[19:41:36 INF] HTTP GET /lib/jquery-validation/dist/jquery.validate.min.js responded 304 in 0.9479 ms
[19:41:36 INF] HTTP GET /lib/jquery-validation-unobtrusive/dist/jquery.validate.unobtrusive.min.js responded 304 in 0.6532 ms
[19:41:58 INF] HTTP POST /Installments/Create responded 302 in 259.8550 ms
[19:41:58 WRN] Compiling a query which loads related collections for more than one collection navigation, either via 'Include' or through projection, but no 'QuerySplittingBehavior' has been configured. By default, Entity Framework will use 'QuerySplittingBehavior.SingleQuery', which can potentially result in slow query performance. See https://go.microsoft.com/fwlink/?linkid=2134277 for more information. To identify the query that's triggering this warning call 'ConfigureWarnings(w => w.Throw(RelationalEventId.MultipleCollectionIncludeWarning))'.
[19:41:58 INF] HTTP GET /Installments/Detail/f19e8eec-c213-4323-abfd-7fddee6b4c20 responded 200 in 102.5211 ms
[19:41:58 INF] HTTP GET /css/site.css responded 304 in 0.7164 ms
[19:41:58 INF] HTTP GET /lib/bootstrap/dist/css/bootstrap.min.css responded 200 in 4.5418 ms
[19:41:58 INF] HTTP GET /Biktal.WebMVC.styles.css responded 304 in 0.4737 ms
[19:41:58 INF] HTTP GET /lib/bootstrap/dist/js/bootstrap.bundle.min.js responded 304 in 0.6325 ms
[19:41:58 INF] HTTP GET /lib/jquery/dist/jquery.min.js responded 304 in 0.4190 ms
[19:41:58 INF] HTTP GET /js/site.js responded 304 in 0.8192 ms
[19:41:58 INF] HTTP GET /lib/jquery-validation-unobtrusive/dist/jquery.validate.unobtrusive.min.js responded 304 in 0.7063 ms
[19:41:58 INF] HTTP GET /lib/jquery-validation/dist/jquery.validate.min.js responded 304 in 1.5456 ms
[19:42:02 INF] HTTP GET /Installments/New responded 200 in 12.6592 ms
[19:42:02 INF] HTTP GET /lib/bootstrap/dist/css/bootstrap.min.css responded 304 in 0.4703 ms
[19:42:02 INF] HTTP GET /css/site.css responded 304 in 0.4296 ms
[19:42:02 INF] HTTP GET /Biktal.WebMVC.styles.css responded 304 in 0.5159 ms
[19:42:02 INF] HTTP GET /lib/jquery/dist/jquery.min.js responded 304 in 1.8657 ms
[19:42:02 INF] HTTP GET /lib/bootstrap/dist/js/bootstrap.bundle.min.js responded 304 in 0.7442 ms
[19:42:02 INF] HTTP GET /js/site.js responded 304 in 0.5563 ms
[19:4