[18:07:55 WRN] Using an in-memory repository. Keys will not be persisted to storage.
[18:07:55 WRN] Neither user profile nor HKLM registry available. Using an ephemeral key repository. Protected data will be unavailable when application exits.
[18:07:56 WRN] No XML encryptor configured. Key {02f1ae1e-6b4c-4375-aae9-91c4100339db} may be persisted to storage in unencrypted form.
[18:07:56 INF] Application started. Press Ctrl+C to shut down.
[18:07:56 INF] Hosting environment: Production
[18:07:56 INF] Content root path: D:\Systems\BiktalSystems\publish
[18:07:56 WRN] The query uses the 'First'/'FirstOrDefault' operator without 'OrderBy' and filter operators. This may lead to unpredictable results.
[18:07:56 ERR] An exception was thrown while deserializing the token.
Microsoft.AspNetCore.Antiforgery.AntiforgeryValidationException: The antiforgery token could not be decrypted.
 ---> System.Security.Cryptography.CryptographicException: The key {e5d09895-63da-4dda-a4fe-73b07dd7c758} was not found in the key ring. For more information go to https://aka.ms/aspnet/dataprotectionwarning
   at Microsoft.AspNetCore.DataProtection.KeyManagement.KeyRingBasedDataProtector.UnprotectCore(Byte[] protectedData, Boolean allowOperationsOnRevokedKeys, UnprotectStatus& status)
   at Microsoft.AspNetCore.DataProtection.KeyManagement.KeyRingBasedDataProtector.Unprotect(Byte[] protectedData)
   at Microsoft.AspNetCore.Antiforgery.DefaultAntiforgeryTokenSerializer.Deserialize(String serializedToken)
   --- End of inner exception stack trace ---
   at Microsoft.AspNetCore.Antiforgery.DefaultAntiforgeryTokenSerializer.Deserialize(String serializedToken)
   at Microsoft.AspNetCore.Antiforgery.DefaultAntiforgery.GetCookieTokenDoesNotThrow(HttpContext httpContext)
[18:07:56 INF] HTTP GET / responded 200 in 399.1069 ms
[18:07:56 INF] HTTP GET /css/site.css responded 200 in 42.3103 ms
[18:07:56 INF] HTTP GET /Biktal.WebMVC.styles.css responded 200 in 23.6919 ms
[18:07:56 INF] HTTP GET /lib/bootstrap/dist/css/bootstrap.min.css responded 200 in 54.6960 ms
[18:07:57 INF] HTTP GET /js/site.js responded 200 in 24.5430 ms
[18:07:57 INF] HTTP GET /lib/bootstrap/dist/js/bootstrap.bundle.min.js responded 200 in 25.3535 ms
[18:07:57 INF] HTTP GET /js/pos.js responded 200 in 25.3337 ms
[18:07:57 INF] HTTP GET /lib/jquery/dist/jquery.min.js responded 200 in 28.1801 ms
[18:08:46 INF] HTTP POST /Pos/CompleteSale responded 200 in 1018.4455 ms
[18:29:26 INF] Application is shutting down...
