[15:34:15 WRN] Using an in-memory repository. Keys will not be persisted to storage.
[15:34:15 WRN] Neither user profile nor HKLM registry available. Using an ephemeral key repository. Protected data will be unavailable when application exits.
[15:34:15 WRN] No XML encryptor configured. Key {2ac4cea1-551a-4d10-8c22-b1e62f4704fc} may be persisted to storage in unencrypted form.
[15:34:15 INF] Application started. Press Ctrl+C to shut down.
[15:34:15 INF] Hosting environment: Production
[15:34:15 INF] Content root path: D:\Systems\BiktalSystems\publish
[15:34:15 WRN] The query uses the 'First'/'FirstOrDefault' operator without 'OrderBy' and filter operators. This may lead to unpredictable results.
[15:34:15 ERR] An exception was thrown while deserializing the token.
Microsoft.AspNetCore.Antiforgery.AntiforgeryValidationException: The antiforgery token could not be decrypted.
 ---> System.Security.Cryptography.CryptographicException: The key {7f631e33-b02f-46b8-9422-fe2f7a853358} was not found in the key ring. For more information go to https://aka.ms/aspnet/dataprotectionwarning
   at Microsoft.AspNetCore.DataProtection.KeyManagement.KeyRingBasedDataProtector.UnprotectCore(Byte[] protectedData, Boolean allowOperationsOnRevokedKeys, UnprotectStatus& status)
   at Microsoft.AspNetCore.DataProtection.KeyManagement.KeyRingBasedDataProtector.Unprotect(Byte[] protectedData)
   at Microsoft.AspNetCore.Antiforgery.DefaultAntiforgeryTokenSerializer.Deserialize(String serializedToken)
   --- End of inner exception stack trace ---
   at Microsoft.AspNetCore.Antiforgery.DefaultAntiforgeryTokenSerializer.Deserialize(String serializedToken)
   at Microsoft.AspNetCore.Antiforgery.DefaultAntiforgery.GetCookieTokenDoesNotThrow(HttpContext httpContext)
[15:34:15 INF] HTTP GET / responded 200 in 395.9655 ms
[15:34:15 INF] HTTP GET /lib/bootstrap/dist/css/bootstrap.min.css responded 200 in 51.6779 ms
[15:34:15 INF] HTTP GET /Biktal.WebMVC.styles.css responded 200 in 34.2420 ms
[15:34:15 INF] HTTP GET /css/site.css responded 200 in 35.8347 ms
[15:34:16 INF] HTTP GET /js/site.js responded 200 in 22.4429 ms
[15:34:16 INF] HTTP GET /lib/bootstrap/dist/js/bootstrap.bundle.min.js responded 200 in 25.4540 ms
[15:34:16 INF] HTTP GET /lib/jquery/dist/jquery.min.js responded 200 in 26.7778 ms
[15:34:16 INF] HTTP GET /js/pos.js responded 200 in 52.4305 ms
[15:54:31 INF] Application is shutting down...
