[16:35:57 WRN] Using an in-memory repository. Keys will not be persisted to storage.
[16:35:57 WRN] Neither user profile nor HKLM registry available. Using an ephemeral key repository. Protected data will be unavailable when application exits.
[16:35:57 WRN] No XML encryptor configured. Key {aee1b74d-5622-4c2f-86ec-ea29afa92887} may be persisted to storage in unencrypted form.
[16:35:57 INF] Application started. Press Ctrl+C to shut down.
[16:35:57 INF] Hosting environment: Production
[16:35:57 INF] Content root path: D:\Systems\BiktalSystems\publish
[16:35:57 ERR] HTTP GET /Finance responded 500 in 163.3963 ms
System.OperationCanceledException: The operation was canceled.
   at System.Threading.CancellationToken.ThrowOperationCanceledException()
   at System.Threading.CancellationToken.ThrowIfCancellationRequested()
   at Npgsql.NpgsqlCommand.ExecuteReader(Boolean async, CommandBehavior behavior, CancellationToken cancellationToken)
   at Npgsql.NpgsqlCommand.ExecuteReader(Boolean async, CommandBehavior behavior, CancellationToken cancellationToken)
   at Npgsql.NpgsqlCommand.ExecuteDbDataReaderAsync(CommandBehavior behavior, CancellationToken cancellationToken)
   at Microsoft.EntityFrameworkCore.Storage.RelationalCommand.ExecuteReaderAsync(RelationalCommandParameterObject parameterObject, CancellationToken cancellationToken)
   at Microsoft.EntityFrameworkCore.Storage.RelationalCommand.ExecuteReaderAsync(RelationalCommandParameterObject parameterObject, CancellationToken cancellationToken)
   at Microsoft.EntityFrameworkCore.Query.Internal.SingleQueryingEnumerable`1.AsyncEnumerator.InitializeReaderAsync(AsyncEnumerator enumerator, CancellationToken cancellationToken)
   at Npgsql.EntityFrameworkCore.PostgreSQL.Storage.Internal.NpgsqlExecutionStrategy.ExecuteAsync[TState,TResult](TState state, Func`4 operation, Func`4 verifySucceeded, CancellationToken cancellationToken)
   at Microsoft.EntityFrameworkCore.Query.Internal.SingleQueryingEnumerable`1.AsyncEnumerator.MoveNextAsync()
   at Microsoft.EntityFrameworkCore.Query.ShapedQueryCompilingExpressionVisitor.SingleAsync[TSource](IAsyncEnumerable`1 asyncEnumerable, CancellationToken cancellationToken)
   at Microsoft.EntityFrameworkCore.Query.ShapedQueryCompilingExpressionVisitor.SingleAsync[TSource](IAsyncEnumerable`1 asyncEnumerable, CancellationToken cancellationToken)
   at Biktal.WebMVC.Controllers.FinanceController.Index(CancellationToken cancellationToken) in D:\Systems\BiktalSystems\Controllers\FinanceController.cs:line 34
   at Microsoft.AspNetCore.Mvc.Infrastructure.ActionMethodExecutor.TaskOfIActionResultExecutor.Execute(ActionContext actionContext, IActionResultTypeMapper mapper, ObjectMethodExecutor executor, Object controller, Object[] arguments)
   at Microsoft.AspNetCore.Mvc.Infrastructure.ControllerActionInvoker.<InvokeActionMethodAsync>g__Awaited|12_0(ControllerActionInvoker invoker, ValueTask`1 actionResultValueTask)
   at Microsoft.AspNetCore.Mvc.Infrastructure.ControllerActionInvoker.<InvokeNextActionFilterAsync>g__Awaited|10_0(ControllerActionInvoker invoker, Task lastTask, State next, Scope scope, Object state, Boolean isCompleted)
   at Microsoft.AspNetCore.Mvc.Infrastructure.ControllerActionInvoker.Rethrow(ActionExecutedContextSealed context)
   at Microsoft.AspNetCore.Mvc.Infrastructure.ControllerActionInvoker.Next(State& next, Scope& scope, Object& state, Boolean& isCompleted)
   at Microsoft.AspNetCore.Mvc.Infrastructure.ControllerActionInvoker.InvokeInnerFilterAsync()
--- End of stack trace from previous location ---
   at Microsoft.AspNetCore.Mvc.Infrastructure.ResourceInvoker.<InvokeNextResourceFilter>g__Awaited|25_0(ResourceInvoker invoker, Task lastTask, State next, Scope scope, Object state, Boolean isCompleted)
   at Microsoft.AspNetCore.Mvc.Infrastructure.ResourceInvoker.Rethrow(ResourceExecutedContextSealed context)
   at Microsoft.AspNetCore.Mvc.Infrastructure.ResourceInvoker.Next(State& next, Scope& scope, Object& state, Boolean& isCompleted)
   at Microsoft.AspNetCore.Mvc.Infrastructure.ResourceInvoker.InvokeFilterPipelineAsync()
--- End of stack trace from previous location ---
   at Microsoft.AspNetCore.Mvc.Infrastructure.ResourceInvoker.<InvokeAsync>g__Awaited|17_0(ResourceInvoker invoker, Task task, IDisposable scope)
   at Microsoft.AspNetCore.Mvc.Infrastructure.ResourceInvoker.<InvokeAsync>g__Awaited|17_0(ResourceInvoker invoker, Task task, IDisposable scope)
   at Microsoft.AspNetCore.Authorization.AuthorizationMiddleware.Invoke(HttpContext context)
   at Program.<>c.<<<Main>$>b__0_2>d.MoveNext() in D:\Systems\BiktalSystems\Program.cs:line 71
--- End of stack trace from previous location ---
   at Microsoft.AspNetCore.Authentication.AuthenticationMiddleware.Invoke(HttpContext context)
   at Microsoft.AspNetCore.Routing.EndpointRoutingMiddleware.<Invoke>g__AwaitMatcher|10_0(EndpointRoutingMiddleware middleware, HttpContext httpContext, Task`1 matcherTask)
   at Serilog.AspNetCore.RequestLoggingMiddleware.Invoke(HttpContext httpContext)
[16:35:57 INF] HTTP GET /Finance responded 200 in 378.3052 ms
[16:35:58 INF] HTTP GET /lib/bootstrap/dist/js/bootstrap.bundle.min.js responded 200 in 47.3165 ms
[16:35:58 INF] HTTP GET /css/site.css responded 200 in 50.6798 ms
[16:35:58 INF] HTTP GET /lib/jquery/dist/jquery.min.js responded 200 in 50.7812 ms
[16:35:58 INF] HTTP GET /Biktal.WebMVC.styles.css responded 200 in 47.1488 ms
[16:35:58 INF] HTTP GET /js/site.js responded 200 in 6.4362 ms
[16:35:58 INF] HTTP GET /lib/bootstrap/dist/css/bootstrap.min.css responded 200 in 54.1612 ms
[16:35:58 INF] HTTP GET /favicon.ico responded 200 in 20.6743 ms
[16:36:01 ERR] An exception was thrown while deserializing the token.
Microsoft.AspNetCore.Antiforgery.AntiforgeryValidationException: The antiforgery token could not be decrypted.
 ---> System.Security.Cryptography.CryptographicException: The key {d682a963-b554-4935-bca4-8ddd6f4a1e42} was not found in the key ring. For more information go to https://aka.ms/aspnet/dataprotectionwarning
   at Microsoft.AspNetCore.DataProtection.KeyManagement.KeyRingBasedDataProtector.UnprotectCore(Byte[] protectedData, Boolean allowOperationsOnRevokedKeys, UnprotectStatus& status)
   at Microsoft.AspNetCore.DataProtection.KeyManagement.KeyRingBasedDataProtector.Unprotect(Byte[] protectedData)
   at Microsoft.AspNetCore.Antiforgery.DefaultAntiforgeryTokenSerializer.Deserialize(String serializedToken)
   --- End of inner exception stack trace ---
   at Microsoft.AspNetCore.Antiforgery.DefaultAntiforgeryTokenSerializer.Deserialize(String serializedToken)
   at Microsoft.AspNetCore.Antiforgery.DefaultAntiforgery.GetCookieTokenDoesNotThrow(HttpContext httpContext)
[16:36:01 INF] HTTP GET /Finance/Expenses responded 200 in 421.1336 ms
[16:36:01 INF] HTTP GET /Biktal.WebMVC.styles.css responded 304 in 2.0389 ms
[16:36:01 INF] HTTP GET /lib/bootstrap/dist/css/bootstrap.min.css responded 304 in 26.0788 ms
[16:36:01 INF] HTTP GET /css/site.css responded 304 in 8.6187 ms
[16:36:01 INF] HTTP GET /lib/jquery-validation/dist/jquery.validate.min.js responded 200 in 2.4835 ms
[16:36:01 INF] HTTP GET /lib/jquery-validation-unobtrusive/dist/jquery.validate.unobtrusive.min.js responded 200 in 1.6254 ms
[16:36:01 INF] HTTP GET /js/site.js responded 304 in 30.4205 ms
[16:36:01 INF] HTTP GET /lib/jquery/dist/jquery.min.js responded 304 in 41.9040 ms
[16:36:01 INF] HTTP GET /lib/bootstrap/dist/js/bootstrap.bundle.min.js responded 304 in 180.0436 ms
[16:36:41 INF] HTTP POST /Finance/CreateExpense responded 302 in 450.9130 ms
[16:36:41 INF] HTTP GET /Finance/Expenses responded 200 in 27.4113 ms
[16:36:41 INF] HTTP GET /css/site.css responded 200 in 4.6480 ms
[16:36:41 INF] HTTP GET /lib/bootstrap/dist/css/bootstrap.min.css responded 200 in 2.6177 ms
[16:36:41 INF] HTTP GET /Biktal.WebMVC.styles.css responded 200 in 1.3318 ms
[16:36:41 INF] HTTP GET /lib/jquery/dist/jquery.min.js responded 200 in 2.1076 ms
[16:36:41 INF] HTTP GET /js/site.js responded 200 in 1.2906 ms
[16:36:41 INF] HTTP GET /lib/bootstrap/dist/js/bootstrap.bundle.min.js responded 200 in 1.6979 ms
[16:36:41 INF] HTTP GET /lib/jquery-validation-unobtrusive/dist/jquery.validate.unobtrusive.min.js responded 200 in 17.2361 ms
[16:36:41 INF] HTTP GET /lib/jquery-validation/dist/jquery.validate.min.js responded 200 in 31.4330 ms
[16:37:01 INF] HTTP POST /Finance/CreateExpense responded 302 in 22.5062 ms
[16:37:01 INF] HTTP GET /Finance/Expenses responded 200 in 28.5954 ms
[16:37:01 INF] HTTP GET /lib/bootstrap/dist/css/bootstrap.min.css responded 200 in 2.3381 ms
[16:37:01 INF] HTTP GET /Biktal.WebMVC.styles.css responded 200 in 1.2967 ms
[16:37:01 INF] HTTP GET /lib/jquery/dist/jquery.min.js responded 304 in 0.8411 ms
[16:37:01 INF] HTTP GET /css/site.css responded 200 in 3.3491 ms
[16:37:01 INF] HTTP GET /lib/bootstrap/dist/js/bootstrap.bundle.min.js responded 304 in 0.2819 ms
[16:37:01 INF] HTTP GET /js/site.js responded 304 in 0.8943 ms
[16:37:01 INF] HTTP GET /lib/jquery-validation-unobtrusive/dist/jquery.validate.unobtrusive.min.js responded 304 in 0.7752 ms
[16:37:01 INF] HTTP GET /lib/jquery-validation/dist/jquery.validate.min.js responded 304 in 1.1603 ms
[16:37:10 INF] HTTP GET /Insights responded 302 in 3.3941 ms
[16:37:11 INF] HTTP GET /Insights/Daily responded 200 in 460.5393 ms
[16:37:11 INF] HTTP GET /lib/bootstrap/dist/css/bootstrap.min.css responded 200 in 11.6686 ms
[16:37:11 INF] HTTP GET /lib/jquery/dist/jquery.min.js responded 304 in 0.2519 ms
[16:37:11 INF] HTTP GET /css/site.css responded 200 in 1.3031 ms
[16:37:11 INF] HTTP GET /lib/bootstrap/dist/js/bootstrap.bundle.min.js responded 304 in 0.2313 ms
[16:37:11 INF] HTTP GET /Biktal.WebMVC.styles.css responded 200 in 3.6911 ms
[16:37:11 INF] HTTP GET /js/site.js responded 304 in 0.4946 ms
[16:37:13 INF] HTTP GET /Insights/Monthly responded 200 in 206.5966 ms
[16:37:13 INF] HTTP GET /lib/bootstrap/dist/css/bootstrap.min.css responded 304 in 1.4091 ms
[16:37:13 INF] HTTP GET /css/site.css responded 304 in 0.3069 ms
[16:37:13 INF] HTTP GET /lib/jquery/dist/jquery.min.js responded 304 in 0.1858 ms
[16:37:13 INF] HTTP GET /Biktal.WebMVC.styles.css responded 304 in 0.3211 ms
[16:37:13 INF] HTTP GET /lib/bootstrap/dist/js/bootstrap.bundle.min.js responded 304 in 0.1769 ms
[16:37:13 INF] HTTP GET /js/site.js responded 304 in 0.3027 ms
[16:57:34 INF] Application is shutting down...
