[15:31:41 WRN] Using an in-memory repository. Keys will not be persisted to storage.
[15:31:41 WRN] Neither user profile nor HKLM registry available. Using an ephemeral key repository. Protected data will be unavailable when application exits.
[15:31:41 WRN] No XML encryptor configured. Key {69b552b8-2a6e-456d-9e8a-7a4ea300b4d1} may be persisted to storage in unencrypted form.
[15:31:41 INF] Application started. Press Ctrl+C to shut down.
[15:31:41 INF] Hosting environment: Production
[15:31:41 INF] Content root path: D:\Systems\BiktalSystems\publish
[15:31:42 ERR] An exception was thrown while deserializing the token.
Microsoft.AspNetCore.Antiforgery.AntiforgeryValidationException: The antiforgery token could not be decrypted.
 ---> System.Security.Cryptography.CryptographicException: The key {5969d220-baf5-489f-88df-d83f181921e9} was not found in the key ring. For more information go to https://aka.ms/aspnet/dataprotectionwarning
   at Microsoft.AspNetCore.DataProtection.KeyManagement.KeyRingBasedDataProtector.UnprotectCore(Byte[] protectedData, Boolean allowOperationsOnRevokedKeys, UnprotectStatus& status)
   at Microsoft.AspNetCore.DataProtection.KeyManagement.KeyRingBasedDataProtector.Unprotect(Byte[] protectedData)
   at Microsoft.AspNetCore.Antiforgery.DefaultAntiforgeryTokenSerializer.Deserialize(String serializedToken)
   --- End of inner exception stack trace ---
   at Microsoft.AspNetCore.Antiforgery.DefaultAntiforgeryTokenSerializer.Deserialize(String serializedToken)
   at Microsoft.AspNetCore.Antiforgery.DefaultAntiforgery.GetCookieTokenDoesNotThrow(HttpContext httpContext)
[15:31:42 INF] HTTP GET /Inventory/Products responded 200 in 779.4256 ms
[15:31:42 INF] HTTP GET /lib/bootstrap/dist/css/bootstrap.min.css responded 200 in 33.3867 ms
[15:31:42 INF] HTTP GET /Biktal.WebMVC.styles.css responded 200 in 33.9939 ms
[15:31:42 INF] HTTP GET /css/site.css responded 200 in 34.3564 ms
[15:31:43 INF] HTTP GET /lib/jquery/dist/jquery.min.js responded 200 in 9.5434 ms
[15:31:43 INF] HTTP GET /lib/jquery-validation/dist/jquery.validate.min.js responded 200 in 1.9084 ms
[15:31:43 INF] HTTP GET /js/site.js responded 200 in 1.6674 ms
[15:31:43 INF] HTTP GET /lib/bootstrap/dist/js/bootstrap.bundle.min.js responded 200 in 8.6714 ms
[15:31:43 INF] HTTP GET /lib/jquery-validation-unobtrusive/dist/jquery.validate.unobtrusive.min.js responded 200 in 1.2727 ms
[15:31:43 INF] HTTP GET /js/products-catalog-filter.js responded 200 in 14.4918 ms
[15:52:38 INF] Application is shutting down...
