[19:48:23 WRN] Using an in-memory repository. Keys will not be persisted to storage.
[19:48:23 WRN] Neither user profile nor HKLM registry available. Using an ephemeral key repository. Protected data will be unavailable when application exits.
[19:48:23 WRN] No XML encryptor configured. Key {4b6ed3c4-4f37-4863-9995-8dfe3246b79f} may be persisted to storage in unencrypted form.
[19:48:23 INF] Application started. Press Ctrl+C to shut down.
[19:48:23 INF] Hosting environment: Production
[19:48:23 INF] Content root path: D:\Systems\BiktalSystems\publish
[19:48:23 INF] HTTP GET /Insights responded 302 in 142.5569 ms
[19:48:24 INF] HTTP GET /Insights/Daily responded 200 in 411.6043 ms
[19:48:24 INF] HTTP GET /css/site.css responded 200 in 41.2758 ms
[19:48:24 INF] HTTP GET /lib/bootstrap/dist/css/bootstrap.min.css responded 200 in 40.4882 ms
[19:48:24 INF] HTTP GET /Biktal.WebMVC.styles.css responded 200 in 37.7586 ms
[19:48:24 INF] HTTP GET /lib/jquery/dist/jquery.min.js responded 200 in 9.7134 ms
[19:48:24 INF] HTTP GET /lib/bootstrap/dist/js/bootstrap.bundle.min.js responded 200 in 10.1177 ms
[19:48:24 INF] HTTP GET /js/site.js responded 200 in 2.9085 ms
[19:50:06 INF] HTTP GET /Insights/Sale responded 200 in 270.9016 ms
[19:50:06 INF] HTTP GET /css/site.css responded 200 in 4.4665 ms
[19:50:06 INF] HTTP GET /Biktal.WebMVC.styles.css responded 200 in 1.8842 ms
[19:50:06 INF] HTTP GET /js/site.js responded 200 in 19.6885 ms
[19:50:06 INF] HTTP GET /lib/jquery/dist/jquery.min.js responded 200 in 62.4946 ms
[19:50:06 INF] HTTP GET /lib/bootstrap/dist/css/bootstrap.min.css responded 200 in 1.2982 ms
[19:50:06 INF] HTTP GET /lib/bootstrap/dist/js/bootstrap.bundle.min.js responded 200 in 223.6438 ms
[19:50:14 INF] HTTP GET /Insights/Sale responded 200 in 14.2378 ms
[19:50:14 INF] HTTP GET /css/site.css responded 200 in 1.3603 ms
[19:50:14 INF] HTTP GET /Biktal.WebMVC.styles.css responded 200 in 2.3179 ms
[19:50:14 INF] HTTP GET /lib/jquery/dist/jquery.min.js responded 304 in 4.2212 ms
[19:50:14 INF] HTTP GET /lib/bootstrap/dist/js/bootstrap.bundle.min.js responded 304 in 2.7895 ms
[19:50:14 INF] HTTP GET /js/site.js responded 304 in 0.3918 ms
[19:50:14 INF] HTTP GET /lib/bootstrap/dist/css/bootstrap.min.css responded 200 in 17.5194 ms
[19:50:20 INF] HTTP GET /Insights/Sale responded 200 in 7.8437 ms
[19:50:20 INF] HTTP GET /Biktal.WebMVC.styles.css responded 200 in 1.2407 ms
[19:50:20 INF] HTTP GET /lib/bootstrap/dist/css/bootstrap.min.css responded 200 in 1.7514 ms
[19:50:20 INF] HTTP GET /css/site.css responded 200 in 2.1390 ms
[19:50:20 INF] HTTP GET /lib/jquery/dist/jquery.min.js responded 304 in 0.8457 ms
[19:50:20 INF] HTTP GET /js/site.js responded 304 in 1.6274 ms
[19:50:20 INF] HTTP GET /lib/bootstrap/dist/js/bootstrap.bundle.min.js responded 304 in 0.2978 ms
[19:50:25 INF] HTTP GET /Insights/Sale responded 200 in 7.2751 ms
[19:50:25 INF] HTTP GET /lib/bootstrap/dist/css/bootstrap.min.css responded 200 in 1.5793 ms
[19:50:25 INF] HTTP GET /css/site.css responded 200 in 4.0894 ms
[19:50:25 INF] HTTP GET /Biktal.WebMVC.styles.css responded 200 in 2.3431 ms
[19:50:25 INF] HTTP GET /lib/jquery/dist/jquery.min.js responded 304 in 1.5265 ms
[19:50:25 INF] HTTP GET /lib/bootstrap/dist/js/bootstrap.bundle.min.js responded 304 in 1.2230 ms
[19:50:25 INF] HTTP GET /js/site.js responded 304 in 0.4612 ms
[20:00:50 WRN] The query uses the 'First'/'FirstOrDefault' operator without 'OrderBy' and filter operators. This may lead to unpredictable results.
[20:00:50 ERR] An exception was thrown while deserializing the token.
Microsoft.AspNetCore.Antiforgery.AntiforgeryValidationException: The antiforgery token could not be decrypted.
 ---> System.Security.Cryptography.CryptographicException: The key {48ff1af5-d3d8-48cf-a70e-7c2924e2c19e} was not found in the key ring. For more information go to https://aka.ms/aspnet/dataprotectionwarning
   at Microsoft.AspNetCore.DataProtection.KeyManagement.KeyRingBasedDataProtector.UnprotectCore(Byte[] protectedData, Boolean allowOperationsOnRevokedKeys, UnprotectStatus& status)
   at Microsoft.AspNetCore.DataProtection.KeyManagement.KeyRingBasedDataProtector.Unprotect(Byte[] protectedData)
   at Microsoft.AspNetCore.Antiforgery.DefaultAntiforgeryTokenSerializer.Deserialize(String serializedToken)
   --- End of inner exception stack trace ---
   at Microsoft.AspNetCore.Antiforgery.DefaultAntiforgeryTokenSerializer.Deserialize(String serializedToken)
   at Microsoft.AspNetCore.Antiforgery.DefaultAntiforgery.GetCookieTokenDoesNotThrow(HttpContext httpContext)
[20:00:50 INF] HTTP GET / responded 200 in 339.2523 ms
[20:00:50 INF] HTTP GET /lib/bootstrap/dist/css/bootstrap.min.css responded 200 in 1.2576 ms
[20:00:50 INF] HTTP GET /Biktal.WebMVC.styles.css responded 200 in 0.6095 ms
[20:00:50 INF] HTTP GET /css/site.css responded 200 in 0.5895 ms
[20:00:50 INF] HTTP GET /lib/bootstrap/dist/js/bootstrap.bundle.min.js responded 200 in 1.0644 ms
[20:00:50 INF] HTTP GET /lib/jquery/dist/jquery.min.js responded 200 in 7.9367 ms
[20:00:50 INF] HTTP GET /js/site.js responded 200 in 0.6480 ms
[20:00:50 INF] HTTP GET /js/pos.js responded 200 in 0.7772 ms
[20:21:22 INF] Application is shutting down...
