[16:09:02 ERR] Failed executing DbCommand (15ms) [Parameters=[@p0='?' (DbType = Guid), @p1='?' (DbType = DateTime), @p2='?' (DbType = Guid), @p3='?', @p4='?' (DbType = DateTime), @p5='?' (DbType = Int32), @p6='?' (DbType = Int32), @p7='?', @p8='?', @p9='?' (DbType = Guid), @p10='?' (DbType = DateTime), @p11='?' (DbType = Guid), @p12='?', @p13='?' (DbType = DateTime), @p14='?' (DbType = Int32), @p15='?' (DbType = Int32), @p16='?', @p17='?'], CommandType='Text', CommandTimeout='30']
INSERT INTO "CrmSupportTickets" ("Id", "CreatedAtUtc", "CustomerId", "Description", "ModifiedAtUtc", "Priority", "Status", "Subject", "TicketNumber")
VALUES (@p0, @p1, @p2, @p3, @p4, @p5, @p6, @p7, @p8);
INSERT INTO "CrmSupportTickets" ("Id", "CreatedAtUtc", "CustomerId", "Description", "ModifiedAtUtc", "Priority", "Status", "Subject", "TicketNumber")
VALUES (@p9, @p10, @p11, @p12, @p13, @p14, @p15, @p16, @p17);
[16:09:02 ERR] An exception occurred in the database while saving changes for context type 'Biktal.Infrastructure.Persistence.ApplicationDbContext'.
Microsoft.EntityFrameworkCore.DbUpdateException: An error occurred while saving the entity changes. See the inner exception for details.
 ---> Npgsql.PostgresException (0x80004005): 23503: insert or update on table "CrmSupportTickets" violates foreign key constraint "FK_CrmSupportTickets_CrmCustomers_CustomerId"

DETAIL: Detail redacted as it may contain sensitive data. Specify 'Include Error Detail' in the connection string to include this information.
   at Npgsql.Internal.NpgsqlConnector.ReadMessageLong(Boolean async, DataRowLoadingMode dataRowLoadingMode, Boolean readingNotifications, Boolean isReadingPrependedMessage)
   at System.Runtime.CompilerServices.PoolingAsyncValueTaskMethodBuilder`1.StateMachineBox`1.System.Threading.Tasks.Sources.IValueTaskSource<TResult>.GetResult(Int16 token)
   at Npgsql.NpgsqlDataReader.NextResult(Boolean async, Boolean isConsuming, CancellationToken cancellationToken)
   at Npgsql.NpgsqlDataReader.NextResult(Boolean async, Boolean isConsuming, CancellationToken cancellationToken)
   at Npgsql.NpgsqlCommand.ExecuteReader(Boolean async, CommandBehavior behavior, CancellationToken cancellationToken)
   at Npgsql.NpgsqlCommand.ExecuteReader(Boolean async, CommandBehavior behavior, CancellationToken cancellationToken)
   at Npgsql.NpgsqlCommand.ExecuteDbDataReaderAsync(CommandBehavior behavior, CancellationToken cancellationToken)
   at Microsoft.EntityFrameworkCore.Storage.RelationalCommand.ExecuteReaderAsync(RelationalCommandParameterObject parameterObject, CancellationToken cancellationToken)
   at Microsoft.EntityFrameworkCore.Storage.RelationalCommand.ExecuteReaderAsync(RelationalCommandParameterObject parameterObject, CancellationToken cancellationToken)
   at Microsoft.EntityFrameworkCore.Update.ReaderModificationCommandBatch.ExecuteAsync(IRelationalConnection connection, CancellationToken cancellationToken)
  Exception data:
    Severity: ERROR
    SqlState: 23503
    MessageText: insert or update on table "CrmSupportTickets" violates foreign key constraint "FK_CrmSupportTickets_CrmCustomers_CustomerId"
    Detail: Detail redacted as it may contain sensitive data. Specify 'Include Error Detail' in the connection string to include this information.
    SchemaName: public
    TableName: CrmSupportTickets
    ConstraintName: FK_CrmSupportTickets_CrmCustomers_CustomerId
    File: ri_triggers.c
    Line: 2783
    Routine: ri_ReportViolation
   --- End of inner exception stack trace ---
   at Microsoft.EntityFrameworkCore.Update.ReaderModificationCommandBatch.ExecuteAsync(IRelationalConnection connection, CancellationToken cancellationToken)
   at Microsoft.EntityFrameworkCore.Update.Internal.BatchExecutor.ExecuteAsync(IEnumerable`1 commandBatches, IRelationalConnection connection, CancellationToken cancellationToken)
   at Microsoft.EntityFrameworkCore.Update.Internal.BatchExecutor.ExecuteAsync(IEnumerable`1 commandBatches, IRelationalConnection connection, CancellationToken cancellationToken)
   at Microsoft.EntityFrameworkCore.Update.Internal.BatchExecutor.ExecuteAsync(IEnumerable`1 commandBatches, IRelationalConnection connection, CancellationToken cancellationToken)
   at Microsoft.EntityFrameworkCore.Storage.RelationalDatabase.SaveChangesAsync(IList`1 entries, CancellationToken cancellationToken)
   at Microsoft.EntityFrameworkCore.ChangeTracking.Internal.StateManager.SaveChangesAsync(IList`1 entriesToSave, CancellationToken cancellationToken)
   at Microsoft.EntityFrameworkCore.ChangeTracking.Internal.StateManager.SaveChangesAsync(StateManager stateManager, Boolean acceptAllChangesOnSuccess, CancellationToken cancellationToken)
   at Npgsql.EntityFrameworkCore.PostgreSQL.Storage.Internal.NpgsqlExecutionStrategy.ExecuteAsync[TState,TResult](TState state, Func`4 operation, Func`4 verifySucceeded, CancellationToken cancellationToken)
   at Microsoft.EntityFrameworkCore.DbContext.SaveChangesAsync(Boolean acceptAllChangesOnSuccess, CancellationToken cancellationToken)
Microsoft.EntityFrameworkCore.DbUpdateException: An error occurred while saving the entity changes. See the inner exception for details.
 ---> Npgsql.PostgresException (0x80004005): 23503: insert or update on table "CrmSupportTickets" violates foreign key constraint "FK_CrmSupportTickets_CrmCustomers_CustomerId"

DETAIL: Detail redacted as it may contain sensitive data. Specify 'Include Error Detail' in the connection string to include this information.
   at Npgsql.Internal.NpgsqlConnector.ReadMessageLong(Boolean async, DataRowLoadingMode dataRowLoadingMode, Boolean readingNotifications, Boolean isReadingPrependedMessage)
   at System.Runtime.CompilerServices.PoolingAsyncValueTaskMethodBuilder`1.StateMachineBox`1.System.Threading.Tasks.Sources.IValueTaskSource<TResult>.GetResult(Int16 token)
   at Npgsql.NpgsqlDataReader.NextResult(Boolean async, Boolean isConsuming, CancellationToken cancellationToken)
   at Npgsql.NpgsqlDataReader.NextResult(Boolean async, Boolean isConsuming, CancellationToken cancellationToken)
   at Npgsql.NpgsqlCommand.ExecuteReader(Boolean async, CommandBehavior behavior, CancellationToken cancellationToken)
   at Npgsql.NpgsqlCommand.ExecuteReader(Boolean async, CommandBehavior behavior, CancellationToken cancellationToken)
   at Npgsql.NpgsqlCommand.ExecuteDbDataReaderAsync(CommandBehavior behavior, CancellationToken cancellationToken)
   at Microsoft.EntityFrameworkCore.Storage.RelationalCommand.ExecuteReaderAsync(RelationalCommandParameterObject parameterObject, CancellationToken cancellationToken)
   at Microsoft.EntityFrameworkCore.Storage.RelationalCommand.ExecuteReaderAsync(RelationalCommandParameterObject parameterObject, CancellationToken cancellationToken)
   at Microsoft.EntityFrameworkCore.Update.ReaderModificationCommandBatch.ExecuteAsync(IRelationalConnection connection, CancellationToken cancellationToken)
  Exception data:
    Severity: ERROR
    SqlState: 23503
    MessageText: insert or update on table "CrmSupportTickets" violates foreign key constraint "FK_CrmSupportTickets_CrmCustomers_CustomerId"
    Detail: Detail redacted as it may contain sensitive data. Specify 'Include Error Detail' in the connection string to include this information.
    SchemaName: public
    TableName: CrmSupportTickets
    ConstraintName: FK_CrmSupportTickets_CrmCustomers_CustomerId
    File: ri_triggers.c
    Line: 2783
    Routine: ri_ReportViolation
   --- End of inner exception stack trace ---
   at Microsoft.EntityFrameworkCore.Update.ReaderModificationCommandBatch.ExecuteAsync(IRelationalConnection connection, CancellationToken cancellationToken)
   at Microsoft.EntityFrameworkCore.Update.Internal.BatchExecutor.ExecuteAsync(IEnumerable`1 commandBatches, IRelationalConnection connection, CancellationToken cancellationToken)
   at Microsoft.EntityFrameworkCore.Update.Internal.BatchExecutor.ExecuteAsync(IEnumerable`1 commandBatches, IRelationalConnection connection, CancellationToken cancellationToken)
   at Microsoft.EntityFrameworkCore.Update.Internal.BatchExecutor.ExecuteAsync(IEnumerable`1 commandBatches, IRelationalConnection connection, CancellationToken cancellationToken)
   at Microsoft.EntityFrameworkCore.Storage.RelationalDatabase.SaveChangesAsync(IList`1 entries, CancellationToken cancellationToken)
   at Microsoft.EntityFrameworkCore.ChangeTracking.Internal.StateManager.SaveChangesAsync(IList`1 entriesToSave, CancellationToken cancellationToken)
   at Microsoft.EntityFrameworkCore.ChangeTracking.Internal.StateManager.SaveChangesAsync(StateManager stateManager, Boolean acceptAllChangesOnSuccess, CancellationToken cancellationToken)
   at Npgsql.EntityFrameworkCore.PostgreSQL.Storage.Internal.NpgsqlExecutionStrategy.ExecuteAsync[TState,TResult](TState state, Func`4 operation, Func`4 verifySucceeded, CancellationToken cancellationToken)
   at Microsoft.EntityFrameworkCore.DbContext.SaveChangesAsync(Boolean acceptAllChangesOnSuccess, CancellationToken cancellationToken)
[16:09:02 ERR] Database migration or seed failed. Check PostgreSQL is running and ConnectionStrings:DefaultConnection is correct.
Microsoft.EntityFrameworkCore.DbUpdateException: An error occurred while saving the entity changes. See the inner exception for details.
 ---> Npgsql.PostgresException (0x80004005): 23503: insert or update on table "CrmSupportTickets" violates foreign key constraint "FK_CrmSupportTickets_CrmCustomers_CustomerId"

DETAIL: Detail redacted as it may contain sensitive data. Specify 'Include Error Detail' in the connection string to include this information.
   at Npgsql.Internal.NpgsqlConnector.ReadMessageLong(Boolean async, DataRowLoadingMode dataRowLoadingMode, Boolean readingNotifications, Boolean isReadingPrependedMessage)
   at System.Runtime.CompilerServices.PoolingAsyncValueTaskMethodBuilder`1.StateMachineBox`1.System.Threading.Tasks.Sources.IValueTaskSource<TResult>.GetResult(Int16 token)
   at Npgsql.NpgsqlDataReader.NextResult(Boolean async, Boolean isConsuming, CancellationToken cancellationToken)
   at Npgsql.NpgsqlDataReader.NextResult(Boolean async, Boolean isConsuming, CancellationToken cancellationToken)
   at Npgsql.NpgsqlCommand.ExecuteReader(Boolean async, CommandBehavior behavior, CancellationToken cancellationToken)
   at Npgsql.NpgsqlCommand.ExecuteReader(Boolean async, CommandBehavior behavior, CancellationToken cancellationToken)
   at Npgsql.NpgsqlCommand.ExecuteDbDataReaderAsync(CommandBehavior behavior, CancellationToken cancellationToken)
   at Microsoft.EntityFrameworkCore.Storage.RelationalCommand.ExecuteReaderAsync(RelationalCommandParameterObject parameterObject, CancellationToken cancellationToken)
   at Microsoft.EntityFrameworkCore.Storage.RelationalCommand.ExecuteReaderAsync(RelationalCommandParameterObject parameterObject, CancellationToken cancellationToken)
   at Microsoft.EntityFrameworkCore.Update.ReaderModificationCommandBatch.ExecuteAsync(IRelationalConnection connection, CancellationToken cancellationToken)
  Exception data:
    Severity: ERROR
    SqlState: 23503
    MessageText: insert or update on table "CrmSupportTickets" violates foreign key constraint "FK_CrmSupportTickets_CrmCustomers_CustomerId"
    Detail: Detail redacted as it may contain sensitive data. Specify 'Include Error Detail' in the connection string to include this information.
    SchemaName: public
    TableName: CrmSupportTickets
    ConstraintName: FK_CrmSupportTickets_CrmCustomers_CustomerId
    File: ri_triggers.c
    Line: 2783
    Routine: ri_ReportViolation
   --- End of inner exception stack trace ---
   at Microsoft.EntityFrameworkCore.Update.ReaderModificationCommandBatch.ExecuteAsync(IRelationalConnection connection, CancellationToken cancellationToken)
   at Microsoft.EntityFrameworkCore.Update.Internal.BatchExecutor.ExecuteAsync(IEnumerable`1 commandBatches, IRelationalConnection connection, CancellationToken cancellationToken)
   at Microsoft.EntityFrameworkCore.Update.Internal.BatchExecutor.ExecuteAsync(IEnumerable`1 commandBatches, IRelationalConnection connection, CancellationToken cancellationToken)
   at Microsoft.EntityFrameworkCore.Update.Internal.BatchExecutor.ExecuteAsync(IEnumerable`1 commandBatches, IRelationalConnection connection, CancellationToken cancellationToken)
   at Microsoft.EntityFrameworkCore.Storage.RelationalDatabase.SaveChangesAsync(IList`1 entries, CancellationToken cancellationToken)
   at Microsoft.EntityFrameworkCore.ChangeTracking.Internal.StateManager.SaveChangesAsync(IList`1 entriesToSave, CancellationToken cancellationToken)
   at Microsoft.EntityFrameworkCore.ChangeTracking.Internal.StateManager.SaveChangesAsync(StateManager stateManager, Boolean acceptAllChangesOnSuccess, CancellationToken cancellationToken)
   at Npgsql.EntityFrameworkCore.PostgreSQL.Storage.Internal.NpgsqlExecutionStrategy.ExecuteAsync[TState,TResult](TState state, Func`4 operation, Func`4 verifySucceeded, CancellationToken cancellationToken)
   at Microsoft.EntityFrameworkCore.DbContext.SaveChangesAsync(Boolean acceptAllChangesOnSuccess, CancellationToken cancellationToken)
   at Microsoft.EntityFrameworkCore.DbContext.SaveChangesAsync(Boolean acceptAllChangesOnSuccess, CancellationToken cancellationToken)
   at Biktal.Infrastructure.Persistence.CrmDataSeeder.SeedIfEmptyAsync(ApplicationDbContext db, CancellationToken cancellationToken)
   at Program.<Main>$(String[] args) in d:\Systems\BiktalSystems\Program.cs:line 71
[16:09:02 WRN] Continuing without a successful migration/seed. Auth and data pages may fail until the database is available.
[16:09:02 WRN] Using an in-memory repository. Keys will not be persisted to storage.
[16:09:02 WRN] Neither user profile nor HKLM registry available. Using an ephemeral key repository. Protected data will be unavailable when application exits.
[16:09:02 WRN] No XML encryptor configured. Key {159d83f3-647b-4962-884c-d59556807347} may be persisted to storage in unencrypted form.
[16:09:02 INF] Application started. Press Ctrl+C to shut down.
[16:09:02 INF] Hosting environment: Production
[16:09:02 INF] Content root path: D:\Systems\BiktalSystems\publish
[16:09:02 INF] HTTP GET /Pos responded 302 in 155.4804 ms
[16:09:02 INF] HTTP GET /Pos responded 302 in 156.2880 ms
[16:09:03 ERR] An exception was thrown while deserializing the token.
Microsoft.AspNetCore.Antiforgery.AntiforgeryValidationException: The antiforgery token could not be decrypted.
 ---> System.Security.Cryptography.CryptographicException: The key {ce73f538-d6c5-444e-b973-b7ab9dca3931} was not found in the key ring. For more information go to https://aka.ms/aspnet/dataprotectionwarning
   at Microsoft.AspNetCore.DataProtection.KeyManagement.KeyRingBasedDataProtector.UnprotectCore(Byte[] protectedData, Boolean allowOperationsOnRevokedKeys, UnprotectStatus& status)
   at Microsoft.AspNetCore.DataProtection.KeyManagement.KeyRingBasedDataProtector.Unprotect(Byte[] protectedData)
   at Microsoft.AspNetCore.Antiforgery.DefaultAntiforgeryTokenSerializer.Deserialize(String serializedToken)
   --- End of inner exception stack trace ---
   at Microsoft.AspNetCore.Antiforgery.DefaultAntiforgeryTokenSerializer.Deserialize(String serializedToken)
   at Microsoft.AspNetCore.Antiforgery.DefaultAntiforgery.GetCookieTokenDoesNotThrow(HttpContext httpContext)
[16:09:03 INF] HTTP GET /Account/Login responded 200 in 464.9895 ms
[16:09:03 INF] HTTP GET /lib/jquery-validation-unobtrusive/dist/jquery.validate.unobtrusive.min.js responded 200 in 97.6574 ms
[16:09:03 INF] HTTP GET /css/site.css responded 200 in 94.0063 ms
[16:09:03 INF] HTTP GET /Biktal.WebMVC.styles.css responded 200 in 93.2241 ms
[16:09:03 INF] HTTP GET /lib/jquery-validation/dist/jquery.validate.min.js responded 200 in 97.1899 ms
[16:09:03 INF] HTTP GET /lib/bootstrap/dist/js/bootstrap.bundle.min.js responded 200 in 113.4643 ms
[16:09:03 INF] HTTP GET /js/site.js responded 200 in 112.7464 ms
[16:09:03 INF] HTTP GET /lib/jquery/dist/jquery.min.js responded 200 in 61.6528 ms
[16:09:03 INF] HTTP GET /lib/bootstrap/dist/css/bootstrap.min.css responded 200 in 122.7121 ms
[16:09:10 INF] HTTP POST /Account/Login responded 200 in 748.8581 ms
[16:09:10 INF] HTTP GET /css/site.css responded 304 in 55.5635 ms
[16:09:10 INF] HTTP GET /lib/bootstrap/dist/css/bootstrap.min.css responded 304 in 59.0761 ms
[16:09:10 INF] HTTP GET /Biktal.WebMVC.styles.css responded 304 in 49.9552 ms
[16:09:10 INF] HTTP GET /lib/jquery/dist/jquery.min.js responded 304 in 54.3474 ms
[16:09:10 INF] HTTP GET /lib/jquery-validation/dist/jquery.validate.min.js responded 304 in 43.2595 ms
[16:09:10 INF] HTTP GET /lib/jquery-validation-unobtrusive/dist/jquery.validate.unobtrusive.min.js responded 304 in 23.9004 ms
[16:09:10 INF] HTTP GET /js/site.js responded 304 in 46.6286 ms
[16:09:10 INF] HTTP GET /lib/bootstrap/dist/js/bootstrap.bundle.min.js responded 304 in 170.1748 ms
[16:09:14 INF] HTTP POST /Account/Login responded 200 in 244.9066 ms
[16:09:14 INF] HTTP GET /css/site.css responded 304 in 17.2943 ms
[16:09:14 INF] HTTP GET /Biktal.WebMVC.styles.css responded 304 in 15.7078 ms
[16:09:14 INF] HTTP GET /lib/bootstrap/dist/js/bootstrap.bundle.min.js responded 304 in 14.9317 ms
[16:09:14 INF] HTTP GET /lib/jquery-validation/dist/jquery.validate.min.js responded 304 in 11.1112 ms
[16:09:14 INF] HTTP GET /js/site.js responded 304 in 14.1782 ms
[16:09:14 INF] HTTP GET /lib/jquery-validation-unobtrusive/dist/jquery.validate.unobtrusive.min.js responded 304 in 5.8481 ms
[16:09:14 INF] HTTP GET /lib/bootstrap/dist/css/bootstrap.min.css responded 200 in 19.6939 ms
[16:09:14 INF] HTTP GET /lib/jquery/dist/jquery.min.js responded 304 in 12.1125 ms
[16:09:21 INF] HTTP POST /Account/Login responded 200 in 212.3749 ms
[16:09:21 INF] HTTP GET /css/site.css responded 304 in 13.7053 ms
[16:09:21 INF] HTTP GET /Biktal.WebMVC.styles.css responded 304 in 8.4045 ms
[16:09:21 INF] HTTP GET /lib/jquery/dist/jquery.min.js responded 304 in 7.3472 ms
[16:09:21 INF] HTTP GET /lib/bootstrap/dist/js/bootstrap.bundle.min.js responded 304 in 7.1208 ms
[16:09:21 INF] HTTP GET /js/site.js responded 304 in 6.5797 ms
[16:09:21 INF] HTTP GET /lib/jquery-validation/dist/jquery.validate.min.js responded 304 in 6.2529 ms
[16:09:21 INF] HTTP GET /lib/bootstrap/dist/css/bootstrap.min.css responded 304 in 9.3529 ms
[16:09:21 INF] HTTP GET /lib/jquery-validation-unobtrusive/dist/jquery.validate.unobtrusive.min.js responded 304 in 7.0887 ms
[16:09:28 INF] HTTP POST /Account/Login responded 302 in 504.9542 ms
[16:09:28 WRN] The query uses the 'First'/'FirstOrDefault' operator without 'OrderBy' and filter operators. This may lead to unpredictable results.
[16:09:28 INF] HTTP GET /Pos responded 200 in 297.7771 ms
[16:09:29 INF] HTTP GET /lib/bootstrap/dist/css/bootstrap.min.css responded 304 in 8.4827 ms
[16:09:29 INF] HTTP GET /css/site.css responded 304 in 3.9055 ms
[16:09:29 INF] HTTP GET /lib/jquery/dist/jquery.min.js responded 304 in 0.6956 ms
[16:09:29 INF] HTTP GET /Biktal.WebMVC.styles.css responded 304 in 0.7678 ms
[16:09:29 INF] HTTP GET /lib/bootstrap/dist/js/bootstrap.bundle.min.js responded 304 in 0.8779 ms
[16:09:29 INF] HTTP GET /js/site.js responded 304 in 0.7418 ms
[16:09:29 INF] HTTP GET /js/pos.js responded 200 in 1.5760 ms
[16:10:41 INF] HTTP GET /Inventory responded 200 in 333.9394 ms
[16:10:41 INF] HTTP GET /css/site.css responded 200 in 1.6677 ms
[16:10:41 INF] HTTP GET /lib/bootstrap/dist/css/bootstrap.min.css responded 200 in 1.5390 ms
[16:10:41 INF] HTTP GET /lib/jquery/dist/jquery.min.js responded 200 in 1.5398 ms
[16:10:41 INF] HTTP GET /lib/bootstrap/dist/js/bootstrap.bundle.min.js responded 200 in 2.8158 ms
[16:10:41 INF] HTTP GET /js/site.js responded 200 in 1.3854 ms
[16:10:41 INF] HTTP GET /Biktal.WebMVC.styles.css responded 200 in 4.9976 ms
[16:10:50 INF] HTTP GET /Inventory/Products responded 200 in 538.7856 ms
[16:10:50 INF] HTTP GET /lib/bootstrap/dist/css/bootstrap.min.css responded 304 in 0.8895 ms
[16:10:50 INF] HTTP GET /css/site.css responded 304 in 0.8252 ms
[16:10:50 INF] HTTP GET /Biktal.WebMVC.styles.css responded 304 in 0.8381 ms
[16:10:51 INF] HTTP GET /lib/jquery/dist/jquery.min.js responded 304 in 0.6171 ms
[16:10:51 INF] HTTP GET /lib/bootstrap/dist/js/bootstrap.bundle.min.js responded 304 in 0.5473 ms
[16:10:51 INF] HTTP GET /js/products-catalog-filter.js responded 200 in 0.9261 ms
[16:10:51 INF] HTTP GET /lib/jquery-validation/dist/jquery.validate.min.js responded 200 in 0.9261 ms
[16:10:51 INF] HTTP GET /js/site.js responded 304 in 0.4722 ms
[16:10:51 INF] HTTP GET /lib/jquery-validation-unobtrusive/dist/jquery.validate.unobtrusive.min.js responded 200 in 1.0217 ms
[16:11:01 INF] HTTP GET /Inventory/Products responded 200 in 246.6897 ms
[16:11:01 INF] HTTP GET /lib/bootstrap/dist/css/bootstrap.min.css responded 200 in 1.5606 ms
[16:11:01 INF] HTTP GET /css/site.css responded 304 in 1.3164 ms
[16:11:01 INF] HTTP GET /Biktal.WebMVC.styles.css responded 304 in 4.4290 ms
[16:11:02 INF] HTTP GET /lib/jquery/dist/jquery.min.js responded 304 in 0.6709 ms
[16:11:02 INF] HTTP GET /lib/bootstrap/dist/js/bootstrap.bundle.min.js responded 304 in 0.5596 ms
[16:11:02 INF] HTTP GET /js/products-catalog-filter.js responded 304 in 0.4527 ms
[16:11:02 INF] HTTP GET /js/site.js responded 304 in 0.4730 ms
[16:11:02 INF] HTTP GET /lib/jquery-validation-unobtrusive/dist/jquery.validate.unobtrusive.min.js responded 304 in 0.5568 ms
[16:11:02 INF] HTTP GET /lib/jquery-validation/dist/jquery.validate.min.js responded 304 in 0.5370 ms
[16:11:17 INF] HTTP POST /Inventory/EditProduct responded 302 in 155.1614 ms
[16:11:17 INF] HTTP GET /Inventory/Products responded 200 in 90.7762 ms
[16:11:17 INF] HTTP GET /lib/bootstrap/dist/css/bootstrap.min.css responded 200 in 2.0904 ms
[16:11:17 INF] HTTP GET /Biktal.WebMVC.styles.css responded 304 in 0.9961 ms
[16:11:17 INF] HTTP GET /css/site.css responded 304 in 0.7601 ms
[16:11:18 INF] HTTP GET /lib/jquery/dist/jquery.min.js responded 304 in 0.5621 ms
[16:11:18 INF] HTTP GET /lib/bootstrap/dist/js/bootstrap.bundle.min.js responded 304 in 0.5209 ms
[16:11:18 INF] HTTP GET /js/site.js responded 304 in 0.4516 ms
[16:11:18 INF] HTTP GET /lib/jquery-validation/dist/jquery.validate.min.js responded 304 in 0.4074 ms
[16:11:18 INF] HTTP GET /lib/jquery-validation-unobtrusive/dist/jquery.validate.unobtrusive.min.js responded 304 in 0.4097 ms
[16:11:18 INF] HTTP GET /js/products-catalog-filter.js responded 304 in 0.5329 ms
[16:12:58 INF] HTTP GET /Pos responded 200 in 31.1544 ms
[16:12:59 INF] HTTP GET /lib/bootstrap/dist/css/bootstrap.min.css responded 200 in 10.7899 ms
[16:12:59 INF] HTTP GET /css/site.css responded 304 in 0.8698 ms
[16:12:59 INF] HTTP GET /Biktal.WebMVC.styles.css responded 304 in 3.3912 ms
[16:12:59 INF] HTTP GET /lib/jquery/dist/jquery.min.js responded 304 in 1.1627 ms
[16:12:59 INF] HTTP GET /lib/bootstrap/dist/js/bootstrap.bundle.min.js responded 304 in 2.3396 ms
[16:12:59 INF] HTTP GET /js/site.js responded 304 in 2.9318 ms
[16:12:59 INF] HTTP GET /js/pos.js responded 200 in 2.0622 ms
[16:13:33 INF] HTTP GET /Inventory responded 200 in 36.1655 ms
[16:13:33 INF] HTTP GET /lib/bootstrap/dist/css/bootstrap.min.css responded 200 in 1.7840 ms
[16:13:33 INF] HTTP GET /css/site.css responded 304 in 6.2874 ms
[16:13:33 INF] HTTP GET /Biktal.WebMVC.styles.css responded 304 in 1.8966 ms
[16:13:33 INF] HTTP GET /lib/jquery/dist/jquery.min.js responded 304 in 0.5220 ms
[16:13:33 INF] HTTP GET /lib/bootstrap/dist/js/bootstrap.bundle.min.js responded 304 in 0.7908 ms
[16:13:33 INF] HTTP GET /js/site.js responded 304 in 2.0174 ms
[16:13:38 INF] HTTP GET /Inventory/Products responded 200 in 110.2405 ms
[16:13:38 INF] HTTP GET /Biktal.WebMVC.styles.css responded 200 in 3.4055 ms
[16:13:38 INF] HTTP GET /lib/bootstrap/dist/css/bootstrap.min.css responded 200 in 1.1625 ms
[16:13:38 INF] HTTP GET /css/site.css responded 200 in 1.7275 ms
[16:13:39 INF] HTTP GET /lib/jquery/dist/jquery.min.js responded 200 in 0.8624 ms
[16:13:39 INF] HTTP GET /lib/bootstrap/dist/js/bootstrap.bundle.min.js responded 200 in 1.5093 ms
[16:13:39 INF] HTTP GET /js/site.js responded 200 in 1.6935 ms
[16:13:39 INF] HTTP GET /lib/jquery-validation/dist/jquery.validate.min.js responded 200 in 0.8830 ms
[16:13:39 INF] HTTP GET /lib/jquery-validation-unobtrusive/dist/jquery.validate.unobtrusive.min.js responded 200 in 0.6945 ms
[16:13:39 INF] HTTP GET /js/products-catalog-filter.js responded 200 in 0.6250 ms
[16:13:45 INF] HTTP GET /Inventory/Products responded 200 in 119.4073 ms
[16:13:45 INF] HTTP GET /lib/bootstrap/dist/css/bootstrap.min.css responded 200 in 2.0199 ms
[16:13:45 INF] HTTP GET /Biktal.WebMVC.styles.css responded 200 in 4.1672 ms
[16:13:45 INF] HTTP GET /css/site.css responded 200 in 7.1182 ms
[16:13:45 INF] HTTP GET /lib/jquery/dist/jquery.min.js responded 304 in 0.3119 ms
[16:13:45 INF] HTTP GET /lib/bootstrap/dist/js/bootstrap.bundle.min.js responded 304 in 0.5789 ms
[16:13:45 INF] HTTP GET /js/site.js responded 304 in 0.3069 ms
[16:13:45 INF] HTTP GET /lib/jquery-validation/dist/jquery.validate.min.js responded 304 in 0.6005 ms
[16:13:45 INF] HTTP GET /lib/jquery-validation-unobtrusive/dist/jquery.validate.unobtrusive.min.js responded 304 in 1.1910 ms
[16:13:45 INF] HTTP GET /js/products-catalog-filter.js responded 304 in 0.4755 ms
[16:13:51 INF] HTTP POST /Inventory/EditProduct responded 302 in 12.9498 ms
[16:13:51 INF] HTTP GET /Inventory/Products responded 200 in 84.5227 ms
[16:13:51 INF] HTTP GET /css/site.css responded 304 in 0.9218 ms
[16:13:51 INF] HTTP GET /lib/bootstrap/dist/css/bootstrap.min.css responded 304 in 1.1074 ms
[16:13:51 INF] HTTP GET /Biktal.WebMVC.styles.css responded 304 in 0.4763 ms
[16:13:52 INF] HTTP GET /lib/jquery/dist/jquery.min.js responded 304 in 0.4496 ms
[16:13:52 INF] HTTP GET /lib/bootstrap/dist/js/bootstrap.bundle.min.js responded 304 in 0.9441 ms
[16:13:52 INF] HTTP GET /js/site.js responded 304 in 0.4134 ms
[16:13:52 INF] HTTP GET /lib/jquery-validation/dist/jquery.validate.min.js responded 304 in 0.9289 ms
[16:13:52 INF] HTTP GET /lib/jquery-validation-unobtrusive/dist/jquery.validate.unobtrusive.min.js responded 304 in 0.4991 ms
[16:13:52 INF] HTTP GET /js/products-catalog-filter.js responded 304 in 0.9090 ms
[16:14:05 INF] HTTP GET /Pos responded 200 in 135.1501 ms
[16:14:05 INF] HTTP GET /lib/bootstrap/dist/css/bootstrap.min.css responded 304 in 8.5395 ms
[16:14:05 INF] HTTP GET /Biktal.WebMVC.styles.css responded 304 in 0.6032 ms
[16:14:05 INF] HTTP GET /css/site.css responded 304 in 1.3662 ms
[16:14:05 INF] HTTP GET /lib/jquery/dist/jquery.min.js responded 304 in 2.7840 ms
[16:14:05 INF] HTTP GET /lib/bootstrap/dist/js/bootstrap.bundle.min.js responded 304 in 0.9225 ms
[16:14:05 INF] HTTP GET /js/site.js responded 304 in 0.4044 ms
[16:14:05 INF] HTTP GET /js/pos.js responded 200 in 2.9257 ms
[16:14:25 INF] HTTP POST /Pos/CompleteSale responded 200 in 1066.6570 ms
[16:34:25 INF] Application is shutting down...
