[11:14:00 WRN] Using an in-memory repository. Keys will not be persisted to storage.
[11:14:00 WRN] Neither user profile nor HKLM registry available. Using an ephemeral key repository. Protected data will be unavailable when application exits.
[11:14:00 WRN] No XML encryptor configured. Key {f3e64bef-9a47-420b-b4b7-1e3241f99856} may be persisted to storage in unencrypted form.
[11:14:00 INF] Application started. Press Ctrl+C to shut down.
[11:14:00 INF] Hosting environment: Production
[11:14:00 INF] Content root path: D:\Systems\BiktalSystems\publish
[11:14:00 INF] HTTP GET /Insights responded 302 in 153.5429 ms
[11:14:00 ERR] HTTP GET /Finance responded 500 in 239.3392 ms
System.OperationCanceledException: The operation was canceled.
   at System.Threading.CancellationToken.ThrowOperationCanceledException()
   at System.Threading.CancellationToken.ThrowIfCancellationRequested()
   at Npgsql.NpgsqlCommand.ExecuteReader(Boolean async, CommandBehavior behavior, CancellationToken cancellationToken)
   at Npgsql.NpgsqlCommand.ExecuteReader(Boolean async, CommandBehavior behavior, CancellationToken cancellationToken)
   at Npgsql.NpgsqlCommand.ExecuteDbDataReaderAsync(CommandBehavior behavior, CancellationToken cancellationToken)
   at Microsoft.EntityFrameworkCore.Storage.RelationalCommand.ExecuteReaderAsync(RelationalCommandParameterObject parameterObject, CancellationToken cancellationToken)
   at Microsoft.EntityFrameworkCore.Storage.RelationalCommand.ExecuteReaderAsync(RelationalCommandParameterObject parameterObject, CancellationToken cancellationToken)
   at Microsoft.EntityFrameworkCore.Query.Internal.SingleQueryingEnumerable`1.AsyncEnumerator.InitializeReaderAsync(AsyncEnumerator enumerator, CancellationToken cancellationToken)
   at Npgsql.EntityFrameworkCore.PostgreSQL.Storage.Internal.NpgsqlExecutionStrategy.ExecuteAsync[TState,TResult](TState state, Func`4 operation, Func`4 verifySucceeded, CancellationToken cancellationToken)
   at Microsoft.EntityFrameworkCore.Query.Internal.SingleQueryingEnumerable`1.AsyncEnumerator.MoveNextAsync()
   at Microsoft.EntityFrameworkCore.Query.ShapedQueryCompilingExpressionVisitor.SingleAsync[TSource](IAsyncEnumerable`1 asyncEnumerable, CancellationToken cancellationToken)
   at Microsoft.EntityFrameworkCore.Query.ShapedQueryCompilingExpressionVisitor.SingleAsync[TSource](IAsyncEnumerable`1 asyncEnumerable, CancellationToken cancellationToken)
   at Biktal.WebMVC.Controllers.FinanceController.Index(CancellationToken cancellationToken) in D:\Systems\BiktalSystems\Controllers\FinanceController.cs:line 34
   at Microsoft.AspNetCore.Mvc.Infrastructure.ActionMethodExecutor.TaskOfIActionResultExecutor.Execute(ActionContext actionContext, IActionResultTypeMapper mapper, ObjectMethodExecutor executor, Object controller, Object[] arguments)
   at Microsoft.AspNetCore.Mvc.Infrastructure.ControllerActionInvoker.<InvokeActionMethodAsync>g__Awaited|12_0(ControllerActionInvoker invoker, ValueTask`1 actionResultValueTask)
   at Microsoft.AspNetCore.Mvc.Infrastructure.ControllerActionInvoker.<InvokeNextActionFilterAsync>g__Awaited|10_0(ControllerActionInvoker invoker, Task lastTask, State next, Scope scope, Object state, Boolean isCompleted)
   at Microsoft.AspNetCore.Mvc.Infrastructure.ControllerActionInvoker.Rethrow(ActionExecutedContextSealed context)
   at Microsoft.AspNetCore.Mvc.Infrastructure.ControllerActionInvoker.Next(State& next, Scope& scope, Object& state, Boolean& isCompleted)
   at Microsoft.AspNetCore.Mvc.Infrastructure.ControllerActionInvoker.InvokeInnerFilterAsync()
--- End of stack trace from previous location ---
   at Microsoft.AspNetCore.Mvc.Infrastructure.ResourceInvoker.<InvokeNextResourceFilter>g__Awaited|25_0(ResourceInvoker invoker, Task lastTask, State next, Scope scope, Object state, Boolean isCompleted)
   at Microsoft.AspNetCore.Mvc.Infrastructure.ResourceInvoker.Rethrow(ResourceExecutedContextSealed context)
   at Microsoft.AspNetCore.Mvc.Infrastructure.ResourceInvoker.Next(State& next, Scope& scope, Object& state, Boolean& isCompleted)
   at Microsoft.AspNetCore.Mvc.Infrastructure.ResourceInvoker.InvokeFilterPipelineAsync()
--- End of stack trace from previous location ---
   at Microsoft.AspNetCore.Mvc.Infrastructure.ResourceInvoker.<InvokeAsync>g__Awaited|17_0(ResourceInvoker invoker, Task task, IDisposable scope)
   at Microsoft.AspNetCore.Mvc.Infrastructure.ResourceInvoker.<InvokeAsync>g__Awaited|17_0(ResourceInvoker invoker, Task task, IDisposable scope)
   at Microsoft.AspNetCore.Authorization.AuthorizationMiddleware.Invoke(HttpContext context)
   at Program.<>c.<<<Main>$>b__0_2>d.MoveNext() in D:\Systems\BiktalSystems\Program.cs:line 71
--- End of stack trace from previous location ---
   at Microsoft.AspNetCore.Authentication.AuthenticationMiddleware.Invoke(HttpContext context)
   at Microsoft.AspNetCore.Routing.EndpointRoutingMiddleware.<Invoke>g__AwaitMatcher|10_0(EndpointRoutingMiddleware middleware, HttpContext httpContext, Task`1 matcherTask)
   at Serilog.AspNetCore.RequestLoggingMiddleware.Invoke(HttpContext httpContext)
[11:14:01 INF] HTTP GET /Insights/Daily responded 200 in 413.9486 ms
[11:14:01 INF] HTTP GET /css/site.css responded 200 in 44.8200 ms
[11:14:01 INF] HTTP GET /Biktal.WebMVC.styles.css responded 200 in 11.2466 ms
[11:14:01 INF] HTTP GET /lib/bootstrap/dist/css/bootstrap.min.css responded 200 in 40.1770 ms
[11:14:01 INF] HTTP GET /js/site.js responded 200 in 11.8609 ms
[11:14:01 INF] HTTP GET /lib/jquery/dist/jquery.min.js responded 200 in 30.1268 ms
[11:14:01 INF] HTTP GET /lib/bootstrap/dist/js/bootstrap.bundle.min.js responded 200 in 14.9865 ms
[11:14:03 INF] HTTP GET /Insights/Monthly responded 200 in 97.9783 ms
[11:14:03 INF] HTTP GET /lib/bootstrap/dist/css/bootstrap.min.css responded 200 in 21.2184 ms
[11:14:03 INF] HTTP GET /Biktal.WebMVC.styles.css responded 200 in 5.6618 ms
[11:14:03 INF] HTTP GET /css/site.css responded 200 in 12.0622 ms
[11:14:03 INF] HTTP GET /lib/jquery/dist/jquery.min.js responded 304 in 35.9978 ms
[11:14:03 INF] HTTP GET /js/site.js responded 304 in 46.5668 ms
[11:14:03 INF] HTTP GET /lib/bootstrap/dist/js/bootstrap.bundle.min.js responded 304 in 161.5086 ms
[11:14:34 INF] HTTP GET /Finance responded 200 in 68.9968 ms
[11:14:34 INF] HTTP GET /lib/bootstrap/dist/css/bootstrap.min.css responded 200 in 19.2828 ms
[11:14:34 INF] HTTP GET /css/site.css responded 200 in 1.3716 ms
[11:14:34 INF] HTTP GET /Biktal.WebMVC.styles.css responded 200 in 1.4102 ms
[11:14:34 INF] HTTP GET /lib/jquery/dist/jquery.min.js responded 304 in 0.5837 ms
[11:14:34 INF] HTTP GET /lib/bootstrap/dist/js/bootstrap.bundle.min.js responded 304 in 1.8204 ms
[11:14:34 INF] HTTP GET /js/site.js responded 304 in 5.5919 ms
[11:14:35 ERR] An exception was thrown while deserializing the token.
Microsoft.AspNetCore.Antiforgery.AntiforgeryValidationException: The antiforgery token could not be decrypted.
 ---> System.Security.Cryptography.CryptographicException: The key {a3351df3-5c27-4f54-af81-4393b092d754} was not found in the key ring. For more information go to https://aka.ms/aspnet/dataprotectionwarning
   at Microsoft.AspNetCore.DataProtection.KeyManagement.KeyRingBasedDataProtector.UnprotectCore(Byte[] protectedData, Boolean allowOperationsOnRevokedKeys, UnprotectStatus& status)
   at Microsoft.AspNetCore.DataProtection.KeyManagement.KeyRingBasedDataProtector.Unprotect(Byte[] protectedData)
   at Microsoft.AspNetCore.Antiforgery.DefaultAntiforgeryTokenSerializer.Deserialize(String serializedToken)
   --- End of inner exception stack trace ---
   at Microsoft.AspNetCore.Antiforgery.DefaultAntiforgeryTokenSerializer.Deserialize(String serializedToken)
   at Microsoft.AspNetCore.Antiforgery.DefaultAntiforgery.GetCookieTokenDoesNotThrow(HttpContext httpContext)
[11:14:36 INF] HTTP GET /Finance/Expenses responded 200 in 102.5953 ms
[11:14:36 INF] HTTP GET /lib/bootstrap/dist/css/bootstrap.min.css responded 200 in 2.5180 ms
[11:14:36 INF] HTTP GET /Biktal.WebMVC.styles.css responded 200 in 3.4918 ms
[11:14:36 INF] HTTP GET /css/site.css responded 200 in 3.8138 ms
[11:14:36 INF] HTTP GET /lib/bootstrap/dist/js/bootstrap.bundle.min.js responded 304 in 0.3102 ms
[11:14:36 INF] HTTP GET /lib/jquery/dist/jquery.min.js responded 304 in 0.3324 ms
[11:14:36 INF] HTTP GET /js/site.js responded 304 in 0.5355 ms
[11:14:36 INF] HTTP GET /lib/jquery-validation/dist/jquery.validate.min.js responded 200 in 0.8552 ms
[11:14:36 INF] HTTP GET /lib/jquery-validation-unobtrusive/dist/jquery.validate.unobtrusive.min.js responded 200 in 2.6016 ms
[11:15:07 INF] HTTP POST /Finance/CreateExpense responded 302 in 220.8545 ms
[11:15:07 INF] HTTP GET /Finance/Expenses responded 200 in 8.9036 ms
[11:15:07 INF] HTTP GET /lib/bootstrap/dist/css/bootstrap.min.css responded 200 in 1.4311 ms
[11:15:07 INF] HTTP GET /css/site.css responded 200 in 2.5042 ms
[11:15:07 INF] HTTP GET /Biktal.WebMVC.styles.css responded 200 in 3.0099 ms
[11:15:07 INF] HTTP GET /lib/jquery/dist/jquery.min.js responded 304 in 0.3231 ms
[11:15:07 INF] HTTP GET /lib/bootstrap/dist/js/bootstrap.bundle.min.js responded 304 in 0.2872 ms
[11:15:07 INF] HTTP GET /js/site.js responded 304 in 0.2848 ms
[11:15:07 INF] HTTP GET /lib/jquery-validation/dist/jquery.validate.min.js responded 304 in 22.7282 ms
[11:15:07 INF] HTTP GET /lib/jquery-validation-unobtrusive/dist/jquery.validate.unobtrusive.min.js responded 304 in 21.7704 ms
[11:15:09 INF] HTTP GET /Insights responded 302 in 0.6152 ms
[11:15:09 INF] HTTP GET /Insights/Daily responded 200 in 15.8550 ms
[11:15:09 INF] HTTP GET /lib/bootstrap/dist/css/bootstrap.min.css responded 200 in 1.1240 ms
[11:15:09 INF] HTTP GET /Biktal.WebMVC.styles.css responded 200 in 1.0608 ms
[11:15:09 INF] HTTP GET /lib/bootstrap/dist/js/bootstrap.bundle.min.js responded 304 in 2.0135 ms
[11:15:09 INF] HTTP GET /lib/jquery/dist/jquery.min.js responded 304 in 0.2727 ms
[11:15:09 INF] HTTP GET /js/site.js responded 304 in 0.9933 ms
[11:15:09 INF] HTTP GET /css/site.css responded 200 in 2.0778 ms
[11:15:13 INF] HTTP GET /Insights/Monthly responded 200 in 15.7203 ms
[11:15:13 INF] HTTP GET /lib/bootstrap/dist/css/bootstrap.min.css responded 304 in 1.2345 ms
[11:15:13 INF] HTTP GET /css/site.css responded 304 in 0.2860 ms
[11:15:13 INF] HTTP GET /Biktal.WebMVC.styles.css responded 304 in 0.1225 ms
[11:15:13 INF] HTTP GET /lib/bootstrap/dist/js/bootstrap.bundle.min.js responded 304 in 0.1757 ms
[11:15:13 INF] HTTP GET /js/site.js responded 304 in 0.1884 ms
[11:15:13 INF] HTTP GET /lib/jquery/dist/jquery.min.js responded 304 in 0.1884 ms
[11:35:24 INF] Application is shutting down...
