[09:49:43 WRN] Using an in-memory repository. Keys will not be persisted to storage.
[09:49:43 WRN] Neither user profile nor HKLM registry available. Using an ephemeral key repository. Protected data will be unavailable when application exits.
[09:49:43 WRN] No XML encryptor configured. Key {258b9270-9661-4478-b28b-291453f7f6a4} may be persisted to storage in unencrypted form.
[09:49:43 INF] Application started. Press Ctrl+C to shut down.
[09:49:43 INF] Hosting environment: Production
[09:49:43 INF] Content root path: D:\Systems\BiktalSystems\publish
[09:49:43 ERR] An exception was thrown while deserializing the token.
Microsoft.AspNetCore.Antiforgery.AntiforgeryValidationException: The antiforgery token could not be decrypted.
 ---> System.Security.Cryptography.CryptographicException: The key {07fd7bc8-2eb3-48a0-be54-7eb379509d5d} was not found in the key ring. For more information go to https://aka.ms/aspnet/dataprotectionwarning
   at Microsoft.AspNetCore.DataProtection.KeyManagement.KeyRingBasedDataProtector.UnprotectCore(Byte[] protectedData, Boolean allowOperationsOnRevokedKeys, UnprotectStatus& status)
   at Microsoft.AspNetCore.DataProtection.KeyManagement.KeyRingBasedDataProtector.Unprotect(Byte[] protectedData)
   at Microsoft.AspNetCore.Antiforgery.DefaultAntiforgeryTokenSerializer.Deserialize(String serializedToken)
   --- End of inner exception stack trace ---
   at Microsoft.AspNetCore.Antiforgery.DefaultAntiforgeryTokenSerializer.Deserialize(String serializedToken)
   at Microsoft.AspNetCore.Antiforgery.DefaultAntiforgery.GetCookieTokenDoesNotThrow(HttpContext httpContext)
[09:49:44 INF] HTTP GET /Inventory/Products responded 200 in 903.2275 ms
[09:49:44 INF] HTTP GET /Biktal.WebMVC.styles.css responded 200 in 53.3800 ms
[09:49:44 INF] HTTP GET /lib/bootstrap/dist/css/bootstrap.min.css responded 200 in 85.9370 ms
[09:49:44 INF] HTTP GET /css/site.css responded 200 in 76.2891 ms
[09:49:45 INF] HTTP GET /lib/jquery/dist/jquery.min.js responded 200 in 29.1138 ms
[09:49:45 INF] HTTP GET /lib/jquery-validation/dist/jquery.validate.min.js responded 200 in 18.2907 ms
[09:49:45 INF] HTTP GET /lib/bootstrap/dist/js/bootstrap.bundle.min.js responded 200 in 23.7609 ms
[09:49:45 INF] HTTP GET /lib/jquery-validation-unobtrusive/dist/jquery.validate.unobtrusive.min.js responded 200 in 17.9066 ms
[09:49:45 INF] HTTP GET /js/site.js responded 200 in 40.7283 ms
[09:49:45 INF] HTTP GET /js/products-catalog-filter.js responded 200 in 28.9793 ms
[09:50:45 INF] HTTP GET /Finance responded 200 in 185.9706 ms
[09:50:45 INF] HTTP GET /lib/bootstrap/dist/css/bootstrap.min.css responded 200 in 4.1852 ms
[09:50:45 INF] HTTP GET /css/site.css responded 200 in 4.9186 ms
[09:50:45 INF] HTTP GET /Biktal.WebMVC.styles.css responded 200 in 1.1668 ms
[09:50:46 INF] HTTP GET /lib/jquery/dist/jquery.min.js responded 200 in 35.7704 ms
[09:50:46 INF] HTTP GET /js/site.js responded 200 in 25.7446 ms
[09:50:46 INF] HTTP GET /lib/bootstrap/dist/js/bootstrap.bundle.min.js responded 200 in 203.8405 ms
[09:50:48 INF] HTTP GET /Finance/Cashbox responded 200 in 355.4432 ms
[09:50:48 INF] HTTP GET /lib/bootstrap/dist/css/bootstrap.min.css responded 304 in 3.2789 ms
[09:50:48 INF] HTTP GET /css/site.css responded 304 in 1.5068 ms
[09:50:48 INF] HTTP GET /Biktal.WebMVC.styles.css responded 304 in 0.4656 ms
[09:50:48 INF] HTTP GET /lib/jquery/dist/jquery.min.js responded 304 in 0.3426 ms
[09:50:48 INF] HTTP GET /lib/bootstrap/dist/js/bootstrap.bundle.min.js responded 304 in 0.8349 ms
[09:50:48 INF] HTTP GET /js/site.js responded 304 in 0.2994 ms
[09:50:48 INF] HTTP GET /lib/jquery-validation-unobtrusive/dist/jquery.validate.unobtrusive.min.js responded 200 in 13.7740 ms
[09:50:48 INF] HTTP GET /lib/jquery-validation/dist/jquery.validate.min.js responded 200 in 29.4269 ms
[09:59:29 WRN] The query uses the 'First'/'FirstOrDefault' operator without 'OrderBy' and filter operators. This may lead to unpredictable results.
[09:59:29 INF] HTTP GET / responded 200 in 252.8761 ms
[09:59:29 INF] HTTP GET /css/site.css responded 200 in 0.9110 ms
[09:59:29 INF] HTTP GET /lib/bootstrap/dist/css/bootstrap.min.css responded 200 in 2.4150 ms
[09:59:29 INF] HTTP GET /lib/jquery/dist/jquery.min.js responded 200 in 0.8203 ms
[09:59:29 INF] HTTP GET /Biktal.WebMVC.styles.css responded 200 in 1.2297 ms
[09:59:29 INF] HTTP GET /lib/bootstrap/dist/js/bootstrap.bundle.min.js responded 200 in 6.1230 ms
[09:59:29 INF] HTTP GET /js/site.js responded 200 in 0.8594 ms
[09:59:29 INF] HTTP GET /js/pos.js responded 200 in 17.9846 ms
[09:59:34 INF] HTTP GET /Inventory/Products responded 200 in 178.6110 ms
[09:59:34 INF] HTTP GET /lib/bootstrap/dist/css/bootstrap.min.css responded 200 in 1.5629 ms
[09:59:34 INF] HTTP GET /css/site.css responded 200 in 1.0316 ms
[09:59:34 INF] HTTP GET /Biktal.WebMVC.styles.css responded 200 in 2.0237 ms
[09:59:35 INF] HTTP GET /lib/jquery/dist/jquery.min.js responded 304 in 0.3238 ms
[09:59:35 INF] HTTP GET /js/site.js responded 304 in 0.4201 ms
[09:59:35 INF] HTTP GET /lib/bootstrap/dist/js/bootstrap.bundle.min.js responded 304 in 0.7135 ms
[09:59:35 INF] HTTP GET /lib/jquery-validation/dist/jquery.validate.min.js responded 200 in 1.0659 ms
[09:59:35 INF] HTTP GET /lib/jquery-validation-unobtrusive/dist/jquery.validate.unobtrusive.min.js responded 200 in 0.6481 ms
[09:59:35 INF] HTTP GET /js/products-catalog-filter.js responded 200 in 0.8196 ms
[10:20:04 INF] Application is shutting down...
