[13:09:14 ERR] Failed executing DbCommand (33ms) [Parameters=[@p0='?' (DbType = Guid), @p1='?' (DbType = DateTime), @p2='?' (DbType = Guid), @p3='?', @p4='?' (DbType = DateTime), @p5='?' (DbType = Int32), @p6='?' (DbType = Int32), @p7='?', @p8='?', @p9='?' (DbType = Guid), @p10='?' (DbType = DateTime), @p11='?' (DbType = Guid), @p12='?', @p13='?' (DbType = DateTime), @p14='?' (DbType = Int32), @p15='?' (DbType = Int32), @p16='?', @p17='?'], CommandType='Text', CommandTimeout='30']
INSERT INTO "CrmSupportTickets" ("Id", "CreatedAtUtc", "CustomerId", "Description", "ModifiedAtUtc", "Priority", "Status", "Subject", "TicketNumber")
VALUES (@p0, @p1, @p2, @p3, @p4, @p5, @p6, @p7, @p8);
INSERT INTO "CrmSupportTickets" ("Id", "CreatedAtUtc", "CustomerId", "Description", "ModifiedAtUtc", "Priority", "Status", "Subject", "TicketNumber")
VALUES (@p9, @p10, @p11, @p12, @p13, @p14, @p15, @p16, @p17);
[13:09:14 ERR] An exception occurred in the database while saving changes for context type 'Biktal.Infrastructure.Persistence.ApplicationDbContext'.
Microsoft.EntityFrameworkCore.DbUpdateException: An error occurred while saving the entity changes. See the inner exception for details.
 ---> Npgsql.PostgresException (0x80004005): 23503: insert or update on table "CrmSupportTickets" violates foreign key constraint "FK_CrmSupportTickets_CrmCustomers_CustomerId"

DETAIL: Detail redacted as it may contain sensitive data. Specify 'Include Error Detail' in the connection string to include this information.
   at Npgsql.Internal.NpgsqlConnector.ReadMessageLong(Boolean async, DataRowLoadingMode dataRowLoadingMode, Boolean readingNotifications, Boolean isReadingPrependedMessage)
   at System.Runtime.CompilerServices.PoolingAsyncValueTaskMethodBuilder`1.StateMachineBox`1.System.Threading.Tasks.Sources.IValueTaskSource<TResult>.GetResult(Int16 token)
   at Npgsql.NpgsqlDataReader.NextResult(Boolean async, Boolean isConsuming, CancellationToken cancellationToken)
   at Npgsql.NpgsqlDataReader.NextResult(Boolean async, Boolean isConsuming, CancellationToken cancellationToken)
   at Npgsql.NpgsqlCommand.ExecuteReader(Boolean async, CommandBehavior behavior, CancellationToken cancellationToken)
   at Npgsql.NpgsqlCommand.ExecuteReader(Boolean async, CommandBehavior behavior, CancellationToken cancellationToken)
   at Npgsql.NpgsqlCommand.ExecuteDbDataReaderAsync(CommandBehavior behavior, CancellationToken cancellationToken)
   at Microsoft.EntityFrameworkCore.Storage.RelationalCommand.ExecuteReaderAsync(RelationalCommandParameterObject parameterObject, CancellationToken cancellationToken)
   at Microsoft.EntityFrameworkCore.Storage.RelationalCommand.ExecuteReaderAsync(RelationalCommandParameterObject parameterObject, CancellationToken cancellationToken)
   at Microsoft.EntityFrameworkCore.Update.ReaderModificationCommandBatch.ExecuteAsync(IRelationalConnection connection, CancellationToken cancellationToken)
  Exception data:
    Severity: ERROR
    SqlState: 23503
    MessageText: insert or update on table "CrmSupportTickets" violates foreign key constraint "FK_CrmSupportTickets_CrmCustomers_CustomerId"
    Detail: Detail redacted as it may contain sensitive data. Specify 'Include Error Detail' in the connection string to include this information.
    SchemaName: public
    TableName: CrmSupportTickets
    ConstraintName: FK_CrmSupportTickets_CrmCustomers_CustomerId
    File: ri_triggers.c
    Line: 2783
    Routine: ri_ReportViolation
   --- End of inner exception stack trace ---
   at Microsoft.EntityFrameworkCore.Update.ReaderModificationCommandBatch.ExecuteAsync(IRelationalConnection connection, CancellationToken cancellationToken)
   at Microsoft.EntityFrameworkCore.Update.Internal.BatchExecutor.ExecuteAsync(IEnumerable`1 commandBatches, IRelationalConnection connection, CancellationToken cancellationToken)
   at Microsoft.EntityFrameworkCore.Update.Internal.BatchExecutor.ExecuteAsync(IEnumerable`1 commandBatches, IRelationalConnection connection, CancellationToken cancellationToken)
   at Microsoft.EntityFrameworkCore.Update.Internal.BatchExecutor.ExecuteAsync(IEnumerable`1 commandBatches, IRelationalConnection connection, CancellationToken cancellationToken)
   at Microsoft.EntityFrameworkCore.Storage.RelationalDatabase.SaveChangesAsync(IList`1 entries, CancellationToken cancellationToken)
   at Microsoft.EntityFrameworkCore.ChangeTracking.Internal.StateManager.SaveChangesAsync(IList`1 entriesToSave, CancellationToken cancellationToken)
   at Microsoft.EntityFrameworkCore.ChangeTracking.Internal.StateManager.SaveChangesAsync(StateManager stateManager, Boolean acceptAllChangesOnSuccess, CancellationToken cancellationToken)
   at Npgsql.EntityFrameworkCore.PostgreSQL.Storage.Internal.NpgsqlExecutionStrategy.ExecuteAsync[TState,TResult](TState state, Func`4 operation, Func`4 verifySucceeded, CancellationToken cancellationToken)
   at Microsoft.EntityFrameworkCore.DbContext.SaveChangesAsync(Boolean acceptAllChangesOnSuccess, CancellationToken cancellationToken)
Microsoft.EntityFrameworkCore.DbUpdateException: An error occurred while saving the entity changes. See the inner exception for details.
 ---> Npgsql.PostgresException (0x80004005): 23503: insert or update on table "CrmSupportTickets" violates foreign key constraint "FK_CrmSupportTickets_CrmCustomers_CustomerId"

DETAIL: Detail redacted as it may contain sensitive data. Specify 'Include Error Detail' in the connection string to include this information.
   at Npgsql.Internal.NpgsqlConnector.ReadMessageLong(Boolean async, DataRowLoadingMode dataRowLoadingMode, Boolean readingNotifications, Boolean isReadingPrependedMessage)
   at System.Runtime.CompilerServices.PoolingAsyncValueTaskMethodBuilder`1.StateMachineBox`1.System.Threading.Tasks.Sources.IValueTaskSource<TResult>.GetResult(Int16 token)
   at Npgsql.NpgsqlDataReader.NextResult(Boolean async, Boolean isConsuming, CancellationToken cancellationToken)
   at Npgsql.NpgsqlDataReader.NextResult(Boolean async, Boolean isConsuming, CancellationToken cancellationToken)
   at Npgsql.NpgsqlCommand.ExecuteReader(Boolean async, CommandBehavior behavior, CancellationToken cancellationToken)
   at Npgsql.NpgsqlCommand.ExecuteReader(Boolean async, CommandBehavior behavior, CancellationToken cancellationToken)
   at Npgsql.NpgsqlCommand.ExecuteDbDataReaderAsync(CommandBehavior behavior, CancellationToken cancellationToken)
   at Microsoft.EntityFrameworkCore.Storage.RelationalCommand.ExecuteReaderAsync(RelationalCommandParameterObject parameterObject, CancellationToken cancellationToken)
   at Microsoft.EntityFrameworkCore.Storage.RelationalCommand.ExecuteReaderAsync(RelationalCommandParameterObject parameterObject, CancellationToken cancellationToken)
   at Microsoft.EntityFrameworkCore.Update.ReaderModificationCommandBatch.ExecuteAsync(IRelationalConnection connection, CancellationToken cancellationToken)
  Exception data:
    Severity: ERROR
    SqlState: 23503
    MessageText: insert or update on table "CrmSupportTickets" violates foreign key constraint "FK_CrmSupportTickets_CrmCustomers_CustomerId"
    Detail: Detail redacted as it may contain sensitive data. Specify 'Include Error Detail' in the connection string to include this information.
    SchemaName: public
    TableName: CrmSupportTickets
    ConstraintName: FK_CrmSupportTickets_CrmCustomers_CustomerId
    File: ri_triggers.c
    Line: 2783
    Routine: ri_ReportViolation
   --- End of inner exception stack trace ---
   at Microsoft.EntityFrameworkCore.Update.ReaderModificationCommandBatch.ExecuteAsync(IRelationalConnection connection, CancellationToken cancellationToken)
   at Microsoft.EntityFrameworkCore.Update.Internal.BatchExecutor.ExecuteAsync(IEnumerable`1 commandBatches, IRelationalConnection connection, CancellationToken cancellationToken)
   at Microsoft.EntityFrameworkCore.Update.Internal.BatchExecutor.ExecuteAsync(IEnumerable`1 commandBatches, IRelationalConnection connection, CancellationToken cancellationToken)
   at Microsoft.EntityFrameworkCore.Update.Internal.BatchExecutor.ExecuteAsync(IEnumerable`1 commandBatches, IRelationalConnection connection, CancellationToken cancellationToken)
   at Microsoft.EntityFrameworkCore.Storage.RelationalDatabase.SaveChangesAsync(IList`1 entries, CancellationToken cancellationToken)
   at Microsoft.EntityFrameworkCore.ChangeTracking.Internal.StateManager.SaveChangesAsync(IList`1 entriesToSave, CancellationToken cancellationToken)
   at Microsoft.EntityFrameworkCore.ChangeTracking.Internal.StateManager.SaveChangesAsync(StateManager stateManager, Boolean acceptAllChangesOnSuccess, CancellationToken cancellationToken)
   at Npgsql.EntityFrameworkCore.PostgreSQL.Storage.Internal.NpgsqlExecutionStrategy.ExecuteAsync[TState,TResult](TState state, Func`4 operation, Func`4 verifySucceeded, CancellationToken cancellationToken)
   at Microsoft.EntityFrameworkCore.DbContext.SaveChangesAsync(Boolean acceptAllChangesOnSuccess, CancellationToken cancellationToken)
[13:09:14 ERR] Database migration or seed failed. Check PostgreSQL is running and ConnectionStrings:DefaultConnection is correct.
Microsoft.EntityFrameworkCore.DbUpdateException: An error occurred while saving the entity changes. See the inner exception for details.
 ---> Npgsql.PostgresException (0x80004005): 23503: insert or update on table "CrmSupportTickets" violates foreign key constraint "FK_CrmSupportTickets_CrmCustomers_CustomerId"

DETAIL: Detail redacted as it may contain sensitive data. Specify 'Include Error Detail' in the connection string to include this information.
   at Npgsql.Internal.NpgsqlConnector.ReadMessageLong(Boolean async, DataRowLoadingMode dataRowLoadingMode, Boolean readingNotifications, Boolean isReadingPrependedMessage)
   at System.Runtime.CompilerServices.PoolingAsyncValueTaskMethodBuilder`1.StateMachineBox`1.System.Threading.Tasks.Sources.IValueTaskSource<TResult>.GetResult(Int16 token)
   at Npgsql.NpgsqlDataReader.NextResult(Boolean async, Boolean isConsuming, CancellationToken cancellationToken)
   at Npgsql.NpgsqlDataReader.NextResult(Boolean async, Boolean isConsuming, CancellationToken cancellationToken)
   at Npgsql.NpgsqlCommand.ExecuteReader(Boolean async, CommandBehavior behavior, CancellationToken cancellationToken)
   at Npgsql.NpgsqlCommand.ExecuteReader(Boolean async, CommandBehavior behavior, CancellationToken cancellationToken)
   at Npgsql.NpgsqlCommand.ExecuteDbDataReaderAsync(CommandBehavior behavior, CancellationToken cancellationToken)
   at Microsoft.EntityFrameworkCore.Storage.RelationalCommand.ExecuteReaderAsync(RelationalCommandParameterObject parameterObject, CancellationToken cancellationToken)
   at Microsoft.EntityFrameworkCore.Storage.RelationalCommand.ExecuteReaderAsync(RelationalCommandParameterObject parameterObject, CancellationToken cancellationToken)
   at Microsoft.EntityFrameworkCore.Update.ReaderModificationCommandBatch.ExecuteAsync(IRelationalConnection connection, CancellationToken cancellationToken)
  Exception data:
    Severity: ERROR
    SqlState: 23503
    MessageText: insert or update on table "CrmSupportTickets" violates foreign key constraint "FK_CrmSupportTickets_CrmCustomers_CustomerId"
    Detail: Detail redacted as it may contain sensitive data. Specify 'Include Error Detail' in the connection string to include this information.
    SchemaName: public
    TableName: CrmSupportTickets
    ConstraintName: FK_CrmSupportTickets_CrmCustomers_CustomerId
    File: ri_triggers.c
    Line: 2783
    Routine: ri_ReportViolation
   --- End of inner exception stack trace ---
   at Microsoft.EntityFrameworkCore.Update.ReaderModificationCommandBatch.ExecuteAsync(IRelationalConnection connection, CancellationToken cancellationToken)
   at Microsoft.EntityFrameworkCore.Update.Internal.BatchExecutor.ExecuteAsync(IEnumerable`1 commandBatches, IRelationalConnection connection, CancellationToken cancellationToken)
   at Microsoft.EntityFrameworkCore.Update.Internal.BatchExecutor.ExecuteAsync(IEnumerable`1 commandBatches, IRelationalConnection connection, CancellationToken cancellationToken)
   at Microsoft.EntityFrameworkCore.Update.Internal.BatchExecutor.ExecuteAsync(IEnumerable`1 commandBatches, IRelationalConnection connection, CancellationToken cancellationToken)
   at Microsoft.EntityFrameworkCore.Storage.RelationalDatabase.SaveChangesAsync(IList`1 entries, CancellationToken cancellationToken)
   at Microsoft.EntityFrameworkCore.ChangeTracking.Internal.StateManager.SaveChangesAsync(IList`1 entriesToSave, CancellationToken cancellationToken)
   at Microsoft.EntityFrameworkCore.ChangeTracking.Internal.StateManager.SaveChangesAsync(StateManager stateManager, Boolean acceptAllChangesOnSuccess, CancellationToken cancellationToken)
   at Npgsql.EntityFrameworkCore.PostgreSQL.Storage.Internal.NpgsqlExecutionStrategy.ExecuteAsync[TState,TResult](TState state, Func`4 operation, Func`4 verifySucceeded, CancellationToken cancellationToken)
   at Microsoft.EntityFrameworkCore.DbContext.SaveChangesAsync(Boolean acceptAllChangesOnSuccess, CancellationToken cancellationToken)
   at Microsoft.EntityFrameworkCore.DbContext.SaveChangesAsync(Boolean acceptAllChangesOnSuccess, CancellationToken cancellationToken)
   at Biktal.Infrastructure.Persistence.CrmDataSeeder.SeedIfEmptyAsync(ApplicationDbContext db, CancellationToken cancellationToken)
   at Program.<Main>$(String[] args) in d:\Systems\BiktalSystems\Program.cs:line 71
[13:09:14 WRN] Continuing without a successful migration/seed. Auth and data pages may fail until the database is available.
[13:09:14 WRN] Using an in-memory repository. Keys will not be persisted to storage.
[13:09:14 WRN] Neither user profile nor HKLM registry available. Using an ephemeral key repository. Protected data will be unavailable when application exits.
[13:09:14 WRN] No XML encryptor configured. Key {47ccaa4f-812b-4ebd-9984-afb11f946429} may be persisted to storage in unencrypted form.
[13:09:14 INF] Application started. Press Ctrl+C to shut down.
[13:09:14 INF] Hosting environment: Production
[13:09:14 INF] Content root path: D:\Systems\BiktalSystems\publish
[13:09:14 INF] HTTP GET /Crm responded 302 in 180.4827 ms
[13:09:14 INF] HTTP GET /Crm responded 302 in 181.0053 ms
[13:09:14 INF] HTTP GET /Crm responded 302 in 181.0328 ms
[13:09:15 ERR] An exception was thrown while deserializing the token.
Microsoft.AspNetCore.Antiforgery.AntiforgeryValidationException: The antiforgery token could not be decrypted.
 ---> System.Security.Cryptography.CryptographicException: The key {2dd627b4-d573-42e5-ab40-9243cc7949ac} was not found in the key ring. For more information go to https://aka.ms/aspnet/dataprotectionwarning
   at Microsoft.AspNetCore.DataProtection.KeyManagement.KeyRingBasedDataProtector.UnprotectCore(Byte[] protectedData, Boolean allowOperationsOnRevokedKeys, UnprotectStatus& status)
   at Microsoft.AspNetCore.DataProtection.KeyManagement.KeyRingBasedDataProtector.Unprotect(Byte[] protectedData)
   at Microsoft.AspNetCore.Antiforgery.DefaultAntiforgeryTokenSerializer.Deserialize(String serializedToken)
   --- End of inner exception stack trace ---
   at Microsoft.AspNetCore.Antiforgery.DefaultAntiforgeryTokenSerializer.Deserialize(String serializedToken)
   at Microsoft.AspNetCore.Antiforgery.DefaultAntiforgery.GetCookieTokenDoesNotThrow(HttpContext httpContext)
[13:09:15 INF] HTTP GET /Account/Login responded 200 in 595.0280 ms
[13:09:15 INF] HTTP GET /Biktal.WebMVC.styles.css responded 200 in 25.6433 ms
[13:09:15 INF] HTTP GET /lib/bootstrap/dist/css/bootstrap.min.css responded 200 in 33.0644 ms
[13:09:15 INF] HTTP GET /css/site.css responded 200 in 32.2460 ms
[13:09:15 INF] HTTP GET /lib/jquery-validation-unobtrusive/dist/jquery.validate.unobtrusive.min.js responded 200 in 29.1363 ms
[13:09:15 INF] HTTP GET /js/site.js responded 200 in 50.0827 ms
[13:09:15 INF] HTTP GET /lib/jquery-validation/dist/jquery.validate.min.js responded 200 in 35.4544 ms
[13:09:15 INF] HTTP GET /lib/bootstrap/dist/js/bootstrap.bundle.min.js responded 200 in 56.5223 ms
[13:09:15 INF] HTTP GET /lib/jquery/dist/jquery.min.js responded 200 in 61.6021 ms
[13:09:25 INF] HTTP POST /Account/Login responded 302 in 1016.0785 ms
[13:09:25 INF] HTTP GET /Crm responded 200 in 307.9011 ms
[13:09:26 INF] HTTP GET /lib/bootstrap/dist/css/bootstrap.min.css responded 200 in 44.2850 ms
[13:09:26 INF] HTTP GET /Biktal.WebMVC.styles.css responded 200 in 12.1928 ms
[13:09:26 INF] HTTP GET /css/site.css responded 200 in 44.7286 ms
[13:09:26 INF] HTTP GET /js/site.js responded 304 in 40.3899 ms
[13:09:26 INF] HTTP GET /lib/jquery/dist/jquery.min.js responded 304 in 56.5265 ms
[13:09:26 INF] HTTP GET /lib/bootstrap/dist/js/bootstrap.bundle.min.js responded 304 in 149.8755 ms
[13:09:29 INF] HTTP GET /Installments responded 200 in 378.1399 ms
[13:09:29 INF] HTTP GET /lib/bootstrap/dist/css/bootstrap.min.css responded 304 in 4.1524 ms
[13:09:29 INF] HTTP GET /css/site.css responded 304 in 1.3359 ms
[13:09:29 INF] HTTP GET /Biktal.WebMVC.styles.css responded 304 in 2.6664 ms
[13:09:29 INF] HTTP GET /lib/jquery/dist/jquery.min.js responded 304 in 3.7037 ms
[13:09:29 INF] HTTP GET /lib/bootstrap/dist/js/bootstrap.bundle.min.js responded 304 in 0.9709 ms
[13:09:29 INF] HTTP GET /js/site.js responded 304 in 1.3572 ms
[13:09:55 INF] HTTP GET /Installments/New responded 200 in 280.3964 ms
[13:09:55 INF] HTTP GET /lib/bootstrap/dist/css/bootstrap.min.css responded 200 in 8.1506 ms
[13:09:55 INF] HTTP GET /css/site.css responded 304 in 1.1079 ms
[13:09:55 INF] HTTP GET /Biktal.WebMVC.styles.css responded 304 in 1.6945 ms
[13:09:55 INF] HTTP GET /lib/jquery/dist/jquery.min.js responded 304 in 1.2131 ms
[13:09:55 INF] HTTP GET /lib/bootstrap/dist/js/bootstrap.bundle.min.js responded 304 in 1.3660 ms
[13:09:55 INF] HTTP GET /js/site.js responded 304 in 2.9051 ms
[13:09:55 INF] HTTP GET /lib/jquery-validation-unobtrusive/dist/jquery.validate.unobtrusive.min.js responded 304 in 14.5260 ms
[13:09:55 INF] HTTP GET /lib/jquery-validation/dist/jquery.validate.min.js responded 304 in 28.8796 ms
[13:09:59 INF] HTTP GET /Installments responded 200 in 20.3718 ms
[13:09:59 INF] HTTP GET /lib/bootstrap/dist/css/bootstrap.min.css responded 304 in 0.7856 ms
[13:09:59 INF] HTTP GET /css/site.css responded 304 in 0.7373 ms
[13:09:59 INF] HTTP GET /Biktal.WebMVC.styles.css responded 304 in 3.6615 ms
[13:09:59 INF] HTTP GET /lib/jquery/dist/jquery.min.js responded 304 in 1.0396 ms
[13:09:59 INF] HTTP GET /lib/bootstrap/dist/js/bootstrap.bundle.min.js responded 304 in 1.4944 ms
[13:09:59 INF] HTTP GET /js/site.js responded 304 in 1.6809 ms
[13:11:10 INF] HTTP GET /Crm responded 200 in 19.4714 ms
[13:11:10 INF] HTTP GET /lib/bootstrap/dist/css/bootstrap.min.css responded 200 in 1.8695 ms
[13:11:10 INF] HTTP GET /Biktal.WebMVC.styles.css responded 304 in 1.6015 ms
[13:11:10 INF] HTTP GET /css/site.css responded 304 in 0.6435 ms
[13:11:10 INF] HTTP GET /lib/jquery/dist/jquery.min.js responded 304 in 0.6736 ms
[13:11:10 INF] HTTP GET /lib/bootstrap/dist/js/bootstrap.bundle.min.js responded 304 in 2.2049 ms
[13:11:10 INF] HTTP GET /js/site.js responded 304 in 0.8307 ms
[13:11:14 INF] HTTP GET /Insights responded 200 in 339.8006 ms
[13:11:15 INF] HTTP GET /lib/bootstrap/dist/css/bootstrap.min.css responded 200 in 7.4276 ms
[13:11:15 INF] HTTP GET /css/site.css responded 304 in 0.5489 ms
[13:11:15 INF] HTTP GET /Biktal.WebMVC.styles.css responded 304 in 0.4820 ms
[13:11:15 INF] HTTP GET /lib/jquery/dist/jquery.min.js responded 304 in 0.5812 ms
[13:11:15 INF] HTTP GET /lib/bootstrap/dist/js/bootstrap.bundle.min.js responded 304 in 0.4500 ms
[13:11:15 INF] HTTP GET /js/site.js responded 304 in 0.3255 ms
[13:11:20 INF] HTTP GET /Finance responded 200 in 82.9239 ms
[13:11:20 INF] HTTP GET /lib/bootstrap/dist/css/bootstrap.min.css responded 200 in 1.5717 ms
[13:11:20 INF] HTTP GET /css/site.css responded 304 in 1.5674 ms
[13:11:20 INF] HTTP GET /lib/bootstrap/dist/js/bootstrap.bundle.min.js responded 304 in 0.7892 ms
[13:11:20 INF] HTTP GET /lib/jquery/dist/jquery.min.js responded 304 in 1.3405 ms
[13:11:20 INF] HTTP GET /Biktal.WebMVC.styles.css responded 304 in 0.6256 ms
[13:11:20 INF] HTTP GET /js/site.js responded 304 in 0.5232 ms
[13:11:23 INF] HTTP GET /Finance/Expenses responded 200 in 64.7341 ms
[13:11:23 INF] HTTP GET /lib/bootstrap/dist/css/bootstrap.min.css responded 304 in 0.7638 ms
[13:11:23 INF] HTTP GET /css/site.css responded 304 in 0.4581 ms
[13:11:23 INF] HTTP GET /Biktal.WebMVC.styles.css responded 304 in 0.7052 ms
[13:11:23 INF] HTTP GET /lib/bootstrap/dist/js/bootstrap.bundle.min.js responded 304 in 0.3678 ms
[13:11:23 INF] HTTP GET /js/site.js responded 304 in 0.3501 ms
[13:11:23 INF] HTTP GET /lib/jquery-validation/dist/jquery.validate.min.js responded 304 in 0.3885 ms
[13:11:23 INF] HTTP GET /lib/jquery/dist/jquery.min.js responded 304 in 0.4636 ms
[13:11:23 INF] HTTP GET /lib/jquery-validation-unobtrusive/dist/jquery.validate.unobtrusive.min.js responded 304 in 0.8420 ms
[13:11:55 INF] HTTP POST /Finance/CreateExpense responded 302 in 177.3549 ms
[13:11:55 INF] HTTP GET /Finance/Expenses responded 200 in 12.5442 ms
[13:11:55 INF] HTTP GET /lib/bootstrap/dist/css/bootstrap.min.css responded 200 in 3.9139 ms
[13:11:55 INF] HTTP GET /css/site.css responded 304 in 0.8760 ms
[13:11:55 INF] HTTP GET /Biktal.WebMVC.styles.css responded 304 in 0.4923 ms
[13:11:55 INF] HTTP GET /lib/bootstrap/dist/js/bootstrap.bundle.min.js responded 304 in 0.9951 ms
[13:11:55 INF] HTTP GET /lib/jquery/dist/jquery.min.js responded 304 in 2.7985 ms
[13:11:55 INF] HTTP GET /js/site.js responded 304 in 0.6394 ms
[13:11:55 INF] HTTP GET /lib/jquery-validation/dist/jquery.validate.min.js responded 304 in 1.1454 ms
[13:11:55 INF] HTTP GET /lib/jquery-validation-unobtrusive/dist/jquery.validate.unobtrusive.min.js responded 304 in 0.6371 ms
[13:13:35 INF] HTTP GET /Crm responded 200 in 27.1439 ms
[13:13:35 INF] HTTP GET /lib/bootstrap/dist/css/bootstrap.min.css responded 200 in 8.0872 ms
[13:13:35 INF] HTTP GET /lib/bootstrap/dist/js/bootstrap.bundle.min.js responded 200 in 1.0452 ms
[13:13:35 INF] HTTP GET /Biktal.WebMVC.styles.css responded 200 in 1.0107 ms
[13:13:35 INF] HTTP GET /css/site.css responded 200 in 2.5168 ms
[13:13:35 INF] HTTP GET /lib/jquery/dist/jquery.min.js responded 200 in 1.1907 ms
[13:13:35 INF] HTTP GET /js/site.js responded 200 in 0.8416 ms
[13:13:36 INF] HTTP GET /Installments responded 200 in 17.8431 ms
[13:13:36 INF] HTTP GET /css/site.css responded 200 in 2.2799 ms
[13:13:36 INF] HTTP GET /lib/bootstrap/dist/css/bootstrap.min.css responded 200 in 2.3829 ms
[13:13:36 INF] HTTP GET /Biktal.WebMVC.styles.css responded 200 in 2.6667 ms
[13:13:36 INF] HTTP GET /lib/bootstrap/dist/js/bootstrap.bundle.min.js responded 200 in 1.3924 ms
[13:13:36 INF] HTTP GET /lib/jquery/dist/jquery.min.js responded 200 in 1.8639 ms
[13:13:36 INF] HTTP GET /js/site.js responded 200 in 1.3892 ms
[13:13:38 INF] HTTP GET /Installments/New responded 200 in 14.4811 ms
[13:13:38 INF] HTTP GET /lib/bootstrap/dist/css/bootstrap.min.css responded 304 in 0.7078 ms
[13:13:38 INF] HTTP GET /css/site.css responded 304 in 1.8927 ms
[13:13:38 INF] HTTP GET /Biktal.WebMVC.styles.css responded 304 in 0.5458 ms
[13:13:38 INF] HTTP GET /lib/jquery/dist/jquery.min.js responded 304 in 1.3502 ms
[13:13:38 INF] HTTP GET /lib/bootstrap/dist/js/bootstrap.bundle.min.js responded 304 in 0.6957 ms
[13:13:38 INF] HTTP GET /js/site.js responded 304 in 1.9769 ms
[13:13:38 INF] HTTP GET /lib/jquery-validation/dist/jquery.validate.min.js responded 200 in 0.9918 ms
[13:13:38 INF] HTTP GET /lib/jquery-validation-unobtrusive/dist/jquery.validate.unobtrusive.min.js responded 200 in 1.3507 ms
[13:17:09 INF] HTTP POST /Installments/Create responded 302 in 715.3088 ms
[13:17:09 WRN] Compiling a query which loads related collections for more than one collection navigation, either via 'Include' or through projection, but no 'QuerySplittingBehavior' has been configured. By default, Entity Framework will use 'QuerySplittingBehavior.SingleQuery', which can potentially result in slow query performance. See https://go.microsoft.com/fwlink/?linkid=2134277 for more information. To identify the query that's triggering this warning call 'ConfigureWarnings(w => w.Throw(RelationalEventId.MultipleCollectionIncludeWarning))'.
[13:17:09 INF] HTTP GET /Installments/Detail/0285a0a4-304b-4ee6-9da4-1bbbf23c2a59 responded 200 in 238.7354 ms
[13:17:09 INF] HTTP GET /Biktal.WebMVC.styles.css responded 200 in 1.3714 ms
[13:17:09 INF] HTTP GET /lib/bootstrap/dist/css/bootstrap.min.css responded 200 in 1.6180 ms
[13:17:09 INF] HTTP GET /css/site.css responded 200 in 3.4924 ms
[13:17:09 INF] HTTP GET /lib/jquery/dist/jquery.min.js responded 200 in 1.0626 ms
[13:17:09 INF] HTTP GET /lib/bootstrap/dist/js/bootstrap.bundle.min.js responded 200 in 1.4603 ms
[13:17:09 INF] HTTP GET /js/site.js responded 200 in 1.6774 ms
[13:17:09 INF] HTTP GET /lib/jquery-validation/dist/jquery.validate.min.js responded 200 in 1.7374 ms
[13:17:09 INF] HTTP GET /lib/jquery-validation-unobtrusive/dist/jquery.validate.unobtrusive.min.js responded 200 in 1.8895 ms
[13:38:04 INF] Application is shutting down...
