[09:40:33 ERR] Failed executing DbCommand (39ms) [Parameters=[@p0='?' (DbType = Guid), @p1='?' (DbType = DateTime), @p2='?' (DbType = Guid), @p3='?', @p4='?' (DbType = DateTime), @p5='?' (DbType = Int32), @p6='?' (DbType = Int32), @p7='?', @p8='?', @p9='?' (DbType = Guid), @p10='?' (DbType = DateTime), @p11='?' (DbType = Guid), @p12='?', @p13='?' (DbType = DateTime), @p14='?' (DbType = Int32), @p15='?' (DbType = Int32), @p16='?', @p17='?'], CommandType='Text', CommandTimeout='30']
INSERT INTO "CrmSupportTickets" ("Id", "CreatedAtUtc", "CustomerId", "Description", "ModifiedAtUtc", "Priority", "Status", "Subject", "TicketNumber")
VALUES (@p0, @p1, @p2, @p3, @p4, @p5, @p6, @p7, @p8);
INSERT INTO "CrmSupportTickets" ("Id", "CreatedAtUtc", "CustomerId", "Description", "ModifiedAtUtc", "Priority", "Status", "Subject", "TicketNumber")
VALUES (@p9, @p10, @p11, @p12, @p13, @p14, @p15, @p16, @p17);
[09:40:33 ERR] An exception occurred in the database while saving changes for context type 'Biktal.Infrastructure.Persistence.ApplicationDbContext'.
Microsoft.EntityFrameworkCore.DbUpdateException: An error occurred while saving the entity changes. See the inner exception for details.
 ---> Npgsql.PostgresException (0x80004005): 23503: insert or update on table "CrmSupportTickets" violates foreign key constraint "FK_CrmSupportTickets_CrmCustomers_CustomerId"

DETAIL: Detail redacted as it may contain sensitive data. Specify 'Include Error Detail' in the connection string to include this information.
   at Npgsql.Internal.NpgsqlConnector.ReadMessageLong(Boolean async, DataRowLoadingMode dataRowLoadingMode, Boolean readingNotifications, Boolean isReadingPrependedMessage)
   at System.Runtime.CompilerServices.PoolingAsyncValueTaskMethodBuilder`1.StateMachineBox`1.System.Threading.Tasks.Sources.IValueTaskSource<TResult>.GetResult(Int16 token)
   at Npgsql.NpgsqlDataReader.NextResult(Boolean async, Boolean isConsuming, CancellationToken cancellationToken)
   at Npgsql.NpgsqlDataReader.NextResult(Boolean async, Boolean isConsuming, CancellationToken cancellationToken)
   at Npgsql.NpgsqlCommand.ExecuteReader(Boolean async, CommandBehavior behavior, CancellationToken cancellationToken)
   at Npgsql.NpgsqlCommand.ExecuteReader(Boolean async, CommandBehavior behavior, CancellationToken cancellationToken)
   at Npgsql.NpgsqlCommand.ExecuteDbDataReaderAsync(CommandBehavior behavior, CancellationToken cancellationToken)
   at Microsoft.EntityFrameworkCore.Storage.RelationalCommand.ExecuteReaderAsync(RelationalCommandParameterObject parameterObject, CancellationToken cancellationToken)
   at Microsoft.EntityFrameworkCore.Storage.RelationalCommand.ExecuteReaderAsync(RelationalCommandParameterObject parameterObject, CancellationToken cancellationToken)
   at Microsoft.EntityFrameworkCore.Update.ReaderModificationCommandBatch.ExecuteAsync(IRelationalConnection connection, CancellationToken cancellationToken)
  Exception data:
    Severity: ERROR
    SqlState: 23503
    MessageText: insert or update on table "CrmSupportTickets" violates foreign key constraint "FK_CrmSupportTickets_CrmCustomers_CustomerId"
    Detail: Detail redacted as it may contain sensitive data. Specify 'Include Error Detail' in the connection string to include this information.
    SchemaName: public
    TableName: CrmSupportTickets
    ConstraintName: FK_CrmSupportTickets_CrmCustomers_CustomerId
    File: ri_triggers.c
    Line: 2783
    Routine: ri_ReportViolation
   --- End of inner exception stack trace ---
   at Microsoft.EntityFrameworkCore.Update.ReaderModificationCommandBatch.ExecuteAsync(IRelationalConnection connection, CancellationToken cancellationToken)
   at Microsoft.EntityFrameworkCore.Update.Internal.BatchExecutor.ExecuteAsync(IEnumerable`1 commandBatches, IRelationalConnection connection, CancellationToken cancellationToken)
   at Microsoft.EntityFrameworkCore.Update.Internal.BatchExecutor.ExecuteAsync(IEnumerable`1 commandBatches, IRelationalConnection connection, CancellationToken cancellationToken)
   at Microsoft.EntityFrameworkCore.Update.Internal.BatchExecutor.ExecuteAsync(IEnumerable`1 commandBatches, IRelationalConnection connection, CancellationToken cancellationToken)
   at Microsoft.EntityFrameworkCore.Storage.RelationalDatabase.SaveChangesAsync(IList`1 entries, CancellationToken cancellationToken)
   at Microsoft.EntityFrameworkCore.ChangeTracking.Internal.StateManager.SaveChangesAsync(IList`1 entriesToSave, CancellationToken cancellationToken)
   at Microsoft.EntityFrameworkCore.ChangeTracking.Internal.StateManager.SaveChangesAsync(StateManager stateManager, Boolean acceptAllChangesOnSuccess, CancellationToken cancellationToken)
   at Npgsql.EntityFrameworkCore.PostgreSQL.Storage.Internal.NpgsqlExecutionStrategy.ExecuteAsync[TState,TResult](TState state, Func`4 operation, Func`4 verifySucceeded, CancellationToken cancellationToken)
   at Microsoft.EntityFrameworkCore.DbContext.SaveChangesAsync(Boolean acceptAllChangesOnSuccess, CancellationToken cancellationToken)
Microsoft.EntityFrameworkCore.DbUpdateException: An error occurred while saving the entity changes. See the inner exception for details.
 ---> Npgsql.PostgresException (0x80004005): 23503: insert or update on table "CrmSupportTickets" violates foreign key constraint "FK_CrmSupportTickets_CrmCustomers_CustomerId"

DETAIL: Detail redacted as it may contain sensitive data. Specify 'Include Error Detail' in the connection string to include this information.
   at Npgsql.Internal.NpgsqlConnector.ReadMessageLong(Boolean async, DataRowLoadingMode dataRowLoadingMode, Boolean readingNotifications, Boolean isReadingPrependedMessage)
   at System.Runtime.CompilerServices.PoolingAsyncValueTaskMethodBuilder`1.StateMachineBox`1.System.Threading.Tasks.Sources.IValueTaskSource<TResult>.GetResult(Int16 token)
   at Npgsql.NpgsqlDataReader.NextResult(Boolean async, Boolean isConsuming, CancellationToken cancellationToken)
   at Npgsql.NpgsqlDataReader.NextResult(Boolean async, Boolean isConsuming, CancellationToken cancellationToken)
   at Npgsql.NpgsqlCommand.ExecuteReader(Boolean async, CommandBehavior behavior, CancellationToken cancellationToken)
   at Npgsql.NpgsqlCommand.ExecuteReader(Boolean async, CommandBehavior behavior, CancellationToken cancellationToken)
   at Npgsql.NpgsqlCommand.ExecuteDbDataReaderAsync(CommandBehavior behavior, CancellationToken cancellationToken)
   at Microsoft.EntityFrameworkCore.Storage.RelationalCommand.ExecuteReaderAsync(RelationalCommandParameterObject parameterObject, CancellationToken cancellationToken)
   at Microsoft.EntityFrameworkCore.Storage.RelationalCommand.ExecuteReaderAsync(RelationalCommandParameterObject parameterObject, CancellationToken cancellationToken)
   at Microsoft.EntityFrameworkCore.Update.ReaderModificationCommandBatch.ExecuteAsync(IRelationalConnection connection, CancellationToken cancellationToken)
  Exception data:
    Severity: ERROR
    SqlState: 23503
    MessageText: insert or update on table "CrmSupportTickets" violates foreign key constraint "FK_CrmSupportTickets_CrmCustomers_CustomerId"
    Detail: Detail redacted as it may contain sensitive data. Specify 'Include Error Detail' in the connection string to include this information.
    SchemaName: public
    TableName: CrmSupportTickets
    ConstraintName: FK_CrmSupportTickets_CrmCustomers_CustomerId
    File: ri_triggers.c
    Line: 2783
    Routine: ri_ReportViolation
   --- End of inner exception stack trace ---
   at Microsoft.EntityFrameworkCore.Update.ReaderModificationCommandBatch.ExecuteAsync(IRelationalConnection connection, CancellationToken cancellationToken)
   at Microsoft.EntityFrameworkCore.Update.Internal.BatchExecutor.ExecuteAsync(IEnumerable`1 commandBatches, IRelationalConnection connection, CancellationToken cancellationToken)
   at Microsoft.EntityFrameworkCore.Update.Internal.BatchExecutor.ExecuteAsync(IEnumerable`1 commandBatches, IRelationalConnection connection, CancellationToken cancellationToken)
   at Microsoft.EntityFrameworkCore.Update.Internal.BatchExecutor.ExecuteAsync(IEnumerable`1 commandBatches, IRelationalConnection connection, CancellationToken cancellationToken)
   at Microsoft.EntityFrameworkCore.Storage.RelationalDatabase.SaveChangesAsync(IList`1 entries, CancellationToken cancellationToken)
   at Microsoft.EntityFrameworkCore.ChangeTracking.Internal.StateManager.SaveChangesAsync(IList`1 entriesToSave, CancellationToken cancellationToken)
   at Microsoft.EntityFrameworkCore.ChangeTracking.Internal.StateManager.SaveChangesAsync(StateManager stateManager, Boolean acceptAllChangesOnSuccess, CancellationToken cancellationToken)
   at Npgsql.EntityFrameworkCore.PostgreSQL.Storage.Internal.NpgsqlExecutionStrategy.ExecuteAsync[TState,TResult](TState state, Func`4 operation, Func`4 verifySucceeded, CancellationToken cancellationToken)
   at Microsoft.EntityFrameworkCore.DbContext.SaveChangesAsync(Boolean acceptAllChangesOnSuccess, CancellationToken cancellationToken)
[09:40:33 ERR] Database migration or seed failed. Check PostgreSQL is running and ConnectionStrings:DefaultConnection is correct.
Microsoft.EntityFrameworkCore.DbUpdateException: An error occurred while saving the entity changes. See the inner exception for details.
 ---> Npgsql.PostgresException (0x80004005): 23503: insert or update on table "CrmSupportTickets" violates foreign key constraint "FK_CrmSupportTickets_CrmCustomers_CustomerId"

DETAIL: Detail redacted as it may contain sensitive data. Specify 'Include Error Detail' in the connection string to include this information.
   at Npgsql.Internal.NpgsqlConnector.ReadMessageLong(Boolean async, DataRowLoadingMode dataRowLoadingMode, Boolean readingNotifications, Boolean isReadingPrependedMessage)
   at System.Runtime.CompilerServices.PoolingAsyncValueTaskMethodBuilder`1.StateMachineBox`1.System.Threading.Tasks.Sources.IValueTaskSource<TResult>.GetResult(Int16 token)
   at Npgsql.NpgsqlDataReader.NextResult(Boolean async, Boolean isConsuming, CancellationToken cancellationToken)
   at Npgsql.NpgsqlDataReader.NextResult(Boolean async, Boolean isConsuming, CancellationToken cancellationToken)
   at Npgsql.NpgsqlCommand.ExecuteReader(Boolean async, CommandBehavior behavior, CancellationToken cancellationToken)
   at Npgsql.NpgsqlCommand.ExecuteReader(Boolean async, CommandBehavior behavior, CancellationToken cancellationToken)
   at Npgsql.NpgsqlCommand.ExecuteDbDataReaderAsync(CommandBehavior behavior, CancellationToken cancellationToken)
   at Microsoft.EntityFrameworkCore.Storage.RelationalCommand.ExecuteReaderAsync(RelationalCommandParameterObject parameterObject, CancellationToken cancellationToken)
   at Microsoft.EntityFrameworkCore.Storage.RelationalCommand.ExecuteReaderAsync(RelationalCommandParameterObject parameterObject, CancellationToken cancellationToken)
   at Microsoft.EntityFrameworkCore.Update.ReaderModificationCommandBatch.ExecuteAsync(IRelationalConnection connection, CancellationToken cancellationToken)
  Exception data:
    Severity: ERROR
    SqlState: 23503
    MessageText: insert or update on table "CrmSupportTickets" violates foreign key constraint "FK_CrmSupportTickets_CrmCustomers_CustomerId"
    Detail: Detail redacted as it may contain sensitive data. Specify 'Include Error Detail' in the connection string to include this information.
    SchemaName: public
    TableName: CrmSupportTickets
    ConstraintName: FK_CrmSupportTickets_CrmCustomers_CustomerId
    File: ri_triggers.c
    Line: 2783
    Routine: ri_ReportViolation
   --- End of inner exception stack trace ---
   at Microsoft.EntityFrameworkCore.Update.ReaderModificationCommandBatch.ExecuteAsync(IRelationalConnection connection, CancellationToken cancellationToken)
   at Microsoft.EntityFrameworkCore.Update.Internal.BatchExecutor.ExecuteAsync(IEnumerable`1 commandBatches, IRelationalConnection connection, CancellationToken cancellationToken)
   at Microsoft.EntityFrameworkCore.Update.Internal.BatchExecutor.ExecuteAsync(IEnumerable`1 commandBatches, IRelationalConnection connection, CancellationToken cancellationToken)
   at Microsoft.EntityFrameworkCore.Update.Internal.BatchExecutor.ExecuteAsync(IEnumerable`1 commandBatches, IRelationalConnection connection, CancellationToken cancellationToken)
   at Microsoft.EntityFrameworkCore.Storage.RelationalDatabase.SaveChangesAsync(IList`1 entries, CancellationToken cancellationToken)
   at Microsoft.EntityFrameworkCore.ChangeTracking.Internal.StateManager.SaveChangesAsync(IList`1 entriesToSave, CancellationToken cancellationToken)
   at Microsoft.EntityFrameworkCore.ChangeTracking.Internal.StateManager.SaveChangesAsync(StateManager stateManager, Boolean acceptAllChangesOnSuccess, CancellationToken cancellationToken)
   at Npgsql.EntityFrameworkCore.PostgreSQL.Storage.Internal.NpgsqlExecutionStrategy.ExecuteAsync[TState,TResult](TState state, Func`4 operation, Func`4 verifySucceeded, CancellationToken cancellationToken)
   at Microsoft.EntityFrameworkCore.DbContext.SaveChangesAsync(Boolean acceptAllChangesOnSuccess, CancellationToken cancellationToken)
   at Microsoft.EntityFrameworkCore.DbContext.SaveChangesAsync(Boolean acceptAllChangesOnSuccess, CancellationToken cancellationToken)
   at Biktal.Infrastructure.Persistence.CrmDataSeeder.SeedIfEmptyAsync(ApplicationDbContext db, CancellationToken cancellationToken)
   at Program.<Main>$(String[] args) in d:\Systems\BiktalSystems\Program.cs:line 71
[09:40:33 WRN] Continuing without a successful migration/seed. Auth and data pages may fail until the database is available.
[09:40:33 WRN] Using an in-memory repository. Keys will not be persisted to storage.
[09:40:33 WRN] Neither user profile nor HKLM registry available. Using an ephemeral key repository. Protected data will be unavailable when application exits.
[09:40:33 WRN] No XML encryptor configured. Key {d1b5a125-04a0-40a3-87f7-ae0fb0aae7ff} may be persisted to storage in unencrypted form.
[09:40:33 INF] Application started. Press Ctrl+C to shut down.
[09:40:33 INF] Hosting environment: Production
[09:40:33 INF] Content root path: D:\Systems\BiktalSystems\publish
[09:40:33 INF] HTTP GET /Inventory/Products responded 302 in 105.2775 ms
[09:40:33 ERR] An exception was thrown while deserializing the token.
Microsoft.AspNetCore.Antiforgery.AntiforgeryValidationException: The antiforgery token could not be decrypted.
 ---> System.Security.Cryptography.CryptographicException: The key {19539562-d81a-45db-914a-c649ac322f52} was not found in the key ring. For more information go to https://aka.ms/aspnet/dataprotectionwarning
   at Microsoft.AspNetCore.DataProtection.KeyManagement.KeyRingBasedDataProtector.UnprotectCore(Byte[] protectedData, Boolean allowOperationsOnRevokedKeys, UnprotectStatus& status)
   at Microsoft.AspNetCore.DataProtection.KeyManagement.KeyRingBasedDataProtector.Unprotect(Byte[] protectedData)
   at Microsoft.AspNetCore.Antiforgery.DefaultAntiforgeryTokenSerializer.Deserialize(String serializedToken)
   --- End of inner exception stack trace ---
   at Microsoft.AspNetCore.Antiforgery.DefaultAntiforgeryTokenSerializer.Deserialize(String serializedToken)
   at Microsoft.AspNetCore.Antiforgery.DefaultAntiforgery.GetCookieTokenDoesNotThrow(HttpContext httpContext)
[09:40:34 INF] HTTP GET /Account/Login responded 200 in 338.4014 ms
[09:40:34 INF] HTTP GET /js/site.js responded 200 in 145.9469 ms
[09:40:34 INF] HTTP GET /Biktal.WebMVC.styles.css responded 200 in 149.5813 ms
[09:40:34 INF] HTTP GET /lib/jquery-validation/dist/jquery.validate.min.js responded 200 in 145.7922 ms
[09:40:34 INF] HTTP GET /lib/bootstrap/dist/js/bootstrap.bundle.min.js responded 200 in 148.0068 ms
[09:40:34 INF] HTTP GET /lib/jquery/dist/jquery.min.js responded 200 in 150.0862 ms
[09:40:34 INF] HTTP GET /css/site.css responded 200 in 158.3398 ms
[09:40:34 INF] HTTP GET /lib/bootstrap/dist/css/bootstrap.min.css responded 200 in 158.3609 ms
[09:40:34 INF] HTTP GET /lib/jquery-validation-unobtrusive/dist/jquery.validate.unobtrusive.min.js responded 200 in 140.9124 ms
[09:41:47 INF] HTTP POST /Account/Login responded 302 in 547.9610 ms
[09:41:47 INF] HTTP GET /Inventory/Products responded 200 in 469.5927 ms
[09:41:47 INF] HTTP GET /css/site.css responded 200 in 7.2205 ms
[09:41:47 INF] HTTP GET /Biktal.WebMVC.styles.css responded 200 in 2.2385 ms
[09:41:47 INF] HTTP GET /lib/bootstrap/dist/css/bootstrap.min.css responded 200 in 44.3827 ms
[09:41:49 INF] HTTP GET /lib/jquery/dist/jquery.min.js responded 200 in 26.9961 ms
[09:41:49 INF] HTTP GET /lib/jquery-validation-unobtrusive/dist/jquery.validate.unobtrusive.min.js responded 200 in 20.0850 ms
[09:41:49 INF] HTTP GET /js/site.js responded 200 in 21.4154 ms
[09:41:49 INF] HTTP GET /lib/jquery-validation/dist/jquery.validate.min.js responded 200 in 23.3613 ms
[09:41:49 INF] HTTP GET /js/products-catalog-filter.js responded 200 in 30.5498 ms
[09:41:49 INF] HTTP GET /lib/bootstrap/dist/js/bootstrap.bundle.min.js responded 200 in 125.6150 ms
[09:41:55 INF] HTTP GET /Finance responded 200 in 102.0595 ms
[09:41:55 INF] HTTP GET /lib/bootstrap/dist/css/bootstrap.min.css responded 304 in 3.6181 ms
[09:41:55 INF] HTTP GET /css/site.css responded 304 in 2.5845 ms
[09:41:55 INF] HTTP GET /Biktal.WebMVC.styles.css responded 304 in 1.7080 ms
[09:41:55 INF] HTTP GET /lib/jquery/dist/jquery.min.js responded 304 in 2.6557 ms
[09:41:55 INF] HTTP GET /lib/bootstrap/dist/js/bootstrap.bundle.min.js responded 304 in 1.3655 ms
[09:41:55 INF] HTTP GET /js/site.js responded 304 in 1.1546 ms
[09:42:03 INF] HTTP GET /Finance/Expenses responded 200 in 69.3376 ms
[09:42:03 INF] HTTP GET /Biktal.WebMVC.styles.css responded 304 in 0.6013 ms
[09:42:03 INF] HTTP GET /css/site.css responded 304 in 0.9401 ms
[09:42:03 INF] HTTP GET /lib/bootstrap/dist/css/bootstrap.min.css responded 200 in 1.6572 ms
[09:42:03 INF] HTTP GET /lib/jquery/dist/jquery.min.js responded 304 in 3.2896 ms
[09:42:03 INF] HTTP GET /lib/bootstrap/dist/js/bootstrap.bundle.min.js responded 304 in 0.7810 ms
[09:42:03 INF] HTTP GET /js/site.js responded 304 in 1.5867 ms
[09:42:03 INF] HTTP GET /lib/jquery-validation/dist/jquery.validate.min.js responded 304 in 0.7590 ms
[09:42:03 INF] HTTP GET /lib/jquery-validation-unobtrusive/dist/jquery.validate.unobtrusive.min.js responded 304 in 0.9276 ms
[09:54:41 INF] HTTP GET /Finance/Cashbox responded 200 in 363.6840 ms
[09:54:41 INF] HTTP GET /css/site.css responded 200 in 1.5536 ms
[09:54:41 INF] HTTP GET /Biktal.WebMVC.styles.css responded 200 in 1.3400 ms
[09:54:41 INF] HTTP GET /lib/bootstrap/dist/css/bootstrap.min.css responded 200 in 2.6748 ms
[09:54:41 INF] HTTP GET /lib/jquery/dist/jquery.min.js responded 200 in 1.5270 ms
[09:54:41 INF] HTTP GET /js/site.js responded 200 in 2.1304 ms
[09:54:41 INF] HTTP GET /lib/bootstrap/dist/js/bootstrap.bundle.min.js responded 200 in 1.6983 ms
[09:54:41 INF] HTTP GET /lib/jquery-validation/dist/jquery.validate.min.js responded 200 in 1.4335 ms
[09:54:41 INF] HTTP GET /lib/jquery-validation-unobtrusive/dist/jquery.validate.unobtrusive.min.js responded 200 in 1.2259 ms
[09:59:31 WRN] The query uses the 'First'/'FirstOrDefault' operator without 'OrderBy' and filter operators. This may lead to unpredictable results.
[09:59:31 WRN] The query uses the 'First'/'FirstOrDefault' operator without 'OrderBy' and filter operators. This may lead to unpredictable results.
[09:59:31 INF] HTTP GET /Operations responded 200 in 113.7001 ms
[09:59:31 INF] HTTP GET /lib/bootstrap/dist/css/bootstrap.min.css responded 200 in 8.0437 ms
[09:59:31 INF] HTTP GET /css/site.css responded 200 in 1.9262 ms
[09:59:31 INF] HTTP GET /Biktal.WebMVC.styles.css responded 200 in 2.7248 ms
[09:59:31 INF] HTTP GET /lib/bootstrap/dist/js/bootstrap.bundle.min.js responded 200 in 1.8763 ms
[09:59:31 INF] HTTP GET /lib/jquery/dist/jquery.min.js responded 200 in 2.1308 ms
[09:59:31 INF] HTTP GET /js/site.js responded 200 in 11.5315 ms
[10:00:00 INF] HTTP GET /Finance/Expenses responded 200 in 71.2285 ms
[10:00:00 INF] HTTP GET /lib/bootstrap/dist/js/bootstrap.bundle.min.js responded 200 in 1.2388 ms
[10:00:00 INF] HTTP GET /js/site.js responded 200 in 1.3610 ms
[10:00:00 INF] HTTP GET /lib/jquery-validation-unobtrusive/dist/jquery.validate.unobtrusive.min.js responded 200 in 3.0203 ms
[10:00:00 INF] HTTP GET /lib/jquery-validation/dist/jquery.validate.min.js responded 200 in 6.0849 ms
[10:00:04 INF] HTTP GET /Operations responded 200 in 31.7019 ms
[10:00:04 INF] HTTP GET /lib/bootstrap/dist/css/bootstrap.min.css responded 200 in 1.5760 ms
[10:00:04 INF] HTTP GET /css/site.css responded 304 in 0.7879 ms
[10:00:04 INF] HTTP GET /Biktal.WebMVC.styles.css responded 304 in 2.4882 ms
[10:00:04 INF] HTTP GET /lib/jquery/dist/jquery.min.js responded 304 in 0.8050 ms
[10:00:04 INF] HTTP GET /lib/bootstrap/dist/js/bootstrap.bundle.min.js responded 200 in 1.3473 ms
[10:00:04 INF] HTTP GET /js/site.js responded 200 in 2.0112 ms
[10:00:37 INF] HTTP GET /Operations/DailySales responded 200 in 46.6535 ms
[10:00:37 INF] HTTP GET /css/site.css responded 304 in 0.7581 ms
[10:00:37 INF] HTTP GET /lib/jquery/dist/jquery.min.js responded 304 in 0.4494 ms
[10:00:37 INF] HTTP GET /lib/bootstrap/dist/css/bootstrap.min.css responded 200 in 1.0210 ms
[10:00:37 INF] HTTP GET /js/site.js responded 304 in 0.4694 ms
[10:00:37 INF] HTTP GET /lib/bootstrap/dist/js/bootstrap.bundle.min.js responded 304 in 1.7841 ms
[10:00:37 INF] HTTP GET /Biktal.WebMVC.styles.css responded 304 in 4.2732 ms
[10:01:21 INF] HTTP GET /Operations/DailySales responded 200 in 17.6704 ms
[10:01:21 INF] HTTP GET /lib/bootstrap/dist/css/bootstrap.min.css responded 200 in 1.2389 ms
[10:01:21 INF] HTTP GET /css/site.css responded 200 in 1.5235 ms
[10:01:21 INF] HTTP GET /Biktal.WebMVC.styles.css responded 200 in 1.4769 ms
[10:01:21 INF] HTTP GET /lib/bootstrap/dist/js/bootstrap.bundle.min.js responded 200 in 1.5732 ms
[10:01:21 INF] HTTP GET /lib/jquery/dist/jquery.min.js responded 200 in 1.5696 ms
[10:01:21 INF] HTTP GET /js/site.js responded 200 in 2.3422 ms
[10:01:24 INF] HTTP GET /favicon.ico responded 200 in 21.4655 ms
[10:01:30 INF] HTTP GET /Operations/MonthlySales responded 200 in 40.6818 ms
[10:01:31 INF] HTTP GET /css/site.css responded 200 in 0.6873 ms
[10:01:31 INF] HTTP GET /lib/bootstrap/dist/css/bootstrap.min.css responded 200 in 2.7232 ms
[10:01:31 INF] HTTP GET /Biktal.WebMVC.styles.css responded 200 in 0.7472 ms
[10:01:31 INF] HTTP GET /lib/jquery/dist/jquery.min.js responded 200 in 2.3873 ms
[10:01:31 INF] HTTP GET /lib/bootstrap/dist/js/bootstrap.bundle.min.js responded 200 in 2.9838 ms
[10:01:31 INF] HTTP GET /js/site.js responded 200 in 0.8762 ms
[10:01:33 INF] HTTP GET /Operations/Sales responded 200 in 90.6071 ms
[10:01:33 INF] HTTP GET /css/site.css responded 200 in 5.6550 ms
[10:01:33 INF] HTTP GET /lib/bootstrap/dist/css/bootstrap.min.css responded 200 in 6.2567 ms
[10:01:33 INF] HTTP GET /Biktal.WebMVC.styles.css responded 200 in 1.4771 ms
[10:01:33 INF] HTTP GET /lib/jquery/dist/jquery.min.js responded 304 in 0.4156 ms
[10:01:33 INF] HTTP GET /lib/bootstrap/dist/js/bootstrap.bundle.min.js responded 304 in 0.4161 ms
[10:01:33 INF] HTTP GET /js/site.js responded 304 in 0.6554 ms
[10:01:35 INF] HTTP GET /Operations/MonthlySales responded 200 in 9.1723 ms
[10:01:35 INF] HTTP GET /lib/bootstrap/dist/css/bootstrap.min.css responded 304 in 0.3616 ms
[10:01:35 INF] HTTP GET /css/site.css responded 304 in 0.3971 ms
[10:01:35 INF] HTTP GET /Biktal.WebMVC.styles.css responded 304 in 0.5332 ms
[10:01:35 INF] HTTP GET /lib/jquery/dist/jquery.min.js responded 304 in 0.5023 ms
[10:01:35 INF] HTTP GET /js/site.js responded 304 in 1.5265 ms
[10:01:35 INF] HTTP GET /lib/bootstrap/dist/js/bootstrap.bundle.min.js responded 304 in 0.4532 ms
[10:01:39 INF] HTTP GET /Operations/Sales responded 200 in 15.4330 ms
[10:01:39 INF] HTTP GET /lib/bootstrap/dist/css/bootstrap.min.css responded 304 in 0.5555 ms
[10:01:39 INF] HTTP GET /Biktal.WebMVC.styles.css responded 304 in 0.3280 ms
[10:01:39 INF] HTTP GET /css/site.css responded 304 in 0.3551 ms
[10:01:39 INF] HTTP GET /lib/jquery/dist/jquery.min.js responded 304 in 0.4408 ms
[10:01:39 INF] HTTP GET /lib/bootstrap/dist/js/bootstrap.bundle.min.js responded 304 in 0.9428 ms
[10:01:39 INF] HTTP GET /js/site.js responded 304 in 0.8653 ms
[10:01:47 INF] HTTP GET /Operations/Inventory responded 200 in 91.0781 ms
[10:01:48 INF] HTTP GET /css/site.css responded 304 in 0.6050 ms
[10:01:48 INF] HTTP GET /lib/bootstrap/dist/css/bootstrap.min.css responded 200 in 1.0544 ms
[10:01:48 INF] HTTP GET /Biktal.WebMVC.styles.css responded 304 in 0.4671 ms
[10:01:48 INF] HTTP GET /lib/bootstrap/dist/js/bootstrap.bundle.min.js responded 304 in 0.4190 ms
[10:01:48 INF] HTTP GET /lib/jquery/dist/jquery.min.js responded 304 in 1.7428 ms
[10:01:48 INF] HTTP GET /js/site.js responded 304 in 0.5769 ms
[10:02:32 INF] HTTP GET /Inventory responded 200 in 95.7017 ms
[10:02:32 INF] HTTP GET /css/site.css responded 304 in 0.4263 ms
[10:02:32 INF] HTTP GET /lib/bootstrap/dist/css/bootstrap.min.css responded 200 in 1.7804 ms
[10:02:32 INF] HTTP GET /Biktal.WebMVC.styles.css responded 304 in 1.4720 ms
[10:02:32 INF] HTTP GET /lib/bootstrap/dist/js/bootstrap.bundle.min.js responded 304 in 0.5804 ms
[10:02:32 INF] HTTP GET /js/site.js responded 304 in 0.4778 ms
[10:02:32 INF] HTTP GET /lib/jquery/dist/jquery.min.js responded 304 in 1.2788 ms
[10:02:52 INF] HTTP GET /Operations responded 200 in 11.6337 ms
[10:02:52 INF] HTTP GET /css/site.css responded 200 in 1.2046 ms
[10:02:52 INF] HTTP GET /lib/bootstrap/dist/css/bootstrap.min.css responded 200 in 1.1708 ms
[10:02:52 INF] HTTP GET /Biktal.WebMVC.styles.css responded 200 in 2.8957 ms
[10:02:52 INF] HTTP GET /lib/jquery/dist/jquery.min.js responded 200 in 1.3871 ms
[10:02:52 INF] HTTP GET /lib/bootstrap/dist/js/bootstrap.bundle.min.js responded 200 in 2.6559 ms
[10:02:52 INF] HTTP GET /js/site.js responded 200 in 1.6452 ms
[10:03:02 INF] HTTP GET /Operations/Inventory responded 200 in 17.3806 ms
[10:03:02 INF] HTTP GET /css/site.css responded 200 in 1.1854 ms
[10:03:02 INF] HTTP GET /lib/bootstrap/dist/css/bootstrap.min.css responded 200 in 1.6858 ms
[10:03:02 INF] HTTP GET /Biktal.WebMVC.styles.css responded 200 in 0.7971 ms
[10:03:02 INF] HTTP GET /lib/jquery/dist/jquery.min.js responded 304 in 0.3911 ms
[10:03:02 INF] HTTP GET /lib/bootstrap/dist/js/bootstrap.bundle.min.js responded 304 in 0.6845 ms
[10:03:02 INF] HTTP GET /js/site.js responded 304 in 0.5524 ms
[10:03:28 INF] HTTP GET /Operations/DailySales responded 200 in 7.9917 ms
[10:03:28 INF] HTTP GET /lib/bootstrap/dist/css/bootstrap.min.css responded 200 in 0.9201 ms
[10:03:28 INF] HTTP GET /lib/jquery/dist/jquery.min.js responded 304 in 0.5592 ms
[10:03:28 INF] HTTP GET /lib/bootstrap/dist/js/bootstrap.bundle.min.js responded 304 in 0.3789 ms
[10:03:28 INF] HTTP GET /js/site.js responded 304 in 0.4095 ms
[10:03:28 INF] HTTP GET /css/site.css responded 200 in 2.7111 ms
[10:03:28 INF] HTTP GET /Biktal.WebMVC.styles.css responded 200 in 3.9362 ms
[10:04:55 INF] HTTP GET /Crm responded 200 in 70.7020 ms
[10:04:55 INF] HTTP GET /lib/bootstrap/dist/css/bootstrap.min.css responded 200 in 1.0595 ms
[10:04:55 INF] HTTP GET /css/site.css responded 200 in 1.1289 ms
[10:04:55 INF] HTTP GET /Biktal.WebMVC.styles.css responded 200 in 1.2213 ms
[10:04:55 INF] HTTP GET /lib/bootstrap/dist/js/bootstrap.bundle.min.js responded 200 in 3.0276 ms
[10:04:55 INF] HTTP GET /lib/jquery/dist/jquery.min.js responded 200 in 1.7440 ms
[10:04:55 INF] HTTP GET /js/site.js responded 200 in 1.2493 ms
[10:04:57 INF] HTTP GET /Installments responded 200 in 99.0119 ms
[10:04:57 INF] HTTP GET /css/site.css responded 200 in 1.1239 ms
[10:04:57 INF] HTTP GET /lib/bootstrap/dist/css/bootstrap.min.css responded 200 in 1.3199 ms
[10:04:57 INF] HTTP GET /Biktal.WebMVC.styles.css responded 200 in 1.1499 ms
[10:04:57 INF] HTTP GET /lib/jquery/dist/jquery.min.js responded 304 in 1.7987 ms
[10:04:57 INF] HTTP GET /js/site.js responded 304 in 0.4263 ms
[10:04:57 INF] HTTP GET /lib/bootstrap/dist/js/bootstrap.bundle.min.js responded 304 in 0.9635 ms
[10:05:30 INF] HTTP GET /Operations responded 200 in 105.8455 ms
[10:05:30 INF] HTTP GET /lib/bootstrap/dist/css/bootstrap.min.css responded 200 in 1.1848 ms
[10:05:30 INF] HTTP GET /css/site.css responded 200 in 1.7602 ms
[10:05:30 INF] HTTP GET /Biktal.WebMVC.styles.css responded 200 in 1.7492 ms
[10:05:30 INF] HTTP GET /lib/bootstrap/dist/js/bootstrap.bundle.min.js responded 304 in 1.7504 ms
[10:05:30 INF] HTTP GET /lib/jquery/dist/jquery.min.js responded 304 in 2.8995 ms
[10:05:30 INF] HTTP GET /js/site.js responded 304 in 0.6476 ms
[10:05:32 INF] HTTP GET /Operations/Sales responded 200 in 22.0756 ms
[10:05:32 INF] HTTP GET /css/site.css responded 200 in 0.7557 ms
[10:05:32 INF] HTTP GET /lib/bootstrap/dist/css/bootstrap.min.css responded 200 in 0.8785 ms
[10:05:32 INF] HTTP GET /Biktal.WebMVC.styles.css responded 200 in 1.9460 ms
[10:05:32 INF] HTTP GET /lib/jquery/dist/jquery.min.js responded 200 in 2.4362 ms
[10:05:32 INF] HTTP GET /js/site.js responded 200 in 1.8708 ms
[10:05:32 INF] HTTP GET /lib/bootstrap/dist/js/bootstrap.bundle.min.js responded 200 in 1.7357 ms
[10:11:09 INF] HTTP GET /Finance responded 200 in 93.1570 ms
[10:11:09 INF] HTTP GET /css/site.css responded 200 in 1.1817 ms
[10:11:09 INF] HTTP GET /Biktal.WebMVC.styles.css responded 200 in 0.7525 ms
[10:11:09 INF] HTTP GET /lib/bootstrap/dist/css/bootstrap.min.css responded 200 in 4.8878 ms
[10:11:09 INF] HTTP GET /lib/bootstrap/dist/js/bootstrap.bundle.min.js responded 200 in 1.6759 ms
[10:11:09 INF] HTTP GET /lib/jquery/dist/jquery.min.js responded 200 in 1.2855 ms
[10:11:09 INF] HTTP GET /js/site.js responded 200 in 1.1807 ms
[10:11:16 INF] HTTP GET /Operations responded 200 in 26.3887 ms
[10:11:16 INF] HTTP GET /lib/bootstrap/dist/css/bootstrap.min.css responded 200 in 0.8899 ms
[10:11:16 INF] HTTP GET /css/site.css responded 200 in 0.6049 ms
[10:11:16 INF] HTTP GET /Biktal.WebMVC.styles.css responded 200 in 2.0068 ms
[10:11:16 INF] HTTP GET /lib/jquery/dist/jquery.min.js responded 200 in 1.7652 ms
[10:11:16 INF] HTTP GET /js/site.js responded 200 in 1.6876 ms
[10:11:16 INF] HTTP GET /lib/bootstrap/dist/js/bootstrap.bundle.min.js responded 200 in 1.7101 ms
[10:11:19 INF] HTTP GET /Inventory responded 200 in 30.4295 ms
[10:11:19 INF] HTTP GET /css/site.css responded 304 in 0.3383 ms
[10:11:19 INF] HTTP GET /lib/bootstrap/dist/css/bootstrap.min.css responded 304 in 0.4240 ms
[10:11:19 INF] HTTP GET /Biktal.WebMVC.styles.css responded 304 in 0.3856 ms
[10:11:19 INF] HTTP GET /lib/jquery/dist/jquery.min.js responded 304 in 0.2867 ms
[10:11:19 INF] HTTP GET /lib/bootstrap/dist/js/bootstrap.bundle.min.js responded 304 in 0.6269 ms
[10:11:19 INF] HTTP GET /js/site.js responded 304 in 25.8372 ms
[10:11:24 INF] HTTP GET /Operations responded 200 in 15.8996 ms
[10:11:24 INF] HTTP GET /lib/bootstrap/dist/css/bootstrap.min.css responded 304 in 0.4233 ms
[10:11:24 INF] HTTP GET /Biktal.WebMVC.styles.css responded 304 in 0.7544 ms
[10:11:24 INF] HTTP GET /lib/jquery/dist/jquery.min.js responded 304 in 0.7965 ms
[10:11:24 INF] HTTP GET /lib/bootstrap/dist/js/bootstrap.bundle.min.js responded 304 in 0.4234 ms
[10:11:24 INF] HTTP GET /js/site.js responded 304 in 0.6026 ms
[10:11:24 INF] HTTP GET /css/site.css responded 304 in 0.4058 ms
[10:11:30 INF] HTTP GET /Crm responded 200 in 24.3986 ms
[10:11:30 INF] HTTP GET /lib/bootstrap/dist/css/bootstrap.min.css responded 304 in 0.4736 ms
[10:11:30 INF] HTTP GET /css/site.css responded 304 in 0.3679 ms
[10:11:30 INF] HTTP GET /js/site.js responded 304 in 0.4334 ms
[10:11:30 INF] HTTP GET /Biktal.WebMVC.styles.css responded 304 in 1.0280 ms
[10:11:30 INF] HTTP GET /lib/jquery/dist/jquery.min.js responded 304 in 0.4972 ms
[10:11:30 INF] HTTP GET /lib/bootstrap/dist/js/bootstrap.bundle.min.js responded 304 in 0.5358 ms
[10:11:33 INF] HTTP GET /Installments responded 200 in 15.3507 ms
[10:11:33 INF] HTTP GET /lib/bootstrap/dist/css/bootstrap.min.css responded 200 in 1.1342 ms
[10:11:33 INF] HTTP GET /css/site.css responded 304 in 0.4676 ms
[10:11:33 INF] HTTP GET /Biktal.WebMVC.styles.css responded 304 in 1.1018 ms
[10:11:33 INF] HTTP GET /lib/jquery/dist/jquery.min.js responded 304 in 0.8241 ms
[10:11:33 INF] HTTP GET /lib/bootstrap/dist/js/bootstrap.bundle.min.js responded 304 in 0.5272 ms
[10:11:33 INF] HTTP GET /js/site.js responded 304 in 0.5825 ms
[10:15:29 INF] HTTP GET /Finance responded 200 in 54.0730 ms
[10:15:29 INF] HTTP GET /lib/bootstrap/dist/css/bootstrap.min.css responded 200 in 0.9855 ms
[10:15:29 INF] HTTP GET /css/site.css responded 200 in 0.9981 ms
[10:15:29 INF] HTTP GET /Biktal.WebMVC.styles.css responded 200 in 0.8364 ms
[10:15:29 INF] HTTP GET /lib/jquery/dist/jquery.min.js responded 200 in 1.0572 ms
[10:15:29 INF] HTTP GET /lib/bootstrap/dist/js/bootstrap.bundle.min.js responded 200 in 1.0260 ms
[10:15:29 INF] HTTP GET /js/site.js responded 200 in 1.4887 ms
[10:16:59 INF] HTTP GET /Finance/Expenses responded 200 in 57.8482 ms
[10:16:59 INF] HTTP GET /lib/bootstrap/dist/css/bootstrap.min.css responded 200 in 2.8977 ms
[10:16:59 INF] HTTP GET /css/site.css responded 200 in 2.6316 ms
[10:16:59 INF] HTTP GET /Biktal.WebMVC.styles.css responded 200 in 0.8661 ms
[10:16:59 INF] HTTP GET /lib/bootstrap/dist/js/bootstrap.bundle.min.js responded 200 in 2.5083 ms
[10:16:59 INF] HTTP GET /lib/jquery/dist/jquery.min.js responded 200 in 3.2939 ms
[10:16:59 INF] HTTP GET /js/site.js responded 200 in 9.6413 ms
[10:16:59 INF] HTTP GET /lib/jquery-validation/dist/jquery.validate.min.js responded 200 in 0.7676 ms
[10:16:59 INF] HTTP GET /lib/jquery-validation-unobtrusive/dist/jquery.validate.unobtrusive.min.js responded 200 in 0.9195 ms
[10:18:55 INF] HTTP POST /Finance/CreateExpense responded 302 in 85.1684 ms
[10:18:55 INF] HTTP GET /Finance/Expenses responded 200 in 3.7510 ms
[10:18:55 INF] HTTP GET /css/site.css responded 200 in 1.8354 ms
[10:18:55 INF] HTTP GET /Biktal.WebMVC.styles.css responded 200 in 1.8425 ms
[10:18:55 INF] HTTP GET /lib/jquery/dist/jquery.min.js responded 200 in 2.6872 ms
[10:18:55 INF] HTTP GET /lib/bootstrap/dist/js/bootstrap.bundle.min.js responded 200 in 1.5618 ms
[10:18:55 INF] HTTP GET /lib/bootstrap/dist/css/bootstrap.min.css responded 200 in 1.2886 ms
[10:18:55 INF] HTTP GET /js/site.js responded 200 in 7.5535 ms
[10:18:55 INF] HTTP GET /lib/jquery-validation/dist/jquery.validate.min.js responded 200 in 1.4007 ms
[10:18:55 INF] HTTP GET /lib/jquery-validation-unobtrusive/dist/jquery.validate.unobtrusive.min.js responded 200 in 1.9057 ms
[10:22:08 INF] HTTP GET /Finance responded 200 in 67.0100 ms
[10:22:08 INF] HTTP GET /lib/bootstrap/dist/css/bootstrap.min.css responded 200 in 1.4611 ms
[10:22:08 INF] HTTP GET /Biktal.WebMVC.styles.css responded 200 in 0.7596 ms
[10:22:08 INF] HTTP GET /lib/jquery/dist/jquery.min.js responded 200 in 1.9038 ms
[10:22:08 INF] HTTP GET /js/site.js responded 200 in 1.1135 ms
[10:22:08 INF] HTTP GET /lib/bootstrap/dist/js/bootstrap.bundle.min.js responded 200 in 1.4922 ms
[10:22:08 INF] HTTP GET /css/site.css responded 200 in 5.6484 ms
[10:22:11 INF] HTTP GET /Finance/Cashbox responded 200 in 33.6950 ms
[10:22:11 INF] HTTP GET /lib/bootstrap/dist/css/bootstrap.min.css responded 304 in 1.9514 ms
[10:22:11 INF] HTTP GET /css/site.css responded 304 in 1.1082 ms
[10:22:11 INF] HTTP GET /Biktal.WebMVC.styles.css responded 304 in 0.4483 ms
[10:22:11 INF] HTTP GET /lib/jquery/dist/jquery.min.js responded 304 in 0.5405 ms
[10:22:11 INF] HTTP GET /lib/bootstrap/dist/js/bootstrap.bundle.min.js responded 304 in 0.6624 ms
[10:22:11 INF] HTTP GET /js/site.js responded 304 in 1.4860 ms
[10:22:11 INF] HTTP GET /lib/jquery-validation/dist/jquery.validate.min.js responded 200 in 0.8067 ms
[10:22:11 INF] HTTP GET /lib/jquery-validation-unobtrusive/dist/jquery.validate.unobtrusive.min.js responded 200 in 0.7517 ms
[10:32:03 INF] HTTP POST /Finance/CloseCashboxSession responded 302 in 122.0642 ms
[10:32:03 INF] HTTP GET /Finance/Cashbox responded 200 in 25.9073 ms
[10:32:03 INF] HTTP GET /css/site.css responded 200 in 2.3450 ms
[10:32:03 INF] HTTP GET /lib/bootstrap/dist/css/bootstrap.min.css responded 200 in 4.7571 ms
[10:32:03 INF] HTTP GET /Biktal.WebMVC.styles.css responded 200 in 1.4565 ms
[10:32:03 INF] HTTP GET /lib/jquery-validation/dist/jquery.validate.min.js responded 200 in 1.0519 ms
[10:32:03 INF] HTTP GET /js/site.js responded 200 in 2.3760 ms
[10:32:03 INF] HTTP GET /lib/jquery-validation-unobtrusive/dist/jquery.validate.unobtrusive.min.js responded 200 in 0.8766 ms
[10:32:03 INF] HTTP GET /lib/bootstrap/dist/js/bootstrap.bundle.min.js responded 200 in 4.0773 ms
[10:32:03 INF] HTTP GET /lib/jquery/dist/jquery.min.js responded 200 in 13.6971 ms
[10:50:38 INF] HTTP GET /Crm responded 200 in 105.9969 ms
[10:50:38 INF] HTTP GET /Biktal.WebMVC.styles.css responded 200 in 4.5307 ms
[10:50:38 INF] HTTP GET /css/site.css responded 200 in 4.0833 ms
[10:50:38 INF] HTTP GET /lib/bootstrap/dist/css/bootstrap.min.css responded 200 in 3.7478 ms
[10:50:38 INF] HTTP GET /lib/jquery/dist/jquery.min.js responded 200 in 2.6115 ms
[10:50:38 INF] HTTP GET /lib/bootstrap/dist/js/bootstrap.bundle.min.js responded 200 in 1.5201 ms
[10:50:38 INF] HTTP GET /js/site.js responded 200 in 1.7354 ms
[10:50:40 INF] HTTP GET /Installments responded 200 in 15.0812 ms
[10:50:40 INF] HTTP GET /lib/bootstrap/dist/css/bootstrap.min.css responded 304 in 4.7462 ms
[10:50:40 INF] HTTP GET /css/site.css responded 304 in 0.4177 ms
[10:50:40 INF] HTTP GET /Biktal.WebMVC.styles.css responded 304 in 0.8556 ms
[10:50:40 INF] HTTP GET /lib/jquery/dist/jquery.min.js responded 304 in 0.7501 ms
[10:50:40 INF] HTTP GET /lib/bootstrap/dist/js/bootstrap.bundle.min.js responded 304 in 1.5898 ms
[10:50:40 INF] HTTP GET /js/site.js responded 304 in 1.0409 ms
[11:10:53 INF] Application is shutting down...
