[17:08:08 WRN] Using an in-memory repository. Keys will not be persisted to storage.
[17:08:08 WRN] Neither user profile nor HKLM registry available. Using an ephemeral key repository. Protected data will be unavailable when application exits.
[17:08:08 WRN] No XML encryptor configured. Key {e5d09895-63da-4dda-a4fe-73b07dd7c758} may be persisted to storage in unencrypted form.
[17:08:08 INF] Application started. Press Ctrl+C to shut down.
[17:08:08 INF] Hosting environment: Production
[17:08:08 INF] Content root path: D:\Systems\BiktalSystems\publish
[17:08:09 INF] HTTP GET /Finance responded 200 in 346.5407 ms
[17:08:09 INF] HTTP GET /css/site.css responded 200 in 46.9621 ms
[17:08:09 INF] HTTP GET /Biktal.WebMVC.styles.css responded 200 in 46.7971 ms
[17:08:09 INF] HTTP GET /lib/bootstrap/dist/js/bootstrap.bundle.min.js responded 200 in 46.7749 ms
[17:08:09 INF] HTTP GET /lib/jquery/dist/jquery.min.js responded 200 in 46.7749 ms
[17:08:09 INF] HTTP GET /lib/bootstrap/dist/css/bootstrap.min.css responded 200 in 50.0645 ms
[17:08:09 INF] HTTP GET /js/site.js responded 200 in 6.3638 ms
[17:08:20 INF] HTTP GET /Insights responded 302 in 18.3380 ms
[17:08:20 INF] HTTP GET /Insights/Daily responded 200 in 314.6468 ms
[17:08:20 INF] HTTP GET /Biktal.WebMVC.styles.css responded 200 in 1.2765 ms
[17:08:20 INF] HTTP GET /lib/bootstrap/dist/css/bootstrap.min.css responded 200 in 29.6244 ms
[17:08:20 INF] HTTP GET /css/site.css responded 200 in 3.0950 ms
[17:08:20 INF] HTTP GET /lib/jquery/dist/jquery.min.js responded 304 in 24.9911 ms
[17:08:20 INF] HTTP GET /js/site.js responded 304 in 24.7415 ms
[17:08:21 INF] HTTP GET /lib/bootstrap/dist/js/bootstrap.bundle.min.js responded 304 in 148.4992 ms
[17:08:48 ERR] An exception was thrown while deserializing the token.
Microsoft.AspNetCore.Antiforgery.AntiforgeryValidationException: The antiforgery token could not be decrypted.
 ---> System.Security.Cryptography.CryptographicException: The key {79b97e34-4d14-4732-86c5-e5ba5642e2fb} was not found in the key ring. For more information go to https://aka.ms/aspnet/dataprotectionwarning
   at Microsoft.AspNetCore.DataProtection.KeyManagement.KeyRingBasedDataProtector.UnprotectCore(Byte[] protectedData, Boolean allowOperationsOnRevokedKeys, UnprotectStatus& status)
   at Microsoft.AspNetCore.DataProtection.KeyManagement.KeyRingBasedDataProtector.Unprotect(Byte[] protectedData)
   at Microsoft.AspNetCore.Antiforgery.DefaultAntiforgeryTokenSerializer.Deserialize(String serializedToken)
   --- End of inner exception stack trace ---
   at Microsoft.AspNetCore.Antiforgery.DefaultAntiforgeryTokenSerializer.Deserialize(String serializedToken)
   at Microsoft.AspNetCore.Antiforgery.DefaultAntiforgery.GetCookieTokenDoesNotThrow(HttpContext httpContext)
[17:08:48 INF] HTTP GET /lib/bootstrap/dist/css/bootstrap.min.css responded 200 in 4.7917 ms
[17:08:48 INF] HTTP GET /Biktal.WebMVC.styles.css responded 200 in 1.1377 ms
[17:08:48 INF] HTTP GET /css/site.css responded 200 in 0.9010 ms
[17:08:48 INF] HTTP GET /Inventory/Products responded 200 in 558.7783 ms
[17:08:49 INF] HTTP GET /lib/jquery/dist/jquery.min.js responded 304 in 0.3161 ms
[17:08:49 INF] HTTP GET /lib/bootstrap/dist/js/bootstrap.bundle.min.js responded 304 in 0.3806 ms
[17:08:49 INF] HTTP GET /js/site.js responded 304 in 0.3715 ms
[17:08:49 INF] HTTP GET /js/products-catalog-filter.js responded 200 in 2.0059 ms
[17:08:49 INF] HTTP GET /lib/jquery-validation-unobtrusive/dist/jquery.validate.unobtrusive.min.js responded 200 in 3.2615 ms
[17:08:49 INF] HTTP GET /lib/jquery-validation/dist/jquery.validate.min.js responded 200 in 1.2358 ms
[17:08:57 WRN] The query uses the 'First'/'FirstOrDefault' operator without 'OrderBy' and filter operators. This may lead to unpredictable results.
[17:08:57 INF] HTTP GET / responded 200 in 89.3432 ms
[17:08:57 INF] HTTP GET /lib/bootstrap/dist/css/bootstrap.min.css responded 304 in 0.4074 ms
[17:08:57 INF] HTTP GET /Biktal.WebMVC.styles.css responded 304 in 0.2963 ms
[17:08:57 INF] HTTP GET /css/site.css responded 304 in 0.3447 ms
[17:08:57 INF] HTTP GET /lib/jquery/dist/jquery.min.js responded 304 in 0.2754 ms
[17:08:57 INF] HTTP GET /lib/bootstrap/dist/js/bootstrap.bundle.min.js responded 304 in 0.3152 ms
[17:08:57 INF] HTTP GET /js/site.js responded 304 in 0.3314 ms
[17:08:57 INF] HTTP GET /js/pos.js responded 200 in 3.1798 ms
[17:10:10 INF] HTTP POST /Pos/CompleteSale responded 200 in 805.6358 ms
[17:10:36 INF] HTTP POST /Pos/CompleteSale responded 200 in 47.2009 ms
[17:25:38 INF] HTTP GET /Crm responded 200 in 151.3602 ms
[17:25:38 INF] HTTP GET /lib/bootstrap/dist/css/bootstrap.min.css responded 200 in 2.0021 ms
[17:25:38 INF] HTTP GET /css/site.css responded 200 in 11.2778 ms
[17:25:38 INF] HTTP GET /Biktal.WebMVC.styles.css responded 200 in 0.8008 ms
[17:25:38 INF] HTTP GET /lib/jquery/dist/jquery.min.js responded 200 in 1.6994 ms
[17:25:38 INF] HTTP GET /lib/bootstrap/dist/js/bootstrap.bundle.min.js responded 200 in 1.2881 ms
[17:25:38 INF] HTTP GET /js/site.js responded 200 in 8.2546 ms
[17:25:48 INF] HTTP GET /Installments responded 200 in 113.1339 ms
[17:25:48 INF] HTTP GET /lib/bootstrap/dist/css/bootstrap.min.css responded 200 in 2.8502 ms
[17:25:48 INF] HTTP GET /css/site.css responded 200 in 1.0543 ms
[17:25:48 INF] HTTP GET /lib/jquery/dist/jquery.min.js responded 304 in 0.3714 ms
[17:25:48 INF] HTTP GET /Biktal.WebMVC.styles.css responded 200 in 0.9218 ms
[17:25:48 INF] HTTP GET /lib/bootstrap/dist/js/bootstrap.bundle.min.js responded 304 in 0.2713 ms
[17:25:48 INF] HTTP GET /js/site.js responded 304 in 0.7966 ms
[17:26:08 INF] HTTP GET /Crm/Customers responded 200 in 45.1218 ms
[17:26:08 INF] HTTP GET /lib/bootstrap/dist/css/bootstrap.min.css responded 200 in 5.8125 ms
[17:26:08 INF] HTTP GET /css/site.css responded 200 in 2.3883 ms
[17:26:08 INF] HTTP GET /Biktal.WebMVC.styles.css responded 200 in 2.3053 ms
[17:26:08 INF] HTTP GET /js/site.js responded 304 in 0.5078 ms
[17:26:08 INF] HTTP GET /lib/jquery/dist/jquery.min.js responded 304 in 0.4117 ms
[17:26:08 INF] HTTP GET /lib/bootstrap/dist/js/bootstrap.bundle.min.js responded 304 in 0.2465 ms
[17:26:16 INF] HTTP GET /Crm/Customer/019f3873-865e-78a1-902a-654387cb4ee1 responded 200 in 88.4536 ms
[17:26:16 INF] HTTP GET /lib/bootstrap/dist/css/bootstrap.min.css responded 304 in 0.2345 ms
[17:26:16 INF] HTTP GET /css/site.css responded 304 in 1.1376 ms
[17:26:16 INF] HTTP GET /Biktal.WebMVC.styles.css responded 304 in 0.2182 ms
[17:26:16 INF] HTTP GET /lib/jquery/dist/jquery.min.js responded 304 in 0.1434 ms
[17:26:16 INF] HTTP GET /lib/bootstrap/dist/js/bootstrap.bundle.min.js responded 304 in 0.1854 ms
[17:26:16 INF] HTTP GET /js/site.js responded 304 in 0.1819 ms
[17:26:16 INF] HTTP GET /lib/jquery-validation-unobtrusive/dist/jquery.validate.unobtrusive.min.js responded 200 in 20.0469 ms
[17:26:16 INF] HTTP GET /lib/jquery-validation/dist/jquery.validate.min.js responded 200 in 26.3542 ms
[17:26:33 INF] HTTP GET /Crm responded 200 in 14.5978 ms
[17:26:33 INF] HTTP GET /lib/bootstrap/dist/css/bootstrap.min.css responded 200 in 3.4655 ms
[17:26:33 INF] HTTP GET /css/site.css responded 304 in 0.2227 ms
[17:26:33 INF] HTTP GET /Biktal.WebMVC.styles.css responded 304 in 0.2265 ms
[17:26:33 INF] HTTP GET /lib/jquery/dist/jquery.min.js responded 304 in 0.3841 ms
[17:26:33 INF] HTTP GET /lib/bootstrap/dist/js/bootstrap.bundle.min.js responded 304 in 0.2175 ms
[17:26:33 INF] HTTP GET /js/site.js responded 304 in 0.2899 ms
[17:26:38 INF] HTTP GET /Installments responded 200 in 15.9464 ms
[17:26:38 INF] HTTP GET /lib/bootstrap/dist/css/bootstrap.min.css responded 304 in 0.3355 ms
[17:26:38 INF] HTTP GET /css/site.css responded 304 in 0.3154 ms
[17:26:38 INF] HTTP GET /Biktal.WebMVC.styles.css responded 304 in 1.2955 ms
[17:26:38 INF] HTTP GET /lib/jquery/dist/jquery.min.js responded 304 in 0.5788 ms
[17:26:38 INF] HTTP GET /lib/bootstrap/dist/js/bootstrap.bundle.min.js responded 304 in 0.1704 ms
[17:26:38 INF] HTTP GET /js/site.js responded 304 in 0.1697 ms
[17:27:37 INF] HTTP GET /Crm/Customers responded 200 in 10.1902 ms
[17:27:37 INF] HTTP GET /lib/bootstrap/dist/css/bootstrap.min.css responded 200 in 1.0892 ms
[17:27:37 INF] HTTP GET /css/site.css responded 200 in 1.9818 ms
[17:27:37 INF] HTTP GET /Biktal.WebMVC.styles.css responded 200 in 1.2220 ms
[17:27:37 INF] HTTP GET /lib/jquery/dist/jquery.min.js responded 200 in 1.8955 ms
[17:27:37 INF] HTTP GET /js/site.js responded 200 in 0.7209 ms
[17:27:37 INF] HTTP GET /lib/bootstrap/dist/js/bootstrap.bundle.min.js responded 200 in 0.7843 ms
[17:27:42 INF] HTTP GET /Crm/Customer/019f3873-865e-78a1-902a-654387cb4ee1 responded 200 in 12.9763 ms
[17:27:42 INF] HTTP GET /lib/bootstrap/dist/css/bootstrap.min.css responded 200 in 1.5820 ms
[17:27:42 INF] HTTP GET /lib/bootstrap/dist/js/bootstrap.bundle.min.js responded 304 in 0.2515 ms
[17:27:42 INF] HTTP GET /Biktal.WebMVC.styles.css responded 200 in 0.5589 ms
[17:27:42 INF] HTTP GET /css/site.css responded 200 in 0.8251 ms
[17:27:42 INF] HTTP GET /lib/jquery/dist/jquery.min.js responded 304 in 0.1678 ms
[17:27:42 INF] HTTP GET /js/site.js responded 304 in 0.1569 ms
[17:27:42 INF] HTTP GET /lib/jquery-validation-unobtrusive/dist/jquery.validate.unobtrusive.min.js responded 200 in 0.5538 ms
[17:27:42 INF] HTTP GET /lib/jquery-validation/dist/jquery.validate.min.js responded 200 in 1.7565 ms
[17:27:57 WRN] Compiling a query which loads related collections for more than one collection navigation, either via 'Include' or through projection, but no 'QuerySplittingBehavior' has been configured. By default, Entity Framework will use 'QuerySplittingBehavior.SingleQuery', which can potentially result in slow query performance. See https://go.microsoft.com/fwlink/?linkid=2134277 for more information. To identify the query that's triggering this warning call 'ConfigureWarnings(w => w.Throw(RelationalEventId.MultipleCollectionIncludeWarning))'.
[17:27:57 INF] HTTP GET /Installments/Detail/e901beff-b106-4339-9982-e7393f8ddbfa responded 200 in 136.9095 ms
[17:27:57 INF] HTTP GET /lib/bootstrap/dist/css/bootstrap.min.css responded 200 in 1.3493 ms
[17:27:57 INF] HTTP GET /css/site.css responded 200 in 1.0703 ms
[17:27:57 INF] HTTP GET /Biktal.WebMVC.styles.css responded 200 in 0.7278 ms
[17:27:57 INF] HTTP GET /lib/jquery/dist/jquery.min.js responded 304 in 0.5694 ms
[17:27:57 INF] HTTP GET /lib/bootstrap/dist/js/bootstrap.bundle.min.js responded 304 in 0.2101 ms
[17:27:57 INF] HTTP GET /js/site.js responded 304 in 0.2371 ms
[17:27:57 INF] HTTP GET /lib/jquery-validation/dist/jquery.validate.min.js responded 304 in 0.1602 ms
[17:27:57 INF] HTTP GET /lib/jquery-validation-unobtrusive/dist/jquery.validate.unobtrusive.min.js responded 304 in 0.1620 ms
[17:28:28 INF] HTTP POST /Installments/RecordPayment responded 302 in 317.9308 ms
[17:28:28 INF] HTTP GET /Installments/Detail/e901beff-b106-4339-9982-e7393f8ddbfa responded 200 in 5.4581 ms
[17:28:29 INF] HTTP GET /lib/bootstrap/dist/css/bootstrap.min.css responded 200 in 4.4158 ms
[17:28:29 INF] HTTP GET /css/site.css responded 200 in 4.1062 ms
[17:28:29 INF] HTTP GET /Biktal.WebMVC.styles.css responded 200 in 6.1884 ms
[17:28:29 INF] HTTP GET /lib/jquery/dist/jquery.min.js responded 304 in 1.3762 ms
[17:28:29 INF] HTTP GET /lib/bootstrap/dist/js/bootstrap.bundle.min.js responded 304 in 0.1515 ms
[17:28:29 INF] HTTP GET /js/site.js responded 304 in 0.1367 ms
[17:28:29 INF] HTTP GET /lib/jquery-validation/dist/jquery.validate.min.js responded 304 in 0.2214 ms
[17:28:29 INF] HTTP GET /lib/jquery-validation-unobtrusive/dist/jquery.validate.unobtrusive.min.js responded 304 in 0.1837 ms
[17:28:34 INF] HTTP GET /Installments/Detail/e901beff-b106-4339-9982-e7393f8ddbfa responded 200 in 8.5502 ms
[17:28:34 INF] HTTP GET /lib/bootstrap/dist/css/bootstrap.min.css responded 200 in 9.8341 ms
[17:28:34 INF] HTTP GET /Biktal.WebMVC.styles.css responded 200 in 1.7816 ms
[17:28:34 INF] HTTP GET /css/site.css responded 200 in 3.4031 ms
[17:28:42 INF] HTTP GET /Installments responded 200 in 12.6149 ms
[17:28:42 INF] HTTP GET /lib/bootstrap/dist/css/bootstrap.min.css responded 200 in 3.8115 ms
[17:28:42 INF] HTTP GET /css/site.css responded 200 in 0.8880 ms
[17:28:42 INF] HTTP GET /Biktal.WebMVC.styles.css responded 200 in 1.4515 ms
[17:28:42 INF] HTTP GET /lib/bootstrap/dist/js/bootstrap.bundle.min.js responded 304 in 0.1217 ms
[17:28:42 INF] HTTP GET /js/site.js responded 304 in 0.1039 ms
[17:28:42 INF] HTTP GET /lib/jquery/dist/jquery.min.js responded 304 in 0.1666 ms
[17:28:42 INF] HTTP GET /favicon.ico responded 200 in 3.6192 ms
[17:49:24 INF] Application is shutting down...
