[18:29:53 ERR] Failed executing DbCommand (8ms) [Parameters=[@p0='?' (DbType = Guid), @p1='?' (DbType = DateTime), @p2='?' (DbType = Guid), @p3='?', @p4='?' (DbType = DateTime), @p5='?' (DbType = Int32), @p6='?' (DbType = Int32), @p7='?', @p8='?', @p9='?' (DbType = Guid), @p10='?' (DbType = DateTime), @p11='?' (DbType = Guid), @p12='?', @p13='?' (DbType = DateTime), @p14='?' (DbType = Int32), @p15='?' (DbType = Int32), @p16='?', @p17='?'], CommandType='Text', CommandTimeout='30']
INSERT INTO "CrmSupportTickets" ("Id", "CreatedAtUtc", "CustomerId", "Description", "ModifiedAtUtc", "Priority", "Status", "Subject", "TicketNumber")
VALUES (@p0, @p1, @p2, @p3, @p4, @p5, @p6, @p7, @p8);
INSERT INTO "CrmSupportTickets" ("Id", "CreatedAtUtc", "CustomerId", "Description", "ModifiedAtUtc", "Priority", "Status", "Subject", "TicketNumber")
VALUES (@p9, @p10, @p11, @p12, @p13, @p14, @p15, @p16, @p17);
[18:29:53 ERR] An exception occurred in the database while saving changes for context type 'Biktal.Infrastructure.Persistence.ApplicationDbContext'.
Microsoft.EntityFrameworkCore.DbUpdateException: An error occurred while saving the entity changes. See the inner exception for details.
 ---> Npgsql.PostgresException (0x80004005): 23503: insert or update on table "CrmSupportTickets" violates foreign key constraint "FK_CrmSupportTickets_CrmCustomers_CustomerId"

DETAIL: Detail redacted as it may contain sensitive data. Specify 'Include Error Detail' in the connection string to include this information.
   at Npgsql.Internal.NpgsqlConnector.ReadMessageLong(Boolean async, DataRowLoadingMode dataRowLoadingMode, Boolean readingNotifications, Boolean isReadingPrependedMessage)
   at System.Runtime.CompilerServices.PoolingAsyncValueTaskMethodBuilder`1.StateMachineBox`1.System.Threading.Tasks.Sources.IValueTaskSource<TResult>.GetResult(Int16 token)
   at Npgsql.NpgsqlDataReader.NextResult(Boolean async, Boolean isConsuming, CancellationToken cancellationToken)
   at Npgsql.NpgsqlDataReader.NextResult(Boolean async, Boolean isConsuming, CancellationToken cancellationToken)
   at Npgsql.NpgsqlCommand.ExecuteReader(Boolean async, CommandBehavior behavior, CancellationToken cancellationToken)
   at Npgsql.NpgsqlCommand.ExecuteReader(Boolean async, CommandBehavior behavior, CancellationToken cancellationToken)
   at Npgsql.NpgsqlCommand.ExecuteDbDataReaderAsync(CommandBehavior behavior, CancellationToken cancellationToken)
   at Microsoft.EntityFrameworkCore.Storage.RelationalCommand.ExecuteReaderAsync(RelationalCommandParameterObject parameterObject, CancellationToken cancellationToken)
   at Microsoft.EntityFrameworkCore.Storage.RelationalCommand.ExecuteReaderAsync(RelationalCommandParameterObject parameterObject, CancellationToken cancellationToken)
   at Microsoft.EntityFrameworkCore.Update.ReaderModificationCommandBatch.ExecuteAsync(IRelationalConnection connection, CancellationToken cancellationToken)
  Exception data:
    Severity: ERROR
    SqlState: 23503
    MessageText: insert or update on table "CrmSupportTickets" violates foreign key constraint "FK_CrmSupportTickets_CrmCustomers_CustomerId"
    Detail: Detail redacted as it may contain sensitive data. Specify 'Include Error Detail' in the connection string to include this information.
    SchemaName: public
    TableName: CrmSupportTickets
    ConstraintName: FK_CrmSupportTickets_CrmCustomers_CustomerId
    File: ri_triggers.c
    Line: 2783
    Routine: ri_ReportViolation
   --- End of inner exception stack trace ---
   at Microsoft.EntityFrameworkCore.Update.ReaderModificationCommandBatch.ExecuteAsync(IRelationalConnection connection, CancellationToken cancellationToken)
   at Microsoft.EntityFrameworkCore.Update.Internal.BatchExecutor.ExecuteAsync(IEnumerable`1 commandBatches, IRelationalConnection connection, CancellationToken cancellationToken)
   at Microsoft.EntityFrameworkCore.Update.Internal.BatchExecutor.ExecuteAsync(IEnumerable`1 commandBatches, IRelationalConnection connection, CancellationToken cancellationToken)
   at Microsoft.EntityFrameworkCore.Update.Internal.BatchExecutor.ExecuteAsync(IEnumerable`1 commandBatches, IRelationalConnection connection, CancellationToken cancellationToken)
   at Microsoft.EntityFrameworkCore.Storage.RelationalDatabase.SaveChangesAsync(IList`1 entries, CancellationToken cancellationToken)
   at Microsoft.EntityFrameworkCore.ChangeTracking.Internal.StateManager.SaveChangesAsync(IList`1 entriesToSave, CancellationToken cancellationToken)
   at Microsoft.EntityFrameworkCore.ChangeTracking.Internal.StateManager.SaveChangesAsync(StateManager stateManager, Boolean acceptAllChangesOnSuccess, CancellationToken cancellationToken)
   at Npgsql.EntityFrameworkCore.PostgreSQL.Storage.Internal.NpgsqlExecutionStrategy.ExecuteAsync[TState,TResult](TState state, Func`4 operation, Func`4 verifySucceeded, CancellationToken cancellationToken)
   at Microsoft.EntityFrameworkCore.DbContext.SaveChangesAsync(Boolean acceptAllChangesOnSuccess, CancellationToken cancellationToken)
Microsoft.EntityFrameworkCore.DbUpdateException: An error occurred while saving the entity changes. See the inner exception for details.
 ---> Npgsql.PostgresException (0x80004005): 23503: insert or update on table "CrmSupportTickets" violates foreign key constraint "FK_CrmSupportTickets_CrmCustomers_CustomerId"

DETAIL: Detail redacted as it may contain sensitive data. Specify 'Include Error Detail' in the connection string to include this information.
   at Npgsql.Internal.NpgsqlConnector.ReadMessageLong(Boolean async, DataRowLoadingMode dataRowLoadingMode, Boolean readingNotifications, Boolean isReadingPrependedMessage)
   at System.Runtime.CompilerServices.PoolingAsyncValueTaskMethodBuilder`1.StateMachineBox`1.System.Threading.Tasks.Sources.IValueTaskSource<TResult>.GetResult(Int16 token)
   at Npgsql.NpgsqlDataReader.NextResult(Boolean async, Boolean isConsuming, CancellationToken cancellationToken)
   at Npgsql.NpgsqlDataReader.NextResult(Boolean async, Boolean isConsuming, CancellationToken cancellationToken)
   at Npgsql.NpgsqlCommand.ExecuteReader(Boolean async, CommandBehavior behavior, CancellationToken cancellationToken)
   at Npgsql.NpgsqlCommand.ExecuteReader(Boolean async, CommandBehavior behavior, CancellationToken cancellationToken)
   at Npgsql.NpgsqlCommand.ExecuteDbDataReaderAsync(CommandBehavior behavior, CancellationToken cancellationToken)
   at Microsoft.EntityFrameworkCore.Storage.RelationalCommand.ExecuteReaderAsync(RelationalCommandParameterObject parameterObject, CancellationToken cancellationToken)
   at Microsoft.EntityFrameworkCore.Storage.RelationalCommand.ExecuteReaderAsync(RelationalCommandParameterObject parameterObject, CancellationToken cancellationToken)
   at Microsoft.EntityFrameworkCore.Update.ReaderModificationCommandBatch.ExecuteAsync(IRelationalConnection connection, CancellationToken cancellationToken)
  Exception data:
    Severity: ERROR
    SqlState: 23503
    MessageText: insert or update on table "CrmSupportTickets" violates foreign key constraint "FK_CrmSupportTickets_CrmCustomers_CustomerId"
    Detail: Detail redacted as it may contain sensitive data. Specify 'Include Error Detail' in the connection string to include this information.
    SchemaName: public
    TableName: CrmSupportTickets
    ConstraintName: FK_CrmSupportTickets_CrmCustomers_CustomerId
    File: ri_triggers.c
    Line: 2783
    Routine: ri_ReportViolation
   --- End of inner exception stack trace ---
   at Microsoft.EntityFrameworkCore.Update.ReaderModificationCommandBatch.ExecuteAsync(IRelationalConnection connection, CancellationToken cancellationToken)
   at Microsoft.EntityFrameworkCore.Update.Internal.BatchExecutor.ExecuteAsync(IEnumerable`1 commandBatches, IRelationalConnection connection, CancellationToken cancellationToken)
   at Microsoft.EntityFrameworkCore.Update.Internal.BatchExecutor.ExecuteAsync(IEnumerable`1 commandBatches, IRelationalConnection connection, CancellationToken cancellationToken)
   at Microsoft.EntityFrameworkCore.Update.Internal.BatchExecutor.ExecuteAsync(IEnumerable`1 commandBatches, IRelationalConnection connection, CancellationToken cancellationToken)
   at Microsoft.EntityFrameworkCore.Storage.RelationalDatabase.SaveChangesAsync(IList`1 entries, CancellationToken cancellationToken)
   at Microsoft.EntityFrameworkCore.ChangeTracking.Internal.StateManager.SaveChangesAsync(IList`1 entriesToSave, CancellationToken cancellationToken)
   at Microsoft.EntityFrameworkCore.ChangeTracking.Internal.StateManager.SaveChangesAsync(StateManager stateManager, Boolean acceptAllChangesOnSuccess, CancellationToken cancellationToken)
   at Npgsql.EntityFrameworkCore.PostgreSQL.Storage.Internal.NpgsqlExecutionStrategy.ExecuteAsync[TState,TResult](TState state, Func`4 operation, Func`4 verifySucceeded, CancellationToken cancellationToken)
   at Microsoft.EntityFrameworkCore.DbContext.SaveChangesAsync(Boolean acceptAllChangesOnSuccess, CancellationToken cancellationToken)
[18:29:53 ERR] Database migration or seed failed. Check PostgreSQL is running and ConnectionStrings:DefaultConnection is correct.
Microsoft.EntityFrameworkCore.DbUpdateException: An error occurred while saving the entity changes. See the inner exception for details.
 ---> Npgsql.PostgresException (0x80004005): 23503: insert or update on table "CrmSupportTickets" violates foreign key constraint "FK_CrmSupportTickets_CrmCustomers_CustomerId"

DETAIL: Detail redacted as it may contain sensitive data. Specify 'Include Error Detail' in the connection string to include this information.
   at Npgsql.Internal.NpgsqlConnector.ReadMessageLong(Boolean async, DataRowLoadingMode dataRowLoadingMode, Boolean readingNotifications, Boolean isReadingPrependedMessage)
   at System.Runtime.CompilerServices.PoolingAsyncValueTaskMethodBuilder`1.StateMachineBox`1.System.Threading.Tasks.Sources.IValueTaskSource<TResult>.GetResult(Int16 token)
   at Npgsql.NpgsqlDataReader.NextResult(Boolean async, Boolean isConsuming, CancellationToken cancellationToken)
   at Npgsql.NpgsqlDataReader.NextResult(Boolean async, Boolean isConsuming, CancellationToken cancellationToken)
   at Npgsql.NpgsqlCommand.ExecuteReader(Boolean async, CommandBehavior behavior, CancellationToken cancellationToken)
   at Npgsql.NpgsqlCommand.ExecuteReader(Boolean async, CommandBehavior behavior, CancellationToken cancellationToken)
   at Npgsql.NpgsqlCommand.ExecuteDbDataReaderAsync(CommandBehavior behavior, CancellationToken cancellationToken)
   at Microsoft.EntityFrameworkCore.Storage.RelationalCommand.ExecuteReaderAsync(RelationalCommandParameterObject parameterObject, CancellationToken cancellationToken)
   at Microsoft.EntityFrameworkCore.Storage.RelationalCommand.ExecuteReaderAsync(RelationalCommandParameterObject parameterObject, CancellationToken cancellationToken)
   at Microsoft.EntityFrameworkCore.Update.ReaderModificationCommandBatch.ExecuteAsync(IRelationalConnection connection, CancellationToken cancellationToken)
  Exception data:
    Severity: ERROR
    SqlState: 23503
    MessageText: insert or update on table "CrmSupportTickets" violates foreign key constraint "FK_CrmSupportTickets_CrmCustomers_CustomerId"
    Detail: Detail redacted as it may contain sensitive data. Specify 'Include Error Detail' in the connection string to include this information.
    SchemaName: public
    TableName: CrmSupportTickets
    ConstraintName: FK_CrmSupportTickets_CrmCustomers_CustomerId
    File: ri_triggers.c
    Line: 2783
    Routine: ri_ReportViolation
   --- End of inner exception stack trace ---
   at Microsoft.EntityFrameworkCore.Update.ReaderModificationCommandBatch.ExecuteAsync(IRelationalConnection connection, CancellationToken cancellationToken)
   at Microsoft.EntityFrameworkCore.Update.Internal.BatchExecutor.ExecuteAsync(IEnumerable`1 commandBatches, IRelationalConnection connection, CancellationToken cancellationToken)
   at Microsoft.EntityFrameworkCore.Update.Internal.BatchExecutor.ExecuteAsync(IEnumerable`1 commandBatches, IRelationalConnection connection, CancellationToken cancellationToken)
   at Microsoft.EntityFrameworkCore.Update.Internal.BatchExecutor.ExecuteAsync(IEnumerable`1 commandBatches, IRelationalConnection connection, CancellationToken cancellationToken)
   at Microsoft.EntityFrameworkCore.Storage.RelationalDatabase.SaveChangesAsync(IList`1 entries, CancellationToken cancellationToken)
   at Microsoft.EntityFrameworkCore.ChangeTracking.Internal.StateManager.SaveChangesAsync(IList`1 entriesToSave, CancellationToken cancellationToken)
   at Microsoft.EntityFrameworkCore.ChangeTracking.Internal.StateManager.SaveChangesAsync(StateManager stateManager, Boolean acceptAllChangesOnSuccess, CancellationToken cancellationToken)
   at Npgsql.EntityFrameworkCore.PostgreSQL.Storage.Internal.NpgsqlExecutionStrategy.ExecuteAsync[TState,TResult](TState state, Func`4 operation, Func`4 verifySucceeded, CancellationToken cancellationToken)
   at Microsoft.EntityFrameworkCore.DbContext.SaveChangesAsync(Boolean acceptAllChangesOnSuccess, CancellationToken cancellationToken)
   at Microsoft.EntityFrameworkCore.DbContext.SaveChangesAsync(Boolean acceptAllChangesOnSuccess, CancellationToken cancellationToken)
   at Biktal.Infrastructure.Persistence.CrmDataSeeder.SeedIfEmptyAsync(ApplicationDbContext db, CancellationToken cancellationToken)
   at Program.<Main>$(String[] args) in d:\Systems\BiktalSystems\Program.cs:line 71
[18:29:53 WRN] Continuing without a successful migration/seed. Auth and data pages may fail until the database is available.
[18:29:53 WRN] Using an in-memory repository. Keys will not be persisted to storage.
[18:29:53 WRN] Neither user profile nor HKLM registry available. Using an ephemeral key repository. Protected data will be unavailable when application exits.
[18:29:53 WRN] No XML encryptor configured. Key {2e28df81-9ab4-471d-b23f-d0c67386059f} may be persisted to storage in unencrypted form.
[18:29:53 INF] Application started. Press Ctrl+C to shut down.
[18:29:53 INF] Hosting environment: Production
[18:29:53 INF] Content root path: D:\Systems\BiktalSystems\publish
[18:29:54 INF] HTTP GET /Pos responded 302 in 86.2601 ms
[18:29:54 ERR] An exception was thrown while deserializing the token.
Microsoft.AspNetCore.Antiforgery.AntiforgeryValidationException: The antiforgery token could not be decrypted.
 ---> System.Security.Cryptography.CryptographicException: The key {d99989dd-4f6f-4c5c-b64f-80b5ef8355b0} was not found in the key ring. For more information go to https://aka.ms/aspnet/dataprotectionwarning
   at Microsoft.AspNetCore.DataProtection.KeyManagement.KeyRingBasedDataProtector.UnprotectCore(Byte[] protectedData, Boolean allowOperationsOnRevokedKeys, UnprotectStatus& status)
   at Microsoft.AspNetCore.DataProtection.KeyManagement.KeyRingBasedDataProtector.Unprotect(Byte[] protectedData)
   at Microsoft.AspNetCore.Antiforgery.DefaultAntiforgeryTokenSerializer.Deserialize(String serializedToken)
   --- End of inner exception stack trace ---
   at Microsoft.AspNetCore.Antiforgery.DefaultAntiforgeryTokenSerializer.Deserialize(String serializedToken)
   at Microsoft.AspNetCore.Antiforgery.DefaultAntiforgery.GetCookieTokenDoesNotThrow(HttpContext httpContext)
[18:29:54 INF] HTTP GET /Account/Login responded 200 in 302.3903 ms
[18:29:54 INF] HTTP GET /js/site.js responded 200 in 118.7820 ms
[18:29:54 INF] HTTP GET /Biktal.WebMVC.styles.css responded 200 in 124.7385 ms
[18:29:54 INF] HTTP GET /lib/jquery-validation/dist/jquery.validate.min.js responded 200 in 77.9730 ms
[18:29:54 INF] HTTP GET /lib/jquery-validation-unobtrusive/dist/jquery.validate.unobtrusive.min.js responded 200 in 120.9847 ms
[18:29:54 INF] HTTP GET /css/site.css responded 200 in 127.4609 ms
[18:29:54 INF] HTTP GET /lib/bootstrap/dist/js/bootstrap.bundle.min.js responded 200 in 131.3220 ms
[18:29:54 INF] HTTP GET /lib/bootstrap/dist/css/bootstrap.min.css responded 200 in 133.9030 ms
[18:29:54 INF] HTTP GET /lib/jquery/dist/jquery.min.js responded 200 in 133.7820 ms
[18:30:02 INF] HTTP POST /Account/Login responded 302 in 604.3298 ms
[18:30:02 WRN] The query uses the 'First'/'FirstOrDefault' operator without 'OrderBy' and filter operators. This may lead to unpredictable results.
[18:30:02 INF] HTTP GET /Pos responded 200 in 158.0568 ms
[18:30:03 INF] HTTP GET /Biktal.WebMVC.styles.css responded 200 in 3.0188 ms
[18:30:03 INF] HTTP GET /lib/bootstrap/dist/css/bootstrap.min.css responded 200 in 8.2071 ms
[18:30:03 INF] HTTP GET /css/site.css responded 200 in 4.1003 ms
[18:30:03 INF] HTTP GET /js/site.js responded 304 in 11.4177 ms
[18:30:03 INF] HTTP GET /js/pos.js responded 200 in 42.3324 ms
[18:30:03 INF] HTTP GET /lib/jquery/dist/jquery.min.js responded 304 in 85.5875 ms
[18:30:03 INF] HTTP GET /lib/bootstrap/dist/js/bootstrap.bundle.min.js responded 304 in 168.1413 ms
[18:30:27 INF] HTTP POST /Pos/CompleteSale responded 200 in 691.0540 ms
[18:39:15 INF] HTTP GET /Inventory responded 200 in 336.1709 ms
[18:39:15 INF] HTTP GET /css/site.css responded 200 in 2.2790 ms
[18:39:15 INF] HTTP GET /Biktal.WebMVC.styles.css responded 200 in 6.7161 ms
[18:39:15 INF] HTTP GET /lib/bootstrap/dist/css/bootstrap.min.css responded 200 in 9.2642 ms
[18:39:15 INF] HTTP GET /lib/jquery/dist/jquery.min.js responded 200 in 10.5952 ms
[18:39:15 INF] HTTP GET /js/site.js responded 200 in 7.4160 ms
[18:39:15 INF] HTTP GET /lib/bootstrap/dist/js/bootstrap.bundle.min.js responded 200 in 6.5199 ms
[18:39:21 INF] HTTP GET /Inventory/Products responded 200 in 296.3669 ms
[18:39:21 INF] HTTP GET /lib/bootstrap/dist/css/bootstrap.min.css responded 304 in 1.2203 ms
[18:39:21 INF] HTTP GET /css/site.css responded 304 in 0.7893 ms
[18:39:21 INF] HTTP GET /Biktal.WebMVC.styles.css responded 304 in 2.7106 ms
[18:39:22 INF] HTTP GET /lib/jquery/dist/jquery.min.js responded 304 in 0.6520 ms
[18:39:22 INF] HTTP GET /lib/bootstrap/dist/js/bootstrap.bundle.min.js responded 304 in 0.6896 ms
[18:39:22 INF] HTTP GET /js/site.js responded 304 in 0.9925 ms
[18:39:22 INF] HTTP GET /lib/jquery-validation-unobtrusive/dist/jquery.validate.unobtrusive.min.js responded 200 in 15.9022 ms
[18:39:22 INF] HTTP GET /js/products-catalog-filter.js responded 200 in 11.5402 ms
[18:39:22 INF] HTTP GET /lib/jquery-validation/dist/jquery.validate.min.js responded 200 in 25.0788 ms
[18:42:07 INF] HTTP POST /Inventory/AddProduct responded 302 in 115.1613 ms
[18:42:08 INF] HTTP GET /Inventory/Products responded 200 in 106.7422 ms
[18:42:08 INF] HTTP GET /lib/bootstrap/dist/css/bootstrap.min.css responded 200 in 1.7939 ms
[18:42:08 INF] HTTP GET /css/site.css responded 200 in 1.8036 ms
[18:42:08 INF] HTTP GET /Biktal.WebMVC.styles.css responded 200 in 1.7786 ms
[18:42:09 INF] HTTP GET /lib/jquery/dist/jquery.min.js responded 200 in 2.2534 ms
[18:42:09 INF] HTTP GET /js/site.js responded 200 in 1.1670 ms
[18:42:09 INF] HTTP GET /lib/bootstrap/dist/js/bootstrap.bundle.min.js responded 200 in 1.4077 ms
[18:42:09 INF] HTTP GET /lib/jquery-validation-unobtrusive/dist/jquery.validate.unobtrusive.min.js responded 200 in 1.3844 ms
[18:42:09 INF] HTTP GET /lib/jquery-validation/dist/jquery.validate.min.js responded 200 in 6.6982 ms
[18:42:09 INF] HTTP GET /js/products-catalog-filter.js responded 200 in 2.9561 ms
[18:42:33 INF] HTTP GET /Inventory/Products responded 200 in 71.9657 ms
[18:42:33 INF] HTTP GET /css/site.css responded 304 in 1.5309 ms
[18:42:33 INF] HTTP GET /lib/bootstrap/dist/css/bootstrap.min.css responded 304 in 0.7478 ms
[18:42:33 INF] HTTP GET /Biktal.WebMVC.styles.css responded 304 in 0.5515 ms
[18:42:34 INF] HTTP GET /lib/jquery/dist/jquery.min.js responded 304 in 0.4891 ms
[18:42:34 INF] HTTP GET /lib/bootstrap/dist/js/bootstrap.bundle.min.js responded 304 in 0.5982 ms
[18:42:34 INF] HTTP GET /js/products-catalog-filter.js responded 304 in 0.5083 ms
[18:42:34 INF] HTTP GET /js/site.js responded 304 in 1.3459 ms
[18:42:34 INF] HTTP GET /lib/jquery-validation-unobtrusive/dist/jquery.validate.unobtrusive.min.js responded 304 in 0.5471 ms
[18:42:34 INF] HTTP GET /lib/jquery-validation/dist/jquery.validate.min.js responded 304 in 0.7212 ms
[18:42:35 INF] HTTP GET /Pos responded 200 in 34.1408 ms
[18:42:35 INF] HTTP GET /lib/bootstrap/dist/css/bootstrap.min.css responded 304 in 6.4293 ms
[18:42:35 INF] HTTP GET /css/site.css responded 304 in 1.8117 ms
[18:42:35 INF] HTTP GET /Biktal.WebMVC.styles.css responded 304 in 0.4675 ms
[18:42:35 INF] HTTP GET /lib/bootstrap/dist/js/bootstrap.bundle.min.js responded 200 in 2.4229 ms
[18:42:35 INF] HTTP GET /lib/jquery/dist/jquery.min.js responded 200 in 2.9794 ms
[18:42:35 INF] HTTP GET /js/site.js responded 200 in 4.5418 ms
[18:42:35 INF] HTTP GET /js/pos.js responded 200 in 1.7435 ms
[18:42:54 INF] HTTP POST /Pos/CompleteSale responded 200 in 62.9913 ms
[18:43:11 WRN] The query uses the 'First'/'FirstOrDefault' operator without 'OrderBy' and filter operators. This may lead to unpredictable results.
[18:43:11 WRN] The query uses the 'First'/'FirstOrDefault' operator without 'OrderBy' and filter operators. This may lead to unpredictable results.
[18:43:11 INF] HTTP GET /Operations responded 200 in 95.1429 ms
[18:43:11 INF] HTTP GET /lib/bootstrap/dist/css/bootstrap.min.css responded 200 in 2.4425 ms
[18:43:11 INF] HTTP GET /css/site.css responded 304 in 0.6344 ms
[18:43:11 INF] HTTP GET /Biktal.WebMVC.styles.css responded 304 in 0.7230 ms
[18:43:11 INF] HTTP GET /lib/bootstrap/dist/js/bootstrap.bundle.min.js responded 304 in 3.0666 ms
[18:43:11 INF] HTTP GET /js/site.js responded 304 in 0.5642 ms
[18:43:11 INF] HTTP GET /lib/jquery/dist/jquery.min.js responded 304 in 1.4596 ms
[18:43:23 INF] HTTP GET /Operations/DailySales responded 200 in 51.6526 ms
[18:43:23 INF] HTTP GET /lib/bootstrap/dist/css/bootstrap.min.css responded 200 in 1.2546 ms
[18:43:23 INF] HTTP GET /css/site.css responded 304 in 1.0981 ms
[18:43:23 INF] HTTP GET /Biktal.WebMVC.styles.css responded 304 in 0.3846 ms
[18:43:23 INF] HTTP GET /lib/jquery/dist/jquery.min.js responded 304 in 0.8262 ms
[18:43:23 INF] HTTP GET /js/site.js responded 304 in 1.5970 ms
[18:43:23 INF] HTTP GET /lib/bootstrap/dist/js/bootstrap.bundle.min.js responded 304 in 2.3222 ms
[18:43:35 INF] HTTP GET /Operations responded 200 in 13.3814 ms
[18:43:35 INF] HTTP GET /lib/bootstrap/dist/css/bootstrap.min.css responded 200 in 1.0886 ms
[18:43:35 INF] HTTP GET /Biktal.WebMVC.styles.css responded 304 in 5.6872 ms
[18:43:35 INF] HTTP GET /css/site.css responded 304 in 1.2463 ms
[18:43:35 INF] HTTP GET /lib/jquery/dist/jquery.min.js responded 304 in 0.9857 ms
[18:43:35 INF] HTTP GET /js/site.js responded 304 in 0.7999 ms
[18:43:35 INF] HTTP GET /lib/bootstrap/dist/js/bootstrap.bundle.min.js responded 304 in 1.0903 ms
[18:43:36 INF] HTTP GET /Operations/DailySales responded 200 in 15.7784 ms
[18:43:36 INF] HTTP GET /lib/bootstrap/dist/css/bootstrap.min.css responded 200 in 4.9099 ms
[18:43:36 INF] HTTP GET /css/site.css responded 304 in 0.6717 ms
[18:43:36 INF] HTTP GET /Biktal.WebMVC.styles.css responded 304 in 0.7182 ms
[18:43:36 INF] HTTP GET /lib/jquery/dist/jquery.min.js responded 304 in 0.5013 ms
[18:43:36 INF] HTTP GET /lib/bootstrap/dist/js/bootstrap.bundle.min.js responded 304 in 0.5555 ms
[18:43:36 INF] HTTP GET /js/site.js responded 304 in 0.6803 ms
[18:44:53 INF] HTTP GET /Finance responded 200 in 106.2612 ms
[18:44:53 INF] HTTP GET /css/site.css responded 200 in 1.8764 ms
[18:44:53 INF] HTTP GET /lib/bootstrap/dist/css/bootstrap.min.css responded 200 in 1.5523 ms
[18:44:53 INF] HTTP GET /Biktal.WebMVC.styles.css responded 200 in 0.8982 ms
[18:44:53 INF] HTTP GET /lib/jquery/dist/jquery.min.js responded 200 in 1.0902 ms
[18:44:53 INF] HTTP GET /js/site.js responded 200 in 1.5401 ms
[18:44:53 INF] HTTP GET /lib/bootstrap/dist/js/bootstrap.bundle.min.js responded 200 in 1.3023 ms
[18:45:04 INF] HTTP GET /Finance/Accounts responded 200 in 77.3468 ms
[18:45:04 INF] HTTP GET /lib/bootstrap/dist/css/bootstrap.min.css responded 200 in 3.8104 ms
[18:45:04 INF] HTTP GET /css/site.css responded 200 in 1.4041 ms
[18:45:04 INF] HTTP GET /Biktal.WebMVC.styles.css responded 200 in 2.6224 ms
[18:45:04 INF] HTTP GET /lib/bootstrap/dist/js/bootstrap.bundle.min.js responded 304 in 0.7159 ms
[18:45:04 INF] HTTP GET /lib/jquery/dist/jquery.min.js responded 304 in 0.4083 ms
[18:45:04 INF] HTTP GET /js/site.js responded 304 in 0.4274 ms
[18:45:04 INF] HTTP GET /lib/jquery-validation/dist/jquery.validate.min.js responded 200 in 1.1887 ms
[18:45:04 INF] HTTP GET /lib/jquery-validation-unobtrusive/dist/jquery.validate.unobtrusive.min.js responded 200 in 1.3948 ms
[18:50:03 INF] HTTP GET /Operations responded 200 in 92.3293 ms
[18:50:03 INF] HTTP GET /css/site.css responded 200 in 2.1339 ms
[18:50:03 INF] HTTP GET /Biktal.WebMVC.styles.css responded 200 in 1.0201 ms
[18:50:03 INF] HTTP GET /lib/bootstrap/dist/css/bootstrap.min.css responded 200 in 2.3210 ms
[18:50:03 INF] HTTP GET /js/site.js responded 200 in 0.9460 ms
[18:50:03 INF] HTTP GET /lib/jquery/dist/jquery.min.js responded 200 in 2.9269 ms
[18:50:03 INF] HTTP GET /lib/bootstrap/dist/js/bootstrap.bundle.min.js responded 200 in 1.1548 ms
[18:51:10 INF] HTTP GET /Operations/Inventory responded 200 in 95.8713 ms
[18:51:10 INF] HTTP GET /lib/bootstrap/dist/css/bootstrap.min.css responded 200 in 1.3950 ms
[18:51:10 INF] HTTP GET /Biktal.WebMVC.styles.css responded 200 in 1.7265 ms
[18:51:10 INF] HTTP GET /css/site.css responded 200 in 0.8941 ms
[18:51:10 INF] HTTP GET /lib/jquery/dist/jquery.min.js responded 200 in 1.7109 ms
[18:51:10 INF] HTTP GET /js/site.js responded 200 in 11.2768 ms
[18:51:10 INF] HTTP GET /lib/bootstrap/dist/js/bootstrap.bundle.min.js responded 200 in 0.9702 ms
[18:52:02 INF] HTTP GET /Inventory responded 200 in 28.6047 ms
[18:52:02 INF] HTTP GET /css/site.css responded 200 in 4.9778 ms
[18:52:02 INF] HTTP GET /lib/bootstrap/dist/css/bootstrap.min.css responded 200 in 6.4299 ms
[18:52:02 INF] HTTP GET /lib/jquery/dist/jquery.min.js responded 200 in 1.6122 ms
[18:52:02 INF] HTTP GET /lib/bootstrap/dist/js/bootstrap.bundle.min.js responded 200 in 3.1581 ms
[18:52:02 INF] HTTP GET /Biktal.WebMVC.styles.css responded 200 in 2.4122 ms
[18:52:02 INF] HTTP GET /js/site.js responded 200 in 4.6101 ms
[18:52:05 INF] HTTP GET /Inventory/Products responded 200 in 61.3758 ms
[18:52:05 INF] HTTP GET /lib/bootstrap/dist/css/bootstrap.min.css responded 200 in 1.2666 ms
[18:52:05 INF] HTTP GET /css/site.css responded 200 in 3.0548 ms
[18:52:05 INF] HTTP GET /Biktal.WebMVC.styles.css responded 200 in 1.1654 ms
[18:52:06 INF] HTTP GET /lib/jquery/dist/jquery.min.js responded 304 in 0.2956 ms
[18:52:06 INF] HTTP GET /lib/bootstrap/dist/js/bootstrap.bundle.min.js responded 304 in 0.5513 ms
[18:52:06 INF] HTTP GET /js/site.js responded 304 in 0.4566 ms
[18:52:06 INF] HTTP GET /lib/jquery-validation/dist/jquery.validate.min.js responded 200 in 1.9644 ms
[18:52:06 INF] HTTP GET /lib/jquery-validation-unobtrusive/dist/jquery.validate.unobtrusive.min.js responded 200 in 1.0029 ms
[18:52:06 INF] HTTP GET /js/products-catalog-filter.js responded 200 in 0.9299 ms
[19:12:15 INF] Application is shutting down...
