[08:45:25 WRN] Using an in-memory repository. Keys will not be persisted to storage.
[08:45:26 WRN] Neither user profile nor HKLM registry available. Using an ephemeral key repository. Protected data will be unavailable when application exits.
[08:45:26 WRN] No XML encryptor configured. Key {9145e5c9-5c3f-4216-acbd-275401626fa4} may be persisted to storage in unencrypted form.
[08:45:26 INF] Application started. Press Ctrl+C to shut down.
[08:45:26 INF] Hosting environment: Production
[08:45:26 INF] Content root path: D:\Systems\BiktalSystems\publish
[08:45:26 INF] HTTP GET /Account/Login responded 302 in 107.9746 ms
[08:45:27 INF] HTTP GET /Inventory/Products responded 200 in 751.8336 ms
[08:45:27 INF] HTTP GET /Biktal.WebMVC.styles.css responded 200 in 172.9170 ms
[08:45:27 INF] HTTP GET /lib/bootstrap/dist/css/bootstrap.min.css responded 200 in 184.7479 ms
[08:45:27 INF] HTTP GET /css/site.css responded 200 in 167.2252 ms
[08:45:28 INF] HTTP GET /lib/jquery/dist/jquery.min.js responded 200 in 20.7035 ms
[08:45:28 INF] HTTP GET /lib/jquery-validation/dist/jquery.validate.min.js responded 200 in 25.3092 ms
[08:45:28 INF] HTTP GET /lib/bootstrap/dist/js/bootstrap.bundle.min.js responded 200 in 30.6416 ms
[08:45:28 INF] HTTP GET /lib/jquery-validation-unobtrusive/dist/jquery.validate.unobtrusive.min.js responded 200 in 20.1364 ms
[08:45:28 INF] HTTP GET /js/products-catalog-filter.js responded 200 in 18.7184 ms
[08:45:28 INF] HTTP GET /js/site.js responded 200 in 73.7919 ms
[08:46:03 INF] HTTP GET /Finance responded 200 in 429.8496 ms
[08:46:03 INF] HTTP GET /Biktal.WebMVC.styles.css responded 200 in 3.3317 ms
[08:46:03 INF] HTTP GET /js/site.js responded 200 in 68.1857 ms
[08:46:03 INF] HTTP GET /lib/bootstrap/dist/css/bootstrap.min.css responded 200 in 90.0811 ms
[08:46:03 INF] HTTP GET /css/site.css responded 200 in 142.6324 ms
[08:46:03 INF] HTTP GET /lib/jquery/dist/jquery.min.js responded 200 in 99.0831 ms
[08:46:03 INF] HTTP GET /lib/bootstrap/dist/js/bootstrap.bundle.min.js responded 200 in 257.8634 ms
[08:46:06 INF] HTTP GET /Finance/Cashbox responded 200 in 779.3012 ms
[08:46:06 INF] HTTP GET /lib/bootstrap/dist/css/bootstrap.min.css responded 304 in 6.4414 ms
[08:46:06 INF] HTTP GET /Biktal.WebMVC.styles.css responded 304 in 0.2076 ms
[08:46:06 INF] HTTP GET /css/site.css responded 304 in 0.5344 ms
[08:46:06 INF] HTTP GET /lib/jquery/dist/jquery.min.js responded 304 in 0.3542 ms
[08:46:06 INF] HTTP GET /lib/bootstrap/dist/js/bootstrap.bundle.min.js responded 304 in 0.3839 ms
[08:46:06 INF] HTTP GET /js/site.js responded 304 in 0.5958 ms
[08:46:06 INF] HTTP GET /lib/jquery-validation-unobtrusive/dist/jquery.validate.unobtrusive.min.js responded 200 in 15.9897 ms
[08:46:06 INF] HTTP GET /lib/jquery-validation/dist/jquery.validate.min.js responded 200 in 25.0601 ms
[08:46:50 INF] HTTP GET /Repairs responded 200 in 105.6245 ms
[08:46:50 INF] HTTP GET /css/site.css responded 304 in 0.5583 ms
[08:46:50 INF] HTTP GET /lib/bootstrap/dist/css/bootstrap.min.css responded 200 in 2.9816 ms
[08:46:50 INF] HTTP GET /lib/jquery/dist/jquery.min.js responded 304 in 0.6450 ms
[08:46:50 INF] HTTP GET /Biktal.WebMVC.styles.css responded 304 in 0.2517 ms
[08:46:50 INF] HTTP GET /lib/bootstrap/dist/js/bootstrap.bundle.min.js responded 304 in 0.2465 ms
[08:46:50 INF] HTTP GET /js/site.js responded 304 in 0.2504 ms
[08:46:52 INF] HTTP GET /Repairs/Tickets responded 200 in 74.5854 ms
[08:46:52 INF] HTTP GET /css/site.css responded 304 in 0.5601 ms
[08:46:52 INF] HTTP GET /lib/bootstrap/dist/css/bootstrap.min.css responded 200 in 2.6928 ms
[08:46:52 INF] HTTP GET /Biktal.WebMVC.styles.css responded 304 in 0.3970 ms
[08:46:52 INF] HTTP GET /lib/jquery/dist/jquery.min.js responded 304 in 0.3969 ms
[08:46:52 INF] HTTP GET /js/site.js responded 304 in 0.2201 ms
[08:46:52 INF] HTTP GET /lib/bootstrap/dist/js/bootstrap.bundle.min.js responded 304 in 0.2201 ms
[08:46:59 INF] HTTP GET /Repairs/Ticket/019feb6a-951e-7492-b818-0ab37c4bc738 responded 200 in 78.1132 ms
[08:46:59 INF] HTTP GET /css/site.css responded 304 in 0.4880 ms
[08:46:59 INF] HTTP GET /lib/bootstrap/dist/css/bootstrap.min.css responded 200 in 2.3381 ms
[08:46:59 INF] HTTP GET /Biktal.WebMVC.styles.css responded 304 in 3.5649 ms
[08:46:59 INF] HTTP GET /lib/jquery/dist/jquery.min.js responded 304 in 0.1921 ms
[08:46:59 INF] HTTP GET /lib/bootstrap/dist/js/bootstrap.bundle.min.js responded 304 in 0.2416 ms
[08:46:59 INF] HTTP GET /js/site.js responded 304 in 0.2207 ms
[08:47:06 INF] HTTP POST /Repairs/UpdateTicketEstimate responded 302 in 330.0844 ms
[08:47:06 INF] HTTP GET /Repairs/Ticket/019feb6a-951e-7492-b818-0ab37c4bc738 responded 200 in 4.5274 ms
[08:47:06 INF] HTTP GET /lib/bootstrap/dist/css/bootstrap.min.css responded 200 in 2.4798 ms
[08:47:06 INF] HTTP GET /css/site.css responded 304 in 0.1852 ms
[08:47:06 INF] HTTP GET /Biktal.WebMVC.styles.css responded 304 in 0.2126 ms
[08:47:06 INF] HTTP GET /lib/jquery/dist/jquery.min.js responded 304 in 0.1557 ms
[08:47:06 INF] HTTP GET /lib/bootstrap/dist/js/bootstrap.bundle.min.js responded 304 in 0.2084 ms
[08:47:06 INF] HTTP GET /js/site.js responded 304 in 0.1884 ms
[08:47:10 INF] HTTP POST /Repairs/UpdateTicketStatus responded 302 in 42.6015 ms
[08:47:10 INF] HTTP GET /Repairs/Ticket/019feb6a-951e-7492-b818-0ab37c4bc738 responded 200 in 8.0449 ms
[08:47:10 INF] HTTP GET /lib/bootstrap/dist/css/bootstrap.min.css responded 200 in 1.4573 ms
[08:47:10 INF] HTTP GET /css/site.css responded 304 in 0.5521 ms
[08:47:10 INF] HTTP GET /lib/jquery/dist/jquery.min.js responded 304 in 0.1712 ms
[08:47:10 INF] HTTP GET /Biktal.WebMVC.styles.css responded 304 in 0.1711 ms
[08:47:10 INF] HTTP GET /lib/bootstrap/dist/js/bootstrap.bundle.min.js responded 304 in 0.2907 ms
[08:47:10 INF] HTTP GET /js/site.js responded 304 in 0.2148 ms
[08:47:14 INF] HTTP GET /Repairs responded 200 in 6.1909 ms
[08:47:14 INF] HTTP GET /css/site.css responded 200 in 0.7801 ms
[08:47:14 INF] HTTP GET /lib/bootstrap/dist/css/bootstrap.min.css responded 200 in 0.7606 ms
[08:47:14 INF] HTTP GET /Biktal.WebMVC.styles.css responded 200 in 0.8139 ms
[08:47:14 INF] HTTP GET /lib/jquery/dist/jquery.min.js responded 200 in 0.7220 ms
[08:47:14 INF] HTTP GET /lib/bootstrap/dist/js/bootstrap.bundle.min.js responded 200 in 1.1054 ms
[08:47:14 INF] HTTP GET /js/site.js responded 200 in 1.1505 ms
[08:47:16 INF] HTTP GET /Repairs/Tickets responded 200 in 12.1332 ms
[08:47:16 INF] HTTP GET /lib/bootstrap/dist/css/bootstrap.min.css responded 304 in 0.1662 ms
[08:47:16 INF] HTTP GET /css/site.css responded 304 in 2.2934 ms
[08:47:16 INF] HTTP GET /Biktal.WebMVC.styles.css responded 304 in 0.1411 ms
[08:47:16 INF] HTTP GET /lib/jquery/dist/jquery.min.js responded 304 in 0.1413 ms
[08:47:16 INF] HTTP GET /lib/bootstrap/dist/js/bootstrap.bundle.min.js responded 304 in 0.2802 ms
[08:47:16 INF] HTTP GET /js/site.js responded 304 in 1.8972 ms
[08:49:55 INF] HTTP GET /Finance responded 200 in 19.9208 ms
[08:49:55 INF] HTTP GET /lib/jquery/dist/jquery.min.js responded 200 in 0.9450 ms
[08:49:55 INF] HTTP GET /lib/bootstrap/dist/js/bootstrap.bundle.min.js responded 200 in 0.7698 ms
[08:49:55 INF] HTTP GET /js/site.js responded 200 in 0.5092 ms
[08:49:55 INF] HTTP GET /lib/bootstrap/dist/css/bootstrap.min.css responded 200 in 1.0277 ms
[08:49:55 INF] HTTP GET /css/site.css responded 200 in 1.1344 ms
[08:49:55 INF] HTTP GET /Biktal.WebMVC.styles.css responded 200 in 0.5703 ms
[08:49:57 INF] HTTP GET /Finance/Cashbox responded 200 in 39.5312 ms
[08:49:57 INF] HTTP GET /Biktal.WebMVC.styles.css responded 200 in 1.1615 ms
[08:49:57 INF] HTTP GET /lib/bootstrap/dist/css/bootstrap.min.css responded 200 in 1.5390 ms
[08:49:57 INF] HTTP GET /lib/jquery/dist/jquery.min.js responded 304 in 0.1592 ms
[08:49:57 INF] HTTP GET /lib/bootstrap/dist/js/bootstrap.bundle.min.js responded 304 in 0.1290 ms
[08:49:57 INF] HTTP GET /css/site.css responded 200 in 3.2804 ms
[08:49:57 INF] HTTP GET /js/site.js responded 304 in 0.5133 ms
[08:49:57 INF] HTTP GET /lib/jquery-validation-unobtrusive/dist/jquery.validate.unobtrusive.min.js responded 200 in 0.6387 ms
[08:49:57 INF] HTTP GET /lib/jquery-validation/dist/jquery.validate.min.js responded 200 in 0.5207 ms
[08:52:51 INF] HTTP POST /Finance/CloseCashboxSession responded 302 in 337.7477 ms
[08:52:51 INF] HTTP GET /Finance/Cashbox responded 200 in 57.9784 ms
[08:52:51 INF] HTTP GET /lib/bootstrap/dist/css/bootstrap.min.css responded 200 in 2.1051 ms
[08:52:51 INF] HTTP GET /css/site.css responded 200 in 0.6349 ms
[08:52:51 INF] HTTP GET /Biktal.WebMVC.styles.css responded 200 in 1.6439 ms
[08:52:51 INF] HTTP GET /lib/jquery/dist/jquery.min.js responded 200 in 2.3264 ms
[08:52:51 INF] HTTP GET /lib/bootstrap/dist/js/bootstrap.bundle.min.js responded 200 in 2.1510 ms
[08:52:51 INF] HTTP GET /js/site.js responded 200 in 1.1631 ms
[08:52:51 INF] HTTP GET /lib/jquery-validation-unobtrusive/dist/jquery.validate.unobtrusive.min.js responded 200 in 0.8034 ms
[08:52:51 INF] HTTP GET /lib/jquery-validation/dist/jquery.validate.min.js responded 200 in 1.0863 ms
[08:53:04 INF] HTTP POST /Finance/OpenCashboxSession responded 302 in 148.0105 ms
[08:53:04 INF] HTTP GET /Finance/Cashbox responded 200 in 23.0422 ms
[08:53:04 INF] HTTP GET /lib/bootstrap/dist/css/bootstrap.min.css responded 200 in 1.0180 ms
[08:53:05 INF] HTTP GET /Biktal.WebMVC.styles.css responded 200 in 1.4779 ms
[08:53:05 INF] HTTP GET /css/site.css responded 200 in 0.7880 ms
[08:53:05 INF] HTTP GET /lib/bootstrap/dist/js/bootstrap.bundle.min.js responded 304 in 0.0891 ms
[08:53:05 INF] HTTP GET /lib/jquery/dist/jquery.min.js responded 304 in 0.1360 ms
[08:53:05 INF] HTTP GET /js/site.js responded 304 in 0.1766 ms
[08:53:05 INF] HTTP GET /lib/jquery-validation/dist/jquery.validate.min.js responded 304 in 0.1666 ms
[08:53:05 INF] HTTP GET /lib/jquery-validation-unobtrusive/dist/jquery.validate.unobtrusive.min.js responded 304 in 0.1110 ms
[09:13:38 INF] Application is shutting down...
