[18:06:01 ERR] Failed executing DbCommand (20ms) [Parameters=[@p0='?' (DbType = Guid), @p1='?' (DbType = DateTime), @p2='?' (DbType = Guid), @p3='?', @p4='?' (DbType = DateTime), @p5='?' (DbType = Int32), @p6='?' (DbType = Int32), @p7='?', @p8='?', @p9='?' (DbType = Guid), @p10='?' (DbType = DateTime), @p11='?' (DbType = Guid), @p12='?', @p13='?' (DbType = DateTime), @p14='?' (DbType = Int32), @p15='?' (DbType = Int32), @p16='?', @p17='?'], CommandType='Text', CommandTimeout='30']
INSERT INTO "CrmSupportTickets" ("Id", "CreatedAtUtc", "CustomerId", "Description", "ModifiedAtUtc", "Priority", "Status", "Subject", "TicketNumber")
VALUES (@p0, @p1, @p2, @p3, @p4, @p5, @p6, @p7, @p8);
INSERT INTO "CrmSupportTickets" ("Id", "CreatedAtUtc", "CustomerId", "Description", "ModifiedAtUtc", "Priority", "Status", "Subject", "TicketNumber")
VALUES (@p9, @p10, @p11, @p12, @p13, @p14, @p15, @p16, @p17);
[18:06:01 ERR] An exception occurred in the database while saving changes for context type 'Biktal.Infrastructure.Persistence.ApplicationDbContext'.
Microsoft.EntityFrameworkCore.DbUpdateException: An error occurred while saving the entity changes. See the inner exception for details.
 ---> Npgsql.PostgresException (0x80004005): 23503: insert or update on table "CrmSupportTickets" violates foreign key constraint "FK_CrmSupportTickets_CrmCustomers_CustomerId"

DETAIL: Detail redacted as it may contain sensitive data. Specify 'Include Error Detail' in the connection string to include this information.
   at Npgsql.Internal.NpgsqlConnector.ReadMessageLong(Boolean async, DataRowLoadingMode dataRowLoadingMode, Boolean readingNotifications, Boolean isReadingPrependedMessage)
   at System.Runtime.CompilerServices.PoolingAsyncValueTaskMethodBuilder`1.StateMachineBox`1.System.Threading.Tasks.Sources.IValueTaskSource<TResult>.GetResult(Int16 token)
   at Npgsql.NpgsqlDataReader.NextResult(Boolean async, Boolean isConsuming, CancellationToken cancellationToken)
   at Npgsql.NpgsqlDataReader.NextResult(Boolean async, Boolean isConsuming, CancellationToken cancellationToken)
   at Npgsql.NpgsqlCommand.ExecuteReader(Boolean async, CommandBehavior behavior, CancellationToken cancellationToken)
   at Npgsql.NpgsqlCommand.ExecuteReader(Boolean async, CommandBehavior behavior, CancellationToken cancellationToken)
   at Npgsql.NpgsqlCommand.ExecuteDbDataReaderAsync(CommandBehavior behavior, CancellationToken cancellationToken)
   at Microsoft.EntityFrameworkCore.Storage.RelationalCommand.ExecuteReaderAsync(RelationalCommandParameterObject parameterObject, CancellationToken cancellationToken)
   at Microsoft.EntityFrameworkCore.Storage.RelationalCommand.ExecuteReaderAsync(RelationalCommandParameterObject parameterObject, CancellationToken cancellationToken)
   at Microsoft.EntityFrameworkCore.Update.ReaderModificationCommandBatch.ExecuteAsync(IRelationalConnection connection, CancellationToken cancellationToken)
  Exception data:
    Severity: ERROR
    SqlState: 23503
    MessageText: insert or update on table "CrmSupportTickets" violates foreign key constraint "FK_CrmSupportTickets_CrmCustomers_CustomerId"
    Detail: Detail redacted as it may contain sensitive data. Specify 'Include Error Detail' in the connection string to include this information.
    SchemaName: public
    TableName: CrmSupportTickets
    ConstraintName: FK_CrmSupportTickets_CrmCustomers_CustomerId
    File: ri_triggers.c
    Line: 2783
    Routine: ri_ReportViolation
   --- End of inner exception stack trace ---
   at Microsoft.EntityFrameworkCore.Update.ReaderModificationCommandBatch.ExecuteAsync(IRelationalConnection connection, CancellationToken cancellationToken)
   at Microsoft.EntityFrameworkCore.Update.Internal.BatchExecutor.ExecuteAsync(IEnumerable`1 commandBatches, IRelationalConnection connection, CancellationToken cancellationToken)
   at Microsoft.EntityFrameworkCore.Update.Internal.BatchExecutor.ExecuteAsync(IEnumerable`1 commandBatches, IRelationalConnection connection, CancellationToken cancellationToken)
   at Microsoft.EntityFrameworkCore.Update.Internal.BatchExecutor.ExecuteAsync(IEnumerable`1 commandBatches, IRelationalConnection connection, CancellationToken cancellationToken)
   at Microsoft.EntityFrameworkCore.Storage.RelationalDatabase.SaveChangesAsync(IList`1 entries, CancellationToken cancellationToken)
   at Microsoft.EntityFrameworkCore.ChangeTracking.Internal.StateManager.SaveChangesAsync(IList`1 entriesToSave, CancellationToken cancellationToken)
   at Microsoft.EntityFrameworkCore.ChangeTracking.Internal.StateManager.SaveChangesAsync(StateManager stateManager, Boolean acceptAllChangesOnSuccess, CancellationToken cancellationToken)
   at Npgsql.EntityFrameworkCore.PostgreSQL.Storage.Internal.NpgsqlExecutionStrategy.ExecuteAsync[TState,TResult](TState state, Func`4 operation, Func`4 verifySucceeded, CancellationToken cancellationToken)
   at Microsoft.EntityFrameworkCore.DbContext.SaveChangesAsync(Boolean acceptAllChangesOnSuccess, CancellationToken cancellationToken)
Microsoft.EntityFrameworkCore.DbUpdateException: An error occurred while saving the entity changes. See the inner exception for details.
 ---> Npgsql.PostgresException (0x80004005): 23503: insert or update on table "CrmSupportTickets" violates foreign key constraint "FK_CrmSupportTickets_CrmCustomers_CustomerId"

DETAIL: Detail redacted as it may contain sensitive data. Specify 'Include Error Detail' in the connection string to include this information.
   at Npgsql.Internal.NpgsqlConnector.ReadMessageLong(Boolean async, DataRowLoadingMode dataRowLoadingMode, Boolean readingNotifications, Boolean isReadingPrependedMessage)
   at System.Runtime.CompilerServices.PoolingAsyncValueTaskMethodBuilder`1.StateMachineBox`1.System.Threading.Tasks.Sources.IValueTaskSource<TResult>.GetResult(Int16 token)
   at Npgsql.NpgsqlDataReader.NextResult(Boolean async, Boolean isConsuming, CancellationToken cancellationToken)
   at Npgsql.NpgsqlDataReader.NextResult(Boolean async, Boolean isConsuming, CancellationToken cancellationToken)
   at Npgsql.NpgsqlCommand.ExecuteReader(Boolean async, CommandBehavior behavior, CancellationToken cancellationToken)
   at Npgsql.NpgsqlCommand.ExecuteReader(Boolean async, CommandBehavior behavior, CancellationToken cancellationToken)
   at Npgsql.NpgsqlCommand.ExecuteDbDataReaderAsync(CommandBehavior behavior, CancellationToken cancellationToken)
   at Microsoft.EntityFrameworkCore.Storage.RelationalCommand.ExecuteReaderAsync(RelationalCommandParameterObject parameterObject, CancellationToken cancellationToken)
   at Microsoft.EntityFrameworkCore.Storage.RelationalCommand.ExecuteReaderAsync(RelationalCommandParameterObject parameterObject, CancellationToken cancellationToken)
   at Microsoft.EntityFrameworkCore.Update.ReaderModificationCommandBatch.ExecuteAsync(IRelationalConnection connection, CancellationToken cancellationToken)
  Exception data:
    Severity: ERROR
    SqlState: 23503
    MessageText: insert or update on table "CrmSupportTickets" violates foreign key constraint "FK_CrmSupportTickets_CrmCustomers_CustomerId"
    Detail: Detail redacted as it may contain sensitive data. Specify 'Include Error Detail' in the connection string to include this information.
    SchemaName: public
    TableName: CrmSupportTickets
    ConstraintName: FK_CrmSupportTickets_CrmCustomers_CustomerId
    File: ri_triggers.c
    Line: 2783
    Routine: ri_ReportViolation
   --- End of inner exception stack trace ---
   at Microsoft.EntityFrameworkCore.Update.ReaderModificationCommandBatch.ExecuteAsync(IRelationalConnection connection, CancellationToken cancellationToken)
   at Microsoft.EntityFrameworkCore.Update.Internal.BatchExecutor.ExecuteAsync(IEnumerable`1 commandBatches, IRelationalConnection connection, CancellationToken cancellationToken)
   at Microsoft.EntityFrameworkCore.Update.Internal.BatchExecutor.ExecuteAsync(IEnumerable`1 commandBatches, IRelationalConnection connection, CancellationToken cancellationToken)
   at Microsoft.EntityFrameworkCore.Update.Internal.BatchExecutor.ExecuteAsync(IEnumerable`1 commandBatches, IRelationalConnection connection, CancellationToken cancellationToken)
   at Microsoft.EntityFrameworkCore.Storage.RelationalDatabase.SaveChangesAsync(IList`1 entries, CancellationToken cancellationToken)
   at Microsoft.EntityFrameworkCore.ChangeTracking.Internal.StateManager.SaveChangesAsync(IList`1 entriesToSave, CancellationToken cancellationToken)
   at Microsoft.EntityFrameworkCore.ChangeTracking.Internal.StateManager.SaveChangesAsync(StateManager stateManager, Boolean acceptAllChangesOnSuccess, CancellationToken cancellationToken)
   at Npgsql.EntityFrameworkCore.PostgreSQL.Storage.Internal.NpgsqlExecutionStrategy.ExecuteAsync[TState,TResult](TState state, Func`4 operation, Func`4 verifySucceeded, CancellationToken cancellationToken)
   at Microsoft.EntityFrameworkCore.DbContext.SaveChangesAsync(Boolean acceptAllChangesOnSuccess, CancellationToken cancellationToken)
[18:06:01 ERR] Database migration or seed failed. Check PostgreSQL is running and ConnectionStrings:DefaultConnection is correct.
Microsoft.EntityFrameworkCore.DbUpdateException: An error occurred while saving the entity changes. See the inner exception for details.
 ---> Npgsql.PostgresException (0x80004005): 23503: insert or update on table "CrmSupportTickets" violates foreign key constraint "FK_CrmSupportTickets_CrmCustomers_CustomerId"

DETAIL: Detail redacted as it may contain sensitive data. Specify 'Include Error Detail' in the connection string to include this information.
   at Npgsql.Internal.NpgsqlConnector.ReadMessageLong(Boolean async, DataRowLoadingMode dataRowLoadingMode, Boolean readingNotifications, Boolean isReadingPrependedMessage)
   at System.Runtime.CompilerServices.PoolingAsyncValueTaskMethodBuilder`1.StateMachineBox`1.System.Threading.Tasks.Sources.IValueTaskSource<TResult>.GetResult(Int16 token)
   at Npgsql.NpgsqlDataReader.NextResult(Boolean async, Boolean isConsuming, CancellationToken cancellationToken)
   at Npgsql.NpgsqlDataReader.NextResult(Boolean async, Boolean isConsuming, CancellationToken cancellationToken)
   at Npgsql.NpgsqlCommand.ExecuteReader(Boolean async, CommandBehavior behavior, CancellationToken cancellationToken)
   at Npgsql.NpgsqlCommand.ExecuteReader(Boolean async, CommandBehavior behavior, CancellationToken cancellationToken)
   at Npgsql.NpgsqlCommand.ExecuteDbDataReaderAsync(CommandBehavior behavior, CancellationToken cancellationToken)
   at Microsoft.EntityFrameworkCore.Storage.RelationalCommand.ExecuteReaderAsync(RelationalCommandParameterObject parameterObject, CancellationToken cancellationToken)
   at Microsoft.EntityFrameworkCore.Storage.RelationalCommand.ExecuteReaderAsync(RelationalCommandParameterObject parameterObject, CancellationToken cancellationToken)
   at Microsoft.EntityFrameworkCore.Update.ReaderModificationCommandBatch.ExecuteAsync(IRelationalConnection connection, CancellationToken cancellationToken)
  Exception data:
    Severity: ERROR
    SqlState: 23503
    MessageText: insert or update on table "CrmSupportTickets" violates foreign key constraint "FK_CrmSupportTickets_CrmCustomers_CustomerId"
    Detail: Detail redacted as it may contain sensitive data. Specify 'Include Error Detail' in the connection string to include this information.
    SchemaName: public
    TableName: CrmSupportTickets
    ConstraintName: FK_CrmSupportTickets_CrmCustomers_CustomerId
    File: ri_triggers.c
    Line: 2783
    Routine: ri_ReportViolation
   --- End of inner exception stack trace ---
   at Microsoft.EntityFrameworkCore.Update.ReaderModificationCommandBatch.ExecuteAsync(IRelationalConnection connection, CancellationToken cancellationToken)
   at Microsoft.EntityFrameworkCore.Update.Internal.BatchExecutor.ExecuteAsync(IEnumerable`1 commandBatches, IRelationalConnection connection, CancellationToken cancellationToken)
   at Microsoft.EntityFrameworkCore.Update.Internal.BatchExecutor.ExecuteAsync(IEnumerable`1 commandBatches, IRelationalConnection connection, CancellationToken cancellationToken)
   at Microsoft.EntityFrameworkCore.Update.Internal.BatchExecutor.ExecuteAsync(IEnumerable`1 commandBatches, IRelationalConnection connection, CancellationToken cancellationToken)
   at Microsoft.EntityFrameworkCore.Storage.RelationalDatabase.SaveChangesAsync(IList`1 entries, CancellationToken cancellationToken)
   at Microsoft.EntityFrameworkCore.ChangeTracking.Internal.StateManager.SaveChangesAsync(IList`1 entriesToSave, CancellationToken cancellationToken)
   at Microsoft.EntityFrameworkCore.ChangeTracking.Internal.StateManager.SaveChangesAsync(StateManager stateManager, Boolean acceptAllChangesOnSuccess, CancellationToken cancellationToken)
   at Npgsql.EntityFrameworkCore.PostgreSQL.Storage.Internal.NpgsqlExecutionStrategy.ExecuteAsync[TState,TResult](TState state, Func`4 operation, Func`4 verifySucceeded, CancellationToken cancellationToken)
   at Microsoft.EntityFrameworkCore.DbContext.SaveChangesAsync(Boolean acceptAllChangesOnSuccess, CancellationToken cancellationToken)
   at Microsoft.EntityFrameworkCore.DbContext.SaveChangesAsync(Boolean acceptAllChangesOnSuccess, CancellationToken cancellationToken)
   at Biktal.Infrastructure.Persistence.CrmDataSeeder.SeedIfEmptyAsync(ApplicationDbContext db, CancellationToken cancellationToken)
   at Program.<Main>$(String[] args) in d:\Systems\BiktalSystems\Program.cs:line 71
[18:06:01 WRN] Continuing without a successful migration/seed. Auth and data pages may fail until the database is available.
[18:06:01 WRN] Using an in-memory repository. Keys will not be persisted to storage.
[18:06:01 WRN] Neither user profile nor HKLM registry available. Using an ephemeral key repository. Protected data will be unavailable when application exits.
[18:06:01 WRN] No XML encryptor configured. Key {1ced18a2-a25f-40eb-8366-fdb5f26c42e6} may be persisted to storage in unencrypted form.
[18:06:01 INF] Application started. Press Ctrl+C to shut down.
[18:06:01 INF] Hosting environment: Production
[18:06:01 INF] Content root path: D:\Systems\BiktalSystems\publish
[18:06:01 INF] HTTP GET /Inventory responded 302 in 85.6768 ms
[18:06:01 ERR] An exception was thrown while deserializing the token.
Microsoft.AspNetCore.Antiforgery.AntiforgeryValidationException: The antiforgery token could not be decrypted.
 ---> System.Security.Cryptography.CryptographicException: The key {137c55a4-7736-4c34-98b8-2c9bc95a692e} was not found in the key ring. For more information go to https://aka.ms/aspnet/dataprotectionwarning
   at Microsoft.AspNetCore.DataProtection.KeyManagement.KeyRingBasedDataProtector.UnprotectCore(Byte[] protectedData, Boolean allowOperationsOnRevokedKeys, UnprotectStatus& status)
   at Microsoft.AspNetCore.DataProtection.KeyManagement.KeyRingBasedDataProtector.Unprotect(Byte[] protectedData)
   at Microsoft.AspNetCore.Antiforgery.DefaultAntiforgeryTokenSerializer.Deserialize(String serializedToken)
   --- End of inner exception stack trace ---
   at Microsoft.AspNetCore.Antiforgery.DefaultAntiforgeryTokenSerializer.Deserialize(String serializedToken)
   at Microsoft.AspNetCore.Antiforgery.DefaultAntiforgery.GetCookieTokenDoesNotThrow(HttpContext httpContext)
[18:06:01 INF] HTTP GET /Account/Login responded 200 in 239.4800 ms
[18:06:01 INF] HTTP GET /css/site.css responded 200 in 122.8590 ms
[18:06:01 INF] HTTP GET /js/site.js responded 200 in 115.6576 ms
[18:06:01 INF] HTTP GET /lib/jquery-validation-unobtrusive/dist/jquery.validate.unobtrusive.min.js responded 200 in 114.5910 ms
[18:06:01 INF] HTTP GET /Biktal.WebMVC.styles.css responded 200 in 114.0387 ms
[18:06:01 INF] HTTP GET /lib/jquery-validation/dist/jquery.validate.min.js responded 200 in 116.0023 ms
[18:06:01 INF] HTTP GET /lib/bootstrap/dist/js/bootstrap.bundle.min.js responded 200 in 118.4687 ms
[18:06:01 INF] HTTP GET /lib/jquery/dist/jquery.min.js responded 200 in 86.5756 ms
[18:06:01 INF] HTTP GET /lib/bootstrap/dist/css/bootstrap.min.css responded 200 in 117.6632 ms
[18:06:12 INF] HTTP POST /Account/Login responded 302 in 566.6979 ms
[18:06:12 INF] HTTP GET /Inventory responded 200 in 190.5022 ms
[18:06:13 INF] HTTP GET /lib/bootstrap/dist/css/bootstrap.min.css responded 200 in 14.5213 ms
[18:06:13 INF] HTTP GET /css/site.css responded 200 in 5.5258 ms
[18:06:13 INF] HTTP GET /Biktal.WebMVC.styles.css responded 200 in 16.0066 ms
[18:06:13 INF] HTTP GET /lib/jquery/dist/jquery.min.js responded 304 in 59.7885 ms
[18:06:13 INF] HTTP GET /js/site.js responded 304 in 57.4379 ms
[18:06:13 INF] HTTP GET /lib/bootstrap/dist/js/bootstrap.bundle.min.js responded 304 in 169.8440 ms
[18:06:19 INF] HTTP GET /Inventory/Products responded 200 in 362.0971 ms
[18:06:19 INF] HTTP GET /lib/bootstrap/dist/css/bootstrap.min.css responded 200 in 2.7330 ms
[18:06:19 INF] HTTP GET /css/site.css responded 200 in 2.8930 ms
[18:06:19 INF] HTTP GET /Biktal.WebMVC.styles.css responded 200 in 3.3852 ms
[18:06:20 INF] HTTP GET /lib/jquery/dist/jquery.min.js responded 304 in 0.7086 ms
[18:06:20 INF] HTTP GET /lib/bootstrap/dist/js/bootstrap.bundle.min.js responded 304 in 0.8429 ms
[18:06:20 INF] HTTP GET /js/site.js responded 304 in 0.7350 ms
[18:06:20 INF] HTTP GET /js/products-catalog-filter.js responded 200 in 1.3188 ms
[18:06:20 INF] HTTP GET /lib/jquery-validation-unobtrusive/dist/jquery.validate.unobtrusive.min.js responded 304 in 17.4174 ms
[18:06:20 INF] HTTP GET /lib/jquery-validation/dist/jquery.validate.min.js responded 304 in 24.0935 ms
[18:14:31 INF] HTTP GET /Inventory/Products responded 200 in 250.5120 ms
[18:14:31 INF] HTTP GET /Biktal.WebMVC.styles.css responded 200 in 8.7331 ms
[18:14:31 INF] HTTP GET /lib/bootstrap/dist/css/bootstrap.min.css responded 200 in 45.6185 ms
[18:14:31 INF] HTTP GET /css/site.css responded 200 in 59.3249 ms
[18:14:32 INF] HTTP GET /lib/jquery/dist/jquery.min.js responded 200 in 21.9144 ms
[18:14:32 INF] HTTP GET /js/site.js responded 200 in 4.3497 ms
[18:14:32 INF] HTTP GET /lib/jquery-validation/dist/jquery.validate.min.js responded 200 in 8.3108 ms
[18:14:32 INF] HTTP GET /lib/jquery-validation-unobtrusive/dist/jquery.validate.unobtrusive.min.js responded 200 in 7.2294 ms
[18:14:32 INF] HTTP GET /js/products-catalog-filter.js responded 200 in 11.4596 ms
[18:14:32 INF] HTTP GET /lib/bootstrap/dist/js/bootstrap.bundle.min.js responded 200 in 29.5470 ms
[18:14:36 INF] HTTP POST /Inventory/EditProduct responded 302 in 130.5574 ms
[18:14:36 INF] HTTP GET /Inventory/Products responded 200 in 66.8431 ms
[18:14:36 INF] HTTP GET /lib/bootstrap/dist/css/bootstrap.min.css responded 304 in 0.7853 ms
[18:14:36 INF] HTTP GET /Biktal.WebMVC.styles.css responded 304 in 1.9388 ms
[18:14:36 INF] HTTP GET /css/site.css responded 304 in 1.9848 ms
[18:14:37 INF] HTTP GET /lib/jquery/dist/jquery.min.js responded 304 in 0.8685 ms
[18:14:37 INF] HTTP GET /lib/bootstrap/dist/js/bootstrap.bundle.min.js responded 304 in 0.7097 ms
[18:14:37 INF] HTTP GET /js/site.js responded 304 in 0.6426 ms
[18:14:37 INF] HTTP GET /js/products-catalog-filter.js responded 304 in 0.5330 ms
[18:14:37 INF] HTTP GET /lib/jquery-validation-unobtrusive/dist/jquery.validate.unobtrusive.min.js responded 304 in 0.9102 ms
[18:14:37 INF] HTTP GET /lib/jquery-validation/dist/jquery.validate.min.js responded 304 in 1.8002 ms
[18:15:18 INF] HTTP GET /Inventory/Products responded 200 in 66.5612 ms
[18:15:18 INF] HTTP GET /lib/bootstrap/dist/css/bootstrap.min.css responded 200 in 6.1751 ms
[18:15:18 INF] HTTP GET /css/site.css responded 304 in 2.0332 ms
[18:15:18 INF] HTTP GET /Biktal.WebMVC.styles.css responded 304 in 3.5812 ms
[18:15:19 INF] HTTP GET /lib/jquery/dist/jquery.min.js responded 304 in 0.5774 ms
[18:15:19 INF] HTTP GET /lib/bootstrap/dist/js/bootstrap.bundle.min.js responded 304 in 0.5768 ms
[18:15:19 INF] HTTP GET /js/site.js responded 304 in 0.4751 ms
[18:15:19 INF] HTTP GET /lib/jquery-validation-unobtrusive/dist/jquery.validate.unobtrusive.min.js responded 304 in 0.4877 ms
[18:15:19 INF] HTTP GET /lib/jquery-validation/dist/jquery.validate.min.js responded 304 in 0.4154 ms
[18:15:19 INF] HTTP GET /js/products-catalog-filter.js responded 304 in 0.8236 ms
[18:15:33 INF] HTTP GET /Inventory/Products responded 200 in 80.3537 ms
[18:15:33 INF] HTTP GET /lib/bootstrap/dist/css/bootstrap.min.css responded 304 in 0.6772 ms
[18:15:33 INF] HTTP GET /css/site.css responded 304 in 2.2246 ms
[18:15:33 INF] HTTP GET /Biktal.WebMVC.styles.css responded 304 in 6.5914 ms
[18:15:34 INF] HTTP GET /lib/jquery/dist/jquery.min.js responded 304 in 0.5455 ms
[18:15:34 INF] HTTP GET /lib/bootstrap/dist/js/bootstrap.bundle.min.js responded 304 in 0.5420 ms
[18:15:34 INF] HTTP GET /lib/jquery-validation/dist/jquery.validate.min.js responded 304 in 0.5131 ms
[18:15:34 INF] HTTP GET /js/products-catalog-filter.js responded 304 in 0.3691 ms
[18:15:34 INF] HTTP GET /js/site.js responded 304 in 0.5139 ms
[18:15:34 INF] HTTP GET /lib/jquery-validation-unobtrusive/dist/jquery.validate.unobtrusive.min.js responded 304 in 0.4162 ms
[18:15:48 INF] HTTP POST /Inventory/EditProduct responded 200 in 86.2103 ms
[18:15:48 INF] HTTP GET /lib/bootstrap/dist/css/bootstrap.min.css responded 200 in 2.1355 ms
[18:15:48 INF] HTTP GET /css/site.css responded 304 in 1.7384 ms
[18:15:48 INF] HTTP GET /Biktal.WebMVC.styles.css responded 304 in 3.1492 ms
[18:15:49 INF] HTTP GET /lib/jquery/dist/jquery.min.js responded 304 in 0.4002 ms
[18:15:49 INF] HTTP GET /lib/bootstrap/dist/js/bootstrap.bundle.min.js responded 304 in 0.5668 ms
[18:15:49 INF] HTTP GET /js/site.js responded 304 in 0.3721 ms
[18:15:49 INF] HTTP GET /lib/jquery-validation/dist/jquery.validate.min.js responded 304 in 0.5308 ms
[18:15:49 INF] HTTP GET /lib/jquery-validation-unobtrusive/dist/jquery.validate.unobtrusive.min.js responded 304 in 0.3610 ms
[18:15:49 INF] HTTP GET /js/products-catalog-filter.js responded 304 in 0.9117 ms
[18:15:54 INF] HTTP GET /Inventory/Products responded 200 in 67.0031 ms
[18:15:54 INF] HTTP GET /css/site.css responded 304 in 0.5357 ms
[18:15:54 INF] HTTP GET /lib/bootstrap/dist/css/bootstrap.min.css responded 304 in 4.4198 ms
[18:15:54 INF] HTTP GET /Biktal.WebMVC.styles.css responded 304 in 0.8155 ms
[18:15:55 INF] HTTP GET /lib/jquery/dist/jquery.min.js responded 304 in 0.4596 ms
[18:15:55 INF] HTTP GET /lib/bootstrap/dist/js/bootstrap.bundle.min.js responded 304 in 0.5045 ms
[18:15:55 INF] HTTP GET /lib/jquery-validation/dist/jquery.validate.min.js responded 304 in 1.3021 ms
[18:15:55 INF] HTTP GET /lib/jquery-validation-unobtrusive/dist/jquery.validate.unobtrusive.min.js responded 304 in 0.5862 ms
[18:15:55 INF] HTTP GET /js/products-catalog-filter.js responded 304 in 0.5924 ms
[18:15:55 INF] HTTP GET /js/site.js responded 304 in 0.4808 ms
[18:16:10 INF] HTTP POST /Inventory/DeleteProduct responded 302 in 170.2984 ms
[18:16:10 INF] HTTP GET /Inventory/Products responded 200 in 61.9128 ms
[18:16:10 INF] HTTP GET /lib/bootstrap/dist/css/bootstrap.min.css responded 200 in 10.5209 ms
[18:16:10 INF] HTTP GET /css/site.css responded 304 in 0.6381 ms
[18:16:10 INF] HTTP GET /Biktal.WebMVC.styles.css responded 304 in 0.9026 ms
[18:16:10 INF] HTTP GET /lib/jquery/dist/jquery.min.js responded 304 in 0.2544 ms
[18:16:10 INF] HTTP GET /lib/bootstrap/dist/js/bootstrap.bundle.min.js responded 304 in 0.3694 ms
[18:16:10 INF] HTTP GET /js/site.js responded 304 in 0.4394 ms
[18:16:10 INF] HTTP GET /lib/jquery-validation/dist/jquery.validate.min.js responded 304 in 0.4786 ms
[18:16:10 INF] HTTP GET /js/products-catalog-filter.js responded 304 in 0.3105 ms
[18:16:10 INF] HTTP GET /lib/jquery-validation-unobtrusive/dist/jquery.validate.unobtrusive.min.js responded 304 in 0.1983 ms
[18:16:18 INF] HTTP GET /Inventory/Products responded 200 in 73.5446 ms
[18:16:18 INF] HTTP GET /lib/bootstrap/dist/css/bootstrap.min.css responded 304 in 0.6945 ms
[18:16:18 INF] HTTP GET /Biktal.WebMVC.styles.css responded 304 in 0.4730 ms
[18:16:18 INF] HTTP GET /css/site.css responded 304 in 3.9407 ms
[18:16:19 INF] HTTP GET /lib/jquery/dist/jquery.min.js responded 304 in 0.2910 ms
[18:16:19 INF] HTTP GET /lib/bootstrap/dist/js/bootstrap.bundle.min.js responded 304 in 0.3398 ms
[18:16:19 INF] HTTP GET /js/site.js responded 304 in 0.7063 ms
[18:16:19 INF] HTTP GET /lib/jquery-validation/dist/jquery.validate.min.js responded 304 in 0.5029 ms
[18:16:19 INF] HTTP GET /lib/jquery-validation-unobtrusive/dist/jquery.validate.unobtrusive.min.js responded 304 in 0.2547 ms
[18:16:19 INF] HTTP GET /js/products-catalog-filter.js responded 304 in 0.3726 ms
[18:16:28 INF] HTTP POST /Inventory/EditProduct responded 302 in 20.8296 ms
[18:16:28 INF] HTTP GET /Inventory/Products responded 200 in 49.1841 ms
[18:16:28 INF] HTTP GET /css/site.css responded 304 in 0.3962 ms
[18:16:28 INF] HTTP GET /lib/bootstrap/dist/css/bootstrap.min.css responded 200 in 1.4927 ms
[18:16:28 INF] HTTP GET /Biktal.WebMVC.styles.css responded 304 in 0.3840 ms
[18:16:29 INF] HTTP GET /lib/jquery/dist/jquery.min.js responded 304 in 0.2619 ms
[18:16:29 INF] HTTP GET /lib/bootstrap/dist/js/bootstrap.bundle.min.js responded 304 in 0.4420 ms
[18:16:29 INF] HTTP GET /js/site.js responded 304 in 0.5402 ms
[18:16:29 INF] HTTP GET /lib/jquery-validation/dist/jquery.validate.min.js responded 304 in 0.3169 ms
[18:16:29 INF] HTTP GET /lib/jquery-validation-unobtrusive/dist/jquery.validate.unobtrusive.min.js responded 304 in 0.2212 ms
[18:16:29 INF] HTTP GET /js/products-catalog-filter.js responded 304 in 0.3640 ms
[18:16:49 INF] HTTP GET /Inventory/Products responded 200 in 63.1267 ms
[18:16:49 INF] HTTP GET /lib/bootstrap/dist/css/bootstrap.min.css responded 200 in 6.7610 ms
[18:16:49 INF] HTTP GET /css/site.css responded 304 in 0.6015 ms
[18:16:49 INF] HTTP GET /Biktal.WebMVC.styles.css responded 304 in 0.3847 ms
[18:16:50 INF] HTTP GET /lib/jquery/dist/jquery.min.js responded 304 in 0.3552 ms
[18:16:50 INF] HTTP GET /lib/bootstrap/dist/js/bootstrap.bundle.min.js responded 304 in 0.8604 ms
[18:16:50 INF] HTTP GET /js/site.js responded 304 in 0.6811 ms
[18:16:50 INF] HTTP GET /lib/jquery-validation-unobtrusive/dist/jquery.validate.unobtrusive.min.js responded 304 in 0.4989 ms
[18:16:50 INF] HTTP GET /lib/jquery-validation/dist/jquery.validate.min.js responded 304 in 1.3832 ms
[18:16:50 INF] HTTP GET /js/products-catalog-filter.js responded 304 in 0.4797 ms
[18:17:57 INF] HTTP POST /Inventory/EditProduct responded 302 in 26.7436 ms
[18:17:57 INF] HTTP GET /Inventory/Products responded 200 in 149.5325 ms
[18:17:57 INF] HTTP GET /lib/bootstrap/dist/css/bootstrap.min.css responded 200 in 1.1271 ms
[18:17:57 INF] HTTP GET /css/site.css responded 200 in 0.9888 ms
[18:17:57 INF] HTTP GET /Biktal.WebMVC.styles.css responded 200 in 0.9937 ms
[18:17:59 INF] HTTP GET /lib/jquery/dist/jquery.min.js responded 200 in 0.8488 ms
[18:17:59 INF] HTTP GET /js/site.js responded 200 in 0.6034 ms
[18:17:59 INF] HTTP GET /lib/bootstrap/dist/js/bootstrap.bundle.min.js responded 200 in 0.8549 ms
[18:17:59 INF] HTTP GET /lib/jquery-validation/dist/jquery.validate.min.js responded 200 in 1.1431 ms
[18:17:59 INF] HTTP GET /js/products-catalog-filter.js responded 200 in 0.8685 ms
[18:17:59 INF] HTTP GET /lib/jquery-validation-unobtrusive/dist/jquery.validate.unobtrusive.min.js responded 200 in 1.2981 ms
[18:38:49 INF] Application is shutting down...
