[10:42:24 WRN] Using an in-memory repository. Keys will not be persisted to storage.
[10:42:24 WRN] Neither user profile nor HKLM registry available. Using an ephemeral key repository. Protected data will be unavailable when application exits.
[10:42:24 WRN] No XML encryptor configured. Key {e19f5806-6bc7-4dad-b948-950d01d7fded} may be persisted to storage in unencrypted form.
[10:42:24 INF] Application started. Press Ctrl+C to shut down.
[10:42:24 INF] Hosting environment: Production
[10:42:24 INF] Content root path: D:\Systems\BiktalSystems\publish
[10:42:24 WRN] The query uses the 'First'/'FirstOrDefault' operator without 'OrderBy' and filter operators. This may lead to unpredictable results.
[10:42:25 ERR] An exception was thrown while deserializing the token.
Microsoft.AspNetCore.Antiforgery.AntiforgeryValidationException: The antiforgery token could not be decrypted.
 ---> System.Security.Cryptography.CryptographicException: The key {4b350efc-9ec6-4ec5-a2dd-5f5b70e137a2} was not found in the key ring. For more information go to https://aka.ms/aspnet/dataprotectionwarning
   at Microsoft.AspNetCore.DataProtection.KeyManagement.KeyRingBasedDataProtector.UnprotectCore(Byte[] protectedData, Boolean allowOperationsOnRevokedKeys, UnprotectStatus& status)
   at Microsoft.AspNetCore.DataProtection.KeyManagement.KeyRingBasedDataProtector.Unprotect(Byte[] protectedData)
   at Microsoft.AspNetCore.Antiforgery.DefaultAntiforgeryTokenSerializer.Deserialize(String serializedToken)
   --- End of inner exception stack trace ---
   at Microsoft.AspNetCore.Antiforgery.DefaultAntiforgeryTokenSerializer.Deserialize(String serializedToken)
   at Microsoft.AspNetCore.Antiforgery.DefaultAntiforgery.GetCookieTokenDoesNotThrow(HttpContext httpContext)
[10:42:25 INF] HTTP GET / responded 200 in 847.0376 ms
[10:42:25 INF] HTTP GET /css/site.css responded 200 in 80.0864 ms
[10:42:25 INF] HTTP GET /Biktal.WebMVC.styles.css responded 200 in 63.0338 ms
[10:42:25 INF] HTTP GET /lib/bootstrap/dist/css/bootstrap.min.css responded 200 in 88.0557 ms
[10:42:26 INF] HTTP GET /js/site.js responded 200 in 28.3375 ms
[10:42:26 INF] HTTP GET /js/pos.js responded 200 in 28.9372 ms
[10:42:26 INF] HTTP GET /lib/jquery/dist/jquery.min.js responded 200 in 33.6622 ms
[10:42:26 INF] HTTP GET /lib/bootstrap/dist/js/bootstrap.bundle.min.js responded 200 in 30.4418 ms
[10:43:03 INF] HTTP POST /Pos/CompleteSale responded 400 in 727.2320 ms
[10:43:07 INF] HTTP GET /Inventory/Products responded 200 in 1054.4561 ms
[10:43:07 INF] HTTP GET /lib/bootstrap/dist/css/bootstrap.min.css responded 200 in 1.8138 ms
[10:43:07 INF] HTTP GET /css/site.css responded 200 in 6.5825 ms
[10:43:07 INF] HTTP GET /Biktal.WebMVC.styles.css responded 200 in 2.3170 ms
[10:43:08 INF] HTTP GET /lib/jquery/dist/jquery.min.js responded 200 in 18.9067 ms
[10:43:08 INF] HTTP GET /lib/jquery-validation/dist/jquery.validate.min.js responded 200 in 1.4630 ms
[10:43:08 INF] HTTP GET /lib/jquery-validation-unobtrusive/dist/jquery.validate.unobtrusive.min.js responded 200 in 1.3971 ms
[10:43:08 INF] HTTP GET /js/site.js responded 200 in 23.0206 ms
[10:43:08 INF] HTTP GET /js/products-catalog-filter.js responded 200 in 16.8353 ms
[10:43:08 INF] HTTP GET /lib/bootstrap/dist/js/bootstrap.bundle.min.js responded 200 in 117.6339 ms
[10:43:08 INF] HTTP GET / responded 200 in 33.2836 ms
[10:43:09 INF] HTTP GET /lib/bootstrap/dist/css/bootstrap.min.css responded 304 in 7.7813 ms
[10:43:09 INF] HTTP GET /css/site.css responded 304 in 0.4253 ms
[10:43:09 INF] HTTP GET /lib/bootstrap/dist/js/bootstrap.bundle.min.js responded 200 in 0.8553 ms
[10:43:09 INF] HTTP GET /lib/jquery/dist/jquery.min.js responded 200 in 1.0123 ms
[10:43:09 INF] HTTP GET /js/site.js responded 200 in 0.8504 ms
[10:43:09 INF] HTTP GET /js/pos.js responded 200 in 0.6271 ms
[10:43:09 INF] HTTP GET /Biktal.WebMVC.styles.css responded 304 in 4.1475 ms
[10:45:38 INF] HTTP GET /Insights responded 302 in 10.4151 ms
[10:45:38 INF] HTTP GET /Insights/Daily responded 200 in 335.6456 ms
[10:45:38 INF] HTTP GET /css/site.css responded 200 in 1.0891 ms
[10:45:38 INF] HTTP GET /Biktal.WebMVC.styles.css responded 200 in 0.7095 ms
[10:45:38 INF] HTTP GET /lib/bootstrap/dist/js/bootstrap.bundle.min.js responded 200 in 0.8735 ms
[10:45:38 INF] HTTP GET /lib/bootstrap/dist/css/bootstrap.min.css responded 200 in 0.9240 ms
[10:45:38 INF] HTTP GET /lib/jquery/dist/jquery.min.js responded 200 in 1.0143 ms
[10:45:38 INF] HTTP GET /js/site.js responded 200 in 1.2604 ms
[10:45:43 INF] HTTP GET /Finance responded 200 in 140.7342 ms
[10:45:43 INF] HTTP GET /lib/bootstrap/dist/css/bootstrap.min.css responded 304 in 0.2624 ms
[10:45:43 INF] HTTP GET /Biktal.WebMVC.styles.css responded 304 in 0.4537 ms
[10:45:43 INF] HTTP GET /css/site.css responded 304 in 0.2419 ms
[10:45:43 INF] HTTP GET /lib/jquery/dist/jquery.min.js responded 304 in 0.3706 ms
[10:45:43 INF] HTTP GET /lib/bootstrap/dist/js/bootstrap.bundle.min.js responded 304 in 0.2900 ms
[10:45:43 INF] HTTP GET /js/site.js responded 304 in 0.2773 ms
[10:45:46 INF] HTTP GET /Finance/Cashbox responded 200 in 331.1850 ms
[10:45:46 INF] HTTP GET /lib/bootstrap/dist/css/bootstrap.min.css responded 304 in 0.5557 ms
[10:45:46 INF] HTTP GET /Biktal.WebMVC.styles.css responded 304 in 0.1432 ms
[10:45:46 INF] HTTP GET /css/site.css responded 304 in 0.1733 ms
[10:45:46 INF] HTTP GET /lib/jquery/dist/jquery.min.js responded 304 in 0.2953 ms
[10:45:46 INF] HTTP GET /lib/bootstrap/dist/js/bootstrap.bundle.min.js responded 304 in 0.2265 ms
[10:45:46 INF] HTTP GET /js/site.js responded 304 in 0.1698 ms
[10:45:46 INF] HTTP GET /lib/jquery-validation-unobtrusive/dist/jquery.validate.unobtrusive.min.js responded 200 in 22.7385 ms
[10:45:46 INF] HTTP GET /lib/jquery-validation/dist/jquery.validate.min.js responded 200 in 30.1665 ms
[10:46:11 INF] HTTP POST /Finance/CloseCashboxSession responded 302 in 436.2714 ms
[10:46:11 INF] HTTP GET /Finance/Cashbox responded 200 in 38.8332 ms
[10:46:11 INF] HTTP GET /lib/bootstrap/dist/css/bootstrap.min.css responded 200 in 1.1017 ms
[10:46:12 INF] HTTP GET /css/site.css responded 304 in 0.2228 ms
[10:46:12 INF] HTTP GET /Biktal.WebMVC.styles.css responded 304 in 0.3120 ms
[10:46:12 INF] HTTP GET /lib/jquery/dist/jquery.min.js responded 304 in 0.1605 ms
[10:46:12 INF] HTTP GET /js/site.js responded 304 in 0.1828 ms
[10:46:12 INF] HTTP GET /lib/jquery-validation/dist/jquery.validate.min.js responded 304 in 0.1156 ms
[10:46:12 INF] HTTP GET /lib/bootstrap/dist/js/bootstrap.bundle.min.js responded 304 in 0.1909 ms
[10:46:12 INF] HTTP GET /lib/jquery-validation-unobtrusive/dist/jquery.validate.unobtrusive.min.js responded 304 in 0.2572 ms
[10:46:27 INF] HTTP POST /Finance/OpenCashboxSession responded 302 in 143.1279 ms
[10:46:27 INF] HTTP GET /Finance/Cashbox responded 200 in 25.8854 ms
[10:46:27 INF] HTTP GET /lib/bootstrap/dist/css/bootstrap.min.css responded 200 in 1.3127 ms
[10:46:27 INF] HTTP GET /Biktal.WebMVC.styles.css responded 304 in 0.2644 ms
[10:46:27 INF] HTTP GET /css/site.css responded 304 in 0.1947 ms
[10:46:27 INF] HTTP GET /lib/jquery/dist/jquery.min.js responded 304 in 0.9475 ms
[10:46:27 INF] HTTP GET /lib/bootstrap/dist/js/bootstrap.bundle.min.js responded 304 in 0.1279 ms
[10:46:27 INF] HTTP GET /lib/jquery-validation/dist/jquery.validate.min.js responded 304 in 0.2233 ms
[10:46:27 INF] HTTP GET /js/site.js responded 304 in 0.2382 ms
[10:46:27 INF] HTTP GET /lib/jquery-validation-unobtrusive/dist/jquery.validate.unobtrusive.min.js responded 304 in 0.2056 ms
[10:46:32 INF] HTTP GET / responded 200 in 30.6557 ms
[10:46:32 INF] HTTP GET /lib/bootstrap/dist/css/bootstrap.min.css responded 200 in 8.8409 ms
[10:46:32 INF] HTTP GET /css/site.css responded 304 in 0.1429 ms
[10:46:32 INF] HTTP GET /Biktal.WebMVC.styles.css responded 304 in 0.1040 ms
[10:46:32 INF] HTTP GET /lib/jquery/dist/jquery.min.js responded 304 in 0.2223 ms
[10:46:32 INF] HTTP GET /lib/bootstrap/dist/js/bootstrap.bundle.min.js responded 304 in 1.1638 ms
[10:46:32 INF] HTTP GET /js/site.js responded 304 in 0.2300 ms
[10:46:32 INF] HTTP GET /js/pos.js responded 200 in 0.7763 ms
[10:47:19 INF] HTTP GET /Inventory/Products responded 200 in 227.3593 ms
[10:47:19 INF] HTTP GET /lib/bootstrap/dist/css/bootstrap.min.css responded 200 in 2.2448 ms
[10:47:19 INF] HTTP GET /css/site.css responded 200 in 1.4316 ms
[10:47:19 INF] HTTP GET /Biktal.WebMVC.styles.css responded 200 in 0.9408 ms
[10:47:20 INF] HTTP GET /lib/jquery/dist/jquery.min.js responded 200 in 0.7644 ms
[10:47:20 INF] HTTP GET /js/site.js responded 200 in 0.6263 ms
[10:47:20 INF] HTTP GET /lib/jquery-validation/dist/jquery.validate.min.js responded 200 in 0.7251 ms
[10:47:20 INF] HTTP GET /lib/jquery-validation-unobtrusive/dist/jquery.validate.unobtrusive.min.js responded 200 in 0.5426 ms
[10:47:20 INF] HTTP GET /lib/bootstrap/dist/js/bootstrap.bundle.min.js responded 200 in 1.0411 ms
[10:47:20 INF] HTTP GET /js/products-catalog-filter.js responded 200 in 0.7003 ms
[10:47:26 INF] HTTP GET /Inventory/Products responded 200 in 455.3600 ms
[10:47:26 INF] HTTP GET /lib/bootstrap/dist/css/bootstrap.min.css responded 200 in 0.5630 ms
[10:47:26 INF] HTTP GET /css/site.css responded 200 in 0.8438 ms
[10:47:26 INF] HTTP GET /Biktal.WebMVC.styles.css responded 200 in 1.0368 ms
[10:47:27 INF] HTTP GET /lib/jquery/dist/jquery.min.js responded 200 in 0.4864 ms
[10:47:27 INF] HTTP GET /js/site.js responded 200 in 0.5718 ms
[10:47:27 INF] HTTP GET /lib/jquery-validation/dist/jquery.validate.min.js responded 200 in 0.7243 ms
[10:47:27 INF] HTTP GET /lib/bootstrap/dist/js/bootstrap.bundle.min.js responded 200 in 1.4753 ms
[10:47:27 INF] HTTP GET /lib/jquery-validation-unobtrusive/dist/jquery.validate.unobtrusive.min.js responded 200 in 0.8979 ms
[10:47:27 INF] HTTP GET /js/products-catalog-filter.js responded 200 in 5.8560 ms
[10:48:41 INF] HTTP POST /Inventory/EditProduct responded 302 in 92.2261 ms
[10:48:41 INF] HTTP GET /Inventory/Products responded 200 in 80.3498 ms
[10:48:41 INF] HTTP GET /css/site.css responded 200 in 0.5352 ms
[10:48:41 INF] HTTP GET /lib/bootstrap/dist/css/bootstrap.min.css responded 200 in 0.5535 ms
[10:48:41 INF] HTTP GET /Biktal.WebMVC.styles.css responded 200 in 2.9129 ms
[10:48:42 INF] HTTP GET /lib/jquery/dist/jquery.min.js responded 200 in 0.5066 ms
[10:48:42 INF] HTTP GET /js/site.js responded 200 in 0.5463 ms
[10:48:42 INF] HTTP GET /lib/bootstrap/dist/js/bootstrap.bundle.min.js responded 200 in 0.5882 ms
[10:48:42 INF] HTTP GET /lib/jquery-validation/dist/jquery.validate.min.js responded 200 in 1.1563 ms
[10:48:42 INF] HTTP GET /lib/jquery-validation-unobtrusive/dist/jquery.validate.unobtrusive.min.js responded 200 in 0.6827 ms
[10:48:42 INF] HTTP GET /js/products-catalog-filter.js responded 200 in 1.1404 ms
[10:48:43 INF] HTTP GET / responded 200 in 33.3537 ms
[10:48:43 INF] HTTP GET /lib/bootstrap/dist/css/bootstrap.min.css responded 304 in 0.1442 ms
[10:48:43 INF] HTTP GET /Biktal.WebMVC.styles.css responded 304 in 0.1175 ms
[10:48:43 INF] HTTP GET /css/site.css responded 304 in 0.2080 ms
[10:48:43 INF] HTTP GET /lib/jquery/dist/jquery.min.js responded 304 in 0.1549 ms
[10:48:43 INF] HTTP GET /lib/bootstrap/dist/js/bootstrap.bundle.min.js responded 200 in 0.9425 ms
[10:48:43 INF] HTTP GET /js/pos.js responded 200 in 1.2126 ms
[10:48:43 INF] HTTP GET /js/site.js responded 200 in 0.4876 ms
[10:48:51 INF] HTTP POST /Pos/CompleteSale responded 200 in 802.9965 ms
[11:04:16 INF] HTTP GET /Inventory/Products responded 200 in 327.4943 ms
[11:04:16 INF] HTTP GET /Biktal.WebMVC.styles.css responded 200 in 0.5812 ms
[11:04:16 INF] HTTP GET /lib/bootstrap/dist/css/bootstrap.min.css responded 200 in 0.6918 ms
[11:04:16 INF] HTTP GET /css/site.css responded 200 in 0.6555 ms
[11:04:17 INF] HTTP GET /lib/jquery/dist/jquery.min.js responded 200 in 0.4292 ms
[11:04:17 INF] HTTP GET /js/site.js responded 200 in 0.5734 ms
[11:04:17 INF] HTTP GET /lib/bootstrap/dist/js/bootstrap.bundle.min.js responded 200 in 0.4923 ms
[11:04:17 INF] HTTP GET /lib/jquery-validation/dist/jquery.validate.min.js responded 200 in 0.4875 ms
[11:04:17 INF] HTTP GET /js/products-catalog-filter.js responded 200 in 0.3726 ms
[11:04:17 INF] HTTP GET /lib/jquery-validation-unobtrusive/dist/jquery.validate.unobtrusive.min.js responded 200 in 0.4500 ms
[11:10:22 INF] HTTP GET / responded 200 in 141.8275 ms
[11:10:22 INF] HTTP GET /css/site.css responded 200 in 0.4794 ms
[11:10:22 INF] HTTP GET /Biktal.WebMVC.styles.css responded 200 in 0.4263 ms
[11:10:22 INF] HTTP GET /lib/jquery/dist/jquery.min.js responded 200 in 0.5248 ms
[11:10:22 INF] HTTP GET /lib/bootstrap/dist/js/bootstrap.bundle.min.js responded 200 in 0.5103 ms
[11:10:22 INF] HTTP GET /lib/bootstrap/dist/css/bootstrap.min.css responded 200 in 0.7992 ms
[11:10:22 INF] HTTP GET /js/site.js responded 200 in 6.7419 ms
[11:10:22 INF] HTTP GET /js/pos.js responded 200 in 0.5894 ms
[11:11:21 INF] HTTP POST /Pos/CompleteSale responded 200 in 148.5134 ms
[11:11:25 INF] HTTP GET /Inventory/Products responded 200 in 120.1049 ms
[11:11:25 INF] HTTP GET /lib/bootstrap/dist/css/bootstrap.min.css responded 200 in 0.8199 ms
[11:11:25 INF] HTTP GET /css/site.css responded 200 in 26.1204 ms
[11:11:25 INF] HTTP GET /Biktal.WebMVC.styles.css responded 200 in 0.7764 ms
[11:11:26 INF] HTTP GET /lib/jquery/dist/jquery.min.js responded 200 in 0.4810 ms
[11:11:26 INF] HTTP GET /lib/bootstrap/dist/js/bootstrap.bundle.min.js responded 200 in 1.3829 ms
[11:11:26 INF] HTTP GET /js/site.js responded 200 in 1.0198 ms
[11:11:26 INF] HTTP GET /lib/jquery-validation/dist/jquery.validate.min.js responded 200 in 1.9354 ms
[11:11:26 INF] HTTP GET /lib/jquery-validation-unobtrusive/dist/jquery.validate.unobtrusive.min.js responded 200 in 0.4864 ms
[11:11:26 INF] HTTP GET /js/products-catalog-filter.js responded 200 in 0.6040 ms
[11:13:12 INF] HTTP GET /Inventory/Products responded 200 in 132.8699 ms
[11:13:13 INF] HTTP GET /Biktal.WebMVC.styles.css responded 200 in 0.5266 ms
[11:13:13 INF] HTTP GET /css/site.css responded 200 in 0.6857 ms
[11:13:13 INF] HTTP GET /lib/bootstrap/dist/css/bootstrap.min.css responded 200 in 19.9239 ms
[11:13:13 INF] HTTP GET /lib/jquery/dist/jquery.min.js responded 200 in 0.4615 ms
[11:13:13 INF] HTTP GET /lib/bootstrap/dist/js/bootstrap.bundle.min.js responded 200 in 1.5358 ms
[11:13:13 INF] HTTP GET /js/products-catalog-filter.js responded 200 in 0.4214 ms
[11:13:13 INF] HTTP GET /js/site.js responded 200 in 1.9908 ms
[11:13:13 INF] HTTP GET /lib/jquery-validation/dist/jquery.validate.min.js responded 200 in 4.1079 ms
[11:13:13 INF] HTTP GET /lib/jquery-validation-unobtrusive/dist/jquery.validate.unobtrusive.min.js responded 200 in 0.6148 ms
[11:33:35 INF] Application is shutting down...
