[13:00:30 WRN] Using an in-memory repository. Keys will not be persisted to storage.
[13:00:30 WRN] Neither user profile nor HKLM registry available. Using an ephemeral key repository. Protected data will be unavailable when application exits.
[13:00:30 WRN] No XML encryptor configured. Key {604daaa5-597b-4d62-b8b7-ba0b0ef88d04} may be persisted to storage in unencrypted form.
[13:00:30 INF] Application started. Press Ctrl+C to shut down.
[13:00:30 INF] Hosting environment: Production
[13:00:30 INF] Content root path: D:\Systems\BiktalSystems\publish
[13:00:31 INF] HTTP POST /Pos/CompleteSale responded 400 in 96.8337 ms
[13:01:04 INF] HTTP POST /Pos/CompleteSale responded 400 in 19.0228 ms
[13:01:07 ERR] An exception was thrown while deserializing the token.
Microsoft.AspNetCore.Antiforgery.AntiforgeryValidationException: The antiforgery token could not be decrypted.
 ---> System.Security.Cryptography.CryptographicException: The key {4d75f0c2-9c7f-4bf3-bba9-ff9a683b5e50} was not found in the key ring. For more information go to https://aka.ms/aspnet/dataprotectionwarning
   at Microsoft.AspNetCore.DataProtection.KeyManagement.KeyRingBasedDataProtector.UnprotectCore(Byte[] protectedData, Boolean allowOperationsOnRevokedKeys, UnprotectStatus& status)
   at Microsoft.AspNetCore.DataProtection.KeyManagement.KeyRingBasedDataProtector.Unprotect(Byte[] protectedData)
   at Microsoft.AspNetCore.Antiforgery.DefaultAntiforgeryTokenSerializer.Deserialize(String serializedToken)
   --- End of inner exception stack trace ---
   at Microsoft.AspNetCore.Antiforgery.DefaultAntiforgeryTokenSerializer.Deserialize(String serializedToken)
   at Microsoft.AspNetCore.Antiforgery.DefaultAntiforgery.GetCookieTokenDoesNotThrow(HttpContext httpContext)
[13:01:07 INF] HTTP GET /Inventory/Products responded 200 in 934.7987 ms
[13:01:07 INF] HTTP GET /css/site.css responded 200 in 35.1792 ms
[13:01:07 INF] HTTP GET /Biktal.WebMVC.styles.css responded 200 in 5.1458 ms
[13:01:07 INF] HTTP GET /lib/bootstrap/dist/css/bootstrap.min.css responded 200 in 24.4036 ms
[13:01:09 INF] HTTP GET /lib/jquery/dist/jquery.min.js responded 200 in 2.4158 ms
[13:01:09 INF] HTTP GET /js/site.js responded 200 in 0.9598 ms
[13:01:09 INF] HTTP GET /lib/jquery-validation-unobtrusive/dist/jquery.validate.unobtrusive.min.js responded 200 in 1.6754 ms
[13:01:09 INF] HTTP GET /lib/jquery-validation/dist/jquery.validate.min.js responded 200 in 2.0090 ms
[13:01:09 INF] HTTP GET /lib/bootstrap/dist/js/bootstrap.bundle.min.js responded 200 in 3.8144 ms
[13:01:09 INF] HTTP GET /js/products-catalog-filter.js responded 200 in 17.2075 ms
[13:01:10 WRN] The query uses the 'First'/'FirstOrDefault' operator without 'OrderBy' and filter operators. This may lead to unpredictable results.
[13:01:10 INF] HTTP GET / responded 200 in 172.5197 ms
[13:01:10 INF] HTTP GET /lib/bootstrap/dist/css/bootstrap.min.css responded 304 in 10.0995 ms
[13:01:10 INF] HTTP GET /Biktal.WebMVC.styles.css responded 304 in 0.4587 ms
[13:01:10 INF] HTTP GET /css/site.css responded 304 in 5.3701 ms
[13:01:10 INF] HTTP GET /js/site.js responded 304 in 0.6640 ms
[13:01:10 INF] HTTP GET /js/pos.js responded 200 in 1.1717 ms
[13:01:10 INF] HTTP GET /lib/jquery/dist/jquery.min.js responded 304 in 29.0993 ms
[13:01:10 INF] HTTP GET /lib/bootstrap/dist/js/bootstrap.bundle.min.js responded 304 in 136.3027 ms
[13:01:21 INF] HTTP GET /Inventory/Products responded 200 in 199.0390 ms
[13:01:21 INF] HTTP GET /css/site.css responded 304 in 1.6900 ms
[13:01:21 INF] HTTP GET /Biktal.WebMVC.styles.css responded 304 in 0.3203 ms
[13:01:21 INF] HTTP GET /lib/bootstrap/dist/css/bootstrap.min.css responded 200 in 2.7569 ms
[13:01:22 INF] HTTP GET /lib/jquery/dist/jquery.min.js responded 304 in 0.2865 ms
[13:01:22 INF] HTTP GET /js/site.js responded 304 in 0.3655 ms
[13:01:22 INF] HTTP GET /lib/bootstrap/dist/js/bootstrap.bundle.min.js responded 304 in 0.2553 ms
[13:01:22 INF] HTTP GET /lib/jquery-validation-unobtrusive/dist/jquery.validate.unobtrusive.min.js responded 304 in 13.9899 ms
[13:01:22 INF] HTTP GET /js/products-catalog-filter.js responded 304 in 0.2894 ms
[13:01:22 INF] HTTP GET /lib/jquery-validation/dist/jquery.validate.min.js responded 304 in 27.0895 ms
[13:01:31 INF] HTTP GET /Inventory/Products responded 200 in 199.3352 ms
[13:01:31 INF] HTTP GET /lib/bootstrap/dist/css/bootstrap.min.css responded 200 in 10.2477 ms
[13:01:31 INF] HTTP GET /css/site.css responded 304 in 0.2870 ms
[13:01:31 INF] HTTP GET /Biktal.WebMVC.styles.css responded 304 in 0.1721 ms
[13:01:32 INF] HTTP GET /lib/jquery/dist/jquery.min.js responded 304 in 0.3847 ms
[13:01:32 INF] HTTP GET /lib/bootstrap/dist/js/bootstrap.bundle.min.js responded 304 in 0.2836 ms
[13:01:32 INF] HTTP GET /js/site.js responded 304 in 0.2374 ms
[13:01:32 INF] HTTP GET /lib/jquery-validation/dist/jquery.validate.min.js responded 304 in 0.2393 ms
[13:01:32 INF] HTTP GET /lib/jquery-validation-unobtrusive/dist/jquery.validate.unobtrusive.min.js responded 304 in 0.3195 ms
[13:01:32 INF] HTTP GET /js/products-catalog-filter.js responded 304 in 0.4898 ms
[13:03:28 INF] HTTP POST /Inventory/AddProduct responded 302 in 262.2251 ms
[13:03:28 INF] HTTP GET /Inventory/Products responded 200 in 121.9925 ms
[13:03:28 INF] HTTP GET /lib/bootstrap/dist/css/bootstrap.min.css responded 200 in 1.6713 ms
[13:03:28 INF] HTTP GET /css/site.css responded 200 in 1.0589 ms
[13:03:28 INF] HTTP GET /Biktal.WebMVC.styles.css responded 200 in 0.6958 ms
[13:03:29 INF] HTTP GET /lib/jquery/dist/jquery.min.js responded 200 in 1.0846 ms
[13:03:29 INF] HTTP GET /js/products-catalog-filter.js responded 200 in 0.5366 ms
[13:03:29 INF] HTTP GET /lib/jquery-validation-unobtrusive/dist/jquery.validate.unobtrusive.min.js responded 200 in 0.8968 ms
[13:03:29 INF] HTTP GET /js/site.js responded 200 in 1.9766 ms
[13:03:29 INF] HTTP GET /lib/bootstrap/dist/js/bootstrap.bundle.min.js responded 200 in 2.7825 ms
[13:03:29 INF] HTTP GET /lib/jquery-validation/dist/jquery.validate.min.js responded 200 in 3.2431 ms
[13:03:30 INF] HTTP GET / responded 200 in 26.0150 ms
[13:03:31 INF] HTTP GET /lib/bootstrap/dist/css/bootstrap.min.css responded 304 in 0.7237 ms
[13:03:31 INF] HTTP GET /Biktal.WebMVC.styles.css responded 304 in 0.1959 ms
[13:03:31 INF] HTTP GET /js/site.js responded 304 in 0.1005 ms
[13:03:31 INF] HTTP GET /css/site.css responded 304 in 0.1254 ms
[13:03:31 INF] HTTP GET /js/pos.js responded 200 in 0.8451 ms
[13:03:31 INF] HTTP GET /lib/jquery/dist/jquery.min.js responded 304 in 0.1805 ms
[13:03:31 INF] HTTP GET /lib/bootstrap/dist/js/bootstrap.bundle.min.js responded 304 in 0.5043 ms
[13:04:35 INF] HTTP POST /Pos/CompleteSale responded 200 in 669.6896 ms
[13:25:18 INF] Application is shutting down...
