[11:33:16 ERR] Failed executing DbCommand (21ms) [Parameters=[@p0='?' (DbType = Guid), @p1='?' (DbType = DateTime), @p2='?' (DbType = Guid), @p3='?', @p4='?' (DbType = DateTime), @p5='?' (DbType = Int32), @p6='?' (DbType = Int32), @p7='?', @p8='?', @p9='?' (DbType = Guid), @p10='?' (DbType = DateTime), @p11='?' (DbType = Guid), @p12='?', @p13='?' (DbType = DateTime), @p14='?' (DbType = Int32), @p15='?' (DbType = Int32), @p16='?', @p17='?'], CommandType='Text', CommandTimeout='30']
INSERT INTO "CrmSupportTickets" ("Id", "CreatedAtUtc", "CustomerId", "Description", "ModifiedAtUtc", "Priority", "Status", "Subject", "TicketNumber")
VALUES (@p0, @p1, @p2, @p3, @p4, @p5, @p6, @p7, @p8);
INSERT INTO "CrmSupportTickets" ("Id", "CreatedAtUtc", "CustomerId", "Description", "ModifiedAtUtc", "Priority", "Status", "Subject", "TicketNumber")
VALUES (@p9, @p10, @p11, @p12, @p13, @p14, @p15, @p16, @p17);
[11:33:16 ERR] An exception occurred in the database while saving changes for context type 'Biktal.Infrastructure.Persistence.ApplicationDbContext'.
Microsoft.EntityFrameworkCore.DbUpdateException: An error occurred while saving the entity changes. See the inner exception for details.
 ---> Npgsql.PostgresException (0x80004005): 23503: insert or update on table "CrmSupportTickets" violates foreign key constraint "FK_CrmSupportTickets_CrmCustomers_CustomerId"

DETAIL: Detail redacted as it may contain sensitive data. Specify 'Include Error Detail' in the connection string to include this information.
   at Npgsql.Internal.NpgsqlConnector.ReadMessageLong(Boolean async, DataRowLoadingMode dataRowLoadingMode, Boolean readingNotifications, Boolean isReadingPrependedMessage)
   at System.Runtime.CompilerServices.PoolingAsyncValueTaskMethodBuilder`1.StateMachineBox`1.System.Threading.Tasks.Sources.IValueTaskSource<TResult>.GetResult(Int16 token)
   at Npgsql.NpgsqlDataReader.NextResult(Boolean async, Boolean isConsuming, CancellationToken cancellationToken)
   at Npgsql.NpgsqlDataReader.NextResult(Boolean async, Boolean isConsuming, CancellationToken cancellationToken)
   at Npgsql.NpgsqlCommand.ExecuteReader(Boolean async, CommandBehavior behavior, CancellationToken cancellationToken)
   at Npgsql.NpgsqlCommand.ExecuteReader(Boolean async, CommandBehavior behavior, CancellationToken cancellationToken)
   at Npgsql.NpgsqlCommand.ExecuteDbDataReaderAsync(CommandBehavior behavior, CancellationToken cancellationToken)
   at Microsoft.EntityFrameworkCore.Storage.RelationalCommand.ExecuteReaderAsync(RelationalCommandParameterObject parameterObject, CancellationToken cancellationToken)
   at Microsoft.EntityFrameworkCore.Storage.RelationalCommand.ExecuteReaderAsync(RelationalCommandParameterObject parameterObject, CancellationToken cancellationToken)
   at Microsoft.EntityFrameworkCore.Update.ReaderModificationCommandBatch.ExecuteAsync(IRelationalConnection connection, CancellationToken cancellationToken)
  Exception data:
    Severity: ERROR
    SqlState: 23503
    MessageText: insert or update on table "CrmSupportTickets" violates foreign key constraint "FK_CrmSupportTickets_CrmCustomers_CustomerId"
    Detail: Detail redacted as it may contain sensitive data. Specify 'Include Error Detail' in the connection string to include this information.
    SchemaName: public
    TableName: CrmSupportTickets
    ConstraintName: FK_CrmSupportTickets_CrmCustomers_CustomerId
    File: ri_triggers.c
    Line: 2783
    Routine: ri_ReportViolation
   --- End of inner exception stack trace ---
   at Microsoft.EntityFrameworkCore.Update.ReaderModificationCommandBatch.ExecuteAsync(IRelationalConnection connection, CancellationToken cancellationToken)
   at Microsoft.EntityFrameworkCore.Update.Internal.BatchExecutor.ExecuteAsync(IEnumerable`1 commandBatches, IRelationalConnection connection, CancellationToken cancellationToken)
   at Microsoft.EntityFrameworkCore.Update.Internal.BatchExecutor.ExecuteAsync(IEnumerable`1 commandBatches, IRelationalConnection connection, CancellationToken cancellationToken)
   at Microsoft.EntityFrameworkCore.Update.Internal.BatchExecutor.ExecuteAsync(IEnumerable`1 commandBatches, IRelationalConnection connection, CancellationToken cancellationToken)
   at Microsoft.EntityFrameworkCore.Storage.RelationalDatabase.SaveChangesAsync(IList`1 entries, CancellationToken cancellationToken)
   at Microsoft.EntityFrameworkCore.ChangeTracking.Internal.StateManager.SaveChangesAsync(IList`1 entriesToSave, CancellationToken cancellationToken)
   at Microsoft.EntityFrameworkCore.ChangeTracking.Internal.StateManager.SaveChangesAsync(StateManager stateManager, Boolean acceptAllChangesOnSuccess, CancellationToken cancellationToken)
   at Npgsql.EntityFrameworkCore.PostgreSQL.Storage.Internal.NpgsqlExecutionStrategy.ExecuteAsync[TState,TResult](TState state, Func`4 operation, Func`4 verifySucceeded, CancellationToken cancellationToken)
   at Microsoft.EntityFrameworkCore.DbContext.SaveChangesAsync(Boolean acceptAllChangesOnSuccess, CancellationToken cancellationToken)
Microsoft.EntityFrameworkCore.DbUpdateException: An error occurred while saving the entity changes. See the inner exception for details.
 ---> Npgsql.PostgresException (0x80004005): 23503: insert or update on table "CrmSupportTickets" violates foreign key constraint "FK_CrmSupportTickets_CrmCustomers_CustomerId"

DETAIL: Detail redacted as it may contain sensitive data. Specify 'Include Error Detail' in the connection string to include this information.
   at Npgsql.Internal.NpgsqlConnector.ReadMessageLong(Boolean async, DataRowLoadingMode dataRowLoadingMode, Boolean readingNotifications, Boolean isReadingPrependedMessage)
   at System.Runtime.CompilerServices.PoolingAsyncValueTaskMethodBuilder`1.StateMachineBox`1.System.Threading.Tasks.Sources.IValueTaskSource<TResult>.GetResult(Int16 token)
   at Npgsql.NpgsqlDataReader.NextResult(Boolean async, Boolean isConsuming, CancellationToken cancellationToken)
   at Npgsql.NpgsqlDataReader.NextResult(Boolean async, Boolean isConsuming, CancellationToken cancellationToken)
   at Npgsql.NpgsqlCommand.ExecuteReader(Boolean async, CommandBehavior behavior, CancellationToken cancellationToken)
   at Npgsql.NpgsqlCommand.ExecuteReader(Boolean async, CommandBehavior behavior, CancellationToken cancellationToken)
   at Npgsql.NpgsqlCommand.ExecuteDbDataReaderAsync(CommandBehavior behavior, CancellationToken cancellationToken)
   at Microsoft.EntityFrameworkCore.Storage.RelationalCommand.ExecuteReaderAsync(RelationalCommandParameterObject parameterObject, CancellationToken cancellationToken)
   at Microsoft.EntityFrameworkCore.Storage.RelationalCommand.ExecuteReaderAsync(RelationalCommandParameterObject parameterObject, CancellationToken cancellationToken)
   at Microsoft.EntityFrameworkCore.Update.ReaderModificationCommandBatch.ExecuteAsync(IRelationalConnection connection, CancellationToken cancellationToken)
  Exception data:
    Severity: ERROR
    SqlState: 23503
    MessageText: insert or update on table "CrmSupportTickets" violates foreign key constraint "FK_CrmSupportTickets_CrmCustomers_CustomerId"
    Detail: Detail redacted as it may contain sensitive data. Specify 'Include Error Detail' in the connection string to include this information.
    SchemaName: public
    TableName: CrmSupportTickets
    ConstraintName: FK_CrmSupportTickets_CrmCustomers_CustomerId
    File: ri_triggers.c
    Line: 2783
    Routine: ri_ReportViolation
   --- End of inner exception stack trace ---
   at Microsoft.EntityFrameworkCore.Update.ReaderModificationCommandBatch.ExecuteAsync(IRelationalConnection connection, CancellationToken cancellationToken)
   at Microsoft.EntityFrameworkCore.Update.Internal.BatchExecutor.ExecuteAsync(IEnumerable`1 commandBatches, IRelationalConnection connection, CancellationToken cancellationToken)
   at Microsoft.EntityFrameworkCore.Update.Internal.BatchExecutor.ExecuteAsync(IEnumerable`1 commandBatches, IRelationalConnection connection, CancellationToken cancellationToken)
   at Microsoft.EntityFrameworkCore.Update.Internal.BatchExecutor.ExecuteAsync(IEnumerable`1 commandBatches, IRelationalConnection connection, CancellationToken cancellationToken)
   at Microsoft.EntityFrameworkCore.Storage.RelationalDatabase.SaveChangesAsync(IList`1 entries, CancellationToken cancellationToken)
   at Microsoft.EntityFrameworkCore.ChangeTracking.Internal.StateManager.SaveChangesAsync(IList`1 entriesToSave, CancellationToken cancellationToken)
   at Microsoft.EntityFrameworkCore.ChangeTracking.Internal.StateManager.SaveChangesAsync(StateManager stateManager, Boolean acceptAllChangesOnSuccess, CancellationToken cancellationToken)
   at Npgsql.EntityFrameworkCore.PostgreSQL.Storage.Internal.NpgsqlExecutionStrategy.ExecuteAsync[TState,TResult](TState state, Func`4 operation, Func`4 verifySucceeded, CancellationToken cancellationToken)
   at Microsoft.EntityFrameworkCore.DbContext.SaveChangesAsync(Boolean acceptAllChangesOnSuccess, CancellationToken cancellationToken)
[11:33:16 ERR] Database migration or seed failed. Check PostgreSQL is running and ConnectionStrings:DefaultConnection is correct.
Microsoft.EntityFrameworkCore.DbUpdateException: An error occurred while saving the entity changes. See the inner exception for details.
 ---> Npgsql.PostgresException (0x80004005): 23503: insert or update on table "CrmSupportTickets" violates foreign key constraint "FK_CrmSupportTickets_CrmCustomers_CustomerId"

DETAIL: Detail redacted as it may contain sensitive data. Specify 'Include Error Detail' in the connection string to include this information.
   at Npgsql.Internal.NpgsqlConnector.ReadMessageLong(Boolean async, DataRowLoadingMode dataRowLoadingMode, Boolean readingNotifications, Boolean isReadingPrependedMessage)
   at System.Runtime.CompilerServices.PoolingAsyncValueTaskMethodBuilder`1.StateMachineBox`1.System.Threading.Tasks.Sources.IValueTaskSource<TResult>.GetResult(Int16 token)
   at Npgsql.NpgsqlDataReader.NextResult(Boolean async, Boolean isConsuming, CancellationToken cancellationToken)
   at Npgsql.NpgsqlDataReader.NextResult(Boolean async, Boolean isConsuming, CancellationToken cancellationToken)
   at Npgsql.NpgsqlCommand.ExecuteReader(Boolean async, CommandBehavior behavior, CancellationToken cancellationToken)
   at Npgsql.NpgsqlCommand.ExecuteReader(Boolean async, CommandBehavior behavior, CancellationToken cancellationToken)
   at Npgsql.NpgsqlCommand.ExecuteDbDataReaderAsync(CommandBehavior behavior, CancellationToken cancellationToken)
   at Microsoft.EntityFrameworkCore.Storage.RelationalCommand.ExecuteReaderAsync(RelationalCommandParameterObject parameterObject, CancellationToken cancellationToken)
   at Microsoft.EntityFrameworkCore.Storage.RelationalCommand.ExecuteReaderAsync(RelationalCommandParameterObject parameterObject, CancellationToken cancellationToken)
   at Microsoft.EntityFrameworkCore.Update.ReaderModificationCommandBatch.ExecuteAsync(IRelationalConnection connection, CancellationToken cancellationToken)
  Exception data:
    Severity: ERROR
    SqlState: 23503
    MessageText: insert or update on table "CrmSupportTickets" violates foreign key constraint "FK_CrmSupportTickets_CrmCustomers_CustomerId"
    Detail: Detail redacted as it may contain sensitive data. Specify 'Include Error Detail' in the connection string to include this information.
    SchemaName: public
    TableName: CrmSupportTickets
    ConstraintName: FK_CrmSupportTickets_CrmCustomers_CustomerId
    File: ri_triggers.c
    Line: 2783
    Routine: ri_ReportViolation
   --- End of inner exception stack trace ---
   at Microsoft.EntityFrameworkCore.Update.ReaderModificationCommandBatch.ExecuteAsync(IRelationalConnection connection, CancellationToken cancellationToken)
   at Microsoft.EntityFrameworkCore.Update.Internal.BatchExecutor.ExecuteAsync(IEnumerable`1 commandBatches, IRelationalConnection connection, CancellationToken cancellationToken)
   at Microsoft.EntityFrameworkCore.Update.Internal.BatchExecutor.ExecuteAsync(IEnumerable`1 commandBatches, IRelationalConnection connection, CancellationToken cancellationToken)
   at Microsoft.EntityFrameworkCore.Update.Internal.BatchExecutor.ExecuteAsync(IEnumerable`1 commandBatches, IRelationalConnection connection, CancellationToken cancellationToken)
   at Microsoft.EntityFrameworkCore.Storage.RelationalDatabase.SaveChangesAsync(IList`1 entries, CancellationToken cancellationToken)
   at Microsoft.EntityFrameworkCore.ChangeTracking.Internal.StateManager.SaveChangesAsync(IList`1 entriesToSave, CancellationToken cancellationToken)
   at Microsoft.EntityFrameworkCore.ChangeTracking.Internal.StateManager.SaveChangesAsync(StateManager stateManager, Boolean acceptAllChangesOnSuccess, CancellationToken cancellationToken)
   at Npgsql.EntityFrameworkCore.PostgreSQL.Storage.Internal.NpgsqlExecutionStrategy.ExecuteAsync[TState,TResult](TState state, Func`4 operation, Func`4 verifySucceeded, CancellationToken cancellationToken)
   at Microsoft.EntityFrameworkCore.DbContext.SaveChangesAsync(Boolean acceptAllChangesOnSuccess, CancellationToken cancellationToken)
   at Microsoft.EntityFrameworkCore.DbContext.SaveChangesAsync(Boolean acceptAllChangesOnSuccess, CancellationToken cancellationToken)
   at Biktal.Infrastructure.Persistence.CrmDataSeeder.SeedIfEmptyAsync(ApplicationDbContext db, CancellationToken cancellationToken)
   at Program.<Main>$(String[] args) in d:\Systems\BiktalSystems\Program.cs:line 71
[11:33:16 WRN] Continuing without a successful migration/seed. Auth and data pages may fail until the database is available.
[11:33:16 WRN] Using an in-memory repository. Keys will not be persisted to storage.
[11:33:16 WRN] Neither user profile nor HKLM registry available. Using an ephemeral key repository. Protected data will be unavailable when application exits.
[11:33:16 WRN] No XML encryptor configured. Key {f3900501-251a-4d9a-bd1a-a8b8a25612f0} may be persisted to storage in unencrypted form.
[11:33:16 INF] Application started. Press Ctrl+C to shut down.
[11:33:16 INF] Hosting environment: Production
[11:33:16 INF] Content root path: D:\Systems\BiktalSystems\publish
[11:33:17 INF] HTTP GET /Inventory/Products responded 302 in 98.7026 ms
[11:33:17 ERR] An exception was thrown while deserializing the token.
Microsoft.AspNetCore.Antiforgery.AntiforgeryValidationException: The antiforgery token could not be decrypted.
 ---> System.Security.Cryptography.CryptographicException: The key {24b26f46-b42a-4e86-b834-3ded90d61235} was not found in the key ring. For more information go to https://aka.ms/aspnet/dataprotectionwarning
   at Microsoft.AspNetCore.DataProtection.KeyManagement.KeyRingBasedDataProtector.UnprotectCore(Byte[] protectedData, Boolean allowOperationsOnRevokedKeys, UnprotectStatus& status)
   at Microsoft.AspNetCore.DataProtection.KeyManagement.KeyRingBasedDataProtector.Unprotect(Byte[] protectedData)
   at Microsoft.AspNetCore.Antiforgery.DefaultAntiforgeryTokenSerializer.Deserialize(String serializedToken)
   --- End of inner exception stack trace ---
   at Microsoft.AspNetCore.Antiforgery.DefaultAntiforgeryTokenSerializer.Deserialize(String serializedToken)
   at Microsoft.AspNetCore.Antiforgery.DefaultAntiforgery.GetCookieTokenDoesNotThrow(HttpContext httpContext)
[11:33:17 INF] HTTP GET /Account/Login responded 200 in 400.2932 ms
[11:33:17 INF] HTTP GET /Biktal.WebMVC.styles.css responded 200 in 189.4270 ms
[11:33:17 INF] HTTP GET /js/site.js responded 200 in 181.3748 ms
[11:33:17 INF] HTTP GET /lib/jquery/dist/jquery.min.js responded 200 in 182.3341 ms
[11:33:17 INF] HTTP GET /css/site.css responded 200 in 190.4380 ms
[11:33:17 INF] HTTP GET /lib/jquery-validation-unobtrusive/dist/jquery.validate.unobtrusive.min.js responded 200 in 180.6290 ms
[11:33:17 INF] HTTP GET /lib/bootstrap/dist/js/bootstrap.bundle.min.js responded 200 in 181.8823 ms
[11:33:17 INF] HTTP GET /lib/jquery-validation/dist/jquery.validate.min.js responded 200 in 154.5130 ms
[11:33:17 INF] HTTP GET /lib/bootstrap/dist/css/bootstrap.min.css responded 200 in 215.7968 ms
[11:35:59 INF] HTTP POST /Account/Login responded 302 in 528.3276 ms
[11:36:00 INF] HTTP GET /Inventory/Products responded 200 in 704.1453 ms
[11:36:00 INF] HTTP GET /css/site.css responded 200 in 7.4009 ms
[11:36:00 INF] HTTP GET /lib/bootstrap/dist/css/bootstrap.min.css responded 200 in 4.9843 ms
[11:36:00 INF] HTTP GET /Biktal.WebMVC.styles.css responded 200 in 49.0274 ms
[11:36:00 INF] HTTP GET /lib/jquery/dist/jquery.min.js responded 200 in 35.8377 ms
[11:36:00 INF] HTTP GET /lib/jquery-validation/dist/jquery.validate.min.js responded 200 in 30.0912 ms
[11:36:01 INF] HTTP GET /lib/jquery-validation-unobtrusive/dist/jquery.validate.unobtrusive.min.js responded 200 in 47.5289 ms
[11:36:01 INF] HTTP GET /js/products-catalog-filter.js responded 200 in 78.3224 ms
[11:36:01 INF] HTTP GET /js/site.js responded 200 in 6.4809 ms
[11:36:01 INF] HTTP GET /lib/bootstrap/dist/js/bootstrap.bundle.min.js responded 200 in 152.1924 ms
[11:38:03 INF] HTTP GET /Inventory/Products responded 200 in 274.5678 ms
[11:38:03 INF] HTTP GET /lib/bootstrap/dist/css/bootstrap.min.css responded 200 in 4.1142 ms
[11:38:03 INF] HTTP GET /Biktal.WebMVC.styles.css responded 200 in 1.4809 ms
[11:38:03 INF] HTTP GET /css/site.css responded 200 in 2.8505 ms
[11:38:04 INF] HTTP GET /lib/jquery/dist/jquery.min.js responded 200 in 1.0527 ms
[11:38:05 INF] HTTP GET /lib/bootstrap/dist/js/bootstrap.bundle.min.js responded 200 in 2.1715 ms
[11:38:05 INF] HTTP GET /js/site.js responded 200 in 3.9831 ms
[11:38:05 INF] HTTP GET /lib/jquery-validation/dist/jquery.validate.min.js responded 200 in 2.9470 ms
[11:38:05 INF] HTTP GET /lib/jquery-validation-unobtrusive/dist/jquery.validate.unobtrusive.min.js responded 200 in 1.3937 ms
[11:38:05 INF] HTTP GET /js/products-catalog-filter.js responded 200 in 2.2329 ms
[11:38:42 INF] HTTP GET /Inventory/Products responded 200 in 169.2759 ms
[11:38:42 INF] HTTP GET /lib/bootstrap/dist/css/bootstrap.min.css responded 200 in 1.5865 ms
[11:38:43 INF] HTTP GET /css/site.css responded 200 in 1.7466 ms
[11:38:43 INF] HTTP GET /Biktal.WebMVC.styles.css responded 200 in 1.3195 ms
[11:38:43 INF] HTTP GET /lib/jquery/dist/jquery.min.js responded 304 in 1.2420 ms
[11:38:43 INF] HTTP GET /lib/bootstrap/dist/js/bootstrap.bundle.min.js responded 304 in 0.7482 ms
[11:38:43 INF] HTTP GET /js/site.js responded 304 in 0.6812 ms
[11:38:43 INF] HTTP GET /lib/jquery-validation/dist/jquery.validate.min.js responded 304 in 2.0333 ms
[11:38:43 INF] HTTP GET /lib/jquery-validation-unobtrusive/dist/jquery.validate.unobtrusive.min.js responded 304 in 0.9875 ms
[11:38:43 INF] HTTP GET /js/products-catalog-filter.js responded 304 in 0.7427 ms
[11:41:08 INF] HTTP GET /Inventory/Products responded 200 in 76.5022 ms
[11:41:08 INF] HTTP GET /Biktal.WebMVC.styles.css responded 200 in 1.1389 ms
[11:41:08 INF] HTTP GET /css/site.css responded 200 in 2.1513 ms
[11:41:08 INF] HTTP GET /lib/bootstrap/dist/css/bootstrap.min.css responded 200 in 1.3971 ms
[11:41:09 INF] HTTP GET /lib/jquery/dist/jquery.min.js responded 200 in 1.3927 ms
[11:41:09 INF] HTTP GET /lib/bootstrap/dist/js/bootstrap.bundle.min.js responded 200 in 1.1293 ms
[11:41:09 INF] HTTP GET /js/site.js responded 200 in 1.5622 ms
[11:41:09 INF] HTTP GET /lib/jquery-validation/dist/jquery.validate.min.js responded 200 in 0.9563 ms
[11:41:09 INF] HTTP GET /lib/jquery-validation-unobtrusive/dist/jquery.validate.unobtrusive.min.js responded 200 in 1.7613 ms
[11:41:09 INF] HTTP GET /js/products-catalog-filter.js responded 200 in 1.4084 ms
[11:41:14 INF] HTTP POST /Inventory/EditProduct responded 302 in 165.6304 ms
[11:41:14 INF] HTTP GET /Inventory/Products responded 200 in 66.1132 ms
[11:41:14 INF] HTTP GET /css/site.css responded 200 in 1.3202 ms
[11:41:14 INF] HTTP GET /lib/bootstrap/dist/css/bootstrap.min.css responded 200 in 1.5171 ms
[11:41:14 INF] HTTP GET /Biktal.WebMVC.styles.css responded 200 in 1.1866 ms
[11:41:15 INF] HTTP GET /lib/jquery/dist/jquery.min.js responded 200 in 1.2721 ms
[11:41:15 INF] HTTP GET /lib/bootstrap/dist/js/bootstrap.bundle.min.js responded 200 in 1.1001 ms
[11:41:15 INF] HTTP GET /lib/jquery-validation/dist/jquery.validate.min.js responded 200 in 1.5074 ms
[11:41:15 INF] HTTP GET /lib/jquery-validation-unobtrusive/dist/jquery.validate.unobtrusive.min.js responded 200 in 8.2786 ms
[11:41:15 INF] HTTP GET /js/site.js responded 200 in 0.9986 ms
[11:41:15 INF] HTTP GET /js/products-catalog-filter.js responded 200 in 1.3492 ms
[11:41:23 INF] HTTP GET /Inventory/Products responded 200 in 62.4618 ms
[11:41:23 INF] HTTP GET /lib/bootstrap/dist/css/bootstrap.min.css responded 304 in 1.1069 ms
[11:41:23 INF] HTTP GET /css/site.css responded 304 in 0.8381 ms
[11:41:23 INF] HTTP GET /Biktal.WebMVC.styles.css responded 304 in 2.7837 ms
[11:41:24 INF] HTTP GET /lib/jquery/dist/jquery.min.js responded 304 in 0.4570 ms
[11:41:24 INF] HTTP GET /lib/bootstrap/dist/js/bootstrap.bundle.min.js responded 304 in 1.0367 ms
[11:41:24 INF] HTTP GET /js/site.js responded 304 in 3.0020 ms
[11:41:24 INF] HTTP GET /lib/jquery-validation/dist/jquery.validate.min.js responded 304 in 3.4977 ms
[11:41:24 INF] HTTP GET /lib/jquery-validation-unobtrusive/dist/jquery.validate.unobtrusive.min.js responded 304 in 0.7289 ms
[11:41:24 INF] HTTP GET /js/products-catalog-filter.js responded 304 in 0.5921 ms
[11:41:27 INF] HTTP GET /Inventory/Products responded 200 in 66.5363 ms
[11:41:27 INF] HTTP GET /lib/bootstrap/dist/css/bootstrap.min.css responded 304 in 0.7513 ms
[11:41:27 INF] HTTP GET /Biktal.WebMVC.styles.css responded 304 in 0.4990 ms
[11:41:27 INF] HTTP GET /css/site.css responded 304 in 0.3228 ms
[11:41:28 INF] HTTP GET /lib/jquery/dist/jquery.min.js responded 304 in 0.3162 ms
[11:41:28 INF] HTTP GET /lib/bootstrap/dist/js/bootstrap.bundle.min.js responded 304 in 0.7275 ms
[11:41:28 INF] HTTP GET /js/site.js responded 304 in 0.6193 ms
[11:41:28 INF] HTTP GET /lib/jquery-validation/dist/jquery.validate.min.js responded 304 in 0.7683 ms
[11:41:28 INF] HTTP GET /lib/jquery-validation-unobtrusive/dist/jquery.validate.unobtrusive.min.js responded 304 in 1.3344 ms
[11:41:28 INF] HTTP GET /js/products-catalog-filter.js responded 304 in 0.7366 ms
[11:41:45 INF] HTTP GET /Inventory/Products responded 200 in 61.6026 ms
[11:41:45 INF] HTTP GET /lib/bootstrap/dist/css/bootstrap.min.css responded 200 in 1.0729 ms
[11:41:45 INF] HTTP GET /css/site.css responded 304 in 0.4472 ms
[11:41:45 INF] HTTP GET /Biktal.WebMVC.styles.css responded 304 in 0.5726 ms
[11:41:46 INF] HTTP GET /lib/jquery/dist/jquery.min.js responded 304 in 0.3856 ms
[11:41:46 INF] HTTP GET /js/site.js responded 304 in 0.4381 ms
[11:41:46 INF] HTTP GET /lib/bootstrap/dist/js/bootstrap.bundle.min.js responded 304 in 0.3732 ms
[11:41:46 INF] HTTP GET /lib/jquery-validation/dist/jquery.validate.min.js responded 304 in 0.3142 ms
[11:41:46 INF] HTTP GET /lib/jquery-validation-unobtrusive/dist/jquery.validate.unobtrusive.min.js responded 304 in 0.3983 ms
[11:41:46 INF] HTTP GET /js/products-catalog-filter.js responded 304 in 1.3540 ms
[11:41:51 INF] HTTP POST /Inventory/EditProduct responded 302 in 12.4557 ms
[11:41:51 INF] HTTP GET /Inventory/Products responded 200 in 54.8117 ms
[11:41:51 INF] HTTP GET /lib/bootstrap/dist/css/bootstrap.min.css responded 304 in 0.5040 ms
[11:41:51 INF] HTTP GET /Biktal.WebMVC.styles.css responded 304 in 0.5149 ms
[11:41:51 INF] HTTP GET /css/site.css responded 304 in 0.5053 ms
[11:41:52 INF] HTTP GET /lib/jquery/dist/jquery.min.js responded 304 in 0.2894 ms
[11:41:52 INF] HTTP GET /js/site.js responded 304 in 0.3916 ms
[11:41:52 INF] HTTP GET /lib/bootstrap/dist/js/bootstrap.bundle.min.js responded 304 in 0.4094 ms
[11:41:52 INF] HTTP GET /lib/jquery-validation/dist/jquery.validate.min.js responded 304 in 0.8355 ms
[11:41:52 INF] HTTP GET /lib/jquery-validation-unobtrusive/dist/jquery.validate.unobtrusive.min.js responded 304 in 0.4300 ms
[11:41:52 INF] HTTP GET /js/products-catalog-filter.js responded 304 in 0.5762 ms
[11:42:37 INF] HTTP GET /Inventory/Products responded 200 in 70.1025 ms
[11:42:37 INF] HTTP GET /css/site.css responded 304 in 1.6214 ms
[11:42:37 INF] HTTP GET /Biktal.WebMVC.styles.css responded 304 in 0.5433 ms
[11:42:37 INF] HTTP GET /lib/bootstrap/dist/css/bootstrap.min.css responded 200 in 21.5145 ms
[11:42:38 INF] HTTP GET /lib/jquery/dist/jquery.min.js responded 304 in 0.2654 ms
[11:42:38 INF] HTTP GET /lib/bootstrap/dist/js/bootstrap.bundle.min.js responded 304 in 0.4735 ms
[11:42:38 INF] HTTP GET /js/site.js responded 304 in 0.5280 ms
[11:42:38 INF] HTTP GET /lib/jquery-validation/dist/jquery.validate.min.js responded 304 in 3.3784 ms
[11:42:38 INF] HTTP GET /lib/jquery-validation-unobtrusive/dist/jquery.validate.unobtrusive.min.js responded 304 in 0.6524 ms
[11:42:38 INF] HTTP GET /js/products-catalog-filter.js responded 304 in 0.7041 ms
[11:43:27 INF] HTTP POST /Inventory/EditProduct responded 302 in 36.2925 ms
[11:43:27 INF] HTTP GET /Inventory/Products responded 200 in 51.5272 ms
[11:43:27 INF] HTTP GET /css/site.css responded 304 in 0.3430 ms
[11:43:27 INF] HTTP GET /Biktal.WebMVC.styles.css responded 304 in 0.3486 ms
[11:43:27 INF] HTTP GET /lib/bootstrap/dist/css/bootstrap.min.css responded 200 in 0.9127 ms
[11:43:28 INF] HTTP GET /lib/jquery/dist/jquery.min.js responded 200 in 26.6770 ms
[11:43:28 INF] HTTP GET /js/site.js responded 200 in 27.5037 ms
[11:43:28 INF] HTTP GET /lib/bootstrap/dist/js/bootstrap.bundle.min.js responded 200 in 35.5552 ms
[11:43:28 INF] HTTP GET /js/products-catalog-filter.js responded 200 in 31.6210 ms
[11:43:28 INF] HTTP GET /lib/jquery-validation/dist/jquery.validate.min.js responded 200 in 40.9541 ms
[11:43:28 INF] HTTP GET /lib/jquery-validation-unobtrusive/dist/jquery.validate.unobtrusive.min.js responded 200 in 16.8266 ms
[11:44:46 INF] HTTP GET /Inventory/Products responded 200 in 149.9171 ms
[11:44:46 INF] HTTP GET /css/site.css responded 200 in 22.0635 ms
[11:44:46 INF] HTTP GET /Biktal.WebMVC.styles.css responded 200 in 21.1092 ms
[11:44:46 INF] HTTP GET /lib/bootstrap/dist/css/bootstrap.min.css responded 200 in 0.9639 ms
[11:44:47 INF] HTTP GET /lib/jquery/dist/jquery.min.js responded 200 in 0.7306 ms
[11:44:47 INF] HTTP GET /js/site.js responded 200 in 0.8799 ms
[11:44:47 INF] HTTP GET /lib/bootstrap/dist/js/bootstrap.bundle.min.js responded 200 in 11.3682 ms
[11:44:47 INF] HTTP GET /lib/jquery-validation/dist/jquery.validate.min.js responded 200 in 10.7902 ms
[11:44:47 INF] HTTP GET /lib/jquery-validation-unobtrusive/dist/jquery.validate.unobtrusive.min.js responded 200 in 0.9015 ms
[11:44:47 INF] HTTP GET /js/products-catalog-filter.js responded 200 in 3.7185 ms
[11:45:37 INF] HTTP POST /Inventory/EditProduct responded 302 in 15.2206 ms
[11:45:37 INF] HTTP GET /Inventory/Products responded 200 in 37.9187 ms
[11:45:37 INF] HTTP GET /css/site.css responded 200 in 1.0697 ms
[11:45:37 INF] HTTP GET /lib/bootstrap/dist/css/bootstrap.min.css responded 200 in 0.9151 ms
[11:45:37 INF] HTTP GET /Biktal.WebMVC.styles.css responded 200 in 0.9981 ms
[11:45:39 INF] HTTP GET /lib/jquery/dist/jquery.min.js responded 200 in 0.8913 ms
[11:45:39 INF] HTTP GET /js/site.js responded 200 in 0.6191 ms
[11:45:39 INF] HTTP GET /lib/bootstrap/dist/js/bootstrap.bundle.min.js responded 200 in 1.1276 ms
[11:45:39 INF] HTTP GET /lib/jquery-validation/dist/jquery.validate.min.js responded 200 in 1.3662 ms
[11:45:39 INF] HTTP GET /js/products-catalog-filter.js responded 200 in 3.7711 ms
[11:45:39 INF] HTTP GET /lib/jquery-validation-unobtrusive/dist/jquery.validate.unobtrusive.min.js responded 200 in 0.8102 ms
[11:46:32 INF] HTTP GET /Inventory/Products responded 200 in 70.5333 ms
[11:46:33 INF] HTTP GET /css/site.css responded 200 in 0.9799 ms
[11:46:33 INF] HTTP GET /Biktal.WebMVC.styles.css responded 200 in 0.9652 ms
[11:46:33 INF] HTTP GET /lib/bootstrap/dist/css/bootstrap.min.css responded 200 in 1.8230 ms
[11:46:33 INF] HTTP GET /lib/jquery/dist/jquery.min.js responded 304 in 0.3216 ms
[11:46:33 INF] HTTP GET /lib/bootstrap/dist/js/bootstrap.bundle.min.js responded 304 in 0.6989 ms
[11:46:33 INF] HTTP GET /js/site.js responded 304 in 0.4537 ms
[11:46:33 INF] HTTP GET /lib/jquery-validation/dist/jquery.validate.min.js responded 304 in 2.2008 ms
[11:46:33 INF] HTTP GET /lib/jquery-validation-unobtrusive/dist/jquery.validate.unobtrusive.min.js responded 304 in 0.9881 ms
[11:46:33 INF] HTTP GET /js/products-catalog-filter.js responded 304 in 0.3584 ms
[11:47:11 INF] HTTP POST /Inventory/EditProduct responded 302 in 23.6789 ms
[11:47:11 INF] HTTP GET /Inventory/Products responded 200 in 66.3439 ms
[11:47:11 INF] HTTP GET /css/site.css responded 200 in 0.7738 ms
[11:47:11 INF] HTTP GET /lib/bootstrap/dist/css/bootstrap.min.css responded 200 in 0.7288 ms
[11:47:11 INF] HTTP GET /Biktal.WebMVC.styles.css responded 200 in 1.3849 ms
[11:47:12 INF] HTTP GET /lib/jquery/dist/jquery.min.js responded 200 in 0.6635 ms
[11:47:13 INF] HTTP GET /js/site.js responded 200 in 0.7349 ms
[11:47:13 INF] HTTP GET /lib/bootstrap/dist/js/bootstrap.bundle.min.js responded 200 in 4.4174 ms
[11:47:13 INF] HTTP GET /lib/jquery-validation/dist/jquery.validate.min.js responded 200 in 0.9980 ms
[11:47:13 INF] HTTP GET /lib/jquery-validation-unobtrusive/dist/jquery.validate.unobtrusive.min.js responded 200 in 0.7806 ms
[11:47:13 INF] HTTP GET /js/products-catalog-filter.js responded 200 in 1.7843 ms
[11:47:48 INF] HTTP GET /Inventory/Products responded 200 in 65.4487 ms
[11:47:48 INF] HTTP GET /Inventory/Products responded 200 in 49.1115 ms
[11:47:48 INF] HTTP GET /css/site.css responded 200 in 4.7794 ms
[11:47:48 INF] HTTP GET /lib/bootstrap/dist/css/bootstrap.min.css responded 200 in 5.6993 ms
[11:47:48 INF] HTTP GET /Biktal.WebMVC.styles.css responded 200 in 0.9587 ms
[11:47:49 INF] HTTP GET /lib/jquery/dist/jquery.min.js responded 200 in 0.7032 ms
[11:47:49 INF] HTTP GET /lib/bootstrap/dist/js/bootstrap.bundle.min.js responded 200 in 1.0553 ms
[11:47:49 INF] HTTP GET /js/site.js responded 200 in 0.8919 ms
[11:47:49 INF] HTTP GET /lib/jquery-validation/dist/jquery.validate.min.js responded 200 in 2.4326 ms
[11:47:49 INF] HTTP GET /lib/jquery-validation-unobtrusive/dist/jquery.validate.unobtrusive.min.js responded 200 in 2.8149 ms
[11:47:49 INF] HTTP GET /js/products-catalog-filter.js responded 200 in 1.7979 ms
[11:48:06 INF] HTTP POST /Inventory/EditProduct responded 302 in 10.6361 ms
[11:48:06 INF] HTTP GET /Inventory/Products responded 200 in 62.4475 ms
[11:48:06 INF] HTTP GET /css/site.css responded 200 in 1.5627 ms
[11:48:06 INF] HTTP GET /Biktal.WebMVC.styles.css responded 200 in 0.6628 ms
[11:48:06 INF] HTTP GET /lib/bootstrap/dist/css/bootstrap.min.css responded 200 in 1.7995 ms
[11:48:07 INF] HTTP GET /lib/jquery/dist/jquery.min.js responded 304 in 0.2527 ms
[11:48:07 INF] HTTP GET /lib/bootstrap/dist/js/bootstrap.bundle.min.js responded 304 in 0.5813 ms
[11:48:07 INF] HTTP GET /js/site.js responded 304 in 1.3193 ms
[11:48:07 INF] HTTP GET /lib/jquery-validation/dist/jquery.validate.min.js responded 304 in 0.8194 ms
[11:48:07 INF] HTTP GET /lib/jquery-validation-unobtrusive/dist/jquery.validate.unobtrusive.min.js responded 304 in 0.4686 ms
[11:48:07 INF] HTTP GET /js/products-catalog-filter.js responded 304 in 0.4441 ms
[11:48:21 INF] HTTP GET /Inventory/Products responded 200 in 57.0108 ms
[11:48:21 INF] HTTP GET /lib/bootstrap/dist/css/bootstrap.min.css responded 200 in 1.4358 ms
[11:48:21 INF] HTTP GET /css/site.css responded 200 in 0.9404 ms
[11:48:21 INF] HTTP GET /Biktal.WebMVC.styles.css responded 200 in 1.0202 ms
[11:48:22 INF] HTTP GET /lib/jquery/dist/jquery.min.js responded 304 in 0.3317 ms
[11:48:22 INF] HTTP GET /lib/bootstrap/dist/js/bootstrap.bundle.min.js responded 304 in 0.3598 ms
[11:48:22 INF] HTTP GET /js/site.js responded 304 in 0.3315 ms
[11:48:22 INF] HTTP GET /lib/jquery-validation-unobtrusive/dist/jquery.validate.unobtrusive.min.js responded 304 in 0.7762 ms
[11:48:22 INF] HTTP GET /lib/jquery-validation/dist/jquery.validate.min.js responded 304 in 1.7812 ms
[11:48:22 INF] HTTP GET /js/products-catalog-filter.js responded 304 in 0.4566 ms
[11:50:39 INF] HTTP POST /Inventory/EditProduct responded 302 in 84.8964 ms
[11:50:39 INF] HTTP GET /Inventory/Products responded 200 in 49.5993 ms
[11:50:39 INF] HTTP GET /lib/bootstrap/dist/css/bootstrap.min.css responded 200 in 1.7106 ms
[11:50:39 INF] HTTP GET /css/site.css responded 200 in 0.8933 ms
[11:50:39 INF] HTTP GET /Biktal.WebMVC.styles.css responded 200 in 1.5686 ms
[11:50:41 INF] HTTP GET /lib/jquery/dist/jquery.min.js responded 200 in 0.6443 ms
[11:50:41 INF] HTTP GET /js/site.js responded 200 in 1.2982 ms
[11:50:41 INF] HTTP GET /lib/bootstrap/dist/js/bootstrap.bundle.min.js responded 200 in 1.6381 ms
[11:50:41 INF] HTTP GET /lib/jquery-validation-unobtrusive/dist/jquery.validate.unobtrusive.min.js responded 200 in 1.2877 ms
[11:50:41 INF] HTTP GET /lib/jquery-validation/dist/jquery.validate.min.js responded 200 in 1.8157 ms
[11:50:41 INF] HTTP GET /js/products-catalog-filter.js responded 200 in 3.1511 ms
[11:51:09 INF] HTTP GET /Inventory/Products responded 200 in 65.1362 ms
[11:51:09 INF] HTTP GET /Biktal.WebMVC.styles.css responded 200 in 0.8708 ms
[11:51:09 INF] HTTP GET /lib/bootstrap/dist/css/bootstrap.min.css responded 200 in 0.9813 ms
[11:51:09 INF] HTTP GET /css/site.css responded 200 in 1.7819 ms
[11:51:10 INF] HTTP GET /lib/jquery/dist/jquery.min.js responded 304 in 0.3456 ms
[11:51:10 INF] HTTP GET /lib/bootstrap/dist/js/bootstrap.bundle.min.js responded 304 in 0.5205 ms
[11:51:10 INF] HTTP GET /js/site.js responded 304 in 0.4207 ms
[11:51:10 INF] HTTP GET /lib/jquery-validation/dist/jquery.validate.min.js responded 304 in 0.4001 ms
[11:51:10 INF] HTTP GET /lib/jquery-validation-unobtrusive/dist/jquery.validate.unobtrusive.min.js responded 304 in 0.4076 ms
[11:51:10 INF] HTTP GET /js/products-catalog-filter.js responded 304 in 0.5827 ms
[11:51:15 INF] HTTP POST /Inventory/EditProduct responded 302 in 13.5866 ms
[11:51:15 INF] HTTP GET /Inventory/Products responded 200 in 36.0408 ms
[11:51:15 INF] HTTP GET /lib/bootstrap/dist/css/bootstrap.min.css responded 304 in 0.3589 ms
[11:51:15 INF] HTTP GET /css/site.css responded 304 in 0.3242 ms
[11:51:15 INF] HTTP GET /Biktal.WebMVC.styles.css responded 304 in 0.2425 ms
[11:51:16 INF] HTTP GET /lib/jquery/dist/jquery.min.js responded 304 in 0.2532 ms
[11:51:16 INF] HTTP GET /lib/bootstrap/dist/js/bootstrap.bundle.min.js responded 304 in 1.0446 ms
[11:51:16 INF] HTTP GET /lib/jquery-validation/dist/jquery.validate.min.js responded 304 in 0.3397 ms
[11:51:16 INF] HTTP GET /js/site.js responded 304 in 0.3465 ms
[11:51:16 INF] HTTP GET /js/products-catalog-filter.js responded 304 in 0.8259 ms
[11:51:16 INF] HTTP GET /lib/jquery-validation-unobtrusive/dist/jquery.validate.unobtrusive.min.js responded 304 in 2.0139 ms
[11:51:26 INF] HTTP GET /Inventory/Products responded 200 in 66.5159 ms
[11:51:27 INF] HTTP GET /lib/bootstrap/dist/css/bootstrap.min.css responded 200 in 1.7963 ms
[11:51:27 INF] HTTP GET /Biktal.WebMVC.styles.css responded 304 in 0.4052 ms
[11:51:27 INF] HTTP GET /css/site.css responded 304 in 0.7887 ms
[11:51:27 INF] HTTP GET /lib/jquery/dist/jquery.min.js responded 304 in 0.4730 ms
[11:51:27 INF] HTTP GET /js/site.js responded 304 in 0.3259 ms
[11:51:27 INF] HTTP GET /lib/bootstrap/dist/js/bootstrap.bundle.min.js responded 304 in 0.3712 ms
[11:51:27 INF] HTTP GET /lib/jquery-validation/dist/jquery.validate.min.js responded 304 in 0.4382 ms
[11:51:27 INF] HTTP GET /lib/jquery-validation-unobtrusive/dist/jquery.validate.unobtrusive.min.js responded 304 in 0.4512 ms
[11:51:27 INF] HTTP GET /js/products-catalog-filter.js responded 304 in 0.5118 ms
[11:56:07 INF] HTTP POST /Inventory/EditProduct responded 302 in 95.7184 ms
[11:56:07 INF] HTTP GET /Inventory/Products responded 200 in 64.0427 ms
[11:56:07 INF] HTTP GET /lib/bootstrap/dist/css/bootstrap.min.css responded 200 in 1.5055 ms
[11:56:07 INF] HTTP GET /Biktal.WebMVC.styles.css responded 200 in 1.3225 ms
[11:56:07 INF] HTTP GET /css/site.css responded 200 in 0.8254 ms
[11:56:08 INF] HTTP GET /lib/jquery/dist/jquery.min.js responded 200 in 0.6661 ms
[11:56:08 INF] HTTP GET /js/site.js responded 200 in 0.8180 ms
[11:56:08 INF] HTTP GET /lib/bootstrap/dist/js/bootstrap.bundle.min.js responded 200 in 0.7523 ms
[11:56:08 INF] HTTP GET /lib/jquery-validation/dist/jquery.validate.min.js responded 200 in 0.8283 ms
[11:56:08 INF] HTTP GET /lib/jquery-validation-unobtrusive/dist/jquery.validate.unobtrusive.min.js responded 200 in 3.2759 ms
[11:56:08 INF] HTTP GET /js/products-catalog-filter.js responded 200 in 0.8076 ms
[11:56:13 INF] HTTP GET /Inventory/Products responded 200 in 60.6668 ms
[11:56:13 INF] HTTP GET /Biktal.WebMVC.styles.css responded 200 in 0.6677 ms
[11:56:13 INF] HTTP GET /css/site.css responded 200 in 0.7978 ms
[11:56:13 INF] HTTP GET /lib/bootstrap/dist/css/bootstrap.min.css responded 200 in 2.0738 ms
[11:56:14 INF] HTTP GET /lib/jquery/dist/jquery.min.js responded 200 in 0.5912 ms
[11:56:14 INF] HTTP GET /lib/bootstrap/dist/js/bootstrap.bundle.min.js responded 200 in 2.1787 ms
[11:56:14 INF] HTTP GET /js/site.js responded 200 in 0.7673 ms
[11:56:14 INF] HTTP GET /lib/jquery-validation/dist/jquery.validate.min.js responded 200 in 0.7737 ms
[11:56:14 INF] HTTP GET /lib/jquery-validation-unobtrusive/dist/jquery.validate.unobtrusive.min.js responded 200 in 2.4492 ms
[11:56:14 INF] HTTP GET /js/products-catalog-filter.js responded 200 in 2.5263 ms
[11:56:16 INF] HTTP GET /Inventory/Products responded 200 in 115.3022 ms
[11:56:16 INF] HTTP GET /lib/bootstrap/dist/css/bootstrap.min.css responded 304 in 0.5957 ms
[11:56:16 INF] HTTP GET /css/site.css responded 304 in 0.3581 ms
[11:56:16 INF] HTTP GET /Biktal.WebMVC.styles.css responded 304 in 0.3198 ms
[11:56:16 INF] HTTP GET /lib/jquery/dist/jquery.min.js responded 304 in 0.2548 ms
[11:56:16 INF] HTTP GET /lib/bootstrap/dist/js/bootstrap.bundle.min.js responded 304 in 0.5492 ms
[11:56:16 INF] HTTP GET /js/site.js responded 304 in 0.3892 ms
[11:56:16 INF] HTTP GET /lib/jquery-validation/dist/jquery.validate.min.js responded 304 in 0.3444 ms
[11:56:16 INF] HTTP GET /lib/jquery-validation-unobtrusive/dist/jquery.validate.unobtrusive.min.js responded 304 in 0.9421 ms
[11:56:16 INF] HTTP GET /js/products-catalog-filter.js responded 304 in 0.7852 ms
[11:57:24 INF] HTTP GET /Inventory/Products responded 200 in 60.0229 ms
[11:57:24 INF] HTTP GET /lib/bootstrap/dist/css/bootstrap.min.css responded 200 in 2.7719 ms
[11:57:24 INF] HTTP GET /Biktal.WebMVC.styles.css responded 304 in 0.4928 ms
[11:57:24 INF] HTTP GET /css/site.css responded 304 in 0.4099 ms
[11:57:25 INF] HTTP GET /lib/jquery/dist/jquery.min.js responded 304 in 0.2517 ms
[11:57:25 INF] HTTP GET /lib/bootstrap/dist/js/bootstrap.bundle.min.js responded 304 in 0.6275 ms
[11:57:25 INF] HTTP GET /js/site.js responded 304 in 0.3990 ms
[11:57:25 INF] HTTP GET /lib/jquery-validation/dist/jquery.validate.min.js responded 304 in 0.5205 ms
[11:57:25 INF] HTTP GET /lib/jquery-validation-unobtrusive/dist/jquery.validate.unobtrusive.min.js responded 304 in 0.8299 ms
[11:57:25 INF] HTTP GET /js/products-catalog-filter.js responded 304 in 1.6268 ms
[11:58:29 INF] HTTP POST /Inventory/EditProduct responded 302 in 12.8959 ms
[11:58:29 INF] HTTP GET /Inventory/Products responded 200 in 66.0956 ms
[11:58:29 INF] HTTP GET /lib/bootstrap/dist/css/bootstrap.min.css responded 200 in 2.1020 ms
[11:58:29 INF] HTTP GET /css/site.css responded 200 in 1.3364 ms
[11:58:29 INF] HTTP GET /Biktal.WebMVC.styles.css responded 200 in 0.9896 ms
[11:58:30 INF] HTTP GET /lib/jquery/dist/jquery.min.js responded 200 in 0.6107 ms
[11:58:30 INF] HTTP GET /js/site.js responded 200 in 0.9233 ms
[11:58:30 INF] HTTP GET /lib/bootstrap/dist/js/bootstrap.bundle.min.js responded 200 in 1.0877 ms
[11:58:30 INF] HTTP GET /lib/jquery-validation-unobtrusive/dist/jquery.validate.unobtrusive.min.js responded 200 in 0.8553 ms
[11:58:30 INF] HTTP GET /js/products-catalog-filter.js responded 200 in 0.9480 ms
[11:58:30 INF] HTTP GET /lib/jquery-validation/dist/jquery.validate.min.js responded 200 in 0.8284 ms
[12:03:24 INF] HTTP GET /Inventory/Products responded 200 in 113.1344 ms
[12:03:24 INF] HTTP GET /Biktal.WebMVC.styles.css responded 200 in 1.0951 ms
[12:03:24 INF] HTTP GET /css/site.css responded 200 in 1.1194 ms
[12:03:24 INF] HTTP GET /lib/bootstrap/dist/css/bootstrap.min.css responded 200 in 2.3520 ms
[12:03:25 INF] HTTP GET /lib/jquery/dist/jquery.min.js responded 200 in 1.2279 ms
[12:03:25 INF] HTTP GET /lib/bootstrap/dist/js/bootstrap.bundle.min.js responded 200 in 0.7063 ms
[12:03:25 INF] HTTP GET /js/site.js responded 200 in 0.8562 ms
[12:03:25 INF] HTTP GET /lib/jquery-validation/dist/jquery.validate.min.js responded 200 in 4.0981 ms
[12:03:25 INF] HTTP GET /lib/jquery-validation-unobtrusive/dist/jquery.validate.unobtrusive.min.js responded 200 in 4.0973 ms
[12:03:25 INF] HTTP GET /js/products-catalog-filter.js responded 200 in 3.7534 ms
[12:03:32 INF] HTTP GET /Inventory/Products responded 200 in 75.7632 ms
[12:03:32 INF] HTTP GET /Biktal.WebMVC.styles.css responded 304 in 0.4730 ms
[12:03:32 INF] HTTP GET /lib/bootstrap/dist/css/bootstrap.min.css responded 304 in 1.6867 ms
[12:03:32 INF] HTTP GET /css/site.css responded 304 in 0.4333 ms
[12:03:33 INF] HTTP GET /lib/jquery/dist/jquery.min.js responded 304 in 0.2496 ms
[12:03:33 INF] HTTP GET /lib/bootstrap/dist/js/bootstrap.bundle.min.js responded 304 in 0.5249 ms
[12:03:33 INF] HTTP GET /js/site.js responded 304 in 0.3150 ms
[12:03:33 INF] HTTP GET /lib/jquery-validation-unobtrusive/dist/jquery.validate.unobtrusive.min.js responded 304 in 0.2302 ms
[12:03:33 INF] HTTP GET /lib/jquery-validation/dist/jquery.validate.min.js responded 304 in 0.3663 ms
[12:03:33 INF] HTTP GET /js/products-catalog-filter.js responded 304 in 0.2646 ms
[12:09:07 INF] HTTP GET /Inventory/Products responded 200 in 298.9542 ms
[12:09:07 INF] HTTP GET /lib/bootstrap/dist/css/bootstrap.min.css responded 200 in 2.0837 ms
[12:09:07 INF] HTTP GET /css/site.css responded 200 in 1.0705 ms
[12:09:07 INF] HTTP GET /Biktal.WebMVC.styles.css responded 200 in 1.4427 ms
[12:09:08 INF] HTTP GET /lib/jquery/dist/jquery.min.js responded 200 in 0.7911 ms
[12:09:08 INF] HTTP GET /js/site.js responded 200 in 0.7203 ms
[12:09:08 INF] HTTP GET /lib/bootstrap/dist/js/bootstrap.bundle.min.js responded 200 in 1.0633 ms
[12:09:08 INF] HTTP GET /js/products-catalog-filter.js responded 200 in 0.7691 ms
[12:09:08 INF] HTTP GET /lib/jquery-validation-unobtrusive/dist/jquery.validate.unobtrusive.min.js responded 200 in 2.9469 ms
[12:09:08 INF] HTTP GET /lib/jquery-validation/dist/jquery.validate.min.js responded 200 in 0.8476 ms
[12:09:13 INF] HTTP POST /Inventory/EditProduct responded 302 in 15.9170 ms
[12:09:13 INF] HTTP GET /Inventory/Products responded 200 in 42.0710 ms
[12:09:13 INF] HTTP GET /lib/bootstrap/dist/css/bootstrap.min.css responded 304 in 0.3982 ms
[12:09:13 INF] HTTP GET /css/site.css responded 304 in 0.2615 ms
[12:09:13 INF] HTTP GET /Biktal.WebMVC.styles.css responded 304 in 0.2424 ms
[12:09:14 INF] HTTP GET /lib/jquery/dist/jquery.min.js responded 304 in 0.2581 ms
[12:09:14 INF] HTTP GET /lib/bootstrap/dist/js/bootstrap.bundle.min.js responded 304 in 0.6060 ms
[12:09:14 INF] HTTP GET /js/site.js responded 304 in 0.5057 ms
[12:09:14 INF] HTTP GET /lib/jquery-validation/dist/jquery.validate.min.js responded 304 in 0.5803 ms
[12:09:14 INF] HTTP GET /lib/jquery-validation-unobtrusive/dist/jquery.validate.unobtrusive.min.js responded 304 in 0.4948 ms
[12:09:14 INF] HTTP GET /js/products-catalog-filter.js responded 304 in 3.1011 ms
[12:23:45 INF] HTTP GET /Inventory/Products responded 200 in 110.5927 ms
[12:23:45 INF] HTTP GET /css/site.css responded 200 in 1.1775 ms
[12:23:45 INF] HTTP GET /lib/bootstrap/dist/css/bootstrap.min.css responded 200 in 3.6783 ms
[12:23:45 INF] HTTP GET /Biktal.WebMVC.styles.css responded 200 in 2.3193 ms
[12:23:46 INF] HTTP GET /lib/jquery/dist/jquery.min.js responded 200 in 0.9096 ms
[12:23:46 INF] HTTP GET /js/site.js responded 200 in 0.9611 ms
[12:23:46 INF] HTTP GET /lib/bootstrap/dist/js/bootstrap.bundle.min.js responded 200 in 0.8674 ms
[12:23:46 INF] HTTP GET /lib/jquery-validation/dist/jquery.validate.min.js responded 200 in 2.6536 ms
[12:23:46 INF] HTTP GET /lib/jquery-validation-unobtrusive/dist/jquery.validate.unobtrusive.min.js responded 200 in 0.8221 ms
[12:23:46 INF] HTTP GET /js/products-catalog-filter.js responded 200 in 5.7669 ms
[12:24:03 INF] HTTP POST /Inventory/EditProduct responded 302 in 18.3743 ms
[12:24:03 INF] HTTP GET /Inventory/Products responded 200 in 41.3694 ms
[12:24:03 INF] HTTP GET /css/site.css responded 200 in 0.7937 ms
[12:24:03 INF] HTTP GET /Biktal.WebMVC.styles.css responded 200 in 0.4978 ms
[12:24:03 INF] HTTP GET /lib/bootstrap/dist/css/bootstrap.min.css responded 200 in 0.8696 ms
[12:24:03 INF] HTTP GET /lib/jquery/dist/jquery.min.js responded 304 in 0.2560 ms
[12:24:03 INF] HTTP GET /lib/bootstrap/dist/js/bootstrap.bundle.min.js responded 304 in 0.4011 ms
[12:24:03 INF] HTTP GET /js/site.js responded 304 in 0.3006 ms
[12:24:03 INF] HTTP GET /lib/jquery-validation/dist/jquery.validate.min.js responded 304 in 1.6423 ms
[12:24:03 INF] HTTP GET /lib/jquery-validation-unobtrusive/dist/jquery.validate.unobtrusive.min.js responded 304 in 0.4245 ms
[12:24:03 INF] HTTP GET /js/products-catalog-filter.js responded 304 in 0.4462 ms
[12:25:42 INF] HTTP GET /Inventory/Products responded 200 in 72.9155 ms
[12:25:42 INF] HTTP GET /lib/bootstrap/dist/css/bootstrap.min.css responded 200 in 1.2982 ms
[12:25:42 INF] HTTP GET /Biktal.WebMVC.styles.css responded 200 in 0.9093 ms
[12:25:42 INF] HTTP GET /css/site.css responded 200 in 1.2733 ms
[12:25:43 INF] HTTP GET /lib/jquery/dist/jquery.min.js responded 200 in 0.7725 ms
[12:25:43 INF] HTTP GET /lib/jquery-validation/dist/jquery.validate.min.js responded 200 in 0.7570 ms
[12:25:43 INF] HTTP GET /js/site.js responded 200 in 1.1436 ms
[12:25:43 INF] HTTP GET /lib/bootstrap/dist/js/bootstrap.bundle.min.js responded 200 in 0.7450 ms
[12:25:43 INF] HTTP GET /js/products-catalog-filter.js responded 200 in 0.6187 ms
[12:25:43 INF] HTTP GET /lib/jquery-validation-unobtrusive/dist/jquery.validate.unobtrusive.min.js responded 200 in 1.4797 ms
[12:29:07 INF] HTTP POST /Inventory/EditProduct responded 302 in 114.3646 ms
[12:29:07 INF] HTTP GET /Inventory/Products responded 200 in 67.7442 ms
[12:29:07 INF] HTTP GET /css/site.css responded 200 in 1.1393 ms
[12:29:07 INF] HTTP GET /lib/bootstrap/dist/css/bootstrap.min.css responded 200 in 1.0080 ms
[12:29:07 INF] HTTP GET /Biktal.WebMVC.styles.css responded 200 in 0.9446 ms
[12:29:08 INF] HTTP GET /lib/jquery/dist/jquery.min.js responded 200 in 2.5902 ms
[12:29:08 INF] HTTP GET /js/site.js responded 200 in 0.9060 ms
[12:29:08 INF] HTTP GET /lib/bootstrap/dist/js/bootstrap.bundle.min.js responded 200 in 0.9273 ms
[12:29:08 INF] HTTP GET /lib/jquery-validation/dist/jquery.validate.min.js responded 200 in 1.1367 ms
[12:29:08 INF] HTTP GET /lib/jquery-validation-unobtrusive/dist/jquery.validate.unobtrusive.min.js responded 200 in 0.8423 ms
[12:29:08 INF] HTTP GET /js/products-catalog-filter.js responded 200 in 0.9387 ms
[12:49:48 INF] Application is shutting down...
