[17:25:37 WRN] Using an in-memory repository. Keys will not be persisted to storage.
[17:25:38 WRN] Neither user profile nor HKLM registry available. Using an ephemeral key repository. Protected data will be unavailable when application exits.
[17:25:38 WRN] No XML encryptor configured. Key {b2e906e7-f2b2-44fb-ae80-43b8401ca4b6} may be persisted to storage in unencrypted form.
[17:25:38 INF] Application started. Press Ctrl+C to shut down.
[17:25:38 INF] Hosting environment: Production
[17:25:38 INF] Content root path: D:\Systems\BiktalSystems\publish
[17:25:38 ERR] An exception was thrown while deserializing the token.
Microsoft.AspNetCore.Antiforgery.AntiforgeryValidationException: The antiforgery token could not be decrypted.
 ---> System.Security.Cryptography.CryptographicException: The key {656e844b-37fe-492f-b5e2-e5daaf2504ce} was not found in the key ring. For more information go to https://aka.ms/aspnet/dataprotectionwarning
   at Microsoft.AspNetCore.DataProtection.KeyManagement.KeyRingBasedDataProtector.UnprotectCore(Byte[] protectedData, Boolean allowOperationsOnRevokedKeys, UnprotectStatus& status)
   at Microsoft.AspNetCore.DataProtection.KeyManagement.KeyRingBasedDataProtector.Unprotect(Byte[] protectedData)
   at Microsoft.AspNetCore.Antiforgery.DefaultAntiforgeryTokenSerializer.Deserialize(String serializedToken)
   --- End of inner exception stack trace ---
   at Microsoft.AspNetCore.Antiforgery.DefaultAntiforgeryTokenSerializer.Deserialize(String serializedToken)
   at Microsoft.AspNetCore.Antiforgery.DefaultAntiforgery.GetCookieTokenDoesNotThrow(HttpContext httpContext)
[17:25:39 INF] HTTP GET /Inventory/Products responded 200 in 772.5567 ms
[17:25:39 INF] HTTP GET /css/site.css responded 200 in 156.0621 ms
[17:25:39 INF] HTTP GET /Biktal.WebMVC.styles.css responded 200 in 9.4731 ms
[17:25:39 INF] HTTP GET /lib/bootstrap/dist/css/bootstrap.min.css responded 200 in 159.7420 ms
[17:25:40 INF] HTTP GET /lib/jquery/dist/jquery.min.js responded 200 in 7.5644 ms
[17:25:40 INF] HTTP GET /js/site.js responded 200 in 1.9681 ms
[17:25:40 INF] HTTP GET /lib/jquery-validation/dist/jquery.validate.min.js responded 200 in 1.8587 ms
[17:25:40 INF] HTTP GET /lib/jquery-validation-unobtrusive/dist/jquery.validate.unobtrusive.min.js responded 200 in 1.9966 ms
[17:25:40 INF] HTTP GET /lib/bootstrap/dist/js/bootstrap.bundle.min.js responded 200 in 5.1957 ms
[17:25:40 INF] HTTP GET /js/products-catalog-filter.js responded 200 in 18.7881 ms
[17:27:20 INF] HTTP POST /Inventory/AddProduct responded 302 in 358.3849 ms
[17:27:21 INF] HTTP GET /Inventory/Products responded 200 in 329.1429 ms
[17:27:21 INF] HTTP GET /Biktal.WebMVC.styles.css responded 200 in 5.1116 ms
[17:27:21 INF] HTTP GET /lib/bootstrap/dist/css/bootstrap.min.css responded 200 in 7.5230 ms
[17:27:21 INF] HTTP GET /css/site.css responded 200 in 13.4380 ms
[17:27:22 INF] HTTP GET /js/site.js responded 200 in 0.9629 ms
[17:27:22 INF] HTTP GET /lib/jquery/dist/jquery.min.js responded 200 in 27.0415 ms
[17:27:22 INF] HTTP GET /lib/jquery-validation-unobtrusive/dist/jquery.validate.unobtrusive.min.js responded 200 in 18.7893 ms
[17:27:22 INF] HTTP GET /lib/jquery-validation/dist/jquery.validate.min.js responded 200 in 24.5185 ms
[17:27:22 INF] HTTP GET /js/products-catalog-filter.js responded 200 in 0.6744 ms
[17:27:22 INF] HTTP GET /lib/bootstrap/dist/js/bootstrap.bundle.min.js responded 200 in 118.3257 ms
[17:28:38 INF] HTTP POST /Inventory/AddProduct responded 302 in 46.9743 ms
[17:28:38 INF] HTTP GET /Inventory/Products responded 200 in 183.1312 ms
[17:28:38 INF] HTTP GET /css/site.css responded 200 in 3.2256 ms
[17:28:38 INF] HTTP GET /Biktal.WebMVC.styles.css responded 200 in 1.7984 ms
[17:28:38 INF] HTTP GET /lib/bootstrap/dist/css/bootstrap.min.css responded 200 in 4.4510 ms
[17:28:39 INF] HTTP GET /lib/jquery/dist/jquery.min.js responded 304 in 1.0072 ms
[17:28:39 INF] HTTP GET /js/site.js responded 304 in 0.2724 ms
[17:28:39 INF] HTTP GET /lib/jquery-validation-unobtrusive/dist/jquery.validate.unobtrusive.min.js responded 304 in 0.1704 ms
[17:28:39 INF] HTTP GET /lib/jquery-validation/dist/jquery.validate.min.js responded 304 in 0.2470 ms
[17:28:39 INF] HTTP GET /js/products-catalog-filter.js responded 304 in 0.3190 ms
[17:28:39 INF] HTTP GET /lib/bootstrap/dist/js/bootstrap.bundle.min.js responded 304 in 0.5311 ms
[17:49:27 INF] Application is shutting down...
