[17:52:44 WRN] Using an in-memory repository. Keys will not be persisted to storage.
[17:52:44 WRN] Neither user profile nor HKLM registry available. Using an ephemeral key repository. Protected data will be unavailable when application exits.
[17:52:44 WRN] No XML encryptor configured. Key {bbd0347d-f149-417b-8034-40dac8869068} may be persisted to storage in unencrypted form.
[17:52:44 INF] Application started. Press Ctrl+C to shut down.
[17:52:44 INF] Hosting environment: Production
[17:52:44 INF] Content root path: D:\Systems\BiktalSystems\publish
[17:52:45 ERR] An exception was thrown while deserializing the token.
Microsoft.AspNetCore.Antiforgery.AntiforgeryValidationException: The antiforgery token could not be decrypted.
 ---> System.Security.Cryptography.CryptographicException: The key {3b9beb34-2da5-4433-b2cd-e6036bf78b9e} was not found in the key ring. For more information go to https://aka.ms/aspnet/dataprotectionwarning
   at Microsoft.AspNetCore.DataProtection.KeyManagement.KeyRingBasedDataProtector.UnprotectCore(Byte[] protectedData, Boolean allowOperationsOnRevokedKeys, UnprotectStatus& status)
   at Microsoft.AspNetCore.DataProtection.KeyManagement.KeyRingBasedDataProtector.Unprotect(Byte[] protectedData)
   at Microsoft.AspNetCore.Antiforgery.DefaultAntiforgeryTokenSerializer.Deserialize(String serializedToken)
   --- End of inner exception stack trace ---
   at Microsoft.AspNetCore.Antiforgery.DefaultAntiforgeryTokenSerializer.Deserialize(String serializedToken)
   at Microsoft.AspNetCore.Antiforgery.DefaultAntiforgery.GetCookieTokenDoesNotThrow(HttpContext httpContext)
[17:52:46 INF] HTTP GET /css/site.css responded 200 in 47.3634 ms
[17:52:46 INF] HTTP GET /lib/bootstrap/dist/css/bootstrap.min.css responded 200 in 69.1060 ms
[17:52:46 INF] HTTP GET /Biktal.WebMVC.styles.css responded 200 in 16.1836 ms
[17:52:46 INF] HTTP GET /Inventory/Products responded 200 in 1548.5530 ms
[17:52:47 INF] HTTP GET /lib/jquery-validation/dist/jquery.validate.min.js responded 200 in 4.8446 ms
[17:52:47 INF] HTTP GET /lib/jquery-validation-unobtrusive/dist/jquery.validate.unobtrusive.min.js responded 200 in 2.7208 ms
[17:52:47 INF] HTTP GET /lib/jquery/dist/jquery.min.js responded 200 in 69.2716 ms
[17:52:47 INF] HTTP GET /js/site.js responded 200 in 3.4996 ms
[17:52:47 INF] HTTP GET /lib/bootstrap/dist/js/bootstrap.bundle.min.js responded 200 in 6.8380 ms
[17:52:47 INF] HTTP GET /js/products-catalog-filter.js responded 200 in 23.5984 ms
[17:54:32 INF] HTTP POST /Inventory/AddProduct responded 302 in 531.7591 ms
[17:54:32 INF] HTTP GET /Inventory/Products responded 200 in 387.8250 ms
[17:54:32 INF] HTTP GET /lib/bootstrap/dist/css/bootstrap.min.css responded 200 in 4.9518 ms
[17:54:32 INF] HTTP GET /css/site.css responded 200 in 4.0747 ms
[17:54:32 INF] HTTP GET /Biktal.WebMVC.styles.css responded 200 in 2.1097 ms
[17:54:33 INF] HTTP GET /js/products-catalog-filter.js responded 200 in 0.7845 ms
[17:54:33 INF] HTTP GET /lib/jquery/dist/jquery.min.js responded 200 in 30.0125 ms
[17:54:33 INF] HTTP GET /js/site.js responded 200 in 0.7523 ms
[17:54:33 INF] HTTP GET /lib/jquery-validation-unobtrusive/dist/jquery.validate.unobtrusive.min.js responded 200 in 17.5607 ms
[17:54:33 INF] HTTP GET /lib/jquery-validation/dist/jquery.validate.min.js responded 200 in 32.8910 ms
[17:54:33 INF] HTTP GET /lib/bootstrap/dist/js/bootstrap.bundle.min.js responded 200 in 125.3000 ms
[17:54:36 WRN] The query uses the 'First'/'FirstOrDefault' operator without 'OrderBy' and filter operators. This may lead to unpredictable results.
[17:54:36 INF] HTTP GET / responded 200 in 159.6219 ms
[17:54:36 INF] HTTP GET /Biktal.WebMVC.styles.css responded 200 in 1.4073 ms
[17:54:36 INF] HTTP GET /lib/jquery/dist/jquery.min.js responded 304 in 1.6142 ms
[17:54:36 INF] HTTP GET /css/site.css responded 200 in 2.5032 ms
[17:54:36 INF] HTTP GET /lib/bootstrap/dist/css/bootstrap.min.css responded 200 in 2.2569 ms
[17:54:36 INF] HTTP GET /lib/bootstrap/dist/js/bootstrap.bundle.min.js responded 304 in 0.3334 ms
[17:54:36 INF] HTTP GET /js/site.js responded 304 in 0.2753 ms
[17:54:36 INF] HTTP GET /js/pos.js responded 200 in 1.5744 ms
[17:58:40 INF] HTTP POST /Pos/CompleteSale responded 200 in 1270.8927 ms
[18:18:59 INF] Application is shutting down...
