[18:02:30 WRN] Using an in-memory repository. Keys will not be persisted to storage.
[18:02:30 WRN] Neither user profile nor HKLM registry available. Using an ephemeral key repository. Protected data will be unavailable when application exits.
[18:02:30 WRN] No XML encryptor configured. Key {a3054c12-ce90-4b5c-9191-5d938f42d633} may be persisted to storage in unencrypted form.
[18:02:30 INF] Application started. Press Ctrl+C to shut down.
[18:02:30 INF] Hosting environment: Production
[18:02:30 INF] Content root path: D:\Systems\BiktalSystems\publish
[18:02:30 INF] HTTP GET /Insights responded 302 in 93.0343 ms
[18:02:31 INF] HTTP GET /Insights/Daily responded 200 in 385.5321 ms
[18:02:31 INF] HTTP GET /Biktal.WebMVC.styles.css responded 200 in 36.0346 ms
[18:02:31 INF] HTTP GET /css/site.css responded 200 in 40.2570 ms
[18:02:31 INF] HTTP GET /lib/jquery/dist/jquery.min.js responded 200 in 37.4145 ms
[18:02:31 INF] HTTP GET /lib/bootstrap/dist/js/bootstrap.bundle.min.js responded 200 in 38.2251 ms
[18:02:31 INF] HTTP GET /lib/bootstrap/dist/css/bootstrap.min.css responded 200 in 42.2113 ms
[18:02:31 INF] HTTP GET /js/site.js responded 200 in 11.5923 ms
[18:02:44 INF] HTTP GET /Insights/Sale responded 200 in 242.2834 ms
[18:02:44 INF] HTTP GET /Biktal.WebMVC.styles.css responded 304 in 1.6851 ms
[18:02:44 INF] HTTP GET /lib/bootstrap/dist/css/bootstrap.min.css responded 304 in 10.9620 ms
[18:02:44 INF] HTTP GET /css/site.css responded 304 in 5.1963 ms
[18:02:44 INF] HTTP GET /js/site.js responded 304 in 46.3973 ms
[18:02:44 INF] HTTP GET /lib/jquery/dist/jquery.min.js responded 304 in 62.9559 ms
[18:02:44 INF] HTTP GET /lib/bootstrap/dist/js/bootstrap.bundle.min.js responded 304 in 178.4005 ms
[18:02:49 INF] HTTP GET /Insights/Daily responded 200 in 50.1173 ms
[18:02:49 INF] HTTP GET /lib/bootstrap/dist/css/bootstrap.min.css responded 304 in 2.9362 ms
[18:02:49 INF] HTTP GET /Biktal.WebMVC.styles.css responded 304 in 0.6355 ms
[18:02:49 INF] HTTP GET /css/site.css responded 304 in 1.5937 ms
[18:02:49 INF] HTTP GET /lib/bootstrap/dist/js/bootstrap.bundle.min.js responded 304 in 0.3374 ms
[18:02:49 INF] HTTP GET /js/site.js responded 304 in 0.2485 ms
[18:02:49 INF] HTTP GET /lib/jquery/dist/jquery.min.js responded 304 in 0.4864 ms
[18:02:52 INF] HTTP GET /Insights/Sale responded 200 in 12.1482 ms
[18:02:52 INF] HTTP GET /lib/bootstrap/dist/css/bootstrap.min.css responded 200 in 2.0324 ms
[18:02:52 INF] HTTP GET /css/site.css responded 304 in 0.7258 ms
[18:02:52 INF] HTTP GET /Biktal.WebMVC.styles.css responded 304 in 0.4679 ms
[18:02:52 INF] HTTP GET /lib/jquery/dist/jquery.min.js responded 304 in 1.3055 ms
[18:02:52 INF] HTTP GET /lib/bootstrap/dist/js/bootstrap.bundle.min.js responded 304 in 0.3823 ms
[18:02:52 INF] HTTP GET /js/site.js responded 304 in 0.4368 ms
[18:02:56 INF] HTTP GET /Insights/Monthly responded 200 in 94.5187 ms
[18:02:56 INF] HTTP GET /lib/bootstrap/dist/css/bootstrap.min.css responded 304 in 0.8066 ms
[18:02:56 INF] HTTP GET /css/site.css responded 304 in 0.3514 ms
[18:02:56 INF] HTTP GET /Biktal.WebMVC.styles.css responded 304 in 0.2570 ms
[18:02:56 INF] HTTP GET /lib/bootstrap/dist/js/bootstrap.bundle.min.js responded 304 in 0.2445 ms
[18:02:56 INF] HTTP GET /lib/jquery/dist/jquery.min.js responded 304 in 0.2445 ms
[18:02:56 INF] HTTP GET /js/site.js responded 304 in 0.8939 ms
[18:02:57 INF] HTTP GET /Insights/Daily responded 200 in 27.2950 ms
[18:02:57 INF] HTTP GET /lib/bootstrap/dist/css/bootstrap.min.css responded 200 in 8.1563 ms
[18:02:57 INF] HTTP GET /css/site.css responded 304 in 0.4284 ms
[18:02:57 INF] HTTP GET /Biktal.WebMVC.styles.css responded 304 in 0.3054 ms
[18:02:57 INF] HTTP GET /lib/bootstrap/dist/js/bootstrap.bundle.min.js responded 304 in 0.3441 ms
[18:02:57 INF] HTTP GET /lib/jquery/dist/jquery.min.js responded 304 in 0.3546 ms
[18:02:57 INF] HTTP GET /js/site.js responded 304 in 0.4386 ms
[18:02:58 INF] HTTP GET /Insights/Monthly responded 200 in 23.9952 ms
[18:02:58 INF] HTTP GET /lib/bootstrap/dist/css/bootstrap.min.css responded 304 in 0.3456 ms
[18:02:58 INF] HTTP GET /css/site.css responded 304 in 0.2322 ms
[18:02:58 INF] HTTP GET /Biktal.WebMVC.styles.css responded 304 in 0.3088 ms
[18:02:58 INF] HTTP GET /lib/jquery/dist/jquery.min.js responded 304 in 0.2441 ms
[18:02:58 INF] HTTP GET /lib/bootstrap/dist/js/bootstrap.bundle.min.js responded 304 in 0.1855 ms
[18:02:58 INF] HTTP GET /js/site.js responded 304 in 0.6503 ms
[18:16:09 WRN] The query uses the 'First'/'FirstOrDefault' operator without 'OrderBy' and filter operators. This may lead to unpredictable results.
[18:16:09 ERR] An exception was thrown while deserializing the token.
Microsoft.AspNetCore.Antiforgery.AntiforgeryValidationException: The antiforgery token could not be decrypted.
 ---> System.Security.Cryptography.CryptographicException: The key {69f2a8d5-e7e1-4ea0-9204-747fc69abb0c} was not found in the key ring. For more information go to https://aka.ms/aspnet/dataprotectionwarning
   at Microsoft.AspNetCore.DataProtection.KeyManagement.KeyRingBasedDataProtector.UnprotectCore(Byte[] protectedData, Boolean allowOperationsOnRevokedKeys, UnprotectStatus& status)
   at Microsoft.AspNetCore.DataProtection.KeyManagement.KeyRingBasedDataProtector.Unprotect(Byte[] protectedData)
   at Microsoft.AspNetCore.Antiforgery.DefaultAntiforgeryTokenSerializer.Deserialize(String serializedToken)
   --- End of inner exception stack trace ---
   at Microsoft.AspNetCore.Antiforgery.DefaultAntiforgeryTokenSerializer.Deserialize(String serializedToken)
   at Microsoft.AspNetCore.Antiforgery.DefaultAntiforgery.GetCookieTokenDoesNotThrow(HttpContext httpContext)
[18:16:09 INF] HTTP GET / responded 200 in 303.1882 ms
[18:16:09 INF] HTTP GET /Biktal.WebMVC.styles.css responded 200 in 15.5772 ms
[18:16:09 INF] HTTP GET /js/site.js responded 200 in 23.3854 ms
[18:16:09 INF] HTTP GET /lib/bootstrap/dist/css/bootstrap.min.css responded 200 in 149.4582 ms
[18:16:09 INF] HTTP GET /lib/jquery/dist/jquery.min.js responded 200 in 34.5049 ms
[18:16:09 INF] HTTP GET /lib/bootstrap/dist/js/bootstrap.bundle.min.js responded 200 in 20.2812 ms
[18:16:09 INF] HTTP GET /css/site.css responded 200 in 162.4743 ms
[18:16:09 INF] HTTP GET /js/pos.js responded 200 in 43.6361 ms
[18:36:21 INF] Application is shutting down...
