[16:18:21 WRN] Using an in-memory repository. Keys will not be persisted to storage.
[16:18:21 WRN] Neither user profile nor HKLM registry available. Using an ephemeral key repository. Protected data will be unavailable when application exits.
[16:18:21 WRN] No XML encryptor configured. Key {167c52ca-f431-49d4-bccf-85d782540306} may be persisted to storage in unencrypted form.
[16:18:21 INF] Application started. Press Ctrl+C to shut down.
[16:18:21 INF] Hosting environment: Production
[16:18:21 INF] Content root path: D:\Systems\BiktalSystems\publish
[16:18:21 INF] HTTP POST /Pos/CompleteSale responded 400 in 137.7202 ms
[16:18:29 WRN] The query uses the 'First'/'FirstOrDefault' operator without 'OrderBy' and filter operators. This may lead to unpredictable results.
[16:18:29 ERR] An exception was thrown while deserializing the token.
Microsoft.AspNetCore.Antiforgery.AntiforgeryValidationException: The antiforgery token could not be decrypted.
 ---> System.Security.Cryptography.CryptographicException: The key {a3088d8f-9a03-464f-89ef-86d66c634989} was not found in the key ring. For more information go to https://aka.ms/aspnet/dataprotectionwarning
   at Microsoft.AspNetCore.DataProtection.KeyManagement.KeyRingBasedDataProtector.UnprotectCore(Byte[] protectedData, Boolean allowOperationsOnRevokedKeys, UnprotectStatus& status)
   at Microsoft.AspNetCore.DataProtection.KeyManagement.KeyRingBasedDataProtector.Unprotect(Byte[] protectedData)
   at Microsoft.AspNetCore.Antiforgery.DefaultAntiforgeryTokenSerializer.Deserialize(String serializedToken)
   --- End of inner exception stack trace ---
   at Microsoft.AspNetCore.Antiforgery.DefaultAntiforgeryTokenSerializer.Deserialize(String serializedToken)
   at Microsoft.AspNetCore.Antiforgery.DefaultAntiforgery.GetCookieTokenDoesNotThrow(HttpContext httpContext)
[16:18:30 INF] HTTP GET / responded 200 in 318.8497 ms
[16:18:30 INF] HTTP GET /lib/bootstrap/dist/css/bootstrap.min.css responded 200 in 37.2741 ms
[16:18:30 INF] HTTP GET /css/site.css responded 200 in 65.7071 ms
[16:18:30 INF] HTTP GET /Biktal.WebMVC.styles.css responded 200 in 29.6265 ms
[16:18:30 INF] HTTP GET /lib/bootstrap/dist/js/bootstrap.bundle.min.js responded 200 in 55.0701 ms
[16:18:30 INF] HTTP GET /lib/jquery/dist/jquery.min.js responded 200 in 57.4679 ms
[16:18:30 INF] HTTP GET /js/site.js responded 200 in 1.4600 ms
[16:18:30 INF] HTTP GET /js/pos.js responded 200 in 1.4403 ms
[16:18:44 INF] HTTP GET / responded 200 in 127.7792 ms
[16:18:44 INF] HTTP GET /lib/bootstrap/dist/css/bootstrap.min.css responded 304 in 9.4833 ms
[16:18:44 INF] HTTP GET /css/site.css responded 304 in 7.3675 ms
[16:18:44 INF] HTTP GET /Biktal.WebMVC.styles.css responded 304 in 0.2978 ms
[16:18:44 INF] HTTP GET /lib/jquery/dist/jquery.min.js responded 304 in 47.0853 ms
[16:18:44 INF] HTTP GET /js/site.js responded 304 in 31.2303 ms
[16:18:44 INF] HTTP GET /js/pos.js responded 304 in 1.6996 ms
[16:18:45 INF] HTTP GET /lib/bootstrap/dist/js/bootstrap.bundle.min.js responded 304 in 169.8560 ms
[16:18:45 INF] HTTP GET /favicon.ico responded 200 in 21.5639 ms
[16:19:14 INF] HTTP POST /Pos/CompleteSale responded 200 in 789.5387 ms
[16:39:39 INF] Application is shutting down...
