[12:15:20 WRN] Using an in-memory repository. Keys will not be persisted to storage.
[12:15:20 WRN] Neither user profile nor HKLM registry available. Using an ephemeral key repository. Protected data will be unavailable when application exits.
[12:15:20 WRN] No XML encryptor configured. Key {2cef2454-874f-4f28-b6be-b42109334fce} may be persisted to storage in unencrypted form.
[12:15:20 INF] Application started. Press Ctrl+C to shut down.
[12:15:20 INF] Hosting environment: Production
[12:15:20 INF] Content root path: D:\Systems\BiktalSystems\publish
[12:15:21 WRN] The query uses the 'First'/'FirstOrDefault' operator without 'OrderBy' and filter operators. This may lead to unpredictable results.
[12:15:21 ERR] An exception was thrown while deserializing the token.
Microsoft.AspNetCore.Antiforgery.AntiforgeryValidationException: The antiforgery token could not be decrypted.
 ---> System.Security.Cryptography.CryptographicException: The key {94a03061-1816-4efc-aedc-a6f5d3931ff9} was not found in the key ring. For more information go to https://aka.ms/aspnet/dataprotectionwarning
   at Microsoft.AspNetCore.DataProtection.KeyManagement.KeyRingBasedDataProtector.UnprotectCore(Byte[] protectedData, Boolean allowOperationsOnRevokedKeys, UnprotectStatus& status)
   at Microsoft.AspNetCore.DataProtection.KeyManagement.KeyRingBasedDataProtector.Unprotect(Byte[] protectedData)
   at Microsoft.AspNetCore.Antiforgery.DefaultAntiforgeryTokenSerializer.Deserialize(String serializedToken)
   --- End of inner exception stack trace ---
   at Microsoft.AspNetCore.Antiforgery.DefaultAntiforgeryTokenSerializer.Deserialize(String serializedToken)
   at Microsoft.AspNetCore.Antiforgery.DefaultAntiforgery.GetCookieTokenDoesNotThrow(HttpContext httpContext)
[12:15:21 INF] HTTP GET / responded 200 in 784.3133 ms
[12:15:21 INF] HTTP GET /Biktal.WebMVC.styles.css responded 200 in 28.6351 ms
[12:15:21 INF] HTTP GET /lib/bootstrap/dist/css/bootstrap.min.css responded 200 in 37.5242 ms
[12:15:21 INF] HTTP GET /css/site.css responded 200 in 36.4947 ms
[12:15:22 INF] HTTP GET /js/pos.js responded 200 in 105.2677 ms
[12:15:22 INF] HTTP GET /lib/bootstrap/dist/js/bootstrap.bundle.min.js responded 200 in 107.3942 ms
[12:15:22 INF] HTTP GET /lib/jquery/dist/jquery.min.js responded 200 in 110.3178 ms
[12:15:22 INF] HTTP GET /js/site.js responded 200 in 123.8647 ms
[12:18:23 INF] HTTP GET /Finance responded 200 in 456.0927 ms
[12:18:24 INF] HTTP GET /lib/bootstrap/dist/css/bootstrap.min.css responded 200 in 1.4890 ms
[12:18:24 INF] HTTP GET /css/site.css responded 200 in 3.4101 ms
[12:18:24 INF] HTTP GET /Biktal.WebMVC.styles.css responded 200 in 0.8626 ms
[12:18:24 INF] HTTP GET /lib/jquery/dist/jquery.min.js responded 200 in 60.6110 ms
[12:18:24 INF] HTTP GET /js/site.js responded 200 in 0.9165 ms
[12:18:24 INF] HTTP GET /lib/bootstrap/dist/js/bootstrap.bundle.min.js responded 200 in 174.9721 ms
[12:27:16 INF] HTTP GET /Finance/Cashbox responded 200 in 954.9565 ms
[12:27:16 INF] HTTP GET /css/site.css responded 200 in 4.0645 ms
[12:27:16 INF] HTTP GET /Biktal.WebMVC.styles.css responded 200 in 4.4818 ms
[12:27:16 INF] HTTP GET /js/site.js responded 200 in 1.9931 ms
[12:27:16 INF] HTTP GET /lib/bootstrap/dist/css/bootstrap.min.css responded 200 in 18.6018 ms
[12:27:16 INF] HTTP GET /lib/jquery/dist/jquery.min.js responded 200 in 4.2556 ms
[12:27:16 INF] HTTP GET /lib/jquery-validation-unobtrusive/dist/jquery.validate.unobtrusive.min.js responded 200 in 1.9274 ms
[12:27:16 INF] HTTP GET /lib/bootstrap/dist/js/bootstrap.bundle.min.js responded 200 in 5.5111 ms
[12:27:16 INF] HTTP GET /lib/jquery-validation/dist/jquery.validate.min.js responded 200 in 3.5116 ms
[12:28:52 INF] HTTP POST /Finance/CloseCashboxSession responded 302 in 618.1701 ms
[12:28:52 INF] HTTP GET /Finance/Cashbox responded 200 in 50.2717 ms
[12:28:52 INF] HTTP GET /css/site.css responded 200 in 1.3556 ms
[12:28:52 INF] HTTP GET /lib/bootstrap/dist/css/bootstrap.min.css responded 200 in 1.3082 ms
[12:28:52 INF] HTTP GET /Biktal.WebMVC.styles.css responded 200 in 2.5144 ms
[12:28:52 INF] HTTP GET /lib/jquery/dist/jquery.min.js responded 200 in 1.2714 ms
[12:28:52 INF] HTTP GET /lib/bootstrap/dist/js/bootstrap.bundle.min.js responded 200 in 1.2710 ms
[12:28:52 INF] HTTP GET /js/site.js responded 200 in 1.1388 ms
[12:28:52 INF] HTTP GET /lib/jquery-validation-unobtrusive/dist/jquery.validate.unobtrusive.min.js responded 200 in 17.0336 ms
[12:28:52 INF] HTTP GET /lib/jquery-validation/dist/jquery.validate.min.js responded 200 in 30.1420 ms
[12:29:24 INF] HTTP POST /Finance/OpenCashboxSession responded 302 in 123.6133 ms
[12:29:24 INF] HTTP GET /Finance/Cashbox responded 200 in 27.9657 ms
[12:29:25 INF] HTTP GET /css/site.css responded 200 in 5.8254 ms
[12:29:25 INF] HTTP GET /lib/bootstrap/dist/css/bootstrap.min.css responded 200 in 3.0901 ms
[12:29:25 INF] HTTP GET /Biktal.WebMVC.styles.css responded 200 in 1.1557 ms
[12:29:25 INF] HTTP GET /lib/jquery/dist/jquery.min.js responded 304 in 1.7758 ms
[12:29:25 INF] HTTP GET /lib/jquery-validation/dist/jquery.validate.min.js responded 304 in 0.8145 ms
[12:29:25 INF] HTTP GET /lib/jquery-validation-unobtrusive/dist/jquery.validate.unobtrusive.min.js responded 304 in 0.5274 ms
[12:29:25 INF] HTTP GET /lib/bootstrap/dist/js/bootstrap.bundle.min.js responded 304 in 0.2945 ms
[12:29:25 INF] HTTP GET /js/site.js responded 304 in 0.2961 ms
[12:29:34 INF] HTTP GET / responded 200 in 64.9386 ms
[12:29:34 INF] HTTP GET /lib/bootstrap/dist/css/bootstrap.min.css responded 200 in 1.4269 ms
[12:29:34 INF] HTTP GET /css/site.css responded 200 in 0.9709 ms
[12:29:34 INF] HTTP GET /Biktal.WebMVC.styles.css responded 200 in 5.3038 ms
[12:29:34 INF] HTTP GET /js/pos.js responded 200 in 1.5288 ms
[12:29:34 INF] HTTP GET /js/site.js responded 304 in 0.3201 ms
[12:29:34 INF] HTTP GET /lib/jquery/dist/jquery.min.js responded 304 in 0.8495 ms
[12:29:34 INF] HTTP GET /lib/bootstrap/dist/js/bootstrap.bundle.min.js responded 304 in 0.1961 ms
[12:29:49 INF] HTTP POST /Pos/CompleteSale responded 200 in 1042.4255 ms
[12:50:29 INF] Application is shutting down...
