[19:18:59 WRN] Using an in-memory repository. Keys will not be persisted to storage.
[19:18:59 WRN] Neither user profile nor HKLM registry available. Using an ephemeral key repository. Protected data will be unavailable when application exits.
[19:18:59 WRN] No XML encryptor configured. Key {659f4ea7-fe1a-4d42-b54c-3980feec0933} may be persisted to storage in unencrypted form.
[19:19:00 INF] Application started. Press Ctrl+C to shut down.
[19:19:00 INF] Hosting environment: Production
[19:19:00 INF] Content root path: D:\Systems\BiktalSystems\publish
[19:19:00 WRN] The query uses the 'First'/'FirstOrDefault' operator without 'OrderBy' and filter operators. This may lead to unpredictable results.
[19:19:00 ERR] HTTP GET /Inventory/Products responded 500 in 213.6013 ms
System.OperationCanceledException: The operation was canceled.
   at System.Threading.CancellationToken.ThrowOperationCanceledException()
   at System.Threading.CancellationToken.ThrowIfCancellationRequested()
   at Npgsql.NpgsqlCommand.ExecuteReader(Boolean async, CommandBehavior behavior, CancellationToken cancellationToken)
   at Npgsql.NpgsqlCommand.ExecuteReader(Boolean async, CommandBehavior behavior, CancellationToken cancellationToken)
   at Npgsql.NpgsqlCommand.ExecuteDbDataReaderAsync(CommandBehavior behavior, CancellationToken cancellationToken)
   at Microsoft.EntityFrameworkCore.Storage.RelationalCommand.ExecuteReaderAsync(RelationalCommandParameterObject parameterObject, CancellationToken cancellationToken)
   at Microsoft.EntityFrameworkCore.Storage.RelationalCommand.ExecuteReaderAsync(RelationalCommandParameterObject parameterObject, CancellationToken cancellationToken)
   at Microsoft.EntityFrameworkCore.Query.Internal.SingleQueryingEnumerable`1.AsyncEnumerator.InitializeReaderAsync(AsyncEnumerator enumerator, CancellationToken cancellationToken)
   at Npgsql.EntityFrameworkCore.PostgreSQL.Storage.Internal.NpgsqlExecutionStrategy.ExecuteAsync[TState,TResult](TState state, Func`4 operation, Func`4 verifySucceeded, CancellationToken cancellationToken)
   at Microsoft.EntityFrameworkCore.Query.Internal.SingleQueryingEnumerable`1.AsyncEnumerator.MoveNextAsync()
   at Microsoft.EntityFrameworkCore.EntityFrameworkQueryableExtensions.ToListAsync[TSource](IQueryable`1 source, CancellationToken cancellationToken)
   at Microsoft.EntityFrameworkCore.EntityFrameworkQueryableExtensions.ToListAsync[TSource](IQueryable`1 source, CancellationToken cancellationToken)
   at Biktal.WebMVC.Controllers.InventoryController.BuildProductsPageViewModelAsync(AddProductFormModel newProduct, Boolean openAddProductModal, EditProductFormModel editProduct, Boolean openEditProductModal, CancellationToken cancellationToken) in D:\Systems\BiktalSystems\Controllers\InventoryController.cs:line 711
   at Biktal.WebMVC.Controllers.InventoryController.Products(Nullable`1 editId, CancellationToken cancellationToken) in D:\Systems\BiktalSystems\Controllers\InventoryController.cs:line 66
   at Microsoft.AspNetCore.Mvc.Infrastructure.ActionMethodExecutor.TaskOfIActionResultExecutor.Execute(ActionContext actionContext, IActionResultTypeMapper mapper, ObjectMethodExecutor executor, Object controller, Object[] arguments)
   at Microsoft.AspNetCore.Mvc.Infrastructure.ControllerActionInvoker.<InvokeActionMethodAsync>g__Awaited|12_0(ControllerActionInvoker invoker, ValueTask`1 actionResultValueTask)
   at Microsoft.AspNetCore.Mvc.Infrastructure.ControllerActionInvoker.<InvokeNextActionFilterAsync>g__Awaited|10_0(ControllerActionInvoker invoker, Task lastTask, State next, Scope scope, Object state, Boolean isCompleted)
   at Microsoft.AspNetCore.Mvc.Infrastructure.ControllerActionInvoker.Rethrow(ActionExecutedContextSealed context)
   at Microsoft.AspNetCore.Mvc.Infrastructure.ControllerActionInvoker.Next(State& next, Scope& scope, Object& state, Boolean& isCompleted)
   at Microsoft.AspNetCore.Mvc.Infrastructure.ControllerActionInvoker.InvokeInnerFilterAsync()
--- End of stack trace from previous location ---
   at Microsoft.AspNetCore.Mvc.Infrastructure.ResourceInvoker.<InvokeNextResourceFilter>g__Awaited|25_0(ResourceInvoker invoker, Task lastTask, State next, Scope scope, Object state, Boolean isCompleted)
   at Microsoft.AspNetCore.Mvc.Infrastructure.ResourceInvoker.Rethrow(ResourceExecutedContextSealed context)
   at Microsoft.AspNetCore.Mvc.Infrastructure.ResourceInvoker.Next(State& next, Scope& scope, Object& state, Boolean& isCompleted)
   at Microsoft.AspNetCore.Mvc.Infrastructure.ResourceInvoker.InvokeFilterPipelineAsync()
--- End of stack trace from previous location ---
   at Microsoft.AspNetCore.Mvc.Infrastructure.ResourceInvoker.<InvokeAsync>g__Awaited|17_0(ResourceInvoker invoker, Task task, IDisposable scope)
   at Microsoft.AspNetCore.Mvc.Infrastructure.ResourceInvoker.<InvokeAsync>g__Awaited|17_0(ResourceInvoker invoker, Task task, IDisposable scope)
   at Microsoft.AspNetCore.Authorization.AuthorizationMiddleware.Invoke(HttpContext context)
   at Program.<>c.<<<Main>$>b__0_2>d.MoveNext() in D:\Systems\BiktalSystems\Program.cs:line 71
--- End of stack trace from previous location ---
   at Microsoft.AspNetCore.Authentication.AuthenticationMiddleware.Invoke(HttpContext context)
   at Microsoft.AspNetCore.Routing.EndpointRoutingMiddleware.<Invoke>g__AwaitMatcher|10_0(EndpointRoutingMiddleware middleware, HttpContext httpContext, Task`1 matcherTask)
   at Serilog.AspNetCore.RequestLoggingMiddleware.Invoke(HttpContext httpContext)
[19:19:00 ERR] An exception was thrown while deserializing the token.
Microsoft.AspNetCore.Antiforgery.AntiforgeryValidationException: The antiforgery token could not be decrypted.
 ---> System.Security.Cryptography.CryptographicException: The key {c0bceb8d-fb75-4d3c-aab2-3e4c18bf25b8} was not found in the key ring. For more information go to https://aka.ms/aspnet/dataprotectionwarning
   at Microsoft.AspNetCore.DataProtection.KeyManagement.KeyRingBasedDataProtector.UnprotectCore(Byte[] protectedData, Boolean allowOperationsOnRevokedKeys, UnprotectStatus& status)
   at Microsoft.AspNetCore.DataProtection.KeyManagement.KeyRingBasedDataProtector.Unprotect(Byte[] protectedData)
   at Microsoft.AspNetCore.Antiforgery.DefaultAntiforgeryTokenSerializer.Deserialize(String serializedToken)
   --- End of inner exception stack trace ---
   at Microsoft.AspNetCore.Antiforgery.DefaultAntiforgeryTokenSerializer.Deserialize(String serializedToken)
   at Microsoft.AspNetCore.Antiforgery.DefaultAntiforgery.GetCookieTokenDoesNotThrow(HttpContext httpContext)
[19:19:00 INF] HTTP GET / responded 200 in 491.0635 ms
[19:19:00 INF] HTTP GET /css/site.css responded 200 in 38.3031 ms
[19:19:00 INF] HTTP GET /Biktal.WebMVC.styles.css responded 200 in 23.7762 ms
[19:19:00 INF] HTTP GET /lib/bootstrap/dist/css/bootstrap.min.css responded 200 in 85.0286 ms
[19:19:01 INF] HTTP GET /lib/jquery/dist/jquery.min.js responded 200 in 24.9860 ms
[19:19:01 INF] HTTP GET /lib/bootstrap/dist/js/bootstrap.bundle.min.js responded 200 in 26.3542 ms
[19:19:01 INF] HTTP GET /js/site.js responded 200 in 19.8146 ms
[19:19:01 INF] HTTP GET /js/pos.js responded 200 in 110.7401 ms
[19:22:00 INF] HTTP GET /lib/bootstrap/dist/css/bootstrap.min.css responded 200 in 1.2510 ms
[19:22:00 INF] HTTP GET /Inventory/Products responded 200 in 681.9399 ms
[19:22:00 INF] HTTP GET /css/site.css responded 200 in 8.0170 ms
[19:22:00 INF] HTTP GET /Biktal.WebMVC.styles.css responded 200 in 0.9527 ms
[19:22:01 INF] HTTP GET /lib/jquery/dist/jquery.min.js responded 200 in 20.7011 ms
[19:22:01 INF] HTTP GET /js/site.js responded 200 in 0.9314 ms
[19:22:01 INF] HTTP GET /lib/jquery-validation-unobtrusive/dist/jquery.validate.unobtrusive.min.js responded 200 in 6.5366 ms
[19:22:01 INF] HTTP GET /lib/jquery-validation/dist/jquery.validate.min.js responded 200 in 7.3133 ms
[19:22:01 INF] HTTP GET /js/products-catalog-filter.js responded 200 in 8.4126 ms
[19:22:01 INF] HTTP GET /lib/bootstrap/dist/js/bootstrap.bundle.min.js responded 200 in 120.3068 ms
[19:22:02 INF] HTTP GET /Repairs responded 200 in 118.2641 ms
[19:22:02 INF] HTTP GET /lib/bootstrap/dist/css/bootstrap.min.css responded 304 in 11.8077 ms
[19:22:02 INF] HTTP GET /css/site.css responded 304 in 0.7126 ms
[19:22:02 INF] HTTP GET /Biktal.WebMVC.styles.css responded 304 in 0.3990 ms
[19:22:02 INF] HTTP GET /js/site.js responded 200 in 0.7243 ms
[19:22:02 INF] HTTP GET /lib/bootstrap/dist/js/bootstrap.bundle.min.js responded 200 in 1.6415 ms
[19:22:02 INF] HTTP GET /lib/jquery/dist/jquery.min.js responded 304 in 0.6256 ms
[19:22:04 INF] HTTP GET /Finance responded 200 in 76.6363 ms
[19:22:05 INF] HTTP GET /lib/bootstrap/dist/css/bootstrap.min.css responded 304 in 0.6663 ms
[19:22:05 INF] HTTP GET /css/site.css responded 304 in 1.0702 ms
[19:22:05 INF] HTTP GET /Biktal.WebMVC.styles.css responded 304 in 0.2761 ms
[19:22:05 INF] HTTP GET /lib/jquery/dist/jquery.min.js responded 304 in 0.4179 ms
[19:22:05 INF] HTTP GET /js/site.js responded 304 in 0.2903 ms
[19:22:05 INF] HTTP GET /lib/bootstrap/dist/js/bootstrap.bundle.min.js responded 304 in 0.4961 ms
[19:22:07 WRN] The query uses the 'First'/'FirstOrDefault' operator without 'OrderBy' and filter operators. This may lead to unpredictable results.
[19:22:07 WRN] The query uses the 'First'/'FirstOrDefault' operator without 'OrderBy' and filter operators. This may lead to unpredictable results.
[19:22:07 INF] HTTP GET /Operations responded 200 in 133.5505 ms
[19:22:07 INF] HTTP GET /lib/bootstrap/dist/css/bootstrap.min.css responded 304 in 15.0331 ms
[19:22:07 INF] HTTP GET /css/site.css responded 304 in 0.3241 ms
[19:22:07 INF] HTTP GET /Biktal.WebMVC.styles.css responded 304 in 0.3351 ms
[19:22:07 INF] HTTP GET /lib/bootstrap/dist/js/bootstrap.bundle.min.js responded 304 in 0.8566 ms
[19:22:07 INF] HTTP GET /lib/jquery/dist/jquery.min.js responded 304 in 0.5648 ms
[19:22:07 INF] HTTP GET /js/site.js responded 304 in 2.5291 ms
[19:22:10 INF] HTTP GET /Insights responded 302 in 3.9271 ms
[19:22:10 INF] HTTP GET /Insights/Daily responded 200 in 138.0582 ms
[19:22:10 INF] HTTP GET /lib/bootstrap/dist/css/bootstrap.min.css responded 304 in 4.6708 ms
[19:22:10 INF] HTTP GET /css/site.css responded 304 in 1.0459 ms
[19:22:10 INF] HTTP GET /Biktal.WebMVC.styles.css responded 304 in 0.3669 ms
[19:22:10 INF] HTTP GET /lib/jquery/dist/jquery.min.js responded 304 in 0.1674 ms
[19:22:10 INF] HTTP GET /lib/bootstrap/dist/js/bootstrap.bundle.min.js responded 304 in 0.2049 ms
[19:22:10 INF] HTTP GET /js/site.js responded 304 in 0.2581 ms
[19:22:12 INF] HTTP GET /Staff responded 200 in 89.4529 ms
[19:22:12 INF] HTTP GET /lib/bootstrap/dist/css/bootstrap.min.css responded 200 in 16.6125 ms
[19:22:12 INF] HTTP GET /css/site.css responded 304 in 0.2023 ms
[19:22:12 INF] HTTP GET /Biktal.WebMVC.styles.css responded 304 in 0.1744 ms
[19:22:12 INF] HTTP GET /lib/jquery/dist/jquery.min.js responded 304 in 0.4698 ms
[19:22:12 INF] HTTP GET /lib/bootstrap/dist/js/bootstrap.bundle.min.js responded 304 in 0.1999 ms
[19:22:12 INF] HTTP GET /js/site.js responded 304 in 0.2380 ms
[19:22:13 INF] HTTP GET / responded 200 in 27.0025 ms
[19:22:14 INF] HTTP GET /lib/bootstrap/dist/css/bootstrap.min.css responded 304 in 0.1904 ms
[19:22:14 INF] HTTP GET /css/site.css responded 304 in 0.1539 ms
[19:22:14 INF] HTTP GET /Biktal.WebMVC.styles.css responded 304 in 0.1012 ms
[19:22:14 INF] HTTP GET /lib/jquery/dist/jquery.min.js responded 304 in 0.2107 ms
[19:22:14 INF] HTTP GET /js/pos.js responded 200 in 8.7463 ms
[19:22:14 INF] HTTP GET /js/site.js responded 304 in 0.4015 ms
[19:22:14 INF] HTTP GET /lib/bootstrap/dist/js/bootstrap.bundle.min.js responded 304 in 0.1164 ms
[19:28:00 INF] HTTP GET /Inventory/Products responded 200 in 184.4606 ms
[19:28:00 INF] HTTP GET /lib/bootstrap/dist/css/bootstrap.min.css responded 200 in 1.7185 ms
[19:28:00 INF] HTTP GET /Biktal.WebMVC.styles.css responded 200 in 1.1599 ms
[19:28:00 INF] HTTP GET /css/site.css responded 200 in 0.6863 ms
[19:28:01 INF] HTTP GET /lib/jquery/dist/jquery.min.js responded 200 in 1.4917 ms
[19:28:01 INF] HTTP GET /js/site.js responded 200 in 1.2993 ms
[19:28:01 INF] HTTP GET /lib/bootstrap/dist/js/bootstrap.bundle.min.js responded 200 in 1.0154 ms
[19:28:01 INF] HTTP GET /js/products-catalog-filter.js responded 200 in 0.6786 ms
[19:28:01 INF] HTTP GET /lib/jquery-validation-unobtrusive/dist/jquery.validate.unobtrusive.min.js responded 200 in 17.4992 ms
[19:28:01 INF] HTTP GET /lib/jquery-validation/dist/jquery.validate.min.js responded 200 in 22.3418 ms
[19:28:06 INF] HTTP GET /Inventory/Stock responded 200 in 178.0597 ms
[19:28:06 INF] HTTP GET /Biktal.WebMVC.styles.css responded 304 in 0.1536 ms
[19:28:06 INF] HTTP GET /css/site.css responded 304 in 0.1328 ms
[19:28:06 INF] HTTP GET /Repairs responded 200 in 48.0634 ms
[19:28:06 INF] HTTP GET /lib/bootstrap/dist/css/bootstrap.min.css responded 304 in 0.7703 ms
[19:28:06 INF] HTTP GET /Biktal.WebMVC.styles.css responded 200 in 1.8952 ms
[19:28:06 INF] HTTP GET /lib/bootstrap/dist/css/bootstrap.min.css responded 200 in 4.9174 ms
[19:28:06 INF] HTTP GET /lib/jquery/dist/jquery.min.js responded 304 in 0.1930 ms
[19:28:06 INF] HTTP GET /js/site.js responded 304 in 0.1223 ms
[19:28:06 INF] HTTP GET /css/site.css responded 200 in 0.5694 ms
[19:28:06 INF] HTTP GET /lib/bootstrap/dist/js/bootstrap.bundle.min.js responded 304 in 0.1786 ms
[19:28:11 INF] HTTP GET /Repairs/Tickets responded 200 in 52.1040 ms
[19:28:11 INF] HTTP GET /lib/bootstrap/dist/css/bootstrap.min.css responded 304 in 0.1925 ms
[19:28:11 INF] HTTP GET /css/site.css responded 304 in 0.1666 ms
[19:28:11 INF] HTTP GET /lib/jquery/dist/jquery.min.js responded 304 in 0.1821 ms
[19:28:11 INF] HTTP GET /Biktal.WebMVC.styles.css responded 304 in 0.1369 ms
[19:28:11 INF] HTTP GET /lib/bootstrap/dist/js/bootstrap.bundle.min.js responded 304 in 0.3169 ms
[19:28:11 INF] HTTP GET /js/site.js responded 304 in 0.1687 ms
[19:28:13 INF] HTTP GET /Repairs/New responded 200 in 70.9644 ms
[19:28:13 INF] HTTP GET /lib/bootstrap/dist/css/bootstrap.min.css responded 304 in 0.1735 ms
[19:28:13 INF] HTTP GET /css/site.css responded 304 in 0.1634 ms
[19:28:13 INF] HTTP GET /Biktal.WebMVC.styles.css responded 304 in 0.0865 ms
[19:28:13 INF] HTTP GET /lib/jquery/dist/jquery.min.js responded 304 in 0.1347 ms
[19:28:13 INF] HTTP GET /lib/bootstrap/dist/js/bootstrap.bundle.min.js responded 304 in 0.7458 ms
[19:28:13 INF] HTTP GET /js/site.js responded 304 in 0.1985 ms
[19:28:13 INF] HTTP GET /lib/jquery-validation/dist/jquery.validate.min.js responded 304 in 0.2936 ms
[19:28:13 INF] HTTP GET /lib/jquery-validation-unobtrusive/dist/jquery.validate.unobtrusive.min.js responded 304 in 2.1772 ms
[19:49:07 INF] Application is shutting down...
