[15:29:57 WRN] Using an in-memory repository. Keys will not be persisted to storage.
[15:29:57 WRN] Neither user profile nor HKLM registry available. Using an ephemeral key repository. Protected data will be unavailable when application exits.
[15:29:57 WRN] No XML encryptor configured. Key {57334728-e228-4def-a1e4-68fb0a38bf58} may be persisted to storage in unencrypted form.
[15:29:58 INF] Application started. Press Ctrl+C to shut down.
[15:29:58 INF] Hosting environment: Production
[15:29:58 INF] Content root path: D:\Systems\BiktalSystems\publish
[15:29:58 ERR] HTTP GET /Inventory/Products responded 500 in 545.6973 ms
System.OperationCanceledException: The operation was canceled.
   at System.Threading.CancellationToken.ThrowOperationCanceledException()
   at System.Threading.CancellationToken.ThrowIfCancellationRequested()
   at Npgsql.NpgsqlCommand.ExecuteReader(Boolean async, CommandBehavior behavior, CancellationToken cancellationToken)
   at Npgsql.NpgsqlCommand.ExecuteReader(Boolean async, CommandBehavior behavior, CancellationToken cancellationToken)
   at Npgsql.NpgsqlCommand.ExecuteDbDataReaderAsync(CommandBehavior behavior, CancellationToken cancellationToken)
   at Microsoft.EntityFrameworkCore.Storage.RelationalCommand.ExecuteReaderAsync(RelationalCommandParameterObject parameterObject, CancellationToken cancellationToken)
   at Microsoft.EntityFrameworkCore.Storage.RelationalCommand.ExecuteReaderAsync(RelationalCommandParameterObject parameterObject, CancellationToken cancellationToken)
   at Microsoft.EntityFrameworkCore.Query.Internal.SingleQueryingEnumerable`1.AsyncEnumerator.InitializeReaderAsync(AsyncEnumerator enumerator, CancellationToken cancellationToken)
   at Npgsql.EntityFrameworkCore.PostgreSQL.Storage.Internal.NpgsqlExecutionStrategy.ExecuteAsync[TState,TResult](TState state, Func`4 operation, Func`4 verifySucceeded, CancellationToken cancellationToken)
   at Microsoft.EntityFrameworkCore.Query.Internal.SingleQueryingEnumerable`1.AsyncEnumerator.MoveNextAsync()
   at Microsoft.EntityFrameworkCore.EntityFrameworkQueryableExtensions.ToListAsync[TSource](IQueryable`1 source, CancellationToken cancellationToken)
   at Microsoft.EntityFrameworkCore.EntityFrameworkQueryableExtensions.ToListAsync[TSource](IQueryable`1 source, CancellationToken cancellationToken)
   at Biktal.WebMVC.Controllers.InventoryController.BuildProductsPageViewModelAsync(AddProductFormModel newProduct, Boolean openAddProductModal, EditProductFormModel editProduct, Boolean openEditProductModal, CancellationToken cancellationToken) in D:\Systems\BiktalSystems\Controllers\InventoryController.cs:line 711
   at Biktal.WebMVC.Controllers.InventoryController.Products(Nullable`1 editId, CancellationToken cancellationToken) in D:\Systems\BiktalSystems\Controllers\InventoryController.cs:line 66
   at Microsoft.AspNetCore.Mvc.Infrastructure.ActionMethodExecutor.TaskOfIActionResultExecutor.Execute(ActionContext actionContext, IActionResultTypeMapper mapper, ObjectMethodExecutor executor, Object controller, Object[] arguments)
   at Microsoft.AspNetCore.Mvc.Infrastructure.ControllerActionInvoker.<InvokeActionMethodAsync>g__Awaited|12_0(ControllerActionInvoker invoker, ValueTask`1 actionResultValueTask)
   at Microsoft.AspNetCore.Mvc.Infrastructure.ControllerActionInvoker.<InvokeNextActionFilterAsync>g__Awaited|10_0(ControllerActionInvoker invoker, Task lastTask, State next, Scope scope, Object state, Boolean isCompleted)
   at Microsoft.AspNetCore.Mvc.Infrastructure.ControllerActionInvoker.Rethrow(ActionExecutedContextSealed context)
   at Microsoft.AspNetCore.Mvc.Infrastructure.ControllerActionInvoker.Next(State& next, Scope& scope, Object& state, Boolean& isCompleted)
   at Microsoft.AspNetCore.Mvc.Infrastructure.ControllerActionInvoker.InvokeInnerFilterAsync()
--- End of stack trace from previous location ---
   at Microsoft.AspNetCore.Mvc.Infrastructure.ResourceInvoker.<InvokeNextResourceFilter>g__Awaited|25_0(ResourceInvoker invoker, Task lastTask, State next, Scope scope, Object state, Boolean isCompleted)
   at Microsoft.AspNetCore.Mvc.Infrastructure.ResourceInvoker.Rethrow(ResourceExecutedContextSealed context)
   at Microsoft.AspNetCore.Mvc.Infrastructure.ResourceInvoker.Next(State& next, Scope& scope, Object& state, Boolean& isCompleted)
   at Microsoft.AspNetCore.Mvc.Infrastructure.ResourceInvoker.InvokeFilterPipelineAsync()
--- End of stack trace from previous location ---
   at Microsoft.AspNetCore.Mvc.Infrastructure.ResourceInvoker.<InvokeAsync>g__Awaited|17_0(ResourceInvoker invoker, Task task, IDisposable scope)
   at Microsoft.AspNetCore.Mvc.Infrastructure.ResourceInvoker.<InvokeAsync>g__Awaited|17_0(ResourceInvoker invoker, Task task, IDisposable scope)
   at Microsoft.AspNetCore.Authorization.AuthorizationMiddleware.Invoke(HttpContext context)
   at Program.<>c.<<<Main>$>b__0_2>d.MoveNext() in D:\Systems\BiktalSystems\Program.cs:line 71
--- End of stack trace from previous location ---
   at Microsoft.AspNetCore.Authentication.AuthenticationMiddleware.Invoke(HttpContext context)
   at Serilog.AspNetCore.RequestLoggingMiddleware.Invoke(HttpContext httpContext)
[15:29:59 ERR] An exception was thrown while deserializing the token.
Microsoft.AspNetCore.Antiforgery.AntiforgeryValidationException: The antiforgery token could not be decrypted.
 ---> System.Security.Cryptography.CryptographicException: The key {fcd28870-32bf-4721-8854-2d88c77eb7fd} was not found in the key ring. For more information go to https://aka.ms/aspnet/dataprotectionwarning
   at Microsoft.AspNetCore.DataProtection.KeyManagement.KeyRingBasedDataProtector.UnprotectCore(Byte[] protectedData, Boolean allowOperationsOnRevokedKeys, UnprotectStatus& status)
   at Microsoft.AspNetCore.DataProtection.KeyManagement.KeyRingBasedDataProtector.Unprotect(Byte[] protectedData)
   at Microsoft.AspNetCore.Antiforgery.DefaultAntiforgeryTokenSerializer.Deserialize(String serializedToken)
   --- End of inner exception stack trace ---
   at Microsoft.AspNetCore.Antiforgery.DefaultAntiforgeryTokenSerializer.Deserialize(String serializedToken)
   at Microsoft.AspNetCore.Antiforgery.DefaultAntiforgery.GetCookieTokenDoesNotThrow(HttpContext httpContext)
[15:30:00 INF] HTTP GET /Inventory/Products responded 200 in 1930.4239 ms
[15:30:00 INF] HTTP GET /Biktal.WebMVC.styles.css responded 200 in 49.1795 ms
[15:30:00 INF] HTTP GET /lib/bootstrap/dist/css/bootstrap.min.css responded 200 in 49.8033 ms
[15:30:00 INF] HTTP GET /css/site.css responded 200 in 52.7332 ms
[15:30:02 INF] HTTP GET /lib/jquery/dist/jquery.min.js responded 200 in 8.3863 ms
[15:30:02 INF] HTTP GET /js/site.js responded 200 in 1.1728 ms
[15:30:02 INF] HTTP GET /js/products-catalog-filter.js responded 200 in 1.8795 ms
[15:30:02 INF] HTTP GET /lib/jquery-validation/dist/jquery.validate.min.js responded 200 in 2.3878 ms
[15:30:02 INF] HTTP GET /lib/bootstrap/dist/js/bootstrap.bundle.min.js responded 200 in 6.7315 ms
[15:30:02 INF] HTTP GET /lib/jquery-validation-unobtrusive/dist/jquery.validate.unobtrusive.min.js responded 200 in 1.9997 ms
[15:40:22 INF] HTTP POST /Inventory/AddProduct responded 302 in 762.4903 ms
[15:40:22 INF] HTTP GET /Inventory/Products responded 200 in 461.1902 ms
[15:40:22 INF] HTTP GET /lib/bootstrap/dist/css/bootstrap.min.css responded 200 in 8.4864 ms
[15:40:22 INF] HTTP GET /Biktal.WebMVC.styles.css responded 200 in 0.9642 ms
[15:40:22 INF] HTTP GET /css/site.css responded 200 in 9.5331 ms
[15:40:23 INF] HTTP GET /lib/jquery/dist/jquery.min.js responded 200 in 23.4086 ms
[15:40:23 INF] HTTP GET /js/site.js responded 200 in 20.3201 ms
[15:40:23 INF] HTTP GET /lib/jquery-validation/dist/jquery.validate.min.js responded 200 in 19.0723 ms
[15:40:23 INF] HTTP GET /js/products-catalog-filter.js responded 200 in 0.7653 ms
[15:40:23 INF] HTTP GET /lib/jquery-validation-unobtrusive/dist/jquery.validate.unobtrusive.min.js responded 200 in 15.5968 ms
[15:40:23 INF] HTTP GET /lib/bootstrap/dist/js/bootstrap.bundle.min.js responded 200 in 135.0221 ms
[15:44:18 INF] HTTP POST /Inventory/AddProduct responded 302 in 44.0312 ms
[15:44:18 INF] HTTP GET /Inventory/Products responded 200 in 170.6661 ms
[15:44:18 INF] HTTP GET /css/site.css responded 200 in 2.3502 ms
[15:44:18 INF] HTTP GET /lib/bootstrap/dist/css/bootstrap.min.css responded 200 in 2.9082 ms
[15:44:18 INF] HTTP GET /Biktal.WebMVC.styles.css responded 200 in 0.8681 ms
[15:44:19 INF] HTTP GET /lib/jquery/dist/jquery.min.js responded 200 in 0.9467 ms
[15:44:19 INF] HTTP GET /lib/bootstrap/dist/js/bootstrap.bundle.min.js responded 200 in 1.2071 ms
[15:44:19 INF] HTTP GET /js/site.js responded 200 in 1.2349 ms
[15:44:19 INF] HTTP GET /lib/jquery-validation/dist/jquery.validate.min.js responded 200 in 0.8482 ms
[15:44:19 INF] HTTP GET /lib/jquery-validation-unobtrusive/dist/jquery.validate.unobtrusive.min.js responded 200 in 0.9773 ms
[15:44:19 INF] HTTP GET /js/products-catalog-filter.js responded 200 in 1.3509 ms
[15:46:28 WRN] The query uses the 'First'/'FirstOrDefault' operator without 'OrderBy' and filter operators. This may lead to unpredictable results.
[15:46:28 INF] HTTP GET / responded 200 in 277.4995 ms
[15:46:29 INF] HTTP GET /lib/bootstrap/dist/css/bootstrap.min.css responded 200 in 2.2569 ms
[15:46:29 INF] HTTP GET /lib/jquery/dist/jquery.min.js responded 200 in 32.0764 ms
[15:46:29 INF] HTTP GET /Biktal.WebMVC.styles.css responded 200 in 32.8606 ms
[15:46:29 INF] HTTP GET /css/site.css responded 200 in 2.3344 ms
[15:46:29 INF] HTTP GET /lib/bootstrap/dist/js/bootstrap.bundle.min.js responded 200 in 4.1252 ms
[15:46:29 INF] HTTP GET /js/site.js responded 200 in 0.8260 ms
[15:46:29 INF] HTTP GET /js/pos.js responded 200 in 1.1194 ms
[15:46:33 INF] HTTP GET / responded 200 in 32.0017 ms
[15:46:33 INF] HTTP GET /lib/bootstrap/dist/css/bootstrap.min.css responded 200 in 10.1107 ms
[15:46:33 INF] HTTP GET /css/site.css responded 200 in 0.8385 ms
[15:46:33 INF] HTTP GET /Biktal.WebMVC.styles.css responded 200 in 1.5538 ms
[15:46:33 INF] HTTP GET /lib/jquery/dist/jquery.min.js responded 304 in 2.2570 ms
[15:46:33 INF] HTTP GET /lib/bootstrap/dist/js/bootstrap.bundle.min.js responded 304 in 0.8893 ms
[15:46:33 INF] HTTP GET /js/site.js responded 304 in 0.5858 ms
[15:46:33 INF] HTTP GET /js/pos.js responded 304 in 0.1796 ms
[15:46:57 INF] HTTP POST /Pos/CompleteSale responded 200 in 1339.7927 ms
[15:47:19 INF] HTTP GET /Inventory/Products responded 200 in 133.2115 ms
[15:47:19 INF] HTTP GET /css/site.css responded 200 in 20.8599 ms
[15:47:19 INF] HTTP GET /Biktal.WebMVC.styles.css responded 200 in 1.0826 ms
[15:47:19 INF] HTTP GET /lib/bootstrap/dist/css/bootstrap.min.css responded 200 in 2.3385 ms
[15:47:20 INF] HTTP GET /lib/jquery/dist/jquery.min.js responded 304 in 0.1750 ms
[15:47:20 INF] HTTP GET /lib/bootstrap/dist/js/bootstrap.bundle.min.js responded 304 in 0.2252 ms
[15:47:20 INF] HTTP GET /js/site.js responded 304 in 0.3696 ms
[15:47:20 INF] HTTP GET /lib/jquery-validation/dist/jquery.validate.min.js responded 200 in 1.0366 ms
[15:47:20 INF] HTTP GET /lib/jquery-validation-unobtrusive/dist/jquery.validate.unobtrusive.min.js responded 200 in 0.6706 ms
[15:47:20 INF] HTTP GET /js/products-catalog-filter.js responded 200 in 2.3680 ms
[15:51:30 INF] HTTP POST /Inventory/AddProduct responded 302 in 136.7061 ms
[15:51:30 INF] HTTP GET /Inventory/Products responded 200 in 107.9198 ms
[15:51:30 INF] HTTP GET /lib/bootstrap/dist/css/bootstrap.min.css responded 200 in 1.5716 ms
[15:51:30 INF] HTTP GET /Biktal.WebMVC.styles.css responded 200 in 0.6802 ms
[15:51:30 INF] HTTP GET /css/site.css responded 200 in 0.6006 ms
[15:51:31 INF] HTTP GET /lib/jquery/dist/jquery.min.js responded 200 in 0.5642 ms
[15:51:31 INF] HTTP GET /lib/bootstrap/dist/js/bootstrap.bundle.min.js responded 200 in 1.3236 ms
[15:51:31 INF] HTTP GET /js/site.js responded 200 in 0.5070 ms
[15:51:31 INF] HTTP GET /js/products-catalog-filter.js responded 200 in 0.6299 ms
[15:51:31 INF] HTTP GET /lib/jquery-validation/dist/jquery.validate.min.js responded 200 in 3.5430 ms
[15:51:31 INF] HTTP GET /lib/jquery-validation-unobtrusive/dist/jquery.validate.unobtrusive.min.js responded 200 in 0.7532 ms
[15:51:40 INF] HTTP GET /Crm responded 200 in 216.0834 ms
[15:51:40 INF] HTTP GET /lib/bootstrap/dist/css/bootstrap.min.css responded 304 in 0.5343 ms
[15:51:40 INF] HTTP GET /css/site.css responded 304 in 0.1936 ms
[15:51:40 INF] HTTP GET /Biktal.WebMVC.styles.css responded 304 in 0.4935 ms
[15:51:40 INF] HTTP GET /lib/bootstrap/dist/js/bootstrap.bundle.min.js responded 304 in 0.1794 ms
[15:51:40 INF] HTTP GET /lib/jquery/dist/jquery.min.js responded 304 in 1.5181 ms
[15:51:40 INF] HTTP GET /js/site.js responded 304 in 0.2002 ms
[15:51:42 INF] HTTP GET /Installments responded 200 in 193.7729 ms
[15:51:42 INF] HTTP GET /lib/bootstrap/dist/css/bootstrap.min.css responded 304 in 0.5015 ms
[15:51:42 INF] HTTP GET /css/site.css responded 304 in 0.7424 ms
[15:51:42 INF] HTTP GET /Biktal.WebMVC.styles.css responded 304 in 0.9093 ms
[15:51:42 INF] HTTP GET /lib/jquery/dist/jquery.min.js responded 304 in 0.2100 ms
[15:51:42 INF] HTTP GET /lib/bootstrap/dist/js/bootstrap.bundle.min.js responded 304 in 1.1818 ms
[15:51:42 INF] HTTP GET /js/site.js responded 304 in 0.2376 ms
[15:51:53 WRN] Compiling a query which loads related collections for more than one collection navigation, either via 'Include' or through projection, but no 'QuerySplittingBehavior' has been configured. By default, Entity Framework will use 'QuerySplittingBehavior.SingleQuery', which can potentially result in slow query performance. See https://go.microsoft.com/fwlink/?linkid=2134277 for more information. To identify the query that's triggering this warning call 'ConfigureWarnings(w => w.Throw(RelationalEventId.MultipleCollectionIncludeWarning))'.
[15:51:53 INF] HTTP GET /Installments/Detail/18c58344-49d6-4a6d-9d90-76815b6263e2 responded 200 in 254.7632 ms
[15:51:53 INF] HTTP GET /lib/bootstrap/dist/css/bootstrap.min.css responded 200 in 6.9628 ms
[15:51:53 INF] HTTP GET /css/site.css responded 304 in 0.2141 ms
[15:51:53 INF] HTTP GET /Biktal.WebMVC.styles.css responded 304 in 0.1113 ms
[15:51:53 INF] HTTP GET /lib/bootstrap/dist/js/bootstrap.bundle.min.js responded 304 in 0.4202 ms
[15:51:53 INF] HTTP GET /lib/jquery-validation/dist/jquery.validate.min.js responded 304 in 0.1812 ms
[15:51:53 INF] HTTP GET /lib/jquery-validation-unobtrusive/dist/jquery.validate.unobtrusive.min.js responded 304 in 0.2817 ms
[15:51:53 INF] HTTP GET /lib/jquery/dist/jquery.min.js responded 304 in 0.4851 ms
[15:51:53 INF] HTTP GET /js/site.js responded 304 in 0.3313 ms
[15:51:59 INF] HTTP POST /Installments/RecordPayment responded 302 in 630.9019 ms
[15:51:59 INF] HTTP GET /Installments/Detail/18c58344-49d6-4a6d-9d90-76815b6263e2 responded 200 in 11.0404 ms
[15:52:00 INF] HTTP GET /lib/bootstrap/dist/css/bootstrap.min.css responded 200 in 3.8367 ms
[15:52:00 INF] HTTP GET /Biktal.WebMVC.styles.css responded 304 in 0.2797 ms
[15:52:00 INF] HTTP GET /css/site.css responded 304 in 0.1969 ms
[15:52:00 INF] HTTP GET /lib/jquery/dist/jquery.min.js responded 304 in 0.7801 ms
[15:52:00 INF] HTTP GET /lib/bootstrap/dist/js/bootstrap.bundle.min.js responded 304 in 1.8289 ms
[15:52:00 INF] HTTP GET /js/site.js responded 304 in 0.1465 ms
[15:52:00 INF] HTTP GET /lib/jquery-validation/dist/jquery.validate.min.js responded 304 in 0.1444 ms
[15:52:00 INF] HTTP GET /lib/jquery-validation-unobtrusive/dist/jquery.validate.unobtrusive.min.js responded 304 in 0.1655 ms
[15:52:02 INF] HTTP GET /Installments responded 200 in 13.4422 ms
[15:52:02 INF] HTTP GET /css/site.css responded 304 in 0.3196 ms
[15:52:02 INF] HTTP GET /lib/bootstrap/dist/css/bootstrap.min.css responded 304 in 0.2995 ms
[15:52:02 INF] HTTP GET /Biktal.WebMVC.styles.css responded 304 in 0.2379 ms
[15:52:02 INF] HTTP GET /lib/jquery/dist/jquery.min.js responded 304 in 0.2843 ms
[15:52:02 INF] HTTP GET /lib/bootstrap/dist/js/bootstrap.bundle.min.js responded 304 in 0.1322 ms
[15:52:02 INF] HTTP GET /js/site.js responded 304 in 0.1291 ms
[15:52:28 INF] HTTP GET / responded 200 in 44.6130 ms
[15:52:28 INF] HTTP GET /css/site.css responded 304 in 0.1362 ms
[15:52:28 INF] HTTP GET /lib/bootstrap/dist/css/bootstrap.min.css responded 200 in 0.7500 ms
[15:52:28 INF] HTTP GET /lib/jquery/dist/jquery.min.js responded 304 in 0.9390 ms
[15:52:28 INF] HTTP GET /lib/bootstrap/dist/js/bootstrap.bundle.min.js responded 304 in 0.1814 ms
[15:52:28 INF] HTTP GET /Biktal.WebMVC.styles.css responded 304 in 0.2271 ms
[15:52:28 INF] HTTP GET /js/site.js responded 304 in 0.0939 ms
[15:52:28 INF] HTTP GET /js/pos.js responded 200 in 1.8070 ms
[15:52:34 INF] HTTP GET /Inventory/Products responded 200 in 116.2620 ms
[15:52:34 INF] HTTP GET /lib/bootstrap/dist/css/bootstrap.min.css responded 304 in 0.1491 ms
[15:52:34 INF] HTTP GET /Biktal.WebMVC.styles.css responded 304 in 0.1534 ms
[15:52:34 INF] HTTP GET /css/site.css responded 304 in 0.1187 ms
[15:52:35 INF] HTTP GET /lib/jquery/dist/jquery.min.js responded 304 in 0.1255 ms
[15:52:35 INF] HTTP GET /lib/bootstrap/dist/js/bootstrap.bundle.min.js responded 304 in 0.1861 ms
[15:52:35 INF] HTTP GET /js/site.js responded 304 in 0.3029 ms
[15:52:35 INF] HTTP GET /lib/jquery-validation/dist/jquery.validate.min.js responded 304 in 0.2759 ms
[15:52:35 INF] HTTP GET /lib/jquery-validation-unobtrusive/dist/jquery.validate.unobtrusive.min.js responded 304 in 0.1488 ms
[15:52:35 INF] HTTP GET /js/products-catalog-filter.js responded 304 in 0.2275 ms
[15:52:49 INF] HTTP GET /lib/bootstrap/dist/css/bootstrap.min.css responded 200 in 1.6111 ms
[15:52:49 INF] HTTP GET /css/site.css responded 304 in 0.1366 ms
[15:52:49 INF] HTTP GET /Biktal.WebMVC.styles.css responded 304 in 0.5282 ms
[15:52:50 INF] HTTP GET /lib/bootstrap/dist/js/bootstrap.bundle.min.js.map responded 200 in 26.0047 ms
[15:52:50 INF] HTTP GET /lib/bootstrap/dist/css/bootstrap.min.css.map responded 200 in 39.1467 ms
[15:53:32 INF] HTTP POST /Inventory/AddProduct responded 302 in 12.1945 ms
[15:53:32 INF] HTTP GET /Inventory/Products responded 200 in 80.5135 ms
[15:53:32 INF] HTTP GET /lib/bootstrap/dist/css/bootstrap.min.css responded 200 in 1.2254 ms
[15:53:32 INF] HTTP GET /css/site.css responded 200 in 0.7549 ms
[15:53:32 INF] HTTP GET /Biktal.WebMVC.styles.css responded 200 in 0.5763 ms
[15:53:33 INF] HTTP GET / responded 200 in 19.4018 ms
[15:53:33 INF] HTTP GET /lib/bootstrap/dist/css/bootstrap.min.css responded 304 in 0.1644 ms
[15:53:33 INF] HTTP GET /css/site.css responded 304 in 0.1677 ms
[15:53:33 INF] HTTP GET /Biktal.WebMVC.styles.css responded 304 in 0.1277 ms
[15:53:33 INF] HTTP GET /lib/bootstrap/dist/js/bootstrap.bundle.min.js responded 200 in 3.1148 ms
[15:53:33 INF] HTTP GET /lib/jquery/dist/jquery.min.js responded 200 in 4.0344 ms
[15:53:33 INF] HTTP GET /js/site.js responded 200 in 0.4965 ms
[15:53:33 INF] HTTP GET /js/pos.js responded 200 in 0.5434 ms
[15:55:12 INF] HTTP POST /Pos/CompleteSale responded 200 in 102.6970 ms
[16:04:08 INF] HTTP GET /Inventory/Products responded 200 in 314.6997 ms
[16:04:08 INF] HTTP GET /Biktal.WebMVC.styles.css responded 200 in 1.3080 ms
[16:04:08 INF] HTTP GET /lib/bootstrap/dist/css/bootstrap.min.css responded 200 in 0.6289 ms
[16:04:08 INF] HTTP GET /css/site.css responded 200 in 0.5247 ms
[16:04:09 INF] HTTP GET /lib/jquery/dist/jquery.min.js responded 200 in 0.5122 ms
[16:04:09 INF] HTTP GET /js/site.js responded 200 in 0.5792 ms
[16:04:09 INF] HTTP GET /lib/bootstrap/dist/js/bootstrap.bundle.min.js responded 200 in 2.9203 ms
[16:04:09 INF] HTTP GET /lib/jquery-validation/dist/jquery.validate.min.js responded 200 in 1.7794 ms
[16:04:09 INF] HTTP GET /js/products-catalog-filter.js responded 200 in 2.8275 ms
[16:04:09 INF] HTTP GET /lib/jquery-validation-unobtrusive/dist/jquery.validate.unobtrusive.min.js responded 200 in 0.7850 ms
[16:07:43 INF] HTTP POST /Inventory/AddProduct responded 302 in 25.6830 ms
[16:07:43 INF] HTTP GET /Inventory/Products responded 200 in 102.2473 ms
[16:07:44 INF] HTTP GET /css/site.css responded 200 in 0.6115 ms
[16:07:44 INF] HTTP GET /lib/bootstrap/dist/css/bootstrap.min.css responded 200 in 0.7539 ms
[16:07:44 INF] HTTP GET /Biktal.WebMVC.styles.css responded 200 in 0.5080 ms
[16:07:45 INF] HTTP GET /lib/jquery/dist/jquery.min.js responded 200 in 0.4738 ms
[16:07:45 INF] HTTP GET /js/site.js responded 200 in 0.5292 ms
[16:07:45 INF] HTTP GET /lib/jquery-validation/dist/jquery.validate.min.js responded 200 in 1.0647 ms
[16:07:45 INF] HTTP GET /lib/bootstrap/dist/js/bootstrap.bundle.min.js responded 200 in 1.0579 ms
[16:07:45 INF] HTTP GET /lib/jquery-validation-unobtrusive/dist/jquery.validate.unobtrusive.min.js responded 200 in 1.5853 ms
[16:07:45 INF] HTTP GET /js/products-catalog-filter.js responded 200 in 0.8518 ms
[16:09:39 INF] HTTP GET /Inventory/Products responded 200 in 321.4227 ms
[16:09:39 INF] HTTP GET /css/site.css responded 200 in 0.8227 ms
[16:09:39 INF] HTTP GET /lib/bootstrap/dist/css/bootstrap.min.css responded 200 in 4.6722 ms
[16:09:39 INF] HTTP GET /Biktal.WebMVC.styles.css responded 200 in 0.7984 ms
[16:09:40 INF] HTTP GET /lib/jquery/dist/jquery.min.js responded 200 in 0.4972 ms
[16:09:40 INF] HTTP GET /lib/bootstrap/dist/js/bootstrap.bundle.min.js responded 200 in 1.6093 ms
[16:09:40 INF] HTTP GET /js/site.js responded 200 in 2.5895 ms
[16:09:40 INF] HTTP GET /lib/jquery-validation/dist/jquery.validate.min.js responded 200 in 0.6906 ms
[16:09:40 INF] HTTP GET /lib/jquery-validation-unobtrusive/dist/jquery.validate.unobtrusive.min.js responded 200 in 0.6084 ms
[16:09:40 INF] HTTP GET /js/products-catalog-filter.js responded 200 in 0.6455 ms
[16:09:50 INF] HTTP POST /Inventory/EditProduct responded 302 in 57.3356 ms
[16:09:50 INF] HTTP GET /Inventory/Products responded 200 in 68.0835 ms
[16:09:50 INF] HTTP GET /lib/bootstrap/dist/css/bootstrap.min.css responded 304 in 0.2162 ms
[16:09:50 INF] HTTP GET /css/site.css responded 304 in 0.1772 ms
[16:09:50 INF] HTTP GET /Biktal.WebMVC.styles.css responded 304 in 0.1357 ms
[16:09:51 INF] HTTP GET /lib/jquery/dist/jquery.min.js responded 304 in 0.1125 ms
[16:09:51 INF] HTTP GET /lib/bootstrap/dist/js/bootstrap.bundle.min.js responded 304 in 0.3015 ms
[16:09:51 INF] HTTP GET /js/site.js responded 304 in 0.1520 ms
[16:09:51 INF] HTTP GET /lib/jquery-validation/dist/jquery.validate.min.js responded 304 in 0.1095 ms
[16:09:51 INF] HTTP GET /js/products-catalog-filter.js responded 304 in 0.1669 ms
[16:09:51 INF] HTTP GET /lib/jquery-validation-unobtrusive/dist/jquery.validate.unobtrusive.min.js responded 304 in 0.1809 ms
[16:11:50 INF] HTTP POST /Inventory/AddProduct responded 302 in 30.1887 ms
[16:11:50 INF] HTTP GET /Inventory/Products responded 200 in 283.5375 ms
[16:11:51 INF] HTTP GET /lib/bootstrap/dist/css/bootstrap.min.css responded 200 in 0.9730 ms
[16:11:51 INF] HTTP GET /css/site.css responded 200 in 0.6398 ms
[16:11:51 INF] HTTP GET /Biktal.WebMVC.styles.css responded 200 in 0.5689 ms
[16:11:51 INF] HTTP GET /lib/jquery/dist/jquery.min.js responded 200 in 0.7483 ms
[16:11:52 INF] HTTP GET /js/site.js responded 200 in 0.4560 ms
[16:11:52 INF] HTTP GET /lib/bootstrap/dist/js/bootstrap.bundle.min.js responded 200 in 0.6005 ms
[16:11:52 INF] HTTP GET /lib/jquery-validation-unobtrusive/dist/jquery.validate.unobtrusive.min.js responded 200 in 0.4924 ms
[16:11:52 INF] HTTP GET /js/products-catalog-filter.js responded 200 in 0.5950 ms
[16:11:52 INF] HTTP GET /lib/jquery-validation/dist/jquery.validate.min.js responded 200 in 1.8358 ms
[16:13:27 INF] HTTP POST /Inventory/AddProduct responded 302 in 13.1404 ms
[16:13:27 INF] HTTP GET /Inventory/Products responded 200 in 157.2392 ms
[16:13:27 INF] HTTP GET /Biktal.WebMVC.styles.css responded 200 in 1.1510 ms
[16:13:27 INF] HTTP GET /lib/bootstrap/dist/css/bootstrap.min.css responded 200 in 3.7331 ms
[16:13:27 INF] HTTP GET /css/site.css responded 200 in 0.9114 ms
[16:13:28 INF] HTTP GET /lib/jquery/dist/jquery.min.js responded 200 in 0.5242 ms
[16:13:28 INF] HTTP GET /lib/bootstrap/dist/js/bootstrap.bundle.min.js responded 200 in 0.6492 ms
[16:13:28 INF] HTTP GET /lib/jquery-validation/dist/jquery.validate.min.js responded 200 in 1.4629 ms
[16:13:28 INF] HTTP GET /lib/jquery-validation-unobtrusive/dist/jquery.validate.unobtrusive.min.js responded 200 in 0.4977 ms
[16:13:28 INF] HTTP GET /js/site.js responded 200 in 0.4084 ms
[16:13:28 INF] HTTP GET /js/products-catalog-filter.js responded 200 in 0.6712 ms
[16:34:04 INF] Application is shutting down...
