[13:59:10 WRN] Using an in-memory repository. Keys will not be persisted to storage.
[13:59:10 WRN] Neither user profile nor HKLM registry available. Using an ephemeral key repository. Protected data will be unavailable when application exits.
[13:59:10 WRN] No XML encryptor configured. Key {c18da92e-61c2-4931-84ad-34c01d4ea950} may be persisted to storage in unencrypted form.
[13:59:10 INF] Application started. Press Ctrl+C to shut down.
[13:59:10 INF] Hosting environment: Production
[13:59:10 INF] Content root path: D:\Systems\BiktalSystems\publish
[13:59:11 WRN] The query uses the 'First'/'FirstOrDefault' operator without 'OrderBy' and filter operators. This may lead to unpredictable results.
[13:59:11 ERR] An exception was thrown while deserializing the token.
Microsoft.AspNetCore.Antiforgery.AntiforgeryValidationException: The antiforgery token could not be decrypted.
 ---> System.Security.Cryptography.CryptographicException: The key {a264aed3-21be-474e-891a-9ce93b0aeb90} was not found in the key ring. For more information go to https://aka.ms/aspnet/dataprotectionwarning
   at Microsoft.AspNetCore.DataProtection.KeyManagement.KeyRingBasedDataProtector.UnprotectCore(Byte[] protectedData, Boolean allowOperationsOnRevokedKeys, UnprotectStatus& status)
   at Microsoft.AspNetCore.DataProtection.KeyManagement.KeyRingBasedDataProtector.Unprotect(Byte[] protectedData)
   at Microsoft.AspNetCore.Antiforgery.DefaultAntiforgeryTokenSerializer.Deserialize(String serializedToken)
   --- End of inner exception stack trace ---
   at Microsoft.AspNetCore.Antiforgery.DefaultAntiforgeryTokenSerializer.Deserialize(String serializedToken)
   at Microsoft.AspNetCore.Antiforgery.DefaultAntiforgery.GetCookieTokenDoesNotThrow(HttpContext httpContext)
[13:59:11 INF] HTTP GET / responded 200 in 428.2467 ms
[13:59:11 INF] HTTP GET /css/site.css responded 200 in 33.4006 ms
[13:59:11 INF] HTTP GET /lib/bootstrap/dist/css/bootstrap.min.css responded 200 in 36.2817 ms
[13:59:11 INF] HTTP GET /Biktal.WebMVC.styles.css responded 200 in 32.4710 ms
[13:59:11 INF] HTTP GET /js/site.js responded 200 in 46.7214 ms
[13:59:11 INF] HTTP GET /js/pos.js responded 200 in 47.4055 ms
[13:59:11 INF] HTTP GET /lib/bootstrap/dist/js/bootstrap.bundle.min.js responded 200 in 47.4671 ms
[13:59:11 INF] HTTP GET /lib/jquery/dist/jquery.min.js responded 200 in 48.6411 ms
[13:59:33 INF] HTTP GET /Finance responded 200 in 204.4999 ms
[13:59:33 INF] HTTP GET /lib/bootstrap/dist/css/bootstrap.min.css responded 304 in 2.7636 ms
[13:59:33 INF] HTTP GET /Biktal.WebMVC.styles.css responded 304 in 0.4595 ms
[13:59:33 INF] HTTP GET /css/site.css responded 304 in 3.5549 ms
[13:59:33 INF] HTTP GET /lib/jquery/dist/jquery.min.js responded 304 in 45.8868 ms
[13:59:33 INF] HTTP GET /js/site.js responded 304 in 42.6712 ms
[13:59:33 INF] HTTP GET /lib/bootstrap/dist/js/bootstrap.bundle.min.js responded 304 in 182.8116 ms
[13:59:35 INF] HTTP GET /Finance/Cashbox responded 200 in 433.8014 ms
[13:59:35 INF] HTTP GET /lib/bootstrap/dist/css/bootstrap.min.css responded 304 in 0.3830 ms
[13:59:35 INF] HTTP GET /Biktal.WebMVC.styles.css responded 304 in 1.2052 ms
[13:59:35 INF] HTTP GET /css/site.css responded 304 in 0.2828 ms
[13:59:35 INF] HTTP GET /lib/bootstrap/dist/js/bootstrap.bundle.min.js responded 304 in 0.3583 ms
[13:59:35 INF] HTTP GET /js/site.js responded 304 in 0.2456 ms
[13:59:35 INF] HTTP GET /lib/jquery-validation-unobtrusive/dist/jquery.validate.unobtrusive.min.js responded 200 in 2.0894 ms
[13:59:35 INF] HTTP GET /lib/jquery-validation/dist/jquery.validate.min.js responded 200 in 2.0893 ms
[13:59:35 INF] HTTP GET /lib/jquery/dist/jquery.min.js responded 304 in 0.3692 ms
[14:00:20 INF] HTTP POST /Finance/CloseCashboxSession responded 302 in 244.6805 ms
[14:00:20 INF] HTTP GET /Finance/Cashbox responded 200 in 22.0931 ms
[14:00:20 INF] HTTP GET /lib/bootstrap/dist/css/bootstrap.min.css responded 200 in 2.5273 ms
[14:00:20 INF] HTTP GET /css/site.css responded 200 in 0.9621 ms
[14:00:20 INF] HTTP GET /lib/jquery/dist/jquery.min.js responded 200 in 1.3753 ms
[14:00:20 INF] HTTP GET /lib/bootstrap/dist/js/bootstrap.bundle.min.js responded 200 in 2.0032 ms
[14:00:20 INF] HTTP GET /Biktal.WebMVC.styles.css responded 200 in 2.3567 ms
[14:00:20 INF] HTTP GET /js/site.js responded 200 in 1.7044 ms
[14:00:20 INF] HTTP GET /lib/jquery-validation-unobtrusive/dist/jquery.validate.unobtrusive.min.js responded 200 in 12.6778 ms
[14:00:20 INF] HTTP GET /lib/jquery-validation/dist/jquery.validate.min.js responded 200 in 23.1945 ms
[14:00:29 INF] HTTP POST /Finance/OpenCashboxSession responded 302 in 70.1989 ms
[14:00:29 INF] HTTP GET /Finance/Cashbox responded 200 in 14.8252 ms
[14:00:29 INF] HTTP GET /css/site.css responded 200 in 0.9753 ms
[14:00:29 INF] HTTP GET /lib/bootstrap/dist/css/bootstrap.min.css responded 200 in 1.0494 ms
[14:00:29 INF] HTTP GET /Biktal.WebMVC.styles.css responded 200 in 4.0146 ms
[14:00:29 INF] HTTP GET /lib/jquery/dist/jquery.min.js responded 304 in 0.3039 ms
[14:00:29 INF] HTTP GET /lib/bootstrap/dist/js/bootstrap.bundle.min.js responded 304 in 4.1092 ms
[14:00:29 INF] HTTP GET /js/site.js responded 304 in 2.1868 ms
[14:00:29 INF] HTTP GET /lib/jquery-validation-unobtrusive/dist/jquery.validate.unobtrusive.min.js responded 304 in 0.2153 ms
[14:00:29 INF] HTTP GET /lib/jquery-validation/dist/jquery.validate.min.js responded 304 in 0.1875 ms
[14:20:59 INF] Application is shutting down...
