[10:41:52 WRN] Using an in-memory repository. Keys will not be persisted to storage.
[10:41:52 WRN] Neither user profile nor HKLM registry available. Using an ephemeral key repository. Protected data will be unavailable when application exits.
[10:41:52 WRN] No XML encryptor configured. Key {a4b88305-9bbc-4fee-ac5a-cbc2adab2d0b} may be persisted to storage in unencrypted form.
[10:41:52 INF] Application started. Press Ctrl+C to shut down.
[10:41:52 INF] Hosting environment: Production
[10:41:52 INF] Content root path: D:\Systems\BiktalSystems\publish
[10:41:53 WRN] The query uses the 'First'/'FirstOrDefault' operator without 'OrderBy' and filter operators. This may lead to unpredictable results.
[10:41:53 ERR] An exception was thrown while deserializing the token.
Microsoft.AspNetCore.Antiforgery.AntiforgeryValidationException: The antiforgery token could not be decrypted.
 ---> System.Security.Cryptography.CryptographicException: The key {9d45bb89-028b-4817-867c-38abaa9927b9} was not found in the key ring. For more information go to https://aka.ms/aspnet/dataprotectionwarning
   at Microsoft.AspNetCore.DataProtection.KeyManagement.KeyRingBasedDataProtector.UnprotectCore(Byte[] protectedData, Boolean allowOperationsOnRevokedKeys, UnprotectStatus& status)
   at Microsoft.AspNetCore.DataProtection.KeyManagement.KeyRingBasedDataProtector.Unprotect(Byte[] protectedData)
   at Microsoft.AspNetCore.Antiforgery.DefaultAntiforgeryTokenSerializer.Deserialize(String serializedToken)
   --- End of inner exception stack trace ---
   at Microsoft.AspNetCore.Antiforgery.DefaultAntiforgeryTokenSerializer.Deserialize(String serializedToken)
   at Microsoft.AspNetCore.Antiforgery.DefaultAntiforgery.GetCookieTokenDoesNotThrow(HttpContext httpContext)
[10:41:53 INF] HTTP GET / responded 200 in 416.3687 ms
[10:41:53 INF] HTTP GET /lib/bootstrap/dist/css/bootstrap.min.css responded 200 in 35.2826 ms
[10:41:53 INF] HTTP GET /Biktal.WebMVC.styles.css responded 200 in 23.4021 ms
[10:41:53 INF] HTTP GET /css/site.css responded 200 in 24.2107 ms
[10:41:53 INF] HTTP GET /lib/jquery/dist/jquery.min.js responded 200 in 18.0196 ms
[10:41:53 INF] HTTP GET /js/site.js responded 200 in 14.2456 ms
[10:41:53 INF] HTTP GET /lib/bootstrap/dist/js/bootstrap.bundle.min.js responded 200 in 20.0857 ms
[10:41:53 INF] HTTP GET /js/pos.js responded 200 in 26.6633 ms
[10:42:27 INF] HTTP POST /Finance/CloseCashboxSession responded 400 in 40.0173 ms
[10:42:34 INF] HTTP GET /Finance responded 200 in 203.1806 ms
[10:42:34 INF] HTTP GET /lib/bootstrap/dist/css/bootstrap.min.css responded 200 in 14.2042 ms
[10:42:34 INF] HTTP GET /Biktal.WebMVC.styles.css responded 200 in 2.7683 ms
[10:42:34 INF] HTTP GET /css/site.css responded 200 in 8.0492 ms
[10:42:34 INF] HTTP GET /js/site.js responded 304 in 1.6729 ms
[10:42:34 INF] HTTP GET /lib/jquery/dist/jquery.min.js responded 304 in 27.7302 ms
[10:42:34 INF] HTTP GET /lib/bootstrap/dist/js/bootstrap.bundle.min.js responded 304 in 186.2607 ms
[10:42:40 INF] HTTP GET /Finance/Cashbox responded 200 in 411.3341 ms
[10:42:40 INF] HTTP GET /lib/bootstrap/dist/css/bootstrap.min.css responded 304 in 8.7169 ms
[10:42:40 INF] HTTP GET /css/site.css responded 304 in 0.3307 ms
[10:42:40 INF] HTTP GET /Biktal.WebMVC.styles.css responded 304 in 0.6109 ms
[10:42:40 INF] HTTP GET /lib/bootstrap/dist/js/bootstrap.bundle.min.js responded 304 in 0.2145 ms
[10:42:40 INF] HTTP GET /lib/jquery/dist/jquery.min.js responded 304 in 0.2145 ms
[10:42:40 INF] HTTP GET /js/site.js responded 304 in 0.1909 ms
[10:42:41 INF] HTTP GET /lib/jquery-validation-unobtrusive/dist/jquery.validate.unobtrusive.min.js responded 200 in 39.7341 ms
[10:42:41 INF] HTTP GET /lib/jquery-validation/dist/jquery.validate.min.js responded 200 in 40.3614 ms
[10:42:59 INF] HTTP POST /Finance/CloseCashboxSession responded 302 in 224.0127 ms
[10:42:59 INF] HTTP GET /Finance/Cashbox responded 200 in 27.0984 ms
[10:42:59 INF] HTTP GET /lib/bootstrap/dist/css/bootstrap.min.css responded 200 in 12.7401 ms
[10:42:59 INF] HTTP GET /css/site.css responded 304 in 0.3471 ms
[10:42:59 INF] HTTP GET /Biktal.WebMVC.styles.css responded 304 in 0.2629 ms
[10:42:59 INF] HTTP GET /lib/jquery/dist/jquery.min.js responded 304 in 0.2502 ms
[10:42:59 INF] HTTP GET /lib/bootstrap/dist/js/bootstrap.bundle.min.js responded 304 in 0.2437 ms
[10:42:59 INF] HTTP GET /js/site.js responded 304 in 0.2806 ms
[10:42:59 INF] HTTP GET /lib/jquery-validation-unobtrusive/dist/jquery.validate.unobtrusive.min.js responded 304 in 12.5222 ms
[10:42:59 INF] HTTP GET /lib/jquery-validation/dist/jquery.validate.min.js responded 304 in 21.3688 ms
[10:43:14 INF] HTTP POST /Finance/OpenCashboxSession responded 302 in 87.3410 ms
[10:43:14 INF] HTTP GET /Finance/Cashbox responded 200 in 68.6150 ms
[10:43:14 INF] HTTP GET /lib/bootstrap/dist/css/bootstrap.min.css responded 200 in 3.3313 ms
[10:43:14 INF] HTTP GET /css/site.css responded 304 in 1.3664 ms
[10:43:14 INF] HTTP GET /lib/jquery/dist/jquery.min.js responded 304 in 0.2844 ms
[10:43:14 INF] HTTP GET /lib/bootstrap/dist/js/bootstrap.bundle.min.js responded 304 in 0.9608 ms
[10:43:14 INF] HTTP GET /Biktal.WebMVC.styles.css responded 304 in 0.2355 ms
[10:43:14 INF] HTTP GET /js/site.js responded 304 in 0.2459 ms
[10:43:14 INF] HTTP GET /lib/jquery-validation/dist/jquery.validate.min.js responded 304 in 0.5021 ms
[10:43:14 INF] HTTP GET /lib/jquery-validation-unobtrusive/dist/jquery.validate.unobtrusive.min.js responded 304 in 0.1310 ms
[10:43:18 INF] HTTP GET / responded 200 in 30.3049 ms
[10:43:18 INF] HTTP GET /lib/bootstrap/dist/css/bootstrap.min.css responded 200 in 4.2847 ms
[10:43:18 INF] HTTP GET /css/site.css responded 304 in 0.8611 ms
[10:43:18 INF] HTTP GET /Biktal.WebMVC.styles.css responded 304 in 0.1680 ms
[10:43:18 INF] HTTP GET /lib/jquery/dist/jquery.min.js responded 304 in 0.1528 ms
[10:43:18 INF] HTTP GET /lib/bootstrap/dist/js/bootstrap.bundle.min.js responded 304 in 0.1589 ms
[10:43:18 INF] HTTP GET /js/site.js responded 304 in 0.1719 ms
[10:43:18 INF] HTTP GET /js/pos.js responded 304 in 1.3792 ms
[11:04:14 INF] Application is shutting down...
