[16:06:16 WRN] Using an in-memory repository. Keys will not be persisted to storage.
[16:06:16 WRN] Neither user profile nor HKLM registry available. Using an ephemeral key repository. Protected data will be unavailable when application exits.
[16:06:16 WRN] No XML encryptor configured. Key {f06815b7-9e7a-4601-a9dd-80fe8d57b25f} may be persisted to storage in unencrypted form.
[16:06:16 INF] Application started. Press Ctrl+C to shut down.
[16:06:16 INF] Hosting environment: Production
[16:06:16 INF] Content root path: D:\Systems\BiktalSystems\publish
[16:06:16 WRN] The query uses the 'First'/'FirstOrDefault' operator without 'OrderBy' and filter operators. This may lead to unpredictable results.
[16:06:16 ERR] An exception was thrown while deserializing the token.
Microsoft.AspNetCore.Antiforgery.AntiforgeryValidationException: The antiforgery token could not be decrypted.
 ---> System.Security.Cryptography.CryptographicException: The key {816ff51c-09c3-440b-9852-28dff98fbfba} was not found in the key ring. For more information go to https://aka.ms/aspnet/dataprotectionwarning
   at Microsoft.AspNetCore.DataProtection.KeyManagement.KeyRingBasedDataProtector.UnprotectCore(Byte[] protectedData, Boolean allowOperationsOnRevokedKeys, UnprotectStatus& status)
   at Microsoft.AspNetCore.DataProtection.KeyManagement.KeyRingBasedDataProtector.Unprotect(Byte[] protectedData)
   at Microsoft.AspNetCore.Antiforgery.DefaultAntiforgeryTokenSerializer.Deserialize(String serializedToken)
   --- End of inner exception stack trace ---
   at Microsoft.AspNetCore.Antiforgery.DefaultAntiforgeryTokenSerializer.Deserialize(String serializedToken)
   at Microsoft.AspNetCore.Antiforgery.DefaultAntiforgery.GetCookieTokenDoesNotThrow(HttpContext httpContext)
[16:06:16 INF] HTTP GET / responded 200 in 443.5751 ms
[16:06:17 INF] HTTP GET /Biktal.WebMVC.styles.css responded 200 in 31.6915 ms
[16:06:17 INF] HTTP GET /lib/bootstrap/dist/css/bootstrap.min.css responded 200 in 34.5070 ms
[16:06:17 INF] HTTP GET /css/site.css responded 200 in 38.5625 ms
[16:06:17 INF] HTTP GET /js/site.js responded 200 in 21.5111 ms
[16:06:17 INF] HTTP GET /lib/bootstrap/dist/js/bootstrap.bundle.min.js responded 200 in 31.4840 ms
[16:06:17 INF] HTTP GET /lib/jquery/dist/jquery.min.js responded 200 in 32.9235 ms
[16:06:17 INF] HTTP GET /js/pos.js responded 200 in 50.3899 ms
[16:07:39 INF] HTTP GET /Finance responded 200 in 219.3421 ms
[16:07:39 INF] HTTP GET /lib/bootstrap/dist/css/bootstrap.min.css responded 200 in 8.7720 ms
[16:07:39 INF] HTTP GET /css/site.css responded 200 in 6.2343 ms
[16:07:39 INF] HTTP GET /Biktal.WebMVC.styles.css responded 200 in 1.1223 ms
[16:07:39 INF] HTTP GET /js/site.js responded 200 in 19.5759 ms
[16:07:39 INF] HTTP GET /lib/jquery/dist/jquery.min.js responded 200 in 51.8859 ms
[16:07:40 INF] HTTP GET /lib/bootstrap/dist/js/bootstrap.bundle.min.js responded 200 in 208.1067 ms
[16:28:22 INF] Application is shutting down...
