[16:16:33 ERR] Failed executing DbCommand (8ms) [Parameters=[@p0='?' (DbType = Guid), @p1='?' (DbType = DateTime), @p2='?' (DbType = Guid), @p3='?', @p4='?' (DbType = DateTime), @p5='?' (DbType = Int32), @p6='?' (DbType = Int32), @p7='?', @p8='?', @p9='?' (DbType = Guid), @p10='?' (DbType = DateTime), @p11='?' (DbType = Guid), @p12='?', @p13='?' (DbType = DateTime), @p14='?' (DbType = Int32), @p15='?' (DbType = Int32), @p16='?', @p17='?'], CommandType='Text', CommandTimeout='30']
INSERT INTO "CrmSupportTickets" ("Id", "CreatedAtUtc", "CustomerId", "Description", "ModifiedAtUtc", "Priority", "Status", "Subject", "TicketNumber")
VALUES (@p0, @p1, @p2, @p3, @p4, @p5, @p6, @p7, @p8);
INSERT INTO "CrmSupportTickets" ("Id", "CreatedAtUtc", "CustomerId", "Description", "ModifiedAtUtc", "Priority", "Status", "Subject", "TicketNumber")
VALUES (@p9, @p10, @p11, @p12, @p13, @p14, @p15, @p16, @p17);
[16:16:33 ERR] An exception occurred in the database while saving changes for context type 'Biktal.Infrastructure.Persistence.ApplicationDbContext'.
Microsoft.EntityFrameworkCore.DbUpdateException: An error occurred while saving the entity changes. See the inner exception for details.
 ---> Npgsql.PostgresException (0x80004005): 23503: insert or update on table "CrmSupportTickets" violates foreign key constraint "FK_CrmSupportTickets_CrmCustomers_CustomerId"

DETAIL: Detail redacted as it may contain sensitive data. Specify 'Include Error Detail' in the connection string to include this information.
   at Npgsql.Internal.NpgsqlConnector.ReadMessageLong(Boolean async, DataRowLoadingMode dataRowLoadingMode, Boolean readingNotifications, Boolean isReadingPrependedMessage)
   at System.Runtime.CompilerServices.PoolingAsyncValueTaskMethodBuilder`1.StateMachineBox`1.System.Threading.Tasks.Sources.IValueTaskSource<TResult>.GetResult(Int16 token)
   at Npgsql.NpgsqlDataReader.NextResult(Boolean async, Boolean isConsuming, CancellationToken cancellationToken)
   at Npgsql.NpgsqlDataReader.NextResult(Boolean async, Boolean isConsuming, CancellationToken cancellationToken)
   at Npgsql.NpgsqlCommand.ExecuteReader(Boolean async, CommandBehavior behavior, CancellationToken cancellationToken)
   at Npgsql.NpgsqlCommand.ExecuteReader(Boolean async, CommandBehavior behavior, CancellationToken cancellationToken)
   at Npgsql.NpgsqlCommand.ExecuteDbDataReaderAsync(CommandBehavior behavior, CancellationToken cancellationToken)
   at Microsoft.EntityFrameworkCore.Storage.RelationalCommand.ExecuteReaderAsync(RelationalCommandParameterObject parameterObject, CancellationToken cancellationToken)
   at Microsoft.EntityFrameworkCore.Storage.RelationalCommand.ExecuteReaderAsync(RelationalCommandParameterObject parameterObject, CancellationToken cancellationToken)
   at Microsoft.EntityFrameworkCore.Update.ReaderModificationCommandBatch.ExecuteAsync(IRelationalConnection connection, CancellationToken cancellationToken)
  Exception data:
    Severity: ERROR
    SqlState: 23503
    MessageText: insert or update on table "CrmSupportTickets" violates foreign key constraint "FK_CrmSupportTickets_CrmCustomers_CustomerId"
    Detail: Detail redacted as it may contain sensitive data. Specify 'Include Error Detail' in the connection string to include this information.
    SchemaName: public
    TableName: CrmSupportTickets
    ConstraintName: FK_CrmSupportTickets_CrmCustomers_CustomerId
    File: ri_triggers.c
    Line: 2783
    Routine: ri_ReportViolation
   --- End of inner exception stack trace ---
   at Microsoft.EntityFrameworkCore.Update.ReaderModificationCommandBatch.ExecuteAsync(IRelationalConnection connection, CancellationToken cancellationToken)
   at Microsoft.EntityFrameworkCore.Update.Internal.BatchExecutor.ExecuteAsync(IEnumerable`1 commandBatches, IRelationalConnection connection, CancellationToken cancellationToken)
   at Microsoft.EntityFrameworkCore.Update.Internal.BatchExecutor.ExecuteAsync(IEnumerable`1 commandBatches, IRelationalConnection connection, CancellationToken cancellationToken)
   at Microsoft.EntityFrameworkCore.Update.Internal.BatchExecutor.ExecuteAsync(IEnumerable`1 commandBatches, IRelationalConnection connection, CancellationToken cancellationToken)
   at Microsoft.EntityFrameworkCore.Storage.RelationalDatabase.SaveChangesAsync(IList`1 entries, CancellationToken cancellationToken)
   at Microsoft.EntityFrameworkCore.ChangeTracking.Internal.StateManager.SaveChangesAsync(IList`1 entriesToSave, CancellationToken cancellationToken)
   at Microsoft.EntityFrameworkCore.ChangeTracking.Internal.StateManager.SaveChangesAsync(StateManager stateManager, Boolean acceptAllChangesOnSuccess, CancellationToken cancellationToken)
   at Npgsql.EntityFrameworkCore.PostgreSQL.Storage.Internal.NpgsqlExecutionStrategy.ExecuteAsync[TState,TResult](TState state, Func`4 operation, Func`4 verifySucceeded, CancellationToken cancellationToken)
   at Microsoft.EntityFrameworkCore.DbContext.SaveChangesAsync(Boolean acceptAllChangesOnSuccess, CancellationToken cancellationToken)
Microsoft.EntityFrameworkCore.DbUpdateException: An error occurred while saving the entity changes. See the inner exception for details.
 ---> Npgsql.PostgresException (0x80004005): 23503: insert or update on table "CrmSupportTickets" violates foreign key constraint "FK_CrmSupportTickets_CrmCustomers_CustomerId"

DETAIL: Detail redacted as it may contain sensitive data. Specify 'Include Error Detail' in the connection string to include this information.
   at Npgsql.Internal.NpgsqlConnector.ReadMessageLong(Boolean async, DataRowLoadingMode dataRowLoadingMode, Boolean readingNotifications, Boolean isReadingPrependedMessage)
   at System.Runtime.CompilerServices.PoolingAsyncValueTaskMethodBuilder`1.StateMachineBox`1.System.Threading.Tasks.Sources.IValueTaskSource<TResult>.GetResult(Int16 token)
   at Npgsql.NpgsqlDataReader.NextResult(Boolean async, Boolean isConsuming, CancellationToken cancellationToken)
   at Npgsql.NpgsqlDataReader.NextResult(Boolean async, Boolean isConsuming, CancellationToken cancellationToken)
   at Npgsql.NpgsqlCommand.ExecuteReader(Boolean async, CommandBehavior behavior, CancellationToken cancellationToken)
   at Npgsql.NpgsqlCommand.ExecuteReader(Boolean async, CommandBehavior behavior, CancellationToken cancellationToken)
   at Npgsql.NpgsqlCommand.ExecuteDbDataReaderAsync(CommandBehavior behavior, CancellationToken cancellationToken)
   at Microsoft.EntityFrameworkCore.Storage.RelationalCommand.ExecuteReaderAsync(RelationalCommandParameterObject parameterObject, CancellationToken cancellationToken)
   at Microsoft.EntityFrameworkCore.Storage.RelationalCommand.ExecuteReaderAsync(RelationalCommandParameterObject parameterObject, CancellationToken cancellationToken)
   at Microsoft.EntityFrameworkCore.Update.ReaderModificationCommandBatch.ExecuteAsync(IRelationalConnection connection, CancellationToken cancellationToken)
  Exception data:
    Severity: ERROR
    SqlState: 23503
    MessageText: insert or update on table "CrmSupportTickets" violates foreign key constraint "FK_CrmSupportTickets_CrmCustomers_CustomerId"
    Detail: Detail redacted as it may contain sensitive data. Specify 'Include Error Detail' in the connection string to include this information.
    SchemaName: public
    TableName: CrmSupportTickets
    ConstraintName: FK_CrmSupportTickets_CrmCustomers_CustomerId
    File: ri_triggers.c
    Line: 2783
    Routine: ri_ReportViolation
   --- End of inner exception stack trace ---
   at Microsoft.EntityFrameworkCore.Update.ReaderModificationCommandBatch.ExecuteAsync(IRelationalConnection connection, CancellationToken cancellationToken)
   at Microsoft.EntityFrameworkCore.Update.Internal.BatchExecutor.ExecuteAsync(IEnumerable`1 commandBatches, IRelationalConnection connection, CancellationToken cancellationToken)
   at Microsoft.EntityFrameworkCore.Update.Internal.BatchExecutor.ExecuteAsync(IEnumerable`1 commandBatches, IRelationalConnection connection, CancellationToken cancellationToken)
   at Microsoft.EntityFrameworkCore.Update.Internal.BatchExecutor.ExecuteAsync(IEnumerable`1 commandBatches, IRelationalConnection connection, CancellationToken cancellationToken)
   at Microsoft.EntityFrameworkCore.Storage.RelationalDatabase.SaveChangesAsync(IList`1 entries, CancellationToken cancellationToken)
   at Microsoft.EntityFrameworkCore.ChangeTracking.Internal.StateManager.SaveChangesAsync(IList`1 entriesToSave, CancellationToken cancellationToken)
   at Microsoft.EntityFrameworkCore.ChangeTracking.Internal.StateManager.SaveChangesAsync(StateManager stateManager, Boolean acceptAllChangesOnSuccess, CancellationToken cancellationToken)
   at Npgsql.EntityFrameworkCore.PostgreSQL.Storage.Internal.NpgsqlExecutionStrategy.ExecuteAsync[TState,TResult](TState state, Func`4 operation, Func`4 verifySucceeded, CancellationToken cancellationToken)
   at Microsoft.EntityFrameworkCore.DbContext.SaveChangesAsync(Boolean acceptAllChangesOnSuccess, CancellationToken cancellationToken)
[16:16:33 ERR] Database migration or seed failed. Check PostgreSQL is running and ConnectionStrings:DefaultConnection is correct.
Microsoft.EntityFrameworkCore.DbUpdateException: An error occurred while saving the entity changes. See the inner exception for details.
 ---> Npgsql.PostgresException (0x80004005): 23503: insert or update on table "CrmSupportTickets" violates foreign key constraint "FK_CrmSupportTickets_CrmCustomers_CustomerId"

DETAIL: Detail redacted as it may contain sensitive data. Specify 'Include Error Detail' in the connection string to include this information.
   at Npgsql.Internal.NpgsqlConnector.ReadMessageLong(Boolean async, DataRowLoadingMode dataRowLoadingMode, Boolean readingNotifications, Boolean isReadingPrependedMessage)
   at System.Runtime.CompilerServices.PoolingAsyncValueTaskMethodBuilder`1.StateMachineBox`1.System.Threading.Tasks.Sources.IValueTaskSource<TResult>.GetResult(Int16 token)
   at Npgsql.NpgsqlDataReader.NextResult(Boolean async, Boolean isConsuming, CancellationToken cancellationToken)
   at Npgsql.NpgsqlDataReader.NextResult(Boolean async, Boolean isConsuming, CancellationToken cancellationToken)
   at Npgsql.NpgsqlCommand.ExecuteReader(Boolean async, CommandBehavior behavior, CancellationToken cancellationToken)
   at Npgsql.NpgsqlCommand.ExecuteReader(Boolean async, CommandBehavior behavior, CancellationToken cancellationToken)
   at Npgsql.NpgsqlCommand.ExecuteDbDataReaderAsync(CommandBehavior behavior, CancellationToken cancellationToken)
   at Microsoft.EntityFrameworkCore.Storage.RelationalCommand.ExecuteReaderAsync(RelationalCommandParameterObject parameterObject, CancellationToken cancellationToken)
   at Microsoft.EntityFrameworkCore.Storage.RelationalCommand.ExecuteReaderAsync(RelationalCommandParameterObject parameterObject, CancellationToken cancellationToken)
   at Microsoft.EntityFrameworkCore.Update.ReaderModificationCommandBatch.ExecuteAsync(IRelationalConnection connection, CancellationToken cancellationToken)
  Exception data:
    Severity: ERROR
    SqlState: 23503
    MessageText: insert or update on table "CrmSupportTickets" violates foreign key constraint "FK_CrmSupportTickets_CrmCustomers_CustomerId"
    Detail: Detail redacted as it may contain sensitive data. Specify 'Include Error Detail' in the connection string to include this information.
    SchemaName: public
    TableName: CrmSupportTickets
    ConstraintName: FK_CrmSupportTickets_CrmCustomers_CustomerId
    File: ri_triggers.c
    Line: 2783
    Routine: ri_ReportViolation
   --- End of inner exception stack trace ---
   at Microsoft.EntityFrameworkCore.Update.ReaderModificationCommandBatch.ExecuteAsync(IRelationalConnection connection, CancellationToken cancellationToken)
   at Microsoft.EntityFrameworkCore.Update.Internal.BatchExecutor.ExecuteAsync(IEnumerable`1 commandBatches, IRelationalConnection connection, CancellationToken cancellationToken)
   at Microsoft.EntityFrameworkCore.Update.Internal.BatchExecutor.ExecuteAsync(IEnumerable`1 commandBatches, IRelationalConnection connection, CancellationToken cancellationToken)
   at Microsoft.EntityFrameworkCore.Update.Internal.BatchExecutor.ExecuteAsync(IEnumerable`1 commandBatches, IRelationalConnection connection, CancellationToken cancellationToken)
   at Microsoft.EntityFrameworkCore.Storage.RelationalDatabase.SaveChangesAsync(IList`1 entries, CancellationToken cancellationToken)
   at Microsoft.EntityFrameworkCore.ChangeTracking.Internal.StateManager.SaveChangesAsync(IList`1 entriesToSave, CancellationToken cancellationToken)
   at Microsoft.EntityFrameworkCore.ChangeTracking.Internal.StateManager.SaveChangesAsync(StateManager stateManager, Boolean acceptAllChangesOnSuccess, CancellationToken cancellationToken)
   at Npgsql.EntityFrameworkCore.PostgreSQL.Storage.Internal.NpgsqlExecutionStrategy.ExecuteAsync[TState,TResult](TState state, Func`4 operation, Func`4 verifySucceeded, CancellationToken cancellationToken)
   at Microsoft.EntityFrameworkCore.DbContext.SaveChangesAsync(Boolean acceptAllChangesOnSuccess, CancellationToken cancellationToken)
   at Microsoft.EntityFrameworkCore.DbContext.SaveChangesAsync(Boolean acceptAllChangesOnSuccess, CancellationToken cancellationToken)
   at Biktal.Infrastructure.Persistence.CrmDataSeeder.SeedIfEmptyAsync(ApplicationDbContext db, CancellationToken cancellationToken)
   at Program.<Main>$(String[] args) in d:\Systems\BiktalSystems\Program.cs:line 71
[16:16:33 WRN] Continuing without a successful migration/seed. Auth and data pages may fail until the database is available.
[16:16:33 WRN] Using an in-memory repository. Keys will not be persisted to storage.
[16:16:33 WRN] Neither user profile nor HKLM registry available. Using an ephemeral key repository. Protected data will be unavailable when application exits.
[16:16:33 WRN] No XML encryptor configured. Key {4935b6a7-cb15-4e37-af9d-246acb438097} may be persisted to storage in unencrypted form.
[16:16:34 INF] Application started. Press Ctrl+C to shut down.
[16:16:34 INF] Hosting environment: Production
[16:16:34 INF] Content root path: D:\Systems\BiktalSystems\publish
[16:16:34 INF] HTTP GET /Inventory/Products responded 302 in 103.1040 ms
[16:16:34 INF] HTTP GET /Inventory/Products responded 302 in 102.7191 ms
[16:16:34 ERR] An exception was thrown while deserializing the token.
Microsoft.AspNetCore.Antiforgery.AntiforgeryValidationException: The antiforgery token could not be decrypted.
 ---> System.Security.Cryptography.CryptographicException: The key {d86c5d9c-69b7-4686-a4c6-3cd5f2e70a19} was not found in the key ring. For more information go to https://aka.ms/aspnet/dataprotectionwarning
   at Microsoft.AspNetCore.DataProtection.KeyManagement.KeyRingBasedDataProtector.UnprotectCore(Byte[] protectedData, Boolean allowOperationsOnRevokedKeys, UnprotectStatus& status)
   at Microsoft.AspNetCore.DataProtection.KeyManagement.KeyRingBasedDataProtector.Unprotect(Byte[] protectedData)
   at Microsoft.AspNetCore.Antiforgery.DefaultAntiforgeryTokenSerializer.Deserialize(String serializedToken)
   --- End of inner exception stack trace ---
   at Microsoft.AspNetCore.Antiforgery.DefaultAntiforgeryTokenSerializer.Deserialize(String serializedToken)
   at Microsoft.AspNetCore.Antiforgery.DefaultAntiforgery.GetCookieTokenDoesNotThrow(HttpContext httpContext)
[16:16:34 INF] HTTP GET /Account/Login responded 200 in 253.6419 ms
[16:16:34 INF] HTTP GET /lib/jquery-validation/dist/jquery.validate.min.js responded 200 in 85.7281 ms
[16:16:34 INF] HTTP GET /js/site.js responded 200 in 86.2940 ms
[16:16:34 INF] HTTP GET /Biktal.WebMVC.styles.css responded 200 in 89.0900 ms
[16:16:34 INF] HTTP GET /lib/jquery-validation-unobtrusive/dist/jquery.validate.unobtrusive.min.js responded 200 in 55.2960 ms
[16:16:34 INF] HTTP GET /lib/bootstrap/dist/js/bootstrap.bundle.min.js responded 200 in 89.3792 ms
[16:16:34 INF] HTTP GET /css/site.css responded 200 in 101.4321 ms
[16:16:34 INF] HTTP GET /lib/jquery/dist/jquery.min.js responded 200 in 90.7894 ms
[16:16:34 INF] HTTP GET /lib/bootstrap/dist/css/bootstrap.min.css responded 200 in 101.9404 ms
[16:16:53 INF] HTTP POST /Account/Login responded 302 in 583.9408 ms
[16:16:54 INF] HTTP GET /Inventory/Products responded 200 in 487.4249 ms
[16:16:54 INF] HTTP GET /Biktal.WebMVC.styles.css responded 304 in 13.3135 ms
[16:16:54 INF] HTTP GET /lib/bootstrap/dist/css/bootstrap.min.css responded 304 in 17.9746 ms
[16:16:54 INF] HTTP GET /css/site.css responded 304 in 13.8214 ms
[16:16:54 INF] HTTP GET /lib/jquery-validation/dist/jquery.validate.min.js responded 304 in 32.5077 ms
[16:16:54 INF] HTTP GET /lib/jquery/dist/jquery.min.js responded 304 in 67.7648 ms
[16:16:54 INF] HTTP GET /js/site.js responded 304 in 32.8086 ms
[16:16:54 INF] HTTP GET /lib/jquery-validation-unobtrusive/dist/jquery.validate.unobtrusive.min.js responded 304 in 23.2564 ms
[16:16:54 INF] HTTP GET /js/products-catalog-filter.js responded 200 in 10.0305 ms
[16:16:55 INF] HTTP GET /lib/bootstrap/dist/js/bootstrap.bundle.min.js responded 304 in 101.8687 ms
[16:29:13 INF] HTTP POST /Inventory/AddProduct responded 302 in 249.2517 ms
[16:29:14 INF] HTTP GET /Inventory/Products responded 200 in 190.0923 ms
[16:29:14 INF] HTTP GET /css/site.css responded 200 in 2.4119 ms
[16:29:14 INF] HTTP GET /lib/bootstrap/dist/css/bootstrap.min.css responded 200 in 2.9629 ms
[16:29:14 INF] HTTP GET /Biktal.WebMVC.styles.css responded 200 in 1.7008 ms
[16:29:15 INF] HTTP GET /lib/jquery/dist/jquery.min.js responded 200 in 1.6469 ms
[16:29:15 INF] HTTP GET /js/site.js responded 200 in 2.3204 ms
[16:29:15 INF] HTTP GET /lib/bootstrap/dist/js/bootstrap.bundle.min.js responded 200 in 1.2779 ms
[16:29:15 INF] HTTP GET /lib/jquery-validation/dist/jquery.validate.min.js responded 200 in 3.5791 ms
[16:29:15 INF] HTTP GET /lib/jquery-validation-unobtrusive/dist/jquery.validate.unobtrusive.min.js responded 200 in 2.2850 ms
[16:29:15 INF] HTTP GET /js/products-catalog-filter.js responded 200 in 1.4183 ms
[16:30:16 INF] HTTP POST /Inventory/AddProduct responded 302 in 27.8819 ms
[16:30:16 INF] HTTP GET /Inventory/Products responded 200 in 63.6421 ms
[16:30:16 INF] HTTP GET /css/site.css responded 200 in 4.8988 ms
[16:30:16 INF] HTTP GET /Biktal.WebMVC.styles.css responded 200 in 1.6915 ms
[16:30:16 INF] HTTP GET /lib/bootstrap/dist/css/bootstrap.min.css responded 200 in 1.5991 ms
[16:30:17 INF] HTTP GET /lib/jquery/dist/jquery.min.js responded 304 in 0.7167 ms
[16:30:17 INF] HTTP GET /lib/jquery-validation-unobtrusive/dist/jquery.validate.unobtrusive.min.js responded 304 in 0.7008 ms
[16:30:17 INF] HTTP GET /lib/bootstrap/dist/js/bootstrap.bundle.min.js responded 304 in 0.7525 ms
[16:30:17 INF] HTTP GET /lib/jquery-validation/dist/jquery.validate.min.js responded 304 in 0.5780 ms
[16:30:17 INF] HTTP GET /js/site.js responded 304 in 0.9932 ms
[16:30:17 INF] HTTP GET /js/products-catalog-filter.js responded 304 in 1.6509 ms
[16:31:37 INF] HTTP POST /Inventory/AddProduct responded 302 in 21.8709 ms
[16:31:37 INF] HTTP GET /Inventory/Products responded 200 in 80.3238 ms
[16:31:37 INF] HTTP GET /lib/bootstrap/dist/css/bootstrap.min.css responded 200 in 1.5381 ms
[16:31:37 INF] HTTP GET /css/site.css responded 200 in 1.1113 ms
[16:31:37 INF] HTTP GET /Biktal.WebMVC.styles.css responded 200 in 1.1218 ms
[16:31:38 INF] HTTP GET /lib/jquery/dist/jquery.min.js responded 200 in 3.1276 ms
[16:31:38 INF] HTTP GET /js/site.js responded 200 in 0.8409 ms
[16:31:38 INF] HTTP GET /lib/bootstrap/dist/js/bootstrap.bundle.min.js responded 200 in 1.3764 ms
[16:31:38 INF] HTTP GET /lib/jquery-validation-unobtrusive/dist/jquery.validate.unobtrusive.min.js responded 200 in 1.1101 ms
[16:31:38 INF] HTTP GET /lib/jquery-validation/dist/jquery.validate.min.js responded 200 in 7.0056 ms
[16:31:38 INF] HTTP GET /js/products-catalog-filter.js responded 200 in 8.0049 ms
[16:39:53 INF] HTTP GET /Crm responded 200 in 158.6073 ms
[16:39:53 INF] HTTP GET /lib/bootstrap/dist/css/bootstrap.min.css responded 200 in 2.9381 ms
[16:39:53 INF] HTTP GET /css/site.css responded 200 in 1.3662 ms
[16:39:53 INF] HTTP GET /Biktal.WebMVC.styles.css responded 200 in 2.6028 ms
[16:39:53 INF] HTTP GET /lib/jquery/dist/jquery.min.js responded 200 in 9.8065 ms
[16:39:53 INF] HTTP GET /lib/bootstrap/dist/js/bootstrap.bundle.min.js responded 200 in 3.1835 ms
[16:39:53 INF] HTTP GET /js/site.js responded 200 in 2.8803 ms
[16:41:24 WRN] The query uses the 'First'/'FirstOrDefault' operator without 'OrderBy' and filter operators. This may lead to unpredictable results.
[16:41:24 INF] HTTP GET /Pos responded 200 in 67.1621 ms
[16:41:24 INF] HTTP GET /css/site.css responded 200 in 1.3355 ms
[16:41:24 INF] HTTP GET /Biktal.WebMVC.styles.css responded 200 in 1.1681 ms
[16:41:24 INF] HTTP GET /lib/jquery/dist/jquery.min.js responded 200 in 2.5513 ms
[16:41:24 INF] HTTP GET /lib/bootstrap/dist/js/bootstrap.bundle.min.js responded 200 in 3.8369 ms
[16:41:24 INF] HTTP GET /js/site.js responded 200 in 1.1182 ms
[16:41:24 INF] HTTP GET /js/pos.js responded 200 in 1.4859 ms
[16:41:24 INF] HTTP GET /lib/bootstrap/dist/css/bootstrap.min.css responded 200 in 1.6357 ms
[16:44:50 INF] HTTP GET /Inventory responded 200 in 103.4676 ms
[16:44:50 INF] HTTP GET /css/site.css responded 200 in 5.2725 ms
[16:44:50 INF] HTTP GET /Biktal.WebMVC.styles.css responded 200 in 2.3271 ms
[16:44:50 INF] HTTP GET /lib/jquery/dist/jquery.min.js responded 200 in 11.2914 ms
[16:44:50 INF] HTTP GET /js/site.js responded 200 in 9.4484 ms
[16:44:50 INF] HTTP GET /lib/bootstrap/dist/css/bootstrap.min.css responded 200 in 19.7956 ms
[16:44:50 INF] HTTP GET /lib/bootstrap/dist/js/bootstrap.bundle.min.js responded 200 in 1.2899 ms
[16:44:52 INF] HTTP GET /Inventory/Products responded 200 in 73.9124 ms
[16:44:52 INF] HTTP GET /Biktal.WebMVC.styles.css responded 304 in 0.9740 ms
[16:44:52 INF] HTTP GET /lib/bootstrap/dist/css/bootstrap.min.css responded 304 in 0.7501 ms
[16:44:52 INF] HTTP GET /css/site.css responded 304 in 0.5599 ms
[16:44:53 INF] HTTP GET /lib/jquery/dist/jquery.min.js responded 304 in 0.3470 ms
[16:44:53 INF] HTTP GET /lib/bootstrap/dist/js/bootstrap.bundle.min.js responded 304 in 0.4993 ms
[16:44:53 INF] HTTP GET /js/site.js responded 304 in 0.5546 ms
[16:44:53 INF] HTTP GET /lib/jquery-validation-unobtrusive/dist/jquery.validate.unobtrusive.min.js responded 200 in 0.8920 ms
[16:44:53 INF] HTTP GET /lib/jquery-validation/dist/jquery.validate.min.js responded 200 in 1.8232 ms
[16:44:53 INF] HTTP GET /js/products-catalog-filter.js responded 200 in 2.2371 ms
[16:46:29 INF] HTTP GET /Inventory/Products responded 200 in 238.1947 ms
[16:46:29 INF] HTTP GET /css/site.css responded 200 in 1.1579 ms
[16:46:29 INF] HTTP GET /lib/bootstrap/dist/css/bootstrap.min.css responded 200 in 1.0538 ms
[16:46:29 INF] HTTP GET /Biktal.WebMVC.styles.css responded 200 in 7.3898 ms
[16:46:30 INF] HTTP GET /lib/jquery/dist/jquery.min.js responded 200 in 1.1813 ms
[16:46:30 INF] HTTP GET /js/site.js responded 200 in 1.2260 ms
[16:46:30 INF] HTTP GET /lib/bootstrap/dist/js/bootstrap.bundle.min.js responded 200 in 1.3761 ms
[16:46:30 INF] HTTP GET /lib/jquery-validation/dist/jquery.validate.min.js responded 200 in 3.3962 ms
[16:46:30 INF] HTTP GET /lib/jquery-validation-unobtrusive/dist/jquery.validate.unobtrusive.min.js responded 200 in 0.8853 ms
[16:46:30 INF] HTTP GET /js/products-catalog-filter.js responded 200 in 0.8145 ms
[16:46:35 INF] HTTP POST /Inventory/EditProduct responded 302 in 55.2270 ms
[16:46:35 INF] HTTP GET /Inventory/Products responded 200 in 66.7138 ms
[16:46:35 INF] HTTP GET /Biktal.WebMVC.styles.css responded 304 in 0.4673 ms
[16:46:35 INF] HTTP GET /css/site.css responded 304 in 47.9288 ms
[16:46:35 INF] HTTP GET /lib/bootstrap/dist/css/bootstrap.min.css responded 304 in 1.1912 ms
[16:46:36 INF] HTTP GET /lib/jquery/dist/jquery.min.js responded 304 in 0.3565 ms
[16:46:36 INF] HTTP GET /lib/bootstrap/dist/js/bootstrap.bundle.min.js responded 304 in 0.5479 ms
[16:46:36 INF] HTTP GET /lib/jquery-validation/dist/jquery.validate.min.js responded 304 in 0.3616 ms
[16:46:36 INF] HTTP GET /js/site.js responded 304 in 0.3714 ms
[16:46:36 INF] HTTP GET /js/products-catalog-filter.js responded 304 in 0.3892 ms
[16:46:36 INF] HTTP GET /lib/jquery-validation-unobtrusive/dist/jquery.validate.unobtrusive.min.js responded 304 in 0.2998 ms
[16:46:47 INF] HTTP GET /Inventory/Products responded 200 in 74.1789 ms
[16:46:47 INF] HTTP GET /lib/bootstrap/dist/css/bootstrap.min.css responded 200 in 1.6575 ms
[16:46:47 INF] HTTP GET /Biktal.WebMVC.styles.css responded 304 in 1.3077 ms
[16:46:47 INF] HTTP GET /css/site.css responded 304 in 0.6167 ms
[16:46:48 INF] HTTP GET /lib/jquery/dist/jquery.min.js responded 304 in 0.2680 ms
[16:46:48 INF] HTTP GET /lib/bootstrap/dist/js/bootstrap.bundle.min.js responded 304 in 0.4645 ms
[16:46:48 INF] HTTP GET /js/site.js responded 304 in 0.4088 ms
[16:46:48 INF] HTTP GET /lib/jquery-validation/dist/jquery.validate.min.js responded 304 in 0.3512 ms
[16:46:48 INF] HTTP GET /lib/jquery-validation-unobtrusive/dist/jquery.validate.unobtrusive.min.js responded 304 in 0.5373 ms
[16:46:48 INF] HTTP GET /js/products-catalog-filter.js responded 304 in 0.4647 ms
[16:46:51 INF] HTTP POST /Inventory/EditProduct responded 302 in 11.0429 ms
[16:46:51 INF] HTTP GET /Inventory/Products responded 200 in 59.6168 ms
[16:46:52 INF] HTTP GET /lib/bootstrap/dist/css/bootstrap.min.css responded 304 in 0.3999 ms
[16:46:52 INF] HTTP GET /css/site.css responded 304 in 0.5429 ms
[16:46:52 INF] HTTP GET /Biktal.WebMVC.styles.css responded 304 in 1.5860 ms
[16:46:52 INF] HTTP GET /lib/jquery/dist/jquery.min.js responded 304 in 1.7295 ms
[16:46:52 INF] HTTP GET /js/site.js responded 304 in 0.8591 ms
[16:46:52 INF] HTTP GET /lib/bootstrap/dist/js/bootstrap.bundle.min.js responded 304 in 1.9743 ms
[16:46:52 INF] HTTP GET /lib/jquery-validation/dist/jquery.validate.min.js responded 304 in 0.4754 ms
[16:46:52 INF] HTTP GET /lib/jquery-validation-unobtrusive/dist/jquery.validate.unobtrusive.min.js responded 304 in 0.5189 ms
[16:46:52 INF] HTTP GET /js/products-catalog-filter.js responded 304 in 0.8826 ms
[16:46:58 INF] HTTP GET /Pos responded 200 in 64.5286 ms
[16:46:58 INF] HTTP GET /lib/bootstrap/dist/css/bootstrap.min.css responded 304 in 0.3896 ms
[16:46:58 INF] HTTP GET /css/site.css responded 304 in 0.6768 ms
[16:46:58 INF] HTTP GET /Biktal.WebMVC.styles.css responded 304 in 0.6155 ms
[16:46:58 INF] HTTP GET /lib/jquery/dist/jquery.min.js responded 304 in 0.5482 ms
[16:46:58 INF] HTTP GET /lib/bootstrap/dist/js/bootstrap.bundle.min.js responded 304 in 0.9085 ms
[16:46:58 INF] HTTP GET /js/site.js responded 304 in 0.6014 ms
[16:46:58 INF] HTTP GET /js/pos.js responded 200 in 1.0856 ms
[17:07:39 INF] Application is shutting down...
