[13:14:02 WRN] Using an in-memory repository. Keys will not be persisted to storage.
[13:14:02 WRN] Neither user profile nor HKLM registry available. Using an ephemeral key repository. Protected data will be unavailable when application exits.
[13:14:02 WRN] No XML encryptor configured. Key {ba28d755-e40d-4f66-ab1d-ae650c234a0b} may be persisted to storage in unencrypted form.
[13:14:02 INF] Application started. Press Ctrl+C to shut down.
[13:14:02 INF] Hosting environment: Production
[13:14:02 INF] Content root path: D:\Systems\BiktalSystems\publish
[13:14:03 WRN] The query uses the 'First'/'FirstOrDefault' operator without 'OrderBy' and filter operators. This may lead to unpredictable results.
[13:14:03 ERR] An exception was thrown while deserializing the token.
Microsoft.AspNetCore.Antiforgery.AntiforgeryValidationException: The antiforgery token could not be decrypted.
 ---> System.Security.Cryptography.CryptographicException: The key {a6dc9365-4cd0-423d-845a-b7b520e2bf13} was not found in the key ring. For more information go to https://aka.ms/aspnet/dataprotectionwarning
   at Microsoft.AspNetCore.DataProtection.KeyManagement.KeyRingBasedDataProtector.UnprotectCore(Byte[] protectedData, Boolean allowOperationsOnRevokedKeys, UnprotectStatus& status)
   at Microsoft.AspNetCore.DataProtection.KeyManagement.KeyRingBasedDataProtector.Unprotect(Byte[] protectedData)
   at Microsoft.AspNetCore.Antiforgery.DefaultAntiforgeryTokenSerializer.Deserialize(String serializedToken)
   --- End of inner exception stack trace ---
   at Microsoft.AspNetCore.Antiforgery.DefaultAntiforgeryTokenSerializer.Deserialize(String serializedToken)
   at Microsoft.AspNetCore.Antiforgery.DefaultAntiforgery.GetCookieTokenDoesNotThrow(HttpContext httpContext)
[13:14:03 INF] HTTP GET / responded 200 in 399.0692 ms
[13:14:03 INF] HTTP GET /css/site.css responded 200 in 29.9187 ms
[13:14:03 INF] HTTP GET /Biktal.WebMVC.styles.css responded 200 in 30.3955 ms
[13:14:03 INF] HTTP GET /lib/bootstrap/dist/css/bootstrap.min.css responded 200 in 34.0443 ms
[13:14:03 INF] HTTP GET /js/site.js responded 200 in 30.3295 ms
[13:14:03 INF] HTTP GET /js/pos.js responded 200 in 31.7404 ms
[13:14:03 INF] HTTP GET /lib/bootstrap/dist/js/bootstrap.bundle.min.js responded 200 in 34.7302 ms
[13:14:03 INF] HTTP GET /lib/jquery/dist/jquery.min.js responded 200 in 39.6073 ms
[13:14:23 INF] HTTP POST /Pos/CompleteSale responded 200 in 973.4530 ms
[13:23:58 INF] HTTP POST /Pos/CompleteSale responded 200 in 173.5298 ms
[13:33:55 INF] HTTP GET /Insights responded 302 in 10.8169 ms
[13:33:55 INF] HTTP GET /Insights/Daily responded 200 in 292.3343 ms
[13:33:55 INF] HTTP GET /Biktal.WebMVC.styles.css responded 200 in 0.9589 ms
[13:33:55 INF] HTTP GET /css/site.css responded 200 in 3.8750 ms
[13:33:55 INF] HTTP GET /lib/bootstrap/dist/css/bootstrap.min.css responded 200 in 1.7054 ms
[13:33:55 INF] HTTP GET /lib/jquery/dist/jquery.min.js responded 200 in 32.9360 ms
[13:33:55 INF] HTTP GET /js/site.js responded 200 in 29.8899 ms
[13:33:56 INF] HTTP GET /lib/bootstrap/dist/js/bootstrap.bundle.min.js responded 200 in 174.7427 ms
[13:33:59 INF] HTTP GET /Insights/Monthly responded 200 in 61.3249 ms
[13:33:59 INF] HTTP GET /lib/bootstrap/dist/css/bootstrap.min.css responded 200 in 10.8276 ms
[13:33:59 INF] HTTP GET /css/site.css responded 200 in 3.1303 ms
[13:33:59 INF] HTTP GET /Biktal.WebMVC.styles.css responded 200 in 3.9244 ms
[13:33:59 INF] HTTP GET /lib/jquery/dist/jquery.min.js responded 304 in 5.7956 ms
[13:33:59 INF] HTTP GET /js/site.js responded 304 in 0.8339 ms
[13:33:59 INF] HTTP GET /lib/bootstrap/dist/js/bootstrap.bundle.min.js responded 304 in 0.3457 ms
[13:54:50 INF] Application is shutting down...
